Java HotSpot(TM) 64-Bit Server VM (25.102-b14) for linux-amd64 JRE (1.8.0_102-b14), built on Jun 22 2016 18:43:17 by "java_re" with gcc 4.3.0 20080428 (Red Hat 4.3.0-8)
Memory: 4k page, physical 131474080k(12159076k free), swap 16777212k(16754276k free)
CommandLine flags: -XX:-BytecodeVerificationLocal -XX:-BytecodeVerificationRemote -XX:+DisableExplicitGC -XX:+HeapDumpOnOutOfMemoryError -XX:HeapDumpPath=/com/acme/log -XX:InitialHeapSize=2147483648 -XX:MaxGCPauseMillis=200 -XX:MaxHeapSize=2147483648 -XX:MaxMetaspaceSize=268435456 -XX:MetaspaceSize=268435456 -XX:+ParallelRefProcEnabled -XX:+PrintGC -XX:+PrintGCApplicationStoppedTime -XX:+PrintGCCause -XX:+PrintGCDateStamps -XX:+PrintGCDetails -XX:+PrintGCTimeStamps -XX:+PrintReferenceGC -XX:+PrintTenuringDistribution -XX:ThreadStackSize=256 -XX:+UseCompressedClassPointers -XX:+UseCompressedOops -XX:+UseG1GC -XX:+UseMontgomeryMultiplyIntrinsic -XX:+UseMontgomerySquareIntrinsic -XX:+UseStringDeduplication 
2016-11-15T05:30:03.061+0100: 0.253: Total time for which application threads were stopped: 0.0002092 seconds, Stopping threads took: 0.0000574 seconds
2016-11-15T05:30:03.488+0100: 0.680: Total time for which application threads were stopped: 0.0003070 seconds, Stopping threads took: 0.0000534 seconds
2016-11-15T05:30:03.493+0100: 0.686: Total time for which application threads were stopped: 0.0000938 seconds, Stopping threads took: 0.0000276 seconds
2016-11-15T05:30:03.650+0100: 0.842: Total time for which application threads were stopped: 0.0002841 seconds, Stopping threads took: 0.0000574 seconds
2016-11-15T05:30:04.111+0100: 1.304: Total time for which application threads were stopped: 0.0003669 seconds, Stopping threads took: 0.0000482 seconds
2016-11-15T05:30:04.363+0100: 1.556: Total time for which application threads were stopped: 0.0004818 seconds, Stopping threads took: 0.0000485 seconds
2016-11-15T05:30:04.383+0100: 1.576: Total time for which application threads were stopped: 0.0001915 seconds, Stopping threads took: 0.0000415 seconds
2016-11-15T05:30:04.661+0100: 1.854: Total time for which application threads were stopped: 0.0006638 seconds, Stopping threads took: 0.0001291 seconds
2016-11-15T05:30:04.973+0100: 2.165: Total time for which application threads were stopped: 0.0008182 seconds, Stopping threads took: 0.0000918 seconds
2016-11-15T05:30:05.098+0100: 2.291: [GC pause (G1 Evacuation Pause) (young)
Desired survivor size 6815744 bytes, new threshold 15 (max 15)
2016-11-15T05:30:05.119+0100: 2.311: [SoftReference, 0 refs, 0.0058266 secs]2016-11-15T05:30:05.125+0100: 2.317: [WeakReference, 168 refs, 0.0037392 secs]2016-11-15T05:30:05.128+0100: 2.321: [FinalReference, 3177 refs, 0.0063669 secs]2016-11-15T05:30:05.135+0100: 2.327: [PhantomReference, 0 refs, 0 refs, 0.0068003 secs]2016-11-15T05:30:05.141+0100: 2.334: [JNI Weak Reference, 0.0000143 secs], 0.0491914 secs]
   [Parallel Time: 16.8 ms, GC Workers: 43]
      [GC Worker Start (ms): Min: 2291.0, Avg: 2296.0, Max: 2303.3, Diff: 12.3]
      [Ext Root Scanning (ms): Min: 0.0, Avg: 0.9, Max: 3.6, Diff: 3.6, Sum: 36.7]
      [Update RS (ms): Min: 0.0, Avg: 0.0, Max: 0.0, Diff: 0.0, Sum: 0.1]
         [Processed Buffers: Min: 0, Avg: 0.0, Max: 0, Diff: 0, Sum: 0]
      [Scan RS (ms): Min: 0.0, Avg: 0.0, Max: 0.1, Diff: 0.1, Sum: 1.1]
      [Code Root Scanning (ms): Min: 0.0, Avg: 2.2, Max: 13.6, Diff: 13.6, Sum: 96.5]
      [Object Copy (ms): Min: 0.0, Avg: 7.6, Max: 13.6, Diff: 13.5, Sum: 328.3]
      [Termination (ms): Min: 0.0, Avg: 0.4, Max: 0.5, Diff: 0.5, Sum: 16.4]
         [Termination Attempts: Min: 1, Avg: 40.9, Max: 79, Diff: 78, Sum: 1758]
      [GC Worker Other (ms): Min: 0.0, Avg: 0.1, Max: 0.3, Diff: 0.3, Sum: 5.6]
      [GC Worker Total (ms): Min: 4.1, Avg: 11.3, Max: 16.4, Diff: 12.3, Sum: 484.7]
      [GC Worker End (ms): Min: 2307.2, Avg: 2307.3, Max: 2307.5, Diff: 0.3]
   [Code Root Fixup: 0.4 ms]
   [Code Root Purge: 0.0 ms]
   [String Dedup Fixup: 1.7 ms, GC Workers: 43]
      [Queue Fixup (ms): Min: 0.0, Avg: 0.0, Max: 0.0, Diff: 0.0, Sum: 0.1]
      [Table Fixup (ms): Min: 0.0, Avg: 0.0, Max: 1.1, Diff: 1.1, Sum: 1.1]
   [Clear CT: 1.0 ms]
   [Other: 29.3 ms]
      [Choose CSet: 0.0 ms]
      [Ref Proc: 25.7 ms]
      [Ref Enq: 1.3 ms]
      [Redirty Cards: 1.0 ms]
      [Humongous Register: 0.2 ms]
      [Humongous Reclaim: 0.0 ms]
      [Free CSet: 0.6 ms]
   [Eden: 102.0M(102.0M)->0.0B(89.0M) Survivors: 0.0B->13.0M Heap: 102.0M(2048.0M)->13.6M(2048.0M)]
 [Times: user=0.64 sys=0.18, real=0.05 secs] 
2016-11-15T05:30:05.148+0100: 2.340: Total time for which application threads were stopped: 0.0502208 seconds, Stopping threads took: 0.0002459 seconds
2016-11-15T05:30:05.397+0100: 2.589: Total time for which application threads were stopped: 0.0008325 seconds, Stopping threads took: 0.0001062 seconds
2016-11-15T05:30:05.667+0100: 2.859: Total time for which application threads were stopped: 0.0008251 seconds, Stopping threads took: 0.0002635 seconds
2016-11-15T05:30:05.734+0100: 2.926: Total time for which application threads were stopped: 0.0010960 seconds, Stopping threads took: 0.0001478 seconds
2016-11-15T05:30:05.773+0100: 2.966: Total time for which application threads were stopped: 0.0013107 seconds, Stopping threads took: 0.0002748 seconds
2016-11-15T05:30:05.812+0100: 3.004: [GC pause (G1 Evacuation Pause) (young)
Desired survivor size 6815744 bytes, new threshold 15 (max 15)
- age   1:    5571960 bytes,    5571960 total
2016-11-15T05:30:05.844+0100: 3.037: [SoftReference, 0 refs, 0.0044542 secs]2016-11-15T05:30:05.849+0100: 3.041: [WeakReference, 329 refs, 0.0026446 secs]2016-11-15T05:30:05.851+0100: 3.044: [FinalReference, 4053 refs, 0.0165628 secs]2016-11-15T05:30:05.868+0100: 3.060: [PhantomReference, 0 refs, 0 refs, 0.0053385 secs]2016-11-15T05:30:05.873+0100: 3.066: [JNI Weak Reference, 0.0000127 secs], 0.0677878 secs]
   [Parallel Time: 29.6 ms, GC Workers: 43]
      [GC Worker Start (ms): Min: 3004.7, Avg: 3005.1, Max: 3005.5, Diff: 0.8]
      [Ext Root Scanning (ms): Min: 1.2, Avg: 1.7, Max: 5.4, Diff: 4.2, Sum: 73.4]
      [Update RS (ms): Min: 0.0, Avg: 0.0, Max: 0.1, Diff: 0.1, Sum: 0.6]
         [Processed Buffers: Min: 0, Avg: 0.4, Max: 5, Diff: 5, Sum: 17]
      [Scan RS (ms): Min: 0.0, Avg: 0.1, Max: 0.2, Diff: 0.2, Sum: 2.6]
      [Code Root Scanning (ms): Min: 0.0, Avg: 0.4, Max: 8.4, Diff: 8.4, Sum: 16.5]
      [Object Copy (ms): Min: 17.6, Avg: 25.5, Max: 26.3, Diff: 8.7, Sum: 1098.1]
      [Termination (ms): Min: 0.0, Avg: 0.7, Max: 0.9, Diff: 0.9, Sum: 28.0]
         [Termination Attempts: Min: 1, Avg: 152.0, Max: 200, Diff: 199, Sum: 6537]
      [GC Worker Other (ms): Min: 0.0, Avg: 0.1, Max: 0.3, Diff: 0.3, Sum: 5.2]
      [GC Worker Total (ms): Min: 28.0, Avg: 28.5, Max: 28.9, Diff: 1.0, Sum: 1224.6]
      [GC Worker End (ms): Min: 3033.5, Avg: 3033.6, Max: 3033.8, Diff: 0.3]
   [Code Root Fixup: 0.9 ms]
   [Code Root Purge: 0.1 ms]
   [String Dedup Fixup: 1.6 ms, GC Workers: 43]
      [Queue Fixup (ms): Min: 0.0, Avg: 0.0, Max: 0.0, Diff: 0.0, Sum: 0.1]
      [Table Fixup (ms): Min: 0.0, Avg: 0.0, Max: 1.0, Diff: 1.0, Sum: 2.0]
   [Clear CT: 1.1 ms]
   [Other: 34.5 ms]
      [Choose CSet: 0.0 ms]
      [Ref Proc: 30.6 ms]
      [Ref Enq: 1.4 ms]
      [Redirty Cards: 1.2 ms]
      [Humongous Register: 0.1 ms]
      [Humongous Reclaim: 0.0 ms]
      [Free CSet: 0.7 ms]
   [Eden: 89.0M(89.0M)->0.0B(110.0M) Survivors: 13.0M->13.0M Heap: 102.6M(2048.0M)->22.9M(2048.0M)]
 [Times: user=1.33 sys=0.50, real=0.06 secs] 
2016-11-15T05:30:05.880+0100: 3.072: Total time for which application threads were stopped: 0.0689967 seconds, Stopping threads took: 0.0002181 seconds
2016-11-15T05:30:05.882+0100: 3.074: [GC concurrent-string-deduplication, 116.9K->96.4K(20.5K), avg 17.5%, 0.0018690 secs]
2016-11-15T05:30:05.903+0100: 3.096: Total time for which application threads were stopped: 0.0015867 seconds, Stopping threads took: 0.0002955 seconds
2016-11-15T05:30:05.931+0100: 3.123: Total time for which application threads were stopped: 0.0013619 seconds, Stopping threads took: 0.0001874 seconds
2016-11-15T05:30:05.940+0100: 3.133: Total time for which application threads were stopped: 0.0015091 seconds, Stopping threads took: 0.0003910 seconds
2016-11-15T05:30:06.022+0100: 3.214: Total time for which application threads were stopped: 0.0021577 seconds, Stopping threads took: 0.0007454 seconds
2016-11-15T05:30:06.028+0100: 3.221: Total time for which application threads were stopped: 0.0014068 seconds, Stopping threads took: 0.0004316 seconds
2016-11-15T05:30:06.046+0100: 3.239: Total time for which application threads were stopped: 0.0016203 seconds, Stopping threads took: 0.0002285 seconds
2016-11-15T05:30:06.072+0100: 3.265: Total time for which application threads were stopped: 0.0016856 seconds, Stopping threads took: 0.0001317 seconds
2016-11-15T05:30:06.179+0100: 3.372: Total time for which application threads were stopped: 0.0015422 seconds, Stopping threads took: 0.0001714 seconds
2016-11-15T05:30:06.214+0100: 3.407: Total time for which application threads were stopped: 0.0017233 seconds, Stopping threads took: 0.0001932 seconds
2016-11-15T05:30:06.427+0100: 3.620: Total time for which application threads were stopped: 0.0023103 seconds, Stopping threads took: 0.0006634 seconds
2016-11-15T05:30:06.432+0100: 3.624: Total time for which application threads were stopped: 0.0014577 seconds, Stopping threads took: 0.0002212 seconds
2016-11-15T05:30:06.441+0100: 3.634: Total time for which application threads were stopped: 0.0016324 seconds, Stopping threads took: 0.0002894 seconds
2016-11-15T05:30:06.459+0100: 3.651: Total time for which application threads were stopped: 0.0017665 seconds, Stopping threads took: 0.0003416 seconds
2016-11-15T05:30:06.583+0100: 3.775: Total time for which application threads were stopped: 0.0016463 seconds, Stopping threads took: 0.0001215 seconds
2016-11-15T05:30:06.584+0100: 3.776: Total time for which application threads were stopped: 0.0007196 seconds, Stopping threads took: 0.0000872 seconds
2016-11-15T05:30:06.589+0100: 3.782: Total time for which application threads were stopped: 0.0008925 seconds, Stopping threads took: 0.0001253 seconds
2016-11-15T05:30:06.669+0100: 3.861: Total time for which application threads were stopped: 0.0007462 seconds, Stopping threads took: 0.0002089 seconds
2016-11-15T05:30:06.670+0100: 3.862: [GC pause (GCLocker Initiated GC) (young)
Desired survivor size 6815744 bytes, new threshold 2 (max 15)
- age   1:    5792920 bytes,    5792920 total
- age   2:    4713584 bytes,   10506504 total
2016-11-15T05:30:06.714+0100: 3.907: [SoftReference, 0 refs, 0.0052533 secs]2016-11-15T05:30:06.720+0100: 3.912: [WeakReference, 589 refs, 0.0030849 secs]2016-11-15T05:30:06.723+0100: 3.915: [FinalReference, 5135 refs, 0.0131927 secs]2016-11-15T05:30:06.736+0100: 3.928: [PhantomReference, 0 refs, 0 refs, 0.0063674 secs]2016-11-15T05:30:06.742+0100: 3.935: [JNI Weak Reference, 0.0000601 secs], 0.0799476 secs]
   [Parallel Time: 41.2 ms, GC Workers: 43]
      [GC Worker Start (ms): Min: 3862.4, Avg: 3862.9, Max: 3863.4, Diff: 1.0]
      [Ext Root Scanning (ms): Min: 0.8, Avg: 1.5, Max: 8.1, Diff: 7.3, Sum: 62.6]
      [Update RS (ms): Min: 0.0, Avg: 0.4, Max: 1.4, Diff: 1.4, Sum: 16.0]
         [Processed Buffers: Min: 0, Avg: 1.6, Max: 4, Diff: 4, Sum: 67]
      [Scan RS (ms): Min: 0.1, Avg: 0.3, Max: 0.6, Diff: 0.6, Sum: 13.7]
      [Code Root Scanning (ms): Min: 0.0, Avg: 1.9, Max: 6.3, Diff: 6.3, Sum: 80.6]
      [Object Copy (ms): Min: 29.3, Avg: 34.1, Max: 37.1, Diff: 7.9, Sum: 1467.2]
      [Termination (ms): Min: 0.0, Avg: 1.3, Max: 1.6, Diff: 1.6, Sum: 56.8]
         [Termination Attempts: Min: 1, Avg: 271.2, Max: 352, Diff: 351, Sum: 11660]
      [GC Worker Other (ms): Min: 0.0, Avg: 0.2, Max: 0.4, Diff: 0.3, Sum: 6.6]
      [GC Worker Total (ms): Min: 39.0, Avg: 39.6, Max: 40.2, Diff: 1.2, Sum: 1703.5]
      [GC Worker End (ms): Min: 3902.4, Avg: 3902.5, Max: 3902.8, Diff: 0.3]
   [Code Root Fixup: 1.5 ms]
   [Code Root Purge: 0.2 ms]
   [String Dedup Fixup: 2.0 ms, GC Workers: 43]
      [Queue Fixup (ms): Min: 0.0, Avg: 0.0, Max: 0.1, Diff: 0.1, Sum: 0.6]
      [Table Fixup (ms): Min: 0.0, Avg: 0.1, Max: 1.4, Diff: 1.4, Sum: 4.9]
   [Clear CT: 1.1 ms]
   [Other: 34.0 ms]
      [Choose CSet: 0.0 ms]
      [Ref Proc: 29.9 ms]
      [Ref Enq: 1.4 ms]
      [Redirty Cards: 1.1 ms]
      [Humongous Register: 0.1 ms]
      [Humongous Reclaim: 0.0 ms]
      [Free CSet: 1.0 ms]
   [Eden: 90.0M(89.0M)->0.0B(111.0M) Survivors: 13.0M->13.0M Heap: 112.0M(2048.0M)->45.1M(2048.0M)]
 [Times: user=1.80 sys=0.27, real=0.08 secs] 
2016-11-15T05:30:06.750+0100: 3.942: Total time for which application threads were stopped: 0.0807911 seconds, Stopping threads took: 0.0000963 seconds
2016-11-15T05:30:06.766+0100: 3.959: [GC concurrent-string-deduplication, 1530.8K->1171.5K(359.3K), avg 23.1%, 0.0162376 secs]
2016-11-15T05:30:06.893+0100: 4.085: Total time for which application threads were stopped: 0.0018251 seconds, Stopping threads took: 0.0002332 seconds
2016-11-15T05:30:06.975+0100: 4.167: Total time for which application threads were stopped: 0.0023270 seconds, Stopping threads took: 0.0002612 seconds
2016-11-15T05:30:07.016+0100: 4.208: Total time for which application threads were stopped: 0.0007498 seconds, Stopping threads took: 0.0002635 seconds
2016-11-15T05:30:07.017+0100: 4.209: [GC pause (GCLocker Initiated GC) (young)
Desired survivor size 6815744 bytes, new threshold 2 (max 15)
- age   1:    6713568 bytes,    6713568 total
- age   2:    3718648 bytes,   10432216 total
2016-11-15T05:30:07.033+0100: 4.225: [SoftReference, 0 refs, 0.0103784 secs]2016-11-15T05:30:07.043+0100: 4.236: [WeakReference, 90 refs, 0.0028447 secs]2016-11-15T05:30:07.046+0100: 4.239: [FinalReference, 4605 refs, 0.0053575 secs]2016-11-15T05:30:07.051+0100: 4.244: [PhantomReference, 0 refs, 0 refs, 0.0052533 secs]2016-11-15T05:30:07.057+0100: 4.249: [JNI Weak Reference, 0.0000311 secs], 0.0476627 secs]
   [Parallel Time: 13.5 ms, GC Workers: 43]
      [GC Worker Start (ms): Min: 4209.5, Avg: 4210.0, Max: 4211.3, Diff: 1.8]
      [Ext Root Scanning (ms): Min: 0.0, Avg: 1.2, Max: 4.7, Diff: 4.6, Sum: 52.5]
      [Update RS (ms): Min: 0.0, Avg: 0.8, Max: 2.0, Diff: 2.0, Sum: 34.5]
         [Processed Buffers: Min: 0, Avg: 1.6, Max: 7, Diff: 7, Sum: 69]
      [Scan RS (ms): Min: 0.0, Avg: 0.8, Max: 1.9, Diff: 1.9, Sum: 34.9]
      [Code Root Scanning (ms): Min: 0.0, Avg: 0.1, Max: 0.6, Diff: 0.6, Sum: 3.8]
      [Object Copy (ms): Min: 7.6, Avg: 9.1, Max: 10.9, Diff: 3.3, Sum: 392.7]
      [Termination (ms): Min: 0.0, Avg: 0.1, Max: 0.1, Diff: 0.1, Sum: 3.5]
         [Termination Attempts: Min: 1, Avg: 13.8, Max: 24, Diff: 23, Sum: 593]
      [GC Worker Other (ms): Min: 0.0, Avg: 0.1, Max: 0.3, Diff: 0.3, Sum: 4.9]
      [GC Worker Total (ms): Min: 11.0, Avg: 12.3, Max: 12.8, Diff: 1.8, Sum: 526.9]
      [GC Worker End (ms): Min: 4222.2, Avg: 4222.3, Max: 4222.5, Diff: 0.3]
   [Code Root Fixup: 0.5 ms]
   [Code Root Purge: 0.1 ms]
   [String Dedup Fixup: 1.5 ms, GC Workers: 43]
      [Queue Fixup (ms): Min: 0.0, Avg: 0.0, Max: 0.1, Diff: 0.1, Sum: 0.6]
      [Table Fixup (ms): Min: 0.0, Avg: 0.2, Max: 1.0, Diff: 1.0, Sum: 7.5]
   [Clear CT: 1.0 ms]
   [Other: 30.9 ms]
      [Choose CSet: 0.0 ms]
      [Ref Proc: 25.6 ms]
      [Ref Enq: 2.8 ms]
      [Redirty Cards: 1.2 ms]
      [Humongous Register: 0.1 ms]
      [Humongous Reclaim: 0.0 ms]
      [Free CSet: 0.6 ms]
   [Eden: 90.0M(89.0M)->0.0B(127.0M) Survivors: 13.0M->13.0M Heap: 134.4M(2048.0M)->81.0M(2048.0M)]
 [Times: user=0.63 sys=0.07, real=0.05 secs] 
2016-11-15T05:30:07.065+0100: 4.257: Total time for which application threads were stopped: 0.0486561 seconds, Stopping threads took: 0.0001870 seconds
2016-11-15T05:30:07.068+0100: 4.261: Total time for which application threads were stopped: 0.0007336 seconds, Stopping threads took: 0.0002055 seconds
2016-11-15T05:30:07.069+0100: 4.262: Total time for which application threads were stopped: 0.0006827 seconds, Stopping threads took: 0.0001689 seconds
2016-11-15T05:30:07.070+0100: 4.262: Total time for which application threads were stopped: 0.0003659 seconds, Stopping threads took: 0.0001175 seconds
2016-11-15T05:30:07.071+0100: 4.263: Total time for which application threads were stopped: 0.0003751 seconds, Stopping threads took: 0.0001265 seconds
2016-11-15T05:30:07.071+0100: 4.264: Total time for which application threads were stopped: 0.0003569 seconds, Stopping threads took: 0.0001085 seconds
2016-11-15T05:30:07.072+0100: 4.264: Total time for which application threads were stopped: 0.0003158 seconds, Stopping threads took: 0.0000737 seconds
2016-11-15T05:30:07.072+0100: 4.264: Total time for which application threads were stopped: 0.0003507 seconds, Stopping threads took: 0.0000868 seconds
2016-11-15T05:30:07.073+0100: 4.265: Total time for which application threads were stopped: 0.0003440 seconds, Stopping threads took: 0.0001007 seconds
2016-11-15T05:30:07.073+0100: 4.266: Total time for which application threads were stopped: 0.0003752 seconds, Stopping threads took: 0.0001333 seconds
2016-11-15T05:30:07.074+0100: 4.266: Total time for which application threads were stopped: 0.0003922 seconds, Stopping threads took: 0.0001613 seconds
2016-11-15T05:30:07.074+0100: 4.267: Total time for which application threads were stopped: 0.0004354 seconds, Stopping threads took: 0.0001924 seconds
2016-11-15T05:30:07.075+0100: 4.267: Total time for which application threads were stopped: 0.0004420 seconds, Stopping threads took: 0.0001823 seconds
2016-11-15T05:30:07.076+0100: 4.268: Total time for which application threads were stopped: 0.0004240 seconds, Stopping threads took: 0.0001825 seconds
2016-11-15T05:30:07.076+0100: 4.269: Total time for which application threads were stopped: 0.0003939 seconds, Stopping threads took: 0.0001493 seconds
2016-11-15T05:30:07.077+0100: 4.270: Total time for which application threads were stopped: 0.0005055 seconds, Stopping threads took: 0.0001579 seconds
2016-11-15T05:30:07.078+0100: 4.270: Total time for which application threads were stopped: 0.0004810 seconds, Stopping threads took: 0.0001205 seconds
2016-11-15T05:30:07.079+0100: 4.271: Total time for which application threads were stopped: 0.0004050 seconds, Stopping threads took: 0.0001434 seconds
2016-11-15T05:30:07.079+0100: 4.272: Total time for which application threads were stopped: 0.0003558 seconds, Stopping threads took: 0.0001158 seconds
2016-11-15T05:30:07.080+0100: 4.272: Total time for which application threads were stopped: 0.0004606 seconds, Stopping threads took: 0.0002024 seconds
2016-11-15T05:30:07.083+0100: 4.275: Total time for which application threads were stopped: 0.0025624 seconds, Stopping threads took: 0.0004247 seconds
2016-11-15T05:30:07.099+0100: 4.292: [GC concurrent-string-deduplication, 2113.2K->1634.5K(478.8K), avg 22.8%, 0.0198991 secs]
2016-11-15T05:30:07.235+0100: 4.428: Total time for which application threads were stopped: 0.0009436 seconds, Stopping threads took: 0.0002562 seconds
2016-11-15T05:30:07.238+0100: 4.431: Total time for which application threads were stopped: 0.0005720 seconds, Stopping threads took: 0.0001816 seconds
2016-11-15T05:30:07.240+0100: 4.432: Total time for which application threads were stopped: 0.0004682 seconds, Stopping threads took: 0.0001018 seconds
2016-11-15T05:30:07.241+0100: 4.434: Total time for which application threads were stopped: 0.0006551 seconds, Stopping threads took: 0.0001939 seconds
2016-11-15T05:30:07.252+0100: 4.444: [GC pause (G1 Evacuation Pause) (young)
Desired survivor size 6815744 bytes, new threshold 2 (max 15)
- age   1:    5321392 bytes,    5321392 total
- age   2:    5932104 bytes,   11253496 total
2016-11-15T05:30:07.268+0100: 4.461: [SoftReference, 0 refs, 0.0045495 secs]2016-11-15T05:30:07.273+0100: 4.465: [WeakReference, 61 refs, 0.0026635 secs]2016-11-15T05:30:07.276+0100: 4.468: [FinalReference, 5966 refs, 0.0045701 secs]2016-11-15T05:30:07.280+0100: 4.473: [PhantomReference, 0 refs, 0 refs, 0.0058422 secs]2016-11-15T05:30:07.286+0100: 4.479: [JNI Weak Reference, 0.0000337 secs], 0.0411269 secs]
   [Parallel Time: 14.3 ms, GC Workers: 43]
      [GC Worker Start (ms): Min: 4444.4, Avg: 4445.2, Max: 4446.4, Diff: 2.0]
      [Ext Root Scanning (ms): Min: 0.0, Avg: 1.2, Max: 5.8, Diff: 5.7, Sum: 51.1]
      [Update RS (ms): Min: 0.0, Avg: 1.1, Max: 3.4, Diff: 3.4, Sum: 48.2]
         [Processed Buffers: Min: 0, Avg: 1.6, Max: 6, Diff: 6, Sum: 67]
      [Scan RS (ms): Min: 0.0, Avg: 0.7, Max: 1.8, Diff: 1.8, Sum: 31.7]
      [Code Root Scanning (ms): Min: 0.0, Avg: 0.2, Max: 4.3, Diff: 4.3, Sum: 7.1]
      [Object Copy (ms): Min: 4.3, Avg: 9.6, Max: 11.7, Diff: 7.5, Sum: 411.9]
      [Termination (ms): Min: 0.0, Avg: 0.1, Max: 0.2, Diff: 0.2, Sum: 4.5]
         [Termination Attempts: Min: 1, Avg: 4.9, Max: 9, Diff: 8, Sum: 209]
      [GC Worker Other (ms): Min: 0.0, Avg: 0.1, Max: 0.4, Diff: 0.4, Sum: 6.3]
      [GC Worker Total (ms): Min: 11.7, Avg: 13.0, Max: 13.9, Diff: 2.2, Sum: 560.9]
      [GC Worker End (ms): Min: 4458.1, Avg: 4458.2, Max: 4458.4, Diff: 0.4]
   [Code Root Fixup: 0.5 ms]
   [Code Root Purge: 0.0 ms]
   [String Dedup Fixup: 1.6 ms, GC Workers: 43]
      [Queue Fixup (ms): Min: 0.0, Avg: 0.0, Max: 0.2, Diff: 0.2, Sum: 0.9]
      [Table Fixup (ms): Min: 0.0, Avg: 0.3, Max: 0.8, Diff: 0.8, Sum: 11.7]
   [Clear CT: 1.1 ms]
   [Other: 23.6 ms]
      [Choose CSet: 0.0 ms]
      [Ref Proc: 19.4 ms]
      [Ref Enq: 1.4 ms]
      [Redirty Cards: 1.1 ms]
      [Humongous Register: 0.1 ms]
      [Humongous Reclaim: 0.0 ms]
      [Free CSet: 0.8 ms]
   [Eden: 124.0M(89.0M)->0.0B(319.0M) Survivors: 13.0M->13.0M Heap: 205.0M(2048.0M)->118.5M(2048.0M)]
 [Times: user=0.68 sys=0.11, real=0.04 secs] 
2016-11-15T05:30:07.293+0100: 4.486: Total time for which application threads were stopped: 0.0423744 seconds, Stopping threads took: 0.0002181 seconds
2016-11-15T05:30:07.295+0100: 4.487: Total time for which application threads were stopped: 0.0008146 seconds, Stopping threads took: 0.0002416 seconds
2016-11-15T05:30:07.297+0100: 4.489: Total time for which application threads were stopped: 0.0005888 seconds, Stopping threads took: 0.0002057 seconds
2016-11-15T05:30:07.302+0100: 4.494: Total time for which application threads were stopped: 0.0006337 seconds, Stopping threads took: 0.0002124 seconds
2016-11-15T05:30:07.302+0100: 4.495: Total time for which application threads were stopped: 0.0004048 seconds, Stopping threads took: 0.0001538 seconds
2016-11-15T05:30:07.303+0100: 4.495: Total time for which application threads were stopped: 0.0004097 seconds, Stopping threads took: 0.0001617 seconds
2016-11-15T05:30:07.304+0100: 4.496: Total time for which application threads were stopped: 0.0006262 seconds, Stopping threads took: 0.0003672 seconds
2016-11-15T05:30:07.304+0100: 4.497: Total time for which application threads were stopped: 0.0003858 seconds, Stopping threads took: 0.0001131 seconds
2016-11-15T05:30:07.305+0100: 4.497: Total time for which application threads were stopped: 0.0003702 seconds, Stopping threads took: 0.0001237 seconds
2016-11-15T05:30:07.305+0100: 4.498: Total time for which application threads were stopped: 0.0003999 seconds, Stopping threads took: 0.0001466 seconds
2016-11-15T05:30:07.306+0100: 4.499: Total time for which application threads were stopped: 0.0003618 seconds, Stopping threads took: 0.0000998 seconds
2016-11-15T05:30:07.307+0100: 4.499: Total time for which application threads were stopped: 0.0003615 seconds, Stopping threads took: 0.0001182 seconds
2016-11-15T05:30:07.307+0100: 4.500: Total time for which application threads were stopped: 0.0004114 seconds, Stopping threads took: 0.0001059 seconds
2016-11-15T05:30:07.308+0100: 4.500: Total time for which application threads were stopped: 0.0004097 seconds, Stopping threads took: 0.0000937 seconds
2016-11-15T05:30:07.309+0100: 4.501: Total time for which application threads were stopped: 0.0004015 seconds, Stopping threads took: 0.0000905 seconds
2016-11-15T05:30:07.309+0100: 4.502: Total time for which application threads were stopped: 0.0003755 seconds, Stopping threads took: 0.0001077 seconds
2016-11-15T05:30:07.310+0100: 4.502: Total time for which application threads were stopped: 0.0003752 seconds, Stopping threads took: 0.0000716 seconds
2016-11-15T05:30:07.310+0100: 4.503: Total time for which application threads were stopped: 0.0003984 seconds, Stopping threads took: 0.0000797 seconds
2016-11-15T05:30:07.311+0100: 4.504: Total time for which application threads were stopped: 0.0007000 seconds, Stopping threads took: 0.0002147 seconds
2016-11-15T05:30:07.312+0100: 4.504: Total time for which application threads were stopped: 0.0003414 seconds, Stopping threads took: 0.0000999 seconds
2016-11-15T05:30:07.314+0100: 4.507: Total time for which application threads were stopped: 0.0022635 seconds, Stopping threads took: 0.0001275 seconds
2016-11-15T05:30:07.316+0100: 4.508: Total time for which application threads were stopped: 0.0004236 seconds, Stopping threads took: 0.0001166 seconds
2016-11-15T05:30:07.316+0100: 4.509: Total time for which application threads were stopped: 0.0003797 seconds, Stopping threads took: 0.0001109 seconds
2016-11-15T05:30:07.349+0100: 4.541: [GC concurrent-string-deduplication, 3008.6K->2004.7K(1003.8K), avg 27.5%, 0.0357564 secs]
2016-11-15T05:30:07.478+0100: 4.670: Total time for which application threads were stopped: 0.0007952 seconds, Stopping threads took: 0.0002260 seconds
2016-11-15T05:30:07.478+0100: 4.671: Total time for which application threads were stopped: 0.0003708 seconds, Stopping threads took: 0.0001314 seconds
2016-11-15T05:30:07.479+0100: 4.671: Total time for which application threads were stopped: 0.0004347 seconds, Stopping threads took: 0.0001982 seconds
2016-11-15T05:30:07.479+0100: 4.672: Total time for which application threads were stopped: 0.0003573 seconds, Stopping threads took: 0.0000827 seconds
2016-11-15T05:30:07.480+0100: 4.672: Total time for which application threads were stopped: 0.0003096 seconds, Stopping threads took: 0.0000864 seconds
2016-11-15T05:30:07.480+0100: 4.673: Total time for which application threads were stopped: 0.0003650 seconds, Stopping threads took: 0.0001203 seconds
2016-11-15T05:30:07.481+0100: 4.673: Total time for which application threads were stopped: 0.0003911 seconds, Stopping threads took: 0.0001424 seconds
2016-11-15T05:30:07.482+0100: 4.675: Total time for which application threads were stopped: 0.0003650 seconds, Stopping threads took: 0.0001158 seconds
2016-11-15T05:30:07.484+0100: 4.676: Total time for which application threads were stopped: 0.0004203 seconds, Stopping threads took: 0.0001420 seconds
2016-11-15T05:30:07.503+0100: 4.696: Total time for which application threads were stopped: 0.0008535 seconds, Stopping threads took: 0.0002908 seconds
2016-11-15T05:30:07.504+0100: 4.697: Total time for which application threads were stopped: 0.0004199 seconds, Stopping threads took: 0.0001640 seconds
2016-11-15T05:30:07.506+0100: 4.698: Total time for which application threads were stopped: 0.0004189 seconds, Stopping threads took: 0.0001683 seconds
2016-11-15T05:30:07.506+0100: 4.698: Total time for which application threads were stopped: 0.0003306 seconds, Stopping threads took: 0.0000848 seconds
2016-11-15T05:30:07.507+0100: 4.699: Total time for which application threads were stopped: 0.0005046 seconds, Stopping threads took: 0.0002297 seconds
2016-11-15T05:30:07.507+0100: 4.700: Total time for which application threads were stopped: 0.0003407 seconds, Stopping threads took: 0.0001012 seconds
2016-11-15T05:30:07.508+0100: 4.700: Total time for which application threads were stopped: 0.0004392 seconds, Stopping threads took: 0.0001493 seconds
2016-11-15T05:30:07.509+0100: 4.701: Total time for which application threads were stopped: 0.0005754 seconds, Stopping threads took: 0.0001628 seconds
2016-11-15T05:30:07.510+0100: 4.702: Total time for which application threads were stopped: 0.0005512 seconds, Stopping threads took: 0.0001916 seconds
2016-11-15T05:30:07.510+0100: 4.703: Total time for which application threads were stopped: 0.0004626 seconds, Stopping threads took: 0.0001326 seconds
2016-11-15T05:30:07.517+0100: 4.709: Total time for which application threads were stopped: 0.0006223 seconds, Stopping threads took: 0.0001972 seconds
2016-11-15T05:30:07.517+0100: 4.709: Total time for which application threads were stopped: 0.0004283 seconds, Stopping threads took: 0.0001230 seconds
2016-11-15T05:30:07.534+0100: 4.727: Total time for which application threads were stopped: 0.0028983 seconds, Stopping threads took: 0.0023796 seconds
2016-11-15T05:30:07.537+0100: 4.729: Total time for which application threads were stopped: 0.0004694 seconds, Stopping threads took: 0.0001727 seconds
2016-11-15T05:30:07.546+0100: 4.738: Total time for which application threads were stopped: 0.0007009 seconds, Stopping threads took: 0.0002274 seconds
2016-11-15T05:30:07.550+0100: 4.742: Total time for which application threads were stopped: 0.0005407 seconds, Stopping threads took: 0.0001881 seconds
2016-11-15T05:30:07.554+0100: 4.746: Total time for which application threads were stopped: 0.0004335 seconds, Stopping threads took: 0.0001166 seconds
2016-11-15T05:30:07.557+0100: 4.749: Total time for which application threads were stopped: 0.0003759 seconds, Stopping threads took: 0.0000673 seconds
2016-11-15T05:30:07.566+0100: 4.759: Total time for which application threads were stopped: 0.0006191 seconds, Stopping threads took: 0.0001712 seconds
2016-11-15T05:30:07.567+0100: 4.759: Total time for which application threads were stopped: 0.0003542 seconds, Stopping threads took: 0.0001140 seconds
2016-11-15T05:30:07.570+0100: 4.762: Total time for which application threads were stopped: 0.0005163 seconds, Stopping threads took: 0.0002057 seconds
2016-11-15T05:30:07.570+0100: 4.763: Total time for which application threads were stopped: 0.0004227 seconds, Stopping threads took: 0.0001517 seconds
2016-11-15T05:30:07.571+0100: 4.763: Total time for which application threads were stopped: 0.0003881 seconds, Stopping threads took: 0.0001436 seconds
2016-11-15T05:30:07.571+0100: 4.764: [GC pause (GCLocker Initiated GC) (young)
Desired survivor size 13631488 bytes, new threshold 15 (max 15)
- age   1:    6808760 bytes,    6808760 total
- age   2:    4155512 bytes,   10964272 total
2016-11-15T05:30:07.610+0100: 4.802: [SoftReference, 0 refs, 0.0050536 secs]2016-11-15T05:30:07.615+0100: 4.807: [WeakReference, 132 refs, 0.0029420 secs]2016-11-15T05:30:07.618+0100: 4.810: [FinalReference, 11010 refs, 0.0088343 secs]2016-11-15T05:30:07.627+0100: 4.819: [PhantomReference, 0 refs, 0 refs, 0.0060064 secs]2016-11-15T05:30:07.633+0100: 4.825: [JNI Weak Reference, 0.0000346 secs], 0.0712122 secs]
   [Parallel Time: 34.4 ms, GC Workers: 43]
      [GC Worker Start (ms): Min: 4764.3, Avg: 4765.1, Max: 4766.3, Diff: 2.0]
      [Ext Root Scanning (ms): Min: 0.0, Avg: 1.1, Max: 2.1, Diff: 2.1, Sum: 45.6]
      [Update RS (ms): Min: 0.0, Avg: 1.3, Max: 2.8, Diff: 2.8, Sum: 55.6]
         [Processed Buffers: Min: 0, Avg: 2.5, Max: 11, Diff: 11, Sum: 109]
      [Scan RS (ms): Min: 0.0, Avg: 0.7, Max: 1.6, Diff: 1.5, Sum: 29.1]
      [Code Root Scanning (ms): Min: 0.0, Avg: 0.0, Max: 0.2, Diff: 0.2, Sum: 0.8]
      [Object Copy (ms): Min: 24.4, Avg: 27.0, Max: 30.4, Diff: 6.1, Sum: 1161.9]
      [Termination (ms): Min: 1.1, Avg: 2.5, Max: 7.1, Diff: 6.1, Sum: 107.7]
         [Termination Attempts: Min: 143, Avg: 332.9, Max: 442, Diff: 299, Sum: 14315]
      [GC Worker Other (ms): Min: 0.0, Avg: 0.2, Max: 0.5, Diff: 0.4, Sum: 8.6]
      [GC Worker Total (ms): Min: 31.5, Avg: 32.8, Max: 33.8, Diff: 2.3, Sum: 1409.3]
      [GC Worker End (ms): Min: 4797.7, Avg: 4797.9, Max: 4798.2, Diff: 0.4]
   [Code Root Fixup: 0.1 ms]
   [Code Root Purge: 0.0 ms]
   [String Dedup Fixup: 1.7 ms, GC Workers: 43]
      [Queue Fixup (ms): Min: 0.0, Avg: 0.0, Max: 0.1, Diff: 0.1, Sum: 0.5]
      [Table Fixup (ms): Min: 0.0, Avg: 0.4, Max: 0.7, Diff: 0.7, Sum: 17.7]
   [Clear CT: 1.1 ms]
   [Other: 33.9 ms]
      [Choose CSet: 0.0 ms]
      [Ref Proc: 26.7 ms]
      [Ref Enq: 1.5 ms]
      [Redirty Cards: 3.9 ms]
      [Humongous Register: 0.1 ms]
      [Humongous Reclaim: 0.0 ms]
      [Free CSet: 1.0 ms]
   [Eden: 190.0M(190.0M)->0.0B(193.0M) Survivors: 13.0M->26.0M Heap: 308.5M(2048.0M)->179.9M(2048.0M)]
 [Times: user=1.38 sys=0.12, real=0.07 secs] 
2016-11-15T05:30:07.643+0100: 4.835: Total time for which application threads were stopped: 0.0721614 seconds, Stopping threads took: 0.0001423 seconds
2016-11-15T05:30:07.645+0100: 4.837: Total time for which application threads were stopped: 0.0009817 seconds, Stopping threads took: 0.0002945 seconds
2016-11-15T05:30:07.646+0100: 4.839: Total time for which application threads were stopped: 0.0005259 seconds, Stopping threads took: 0.0002128 seconds
2016-11-15T05:30:07.647+0100: 4.839: Total time for which application threads were stopped: 0.0003656 seconds, Stopping threads took: 0.0001220 seconds
2016-11-15T05:30:07.647+0100: 4.840: Total time for which application threads were stopped: 0.0003674 seconds, Stopping threads took: 0.0001274 seconds
2016-11-15T05:30:07.648+0100: 4.840: Total time for which application threads were stopped: 0.0003014 seconds, Stopping threads took: 0.0000689 seconds
2016-11-15T05:30:07.648+0100: 4.841: Total time for which application threads were stopped: 0.0003797 seconds, Stopping threads took: 0.0001265 seconds
2016-11-15T05:30:07.649+0100: 4.842: Total time for which application threads were stopped: 0.0004198 seconds, Stopping threads took: 0.0001591 seconds
2016-11-15T05:30:07.651+0100: 4.844: Total time for which application threads were stopped: 0.0008042 seconds, Stopping threads took: 0.0002404 seconds
2016-11-15T05:30:07.656+0100: 4.848: Total time for which application threads were stopped: 0.0025499 seconds, Stopping threads took: 0.0001804 seconds
2016-11-15T05:30:07.658+0100: 4.850: Total time for which application threads were stopped: 0.0006445 seconds, Stopping threads took: 0.0002583 seconds
2016-11-15T05:30:07.659+0100: 4.851: Total time for which application threads were stopped: 0.0004827 seconds, Stopping threads took: 0.0002046 seconds
2016-11-15T05:30:07.661+0100: 4.853: Total time for which application threads were stopped: 0.0004529 seconds, Stopping threads took: 0.0001740 seconds
2016-11-15T05:30:07.662+0100: 4.855: Total time for which application threads were stopped: 0.0004333 seconds, Stopping threads took: 0.0001288 seconds
2016-11-15T05:30:07.663+0100: 4.855: Total time for which application threads were stopped: 0.0003561 seconds, Stopping threads took: 0.0000939 seconds
2016-11-15T05:30:07.663+0100: 4.856: Total time for which application threads were stopped: 0.0004871 seconds, Stopping threads took: 0.0002078 seconds
2016-11-15T05:30:07.664+0100: 4.856: Total time for which application threads were stopped: 0.0004627 seconds, Stopping threads took: 0.0001749 seconds
2016-11-15T05:30:07.664+0100: 4.857: Total time for which application threads were stopped: 0.0004106 seconds, Stopping threads took: 0.0001625 seconds
2016-11-15T05:30:07.667+0100: 4.859: Total time for which application threads were stopped: 0.0022809 seconds, Stopping threads took: 0.0000895 seconds
2016-11-15T05:30:07.668+0100: 4.860: Total time for which application threads were stopped: 0.0004980 seconds, Stopping threads took: 0.0002064 seconds
2016-11-15T05:30:07.668+0100: 4.860: Total time for which application threads were stopped: 0.0003285 seconds, Stopping threads took: 0.0000710 seconds
2016-11-15T05:30:07.669+0100: 4.861: Total time for which application threads were stopped: 0.0004399 seconds, Stopping threads took: 0.0001760 seconds
2016-11-15T05:30:07.669+0100: 4.862: Total time for which application threads were stopped: 0.0003120 seconds, Stopping threads took: 0.0000756 seconds
2016-11-15T05:30:07.670+0100: 4.862: Total time for which application threads were stopped: 0.0004722 seconds, Stopping threads took: 0.0002066 seconds
2016-11-15T05:30:07.671+0100: 4.864: Total time for which application threads were stopped: 0.0004766 seconds, Stopping threads took: 0.0002024 seconds
2016-11-15T05:30:07.674+0100: 4.866: Total time for which application threads were stopped: 0.0021613 seconds, Stopping threads took: 0.0001036 seconds
2016-11-15T05:30:07.675+0100: 4.867: Total time for which application threads were stopped: 0.0005160 seconds, Stopping threads took: 0.0002049 seconds
2016-11-15T05:30:07.675+0100: 4.868: Total time for which application threads were stopped: 0.0005097 seconds, Stopping threads took: 0.0002570 seconds
2016-11-15T05:30:07.676+0100: 4.868: Total time for which application threads were stopped: 0.0004518 seconds, Stopping threads took: 0.0002023 seconds
2016-11-15T05:30:07.676+0100: 4.869: Total time for which application threads were stopped: 0.0003461 seconds, Stopping threads took: 0.0001101 seconds
2016-11-15T05:30:07.677+0100: 4.869: Total time for which application threads were stopped: 0.0003144 seconds, Stopping threads took: 0.0000814 seconds
2016-11-15T05:30:07.677+0100: 4.870: Total time for which application threads were stopped: 0.0004087 seconds, Stopping threads took: 0.0001679 seconds
2016-11-15T05:30:07.678+0100: 4.870: Total time for which application threads were stopped: 0.0004329 seconds, Stopping threads took: 0.0001673 seconds
2016-11-15T05:30:07.680+0100: 4.873: Total time for which application threads were stopped: 0.0021656 seconds, Stopping threads took: 0.0001087 seconds
2016-11-15T05:30:07.681+0100: 4.873: Total time for which application threads were stopped: 0.0004560 seconds, Stopping threads took: 0.0001708 seconds
2016-11-15T05:30:07.681+0100: 4.874: Total time for which application threads were stopped: 0.0004297 seconds, Stopping threads took: 0.0001864 seconds
2016-11-15T05:30:07.682+0100: 4.874: Total time for which application threads were stopped: 0.0003235 seconds, Stopping threads took: 0.0000872 seconds
2016-11-15T05:30:07.683+0100: 4.875: Total time for which application threads were stopped: 0.0004507 seconds, Stopping threads took: 0.0001830 seconds
2016-11-15T05:30:07.684+0100: 4.876: Total time for which application threads were stopped: 0.0004006 seconds, Stopping threads took: 0.0001442 seconds
2016-11-15T05:30:07.684+0100: 4.877: Total time for which application threads were stopped: 0.0003613 seconds, Stopping threads took: 0.0001076 seconds
2016-11-15T05:30:07.685+0100: 4.877: Total time for which application threads were stopped: 0.0003724 seconds, Stopping threads took: 0.0001193 seconds
2016-11-15T05:30:07.686+0100: 4.878: Total time for which application threads were stopped: 0.0003625 seconds, Stopping threads took: 0.0001169 seconds
2016-11-15T05:30:07.686+0100: 4.879: Total time for which application threads were stopped: 0.0004098 seconds, Stopping threads took: 0.0001585 seconds
2016-11-15T05:30:07.687+0100: 4.879: Total time for which application threads were stopped: 0.0003558 seconds, Stopping threads took: 0.0001161 seconds
2016-11-15T05:30:07.687+0100: 4.880: Total time for which application threads were stopped: 0.0003411 seconds, Stopping threads took: 0.0000943 seconds
2016-11-15T05:30:07.688+0100: 4.880: Total time for which application threads were stopped: 0.0003413 seconds, Stopping threads took: 0.0000984 seconds
2016-11-15T05:30:07.689+0100: 4.881: Total time for which application threads were stopped: 0.0003407 seconds, Stopping threads took: 0.0000972 seconds
2016-11-15T05:30:07.692+0100: 4.884: Total time for which application threads were stopped: 0.0023457 seconds, Stopping threads took: 0.0000970 seconds
2016-11-15T05:30:07.693+0100: 4.885: Total time for which application threads were stopped: 0.0004896 seconds, Stopping threads took: 0.0001456 seconds
2016-11-15T05:30:07.694+0100: 4.887: [GC concurrent-string-deduplication, 1799.4K->979.0K(820.4K), avg 31.3%, 0.0175334 secs]
2016-11-15T05:30:07.702+0100: 4.894: Total time for which application threads were stopped: 0.0008004 seconds, Stopping threads took: 0.0002796 seconds
2016-11-15T05:30:07.703+0100: 4.895: Total time for which application threads were stopped: 0.0005347 seconds, Stopping threads took: 0.0002638 seconds
2016-11-15T05:30:07.703+0100: 4.896: Total time for which application threads were stopped: 0.0004698 seconds, Stopping threads took: 0.0002249 seconds
2016-11-15T05:30:07.704+0100: 4.896: Total time for which application threads were stopped: 0.0002794 seconds, Stopping threads took: 0.0000407 seconds
2016-11-15T05:30:07.706+0100: 4.898: Total time for which application threads were stopped: 0.0023976 seconds, Stopping threads took: 0.0000746 seconds
2016-11-15T05:30:07.707+0100: 4.899: Total time for which application threads were stopped: 0.0004512 seconds, Stopping threads took: 0.0001413 seconds
2016-11-15T05:30:07.707+0100: 4.899: Total time for which application threads were stopped: 0.0003471 seconds, Stopping threads took: 0.0001152 seconds
2016-11-15T05:30:07.708+0100: 4.900: Total time for which application threads were stopped: 0.0004929 seconds, Stopping threads took: 0.0002291 seconds
2016-11-15T05:30:07.711+0100: 4.904: Total time for which application threads were stopped: 0.0005973 seconds, Stopping threads took: 0.0002397 seconds
2016-11-15T05:30:07.712+0100: 4.904: Total time for which application threads were stopped: 0.0003372 seconds, Stopping threads took: 0.0000969 seconds
2016-11-15T05:30:07.712+0100: 4.904: Total time for which application threads were stopped: 0.0003810 seconds, Stopping threads took: 0.0001007 seconds
2016-11-15T05:30:07.713+0100: 4.905: Total time for which application threads were stopped: 0.0005505 seconds, Stopping threads took: 0.0002773 seconds
2016-11-15T05:30:07.716+0100: 4.908: Total time for which application threads were stopped: 0.0005540 seconds, Stopping threads took: 0.0001954 seconds
2016-11-15T05:30:07.717+0100: 4.909: Total time for which application threads were stopped: 0.0004394 seconds, Stopping threads took: 0.0001567 seconds
2016-11-15T05:30:07.717+0100: 4.909: Total time for which application threads were stopped: 0.0003656 seconds, Stopping threads took: 0.0001089 seconds
2016-11-15T05:30:07.718+0100: 4.910: Total time for which application threads were stopped: 0.0004897 seconds, Stopping threads took: 0.0002390 seconds
2016-11-15T05:30:07.718+0100: 4.910: Total time for which application threads were stopped: 0.0003095 seconds, Stopping threads took: 0.0000717 seconds
2016-11-15T05:30:07.718+0100: 4.911: Total time for which application threads were stopped: 0.0003099 seconds, Stopping threads took: 0.0000666 seconds
2016-11-15T05:30:07.719+0100: 4.911: Total time for which application threads were stopped: 0.0003127 seconds, Stopping threads took: 0.0000686 seconds
2016-11-15T05:30:07.719+0100: 4.911: Total time for which application threads were stopped: 0.0003466 seconds, Stopping threads took: 0.0000985 seconds
2016-11-15T05:30:07.720+0100: 4.912: Total time for which application threads were stopped: 0.0004175 seconds, Stopping threads took: 0.0001608 seconds
2016-11-15T05:30:07.749+0100: 4.941: Total time for which application threads were stopped: 0.0008640 seconds, Stopping threads took: 0.0002979 seconds
2016-11-15T05:30:07.781+0100: 4.974: Total time for which application threads were stopped: 0.0008102 seconds, Stopping threads took: 0.0002486 seconds
2016-11-15T05:30:07.783+0100: 4.975: Total time for which application threads were stopped: 0.0004359 seconds, Stopping threads took: 0.0001556 seconds
2016-11-15T05:30:07.783+0100: 4.975: Total time for which application threads were stopped: 0.0003085 seconds, Stopping threads took: 0.0000680 seconds
2016-11-15T05:30:07.788+0100: 4.980: Total time for which application threads were stopped: 0.0006711 seconds, Stopping threads took: 0.0002370 seconds
2016-11-15T05:30:07.788+0100: 4.981: Total time for which application threads were stopped: 0.0004073 seconds, Stopping threads took: 0.0001143 seconds
2016-11-15T05:30:07.790+0100: 4.982: Total time for which application threads were stopped: 0.0004413 seconds, Stopping threads took: 0.0001518 seconds
2016-11-15T05:30:07.793+0100: 4.986: Total time for which application threads were stopped: 0.0004020 seconds, Stopping threads took: 0.0000585 seconds
2016-11-15T05:30:07.796+0100: 4.988: Total time for which application threads were stopped: 0.0004247 seconds, Stopping threads took: 0.0001244 seconds
2016-11-15T05:30:07.796+0100: 4.989: Total time for which application threads were stopped: 0.0004164 seconds, Stopping threads took: 0.0001772 seconds
2016-11-15T05:30:07.797+0100: 4.989: Total time for which application threads were stopped: 0.0005156 seconds, Stopping threads took: 0.0002144 seconds
2016-11-15T05:30:07.798+0100: 4.990: Total time for which application threads were stopped: 0.0004799 seconds, Stopping threads took: 0.0001012 seconds
2016-11-15T05:30:07.801+0100: 4.993: Total time for which application threads were stopped: 0.0028279 seconds, Stopping threads took: 0.0002544 seconds
2016-11-15T05:30:07.808+0100: 5.001: Total time for which application threads were stopped: 0.0007720 seconds, Stopping threads took: 0.0002127 seconds
2016-11-15T05:30:07.811+0100: 5.003: Total time for which application threads were stopped: 0.0005176 seconds, Stopping threads took: 0.0001764 seconds
2016-11-15T05:30:07.812+0100: 5.005: Total time for which application threads were stopped: 0.0004436 seconds, Stopping threads took: 0.0001507 seconds
2016-11-15T05:30:07.816+0100: 5.008: Total time for which application threads were stopped: 0.0005833 seconds, Stopping threads took: 0.0001767 seconds
2016-11-15T05:30:07.816+0100: 5.009: Total time for which application threads were stopped: 0.0003711 seconds, Stopping threads took: 0.0001284 seconds
2016-11-15T05:30:07.817+0100: 5.010: Total time for which application threads were stopped: 0.0003671 seconds, Stopping threads took: 0.0001372 seconds
2016-11-15T05:30:07.818+0100: 5.010: Total time for which application threads were stopped: 0.0003790 seconds, Stopping threads took: 0.0001420 seconds
2016-11-15T05:30:07.819+0100: 5.011: Total time for which application threads were stopped: 0.0004050 seconds, Stopping threads took: 0.0001251 seconds
2016-11-15T05:30:07.821+0100: 5.013: Total time for which application threads were stopped: 0.0004632 seconds, Stopping threads took: 0.0001349 seconds
2016-11-15T05:30:07.826+0100: 5.019: Total time for which application threads were stopped: 0.0007496 seconds, Stopping threads took: 0.0001576 seconds
2016-11-15T05:30:07.828+0100: 5.020: Total time for which application threads were stopped: 0.0009339 seconds, Stopping threads took: 0.0001445 seconds
2016-11-15T05:30:07.830+0100: 5.022: Total time for which application threads were stopped: 0.0007016 seconds, Stopping threads took: 0.0001933 seconds
2016-11-15T05:30:07.832+0100: 5.024: Total time for which application threads were stopped: 0.0003814 seconds, Stopping threads took: 0.0001065 seconds
2016-11-15T05:30:07.833+0100: 5.026: Total time for which application threads were stopped: 0.0003952 seconds, Stopping threads took: 0.0001169 seconds
2016-11-15T05:30:07.837+0100: 5.029: Total time for which application threads were stopped: 0.0004258 seconds, Stopping threads took: 0.0001356 seconds
2016-11-15T05:30:07.839+0100: 5.031: Total time for which application threads were stopped: 0.0003920 seconds, Stopping threads took: 0.0001170 seconds
2016-11-15T05:30:07.839+0100: 5.032: Total time for which application threads were stopped: 0.0003169 seconds, Stopping threads took: 0.0000767 seconds
2016-11-15T05:30:07.840+0100: 5.032: Total time for which application threads were stopped: 0.0003634 seconds, Stopping threads took: 0.0001164 seconds
2016-11-15T05:30:07.840+0100: 5.033: Total time for which application threads were stopped: 0.0003417 seconds, Stopping threads took: 0.0000972 seconds
2016-11-15T05:30:07.849+0100: 5.041: Total time for which application threads were stopped: 0.0005920 seconds, Stopping threads took: 0.0001744 seconds
2016-11-15T05:30:07.852+0100: 5.044: Total time for which application threads were stopped: 0.0023871 seconds, Stopping threads took: 0.0001650 seconds
2016-11-15T05:30:07.853+0100: 5.046: Total time for which application threads were stopped: 0.0005418 seconds, Stopping threads took: 0.0001834 seconds
2016-11-15T05:30:07.860+0100: 5.053: Total time for which application threads were stopped: 0.0005159 seconds, Stopping threads took: 0.0001263 seconds
2016-11-15T05:30:07.882+0100: 5.075: Total time for which application threads were stopped: 0.0005824 seconds, Stopping threads took: 0.0001242 seconds
2016-11-15T05:30:07.885+0100: 5.077: Total time for which application threads were stopped: 0.0004205 seconds, Stopping threads took: 0.0001390 seconds
2016-11-15T05:30:07.887+0100: 5.080: Total time for which application threads were stopped: 0.0004862 seconds, Stopping threads took: 0.0001822 seconds
2016-11-15T05:30:07.890+0100: 5.083: Total time for which application threads were stopped: 0.0004717 seconds, Stopping threads took: 0.0001798 seconds
2016-11-15T05:30:07.891+0100: 5.083: [GC pause (GCLocker Initiated GC) (young)
Desired survivor size 11010048 bytes, new threshold 1 (max 15)
- age   1:   14475000 bytes,   14475000 total
- age   2:    6238960 bytes,   20713960 total
- age   3:    4123272 bytes,   24837232 total
2016-11-15T05:30:07.933+0100: 5.126: [SoftReference, 0 refs, 0.0091311 secs]2016-11-15T05:30:07.942+0100: 5.135: [WeakReference, 86 refs, 0.0030686 secs]2016-11-15T05:30:07.945+0100: 5.138: [FinalReference, 7879 refs, 0.0055417 secs]2016-11-15T05:30:07.951+0100: 5.143: [PhantomReference, 0 refs, 0 refs, 0.0055650 secs]2016-11-15T05:30:07.957+0100: 5.149: [JNI Weak Reference, 0.0000275 secs], 0.0734418 secs]
   [Parallel Time: 39.5 ms, GC Workers: 43]
      [GC Worker Start (ms): Min: 5084.0, Avg: 5084.8, Max: 5086.1, Diff: 2.1]
      [Ext Root Scanning (ms): Min: 0.0, Avg: 1.2, Max: 6.3, Diff: 6.3, Sum: 50.8]
      [Update RS (ms): Min: 0.0, Avg: 1.6, Max: 3.0, Diff: 3.0, Sum: 68.5]
         [Processed Buffers: Min: 0, Avg: 3.6, Max: 19, Diff: 19, Sum: 155]
      [Scan RS (ms): Min: 0.0, Avg: 1.1, Max: 1.7, Diff: 1.7, Sum: 46.0]
      [Code Root Scanning (ms): Min: 0.0, Avg: 0.0, Max: 0.7, Diff: 0.7, Sum: 1.3]
      [Object Copy (ms): Min: 31.8, Avg: 33.3, Max: 36.4, Diff: 4.6, Sum: 1430.9]
      [Termination (ms): Min: 0.0, Avg: 0.6, Max: 1.0, Diff: 1.0, Sum: 26.9]
         [Termination Attempts: Min: 1, Avg: 98.2, Max: 135, Diff: 134, Sum: 4221]
      [GC Worker Other (ms): Min: 0.0, Avg: 0.2, Max: 0.4, Diff: 0.4, Sum: 6.8]
      [GC Worker Total (ms): Min: 36.6, Avg: 37.9, Max: 39.0, Diff: 2.4, Sum: 1631.3]
      [GC Worker End (ms): Min: 5122.6, Avg: 5122.8, Max: 5123.0, Diff: 0.4]
   [Code Root Fixup: 0.2 ms]
   [Code Root Purge: 0.0 ms]
   [String Dedup Fixup: 1.8 ms, GC Workers: 43]
      [Queue Fixup (ms): Min: 0.0, Avg: 0.0, Max: 0.2, Diff: 0.2, Sum: 1.5]
      [Table Fixup (ms): Min: 0.0, Avg: 0.5, Max: 0.8, Diff: 0.8, Sum: 22.2]
   [Clear CT: 1.3 ms]
   [Other: 30.7 ms]
      [Choose CSet: 0.0 ms]
      [Ref Proc: 25.6 ms]
      [Ref Enq: 1.8 ms]
      [Redirty Cards: 1.7 ms]
      [Humongous Register: 0.2 ms]
      [Humongous Reclaim: 0.0 ms]
      [Free CSet: 0.8 ms]
   [Eden: 137.0M(136.0M)->0.0B(368.0M) Survivors: 26.0M->21.0M Heap: 316.4M(2048.0M)->231.6M(2048.0M)]
 [Times: user=1.23 sys=0.08, real=0.07 secs] 
2016-11-15T05:30:07.965+0100: 5.157: Total time for which application threads were stopped: 0.0743293 seconds, Stopping threads took: 0.0001194 seconds
2016-11-15T05:30:07.967+0100: 5.159: Total time for which application threads were stopped: 0.0009433 seconds, Stopping threads took: 0.0003590 seconds
2016-11-15T05:30:07.971+0100: 5.164: Total time for which application threads were stopped: 0.0011482 seconds, Stopping threads took: 0.0005893 seconds
2016-11-15T05:30:07.979+0100: 5.171: Total time for which application threads were stopped: 0.0007964 seconds, Stopping threads took: 0.0002593 seconds
2016-11-15T05:30:07.980+0100: 5.173: Total time for which application threads were stopped: 0.0004725 seconds, Stopping threads took: 0.0001952 seconds
2016-11-15T05:30:07.981+0100: 5.174: Total time for which application threads were stopped: 0.0004153 seconds, Stopping threads took: 0.0001442 seconds
2016-11-15T05:30:07.982+0100: 5.174: Total time for which application threads were stopped: 0.0003567 seconds, Stopping threads took: 0.0001037 seconds
2016-11-15T05:30:07.982+0100: 5.175: Total time for which application threads were stopped: 0.0004922 seconds, Stopping threads took: 0.0002389 seconds
2016-11-15T05:30:07.983+0100: 5.176: Total time for which application threads were stopped: 0.0004767 seconds, Stopping threads took: 0.0001472 seconds
2016-11-15T05:30:07.984+0100: 5.176: Total time for which application threads were stopped: 0.0003292 seconds, Stopping threads took: 0.0000728 seconds
2016-11-15T05:30:07.985+0100: 5.178: Total time for which application threads were stopped: 0.0005081 seconds, Stopping threads took: 0.0002267 seconds
2016-11-15T05:30:07.988+0100: 5.180: Total time for which application threads were stopped: 0.0005006 seconds, Stopping threads took: 0.0002095 seconds
2016-11-15T05:30:07.989+0100: 5.181: Total time for which application threads were stopped: 0.0009184 seconds, Stopping threads took: 0.0006456 seconds
2016-11-15T05:30:07.989+0100: 5.182: Total time for which application threads were stopped: 0.0003976 seconds, Stopping threads took: 0.0001475 seconds
2016-11-15T05:30:07.990+0100: 5.182: Total time for which application threads were stopped: 0.0003966 seconds, Stopping threads took: 0.0001358 seconds
2016-11-15T05:30:07.993+0100: 5.185: Total time for which application threads were stopped: 0.0011683 seconds, Stopping threads took: 0.0005604 seconds
2016-11-15T05:30:07.993+0100: 5.186: Total time for which application threads were stopped: 0.0004621 seconds, Stopping threads took: 0.0001299 seconds
2016-11-15T05:30:07.994+0100: 5.186: Total time for which application threads were stopped: 0.0003965 seconds, Stopping threads took: 0.0001319 seconds
2016-11-15T05:30:07.994+0100: 5.187: Total time for which application threads were stopped: 0.0003709 seconds, Stopping threads took: 0.0001164 seconds
2016-11-15T05:30:07.995+0100: 5.187: Total time for which application threads were stopped: 0.0005870 seconds, Stopping threads took: 0.0003063 seconds
2016-11-15T05:30:07.997+0100: 5.190: Total time for which application threads were stopped: 0.0024110 seconds, Stopping threads took: 0.0002470 seconds
2016-11-15T05:30:07.999+0100: 5.191: Total time for which application threads were stopped: 0.0006229 seconds, Stopping threads took: 0.0001995 seconds
2016-11-15T05:30:08.002+0100: 5.194: Total time for which application threads were stopped: 0.0005347 seconds, Stopping threads took: 0.0001562 seconds
2016-11-15T05:30:08.006+0100: 5.199: Total time for which application threads were stopped: 0.0007360 seconds, Stopping threads took: 0.0002339 seconds
2016-11-15T05:30:08.012+0100: 5.204: Total time for which application threads were stopped: 0.0007266 seconds, Stopping threads took: 0.0001992 seconds
2016-11-15T05:30:08.053+0100: 5.246: Total time for which application threads were stopped: 0.0022955 seconds, Stopping threads took: 0.0005542 seconds
2016-11-15T05:30:08.058+0100: 5.250: Total time for which application threads were stopped: 0.0006842 seconds, Stopping threads took: 0.0001817 seconds
2016-11-15T05:30:08.058+0100: 5.250: [GC concurrent-string-deduplication, 5501.8K->2146.3K(3355.5K), avg 42.9%, 0.0639470 secs]
2016-11-15T05:30:08.060+0100: 5.252: Total time for which application threads were stopped: 0.0017649 seconds, Stopping threads took: 0.0013456 seconds
2016-11-15T05:30:08.061+0100: 5.253: Total time for which application threads were stopped: 0.0005089 seconds, Stopping threads took: 0.0002002 seconds
2016-11-15T05:30:08.062+0100: 5.254: Total time for which application threads were stopped: 0.0005578 seconds, Stopping threads took: 0.0002421 seconds
2016-11-15T05:30:08.073+0100: 5.265: Total time for which application threads were stopped: 0.0006736 seconds, Stopping threads took: 0.0002136 seconds
2016-11-15T05:30:08.075+0100: 5.267: Total time for which application threads were stopped: 0.0005249 seconds, Stopping threads took: 0.0001718 seconds
2016-11-15T05:30:08.104+0100: 5.296: Total time for which application threads were stopped: 0.0008740 seconds, Stopping threads took: 0.0002433 seconds
2016-11-15T05:30:08.112+0100: 5.305: Total time for which application threads were stopped: 0.0006338 seconds, Stopping threads took: 0.0001517 seconds
2016-11-15T05:30:08.114+0100: 5.306: Total time for which application threads were stopped: 0.0005510 seconds, Stopping threads took: 0.0002373 seconds
2016-11-15T05:30:08.118+0100: 5.310: Total time for which application threads were stopped: 0.0005035 seconds, Stopping threads took: 0.0001928 seconds
2016-11-15T05:30:08.120+0100: 5.312: Total time for which application threads were stopped: 0.0004429 seconds, Stopping threads took: 0.0001572 seconds
2016-11-15T05:30:08.123+0100: 5.316: Total time for which application threads were stopped: 0.0013855 seconds, Stopping threads took: 0.0010527 seconds
2016-11-15T05:30:08.123+0100: 5.316: Total time for which application threads were stopped: 0.0002769 seconds, Stopping threads took: 0.0000401 seconds
2016-11-15T05:30:08.145+0100: 5.338: Total time for which application threads were stopped: 0.0008148 seconds, Stopping threads took: 0.0001828 seconds
2016-11-15T05:30:08.146+0100: 5.338: Total time for which application threads were stopped: 0.0003561 seconds, Stopping threads took: 0.0001070 seconds
2016-11-15T05:30:08.146+0100: 5.339: Total time for which application threads were stopped: 0.0003438 seconds, Stopping threads took: 0.0001040 seconds
2016-11-15T05:30:08.147+0100: 5.339: Total time for which application threads were stopped: 0.0003363 seconds, Stopping threads took: 0.0000750 seconds
2016-11-15T05:30:08.147+0100: 5.340: Total time for which application threads were stopped: 0.0003337 seconds, Stopping threads took: 0.0001030 seconds
2016-11-15T05:30:08.148+0100: 5.340: Total time for which application threads were stopped: 0.0003596 seconds, Stopping threads took: 0.0001279 seconds
2016-11-15T05:30:08.149+0100: 5.341: Total time for which application threads were stopped: 0.0006801 seconds, Stopping threads took: 0.0002299 seconds
2016-11-15T05:30:08.152+0100: 5.344: Total time for which application threads were stopped: 0.0026196 seconds, Stopping threads took: 0.0002027 seconds
2016-11-15T05:30:08.170+0100: 5.362: Total time for which application threads were stopped: 0.0007764 seconds, Stopping threads took: 0.0002420 seconds
2016-11-15T05:30:08.170+0100: 5.363: Total time for which application threads were stopped: 0.0004142 seconds, Stopping threads took: 0.0001456 seconds
2016-11-15T05:30:08.172+0100: 5.365: Total time for which application threads were stopped: 0.0004397 seconds, Stopping threads took: 0.0001482 seconds
2016-11-15T05:30:08.173+0100: 5.365: Total time for which application threads were stopped: 0.0003627 seconds, Stopping threads took: 0.0001119 seconds
2016-11-15T05:30:08.173+0100: 5.366: Total time for which application threads were stopped: 0.0003033 seconds, Stopping threads took: 0.0000574 seconds
2016-11-15T05:30:08.175+0100: 5.368: Total time for which application threads were stopped: 0.0005013 seconds, Stopping threads took: 0.0001547 seconds
2016-11-15T05:30:08.183+0100: 5.376: Total time for which application threads were stopped: 0.0005031 seconds, Stopping threads took: 0.0001541 seconds
2016-11-15T05:30:08.188+0100: 5.380: Total time for which application threads were stopped: 0.0004003 seconds, Stopping threads took: 0.0001055 seconds
2016-11-15T05:30:08.188+0100: 5.380: Total time for which application threads were stopped: 0.0003586 seconds, Stopping threads took: 0.0001281 seconds
2016-11-15T05:30:08.190+0100: 5.382: Total time for which application threads were stopped: 0.0004360 seconds, Stopping threads took: 0.0001298 seconds
2016-11-15T05:30:08.190+0100: 5.382: Total time for which application threads were stopped: 0.0002990 seconds, Stopping threads took: 0.0000610 seconds
2016-11-15T05:30:08.193+0100: 5.385: Total time for which application threads were stopped: 0.0003762 seconds, Stopping threads took: 0.0000771 seconds
2016-11-15T05:30:08.196+0100: 5.389: Total time for which application threads were stopped: 0.0014894 seconds, Stopping threads took: 0.0002006 seconds
2016-11-15T05:30:08.216+0100: 5.408: Total time for which application threads were stopped: 0.0011189 seconds, Stopping threads took: 0.0004750 seconds
2016-11-15T05:30:08.218+0100: 5.411: Total time for which application threads were stopped: 0.0007028 seconds, Stopping threads took: 0.0002823 seconds
2016-11-15T05:30:08.219+0100: 5.412: Total time for which application threads were stopped: 0.0007667 seconds, Stopping threads took: 0.0002897 seconds
2016-11-15T05:30:08.220+0100: 5.413: Total time for which application threads were stopped: 0.0005819 seconds, Stopping threads took: 0.0002971 seconds
2016-11-15T05:30:08.221+0100: 5.414: Total time for which application threads were stopped: 0.0007157 seconds, Stopping threads took: 0.0002006 seconds
2016-11-15T05:30:08.225+0100: 5.417: Total time for which application threads were stopped: 0.0027636 seconds, Stopping threads took: 0.0002999 seconds
2016-11-15T05:30:08.226+0100: 5.419: Total time for which application threads were stopped: 0.0008050 seconds, Stopping threads took: 0.0002743 seconds
2016-11-15T05:30:08.231+0100: 5.424: Total time for which application threads were stopped: 0.0043325 seconds, Stopping threads took: 0.0002565 seconds
2016-11-15T05:30:08.235+0100: 5.428: Total time for which application threads were stopped: 0.0007463 seconds, Stopping threads took: 0.0002847 seconds
2016-11-15T05:30:08.236+0100: 5.428: Total time for which application threads were stopped: 0.0003937 seconds, Stopping threads took: 0.0000900 seconds
2016-11-15T05:30:08.236+0100: 5.429: Total time for which application threads were stopped: 0.0003429 seconds, Stopping threads took: 0.0000441 seconds
2016-11-15T05:30:08.238+0100: 5.431: Total time for which application threads were stopped: 0.0005669 seconds, Stopping threads took: 0.0002456 seconds
2016-11-15T05:30:08.239+0100: 5.431: Total time for which application threads were stopped: 0.0003847 seconds, Stopping threads took: 0.0000923 seconds
2016-11-15T05:30:08.239+0100: 5.431: Total time for which application threads were stopped: 0.0003679 seconds, Stopping threads took: 0.0000711 seconds
2016-11-15T05:30:08.240+0100: 5.433: Total time for which application threads were stopped: 0.0007667 seconds, Stopping threads took: 0.0002827 seconds
2016-11-15T05:30:08.241+0100: 5.434: Total time for which application threads were stopped: 0.0005619 seconds, Stopping threads took: 0.0001817 seconds
2016-11-15T05:30:08.242+0100: 5.434: Total time for which application threads were stopped: 0.0004033 seconds, Stopping threads took: 0.0000988 seconds
2016-11-15T05:30:08.243+0100: 5.435: Total time for which application threads were stopped: 0.0005849 seconds, Stopping threads took: 0.0002172 seconds
2016-11-15T05:30:08.244+0100: 5.436: Total time for which application threads were stopped: 0.0004517 seconds, Stopping threads took: 0.0001594 seconds
2016-11-15T05:30:08.244+0100: 5.436: Total time for which application threads were stopped: 0.0003804 seconds, Stopping threads took: 0.0000745 seconds
2016-11-15T05:30:08.246+0100: 5.438: Total time for which application threads were stopped: 0.0007199 seconds, Stopping threads took: 0.0002727 seconds
2016-11-15T05:30:08.248+0100: 5.440: Total time for which application threads were stopped: 0.0006359 seconds, Stopping threads took: 0.0002603 seconds
2016-11-15T05:30:08.248+0100: 5.441: Total time for which application threads were stopped: 0.0003984 seconds, Stopping threads took: 0.0001285 seconds
2016-11-15T05:30:08.249+0100: 5.441: Total time for which application threads were stopped: 0.0003490 seconds, Stopping threads took: 0.0000878 seconds
2016-11-15T05:30:08.250+0100: 5.443: Total time for which application threads were stopped: 0.0004571 seconds, Stopping threads took: 0.0001784 seconds
2016-11-15T05:30:08.251+0100: 5.443: Total time for which application threads were stopped: 0.0003658 seconds, Stopping threads took: 0.0001314 seconds
2016-11-15T05:30:08.251+0100: 5.444: Total time for which application threads were stopped: 0.0003365 seconds, Stopping threads took: 0.0001056 seconds
2016-11-15T05:30:08.252+0100: 5.444: Total time for which application threads were stopped: 0.0004189 seconds, Stopping threads took: 0.0001632 seconds
2016-11-15T05:30:08.255+0100: 5.448: Total time for which application threads were stopped: 0.0011125 seconds, Stopping threads took: 0.0007539 seconds
2016-11-15T05:30:08.257+0100: 5.449: Total time for which application threads were stopped: 0.0005800 seconds, Stopping threads took: 0.0003116 seconds
2016-11-15T05:30:08.257+0100: 5.449: Total time for which application threads were stopped: 0.0004211 seconds, Stopping threads took: 0.0001663 seconds
2016-11-15T05:30:08.257+0100: 5.450: Total time for which application threads were stopped: 0.0003290 seconds, Stopping threads took: 0.0000872 seconds
2016-11-15T05:30:08.260+0100: 5.452: Total time for which application threads were stopped: 0.0006025 seconds, Stopping threads took: 0.0002159 seconds
2016-11-15T05:30:08.260+0100: 5.453: Total time for which application threads were stopped: 0.0004085 seconds, Stopping threads took: 0.0001222 seconds
2016-11-15T05:30:08.261+0100: 5.453: Total time for which application threads were stopped: 0.0003699 seconds, Stopping threads took: 0.0001004 seconds
2016-11-15T05:30:08.262+0100: 5.454: Total time for which application threads were stopped: 0.0004798 seconds, Stopping threads took: 0.0002082 seconds
2016-11-15T05:30:08.262+0100: 5.455: Total time for which application threads were stopped: 0.0003262 seconds, Stopping threads took: 0.0000898 seconds
2016-11-15T05:30:08.263+0100: 5.455: Total time for which application threads were stopped: 0.0002908 seconds, Stopping threads took: 0.0000570 seconds
2016-11-15T05:30:08.264+0100: 5.456: Total time for which application threads were stopped: 0.0004469 seconds, Stopping threads took: 0.0001268 seconds
2016-11-15T05:30:08.264+0100: 5.457: Total time for which application threads were stopped: 0.0003768 seconds, Stopping threads took: 0.0001116 seconds
2016-11-15T05:30:08.265+0100: 5.457: Total time for which application threads were stopped: 0.0003659 seconds, Stopping threads took: 0.0000885 seconds
2016-11-15T05:30:08.267+0100: 5.459: Total time for which application threads were stopped: 0.0004910 seconds, Stopping threads took: 0.0001906 seconds
2016-11-15T05:30:08.267+0100: 5.459: Total time for which application threads were stopped: 0.0004319 seconds, Stopping threads took: 0.0001872 seconds
2016-11-15T05:30:08.267+0100: 5.460: Total time for which application threads were stopped: 0.0003196 seconds, Stopping threads took: 0.0000868 seconds
2016-11-15T05:30:08.268+0100: 5.460: Total time for which application threads were stopped: 0.0003202 seconds, Stopping threads took: 0.0000908 seconds
2016-11-15T05:30:08.270+0100: 5.462: Total time for which application threads were stopped: 0.0006716 seconds, Stopping threads took: 0.0003500 seconds
2016-11-15T05:30:08.270+0100: 5.463: Total time for which application threads were stopped: 0.0003732 seconds, Stopping threads took: 0.0001255 seconds
2016-11-15T05:30:08.272+0100: 5.465: Total time for which application threads were stopped: 0.0021637 seconds, Stopping threads took: 0.0000590 seconds
2016-11-15T05:30:08.274+0100: 5.466: Total time for which application threads were stopped: 0.0005523 seconds, Stopping threads took: 0.0001800 seconds
2016-11-15T05:30:08.274+0100: 5.467: Total time for which application threads were stopped: 0.0003990 seconds, Stopping threads took: 0.0001034 seconds
2016-11-15T05:30:08.277+0100: 5.469: Total time for which application threads were stopped: 0.0004698 seconds, Stopping threads took: 0.0002088 seconds
2016-11-15T05:30:08.277+0100: 5.469: Total time for which application threads were stopped: 0.0003329 seconds, Stopping threads took: 0.0000941 seconds
2016-11-15T05:30:08.279+0100: 5.471: Total time for which application threads were stopped: 0.0004960 seconds, Stopping threads took: 0.0001812 seconds
2016-11-15T05:30:08.279+0100: 5.472: Total time for which application threads were stopped: 0.0003306 seconds, Stopping threads took: 0.0000843 seconds
2016-11-15T05:30:08.280+0100: 5.473: Total time for which application threads were stopped: 0.0004411 seconds, Stopping threads took: 0.0001459 seconds
2016-11-15T05:30:08.281+0100: 5.473: Total time for which application threads were stopped: 0.0004164 seconds, Stopping threads took: 0.0001726 seconds
2016-11-15T05:30:08.282+0100: 5.474: Total time for which application threads were stopped: 0.0005154 seconds, Stopping threads took: 0.0002520 seconds
2016-11-15T05:30:08.282+0100: 5.475: Total time for which application threads were stopped: 0.0003372 seconds, Stopping threads took: 0.0000980 seconds
2016-11-15T05:30:08.284+0100: 5.477: Total time for which application threads were stopped: 0.0004615 seconds, Stopping threads took: 0.0001483 seconds
2016-11-15T05:30:08.284+0100: 5.477: Total time for which application threads were stopped: 0.0003142 seconds, Stopping threads took: 0.0000782 seconds
2016-11-15T05:30:08.286+0100: 5.479: Total time for which application threads were stopped: 0.0005307 seconds, Stopping threads took: 0.0001884 seconds
2016-11-15T05:30:08.287+0100: 5.479: Total time for which application threads were stopped: 0.0004412 seconds, Stopping threads took: 0.0001039 seconds
2016-11-15T05:30:08.288+0100: 5.480: Total time for which application threads were stopped: 0.0004554 seconds, Stopping threads took: 0.0001130 seconds
2016-11-15T05:30:08.289+0100: 5.481: Total time for which application threads were stopped: 0.0004035 seconds, Stopping threads took: 0.0001570 seconds
2016-11-15T05:30:08.289+0100: 5.482: Total time for which application threads were stopped: 0.0003453 seconds, Stopping threads took: 0.0000980 seconds
2016-11-15T05:30:08.291+0100: 5.483: Total time for which application threads were stopped: 0.0004118 seconds, Stopping threads took: 0.0001195 seconds
2016-11-15T05:30:08.291+0100: 5.484: Total time for which application threads were stopped: 0.0003550 seconds, Stopping threads took: 0.0001042 seconds
2016-11-15T05:30:08.296+0100: 5.488: Total time for which application threads were stopped: 0.0035769 seconds, Stopping threads took: 0.0001740 seconds
2016-11-15T05:30:08.300+0100: 5.493: Total time for which application threads were stopped: 0.0041716 seconds, Stopping threads took: 0.0001255 seconds
2016-11-15T05:30:08.313+0100: 5.505: Total time for which application threads were stopped: 0.0026844 seconds, Stopping threads took: 0.0001750 seconds
2016-11-15T05:30:08.314+0100: 5.507: Total time for which application threads were stopped: 0.0006151 seconds, Stopping threads took: 0.0001443 seconds
2016-11-15T05:30:08.315+0100: 5.507: Total time for which application threads were stopped: 0.0004550 seconds, Stopping threads took: 0.0001410 seconds
2016-11-15T05:30:08.356+0100: 5.548: Total time for which application threads were stopped: 0.0010414 seconds, Stopping threads took: 0.0002814 seconds
2016-11-15T05:30:08.358+0100: 5.551: Total time for which application threads were stopped: 0.0006056 seconds, Stopping threads took: 0.0001682 seconds
2016-11-15T05:30:08.360+0100: 5.552: Total time for which application threads were stopped: 0.0005173 seconds, Stopping threads took: 0.0001163 seconds
2016-11-15T05:30:08.362+0100: 5.555: Total time for which application threads were stopped: 0.0009029 seconds, Stopping threads took: 0.0002470 seconds
2016-11-15T05:30:08.364+0100: 5.557: Total time for which application threads were stopped: 0.0009690 seconds, Stopping threads took: 0.0002543 seconds
2016-11-15T05:30:08.365+0100: 5.558: Total time for which application threads were stopped: 0.0005278 seconds, Stopping threads took: 0.0001678 seconds
2016-11-15T05:30:08.366+0100: 5.559: Total time for which application threads were stopped: 0.0005055 seconds, Stopping threads took: 0.0001414 seconds
2016-11-15T05:30:08.371+0100: 5.563: Total time for which application threads were stopped: 0.0005225 seconds, Stopping threads took: 0.0001348 seconds
2016-11-15T05:30:08.374+0100: 5.566: Total time for which application threads were stopped: 0.0005362 seconds, Stopping threads took: 0.0001305 seconds
2016-11-15T05:30:08.400+0100: 5.592: Total time for which application threads were stopped: 0.0008020 seconds, Stopping threads took: 0.0001461 seconds
2016-11-15T05:30:08.400+0100: 5.593: Total time for which application threads were stopped: 0.0004484 seconds, Stopping threads took: 0.0000939 seconds
2016-11-15T05:30:08.401+0100: 5.593: Total time for which application threads were stopped: 0.0004355 seconds, Stopping threads took: 0.0001151 seconds
2016-11-15T05:30:08.402+0100: 5.594: Total time for which application threads were stopped: 0.0004256 seconds, Stopping threads took: 0.0000913 seconds
2016-11-15T05:30:08.402+0100: 5.594: Total time for which application threads were stopped: 0.0004013 seconds, Stopping threads took: 0.0000770 seconds
2016-11-15T05:30:08.402+0100: 5.595: Total time for which application threads were stopped: 0.0003680 seconds, Stopping threads took: 0.0000547 seconds
2016-11-15T05:30:08.403+0100: 5.595: Total time for which application threads were stopped: 0.0003873 seconds, Stopping threads took: 0.0000749 seconds
2016-11-15T05:30:08.403+0100: 5.596: Total time for which application threads were stopped: 0.0003869 seconds, Stopping threads took: 0.0000712 seconds
2016-11-15T05:30:08.404+0100: 5.596: Total time for which application threads were stopped: 0.0003846 seconds, Stopping threads took: 0.0000814 seconds
2016-11-15T05:30:08.404+0100: 5.597: Total time for which application threads were stopped: 0.0003750 seconds, Stopping threads took: 0.0000773 seconds
2016-11-15T05:30:08.405+0100: 5.597: Total time for which application threads were stopped: 0.0003679 seconds, Stopping threads took: 0.0000730 seconds
2016-11-15T05:30:08.405+0100: 5.597: Total time for which application threads were stopped: 0.0003871 seconds, Stopping threads took: 0.0000801 seconds
2016-11-15T05:30:08.405+0100: 5.598: Total time for which application threads were stopped: 0.0003592 seconds, Stopping threads took: 0.0000613 seconds
2016-11-15T05:30:08.406+0100: 5.599: Total time for which application threads were stopped: 0.0006785 seconds, Stopping threads took: 0.0000912 seconds
2016-11-15T05:30:08.406+0100: 5.599: Total time for which application threads were stopped: 0.0003014 seconds, Stopping threads took: 0.0000491 seconds
2016-11-15T05:30:08.407+0100: 5.599: Total time for which application threads were stopped: 0.0003176 seconds, Stopping threads took: 0.0000728 seconds
2016-11-15T05:30:08.407+0100: 5.600: Total time for which application threads were stopped: 0.0003511 seconds, Stopping threads took: 0.0001062 seconds
2016-11-15T05:30:08.408+0100: 5.600: Total time for which application threads were stopped: 0.0003756 seconds, Stopping threads took: 0.0000950 seconds
2016-11-15T05:30:08.410+0100: 5.603: Total time for which application threads were stopped: 0.0025585 seconds, Stopping threads took: 0.0000856 seconds
2016-11-15T05:30:08.412+0100: 5.604: Total time for which application threads were stopped: 0.0005867 seconds, Stopping threads took: 0.0001393 seconds
2016-11-15T05:30:08.412+0100: 5.604: Total time for which application threads were stopped: 0.0004285 seconds, Stopping threads took: 0.0001103 seconds
2016-11-15T05:30:08.412+0100: 5.605: Total time for which application threads were stopped: 0.0003308 seconds, Stopping threads took: 0.0000673 seconds
2016-11-15T05:30:08.413+0100: 5.605: Total time for which application threads were stopped: 0.0004411 seconds, Stopping threads took: 0.0000945 seconds
2016-11-15T05:30:08.413+0100: 5.606: Total time for which application threads were stopped: 0.0003946 seconds, Stopping threads took: 0.0001357 seconds
2016-11-15T05:30:08.414+0100: 5.606: Total time for which application threads were stopped: 0.0003325 seconds, Stopping threads took: 0.0000952 seconds
2016-11-15T05:30:08.414+0100: 5.607: Total time for which application threads were stopped: 0.0003195 seconds, Stopping threads took: 0.0000850 seconds
2016-11-15T05:30:08.414+0100: 5.607: Total time for which application threads were stopped: 0.0003045 seconds, Stopping threads took: 0.0000727 seconds
2016-11-15T05:30:08.415+0100: 5.607: Total time for which application threads were stopped: 0.0003037 seconds, Stopping threads took: 0.0000672 seconds
2016-11-15T05:30:08.415+0100: 5.608: Total time for which application threads were stopped: 0.0003409 seconds, Stopping threads took: 0.0000935 seconds
2016-11-15T05:30:08.416+0100: 5.608: Total time for which application threads were stopped: 0.0003009 seconds, Stopping threads took: 0.0000594 seconds
2016-11-15T05:30:08.416+0100: 5.608: Total time for which application threads were stopped: 0.0002939 seconds, Stopping threads took: 0.0000449 seconds
2016-11-15T05:30:08.416+0100: 5.609: Total time for which application threads were stopped: 0.0003573 seconds, Stopping threads took: 0.0000964 seconds
2016-11-15T05:30:08.417+0100: 5.609: Total time for which application threads were stopped: 0.0003489 seconds, Stopping threads took: 0.0001072 seconds
2016-11-15T05:30:08.417+0100: 5.610: Total time for which application threads were stopped: 0.0003352 seconds, Stopping threads took: 0.0000843 seconds
2016-11-15T05:30:08.417+0100: 5.610: Total time for which application threads were stopped: 0.0003128 seconds, Stopping threads took: 0.0000569 seconds
2016-11-15T05:30:08.418+0100: 5.610: Total time for which application threads were stopped: 0.0002937 seconds, Stopping threads took: 0.0000468 seconds
2016-11-15T05:30:08.418+0100: 5.611: Total time for which application threads were stopped: 0.0003638 seconds, Stopping threads took: 0.0001224 seconds
2016-11-15T05:30:08.420+0100: 5.613: Total time for which application threads were stopped: 0.0022608 seconds, Stopping threads took: 0.0001042 seconds
2016-11-15T05:30:08.427+0100: 5.620: Total time for which application threads were stopped: 0.0016415 seconds, Stopping threads took: 0.0001731 seconds
2016-11-15T05:30:08.433+0100: 5.625: Total time for which application threads were stopped: 0.0008850 seconds, Stopping threads took: 0.0004482 seconds
2016-11-15T05:30:08.435+0100: 5.627: Total time for which application threads were stopped: 0.0016385 seconds, Stopping threads took: 0.0011518 seconds
2016-11-15T05:30:08.436+0100: 5.629: Total time for which application threads were stopped: 0.0008467 seconds, Stopping threads took: 0.0004136 seconds
2016-11-15T05:30:08.437+0100: 5.629: Total time for which application threads were stopped: 0.0004230 seconds, Stopping threads took: 0.0001232 seconds
2016-11-15T05:30:08.437+0100: 5.630: Total time for which application threads were stopped: 0.0004107 seconds, Stopping threads took: 0.0001319 seconds
2016-11-15T05:30:08.454+0100: 5.647: Total time for which application threads were stopped: 0.0017399 seconds, Stopping threads took: 0.0009820 seconds
2016-11-15T05:30:08.455+0100: 5.648: Total time for which application threads were stopped: 0.0005855 seconds, Stopping threads took: 0.0001756 seconds
2016-11-15T05:30:08.467+0100: 5.659: Total time for which application threads were stopped: 0.0008179 seconds, Stopping threads took: 0.0001868 seconds
2016-11-15T05:30:08.468+0100: 5.660: Total time for which application threads were stopped: 0.0004240 seconds, Stopping threads took: 0.0001018 seconds
2016-11-15T05:30:08.473+0100: 5.665: Total time for which application threads were stopped: 0.0026751 seconds, Stopping threads took: 0.0002785 seconds
2016-11-15T05:30:08.481+0100: 5.674: Total time for which application threads were stopped: 0.0009505 seconds, Stopping threads took: 0.0003555 seconds
2016-11-15T05:30:08.482+0100: 5.674: Total time for which application threads were stopped: 0.0004311 seconds, Stopping threads took: 0.0001281 seconds
2016-11-15T05:30:08.502+0100: 5.694: Total time for which application threads were stopped: 0.0025050 seconds, Stopping threads took: 0.0004939 seconds
2016-11-15T05:30:08.528+0100: 5.720: Total time for which application threads were stopped: 0.0031930 seconds, Stopping threads took: 0.0001479 seconds
2016-11-15T05:30:08.544+0100: 5.736: Total time for which application threads were stopped: 0.0010948 seconds, Stopping threads took: 0.0003249 seconds
2016-11-15T05:30:08.545+0100: 5.737: Total time for which application threads were stopped: 0.0004743 seconds, Stopping threads took: 0.0001003 seconds
2016-11-15T05:30:08.546+0100: 5.738: Total time for which application threads were stopped: 0.0005103 seconds, Stopping threads took: 0.0001176 seconds
2016-11-15T05:30:08.546+0100: 5.739: Total time for which application threads were stopped: 0.0005154 seconds, Stopping threads took: 0.0001505 seconds
2016-11-15T05:30:08.547+0100: 5.739: Total time for which application threads were stopped: 0.0005160 seconds, Stopping threads took: 0.0001468 seconds
2016-11-15T05:30:08.548+0100: 5.740: Total time for which application threads were stopped: 0.0004522 seconds, Stopping threads took: 0.0000938 seconds
2016-11-15T05:30:08.548+0100: 5.741: Total time for which application threads were stopped: 0.0005743 seconds, Stopping threads took: 0.0001728 seconds
2016-11-15T05:30:08.549+0100: 5.741: Total time for which application threads were stopped: 0.0004849 seconds, Stopping threads took: 0.0001208 seconds
2016-11-15T05:30:08.549+0100: 5.742: Total time for which application threads were stopped: 0.0004719 seconds, Stopping threads took: 0.0001103 seconds
2016-11-15T05:30:08.550+0100: 5.742: Total time for which application threads were stopped: 0.0005180 seconds, Stopping threads took: 0.0001511 seconds
2016-11-15T05:30:08.551+0100: 5.743: Total time for which application threads were stopped: 0.0005921 seconds, Stopping threads took: 0.0002158 seconds
2016-11-15T05:30:08.553+0100: 5.746: Total time for which application threads were stopped: 0.0017858 seconds, Stopping threads took: 0.0001656 seconds
2016-11-15T05:30:08.554+0100: 5.746: Total time for which application threads were stopped: 0.0006166 seconds, Stopping threads took: 0.0001850 seconds
2016-11-15T05:30:08.555+0100: 5.747: Total time for which application threads were stopped: 0.0006351 seconds, Stopping threads took: 0.0002152 seconds
2016-11-15T05:30:08.556+0100: 5.748: Total time for which application threads were stopped: 0.0005600 seconds, Stopping threads took: 0.0001580 seconds
2016-11-15T05:30:08.557+0100: 5.749: Total time for which application threads were stopped: 0.0006189 seconds, Stopping threads took: 0.0002057 seconds
2016-11-15T05:30:08.557+0100: 5.750: Total time for which application threads were stopped: 0.0005842 seconds, Stopping threads took: 0.0001640 seconds
2016-11-15T05:30:08.558+0100: 5.751: Total time for which application threads were stopped: 0.0006831 seconds, Stopping threads took: 0.0002304 seconds
2016-11-15T05:30:08.559+0100: 5.751: Total time for which application threads were stopped: 0.0005814 seconds, Stopping threads took: 0.0001432 seconds
2016-11-15T05:30:08.560+0100: 5.752: Total time for which application threads were stopped: 0.0007086 seconds, Stopping threads took: 0.0002799 seconds
2016-11-15T05:30:08.563+0100: 5.756: Total time for which application threads were stopped: 0.0029413 seconds, Stopping threads took: 0.0002439 seconds
2016-11-15T05:30:08.564+0100: 5.757: Total time for which application threads were stopped: 0.0006343 seconds, Stopping threads took: 0.0002223 seconds
2016-11-15T05:30:08.567+0100: 5.760: Total time for which application threads were stopped: 0.0025905 seconds, Stopping threads took: 0.0003196 seconds
2016-11-15T05:30:08.595+0100: 5.788: Total time for which application threads were stopped: 0.0044613 seconds, Stopping threads took: 0.0006227 seconds
2016-11-15T05:30:08.604+0100: 5.797: Total time for which application threads were stopped: 0.0058175 seconds, Stopping threads took: 0.0020412 seconds
2016-11-15T05:30:08.622+0100: 5.815: Total time for which application threads were stopped: 0.0044843 seconds, Stopping threads took: 0.0009643 seconds
2016-11-15T05:30:08.631+0100: 5.824: Total time for which application threads were stopped: 0.0047913 seconds, Stopping threads took: 0.0012079 seconds
2016-11-15T05:30:09.570+0100: 6.762: [GC pause (G1 Evacuation Pause) (young)
Desired survivor size 25690112 bytes, new threshold 15 (max 15)
- age   1:    4857080 bytes,    4857080 total
2016-11-15T05:30:09.594+0100: 6.787: [SoftReference, 0 refs, 0.0071843 secs]2016-11-15T05:30:09.601+0100: 6.794: [WeakReference, 198 refs, 0.0027706 secs]2016-11-15T05:30:09.604+0100: 6.797: [FinalReference, 19136 refs, 0.0099259 secs]2016-11-15T05:30:09.614+0100: 6.806: [PhantomReference, 0 refs, 0 refs, 0.0056667 secs]2016-11-15T05:30:09.620+0100: 6.812: [JNI Weak Reference, 0.0000220 secs], 0.0723112 secs]
   [Parallel Time: 21.7 ms, GC Workers: 43]
      [GC Worker Start (ms): Min: 6762.9, Avg: 6763.3, Max: 6763.8, Diff: 0.9]
      [Ext Root Scanning (ms): Min: 3.3, Avg: 4.4, Max: 8.7, Diff: 5.3, Sum: 187.5]
      [Update RS (ms): Min: 0.0, Avg: 3.0, Max: 4.5, Diff: 4.5, Sum: 127.4]
         [Processed Buffers: Min: 0, Avg: 4.7, Max: 18, Diff: 18, Sum: 203]
      [Scan RS (ms): Min: 0.0, Avg: 0.7, Max: 1.3, Diff: 1.2, Sum: 31.8]
      [Code Root Scanning (ms): Min: 0.0, Avg: 0.0, Max: 0.3, Diff: 0.3, Sum: 1.9]
      [Object Copy (ms): Min: 11.6, Avg: 12.0, Max: 12.5, Diff: 0.9, Sum: 517.4]
      [Termination (ms): Min: 0.0, Avg: 0.0, Max: 0.0, Diff: 0.0, Sum: 1.2]
         [Termination Attempts: Min: 1, Avg: 1.0, Max: 1, Diff: 0, Sum: 43]
      [GC Worker Other (ms): Min: 0.0, Avg: 0.2, Max: 0.5, Diff: 0.4, Sum: 8.7]
      [GC Worker Total (ms): Min: 19.7, Avg: 20.4, Max: 20.9, Diff: 1.2, Sum: 875.9]
      [GC Worker End (ms): Min: 6783.5, Avg: 6783.7, Max: 6784.0, Diff: 0.4]
   [Code Root Fixup: 0.2 ms]
   [Code Root Purge: 0.0 ms]
   [String Dedup Fixup: 1.7 ms, GC Workers: 43]
      [Queue Fixup (ms): Min: 0.0, Avg: 0.0, Max: 0.0, Diff: 0.0, Sum: 0.2]
      [Table Fixup (ms): Min: 0.0, Avg: 0.7, Max: 1.0, Diff: 1.0, Sum: 29.2]
   [Clear CT: 15.2 ms]
   [Other: 33.5 ms]
      [Choose CSet: 0.0 ms]
      [Ref Proc: 27.5 ms]
      [Ref Enq: 1.2 ms]
      [Redirty Cards: 1.2 ms]
      [Humongous Register: 0.1 ms]
      [Humongous Reclaim: 0.0 ms]
      [Free CSet: 2.1 ms]
   [Eden: 368.0M(368.0M)->0.0B(266.0M) Survivors: 21.0M->49.0M Heap: 599.6M(2048.0M)->317.5M(2048.0M)]
 [Times: user=0.94 sys=0.21, real=0.07 secs] 
2016-11-15T05:30:09.643+0100: 6.835: Total time for which application threads were stopped: 0.0832668 seconds, Stopping threads took: 0.0090972 seconds
2016-11-15T05:30:09.645+0100: 6.837: [GC concurrent-string-deduplication, 74.2K->8496.0B(65.9K), avg 43.2%, 0.0014120 secs]
2016-11-15T05:30:09.665+0100: 6.858: Total time for which application threads were stopped: 0.0040024 seconds, Stopping threads took: 0.0030210 seconds
2016-11-15T05:30:09.698+0100: 6.890: Total time for which application threads were stopped: 0.0066225 seconds, Stopping threads took: 0.0017375 seconds
2016-11-15T05:30:10.079+0100: 7.271: Total time for which application threads were stopped: 0.0493907 seconds, Stopping threads took: 0.0480599 seconds
2016-11-15T05:30:10.081+0100: 7.273: Total time for which application threads were stopped: 0.0016097 seconds, Stopping threads took: 0.0006013 seconds
2016-11-15T05:30:10.237+0100: 7.430: Total time for which application threads were stopped: 0.0200129 seconds, Stopping threads took: 0.0189498 seconds
2016-11-15T05:30:10.256+0100: 7.448: Total time for which application threads were stopped: 0.0148175 seconds, Stopping threads took: 0.0128779 seconds
2016-11-15T05:30:10.267+0100: 7.460: Total time for which application threads were stopped: 0.0103456 seconds, Stopping threads took: 0.0095007 seconds
2016-11-15T05:30:10.328+0100: 7.521: Total time for which application threads were stopped: 0.0045923 seconds, Stopping threads took: 0.0036233 seconds
2016-11-15T05:30:10.338+0100: 7.531: Total time for which application threads were stopped: 0.0098089 seconds, Stopping threads took: 0.0089853 seconds
2016-11-15T05:30:10.339+0100: 7.532: Total time for which application threads were stopped: 0.0005096 seconds, Stopping threads took: 0.0000970 seconds
2016-11-15T05:30:10.340+0100: 7.532: Total time for which application threads were stopped: 0.0005012 seconds, Stopping threads took: 0.0000611 seconds
2016-11-15T05:30:10.557+0100: 7.749: Total time for which application threads were stopped: 0.0022884 seconds, Stopping threads took: 0.0007260 seconds
2016-11-15T05:30:10.566+0100: 7.758: Total time for which application threads were stopped: 0.0049392 seconds, Stopping threads took: 0.0039217 seconds
2016-11-15T05:30:10.583+0100: 7.775: Total time for which application threads were stopped: 0.0084028 seconds, Stopping threads took: 0.0068931 seconds
2016-11-15T05:30:10.598+0100: 7.790: Total time for which application threads were stopped: 0.0029796 seconds, Stopping threads took: 0.0008831 seconds
2016-11-15T05:30:10.613+0100: 7.806: Total time for which application threads were stopped: 0.0100267 seconds, Stopping threads took: 0.0075115 seconds
2016-11-15T05:30:10.644+0100: 7.836: Total time for which application threads were stopped: 0.0120129 seconds, Stopping threads took: 0.0100518 seconds
2016-11-15T05:30:10.700+0100: 7.892: Total time for which application threads were stopped: 0.0019190 seconds, Stopping threads took: 0.0003282 seconds
2016-11-15T05:30:10.781+0100: 7.973: Total time for which application threads were stopped: 0.0216357 seconds, Stopping threads took: 0.0186745 seconds
2016-11-15T05:30:10.815+0100: 8.007: Total time for which application threads were stopped: 0.0082636 seconds, Stopping threads took: 0.0070079 seconds
2016-11-15T05:30:10.824+0100: 8.016: Total time for which application threads were stopped: 0.0085955 seconds, Stopping threads took: 0.0078962 seconds
2016-11-15T05:30:10.833+0100: 8.025: Total time for which application threads were stopped: 0.0058513 seconds, Stopping threads took: 0.0033871 seconds
2016-11-15T05:30:10.843+0100: 8.036: Total time for which application threads were stopped: 0.0039365 seconds, Stopping threads took: 0.0024045 seconds
2016-11-15T05:30:10.860+0100: 8.053: Total time for which application threads were stopped: 0.0149192 seconds, Stopping threads took: 0.0119958 seconds
2016-11-15T05:30:10.903+0100: 8.095: Total time for which application threads were stopped: 0.0294888 seconds, Stopping threads took: 0.0272449 seconds
2016-11-15T05:30:10.917+0100: 8.109: Total time for which application threads were stopped: 0.0131913 seconds, Stopping threads took: 0.0101386 seconds
2016-11-15T05:30:10.919+0100: 8.112: Total time for which application threads were stopped: 0.0015276 seconds, Stopping threads took: 0.0006515 seconds
2016-11-15T05:30:10.921+0100: 8.114: Total time for which application threads were stopped: 0.0013155 seconds, Stopping threads took: 0.0003087 seconds
2016-11-15T05:30:10.928+0100: 8.120: Total time for which application threads were stopped: 0.0049633 seconds, Stopping threads took: 0.0038975 seconds
2016-11-15T05:30:10.930+0100: 8.123: Total time for which application threads were stopped: 0.0014876 seconds, Stopping threads took: 0.0004445 seconds
2016-11-15T05:30:10.945+0100: 8.137: Total time for which application threads were stopped: 0.0111751 seconds, Stopping threads took: 0.0097060 seconds
2016-11-15T05:30:10.980+0100: 8.172: Total time for which application threads were stopped: 0.0199737 seconds, Stopping threads took: 0.0181792 seconds
2016-11-15T05:30:10.991+0100: 8.183: Total time for which application threads were stopped: 0.0094522 seconds, Stopping threads took: 0.0084532 seconds
2016-11-15T05:30:10.994+0100: 8.186: Total time for which application threads were stopped: 0.0008390 seconds, Stopping threads took: 0.0002425 seconds
2016-11-15T05:30:11.022+0100: 8.215: Total time for which application threads were stopped: 0.0067661 seconds, Stopping threads took: 0.0054637 seconds
2016-11-15T05:30:11.054+0100: 8.246: Total time for which application threads were stopped: 0.0098489 seconds, Stopping threads took: 0.0074179 seconds
2016-11-15T05:30:11.116+0100: 8.308: Total time for which application threads were stopped: 0.0034817 seconds, Stopping threads took: 0.0022501 seconds
2016-11-15T05:30:11.122+0100: 8.314: Total time for which application threads were stopped: 0.0033479 seconds, Stopping threads took: 0.0024624 seconds
2016-11-15T05:30:11.153+0100: 8.346: Total time for which application threads were stopped: 0.0082263 seconds, Stopping threads took: 0.0060218 seconds
2016-11-15T05:30:11.218+0100: 8.411: Total time for which application threads were stopped: 0.0482969 seconds, Stopping threads took: 0.0078646 seconds
2016-11-15T05:30:11.321+0100: 8.514: Total time for which application threads were stopped: 0.0067179 seconds, Stopping threads took: 0.0047421 seconds
2016-11-15T05:30:11.328+0100: 8.521: Total time for which application threads were stopped: 0.0017143 seconds, Stopping threads took: 0.0009870 seconds
2016-11-15T05:30:11.329+0100: 8.521: Total time for which application threads were stopped: 0.0007819 seconds, Stopping threads took: 0.0001635 seconds
2016-11-15T05:30:11.331+0100: 8.523: Total time for which application threads were stopped: 0.0013923 seconds, Stopping threads took: 0.0005762 seconds
2016-11-15T05:30:11.333+0100: 8.525: Total time for which application threads were stopped: 0.0006617 seconds, Stopping threads took: 0.0001731 seconds
2016-11-15T05:30:11.424+0100: 8.617: Total time for which application threads were stopped: 0.0014905 seconds, Stopping threads took: 0.0003275 seconds
2016-11-15T05:30:11.536+0100: 8.728: Total time for which application threads were stopped: 0.0018760 seconds, Stopping threads took: 0.0005881 seconds
2016-11-15T05:30:11.582+0100: 8.775: Total time for which application threads were stopped: 0.0011722 seconds, Stopping threads took: 0.0002237 seconds
2016-11-15T05:30:11.586+0100: 8.779: Total time for which application threads were stopped: 0.0006358 seconds, Stopping threads took: 0.0001036 seconds
2016-11-15T05:30:11.608+0100: 8.800: Total time for which application threads were stopped: 0.0008567 seconds, Stopping threads took: 0.0001209 seconds
2016-11-15T05:30:11.609+0100: 8.801: Total time for which application threads were stopped: 0.0006408 seconds, Stopping threads took: 0.0001387 seconds
2016-11-15T05:30:11.610+0100: 8.802: Total time for which application threads were stopped: 0.0006640 seconds, Stopping threads took: 0.0001755 seconds
2016-11-15T05:30:11.610+0100: 8.803: Total time for which application threads were stopped: 0.0006604 seconds, Stopping threads took: 0.0001008 seconds
2016-11-15T05:30:11.628+0100: 8.820: Total time for which application threads were stopped: 0.0040733 seconds, Stopping threads took: 0.0002499 seconds
2016-11-15T05:30:11.631+0100: 8.824: Total time for which application threads were stopped: 0.0011032 seconds, Stopping threads took: 0.0003155 seconds
2016-11-15T05:30:11.633+0100: 8.825: Total time for which application threads were stopped: 0.0012728 seconds, Stopping threads took: 0.0003592 seconds
2016-11-15T05:30:11.643+0100: 8.836: Total time for which application threads were stopped: 0.0011805 seconds, Stopping threads took: 0.0002167 seconds
2016-11-15T05:30:11.648+0100: 8.841: Total time for which application threads were stopped: 0.0015610 seconds, Stopping threads took: 0.0002008 seconds
2016-11-15T05:30:11.650+0100: 8.842: Total time for which application threads were stopped: 0.0010365 seconds, Stopping threads took: 0.0002834 seconds
2016-11-15T05:30:11.689+0100: 8.882: Total time for which application threads were stopped: 0.0010883 seconds, Stopping threads took: 0.0001930 seconds
2016-11-15T05:30:11.696+0100: 8.889: Total time for which application threads were stopped: 0.0009385 seconds, Stopping threads took: 0.0002171 seconds
2016-11-15T05:30:11.697+0100: 8.889: Total time for which application threads were stopped: 0.0006710 seconds, Stopping threads took: 0.0001487 seconds
2016-11-15T05:30:11.698+0100: 8.890: Total time for which application threads were stopped: 0.0006849 seconds, Stopping threads took: 0.0001506 seconds
2016-11-15T05:30:11.711+0100: 8.904: Total time for which application threads were stopped: 0.0011455 seconds, Stopping threads took: 0.0002551 seconds
2016-11-15T05:30:11.713+0100: 8.906: Total time for which application threads were stopped: 0.0008779 seconds, Stopping threads took: 0.0002615 seconds
2016-11-15T05:30:11.714+0100: 8.907: Total time for which application threads were stopped: 0.0007418 seconds, Stopping threads took: 0.0001610 seconds
2016-11-15T05:30:11.716+0100: 8.908: Total time for which application threads were stopped: 0.0007836 seconds, Stopping threads took: 0.0001912 seconds
2016-11-15T05:30:11.716+0100: 8.909: Total time for which application threads were stopped: 0.0006521 seconds, Stopping threads took: 0.0000716 seconds
2016-11-15T05:30:11.718+0100: 8.910: Total time for which application threads were stopped: 0.0008830 seconds, Stopping threads took: 0.0003016 seconds
2016-11-15T05:30:11.725+0100: 8.917: Total time for which application threads were stopped: 0.0010307 seconds, Stopping threads took: 0.0003113 seconds
2016-11-15T05:30:11.728+0100: 8.921: Total time for which application threads were stopped: 0.0008468 seconds, Stopping threads took: 0.0002050 seconds
2016-11-15T05:30:11.734+0100: 8.927: Total time for which application threads were stopped: 0.0009516 seconds, Stopping threads took: 0.0002175 seconds
2016-11-15T05:30:11.739+0100: 8.931: Total time for which application threads were stopped: 0.0009879 seconds, Stopping threads took: 0.0002587 seconds
2016-11-15T05:30:11.744+0100: 8.937: Total time for which application threads were stopped: 0.0050983 seconds, Stopping threads took: 0.0021489 seconds
2016-11-15T05:30:11.785+0100: 8.977: Total time for which application threads were stopped: 0.0042057 seconds, Stopping threads took: 0.0012681 seconds
2016-11-15T05:30:11.813+0100: 9.006: Total time for which application threads were stopped: 0.0011735 seconds, Stopping threads took: 0.0002740 seconds
2016-11-15T05:30:11.820+0100: 9.012: Total time for which application threads were stopped: 0.0013779 seconds, Stopping threads took: 0.0004809 seconds
2016-11-15T05:30:11.822+0100: 9.014: Total time for which application threads were stopped: 0.0009133 seconds, Stopping threads took: 0.0004417 seconds
2016-11-15T05:30:11.824+0100: 9.016: Total time for which application threads were stopped: 0.0008922 seconds, Stopping threads took: 0.0003836 seconds
2016-11-15T05:30:11.825+0100: 9.017: Total time for which application threads were stopped: 0.0009106 seconds, Stopping threads took: 0.0003973 seconds
2016-11-15T05:30:11.827+0100: 9.020: Total time for which application threads were stopped: 0.0007630 seconds, Stopping threads took: 0.0002759 seconds
2016-11-15T05:30:11.829+0100: 9.021: Total time for which application threads were stopped: 0.0006766 seconds, Stopping threads took: 0.0002296 seconds
2016-11-15T05:30:11.829+0100: 9.022: Total time for which application threads were stopped: 0.0005061 seconds, Stopping threads took: 0.0000960 seconds
2016-11-15T05:30:11.836+0100: 9.029: Total time for which application threads were stopped: 0.0011033 seconds, Stopping threads took: 0.0004260 seconds
2016-11-15T05:30:11.838+0100: 9.031: Total time for which application threads were stopped: 0.0012364 seconds, Stopping threads took: 0.0006583 seconds
2016-11-15T05:30:11.842+0100: 9.035: Total time for which application threads were stopped: 0.0015742 seconds, Stopping threads took: 0.0007486 seconds
2016-11-15T05:30:11.849+0100: 9.042: Total time for which application threads were stopped: 0.0017908 seconds, Stopping threads took: 0.0009144 seconds
2016-11-15T05:30:11.851+0100: 9.043: Total time for which application threads were stopped: 0.0012312 seconds, Stopping threads took: 0.0006323 seconds
2016-11-15T05:30:11.864+0100: 9.056: Total time for which application threads were stopped: 0.0028924 seconds, Stopping threads took: 0.0020877 seconds
2016-11-15T05:30:11.875+0100: 9.068: Total time for which application threads were stopped: 0.0015585 seconds, Stopping threads took: 0.0009042 seconds
2016-11-15T05:30:11.881+0100: 9.074: Total time for which application threads were stopped: 0.0042149 seconds, Stopping threads took: 0.0008006 seconds
2016-11-15T05:30:11.884+0100: 9.077: Total time for which application threads were stopped: 0.0017447 seconds, Stopping threads took: 0.0010932 seconds
2016-11-15T05:30:11.890+0100: 9.083: Total time for which application threads were stopped: 0.0020023 seconds, Stopping threads took: 0.0010324 seconds
2016-11-15T05:30:11.895+0100: 9.088: Total time for which application threads were stopped: 0.0029404 seconds, Stopping threads took: 0.0022308 seconds
2016-11-15T05:30:11.901+0100: 9.093: Total time for which application threads were stopped: 0.0048913 seconds, Stopping threads took: 0.0012932 seconds
2016-11-15T05:30:11.911+0100: 9.103: Total time for which application threads were stopped: 0.0014874 seconds, Stopping threads took: 0.0006511 seconds
2016-11-15T05:30:11.914+0100: 9.106: Total time for which application threads were stopped: 0.0012699 seconds, Stopping threads took: 0.0006284 seconds
2016-11-15T05:30:11.920+0100: 9.112: Total time for which application threads were stopped: 0.0011233 seconds, Stopping threads took: 0.0004304 seconds
2016-11-15T05:30:11.921+0100: 9.114: Total time for which application threads were stopped: 0.0009728 seconds, Stopping threads took: 0.0004153 seconds
2016-11-15T05:30:11.922+0100: 9.115: Total time for which application threads were stopped: 0.0005955 seconds, Stopping threads took: 0.0001983 seconds
2016-11-15T05:30:11.930+0100: 9.123: Total time for which application threads were stopped: 0.0008904 seconds, Stopping threads took: 0.0003337 seconds
2016-11-15T05:30:11.932+0100: 9.125: Total time for which application threads were stopped: 0.0007228 seconds, Stopping threads took: 0.0002872 seconds
2016-11-15T05:30:11.933+0100: 9.126: Total time for which application threads were stopped: 0.0008534 seconds, Stopping threads took: 0.0004121 seconds
2016-11-15T05:30:11.936+0100: 9.128: Total time for which application threads were stopped: 0.0008270 seconds, Stopping threads took: 0.0003902 seconds
2016-11-15T05:30:11.937+0100: 9.130: Total time for which application threads were stopped: 0.0008355 seconds, Stopping threads took: 0.0004155 seconds
2016-11-15T05:30:11.943+0100: 9.135: Total time for which application threads were stopped: 0.0024182 seconds, Stopping threads took: 0.0015654 seconds
2016-11-15T05:30:11.945+0100: 9.138: Total time for which application threads were stopped: 0.0008837 seconds, Stopping threads took: 0.0004095 seconds
2016-11-15T05:30:11.947+0100: 9.139: Total time for which application threads were stopped: 0.0008231 seconds, Stopping threads took: 0.0003248 seconds
2016-11-15T05:30:11.951+0100: 9.144: Total time for which application threads were stopped: 0.0015545 seconds, Stopping threads took: 0.0008357 seconds
2016-11-15T05:30:11.958+0100: 9.151: Total time for which application threads were stopped: 0.0037628 seconds, Stopping threads took: 0.0004098 seconds
2016-11-15T05:30:11.960+0100: 9.152: Total time for which application threads were stopped: 0.0009485 seconds, Stopping threads took: 0.0003674 seconds
2016-11-15T05:30:11.964+0100: 9.157: Total time for which application threads were stopped: 0.0014298 seconds, Stopping threads took: 0.0008110 seconds
2016-11-15T05:30:11.967+0100: 9.159: Total time for which application threads were stopped: 0.0011894 seconds, Stopping threads took: 0.0006997 seconds
2016-11-15T05:30:11.970+0100: 9.163: Total time for which application threads were stopped: 0.0010427 seconds, Stopping threads took: 0.0005071 seconds
2016-11-15T05:30:11.973+0100: 9.165: Total time for which application threads were stopped: 0.0009877 seconds, Stopping threads took: 0.0004967 seconds
2016-11-15T05:30:11.976+0100: 9.169: Total time for which application threads were stopped: 0.0008848 seconds, Stopping threads took: 0.0003922 seconds
2016-11-15T05:30:11.977+0100: 9.169: Total time for which application threads were stopped: 0.0005968 seconds, Stopping threads took: 0.0002109 seconds
2016-11-15T05:30:11.979+0100: 9.172: Total time for which application threads were stopped: 0.0011399 seconds, Stopping threads took: 0.0004904 seconds
2016-11-15T05:30:11.981+0100: 9.174: Total time for which application threads were stopped: 0.0010331 seconds, Stopping threads took: 0.0003975 seconds
2016-11-15T05:30:11.983+0100: 9.175: Total time for which application threads were stopped: 0.0008681 seconds, Stopping threads took: 0.0003180 seconds
2016-11-15T05:30:11.984+0100: 9.176: Total time for which application threads were stopped: 0.0008695 seconds, Stopping threads took: 0.0004307 seconds
2016-11-15T05:30:11.986+0100: 9.178: Total time for which application threads were stopped: 0.0006733 seconds, Stopping threads took: 0.0002273 seconds
2016-11-15T05:30:11.987+0100: 9.180: Total time for which application threads were stopped: 0.0006568 seconds, Stopping threads took: 0.0001837 seconds
2016-11-15T05:30:11.989+0100: 9.181: Total time for which application threads were stopped: 0.0007429 seconds, Stopping threads took: 0.0003379 seconds
2016-11-15T05:30:11.994+0100: 9.187: Total time for which application threads were stopped: 0.0010981 seconds, Stopping threads took: 0.0005361 seconds
2016-11-15T05:30:11.997+0100: 9.189: Total time for which application threads were stopped: 0.0018090 seconds, Stopping threads took: 0.0013416 seconds
2016-11-15T05:30:12.009+0100: 9.201: Total time for which application threads were stopped: 0.0034709 seconds, Stopping threads took: 0.0022210 seconds
2016-11-15T05:30:12.012+0100: 9.204: Total time for which application threads were stopped: 0.0012968 seconds, Stopping threads took: 0.0005081 seconds
2016-11-15T05:30:12.016+0100: 9.209: Total time for which application threads were stopped: 0.0011797 seconds, Stopping threads took: 0.0004338 seconds
2016-11-15T05:30:12.018+0100: 9.211: Total time for which application threads were stopped: 0.0010935 seconds, Stopping threads took: 0.0005348 seconds
2016-11-15T05:30:12.019+0100: 9.212: Total time for which application threads were stopped: 0.0005544 seconds, Stopping threads took: 0.0001514 seconds
2016-11-15T05:30:12.021+0100: 9.213: Total time for which application threads were stopped: 0.0011018 seconds, Stopping threads took: 0.0006187 seconds
2016-11-15T05:30:12.022+0100: 9.214: Total time for which application threads were stopped: 0.0007781 seconds, Stopping threads took: 0.0003195 seconds
2016-11-15T05:30:12.024+0100: 9.216: Total time for which application threads were stopped: 0.0009582 seconds, Stopping threads took: 0.0003866 seconds
2016-11-15T05:30:12.025+0100: 9.218: Total time for which application threads were stopped: 0.0013274 seconds, Stopping threads took: 0.0007450 seconds
2016-11-15T05:30:12.026+0100: 9.219: Total time for which application threads were stopped: 0.0007474 seconds, Stopping threads took: 0.0003343 seconds
2016-11-15T05:30:12.028+0100: 9.220: Total time for which application threads were stopped: 0.0008611 seconds, Stopping threads took: 0.0003479 seconds
2016-11-15T05:30:12.029+0100: 9.221: Total time for which application threads were stopped: 0.0006900 seconds, Stopping threads took: 0.0002922 seconds
2016-11-15T05:30:12.030+0100: 9.223: Total time for which application threads were stopped: 0.0008308 seconds, Stopping threads took: 0.0004280 seconds
2016-11-15T05:30:12.032+0100: 9.225: Total time for which application threads were stopped: 0.0007172 seconds, Stopping threads took: 0.0003038 seconds
2016-11-15T05:30:12.037+0100: 9.229: Total time for which application threads were stopped: 0.0038891 seconds, Stopping threads took: 0.0003467 seconds
2016-11-15T05:30:12.037+0100: 9.230: Total time for which application threads were stopped: 0.0007503 seconds, Stopping threads took: 0.0002264 seconds
2016-11-15T05:30:12.046+0100: 9.238: Total time for which application threads were stopped: 0.0008289 seconds, Stopping threads took: 0.0002452 seconds
2016-11-15T05:30:12.051+0100: 9.243: Total time for which application threads were stopped: 0.0008795 seconds, Stopping threads took: 0.0001737 seconds
2016-11-15T05:30:12.052+0100: 9.244: Total time for which application threads were stopped: 0.0007917 seconds, Stopping threads took: 0.0002793 seconds
2016-11-15T05:30:12.056+0100: 9.249: Total time for which application threads were stopped: 0.0007664 seconds, Stopping threads took: 0.0001693 seconds
2016-11-15T05:30:12.057+0100: 9.250: Total time for which application threads were stopped: 0.0005597 seconds, Stopping threads took: 0.0001756 seconds
2016-11-15T05:30:12.069+0100: 9.261: Total time for which application threads were stopped: 0.0046882 seconds, Stopping threads took: 0.0007280 seconds
2016-11-15T05:30:12.072+0100: 9.265: Total time for which application threads were stopped: 0.0012950 seconds, Stopping threads took: 0.0004101 seconds
2016-11-15T05:30:12.075+0100: 9.267: Total time for which application threads were stopped: 0.0010083 seconds, Stopping threads took: 0.0003153 seconds
2016-11-15T05:30:12.081+0100: 9.274: Total time for which application threads were stopped: 0.0014521 seconds, Stopping threads took: 0.0006559 seconds
2016-11-15T05:30:12.083+0100: 9.276: Total time for which application threads were stopped: 0.0009320 seconds, Stopping threads took: 0.0003672 seconds
2016-11-15T05:30:12.090+0100: 9.282: Total time for which application threads were stopped: 0.0040918 seconds, Stopping threads took: 0.0028547 seconds
2016-11-15T05:30:12.092+0100: 9.285: Total time for which application threads were stopped: 0.0012910 seconds, Stopping threads took: 0.0005901 seconds
2016-11-15T05:30:12.096+0100: 9.289: Total time for which application threads were stopped: 0.0032156 seconds, Stopping threads took: 0.0011680 seconds
2016-11-15T05:30:12.100+0100: 9.292: Total time for which application threads were stopped: 0.0012273 seconds, Stopping threads took: 0.0004222 seconds
2016-11-15T05:30:12.101+0100: 9.293: Total time for which application threads were stopped: 0.0010212 seconds, Stopping threads took: 0.0004184 seconds
2016-11-15T05:30:12.106+0100: 9.298: Total time for which application threads were stopped: 0.0010910 seconds, Stopping threads took: 0.0003561 seconds
2016-11-15T05:30:12.108+0100: 9.300: Total time for which application threads were stopped: 0.0008578 seconds, Stopping threads took: 0.0002984 seconds
2016-11-15T05:30:12.111+0100: 9.304: Total time for which application threads were stopped: 0.0009575 seconds, Stopping threads took: 0.0003139 seconds
2016-11-15T05:30:12.113+0100: 9.305: Total time for which application threads were stopped: 0.0007788 seconds, Stopping threads took: 0.0002794 seconds
2016-11-15T05:30:12.116+0100: 9.308: Total time for which application threads were stopped: 0.0008530 seconds, Stopping threads took: 0.0002935 seconds
2016-11-15T05:30:12.117+0100: 9.310: Total time for which application threads were stopped: 0.0008302 seconds, Stopping threads took: 0.0003998 seconds
2016-11-15T05:30:12.122+0100: 9.314: Total time for which application threads were stopped: 0.0040434 seconds, Stopping threads took: 0.0005232 seconds
2016-11-15T05:30:12.216+0100: 9.409: Total time for which application threads were stopped: 0.0018839 seconds, Stopping threads took: 0.0002805 seconds
2016-11-15T05:30:12.218+0100: 9.410: Total time for which application threads were stopped: 0.0011931 seconds, Stopping threads took: 0.0003264 seconds
2016-11-15T05:30:12.219+0100: 9.411: Total time for which application threads were stopped: 0.0007584 seconds, Stopping threads took: 0.0002269 seconds
2016-11-15T05:30:12.219+0100: 9.412: Total time for which application threads were stopped: 0.0005312 seconds, Stopping threads took: 0.0000871 seconds
2016-11-15T05:30:12.220+0100: 9.412: Total time for which application threads were stopped: 0.0005965 seconds, Stopping threads took: 0.0001396 seconds
2016-11-15T05:30:12.220+0100: 9.413: Total time for which application threads were stopped: 0.0006059 seconds, Stopping threads took: 0.0001411 seconds
2016-11-15T05:30:12.221+0100: 9.414: Total time for which application threads were stopped: 0.0005609 seconds, Stopping threads took: 0.0001115 seconds
2016-11-15T05:30:12.222+0100: 9.414: Total time for which application threads were stopped: 0.0005135 seconds, Stopping threads took: 0.0000866 seconds
2016-11-15T05:30:12.222+0100: 9.415: Total time for which application threads were stopped: 0.0005002 seconds, Stopping threads took: 0.0000796 seconds
2016-11-15T05:30:12.223+0100: 9.415: Total time for which application threads were stopped: 0.0005206 seconds, Stopping threads took: 0.0001088 seconds
2016-11-15T05:30:12.224+0100: 9.416: Total time for which application threads were stopped: 0.0006561 seconds, Stopping threads took: 0.0001491 seconds
2016-11-15T05:30:12.224+0100: 9.417: Total time for which application threads were stopped: 0.0005789 seconds, Stopping threads took: 0.0001201 seconds
2016-11-15T05:30:12.225+0100: 9.417: Total time for which application threads were stopped: 0.0005315 seconds, Stopping threads took: 0.0001182 seconds
2016-11-15T05:30:12.225+0100: 9.418: Total time for which application threads were stopped: 0.0004956 seconds, Stopping threads took: 0.0000915 seconds
2016-11-15T05:30:12.230+0100: 9.422: Total time for which application threads were stopped: 0.0043699 seconds, Stopping threads took: 0.0001444 seconds
2016-11-15T05:30:12.235+0100: 9.427: Total time for which application threads were stopped: 0.0009402 seconds, Stopping threads took: 0.0002804 seconds
2016-11-15T05:30:12.235+0100: 9.428: Total time for which application threads were stopped: 0.0004692 seconds, Stopping threads took: 0.0000839 seconds
2016-11-15T05:30:12.236+0100: 9.428: Total time for which application threads were stopped: 0.0004705 seconds, Stopping threads took: 0.0000848 seconds
2016-11-15T05:30:12.236+0100: 9.429: Total time for which application threads were stopped: 0.0004997 seconds, Stopping threads took: 0.0000935 seconds
2016-11-15T05:30:12.237+0100: 9.429: Total time for which application threads were stopped: 0.0005159 seconds, Stopping threads took: 0.0001312 seconds
2016-11-15T05:30:12.237+0100: 9.430: Total time for which application threads were stopped: 0.0004727 seconds, Stopping threads took: 0.0000855 seconds
2016-11-15T05:30:12.243+0100: 9.436: [GC pause (G1 Evacuation Pause) (young)
Desired survivor size 20971520 bytes, new threshold 1 (max 15)
- age   1:   39667824 bytes,   39667824 total
- age   2:    4028000 bytes,   43695824 total
2016-11-15T05:30:12.284+0100: 9.476: [SoftReference, 0 refs, 0.0113100 secs]2016-11-15T05:30:12.295+0100: 9.488: [WeakReference, 97 refs, 0.0049868 secs]2016-11-15T05:30:12.300+0100: 9.493: [FinalReference, 6176 refs, 0.0059133 secs]2016-11-15T05:30:12.306+0100: 9.499: [PhantomReference, 0 refs, 0 refs, 0.0063597 secs]2016-11-15T05:30:12.312+0100: 9.505: [JNI Weak Reference, 0.0000353 secs], 0.0779547 secs]
   [Parallel Time: 37.9 ms, GC Workers: 43]
      [GC Worker Start (ms): Min: 9436.3, Avg: 9439.9, Max: 9445.8, Diff: 9.5]
      [Ext Root Scanning (ms): Min: 0.0, Avg: 0.9, Max: 6.0, Diff: 6.0, Sum: 39.8]
      [Update RS (ms): Min: 0.0, Avg: 3.5, Max: 9.5, Diff: 9.5, Sum: 151.3]
         [Processed Buffers: Min: 0, Avg: 4.7, Max: 28, Diff: 28, Sum: 201]
      [Scan RS (ms): Min: 0.0, Avg: 1.0, Max: 1.9, Diff: 1.9, Sum: 43.6]
      [Code Root Scanning (ms): Min: 0.0, Avg: 0.1, Max: 1.7, Diff: 1.7, Sum: 2.9]
      [Object Copy (ms): Min: 19.3, Avg: 24.3, Max: 25.8, Diff: 6.5, Sum: 1042.9]
      [Termination (ms): Min: 0.0, Avg: 0.3, Max: 2.8, Diff: 2.8, Sum: 13.8]
         [Termination Attempts: Min: 1, Avg: 40.7, Max: 62, Diff: 61, Sum: 1749]
      [GC Worker Other (ms): Min: 0.0, Avg: 0.7, Max: 4.0, Diff: 4.0, Sum: 32.2]
      [GC Worker Total (ms): Min: 24.6, Avg: 30.9, Max: 35.7, Diff: 11.1, Sum: 1326.6]
      [GC Worker End (ms): Min: 9470.0, Avg: 9470.7, Max: 9474.0, Diff: 4.0]
   [Code Root Fixup: 0.2 ms]
   [Code Root Purge: 0.0 ms]
   [String Dedup Fixup: 1.8 ms, GC Workers: 43]
      [Queue Fixup (ms): Min: 0.0, Avg: 0.0, Max: 0.2, Diff: 0.2, Sum: 1.5]
      [Table Fixup (ms): Min: 0.0, Avg: 0.7, Max: 1.0, Diff: 1.0, Sum: 30.1]
   [Clear CT: 1.8 ms]
   [Other: 36.3 ms]
      [Choose CSet: 0.0 ms]
      [Ref Proc: 30.5 ms]
      [Ref Enq: 1.4 ms]
      [Redirty Cards: 1.6 ms]
      [Humongous Register: 0.2 ms]
      [Humongous Reclaim: 0.0 ms]
      [Free CSet: 1.6 ms]
   [Eden: 266.0M(266.0M)->0.0B(328.0M) Survivors: 49.0M->40.0M Heap: 583.5M(2048.0M)->373.5M(2048.0M)]
 [Times: user=1.68 sys=0.06, real=0.08 secs] 
2016-11-15T05:30:12.322+0100: 9.514: Total time for which application threads were stopped: 0.0794920 seconds, Stopping threads took: 0.0003112 seconds
2016-11-15T05:30:12.332+0100: 9.524: Total time for which application threads were stopped: 0.0010123 seconds, Stopping threads took: 0.0001992 seconds
2016-11-15T05:30:12.333+0100: 9.526: Total time for which application threads were stopped: 0.0007391 seconds, Stopping threads took: 0.0002536 seconds
2016-11-15T05:30:12.335+0100: 9.528: Total time for which application threads were stopped: 0.0013959 seconds, Stopping threads took: 0.0009409 seconds
2016-11-15T05:30:12.336+0100: 9.529: Total time for which application threads were stopped: 0.0005009 seconds, Stopping threads took: 0.0000549 seconds
2016-11-15T05:30:12.347+0100: 9.540: Total time for which application threads were stopped: 0.0011594 seconds, Stopping threads took: 0.0004353 seconds
2016-11-15T05:30:12.348+0100: 9.540: Total time for which application threads were stopped: 0.0004998 seconds, Stopping threads took: 0.0001275 seconds
2016-11-15T05:30:12.348+0100: 9.541: Total time for which application threads were stopped: 0.0005224 seconds, Stopping threads took: 0.0001069 seconds
2016-11-15T05:30:12.349+0100: 9.541: Total time for which application threads were stopped: 0.0004695 seconds, Stopping threads took: 0.0000906 seconds
2016-11-15T05:30:12.349+0100: 9.542: Total time for which application threads were stopped: 0.0004821 seconds, Stopping threads took: 0.0001135 seconds
2016-11-15T05:30:12.357+0100: 9.550: Total time for which application threads were stopped: 0.0010230 seconds, Stopping threads took: 0.0003380 seconds
2016-11-15T05:30:12.358+0100: 9.551: Total time for which application threads were stopped: 0.0006947 seconds, Stopping threads took: 0.0001311 seconds
2016-11-15T05:30:12.359+0100: 9.552: Total time for which application threads were stopped: 0.0006062 seconds, Stopping threads took: 0.0001172 seconds
2016-11-15T05:30:12.360+0100: 9.552: Total time for which application threads were stopped: 0.0006357 seconds, Stopping threads took: 0.0001586 seconds
2016-11-15T05:30:12.361+0100: 9.553: Total time for which application threads were stopped: 0.0006376 seconds, Stopping threads took: 0.0001535 seconds
2016-11-15T05:30:12.364+0100: 9.556: Total time for which application threads were stopped: 0.0006890 seconds, Stopping threads took: 0.0001378 seconds
2016-11-15T05:30:12.366+0100: 9.558: Total time for which application threads were stopped: 0.0008930 seconds, Stopping threads took: 0.0003147 seconds
2016-11-15T05:30:12.367+0100: 9.559: Total time for which application threads were stopped: 0.0005623 seconds, Stopping threads took: 0.0000805 seconds
2016-11-15T05:30:12.370+0100: 9.563: Total time for which application threads were stopped: 0.0036943 seconds, Stopping threads took: 0.0000988 seconds
2016-11-15T05:30:12.381+0100: 9.573: Total time for which application threads were stopped: 0.0012764 seconds, Stopping threads took: 0.0005018 seconds
2016-11-15T05:30:12.389+0100: 9.581: Total time for which application threads were stopped: 0.0044403 seconds, Stopping threads took: 0.0008715 seconds
2016-11-15T05:30:12.396+0100: 9.589: Total time for which application threads were stopped: 0.0044505 seconds, Stopping threads took: 0.0008570 seconds
2016-11-15T05:30:12.403+0100: 9.595: Total time for which application threads were stopped: 0.0011363 seconds, Stopping threads took: 0.0003214 seconds
2016-11-15T05:30:12.403+0100: 9.596: Total time for which application threads were stopped: 0.0006097 seconds, Stopping threads took: 0.0001522 seconds
2016-11-15T05:30:12.404+0100: 9.596: Total time for which application threads were stopped: 0.0006215 seconds, Stopping threads took: 0.0001827 seconds
2016-11-15T05:30:12.406+0100: 9.598: Total time for which application threads were stopped: 0.0010082 seconds, Stopping threads took: 0.0005994 seconds
2016-11-15T05:30:12.406+0100: 9.599: Total time for which application threads were stopped: 0.0004627 seconds, Stopping threads took: 0.0001063 seconds
2016-11-15T05:30:12.407+0100: 9.599: Total time for which application threads were stopped: 0.0005332 seconds, Stopping threads took: 0.0001230 seconds
2016-11-15T05:30:12.408+0100: 9.601: Total time for which application threads were stopped: 0.0007611 seconds, Stopping threads took: 0.0003772 seconds
2016-11-15T05:30:12.409+0100: 9.601: Total time for which application threads were stopped: 0.0004665 seconds, Stopping threads took: 0.0001421 seconds
2016-11-15T05:30:12.409+0100: 9.602: Total time for which application threads were stopped: 0.0004611 seconds, Stopping threads took: 0.0001426 seconds
2016-11-15T05:30:12.410+0100: 9.602: Total time for which application threads were stopped: 0.0004406 seconds, Stopping threads took: 0.0001230 seconds
2016-11-15T05:30:12.410+0100: 9.603: Total time for which application threads were stopped: 0.0004767 seconds, Stopping threads took: 0.0001634 seconds
2016-11-15T05:30:12.411+0100: 9.603: Total time for which application threads were stopped: 0.0004176 seconds, Stopping threads took: 0.0001036 seconds
2016-11-15T05:30:12.411+0100: 9.604: Total time for which application threads were stopped: 0.0004021 seconds, Stopping threads took: 0.0000716 seconds
2016-11-15T05:30:12.412+0100: 9.604: Total time for which application threads were stopped: 0.0003416 seconds, Stopping threads took: 0.0000341 seconds
2016-11-15T05:30:12.413+0100: 9.606: Total time for which application threads were stopped: 0.0008322 seconds, Stopping threads took: 0.0004434 seconds
2016-11-15T05:30:12.414+0100: 9.606: Total time for which application threads were stopped: 0.0004637 seconds, Stopping threads took: 0.0001148 seconds
2016-11-15T05:30:12.414+0100: 9.607: Total time for which application threads were stopped: 0.0003986 seconds, Stopping threads took: 0.0000646 seconds
2016-11-15T05:30:12.415+0100: 9.607: Total time for which application threads were stopped: 0.0004185 seconds, Stopping threads took: 0.0000705 seconds
2016-11-15T05:30:12.416+0100: 9.608: Total time for which application threads were stopped: 0.0007835 seconds, Stopping threads took: 0.0004012 seconds
2016-11-15T05:30:12.419+0100: 9.611: Total time for which application threads were stopped: 0.0032565 seconds, Stopping threads took: 0.0001654 seconds
2016-11-15T05:30:12.433+0100: 9.625: Total time for which application threads were stopped: 0.0010188 seconds, Stopping threads took: 0.0002861 seconds
2016-11-15T05:30:12.443+0100: 9.636: [GC concurrent-string-deduplication, 5112.4K->1722.1K(3390.3K), avg 49.3%, 0.0684213 secs]
2016-11-15T05:30:12.453+0100: 9.645: Total time for which application threads were stopped: 0.0018711 seconds, Stopping threads took: 0.0008021 seconds
2016-11-15T05:30:12.453+0100: 9.646: Total time for which application threads were stopped: 0.0005611 seconds, Stopping threads took: 0.0002108 seconds
2016-11-15T05:30:12.455+0100: 9.648: Total time for which application threads were stopped: 0.0013921 seconds, Stopping threads took: 0.0009698 seconds
2016-11-15T05:30:12.461+0100: 9.653: Total time for which application threads were stopped: 0.0007318 seconds, Stopping threads took: 0.0002062 seconds
2016-11-15T05:30:12.461+0100: 9.654: Total time for which application threads were stopped: 0.0004529 seconds, Stopping threads took: 0.0001209 seconds
2016-11-15T05:30:12.462+0100: 9.655: Total time for which application threads were stopped: 0.0005633 seconds, Stopping threads took: 0.0002256 seconds
2016-11-15T05:30:12.463+0100: 9.655: Total time for which application threads were stopped: 0.0004009 seconds, Stopping threads took: 0.0000863 seconds
2016-11-15T05:30:12.471+0100: 9.663: Total time for which application threads were stopped: 0.0008471 seconds, Stopping threads took: 0.0002358 seconds
2016-11-15T05:30:12.476+0100: 9.668: Total time for which application threads were stopped: 0.0011533 seconds, Stopping threads took: 0.0003320 seconds
2016-11-15T05:30:12.479+0100: 9.671: Total time for which application threads were stopped: 0.0008857 seconds, Stopping threads took: 0.0004441 seconds
2016-11-15T05:30:12.485+0100: 9.677: Total time for which application threads were stopped: 0.0019264 seconds, Stopping threads took: 0.0012265 seconds
2016-11-15T05:30:12.488+0100: 9.680: Total time for which application threads were stopped: 0.0006169 seconds, Stopping threads took: 0.0001995 seconds
2016-11-15T05:30:12.488+0100: 9.681: Total time for which application threads were stopped: 0.0005074 seconds, Stopping threads took: 0.0001720 seconds
2016-11-15T05:30:12.492+0100: 9.684: Total time for which application threads were stopped: 0.0020108 seconds, Stopping threads took: 0.0001304 seconds
2016-11-15T05:30:12.493+0100: 9.686: Total time for which application threads were stopped: 0.0006579 seconds, Stopping threads took: 0.0002799 seconds
2016-11-15T05:30:12.503+0100: 9.696: Total time for which application threads were stopped: 0.0010622 seconds, Stopping threads took: 0.0002495 seconds
2016-11-15T05:30:12.518+0100: 9.711: Total time for which application threads were stopped: 0.0013737 seconds, Stopping threads took: 0.0005372 seconds
2016-11-15T05:30:12.519+0100: 9.711: Total time for which application threads were stopped: 0.0005130 seconds, Stopping threads took: 0.0001777 seconds
2016-11-15T05:30:12.535+0100: 9.728: Total time for which application threads were stopped: 0.0013699 seconds, Stopping threads took: 0.0003221 seconds
2016-11-15T05:30:12.552+0100: 9.745: Total time for which application threads were stopped: 0.0011657 seconds, Stopping threads took: 0.0002031 seconds
2016-11-15T05:30:12.553+0100: 9.746: Total time for which application threads were stopped: 0.0011616 seconds, Stopping threads took: 0.0007007 seconds
2016-11-15T05:30:12.556+0100: 9.749: Total time for which application threads were stopped: 0.0011204 seconds, Stopping threads took: 0.0005519 seconds
2016-11-15T05:30:12.557+0100: 9.749: Total time for which application threads were stopped: 0.0004012 seconds, Stopping threads took: 0.0000566 seconds
2016-11-15T05:30:12.559+0100: 9.751: Total time for which application threads were stopped: 0.0006017 seconds, Stopping threads took: 0.0001869 seconds
2016-11-15T05:30:12.599+0100: 9.791: Total time for which application threads were stopped: 0.0021026 seconds, Stopping threads took: 0.0009944 seconds
2016-11-15T05:30:12.651+0100: 9.843: Total time for which application threads were stopped: 0.0012659 seconds, Stopping threads took: 0.0002659 seconds
2016-11-15T05:30:12.652+0100: 9.845: Total time for which application threads were stopped: 0.0006796 seconds, Stopping threads took: 0.0001363 seconds
2016-11-15T05:30:12.657+0100: 9.849: Total time for which application threads were stopped: 0.0010342 seconds, Stopping threads took: 0.0001382 seconds
2016-11-15T05:30:12.660+0100: 9.852: Total time for which application threads were stopped: 0.0009869 seconds, Stopping threads took: 0.0002263 seconds
2016-11-15T05:30:12.662+0100: 9.855: Total time for which application threads were stopped: 0.0006757 seconds, Stopping threads took: 0.0001370 seconds
2016-11-15T05:30:12.673+0100: 9.865: Total time for which application threads were stopped: 0.0010776 seconds, Stopping threads took: 0.0002160 seconds
2016-11-15T05:30:12.704+0100: 9.897: Total time for which application threads were stopped: 0.0012343 seconds, Stopping threads took: 0.0002465 seconds
2016-11-15T05:30:12.719+0100: 9.912: Total time for which application threads were stopped: 0.0011529 seconds, Stopping threads took: 0.0002653 seconds
2016-11-15T05:30:12.728+0100: 9.920: Total time for which application threads were stopped: 0.0009719 seconds, Stopping threads took: 0.0001910 seconds
2016-11-15T05:30:12.729+0100: 9.921: Total time for which application threads were stopped: 0.0005176 seconds, Stopping threads took: 0.0001735 seconds
2016-11-15T05:30:12.730+0100: 9.922: Total time for which application threads were stopped: 0.0004867 seconds, Stopping threads took: 0.0001536 seconds
2016-11-15T05:30:12.736+0100: 9.928: Total time for which application threads were stopped: 0.0009473 seconds, Stopping threads took: 0.0002093 seconds
2016-11-15T05:30:12.742+0100: 9.934: Total time for which application threads were stopped: 0.0010009 seconds, Stopping threads took: 0.0001830 seconds
2016-11-15T05:30:12.799+0100: 9.992: Total time for which application threads were stopped: 0.0012282 seconds, Stopping threads took: 0.0002612 seconds
2016-11-15T05:30:12.801+0100: 9.994: Total time for which application threads were stopped: 0.0006397 seconds, Stopping threads took: 0.0001673 seconds
2016-11-15T05:30:12.802+0100: 9.994: Total time for which application threads were stopped: 0.0004305 seconds, Stopping threads took: 0.0000834 seconds
2016-11-15T05:30:12.803+0100: 9.995: Total time for which application threads were stopped: 0.0005014 seconds, Stopping threads took: 0.0001738 seconds
2016-11-15T05:30:12.810+0100: 10.002: Total time for which application threads were stopped: 0.0010146 seconds, Stopping threads took: 0.0001594 seconds
2016-11-15T05:30:12.812+0100: 10.005: Total time for which application threads were stopped: 0.0007448 seconds, Stopping threads took: 0.0001654 seconds
2016-11-15T05:30:12.813+0100: 10.006: Total time for which application threads were stopped: 0.0005987 seconds, Stopping threads took: 0.0002040 seconds
2016-11-15T05:30:12.815+0100: 10.008: Total time for which application threads were stopped: 0.0005009 seconds, Stopping threads took: 0.0001035 seconds
2016-11-15T05:30:12.837+0100: 10.029: Total time for which application threads were stopped: 0.0011485 seconds, Stopping threads took: 0.0002554 seconds
2016-11-15T05:30:13.021+0100: 10.214: Total time for which application threads were stopped: 0.0013499 seconds, Stopping threads took: 0.0002705 seconds
2016-11-15T05:30:13.024+0100: 10.216: Total time for which application threads were stopped: 0.0019928 seconds, Stopping threads took: 0.0001184 seconds
2016-11-15T05:30:13.024+0100: 10.217: Total time for which application threads were stopped: 0.0006312 seconds, Stopping threads took: 0.0001781 seconds
2016-11-15T05:30:13.025+0100: 10.218: Total time for which application threads were stopped: 0.0005039 seconds, Stopping threads took: 0.0001909 seconds
2016-11-15T05:30:13.027+0100: 10.220: Total time for which application threads were stopped: 0.0006490 seconds, Stopping threads took: 0.0002061 seconds
2016-11-15T05:30:13.028+0100: 10.221: Total time for which application threads were stopped: 0.0004609 seconds, Stopping threads took: 0.0001167 seconds
2016-11-15T05:30:13.029+0100: 10.221: Total time for which application threads were stopped: 0.0004432 seconds, Stopping threads took: 0.0001290 seconds
2016-11-15T05:30:13.033+0100: 10.225: Total time for which application threads were stopped: 0.0006700 seconds, Stopping threads took: 0.0001628 seconds
2016-11-15T05:30:13.033+0100: 10.226: Total time for which application threads were stopped: 0.0004143 seconds, Stopping threads took: 0.0000867 seconds
2016-11-15T05:30:13.076+0100: 10.269: Total time for which application threads were stopped: 0.0025053 seconds, Stopping threads took: 0.0001886 seconds
2016-11-15T05:30:13.137+0100: 10.330: Total time for which application threads were stopped: 0.0011034 seconds, Stopping threads took: 0.0001714 seconds
2016-11-15T05:30:13.138+0100: 10.331: Total time for which application threads were stopped: 0.0004763 seconds, Stopping threads took: 0.0000766 seconds
2016-11-15T05:30:13.144+0100: 10.336: Total time for which application threads were stopped: 0.0008096 seconds, Stopping threads took: 0.0001556 seconds
2016-11-15T05:30:13.144+0100: 10.337: Total time for which application threads were stopped: 0.0004964 seconds, Stopping threads took: 0.0000728 seconds
2016-11-15T05:30:13.278+0100: 10.471: Total time for which application threads were stopped: 0.0023369 seconds, Stopping threads took: 0.0001683 seconds
2016-11-15T05:30:13.288+0100: 10.480: Total time for which application threads were stopped: 0.0007203 seconds, Stopping threads took: 0.0001019 seconds
2016-11-15T05:30:13.375+0100: 10.567: Total time for which application threads were stopped: 0.0011163 seconds, Stopping threads took: 0.0002183 seconds
2016-11-15T05:30:13.670+0100: 10.862: Total time for which application threads were stopped: 0.0025718 seconds, Stopping threads took: 0.0001575 seconds
2016-11-15T05:30:13.744+0100: 10.936: Total time for which application threads were stopped: 0.0009698 seconds, Stopping threads took: 0.0001745 seconds
2016-11-15T05:30:13.745+0100: 10.938: Total time for which application threads were stopped: 0.0004327 seconds, Stopping threads took: 0.0000683 seconds
2016-11-15T05:30:13.754+0100: 10.946: Total time for which application threads were stopped: 0.0008937 seconds, Stopping threads took: 0.0002409 seconds
2016-11-15T05:30:13.767+0100: 10.959: Total time for which application threads were stopped: 0.0004737 seconds, Stopping threads took: 0.0000589 seconds
2016-11-15T05:30:13.794+0100: 10.986: Total time for which application threads were stopped: 0.0006854 seconds, Stopping threads took: 0.0001091 seconds
2016-11-15T05:30:13.976+0100: 11.168: Total time for which application threads were stopped: 0.0022670 seconds, Stopping threads took: 0.0001324 seconds
2016-11-15T05:30:14.135+0100: 11.327: Total time for which application threads were stopped: 0.0022631 seconds, Stopping threads took: 0.0001345 seconds
2016-11-15T05:30:14.626+0100: 11.819: Total time for which application threads were stopped: 0.0024764 seconds, Stopping threads took: 0.0001434 seconds
2016-11-15T05:30:14.628+0100: 11.821: Total time for which application threads were stopped: 0.0010515 seconds, Stopping threads took: 0.0000475 seconds
2016-11-15T05:30:15.014+0100: 12.207: Total time for which application threads were stopped: 0.0025531 seconds, Stopping threads took: 0.0001482 seconds
2016-11-15T05:30:15.105+0100: 12.298: Total time for which application threads were stopped: 0.0010148 seconds, Stopping threads took: 0.0001377 seconds
2016-11-15T05:30:15.231+0100: 12.424: Total time for which application threads were stopped: 0.0033507 seconds, Stopping threads took: 0.0002368 seconds
2016-11-15T05:30:15.235+0100: 12.428: Total time for which application threads were stopped: 0.0021317 seconds, Stopping threads took: 0.0001230 seconds
2016-11-15T05:30:15.245+0100: 12.437: Total time for which application threads were stopped: 0.0017655 seconds, Stopping threads took: 0.0000661 seconds
2016-11-15T05:30:15.309+0100: 12.501: Total time for which application threads were stopped: 0.0028023 seconds, Stopping threads took: 0.0001404 seconds
2016-11-15T05:30:15.311+0100: 12.503: Total time for which application threads were stopped: 0.0015428 seconds, Stopping threads took: 0.0000589 seconds
2016-11-15T05:30:15.318+0100: 12.510: Total time for which application threads were stopped: 0.0016542 seconds, Stopping threads took: 0.0000759 seconds
2016-11-15T05:30:15.350+0100: 12.542: Total time for which application threads were stopped: 0.0009216 seconds, Stopping threads took: 0.0001796 seconds
2016-11-15T05:30:15.351+0100: 12.543: Total time for which application threads were stopped: 0.0005142 seconds, Stopping threads took: 0.0001239 seconds
2016-11-15T05:30:15.457+0100: 12.649: Total time for which application threads were stopped: 0.0010301 seconds, Stopping threads took: 0.0002312 seconds
2016-11-15T05:30:15.457+0100: 12.650: Total time for which application threads were stopped: 0.0005120 seconds, Stopping threads took: 0.0000854 seconds
2016-11-15T05:30:15.458+0100: 12.651: Total time for which application threads were stopped: 0.0004948 seconds, Stopping threads took: 0.0000951 seconds
2016-11-15T05:30:15.473+0100: 12.666: Total time for which application threads were stopped: 0.0009269 seconds, Stopping threads took: 0.0001868 seconds
2016-11-15T05:30:15.474+0100: 12.666: Total time for which application threads were stopped: 0.0005904 seconds, Stopping threads took: 0.0001256 seconds
2016-11-15T05:30:15.475+0100: 12.667: Total time for which application threads were stopped: 0.0006266 seconds, Stopping threads took: 0.0001579 seconds
2016-11-15T05:30:15.475+0100: 12.668: Total time for which application threads were stopped: 0.0005714 seconds, Stopping threads took: 0.0001056 seconds
2016-11-15T05:30:15.476+0100: 12.668: Total time for which application threads were stopped: 0.0005435 seconds, Stopping threads took: 0.0000724 seconds
2016-11-15T05:30:15.477+0100: 12.669: Total time for which application threads were stopped: 0.0004834 seconds, Stopping threads took: 0.0001132 seconds
2016-11-15T05:30:15.477+0100: 12.670: Total time for which application threads were stopped: 0.0004416 seconds, Stopping threads took: 0.0001234 seconds
2016-11-15T05:30:15.478+0100: 12.670: Total time for which application threads were stopped: 0.0004153 seconds, Stopping threads took: 0.0000981 seconds
2016-11-15T05:30:15.478+0100: 12.671: Total time for which application threads were stopped: 0.0004521 seconds, Stopping threads took: 0.0001484 seconds
2016-11-15T05:30:15.478+0100: 12.671: Total time for which application threads were stopped: 0.0003468 seconds, Stopping threads took: 0.0000455 seconds
2016-11-15T05:30:15.479+0100: 12.672: Total time for which application threads were stopped: 0.0005598 seconds, Stopping threads took: 0.0002527 seconds
2016-11-15T05:30:15.480+0100: 12.672: Total time for which application threads were stopped: 0.0003519 seconds, Stopping threads took: 0.0000499 seconds
2016-11-15T05:30:15.480+0100: 12.673: Total time for which application threads were stopped: 0.0004790 seconds, Stopping threads took: 0.0001673 seconds
2016-11-15T05:30:15.480+0100: 12.673: Total time for which application threads were stopped: 0.0003499 seconds, Stopping threads took: 0.0000350 seconds
2016-11-15T05:30:15.481+0100: 12.674: Total time for which application threads were stopped: 0.0004747 seconds, Stopping threads took: 0.0001568 seconds
2016-11-15T05:30:15.482+0100: 12.674: Total time for which application threads were stopped: 0.0003627 seconds, Stopping threads took: 0.0000572 seconds
2016-11-15T05:30:15.482+0100: 12.675: Total time for which application threads were stopped: 0.0004703 seconds, Stopping threads took: 0.0001266 seconds
2016-11-15T05:30:15.483+0100: 12.675: Total time for which application threads were stopped: 0.0003856 seconds, Stopping threads took: 0.0000677 seconds
2016-11-15T05:30:15.483+0100: 12.676: Total time for which application threads were stopped: 0.0004851 seconds, Stopping threads took: 0.0001497 seconds
2016-11-15T05:30:15.486+0100: 12.678: Total time for which application threads were stopped: 0.0025626 seconds, Stopping threads took: 0.0000342 seconds
2016-11-15T05:30:15.496+0100: 12.689: Total time for which application threads were stopped: 0.0036343 seconds, Stopping threads took: 0.0010559 seconds
2016-11-15T05:30:15.596+0100: 12.788: Total time for which application threads were stopped: 0.0012134 seconds, Stopping threads took: 0.0001506 seconds
2016-11-15T05:30:15.596+0100: 12.789: Total time for which application threads were stopped: 0.0004359 seconds, Stopping threads took: 0.0000499 seconds
2016-11-15T05:30:15.597+0100: 12.789: Total time for which application threads were stopped: 0.0003879 seconds, Stopping threads took: 0.0000413 seconds
2016-11-15T05:30:15.598+0100: 12.790: Total time for which application threads were stopped: 0.0004201 seconds, Stopping threads took: 0.0000442 seconds
2016-11-15T05:30:15.598+0100: 12.791: Total time for which application threads were stopped: 0.0004155 seconds, Stopping threads took: 0.0000615 seconds
2016-11-15T05:30:15.599+0100: 12.791: Total time for which application threads were stopped: 0.0003890 seconds, Stopping threads took: 0.0000416 seconds
2016-11-15T05:30:15.599+0100: 12.792: Total time for which application threads were stopped: 0.0003877 seconds, Stopping threads took: 0.0000428 seconds
2016-11-15T05:30:15.600+0100: 12.792: Total time for which application threads were stopped: 0.0003911 seconds, Stopping threads took: 0.0000414 seconds
2016-11-15T05:30:15.600+0100: 12.792: Total time for which application threads were stopped: 0.0003884 seconds, Stopping threads took: 0.0000398 seconds
2016-11-15T05:30:15.600+0100: 12.793: Total time for which application threads were stopped: 0.0003885 seconds, Stopping threads took: 0.0000395 seconds
2016-11-15T05:30:15.601+0100: 12.793: Total time for which application threads were stopped: 0.0004347 seconds, Stopping threads took: 0.0000405 seconds
2016-11-15T05:30:15.602+0100: 12.794: Total time for which application threads were stopped: 0.0004648 seconds, Stopping threads took: 0.0000445 seconds
2016-11-15T05:30:15.602+0100: 12.795: Total time for which application threads were stopped: 0.0004641 seconds, Stopping threads took: 0.0000452 seconds
2016-11-15T05:30:15.603+0100: 12.795: Total time for which application threads were stopped: 0.0005149 seconds, Stopping threads took: 0.0000558 seconds
2016-11-15T05:30:15.603+0100: 12.796: Total time for which application threads were stopped: 0.0004502 seconds, Stopping threads took: 0.0000454 seconds
2016-11-15T05:30:15.604+0100: 12.796: Total time for which application threads were stopped: 0.0004153 seconds, Stopping threads took: 0.0000476 seconds
2016-11-15T05:30:15.604+0100: 12.797: Total time for which application threads were stopped: 0.0004222 seconds, Stopping threads took: 0.0000387 seconds
2016-11-15T05:30:15.605+0100: 12.797: Total time for which application threads were stopped: 0.0004782 seconds, Stopping threads took: 0.0001073 seconds
2016-11-15T05:30:15.605+0100: 12.798: Total time for which application threads were stopped: 0.0004294 seconds, Stopping threads took: 0.0000731 seconds
2016-11-15T05:30:15.608+0100: 12.800: Total time for which application threads were stopped: 0.0026340 seconds, Stopping threads took: 0.0000404 seconds
2016-11-15T05:30:15.653+0100: 12.846: Total time for which application threads were stopped: 0.0008185 seconds, Stopping threads took: 0.0001362 seconds
2016-11-15T05:30:16.654+0100: 13.847: Total time for which application threads were stopped: 0.0007489 seconds, Stopping threads took: 0.0001365 seconds
2016-11-15T05:30:32.384+0100: 29.576: Total time for which application threads were stopped: 0.0008296 seconds, Stopping threads took: 0.0001979 seconds
2016-11-15T05:30:32.385+0100: 29.577: Total time for which application threads were stopped: 0.0007155 seconds, Stopping threads took: 0.0002789 seconds
2016-11-15T05:30:32.386+0100: 29.578: Total time for which application threads were stopped: 0.0004654 seconds, Stopping threads took: 0.0000917 seconds
2016-11-15T05:30:32.386+0100: 29.579: Total time for which application threads were stopped: 0.0006040 seconds, Stopping threads took: 0.0003150 seconds
2016-11-15T05:30:32.387+0100: 29.579: Total time for which application threads were stopped: 0.0004336 seconds, Stopping threads took: 0.0001340 seconds
2016-11-15T05:30:32.388+0100: 29.580: Total time for which application threads were stopped: 0.0004408 seconds, Stopping threads took: 0.0001529 seconds
2016-11-15T05:30:32.388+0100: 29.581: Total time for which application threads were stopped: 0.0004243 seconds, Stopping threads took: 0.0001666 seconds
2016-11-15T05:30:32.389+0100: 29.582: Total time for which application threads were stopped: 0.0003160 seconds, Stopping threads took: 0.0000386 seconds
2016-11-15T05:30:32.390+0100: 29.582: Total time for which application threads were stopped: 0.0002797 seconds, Stopping threads took: 0.0000309 seconds
2016-11-15T05:30:32.390+0100: 29.582: Total time for which application threads were stopped: 0.0003205 seconds, Stopping threads took: 0.0000713 seconds
2016-11-15T05:30:32.390+0100: 29.583: Total time for which application threads were stopped: 0.0003594 seconds, Stopping threads took: 0.0001108 seconds
2016-11-15T05:30:32.393+0100: 29.585: Total time for which application threads were stopped: 0.0020181 seconds, Stopping threads took: 0.0001373 seconds
2016-11-15T05:30:37.393+0100: 34.586: Total time for which application threads were stopped: 0.0005726 seconds, Stopping threads took: 0.0001012 seconds
2016-11-15T05:30:38.394+0100: 35.587: Total time for which application threads were stopped: 0.0005439 seconds, Stopping threads took: 0.0000992 seconds
2016-11-15T05:30:39.395+0100: 36.587: Total time for which application threads were stopped: 0.0005839 seconds, Stopping threads took: 0.0001072 seconds
2016-11-15T05:30:46.396+0100: 43.588: Total time for which application threads were stopped: 0.0005434 seconds, Stopping threads took: 0.0000979 seconds
2016-11-15T05:31:06.398+0100: 63.590: Total time for which application threads were stopped: 0.0005663 seconds, Stopping threads took: 0.0000986 seconds
2016-11-15T05:32:00.004+0100: 117.197: Total time for which application threads were stopped: 0.0005662 seconds, Stopping threads took: 0.0001017 seconds
2016-11-15T05:32:00.011+0100: 117.203: Total time for which application threads were stopped: 0.0003022 seconds, Stopping threads took: 0.0000587 seconds
2016-11-15T05:32:00.019+0100: 117.211: Total time for which application threads were stopped: 0.0003145 seconds, Stopping threads took: 0.0000551 seconds
2016-11-15T05:32:01.020+0100: 118.212: Total time for which application threads were stopped: 0.0005671 seconds, Stopping threads took: 0.0000953 seconds
2016-11-15T05:32:17.021+0100: 134.214: Total time for which application threads were stopped: 0.0005440 seconds, Stopping threads took: 0.0000955 seconds
2016-11-15T05:32:46.024+0100: 163.216: Total time for which application threads were stopped: 0.0005634 seconds, Stopping threads took: 0.0001152 seconds
2016-11-15T05:34:00.002+0100: 237.195: Total time for which application threads were stopped: 0.0005951 seconds, Stopping threads took: 0.0001145 seconds
2016-11-15T05:34:00.003+0100: 237.195: Total time for which application threads were stopped: 0.0002216 seconds, Stopping threads took: 0.0000292 seconds
2016-11-15T05:34:00.016+0100: 237.209: Total time for which application threads were stopped: 0.0003621 seconds, Stopping threads took: 0.0000839 seconds
2016-11-15T05:36:00.025+0100: 357.218: Total time for which application threads were stopped: 0.0005469 seconds, Stopping threads took: 0.0001121 seconds
2016-11-15T05:36:06.026+0100: 363.219: Total time for which application threads were stopped: 0.0005605 seconds, Stopping threads took: 0.0001127 seconds
2016-11-15T05:36:37.029+0100: 394.222: Total time for which application threads were stopped: 0.0005595 seconds, Stopping threads took: 0.0001113 seconds
2016-11-15T05:37:06.032+0100: 423.224: Total time for which application threads were stopped: 0.0005697 seconds, Stopping threads took: 0.0001130 seconds
2016-11-15T05:38:00.036+0100: 477.229: Total time for which application threads were stopped: 0.0005560 seconds, Stopping threads took: 0.0001099 seconds
2016-11-15T05:38:02.037+0100: 479.229: Total time for which application threads were stopped: 0.0005470 seconds, Stopping threads took: 0.0000970 seconds
2016-11-15T05:38:06.038+0100: 483.230: Total time for which application threads were stopped: 0.0005606 seconds, Stopping threads took: 0.0001177 seconds
2016-11-15T05:38:16.039+0100: 493.232: Total time for which application threads were stopped: 0.0005893 seconds, Stopping threads took: 0.0001093 seconds
2016-11-15T05:38:26.040+0100: 503.233: Total time for which application threads were stopped: 0.0005722 seconds, Stopping threads took: 0.0001068 seconds
2016-11-15T05:42:00.056+0100: 717.249: Total time for which application threads were stopped: 0.0005977 seconds, Stopping threads took: 0.0001139 seconds
2016-11-15T05:44:00.066+0100: 837.258: Total time for which application threads were stopped: 0.0005614 seconds, Stopping threads took: 0.0001092 seconds
2016-11-15T05:45:07.071+0100: 904.264: Total time for which application threads were stopped: 0.0005623 seconds, Stopping threads took: 0.0001087 seconds
2016-11-15T05:46:00.076+0100: 957.268: Total time for which application threads were stopped: 0.0005484 seconds, Stopping threads took: 0.0001058 seconds
2016-11-15T05:47:08.081+0100: 1025.273: Total time for which application threads were stopped: 0.0005600 seconds, Stopping threads took: 0.0001015 seconds
2016-11-15T05:47:15.082+0100: 1032.275: Total time for which application threads were stopped: 0.0005673 seconds, Stopping threads took: 0.0001139 seconds
2016-11-15T05:47:16.083+0100: 1033.275: Total time for which application threads were stopped: 0.0005530 seconds, Stopping threads took: 0.0001069 seconds
2016-11-15T05:47:32.084+0100: 1049.277: Total time for which application threads were stopped: 0.0005548 seconds, Stopping threads took: 0.0000965 seconds
2016-11-15T05:47:36.085+0100: 1053.278: Total time for which application threads were stopped: 0.0005561 seconds, Stopping threads took: 0.0001038 seconds
2016-11-15T05:48:00.088+0100: 1077.280: Total time for which application threads were stopped: 0.0005714 seconds, Stopping threads took: 0.0001107 seconds
2016-11-15T05:48:15.090+0100: 1092.282: Total time for which application threads were stopped: 0.0005673 seconds, Stopping threads took: 0.0001104 seconds
2016-11-15T05:50:00.098+0100: 1197.290: Total time for which application threads were stopped: 0.0005677 seconds, Stopping threads took: 0.0001063 seconds
2016-11-15T05:50:16.099+0100: 1213.292: Total time for which application threads were stopped: 0.0005561 seconds, Stopping threads took: 0.0001012 seconds
2016-11-15T05:52:00.107+0100: 1317.300: Total time for which application threads were stopped: 0.0005724 seconds, Stopping threads took: 0.0001002 seconds
2016-11-15T05:57:46.133+0100: 1663.325: Total time for which application threads were stopped: 0.0005820 seconds, Stopping threads took: 0.0001192 seconds
2016-11-15T05:58:00.134+0100: 1677.327: Total time for which application threads were stopped: 0.0005795 seconds, Stopping threads took: 0.0001034 seconds
2016-11-15T06:00:00.144+0100: 1797.336: Total time for which application threads were stopped: 0.0005873 seconds, Stopping threads took: 0.0001171 seconds
2016-11-15T06:00:05.145+0100: 1802.337: Total time for which application threads were stopped: 0.0005665 seconds, Stopping threads took: 0.0001060 seconds
2016-11-15T06:01:57.153+0100: 1914.346: Total time for which application threads were stopped: 0.0005989 seconds, Stopping threads took: 0.0001072 seconds
2016-11-15T06:02:00.154+0100: 1917.347: Total time for which application threads were stopped: 0.0005679 seconds, Stopping threads took: 0.0001015 seconds
2016-11-15T06:03:06.159+0100: 1983.352: Total time for which application threads were stopped: 0.0005644 seconds, Stopping threads took: 0.0001087 seconds
2016-11-15T06:04:00.164+0100: 2037.356: Total time for which application threads were stopped: 0.0005838 seconds, Stopping threads took: 0.0001184 seconds
2016-11-15T06:06:00.173+0100: 2157.366: Total time for which application threads were stopped: 0.0005661 seconds, Stopping threads took: 0.0001000 seconds
2016-11-15T06:10:05.192+0100: 2402.384: Total time for which application threads were stopped: 0.0005942 seconds, Stopping threads took: 0.0001116 seconds
2016-11-15T06:12:00.201+0100: 2517.393: Total time for which application threads were stopped: 0.0006188 seconds, Stopping threads took: 0.0001330 seconds
2016-11-15T06:13:56.210+0100: 2633.402: Total time for which application threads were stopped: 0.0005646 seconds, Stopping threads took: 0.0001033 seconds
2016-11-15T06:14:00.210+0100: 2637.403: Total time for which application threads were stopped: 0.0005674 seconds, Stopping threads took: 0.0001055 seconds
2016-11-15T06:14:16.212+0100: 2653.405: Total time for which application threads were stopped: 0.0005798 seconds, Stopping threads took: 0.0001111 seconds
2016-11-15T06:15:06.192+0100: 2703.385: Total time for which application threads were stopped: 0.0005978 seconds, Stopping threads took: 0.0001100 seconds
2016-11-15T06:15:06.193+0100: 2703.385: Total time for which application threads were stopped: 0.0002253 seconds, Stopping threads took: 0.0000282 seconds
2016-11-15T06:15:06.193+0100: 2703.385: Total time for which application threads were stopped: 0.0002247 seconds, Stopping threads took: 0.0000250 seconds
2016-11-15T06:15:06.194+0100: 2703.387: Total time for which application threads were stopped: 0.0002699 seconds, Stopping threads took: 0.0000352 seconds
2016-11-15T06:15:06.195+0100: 2703.387: Total time for which application threads were stopped: 0.0002687 seconds, Stopping threads took: 0.0000257 seconds
2016-11-15T06:15:06.195+0100: 2703.387: Total time for which application threads were stopped: 0.0002216 seconds, Stopping threads took: 0.0000254 seconds
2016-11-15T06:15:06.195+0100: 2703.388: Total time for which application threads were stopped: 0.0002237 seconds, Stopping threads took: 0.0000250 seconds
2016-11-15T06:15:06.197+0100: 2703.389: Total time for which application threads were stopped: 0.0002763 seconds, Stopping threads took: 0.0000414 seconds
2016-11-15T06:15:06.197+0100: 2703.390: Total time for which application threads were stopped: 0.0002196 seconds, Stopping threads took: 0.0000261 seconds
2016-11-15T06:15:06.199+0100: 2703.391: Total time for which application threads were stopped: 0.0002726 seconds, Stopping threads took: 0.0000358 seconds
2016-11-15T06:15:07.199+0100: 2704.392: Total time for which application threads were stopped: 0.0006338 seconds, Stopping threads took: 0.0001047 seconds
2016-11-15T06:16:00.204+0100: 2757.396: Total time for which application threads were stopped: 0.0005759 seconds, Stopping threads took: 0.0001145 seconds
2016-11-15T06:17:36.212+0100: 2853.404: Total time for which application threads were stopped: 0.0005727 seconds, Stopping threads took: 0.0001006 seconds
2016-11-15T06:18:00.214+0100: 2877.407: Total time for which application threads were stopped: 0.0005789 seconds, Stopping threads took: 0.0000991 seconds
2016-11-15T06:18:46.218+0100: 2923.411: Total time for which application threads were stopped: 0.0005864 seconds, Stopping threads took: 0.0001114 seconds
2016-11-15T06:19:56.224+0100: 2993.416: Total time for which application threads were stopped: 0.0005749 seconds, Stopping threads took: 0.0001102 seconds
2016-11-15T06:20:00.225+0100: 2997.417: Total time for which application threads were stopped: 0.0005984 seconds, Stopping threads took: 0.0001100 seconds
2016-11-15T06:20:16.227+0100: 3013.419: Total time for which application threads were stopped: 0.0005886 seconds, Stopping threads took: 0.0001079 seconds
2016-11-15T06:23:26.241+0100: 3203.434: Total time for which application threads were stopped: 0.0005838 seconds, Stopping threads took: 0.0001036 seconds
2016-11-15T06:24:00.244+0100: 3237.437: Total time for which application threads were stopped: 0.0005954 seconds, Stopping threads took: 0.0001093 seconds
2016-11-15T06:25:05.250+0100: 3302.442: Total time for which application threads were stopped: 0.0005782 seconds, Stopping threads took: 0.0001037 seconds
2016-11-15T06:28:00.010+0100: 3477.202: [GC pause (G1 Evacuation Pause) (young)
Desired survivor size 20971520 bytes, new threshold 1 (max 15)
- age   1:   36009440 bytes,   36009440 total
2016-11-15T06:28:00.052+0100: 3477.244: [SoftReference, 0 refs, 0.0058311 secs]2016-11-15T06:28:00.058+0100: 3477.250: [WeakReference, 575 refs, 0.0033524 secs]2016-11-15T06:28:00.061+0100: 3477.254: [FinalReference, 10532 refs, 0.0046722 secs]2016-11-15T06:28:00.066+0100: 3477.258: [PhantomReference, 0 refs, 0 refs, 0.0072629 secs]2016-11-15T06:28:00.073+0100: 3477.265: [JNI Weak Reference, 0.0000234 secs], 0.0736407 secs]
   [Parallel Time: 38.2 ms, GC Workers: 43]
      [GC Worker Start (ms): Min: 3477202.9, Avg: 3477203.4, Max: 3477203.9, Diff: 1.0]
      [Ext Root Scanning (ms): Min: 1.2, Avg: 1.9, Max: 8.9, Diff: 7.8, Sum: 79.9]
      [Update RS (ms): Min: 0.0, Avg: 1.6, Max: 2.9, Diff: 2.9, Sum: 70.9]
         [Processed Buffers: Min: 0, Avg: 5.0, Max: 21, Diff: 21, Sum: 217]
      [Scan RS (ms): Min: 0.0, Avg: 1.6, Max: 2.3, Diff: 2.3, Sum: 68.2]
      [Code Root Scanning (ms): Min: 0.0, Avg: 0.3, Max: 1.5, Diff: 1.5, Sum: 13.7]
      [Object Copy (ms): Min: 28.4, Avg: 31.0, Max: 31.9, Diff: 3.5, Sum: 1333.2]
      [Termination (ms): Min: 0.0, Avg: 0.5, Max: 0.7, Diff: 0.6, Sum: 22.5]
         [Termination Attempts: Min: 1, Avg: 105.3, Max: 147, Diff: 146, Sum: 4528]
      [GC Worker Other (ms): Min: 0.0, Avg: 0.2, Max: 0.5, Diff: 0.5, Sum: 9.3]
      [GC Worker Total (ms): Min: 36.5, Avg: 37.2, Max: 37.9, Diff: 1.4, Sum: 1597.8]
      [GC Worker End (ms): Min: 3477240.4, Avg: 3477240.6, Max: 3477240.9, Diff: 0.5]
   [Code Root Fixup: 1.2 ms]
   [Code Root Purge: 0.4 ms]
   [String Dedup Fixup: 2.1 ms, GC Workers: 43]
      [Queue Fixup (ms): Min: 0.0, Avg: 0.0, Max: 0.1, Diff: 0.1, Sum: 0.6]
      [Table Fixup (ms): Min: 0.6, Avg: 1.0, Max: 1.4, Diff: 0.9, Sum: 42.5]
   [Clear CT: 2.5 ms]
   [Other: 29.3 ms]
      [Choose CSet: 0.0 ms]
      [Ref Proc: 23.3 ms]
      [Ref Enq: 1.4 ms]
      [Redirty Cards: 1.4 ms]
      [Humongous Register: 0.2 ms]
      [Humongous Reclaim: 0.0 ms]
      [Free CSet: 2.0 ms]
   [Eden: 276.0M(276.0M)->0.0B(493.0M) Survivors: 40.0M->40.0M Heap: 649.5M(2048.0M)->436.0M(2048.0M)]
 [Times: user=1.78 sys=0.09, real=0.08 secs] 
2016-11-15T06:28:00.084+0100: 3477.276: Total time for which application threads were stopped: 0.0749892 seconds, Stopping threads took: 0.0002403 seconds
2016-11-15T06:28:00.086+0100: 3477.279: Total time for which application threads were stopped: 0.0006753 seconds, Stopping threads took: 0.0001315 seconds
2016-11-15T06:28:00.093+0100: 3477.285: Total time for which application threads were stopped: 0.0006592 seconds, Stopping threads took: 0.0001232 seconds
2016-11-15T06:28:00.100+0100: 3477.292: Total time for which application threads were stopped: 0.0004930 seconds, Stopping threads took: 0.0001468 seconds
2016-11-15T06:28:00.101+0100: 3477.293: Total time for which application threads were stopped: 0.0003281 seconds, Stopping threads took: 0.0000799 seconds
2016-11-15T06:28:00.101+0100: 3477.294: Total time for which application threads were stopped: 0.0003054 seconds, Stopping threads took: 0.0000832 seconds
2016-11-15T06:28:00.102+0100: 3477.295: Total time for which application threads were stopped: 0.0002926 seconds, Stopping threads took: 0.0000606 seconds
2016-11-15T06:28:00.104+0100: 3477.296: Total time for which application threads were stopped: 0.0002612 seconds, Stopping threads took: 0.0000325 seconds
2016-11-15T06:28:00.108+0100: 3477.301: Total time for which application threads were stopped: 0.0021159 seconds, Stopping threads took: 0.0017818 seconds
2016-11-15T06:28:00.110+0100: 3477.303: [GC concurrent-string-deduplication, 2444.4K->853.0K(1591.4K), avg 51.1%, 0.0198256 secs]
2016-11-15T06:30:00.118+0100: 3597.310: Total time for which application threads were stopped: 0.0006186 seconds, Stopping threads took: 0.0001121 seconds
2016-11-15T06:32:00.128+0100: 3717.320: Total time for which application threads were stopped: 0.0006487 seconds, Stopping threads took: 0.0001136 seconds
2016-11-15T06:32:06.163+0100: 3723.355: Total time for which application threads were stopped: 0.0022653 seconds, Stopping threads took: 0.0001195 seconds
2016-11-15T06:32:06.201+0100: 3723.394: Total time for which application threads were stopped: 0.0021869 seconds, Stopping threads took: 0.0001263 seconds
2016-11-15T06:32:07.842+0100: 3725.035: Total time for which application threads were stopped: 0.0022249 seconds, Stopping threads took: 0.0001326 seconds
2016-11-15T06:32:08.255+0100: 3725.448: Total time for which application threads were stopped: 0.0007609 seconds, Stopping threads took: 0.0002020 seconds
2016-11-15T06:32:08.285+0100: 3725.477: Total time for which application threads were stopped: 0.0004205 seconds, Stopping threads took: 0.0000609 seconds
2016-11-15T06:32:08.286+0100: 3725.478: Total time for which application threads were stopped: 0.0006507 seconds, Stopping threads took: 0.0003961 seconds
2016-11-15T06:32:08.288+0100: 3725.480: Total time for which application threads were stopped: 0.0003571 seconds, Stopping threads took: 0.0000403 seconds
2016-11-15T06:32:08.291+0100: 3725.483: Total time for which application threads were stopped: 0.0004275 seconds, Stopping threads took: 0.0000963 seconds
2016-11-15T06:32:08.291+0100: 3725.483: Total time for which application threads were stopped: 0.0003533 seconds, Stopping threads took: 0.0000545 seconds
2016-11-15T06:32:08.320+0100: 3725.513: Total time for which application threads were stopped: 0.0003746 seconds, Stopping threads took: 0.0000755 seconds
2016-11-15T06:32:08.383+0100: 3725.576: Total time for which application threads were stopped: 0.0003342 seconds, Stopping threads took: 0.0000436 seconds
2016-11-15T06:32:08.385+0100: 3725.577: Total time for which application threads were stopped: 0.0003218 seconds, Stopping threads took: 0.0000379 seconds
2016-11-15T06:32:08.386+0100: 3725.578: Total time for which application threads were stopped: 0.0002654 seconds, Stopping threads took: 0.0000267 seconds
2016-11-15T06:32:08.392+0100: 3725.584: Total time for which application threads were stopped: 0.0003150 seconds, Stopping threads took: 0.0000443 seconds
2016-11-15T06:32:08.510+0100: 3725.703: Total time for which application threads were stopped: 0.0006476 seconds, Stopping threads took: 0.0001111 seconds
2016-11-15T06:32:08.511+0100: 3725.704: Total time for which application threads were stopped: 0.0003224 seconds, Stopping threads took: 0.0000965 seconds
2016-11-15T06:32:08.512+0100: 3725.704: Total time for which application threads were stopped: 0.0003481 seconds, Stopping threads took: 0.0001264 seconds
2016-11-15T06:32:08.513+0100: 3725.705: Total time for which application threads were stopped: 0.0006072 seconds, Stopping threads took: 0.0001363 seconds
2016-11-15T06:32:08.513+0100: 3725.705: Total time for which application threads were stopped: 0.0003756 seconds, Stopping threads took: 0.0001500 seconds
2016-11-15T06:32:08.513+0100: 3725.706: Total time for which application threads were stopped: 0.0002833 seconds, Stopping threads took: 0.0000568 seconds
2016-11-15T06:32:08.514+0100: 3725.706: Total time for which application threads were stopped: 0.0002562 seconds, Stopping threads took: 0.0000306 seconds
2016-11-15T06:32:08.514+0100: 3725.707: Total time for which application threads were stopped: 0.0002531 seconds, Stopping threads took: 0.0000299 seconds
2016-11-15T06:32:08.515+0100: 3725.708: Total time for which application threads were stopped: 0.0003059 seconds, Stopping threads took: 0.0000402 seconds
2016-11-15T06:32:08.516+0100: 3725.708: Total time for which application threads were stopped: 0.0005159 seconds, Stopping threads took: 0.0002788 seconds
2016-11-15T06:32:08.517+0100: 3725.709: Total time for which application threads were stopped: 0.0002758 seconds, Stopping threads took: 0.0000568 seconds
2016-11-15T06:32:08.517+0100: 3725.710: Total time for which application threads were stopped: 0.0002763 seconds, Stopping threads took: 0.0000558 seconds
2016-11-15T06:32:08.518+0100: 3725.710: Total time for which application threads were stopped: 0.0002747 seconds, Stopping threads took: 0.0000526 seconds
2016-11-15T06:32:08.518+0100: 3725.711: Total time for which application threads were stopped: 0.0003002 seconds, Stopping threads took: 0.0000781 seconds
2016-11-15T06:32:08.520+0100: 3725.713: Total time for which application threads were stopped: 0.0003761 seconds, Stopping threads took: 0.0001030 seconds
2016-11-15T06:32:08.523+0100: 3725.715: Total time for which application threads were stopped: 0.0003907 seconds, Stopping threads took: 0.0000734 seconds
2016-11-15T06:32:08.523+0100: 3725.716: Total time for which application threads were stopped: 0.0003072 seconds, Stopping threads took: 0.0000663 seconds
2016-11-15T06:32:08.533+0100: 3725.726: Total time for which application threads were stopped: 0.0003470 seconds, Stopping threads took: 0.0000584 seconds
2016-11-15T06:32:08.548+0100: 3725.740: Total time for which application threads were stopped: 0.0003389 seconds, Stopping threads took: 0.0000610 seconds
2016-11-15T06:32:08.548+0100: 3725.741: Total time for which application threads were stopped: 0.0002847 seconds, Stopping threads took: 0.0000664 seconds
2016-11-15T06:32:08.549+0100: 3725.741: Total time for which application threads were stopped: 0.0002570 seconds, Stopping threads took: 0.0000323 seconds
2016-11-15T06:32:08.549+0100: 3725.741: Total time for which application threads were stopped: 0.0002876 seconds, Stopping threads took: 0.0000687 seconds
2016-11-15T06:32:08.949+0100: 3726.141: Total time for which application threads were stopped: 0.0007343 seconds, Stopping threads took: 0.0002088 seconds
2016-11-15T06:32:08.998+0100: 3726.191: Total time for which application threads were stopped: 0.0006404 seconds, Stopping threads took: 0.0001845 seconds
2016-11-15T06:32:09.001+0100: 3726.194: Total time for which application threads were stopped: 0.0003692 seconds, Stopping threads took: 0.0000670 seconds
2016-11-15T06:32:09.346+0100: 3726.539: Total time for which application threads were stopped: 0.0020810 seconds, Stopping threads took: 0.0001488 seconds
2016-11-15T06:32:09.362+0100: 3726.554: Total time for which application threads were stopped: 0.0016647 seconds, Stopping threads took: 0.0000756 seconds
2016-11-15T06:32:09.367+0100: 3726.560: Total time for which application threads were stopped: 0.0021281 seconds, Stopping threads took: 0.0000965 seconds
2016-11-15T06:32:09.370+0100: 3726.562: Total time for which application threads were stopped: 0.0003940 seconds, Stopping threads took: 0.0000421 seconds
2016-11-15T06:32:09.372+0100: 3726.564: Total time for which application threads were stopped: 0.0003371 seconds, Stopping threads took: 0.0000586 seconds
2016-11-15T06:32:09.377+0100: 3726.570: Total time for which application threads were stopped: 0.0003520 seconds, Stopping threads took: 0.0000489 seconds
2016-11-15T06:32:09.385+0100: 3726.577: Total time for which application threads were stopped: 0.0004184 seconds, Stopping threads took: 0.0000698 seconds
2016-11-15T06:32:09.395+0100: 3726.587: Total time for which application threads were stopped: 0.0004224 seconds, Stopping threads took: 0.0000649 seconds
2016-11-15T06:32:09.399+0100: 3726.592: Total time for which application threads were stopped: 0.0003337 seconds, Stopping threads took: 0.0000463 seconds
2016-11-15T06:32:09.403+0100: 3726.595: Total time for which application threads were stopped: 0.0003303 seconds, Stopping threads took: 0.0000378 seconds
2016-11-15T06:32:09.417+0100: 3726.610: Total time for which application threads were stopped: 0.0003750 seconds, Stopping threads took: 0.0000427 seconds
2016-11-15T06:32:09.510+0100: 3726.703: Total time for which application threads were stopped: 0.0007043 seconds, Stopping threads took: 0.0001317 seconds
2016-11-15T06:32:09.582+0100: 3726.774: Total time for which application threads were stopped: 0.0006330 seconds, Stopping threads took: 0.0001074 seconds
2016-11-15T06:32:09.620+0100: 3726.813: Total time for which application threads were stopped: 0.0005393 seconds, Stopping threads took: 0.0001415 seconds
2016-11-15T06:32:09.665+0100: 3726.857: Total time for which application threads were stopped: 0.0007634 seconds, Stopping threads took: 0.0001197 seconds
2016-11-15T06:32:09.665+0100: 3726.858: Total time for which application threads were stopped: 0.0002887 seconds, Stopping threads took: 0.0000488 seconds
2016-11-15T06:32:09.665+0100: 3726.858: Total time for which application threads were stopped: 0.0002686 seconds, Stopping threads took: 0.0000318 seconds
2016-11-15T06:32:09.666+0100: 3726.858: Total time for which application threads were stopped: 0.0003045 seconds, Stopping threads took: 0.0000570 seconds
2016-11-15T06:32:09.666+0100: 3726.859: Total time for which application threads were stopped: 0.0003020 seconds, Stopping threads took: 0.0000584 seconds
2016-11-15T06:32:09.666+0100: 3726.859: Total time for which application threads were stopped: 0.0002684 seconds, Stopping threads took: 0.0000299 seconds
2016-11-15T06:32:09.667+0100: 3726.859: Total time for which application threads were stopped: 0.0002670 seconds, Stopping threads took: 0.0000299 seconds
2016-11-15T06:32:09.667+0100: 3726.859: Total time for which application threads were stopped: 0.0002691 seconds, Stopping threads took: 0.0000310 seconds
2016-11-15T06:32:09.667+0100: 3726.860: Total time for which application threads were stopped: 0.0002671 seconds, Stopping threads took: 0.0000306 seconds
2016-11-15T06:32:09.668+0100: 3726.860: Total time for which application threads were stopped: 0.0002696 seconds, Stopping threads took: 0.0000327 seconds
2016-11-15T06:32:09.669+0100: 3726.862: Total time for which application threads were stopped: 0.0003511 seconds, Stopping threads took: 0.0000450 seconds
2016-11-15T06:32:09.721+0100: 3726.914: Total time for which application threads were stopped: 0.0007759 seconds, Stopping threads took: 0.0002016 seconds
2016-11-15T06:32:09.722+0100: 3726.914: Total time for which application threads were stopped: 0.0003484 seconds, Stopping threads took: 0.0000948 seconds
2016-11-15T06:32:09.723+0100: 3726.916: Total time for which application threads were stopped: 0.0003566 seconds, Stopping threads took: 0.0000489 seconds
2016-11-15T06:32:09.728+0100: 3726.920: Total time for which application threads were stopped: 0.0004107 seconds, Stopping threads took: 0.0000918 seconds
2016-11-15T06:32:09.729+0100: 3726.921: Total time for which application threads were stopped: 0.0004510 seconds, Stopping threads took: 0.0001871 seconds
2016-11-15T06:32:09.729+0100: 3726.922: Total time for which application threads were stopped: 0.0003479 seconds, Stopping threads took: 0.0001019 seconds
2016-11-15T06:32:09.730+0100: 3726.922: Total time for which application threads were stopped: 0.0003201 seconds, Stopping threads took: 0.0000670 seconds
2016-11-15T06:32:09.730+0100: 3726.923: Total time for which application threads were stopped: 0.0002974 seconds, Stopping threads took: 0.0000502 seconds
2016-11-15T06:32:09.756+0100: 3726.948: Total time for which application threads were stopped: 0.0005185 seconds, Stopping threads took: 0.0000731 seconds
2016-11-15T06:32:09.756+0100: 3726.949: Total time for which application threads were stopped: 0.0002636 seconds, Stopping threads took: 0.0000325 seconds
2016-11-15T06:32:09.782+0100: 3726.975: Total time for which application threads were stopped: 0.0004985 seconds, Stopping threads took: 0.0001511 seconds
2016-11-15T06:32:09.886+0100: 3727.079: Total time for which application threads were stopped: 0.0007107 seconds, Stopping threads took: 0.0001055 seconds
2016-11-15T06:32:09.887+0100: 3727.079: Total time for which application threads were stopped: 0.0002644 seconds, Stopping threads took: 0.0000244 seconds
2016-11-15T06:32:09.887+0100: 3727.080: Total time for which application threads were stopped: 0.0002635 seconds, Stopping threads took: 0.0000279 seconds
2016-11-15T06:32:09.887+0100: 3727.080: Total time for which application threads were stopped: 0.0002607 seconds, Stopping threads took: 0.0000240 seconds
2016-11-15T06:32:09.888+0100: 3727.080: Total time for which application threads were stopped: 0.0002574 seconds, Stopping threads took: 0.0000236 seconds
2016-11-15T06:32:09.888+0100: 3727.081: Total time for which application threads were stopped: 0.0002612 seconds, Stopping threads took: 0.0000255 seconds
2016-11-15T06:32:09.888+0100: 3727.081: Total time for which application threads were stopped: 0.0002592 seconds, Stopping threads took: 0.0000243 seconds
2016-11-15T06:32:09.889+0100: 3727.081: Total time for which application threads were stopped: 0.0002686 seconds, Stopping threads took: 0.0000235 seconds
2016-11-15T06:32:09.890+0100: 3727.083: Total time for which application threads were stopped: 0.0003191 seconds, Stopping threads took: 0.0000397 seconds
2016-11-15T06:32:09.896+0100: 3727.089: Total time for which application threads were stopped: 0.0006020 seconds, Stopping threads took: 0.0001121 seconds
2016-11-15T06:32:09.898+0100: 3727.090: Total time for which application threads were stopped: 0.0004109 seconds, Stopping threads took: 0.0001134 seconds
2016-11-15T06:32:09.898+0100: 3727.091: Total time for which application threads were stopped: 0.0003281 seconds, Stopping threads took: 0.0000833 seconds
2016-11-15T06:32:09.900+0100: 3727.092: Total time for which application threads were stopped: 0.0003425 seconds, Stopping threads took: 0.0000496 seconds
2016-11-15T06:32:09.901+0100: 3727.094: Total time for which application threads were stopped: 0.0003464 seconds, Stopping threads took: 0.0000390 seconds
2016-11-15T06:32:09.906+0100: 3727.098: Total time for which application threads were stopped: 0.0006431 seconds, Stopping threads took: 0.0002329 seconds
2016-11-15T06:32:10.907+0100: 3728.099: Total time for which application threads were stopped: 0.0006974 seconds, Stopping threads took: 0.0001235 seconds
2016-11-15T06:32:18.113+0100: 3735.306: Total time for which application threads were stopped: 0.0007451 seconds, Stopping threads took: 0.0001418 seconds
2016-11-15T06:32:18.114+0100: 3735.306: Total time for which application threads were stopped: 0.0002774 seconds, Stopping threads took: 0.0000420 seconds
2016-11-15T06:32:18.166+0100: 3735.358: Total time for which application threads were stopped: 0.0004198 seconds, Stopping threads took: 0.0001263 seconds
2016-11-15T06:32:18.171+0100: 3735.363: Total time for which application threads were stopped: 0.0004649 seconds, Stopping threads took: 0.0001392 seconds
2016-11-15T06:32:18.171+0100: 3735.364: Total time for which application threads were stopped: 0.0003273 seconds, Stopping threads took: 0.0000994 seconds
2016-11-15T06:32:18.418+0100: 3735.611: Total time for which application threads were stopped: 0.0004876 seconds, Stopping threads took: 0.0001068 seconds
2016-11-15T06:32:18.422+0100: 3735.614: Total time for which application threads were stopped: 0.0003150 seconds, Stopping threads took: 0.0000389 seconds
2016-11-15T06:32:18.501+0100: 3735.693: Total time for which application threads were stopped: 0.0004665 seconds, Stopping threads took: 0.0001316 seconds
2016-11-15T06:32:18.515+0100: 3735.707: Total time for which application threads were stopped: 0.0006496 seconds, Stopping threads took: 0.0001444 seconds
2016-11-15T06:32:18.516+0100: 3735.708: Total time for which application threads were stopped: 0.0004293 seconds, Stopping threads took: 0.0001363 seconds
2016-11-15T06:32:18.518+0100: 3735.711: Total time for which application threads were stopped: 0.0003590 seconds, Stopping threads took: 0.0000585 seconds
2016-11-15T06:32:18.527+0100: 3735.719: Total time for which application threads were stopped: 0.0004587 seconds, Stopping threads took: 0.0001020 seconds
2016-11-15T06:32:18.527+0100: 3735.720: Total time for which application threads were stopped: 0.0002705 seconds, Stopping threads took: 0.0000303 seconds
2016-11-15T06:32:18.529+0100: 3735.722: Total time for which application threads were stopped: 0.0018145 seconds, Stopping threads took: 0.0000283 seconds
2016-11-15T06:32:18.530+0100: 3735.723: Total time for which application threads were stopped: 0.0003878 seconds, Stopping threads took: 0.0000645 seconds
2016-11-15T06:32:18.534+0100: 3735.726: Total time for which application threads were stopped: 0.0004046 seconds, Stopping threads took: 0.0000680 seconds
2016-11-15T06:32:18.534+0100: 3735.727: Total time for which application threads were stopped: 0.0002784 seconds, Stopping threads took: 0.0000332 seconds
2016-11-15T06:32:18.536+0100: 3735.729: Total time for which application threads were stopped: 0.0003781 seconds, Stopping threads took: 0.0000580 seconds
2016-11-15T06:32:18.537+0100: 3735.729: Total time for which application threads were stopped: 0.0003741 seconds, Stopping threads took: 0.0001167 seconds
2016-11-15T06:32:18.561+0100: 3735.754: Total time for which application threads were stopped: 0.0007090 seconds, Stopping threads took: 0.0001596 seconds
2016-11-15T06:32:18.562+0100: 3735.754: Total time for which application threads were stopped: 0.0003233 seconds, Stopping threads took: 0.0000706 seconds
2016-11-15T06:32:18.563+0100: 3735.755: Total time for which application threads were stopped: 0.0003405 seconds, Stopping threads took: 0.0000404 seconds
2016-11-15T06:32:18.991+0100: 3736.183: Total time for which application threads were stopped: 0.0008001 seconds, Stopping threads took: 0.0001526 seconds
2016-11-15T06:32:19.016+0100: 3736.208: Total time for which application threads were stopped: 0.0005071 seconds, Stopping threads took: 0.0001128 seconds
2016-11-15T06:32:19.016+0100: 3736.208: Total time for which application threads were stopped: 0.0002754 seconds, Stopping threads took: 0.0000315 seconds
2016-11-15T06:32:19.016+0100: 3736.209: Total time for which application threads were stopped: 0.0002821 seconds, Stopping threads took: 0.0000345 seconds
2016-11-15T06:32:19.017+0100: 3736.209: Total time for which application threads were stopped: 0.0002908 seconds, Stopping threads took: 0.0000337 seconds
2016-11-15T06:32:19.022+0100: 3736.214: Total time for which application threads were stopped: 0.0005301 seconds, Stopping threads took: 0.0001722 seconds
2016-11-15T06:32:19.022+0100: 3736.215: Total time for which application threads were stopped: 0.0003828 seconds, Stopping threads took: 0.0001349 seconds
2016-11-15T06:32:19.023+0100: 3736.215: Total time for which application threads were stopped: 0.0003540 seconds, Stopping threads took: 0.0000971 seconds
2016-11-15T06:32:19.023+0100: 3736.215: Total time for which application threads were stopped: 0.0003605 seconds, Stopping threads took: 0.0001089 seconds
2016-11-15T06:32:19.023+0100: 3736.216: Total time for which application threads were stopped: 0.0003281 seconds, Stopping threads took: 0.0000843 seconds
2016-11-15T06:32:19.024+0100: 3736.216: Total time for which application threads were stopped: 0.0002973 seconds, Stopping threads took: 0.0000540 seconds
2016-11-15T06:32:19.024+0100: 3736.216: Total time for which application threads were stopped: 0.0003112 seconds, Stopping threads took: 0.0000574 seconds
2016-11-15T06:32:19.024+0100: 3736.217: Total time for which application threads were stopped: 0.0003013 seconds, Stopping threads took: 0.0000569 seconds
2016-11-15T06:32:19.025+0100: 3736.217: Total time for which application threads were stopped: 0.0003184 seconds, Stopping threads took: 0.0000704 seconds
2016-11-15T06:32:19.025+0100: 3736.218: Total time for which application threads were stopped: 0.0003340 seconds, Stopping threads took: 0.0000882 seconds
2016-11-15T06:32:19.025+0100: 3736.218: Total time for which application threads were stopped: 0.0003174 seconds, Stopping threads took: 0.0000702 seconds
2016-11-15T06:32:19.026+0100: 3736.218: Total time for which application threads were stopped: 0.0002861 seconds, Stopping threads took: 0.0000417 seconds
2016-11-15T06:32:19.026+0100: 3736.219: Total time for which application threads were stopped: 0.0003298 seconds, Stopping threads took: 0.0000841 seconds
2016-11-15T06:32:19.027+0100: 3736.219: Total time for which application threads were stopped: 0.0003134 seconds, Stopping threads took: 0.0000550 seconds
2016-11-15T06:32:19.027+0100: 3736.219: Total time for which application threads were stopped: 0.0003133 seconds, Stopping threads took: 0.0000518 seconds
2016-11-15T06:32:19.029+0100: 3736.221: Total time for which application threads were stopped: 0.0017626 seconds, Stopping threads took: 0.0000882 seconds
2016-11-15T06:32:19.060+0100: 3736.253: Total time for which application threads were stopped: 0.0006518 seconds, Stopping threads took: 0.0001055 seconds
2016-11-15T06:32:19.071+0100: 3736.264: Total time for which application threads were stopped: 0.0004782 seconds, Stopping threads took: 0.0000678 seconds
2016-11-15T06:32:19.086+0100: 3736.278: Total time for which application threads were stopped: 0.0007088 seconds, Stopping threads took: 0.0002890 seconds
2016-11-15T06:32:20.087+0100: 3737.279: Total time for which application threads were stopped: 0.0007172 seconds, Stopping threads took: 0.0001241 seconds
2016-11-15T06:32:24.844+0100: 3742.037: Total time for which application threads were stopped: 0.0007846 seconds, Stopping threads took: 0.0001411 seconds
2016-11-15T06:32:24.845+0100: 3742.037: Total time for which application threads were stopped: 0.0003090 seconds, Stopping threads took: 0.0000611 seconds
2016-11-15T06:32:24.846+0100: 3742.039: Total time for which application threads were stopped: 0.0003865 seconds, Stopping threads took: 0.0000873 seconds
2016-11-15T06:32:24.846+0100: 3742.039: Total time for which application threads were stopped: 0.0003143 seconds, Stopping threads took: 0.0000669 seconds
2016-11-15T06:32:24.901+0100: 3742.094: Total time for which application threads were stopped: 0.0004897 seconds, Stopping threads took: 0.0000742 seconds
2016-11-15T06:32:24.903+0100: 3742.096: Total time for which application threads were stopped: 0.0003596 seconds, Stopping threads took: 0.0000478 seconds
2016-11-15T06:32:24.916+0100: 3742.108: Total time for which application threads were stopped: 0.0004923 seconds, Stopping threads took: 0.0000618 seconds
2016-11-15T06:32:25.093+0100: 3742.285: Total time for which application threads were stopped: 0.0005159 seconds, Stopping threads took: 0.0001314 seconds
2016-11-15T06:32:25.095+0100: 3742.287: Total time for which application threads were stopped: 0.0003458 seconds, Stopping threads took: 0.0000613 seconds
2016-11-15T06:32:25.095+0100: 3742.287: Total time for which application threads were stopped: 0.0003732 seconds, Stopping threads took: 0.0001354 seconds
2016-11-15T06:32:25.183+0100: 3742.375: Total time for which application threads were stopped: 0.0003855 seconds, Stopping threads took: 0.0000525 seconds
2016-11-15T06:32:25.192+0100: 3742.385: Total time for which application threads were stopped: 0.0003714 seconds, Stopping threads took: 0.0000582 seconds
2016-11-15T06:32:25.299+0100: 3742.491: Total time for which application threads were stopped: 0.0019669 seconds, Stopping threads took: 0.0000872 seconds
2016-11-15T06:32:25.376+0100: 3742.569: Total time for which application threads were stopped: 0.0006135 seconds, Stopping threads took: 0.0001293 seconds
2016-11-15T06:32:25.377+0100: 3742.569: Total time for which application threads were stopped: 0.0003443 seconds, Stopping threads took: 0.0000736 seconds
2016-11-15T06:32:25.378+0100: 3742.570: Total time for which application threads were stopped: 0.0003454 seconds, Stopping threads took: 0.0000697 seconds
2016-11-15T06:32:25.381+0100: 3742.573: Total time for which application threads were stopped: 0.0004940 seconds, Stopping threads took: 0.0001486 seconds
2016-11-15T06:32:25.381+0100: 3742.574: Total time for which application threads were stopped: 0.0004092 seconds, Stopping threads took: 0.0001447 seconds
2016-11-15T06:32:25.382+0100: 3742.574: Total time for which application threads were stopped: 0.0004091 seconds, Stopping threads took: 0.0001338 seconds
2016-11-15T06:32:25.384+0100: 3742.576: Total time for which application threads were stopped: 0.0004328 seconds, Stopping threads took: 0.0000897 seconds
2016-11-15T06:32:25.384+0100: 3742.576: Total time for which application threads were stopped: 0.0003361 seconds, Stopping threads took: 0.0000747 seconds
2016-11-15T06:32:25.385+0100: 3742.577: Total time for which application threads were stopped: 0.0003645 seconds, Stopping threads took: 0.0000877 seconds
2016-11-15T06:32:25.385+0100: 3742.578: Total time for which application threads were stopped: 0.0003347 seconds, Stopping threads took: 0.0000593 seconds
2016-11-15T06:32:25.387+0100: 3742.580: Total time for which application threads were stopped: 0.0018977 seconds, Stopping threads took: 0.0000643 seconds
2016-11-15T06:32:25.388+0100: 3742.580: Total time for which application threads were stopped: 0.0004048 seconds, Stopping threads took: 0.0000725 seconds
2016-11-15T06:32:25.390+0100: 3742.582: Total time for which application threads were stopped: 0.0004494 seconds, Stopping threads took: 0.0001249 seconds
2016-11-15T06:32:25.390+0100: 3742.583: Total time for which application threads were stopped: 0.0003102 seconds, Stopping threads took: 0.0000483 seconds
2016-11-15T06:32:25.391+0100: 3742.583: Total time for which application threads were stopped: 0.0003090 seconds, Stopping threads took: 0.0000440 seconds
2016-11-15T06:32:25.394+0100: 3742.586: Total time for which application threads were stopped: 0.0017412 seconds, Stopping threads took: 0.0000435 seconds
2016-11-15T06:32:25.394+0100: 3742.587: Total time for which application threads were stopped: 0.0003478 seconds, Stopping threads took: 0.0000334 seconds
2016-11-15T06:32:25.408+0100: 3742.601: Total time for which application threads were stopped: 0.0004372 seconds, Stopping threads took: 0.0000699 seconds
2016-11-15T06:32:25.411+0100: 3742.603: Total time for which application threads were stopped: 0.0003489 seconds, Stopping threads took: 0.0000437 seconds
2016-11-15T06:32:25.427+0100: 3742.620: Total time for which application threads were stopped: 0.0004260 seconds, Stopping threads took: 0.0001056 seconds
2016-11-15T06:32:25.466+0100: 3742.658: Total time for which application threads were stopped: 0.0004260 seconds, Stopping threads took: 0.0000746 seconds
2016-11-15T06:32:25.468+0100: 3742.660: Total time for which application threads were stopped: 0.0003689 seconds, Stopping threads took: 0.0000643 seconds
2016-11-15T06:32:25.474+0100: 3742.666: Total time for which application threads were stopped: 0.0004053 seconds, Stopping threads took: 0.0000623 seconds
2016-11-15T06:32:25.479+0100: 3742.671: Total time for which application threads were stopped: 0.0003726 seconds, Stopping threads took: 0.0000661 seconds
2016-11-15T06:32:25.481+0100: 3742.674: Total time for which application threads were stopped: 0.0004023 seconds, Stopping threads took: 0.0000940 seconds
2016-11-15T06:32:25.487+0100: 3742.680: Total time for which application threads were stopped: 0.0003667 seconds, Stopping threads took: 0.0000647 seconds
2016-11-15T06:32:25.490+0100: 3742.682: Total time for which application threads were stopped: 0.0003947 seconds, Stopping threads took: 0.0000861 seconds
2016-11-15T06:32:25.493+0100: 3742.685: Total time for which application threads were stopped: 0.0003973 seconds, Stopping threads took: 0.0000936 seconds
2016-11-15T06:32:25.529+0100: 3742.721: Total time for which application threads were stopped: 0.0006569 seconds, Stopping threads took: 0.0001655 seconds
2016-11-15T06:32:25.529+0100: 3742.721: Total time for which application threads were stopped: 0.0003125 seconds, Stopping threads took: 0.0000536 seconds
2016-11-15T06:32:25.533+0100: 3742.725: Total time for which application threads were stopped: 0.0004748 seconds, Stopping threads took: 0.0001572 seconds
2016-11-15T06:32:25.533+0100: 3742.725: Total time for which application threads were stopped: 0.0003400 seconds, Stopping threads took: 0.0000816 seconds
2016-11-15T06:32:25.537+0100: 3742.729: Total time for which application threads were stopped: 0.0004765 seconds, Stopping threads took: 0.0001599 seconds
2016-11-15T06:32:25.537+0100: 3742.730: Total time for which application threads were stopped: 0.0004019 seconds, Stopping threads took: 0.0001423 seconds
2016-11-15T06:32:25.551+0100: 3742.744: Total time for which application threads were stopped: 0.0004717 seconds, Stopping threads took: 0.0000694 seconds
2016-11-15T06:32:25.627+0100: 3742.820: Total time for which application threads were stopped: 0.0005351 seconds, Stopping threads took: 0.0000818 seconds
2016-11-15T06:32:25.642+0100: 3742.834: Total time for which application threads were stopped: 0.0004085 seconds, Stopping threads took: 0.0000713 seconds
2016-11-15T06:32:25.794+0100: 3742.986: Total time for which application threads were stopped: 0.0006249 seconds, Stopping threads took: 0.0001416 seconds
2016-11-15T06:32:25.824+0100: 3743.017: Total time for which application threads were stopped: 0.0021020 seconds, Stopping threads took: 0.0000821 seconds
2016-11-15T06:32:25.985+0100: 3743.178: Total time for which application threads were stopped: 0.0024854 seconds, Stopping threads took: 0.0001100 seconds
2016-11-15T06:32:26.872+0100: 3744.064: Total time for which application threads were stopped: 0.0007203 seconds, Stopping threads took: 0.0001119 seconds
2016-11-15T06:32:27.326+0100: 3744.519: Total time for which application threads were stopped: 0.0021733 seconds, Stopping threads took: 0.0001408 seconds
2016-11-15T06:32:27.399+0100: 3744.592: Total time for which application threads were stopped: 0.0007459 seconds, Stopping threads took: 0.0001352 seconds
2016-11-15T06:32:27.399+0100: 3744.592: Total time for which application threads were stopped: 0.0002855 seconds, Stopping threads took: 0.0000282 seconds
2016-11-15T06:32:27.407+0100: 3744.600: Total time for which application threads were stopped: 0.0005333 seconds, Stopping threads took: 0.0000816 seconds
2016-11-15T06:32:27.409+0100: 3744.602: Total time for which application threads were stopped: 0.0018602 seconds, Stopping threads took: 0.0000281 seconds
2016-11-15T06:32:27.411+0100: 3744.604: Total time for which application threads were stopped: 0.0004552 seconds, Stopping threads took: 0.0000520 seconds
2016-11-15T06:32:27.412+0100: 3744.604: Total time for which application threads were stopped: 0.0002884 seconds, Stopping threads took: 0.0000296 seconds
2016-11-15T06:32:27.432+0100: 3744.625: Total time for which application threads were stopped: 0.0006500 seconds, Stopping threads took: 0.0001677 seconds
2016-11-15T06:32:27.921+0100: 3745.113: Total time for which application threads were stopped: 0.0023669 seconds, Stopping threads took: 0.0001490 seconds
2016-11-15T06:32:28.922+0100: 3746.114: Total time for which application threads were stopped: 0.0006376 seconds, Stopping threads took: 0.0001105 seconds
2016-11-15T06:32:29.111+0100: 3746.303: Total time for which application threads were stopped: 0.0021980 seconds, Stopping threads took: 0.0001564 seconds
2016-11-15T06:32:29.129+0100: 3746.321: Total time for which application threads were stopped: 0.0008071 seconds, Stopping threads took: 0.0001600 seconds
2016-11-15T06:32:29.134+0100: 3746.326: Total time for which application threads were stopped: 0.0007144 seconds, Stopping threads took: 0.0001385 seconds
2016-11-15T06:32:29.134+0100: 3746.327: Total time for which application threads were stopped: 0.0006324 seconds, Stopping threads took: 0.0001700 seconds
2016-11-15T06:32:29.135+0100: 3746.328: Total time for which application threads were stopped: 0.0004830 seconds, Stopping threads took: 0.0001160 seconds
2016-11-15T06:32:29.146+0100: 3746.339: Total time for which application threads were stopped: 0.0006153 seconds, Stopping threads took: 0.0001666 seconds
2016-11-15T06:32:29.163+0100: 3746.356: Total time for which application threads were stopped: 0.0009482 seconds, Stopping threads took: 0.0001739 seconds
2016-11-15T06:32:29.172+0100: 3746.365: Total time for which application threads were stopped: 0.0008385 seconds, Stopping threads took: 0.0001889 seconds
2016-11-15T06:32:29.178+0100: 3746.371: Total time for which application threads were stopped: 0.0030599 seconds, Stopping threads took: 0.0001552 seconds
2016-11-15T06:32:29.202+0100: 3746.394: Total time for which application threads were stopped: 0.0010966 seconds, Stopping threads took: 0.0002150 seconds
2016-11-15T06:32:29.203+0100: 3746.395: Total time for which application threads were stopped: 0.0005940 seconds, Stopping threads took: 0.0001289 seconds
2016-11-15T06:32:29.213+0100: 3746.405: Total time for which application threads were stopped: 0.0009774 seconds, Stopping threads took: 0.0002085 seconds
2016-11-15T06:32:29.213+0100: 3746.406: Total time for which application threads were stopped: 0.0005643 seconds, Stopping threads took: 0.0000651 seconds
2016-11-15T06:32:29.218+0100: 3746.411: Total time for which application threads were stopped: 0.0007325 seconds, Stopping threads took: 0.0002342 seconds
2016-11-15T06:32:29.232+0100: 3746.424: Total time for which application threads were stopped: 0.0010651 seconds, Stopping threads took: 0.0001974 seconds
2016-11-15T06:32:29.232+0100: 3746.425: Total time for which application threads were stopped: 0.0008141 seconds, Stopping threads took: 0.0002410 seconds
2016-11-15T06:32:29.246+0100: 3746.439: Total time for which application threads were stopped: 0.0011834 seconds, Stopping threads took: 0.0003060 seconds
2016-11-15T06:32:29.247+0100: 3746.439: Total time for which application threads were stopped: 0.0005580 seconds, Stopping threads took: 0.0000811 seconds
2016-11-15T06:32:29.250+0100: 3746.442: Total time for which application threads were stopped: 0.0007921 seconds, Stopping threads took: 0.0001722 seconds
2016-11-15T06:32:29.250+0100: 3746.443: Total time for which application threads were stopped: 0.0006391 seconds, Stopping threads took: 0.0001193 seconds
2016-11-15T06:32:29.253+0100: 3746.446: Total time for which application threads were stopped: 0.0008147 seconds, Stopping threads took: 0.0002185 seconds
2016-11-15T06:32:29.254+0100: 3746.446: Total time for which application threads were stopped: 0.0005128 seconds, Stopping threads took: 0.0000831 seconds
2016-11-15T06:32:29.257+0100: 3746.449: Total time for which application threads were stopped: 0.0007009 seconds, Stopping threads took: 0.0001458 seconds
2016-11-15T06:32:29.257+0100: 3746.450: Total time for which application threads were stopped: 0.0005234 seconds, Stopping threads took: 0.0000452 seconds
2016-11-15T06:32:29.262+0100: 3746.455: Total time for which application threads were stopped: 0.0007704 seconds, Stopping threads took: 0.0001429 seconds
2016-11-15T06:32:29.263+0100: 3746.455: Total time for which application threads were stopped: 0.0006267 seconds, Stopping threads took: 0.0001558 seconds
2016-11-15T06:32:29.265+0100: 3746.458: Total time for which application threads were stopped: 0.0007444 seconds, Stopping threads took: 0.0001907 seconds
2016-11-15T06:32:29.266+0100: 3746.458: Total time for which application threads were stopped: 0.0005445 seconds, Stopping threads took: 0.0000648 seconds
2016-11-15T06:32:29.268+0100: 3746.460: Total time for which application threads were stopped: 0.0006016 seconds, Stopping threads took: 0.0001399 seconds
2016-11-15T06:32:29.270+0100: 3746.462: Total time for which application threads were stopped: 0.0007252 seconds, Stopping threads took: 0.0001483 seconds
2016-11-15T06:32:29.273+0100: 3746.465: Total time for which application threads were stopped: 0.0028541 seconds, Stopping threads took: 0.0001586 seconds
2016-11-15T06:32:29.324+0100: 3746.516: Total time for which application threads were stopped: 0.0011657 seconds, Stopping threads took: 0.0001966 seconds
2016-11-15T06:32:29.324+0100: 3746.517: Total time for which application threads were stopped: 0.0006459 seconds, Stopping threads took: 0.0001709 seconds
2016-11-15T06:32:29.325+0100: 3746.518: Total time for which application threads were stopped: 0.0006395 seconds, Stopping threads took: 0.0001705 seconds
2016-11-15T06:32:29.326+0100: 3746.519: Total time for which application threads were stopped: 0.0006096 seconds, Stopping threads took: 0.0001521 seconds
2016-11-15T06:32:29.327+0100: 3746.519: Total time for which application threads were stopped: 0.0005849 seconds, Stopping threads took: 0.0001137 seconds
2016-11-15T06:32:29.328+0100: 3746.520: Total time for which application threads were stopped: 0.0005949 seconds, Stopping threads took: 0.0001361 seconds
2016-11-15T06:32:29.336+0100: 3746.528: Total time for which application threads were stopped: 0.0012789 seconds, Stopping threads took: 0.0006629 seconds
2016-11-15T06:32:29.346+0100: 3746.538: Total time for which application threads were stopped: 0.0007512 seconds, Stopping threads took: 0.0001314 seconds
2016-11-15T06:32:29.360+0100: 3746.553: Total time for which application threads were stopped: 0.0008489 seconds, Stopping threads took: 0.0002179 seconds
2016-11-15T06:32:29.366+0100: 3746.558: Total time for which application threads were stopped: 0.0006021 seconds, Stopping threads took: 0.0001277 seconds
2016-11-15T06:32:29.530+0100: 3746.722: Total time for which application threads were stopped: 0.0013451 seconds, Stopping threads took: 0.0002699 seconds
2016-11-15T06:32:29.531+0100: 3746.723: Total time for which application threads were stopped: 0.0009049 seconds, Stopping threads took: 0.0004786 seconds
2016-11-15T06:32:29.532+0100: 3746.724: Total time for which application threads were stopped: 0.0005618 seconds, Stopping threads took: 0.0001910 seconds
2016-11-15T06:32:29.532+0100: 3746.725: Total time for which application threads were stopped: 0.0004733 seconds, Stopping threads took: 0.0001141 seconds
2016-11-15T06:32:29.535+0100: 3746.728: Total time for which application threads were stopped: 0.0029113 seconds, Stopping threads took: 0.0001615 seconds
2016-11-15T06:32:29.536+0100: 3746.729: Total time for which application threads were stopped: 0.0006436 seconds, Stopping threads took: 0.0001301 seconds
2016-11-15T06:32:29.537+0100: 3746.730: Total time for which application threads were stopped: 0.0005549 seconds, Stopping threads took: 0.0001800 seconds
2016-11-15T06:32:29.551+0100: 3746.744: Total time for which application threads were stopped: 0.0009101 seconds, Stopping threads took: 0.0002027 seconds
2016-11-15T06:32:30.552+0100: 3747.745: Total time for which application threads were stopped: 0.0009052 seconds, Stopping threads took: 0.0001460 seconds
2016-11-15T06:33:19.557+0100: 3796.749: Total time for which application threads were stopped: 0.0007817 seconds, Stopping threads took: 0.0001464 seconds
2016-11-15T06:33:20.558+0100: 3797.750: Total time for which application threads were stopped: 0.0006851 seconds, Stopping threads took: 0.0001255 seconds
2016-11-15T06:33:25.559+0100: 3802.751: Total time for which application threads were stopped: 0.0007920 seconds, Stopping threads took: 0.0001465 seconds
2016-11-15T06:34:00.562+0100: 3837.755: Total time for which application threads were stopped: 0.0007924 seconds, Stopping threads took: 0.0001480 seconds
2016-11-15T06:36:00.572+0100: 3957.764: Total time for which application threads were stopped: 0.0007749 seconds, Stopping threads took: 0.0001457 seconds
2016-11-15T06:36:20.574+0100: 3977.767: Total time for which application threads were stopped: 0.0007594 seconds, Stopping threads took: 0.0001514 seconds
2016-11-15T06:37:10.579+0100: 4027.771: Total time for which application threads were stopped: 0.0007595 seconds, Stopping threads took: 0.0001469 seconds
2016-11-15T06:37:39.582+0100: 4056.774: Total time for which application threads were stopped: 0.0007741 seconds, Stopping threads took: 0.0001493 seconds
2016-11-15T06:37:40.583+0100: 4057.775: Total time for which application threads were stopped: 0.0006452 seconds, Stopping threads took: 0.0001083 seconds
2016-11-15T06:37:56.584+0100: 4073.777: Total time for which application threads were stopped: 0.0007593 seconds, Stopping threads took: 0.0001439 seconds
2016-11-15T06:38:00.586+0100: 4077.778: Total time for which application threads were stopped: 0.0007528 seconds, Stopping threads took: 0.0001436 seconds
2016-11-15T06:38:16.588+0100: 4093.780: Total time for which application threads were stopped: 0.0007642 seconds, Stopping threads took: 0.0001420 seconds
2016-11-15T06:39:44.595+0100: 4181.787: Total time for which application threads were stopped: 0.0007550 seconds, Stopping threads took: 0.0001430 seconds
2016-11-15T06:39:46.547+0100: 4183.740: Total time for which application threads were stopped: 0.0008211 seconds, Stopping threads took: 0.0001533 seconds
2016-11-15T06:39:46.548+0100: 4183.741: Total time for which application threads were stopped: 0.0003693 seconds, Stopping threads took: 0.0000368 seconds
2016-11-15T06:39:46.549+0100: 4183.741: Total time for which application threads were stopped: 0.0003277 seconds, Stopping threads took: 0.0000269 seconds
2016-11-15T06:39:47.549+0100: 4184.742: Total time for which application threads were stopped: 0.0007732 seconds, Stopping threads took: 0.0001448 seconds
2016-11-15T06:39:47.650+0100: 4184.842: Total time for which application threads were stopped: 0.0006367 seconds, Stopping threads took: 0.0001763 seconds
2016-11-15T06:39:48.651+0100: 4185.843: Total time for which application threads were stopped: 0.0007114 seconds, Stopping threads took: 0.0001265 seconds
2016-11-15T06:40:00.652+0100: 4197.845: Total time for which application threads were stopped: 0.0007695 seconds, Stopping threads took: 0.0001397 seconds
2016-11-15T06:40:41.534+0100: 4238.727: Total time for which application threads were stopped: 0.0008021 seconds, Stopping threads took: 0.0001625 seconds
2016-11-15T06:40:41.536+0100: 4238.728: Total time for which application threads were stopped: 0.0004267 seconds, Stopping threads took: 0.0000623 seconds
2016-11-15T06:40:41.536+0100: 4238.729: Total time for which application threads were stopped: 0.0003786 seconds, Stopping threads took: 0.0000679 seconds
2016-11-15T06:40:41.566+0100: 4238.759: Total time for which application threads were stopped: 0.0005728 seconds, Stopping threads took: 0.0001142 seconds
2016-11-15T06:40:42.567+0100: 4239.760: Total time for which application threads were stopped: 0.0008202 seconds, Stopping threads took: 0.0001342 seconds
2016-11-15T06:40:45.568+0100: 4242.761: Total time for which application threads were stopped: 0.0007587 seconds, Stopping threads took: 0.0001381 seconds
2016-11-15T06:40:46.569+0100: 4243.762: Total time for which application threads were stopped: 0.0007958 seconds, Stopping threads took: 0.0001397 seconds
2016-11-15T06:40:48.570+0100: 4245.763: Total time for which application threads were stopped: 0.0007972 seconds, Stopping threads took: 0.0001452 seconds
2016-11-15T06:41:42.575+0100: 4299.768: Total time for which application threads were stopped: 0.0007687 seconds, Stopping threads took: 0.0001398 seconds
2016-11-15T06:41:52.577+0100: 4309.769: Total time for which application threads were stopped: 0.0007935 seconds, Stopping threads took: 0.0001409 seconds
2016-11-15T06:42:05.269+0100: 4322.461: Total time for which application threads were stopped: 0.0008787 seconds, Stopping threads took: 0.0001604 seconds
2016-11-15T06:42:06.270+0100: 4323.462: Total time for which application threads were stopped: 0.0008665 seconds, Stopping threads took: 0.0001463 seconds
2016-11-15T06:42:07.271+0100: 4324.463: Total time for which application threads were stopped: 0.0007202 seconds, Stopping threads took: 0.0001159 seconds
2016-11-15T06:42:12.887+0100: 4330.080: Total time for which application threads were stopped: 0.0009850 seconds, Stopping threads took: 0.0002381 seconds
2016-11-15T06:42:12.959+0100: 4330.151: Total time for which application threads were stopped: 0.0008525 seconds, Stopping threads took: 0.0002101 seconds
2016-11-15T06:42:13.002+0100: 4330.194: Total time for which application threads were stopped: 0.0005114 seconds, Stopping threads took: 0.0000740 seconds
2016-11-15T06:42:13.002+0100: 4330.195: Total time for which application threads were stopped: 0.0004993 seconds, Stopping threads took: 0.0001521 seconds
2016-11-15T06:42:13.003+0100: 4330.196: Total time for which application threads were stopped: 0.0003903 seconds, Stopping threads took: 0.0000457 seconds
2016-11-15T06:42:13.004+0100: 4330.196: Total time for which application threads were stopped: 0.0003831 seconds, Stopping threads took: 0.0000418 seconds
2016-11-15T06:42:13.004+0100: 4330.197: Total time for which application threads were stopped: 0.0003740 seconds, Stopping threads took: 0.0000336 seconds
2016-11-15T06:42:13.005+0100: 4330.197: Total time for which application threads were stopped: 0.0004388 seconds, Stopping threads took: 0.0000823 seconds
2016-11-15T06:42:13.005+0100: 4330.198: Total time for which application threads were stopped: 0.0004370 seconds, Stopping threads took: 0.0000906 seconds
2016-11-15T06:42:13.006+0100: 4330.198: Total time for which application threads were stopped: 0.0003971 seconds, Stopping threads took: 0.0000549 seconds
2016-11-15T06:42:13.007+0100: 4330.199: Total time for which application threads were stopped: 0.0008224 seconds, Stopping threads took: 0.0001941 seconds
2016-11-15T06:42:13.007+0100: 4330.200: Total time for which application threads were stopped: 0.0004484 seconds, Stopping threads took: 0.0001027 seconds
2016-11-15T06:42:13.008+0100: 4330.200: Total time for which application threads were stopped: 0.0004199 seconds, Stopping threads took: 0.0000752 seconds
2016-11-15T06:42:13.008+0100: 4330.201: Total time for which application threads were stopped: 0.0004320 seconds, Stopping threads took: 0.0000905 seconds
2016-11-15T06:42:13.009+0100: 4330.201: Total time for which application threads were stopped: 0.0004089 seconds, Stopping threads took: 0.0000623 seconds
2016-11-15T06:42:13.009+0100: 4330.202: Total time for which application threads were stopped: 0.0004051 seconds, Stopping threads took: 0.0000566 seconds
2016-11-15T06:42:13.010+0100: 4330.202: Total time for which application threads were stopped: 0.0005038 seconds, Stopping threads took: 0.0001533 seconds
2016-11-15T06:42:13.010+0100: 4330.203: Total time for which application threads were stopped: 0.0003979 seconds, Stopping threads took: 0.0000556 seconds
2016-11-15T06:42:13.011+0100: 4330.203: Total time for which application threads were stopped: 0.0003716 seconds, Stopping threads took: 0.0000318 seconds
2016-11-15T06:42:13.011+0100: 4330.204: Total time for which application threads were stopped: 0.0004075 seconds, Stopping threads took: 0.0000611 seconds
2016-11-15T06:42:13.012+0100: 4330.204: Total time for which application threads were stopped: 0.0003980 seconds, Stopping threads took: 0.0000531 seconds
2016-11-15T06:42:13.012+0100: 4330.205: Total time for which application threads were stopped: 0.0003838 seconds, Stopping threads took: 0.0000363 seconds
2016-11-15T06:42:13.013+0100: 4330.205: Total time for which application threads were stopped: 0.0004257 seconds, Stopping threads took: 0.0000799 seconds
2016-11-15T06:42:13.015+0100: 4330.208: Total time for which application threads were stopped: 0.0026008 seconds, Stopping threads took: 0.0000581 seconds
2016-11-15T06:42:13.019+0100: 4330.211: Total time for which application threads were stopped: 0.0006030 seconds, Stopping threads took: 0.0001097 seconds
2016-11-15T06:42:13.019+0100: 4330.212: Total time for which application threads were stopped: 0.0006789 seconds, Stopping threads took: 0.0003402 seconds
2016-11-15T06:42:13.020+0100: 4330.212: Total time for which application threads were stopped: 0.0004073 seconds, Stopping threads took: 0.0000701 seconds
2016-11-15T06:42:13.020+0100: 4330.213: Total time for which application threads were stopped: 0.0003861 seconds, Stopping threads took: 0.0000511 seconds
2016-11-15T06:42:13.021+0100: 4330.213: Total time for which application threads were stopped: 0.0004475 seconds, Stopping threads took: 0.0000976 seconds
2016-11-15T06:42:13.021+0100: 4330.214: Total time for which application threads were stopped: 0.0004356 seconds, Stopping threads took: 0.0000863 seconds
2016-11-15T06:42:13.022+0100: 4330.214: Total time for which application threads were stopped: 0.0004000 seconds, Stopping threads took: 0.0000605 seconds
2016-11-15T06:42:13.022+0100: 4330.215: Total time for which application threads were stopped: 0.0004484 seconds, Stopping threads took: 0.0001049 seconds
2016-11-15T06:42:13.023+0100: 4330.215: Total time for which application threads were stopped: 0.0004391 seconds, Stopping threads took: 0.0000939 seconds
2016-11-15T06:42:13.023+0100: 4330.216: Total time for which application threads were stopped: 0.0004607 seconds, Stopping threads took: 0.0001180 seconds
2016-11-15T06:42:13.024+0100: 4330.216: Total time for which application threads were stopped: 0.0004457 seconds, Stopping threads took: 0.0001027 seconds
2016-11-15T06:42:13.024+0100: 4330.217: Total time for which application threads were stopped: 0.0004349 seconds, Stopping threads took: 0.0000898 seconds
2016-11-15T06:42:13.025+0100: 4330.217: Total time for which application threads were stopped: 0.0004661 seconds, Stopping threads took: 0.0001171 seconds
2016-11-15T06:42:13.025+0100: 4330.218: Total time for which application threads were stopped: 0.0004909 seconds, Stopping threads took: 0.0001392 seconds
2016-11-15T06:42:13.026+0100: 4330.218: Total time for which application threads were stopped: 0.0005581 seconds, Stopping threads took: 0.0002001 seconds
2016-11-15T06:42:13.026+0100: 4330.219: Total time for which application threads were stopped: 0.0004500 seconds, Stopping threads took: 0.0001016 seconds
2016-11-15T06:42:13.027+0100: 4330.219: Total time for which application threads were stopped: 0.0004111 seconds, Stopping threads took: 0.0000649 seconds
2016-11-15T06:42:13.027+0100: 4330.220: Total time for which application threads were stopped: 0.0004214 seconds, Stopping threads took: 0.0000767 seconds
2016-11-15T06:42:13.028+0100: 4330.220: Total time for which application threads were stopped: 0.0004057 seconds, Stopping threads took: 0.0000548 seconds
2016-11-15T06:42:13.030+0100: 4330.222: Total time for which application threads were stopped: 0.0005137 seconds, Stopping threads took: 0.0001158 seconds
2016-11-15T06:42:13.039+0100: 4330.232: Total time for which application threads were stopped: 0.0005013 seconds, Stopping threads took: 0.0000670 seconds
2016-11-15T06:42:14.040+0100: 4331.232: Total time for which application threads were stopped: 0.0008914 seconds, Stopping threads took: 0.0001451 seconds
2016-11-15T06:42:14.720+0100: 4331.913: Total time for which application threads were stopped: 0.0007785 seconds, Stopping threads took: 0.0001315 seconds
2016-11-15T06:42:14.721+0100: 4331.913: Total time for which application threads were stopped: 0.0003592 seconds, Stopping threads took: 0.0000365 seconds
2016-11-15T06:42:14.722+0100: 4331.914: Total time for which application threads were stopped: 0.0003554 seconds, Stopping threads took: 0.0000318 seconds
2016-11-15T06:42:14.731+0100: 4331.924: Total time for which application threads were stopped: 0.0004452 seconds, Stopping threads took: 0.0000536 seconds
2016-11-15T06:42:15.732+0100: 4332.924: Total time for which application threads were stopped: 0.0007504 seconds, Stopping threads took: 0.0001286 seconds
2016-11-15T06:42:22.733+0100: 4339.926: Total time for which application threads were stopped: 0.0008351 seconds, Stopping threads took: 0.0001579 seconds
2016-11-15T06:43:19.738+0100: 4396.931: Total time for which application threads were stopped: 0.0008144 seconds, Stopping threads took: 0.0001551 seconds
2016-11-15T06:43:22.740+0100: 4399.932: Total time for which application threads were stopped: 0.0008250 seconds, Stopping threads took: 0.0001364 seconds
2016-11-15T06:43:23.740+0100: 4400.933: Total time for which application threads were stopped: 0.0008133 seconds, Stopping threads took: 0.0001494 seconds
2016-11-15T06:43:25.265+0100: 4402.458: Total time for which application threads were stopped: 0.0028608 seconds, Stopping threads took: 0.0001650 seconds
2016-11-15T06:43:46.268+0100: 4423.460: Total time for which application threads were stopped: 0.0008046 seconds, Stopping threads took: 0.0001416 seconds
2016-11-15T06:43:50.269+0100: 4427.461: Total time for which application threads were stopped: 0.0007758 seconds, Stopping threads took: 0.0001363 seconds
2016-11-15T06:43:51.269+0100: 4428.462: Total time for which application threads were stopped: 0.0007540 seconds, Stopping threads took: 0.0001225 seconds
2016-11-15T06:43:51.312+0100: 4428.504: Total time for which application threads were stopped: 0.0004630 seconds, Stopping threads took: 0.0000589 seconds
2016-11-15T06:43:52.312+0100: 4429.505: Total time for which application threads were stopped: 0.0007934 seconds, Stopping threads took: 0.0001417 seconds
2016-11-15T06:43:55.314+0100: 4432.506: Total time for which application threads were stopped: 0.0009007 seconds, Stopping threads took: 0.0001634 seconds
2016-11-15T06:43:56.314+0100: 4433.507: Total time for which application threads were stopped: 0.0008212 seconds, Stopping threads took: 0.0001492 seconds
2016-11-15T06:43:59.315+0100: 4436.508: Total time for which application threads were stopped: 0.0007888 seconds, Stopping threads took: 0.0001422 seconds
2016-11-15T06:44:00.316+0100: 4437.509: Total time for which application threads were stopped: 0.0008441 seconds, Stopping threads took: 0.0001415 seconds
2016-11-15T06:44:00.943+0100: 4438.136: Total time for which application threads were stopped: 0.0008179 seconds, Stopping threads took: 0.0001260 seconds
2016-11-15T06:44:00.944+0100: 4438.136: Total time for which application threads were stopped: 0.0003537 seconds, Stopping threads took: 0.0000288 seconds
2016-11-15T06:44:00.945+0100: 4438.137: Total time for which application threads were stopped: 0.0003663 seconds, Stopping threads took: 0.0000273 seconds
2016-11-15T06:44:01.945+0100: 4439.138: Total time for which application threads were stopped: 0.0008096 seconds, Stopping threads took: 0.0001410 seconds
2016-11-15T06:44:05.947+0100: 4443.139: Total time for which application threads were stopped: 0.0008439 seconds, Stopping threads took: 0.0001416 seconds
2016-11-15T06:44:09.948+0100: 4447.140: Total time for which application threads were stopped: 0.0008414 seconds, Stopping threads took: 0.0001383 seconds
2016-11-15T06:44:10.949+0100: 4448.141: Total time for which application threads were stopped: 0.0007787 seconds, Stopping threads took: 0.0001334 seconds
2016-11-15T06:44:18.950+0100: 4456.142: Total time for which application threads were stopped: 0.0007841 seconds, Stopping threads took: 0.0001409 seconds
2016-11-15T06:44:21.951+0100: 4459.143: Total time for which application threads were stopped: 0.0009155 seconds, Stopping threads took: 0.0001506 seconds
2016-11-15T06:44:22.952+0100: 4460.144: Total time for which application threads were stopped: 0.0007998 seconds, Stopping threads took: 0.0001409 seconds
2016-11-15T06:44:28.953+0100: 4466.146: Total time for which application threads were stopped: 0.0008125 seconds, Stopping threads took: 0.0001449 seconds
2016-11-15T06:44:32.954+0100: 4470.147: Total time for which application threads were stopped: 0.0007888 seconds, Stopping threads took: 0.0001478 seconds
2016-11-15T06:44:42.956+0100: 4480.148: Total time for which application threads were stopped: 0.0007946 seconds, Stopping threads took: 0.0001429 seconds
2016-11-15T06:44:45.957+0100: 4483.149: Total time for which application threads were stopped: 0.0009164 seconds, Stopping threads took: 0.0001409 seconds
2016-11-15T06:44:48.958+0100: 4486.150: Total time for which application threads were stopped: 0.0007942 seconds, Stopping threads took: 0.0001538 seconds
2016-11-15T06:44:50.959+0100: 4488.151: Total time for which application threads were stopped: 0.0007944 seconds, Stopping threads took: 0.0001498 seconds
2016-11-15T06:44:52.960+0100: 4490.152: Total time for which application threads were stopped: 0.0008301 seconds, Stopping threads took: 0.0001454 seconds
2016-11-15T06:44:53.247+0100: 4490.439: Total time for which application threads were stopped: 0.0008439 seconds, Stopping threads took: 0.0001390 seconds
2016-11-15T06:44:53.248+0100: 4490.440: Total time for which application threads were stopped: 0.0003910 seconds, Stopping threads took: 0.0000328 seconds
2016-11-15T06:44:53.248+0100: 4490.441: Total time for which application threads were stopped: 0.0003751 seconds, Stopping threads took: 0.0000280 seconds
2016-11-15T06:44:53.429+0100: 4490.621: Total time for which application threads were stopped: 0.0006815 seconds, Stopping threads took: 0.0001302 seconds
2016-11-15T06:44:54.430+0100: 4491.622: Total time for which application threads were stopped: 0.0007706 seconds, Stopping threads took: 0.0001302 seconds
2016-11-15T06:44:59.032+0100: 4496.224: Total time for which application threads were stopped: 0.0009033 seconds, Stopping threads took: 0.0001602 seconds
2016-11-15T06:44:59.033+0100: 4496.225: Total time for which application threads were stopped: 0.0004869 seconds, Stopping threads took: 0.0000448 seconds
2016-11-15T06:44:59.033+0100: 4496.226: Total time for which application threads were stopped: 0.0003704 seconds, Stopping threads took: 0.0000262 seconds
2016-11-15T06:44:59.139+0100: 4496.331: Total time for which application threads were stopped: 0.0006779 seconds, Stopping threads took: 0.0001450 seconds
2016-11-15T06:45:04.969+0100: 4502.161: Total time for which application threads were stopped: 0.0008202 seconds, Stopping threads took: 0.0001493 seconds
2016-11-15T06:45:04.969+0100: 4502.162: Total time for which application threads were stopped: 0.0003665 seconds, Stopping threads took: 0.0000336 seconds
2016-11-15T06:45:04.970+0100: 4502.162: Total time for which application threads were stopped: 0.0003504 seconds, Stopping threads took: 0.0000268 seconds
2016-11-15T06:45:05.133+0100: 4502.325: Total time for which application threads were stopped: 0.0006620 seconds, Stopping threads took: 0.0000967 seconds
2016-11-15T06:45:08.134+0100: 4505.326: Total time for which application threads were stopped: 0.0007781 seconds, Stopping threads took: 0.0001455 seconds
2016-11-15T06:45:10.981+0100: 4508.173: Total time for which application threads were stopped: 0.0008906 seconds, Stopping threads took: 0.0002066 seconds
2016-11-15T06:45:10.982+0100: 4508.174: Total time for which application threads were stopped: 0.0004438 seconds, Stopping threads took: 0.0000629 seconds
2016-11-15T06:45:10.982+0100: 4508.175: Total time for which application threads were stopped: 0.0003550 seconds, Stopping threads took: 0.0000321 seconds
2016-11-15T06:45:11.045+0100: 4508.238: Total time for which application threads were stopped: 0.0005979 seconds, Stopping threads took: 0.0001186 seconds
2016-11-15T06:45:12.046+0100: 4509.239: Total time for which application threads were stopped: 0.0008182 seconds, Stopping threads took: 0.0001410 seconds
2016-11-15T06:45:14.047+0100: 4511.240: Total time for which application threads were stopped: 0.0007820 seconds, Stopping threads took: 0.0001425 seconds
2016-11-15T06:45:15.048+0100: 4512.240: Total time for which application threads were stopped: 0.0007714 seconds, Stopping threads took: 0.0001411 seconds
2016-11-15T06:45:16.049+0100: 4513.241: Total time for which application threads were stopped: 0.0008169 seconds, Stopping threads took: 0.0001372 seconds
2016-11-15T06:45:23.050+0100: 4520.243: Total time for which application threads were stopped: 0.0007998 seconds, Stopping threads took: 0.0001361 seconds
2016-11-15T06:45:34.052+0100: 4531.244: Total time for which application threads were stopped: 0.0008766 seconds, Stopping threads took: 0.0001511 seconds
2016-11-15T06:45:35.053+0100: 4532.245: Total time for which application threads were stopped: 0.0008175 seconds, Stopping threads took: 0.0001550 seconds
2016-11-15T06:45:36.416+0100: 4533.609: Total time for which application threads were stopped: 0.0008059 seconds, Stopping threads took: 0.0001391 seconds
2016-11-15T06:45:36.417+0100: 4533.609: Total time for which application threads were stopped: 0.0003706 seconds, Stopping threads took: 0.0000341 seconds
2016-11-15T06:45:36.418+0100: 4533.610: Total time for which application threads were stopped: 0.0006638 seconds, Stopping threads took: 0.0001281 seconds
2016-11-15T06:45:36.615+0100: 4533.808: Total time for which application threads were stopped: 0.0006619 seconds, Stopping threads took: 0.0000794 seconds
2016-11-15T06:45:37.616+0100: 4534.808: Total time for which application threads were stopped: 0.0007352 seconds, Stopping threads took: 0.0001263 seconds
2016-11-15T06:45:44.231+0100: 4541.423: Total time for which application threads were stopped: 0.0008135 seconds, Stopping threads took: 0.0001481 seconds
2016-11-15T06:45:44.232+0100: 4541.425: Total time for which application threads were stopped: 0.0004185 seconds, Stopping threads took: 0.0000453 seconds
2016-11-15T06:45:44.233+0100: 4541.425: Total time for which application threads were stopped: 0.0003519 seconds, Stopping threads took: 0.0000306 seconds
2016-11-15T06:45:44.405+0100: 4541.597: Total time for which application threads were stopped: 0.0008257 seconds, Stopping threads took: 0.0001349 seconds
2016-11-15T06:45:45.405+0100: 4542.598: Total time for which application threads were stopped: 0.0007791 seconds, Stopping threads took: 0.0001405 seconds
2016-11-15T06:45:47.406+0100: 4544.599: Total time for which application threads were stopped: 0.0007777 seconds, Stopping threads took: 0.0001448 seconds
2016-11-15T06:45:48.407+0100: 4545.600: Total time for which application threads were stopped: 0.0007669 seconds, Stopping threads took: 0.0001371 seconds
2016-11-15T06:45:49.408+0100: 4546.601: Total time for which application threads were stopped: 0.0008121 seconds, Stopping threads took: 0.0001327 seconds
2016-11-15T06:45:52.409+0100: 4549.602: Total time for which application threads were stopped: 0.0008017 seconds, Stopping threads took: 0.0001519 seconds
2016-11-15T06:45:56.410+0100: 4553.603: Total time for which application threads were stopped: 0.0008360 seconds, Stopping threads took: 0.0001484 seconds
2016-11-15T06:45:57.411+0100: 4554.604: Total time for which application threads were stopped: 0.0007931 seconds, Stopping threads took: 0.0001523 seconds
2016-11-15T06:46:00.412+0100: 4557.605: Total time for which application threads were stopped: 0.0008658 seconds, Stopping threads took: 0.0001540 seconds
2016-11-15T06:46:07.414+0100: 4564.606: Total time for which application threads were stopped: 0.0008216 seconds, Stopping threads took: 0.0001469 seconds
2016-11-15T06:46:10.415+0100: 4567.607: Total time for which application threads were stopped: 0.0008444 seconds, Stopping threads took: 0.0001442 seconds
2016-11-15T06:46:17.416+0100: 4574.609: Total time for which application threads were stopped: 0.0008692 seconds, Stopping threads took: 0.0001543 seconds
2016-11-15T06:46:21.417+0100: 4578.610: Total time for which application threads were stopped: 0.0008038 seconds, Stopping threads took: 0.0001618 seconds
2016-11-15T06:46:39.419+0100: 4596.612: Total time for which application threads were stopped: 0.0007763 seconds, Stopping threads took: 0.0001369 seconds
2016-11-15T06:46:39.994+0100: 4597.187: Total time for which application threads were stopped: 0.0006475 seconds, Stopping threads took: 0.0000895 seconds
2016-11-15T06:46:39.995+0100: 4597.187: Total time for which application threads were stopped: 0.0003573 seconds, Stopping threads took: 0.0000312 seconds
2016-11-15T06:46:39.995+0100: 4597.188: Total time for which application threads were stopped: 0.0003525 seconds, Stopping threads took: 0.0000277 seconds
2016-11-15T06:46:40.143+0100: 4597.335: Total time for which application threads were stopped: 0.0005835 seconds, Stopping threads took: 0.0000874 seconds
2016-11-15T06:46:41.144+0100: 4598.336: Total time for which application threads were stopped: 0.0007949 seconds, Stopping threads took: 0.0001506 seconds
2016-11-15T06:46:45.145+0100: 4602.337: Total time for which application threads were stopped: 0.0008024 seconds, Stopping threads took: 0.0001536 seconds
2016-11-15T06:46:47.408+0100: 4604.600: Total time for which application threads were stopped: 0.0007995 seconds, Stopping threads took: 0.0001483 seconds
2016-11-15T06:46:47.409+0100: 4604.601: Total time for which application threads were stopped: 0.0004297 seconds, Stopping threads took: 0.0000454 seconds
2016-11-15T06:46:47.409+0100: 4604.602: Total time for which application threads were stopped: 0.0003515 seconds, Stopping threads took: 0.0000292 seconds
2016-11-15T06:46:47.539+0100: 4604.732: Total time for which application threads were stopped: 0.0004820 seconds, Stopping threads took: 0.0000647 seconds
2016-11-15T06:46:48.540+0100: 4605.732: Total time for which application threads were stopped: 0.0007850 seconds, Stopping threads took: 0.0001416 seconds
2016-11-15T06:46:49.541+0100: 4606.733: Total time for which application threads were stopped: 0.0007932 seconds, Stopping threads took: 0.0001415 seconds
2016-11-15T06:46:50.542+0100: 4607.734: Total time for which application threads were stopped: 0.0008150 seconds, Stopping threads took: 0.0001468 seconds
2016-11-15T06:46:51.543+0100: 4608.735: Total time for which application threads were stopped: 0.0008193 seconds, Stopping threads took: 0.0001389 seconds
2016-11-15T06:47:30.546+0100: 4647.739: Total time for which application threads were stopped: 0.0007809 seconds, Stopping threads took: 0.0001460 seconds
2016-11-15T06:47:33.547+0100: 4650.740: Total time for which application threads were stopped: 0.0008025 seconds, Stopping threads took: 0.0001513 seconds
2016-11-15T06:47:35.548+0100: 4652.741: Total time for which application threads were stopped: 0.0007934 seconds, Stopping threads took: 0.0001469 seconds
2016-11-15T06:47:48.550+0100: 4665.743: Total time for which application threads were stopped: 0.0008066 seconds, Stopping threads took: 0.0001530 seconds
2016-11-15T06:47:50.822+0100: 4668.015: Total time for which application threads were stopped: 0.0009054 seconds, Stopping threads took: 0.0001575 seconds
2016-11-15T06:47:51.823+0100: 4669.015: Total time for which application threads were stopped: 0.0007933 seconds, Stopping threads took: 0.0001517 seconds
2016-11-15T06:48:00.825+0100: 4678.017: Total time for which application threads were stopped: 0.0008870 seconds, Stopping threads took: 0.0001501 seconds
2016-11-15T06:48:01.825+0100: 4679.018: Total time for which application threads were stopped: 0.0008199 seconds, Stopping threads took: 0.0001571 seconds
2016-11-15T06:48:06.827+0100: 4684.019: Total time for which application threads were stopped: 0.0008052 seconds, Stopping threads took: 0.0001436 seconds
2016-11-15T06:48:21.829+0100: 4699.021: Total time for which application threads were stopped: 0.0008035 seconds, Stopping threads took: 0.0001420 seconds
2016-11-15T06:48:22.829+0100: 4700.022: Total time for which application threads were stopped: 0.0007822 seconds, Stopping threads took: 0.0001353 seconds
2016-11-15T06:48:26.831+0100: 4704.023: Total time for which application threads were stopped: 0.0007804 seconds, Stopping threads took: 0.0001339 seconds
2016-11-15T06:48:28.832+0100: 4706.024: Total time for which application threads were stopped: 0.0007957 seconds, Stopping threads took: 0.0001451 seconds
2016-11-15T06:48:30.832+0100: 4708.025: Total time for which application threads were stopped: 0.0007948 seconds, Stopping threads took: 0.0001400 seconds
2016-11-15T06:48:31.833+0100: 4709.026: Total time for which application threads were stopped: 0.0007287 seconds, Stopping threads took: 0.0001199 seconds
2016-11-15T06:48:32.834+0100: 4710.027: Total time for which application threads were stopped: 0.0007966 seconds, Stopping threads took: 0.0001391 seconds
2016-11-15T06:49:00.837+0100: 4738.030: Total time for which application threads were stopped: 0.0009203 seconds, Stopping threads took: 0.0001646 seconds
2016-11-15T06:49:02.838+0100: 4740.031: Total time for which application threads were stopped: 0.0008942 seconds, Stopping threads took: 0.0001414 seconds
2016-11-15T06:49:03.839+0100: 4741.032: Total time for which application threads were stopped: 0.0008356 seconds, Stopping threads took: 0.0001439 seconds
2016-11-15T06:49:04.840+0100: 4742.032: Total time for which application threads were stopped: 0.0008080 seconds, Stopping threads took: 0.0001457 seconds
2016-11-15T06:49:21.842+0100: 4759.035: Total time for which application threads were stopped: 0.0009084 seconds, Stopping threads took: 0.0001474 seconds
2016-11-15T06:49:25.843+0100: 4763.036: Total time for which application threads were stopped: 0.0007758 seconds, Stopping threads took: 0.0001398 seconds
2016-11-15T06:49:42.669+0100: 4779.861: Total time for which application threads were stopped: 0.0009175 seconds, Stopping threads took: 0.0001826 seconds
2016-11-15T06:49:43.670+0100: 4780.862: Total time for which application threads were stopped: 0.0007774 seconds, Stopping threads took: 0.0001408 seconds
2016-11-15T06:49:49.671+0100: 4786.863: Total time for which application threads were stopped: 0.0007950 seconds, Stopping threads took: 0.0001483 seconds
2016-11-15T06:49:54.672+0100: 4791.865: Total time for which application threads were stopped: 0.0008120 seconds, Stopping threads took: 0.0001401 seconds
2016-11-15T06:50:00.674+0100: 4797.866: Total time for which application threads were stopped: 0.0009252 seconds, Stopping threads took: 0.0001614 seconds
2016-11-15T06:50:06.675+0100: 4803.867: Total time for which application threads were stopped: 0.0007962 seconds, Stopping threads took: 0.0001428 seconds
2016-11-15T06:50:20.677+0100: 4817.869: Total time for which application threads were stopped: 0.0008771 seconds, Stopping threads took: 0.0001441 seconds
2016-11-15T06:50:26.678+0100: 4823.870: Total time for which application threads were stopped: 0.0008030 seconds, Stopping threads took: 0.0001481 seconds
2016-11-15T06:50:30.679+0100: 4827.871: Total time for which application threads were stopped: 0.0007998 seconds, Stopping threads took: 0.0001409 seconds
2016-11-15T06:50:35.680+0100: 4832.873: Total time for which application threads were stopped: 0.0009302 seconds, Stopping threads took: 0.0001573 seconds
2016-11-15T06:50:36.681+0100: 4833.874: Total time for which application threads were stopped: 0.0008521 seconds, Stopping threads took: 0.0001405 seconds
2016-11-15T06:50:39.682+0100: 4836.875: Total time for which application threads were stopped: 0.0009003 seconds, Stopping threads took: 0.0001505 seconds
2016-11-15T06:50:45.684+0100: 4842.876: Total time for which application threads were stopped: 0.0008323 seconds, Stopping threads took: 0.0001420 seconds
2016-11-15T06:50:50.685+0100: 4847.877: Total time for which application threads were stopped: 0.0008014 seconds, Stopping threads took: 0.0001474 seconds
2016-11-15T06:50:54.686+0100: 4851.879: Total time for which application threads were stopped: 0.0007990 seconds, Stopping threads took: 0.0001422 seconds
2016-11-15T06:50:55.687+0100: 4852.879: Total time for which application threads were stopped: 0.0008272 seconds, Stopping threads took: 0.0001543 seconds
2016-11-15T06:51:01.688+0100: 4858.881: Total time for which application threads were stopped: 0.0008257 seconds, Stopping threads took: 0.0001548 seconds
2016-11-15T06:51:17.690+0100: 4874.883: Total time for which application threads were stopped: 0.0008284 seconds, Stopping threads took: 0.0001640 seconds
2016-11-15T06:51:18.691+0100: 4875.884: Total time for which application threads were stopped: 0.0008248 seconds, Stopping threads took: 0.0001618 seconds
2016-11-15T06:51:27.693+0100: 4884.885: Total time for which application threads were stopped: 0.0008374 seconds, Stopping threads took: 0.0001580 seconds
2016-11-15T06:51:28.694+0100: 4885.886: Total time for which application threads were stopped: 0.0009142 seconds, Stopping threads took: 0.0002354 seconds
2016-11-15T06:51:34.695+0100: 4891.888: Total time for which application threads were stopped: 0.0008108 seconds, Stopping threads took: 0.0001487 seconds
2016-11-15T06:51:41.696+0100: 4898.889: Total time for which application threads were stopped: 0.0008531 seconds, Stopping threads took: 0.0001545 seconds
2016-11-15T06:51:45.698+0100: 4902.890: Total time for which application threads were stopped: 0.0008200 seconds, Stopping threads took: 0.0001554 seconds
2016-11-15T06:51:51.699+0100: 4908.891: Total time for which application threads were stopped: 0.0007953 seconds, Stopping threads took: 0.0001415 seconds
2016-11-15T06:51:53.700+0100: 4910.892: Total time for which application threads were stopped: 0.0008170 seconds, Stopping threads took: 0.0001544 seconds
2016-11-15T06:51:55.621+0100: 4912.813: Total time for which application threads were stopped: 0.0035671 seconds, Stopping threads took: 0.0002341 seconds
2016-11-15T06:51:56.393+0100: 4913.586: Total time for which application threads were stopped: 0.0009656 seconds, Stopping threads took: 0.0001621 seconds
2016-11-15T06:51:56.450+0100: 4913.643: Total time for which application threads were stopped: 0.0009436 seconds, Stopping threads took: 0.0001551 seconds
2016-11-15T06:51:57.451+0100: 4914.644: Total time for which application threads were stopped: 0.0008215 seconds, Stopping threads took: 0.0001528 seconds
2016-11-15T06:51:57.618+0100: 4914.810: Total time for which application threads were stopped: 0.0010075 seconds, Stopping threads took: 0.0001536 seconds
2016-11-15T06:51:58.619+0100: 4915.811: Total time for which application threads were stopped: 0.0008333 seconds, Stopping threads took: 0.0001504 seconds
2016-11-15T06:52:00.620+0100: 4917.812: Total time for which application threads were stopped: 0.0008803 seconds, Stopping threads took: 0.0001471 seconds
2016-11-15T06:52:32.087+0100: 4949.280: Total time for which application threads were stopped: 0.0008962 seconds, Stopping threads took: 0.0001639 seconds
2016-11-15T06:52:32.298+0100: 4949.490: Total time for which application threads were stopped: 0.0010196 seconds, Stopping threads took: 0.0001612 seconds
2016-11-15T06:52:33.299+0100: 4950.491: Total time for which application threads were stopped: 0.0008431 seconds, Stopping threads took: 0.0001438 seconds
2016-11-15T06:52:33.712+0100: 4950.905: Total time for which application threads were stopped: 0.0009675 seconds, Stopping threads took: 0.0001564 seconds
2016-11-15T06:52:33.736+0100: 4950.929: Total time for which application threads were stopped: 0.0009214 seconds, Stopping threads took: 0.0001402 seconds
2016-11-15T06:52:33.737+0100: 4950.930: Total time for which application threads were stopped: 0.0007097 seconds, Stopping threads took: 0.0001339 seconds
2016-11-15T06:52:36.739+0100: 4953.931: Total time for which application threads were stopped: 0.0010679 seconds, Stopping threads took: 0.0002613 seconds
2016-11-15T06:52:37.740+0100: 4954.932: Total time for which application threads were stopped: 0.0008428 seconds, Stopping threads took: 0.0001400 seconds
2016-11-15T06:52:39.916+0100: 4957.108: [GC pause (G1 Evacuation Pause) (young)
Desired survivor size 35127296 bytes, new threshold 15 (max 15)
- age   1:   16368624 bytes,   16368624 total
2016-11-15T06:52:39.965+0100: 4957.158: [SoftReference, 1090 refs, 0.0053343 secs]2016-11-15T06:52:39.970+0100: 4957.163: [WeakReference, 1115 refs, 0.0033295 secs]2016-11-15T06:52:39.974+0100: 4957.166: [FinalReference, 7403 refs, 0.0054528 secs]2016-11-15T06:52:39.979+0100: 4957.172: [PhantomReference, 0 refs, 3 refs, 0.0065405 secs]2016-11-15T06:52:39.986+0100: 4957.178: [JNI Weak Reference, 0.0000423 secs], 0.0825862 secs]
   [Parallel Time: 44.4 ms, GC Workers: 43]
      [GC Worker Start (ms): Min: 4957108.8, Avg: 4957109.3, Max: 4957109.8, Diff: 1.0]
      [Ext Root Scanning (ms): Min: 1.1, Avg: 2.3, Max: 14.1, Diff: 13.0, Sum: 97.3]
      [Update RS (ms): Min: 0.0, Avg: 3.1, Max: 4.8, Diff: 4.8, Sum: 133.5]
         [Processed Buffers: Min: 0, Avg: 4.3, Max: 14, Diff: 14, Sum: 186]
      [Scan RS (ms): Min: 0.1, Avg: 0.9, Max: 2.1, Diff: 2.1, Sum: 37.0]
      [Code Root Scanning (ms): Min: 0.0, Avg: 0.7, Max: 1.8, Diff: 1.8, Sum: 31.4]
      [Object Copy (ms): Min: 29.4, Avg: 35.3, Max: 35.9, Diff: 6.5, Sum: 1516.7]
      [Termination (ms): Min: 0.1, Avg: 1.0, Max: 1.2, Diff: 1.2, Sum: 43.2]
         [Termination Attempts: Min: 1, Avg: 203.0, Max: 282, Diff: 281, Sum: 8728]
      [GC Worker Other (ms): Min: 0.0, Avg: 0.2, Max: 0.6, Diff: 0.6, Sum: 10.7]
      [GC Worker Total (ms): Min: 42.9, Avg: 43.5, Max: 44.2, Diff: 1.3, Sum: 1869.7]
      [GC Worker End (ms): Min: 4957152.6, Avg: 4957152.8, Max: 4957153.1, Diff: 0.6]
   [Code Root Fixup: 2.2 ms]
   [Code Root Purge: 0.6 ms]
   [String Dedup Fixup: 2.2 ms, GC Workers: 43]
      [Queue Fixup (ms): Min: 0.0, Avg: 0.0, Max: 0.0, Diff: 0.0, Sum: 0.1]
      [Table Fixup (ms): Min: 0.7, Avg: 1.1, Max: 1.5, Diff: 0.8, Sum: 48.5]
   [Clear CT: 3.5 ms]
   [Other: 29.6 ms]
      [Choose CSet: 0.0 ms]
      [Ref Proc: 23.0 ms]
      [Ref Enq: 1.2 ms]
      [Redirty Cards: 1.2 ms]
      [Humongous Register: 0.1 ms]
      [Humongous Reclaim: 0.0 ms]
      [Free CSet: 3.0 ms]
   [Eden: 493.0M(493.0M)->0.0B(1163.0M) Survivors: 40.0M->65.0M Heap: 929.0M(2048.0M)->461.0M(2048.0M)]
 [Times: user=2.02 sys=0.20, real=0.08 secs] 
2016-11-15T06:52:39.999+0100: 4957.191: Total time for which application threads were stopped: 0.0842301 seconds, Stopping threads took: 0.0002027 seconds
2016-11-15T06:52:40.005+0100: 4957.197: Total time for which application threads were stopped: 0.0010385 seconds, Stopping threads took: 0.0001228 seconds
2016-11-15T06:52:40.007+0100: 4957.199: Total time for which application threads were stopped: 0.0006617 seconds, Stopping threads took: 0.0001655 seconds
2016-11-15T06:52:40.008+0100: 4957.200: Total time for which application threads were stopped: 0.0005940 seconds, Stopping threads took: 0.0001310 seconds
2016-11-15T06:52:40.009+0100: 4957.201: Total time for which application threads were stopped: 0.0006123 seconds, Stopping threads took: 0.0001725 seconds
2016-11-15T06:52:40.009+0100: 4957.202: Total time for which application threads were stopped: 0.0005962 seconds, Stopping threads took: 0.0001526 seconds
2016-11-15T06:52:40.010+0100: 4957.202: Total time for which application threads were stopped: 0.0005189 seconds, Stopping threads took: 0.0000924 seconds
2016-11-15T06:52:40.014+0100: 4957.206: Total time for which application threads were stopped: 0.0034878 seconds, Stopping threads took: 0.0001691 seconds
2016-11-15T06:52:40.018+0100: 4957.210: Total time for which application threads were stopped: 0.0011481 seconds, Stopping threads took: 0.0001776 seconds
2016-11-15T06:52:40.019+0100: 4957.211: Total time for which application threads were stopped: 0.0006438 seconds, Stopping threads took: 0.0001118 seconds
2016-11-15T06:52:40.021+0100: 4957.213: Total time for which application threads were stopped: 0.0007080 seconds, Stopping threads took: 0.0001318 seconds
2016-11-15T06:52:40.021+0100: 4957.214: Total time for which application threads were stopped: 0.0006142 seconds, Stopping threads took: 0.0001172 seconds
2016-11-15T06:52:40.022+0100: 4957.214: Total time for which application threads were stopped: 0.0006423 seconds, Stopping threads took: 0.0001331 seconds
2016-11-15T06:52:40.023+0100: 4957.215: Total time for which application threads were stopped: 0.0006544 seconds, Stopping threads took: 0.0001144 seconds
2016-11-15T06:52:40.023+0100: 4957.216: Total time for which application threads were stopped: 0.0005904 seconds, Stopping threads took: 0.0000886 seconds
2016-11-15T06:52:40.025+0100: 4957.217: Total time for which application threads were stopped: 0.0005893 seconds, Stopping threads took: 0.0000704 seconds
2016-11-15T06:52:40.025+0100: 4957.218: Total time for which application threads were stopped: 0.0005985 seconds, Stopping threads took: 0.0000888 seconds
2016-11-15T06:52:40.027+0100: 4957.219: Total time for which application threads were stopped: 0.0007697 seconds, Stopping threads took: 0.0001883 seconds
2016-11-15T06:52:40.028+0100: 4957.220: Total time for which application threads were stopped: 0.0007011 seconds, Stopping threads took: 0.0001569 seconds
2016-11-15T06:52:40.029+0100: 4957.221: Total time for which application threads were stopped: 0.0006476 seconds, Stopping threads took: 0.0001563 seconds
2016-11-15T06:52:40.029+0100: 4957.222: Total time for which application threads were stopped: 0.0005809 seconds, Stopping threads took: 0.0000770 seconds
2016-11-15T06:52:40.031+0100: 4957.223: Total time for which application threads were stopped: 0.0006606 seconds, Stopping threads took: 0.0001559 seconds
2016-11-15T06:52:40.031+0100: 4957.224: Total time for which application threads were stopped: 0.0006205 seconds, Stopping threads took: 0.0001290 seconds
2016-11-15T06:52:41.032+0100: 4958.225: Total time for which application threads were stopped: 0.0009861 seconds, Stopping threads took: 0.0001789 seconds
2016-11-15T06:52:44.034+0100: 4961.226: Total time for which application threads were stopped: 0.0009196 seconds, Stopping threads took: 0.0001663 seconds
2016-11-15T06:52:44.467+0100: 4961.659: Total time for which application threads were stopped: 0.0010308 seconds, Stopping threads took: 0.0001687 seconds
2016-11-15T06:52:45.468+0100: 4962.661: Total time for which application threads were stopped: 0.0010272 seconds, Stopping threads took: 0.0001793 seconds
2016-11-15T06:52:48.469+0100: 4965.662: Total time for which application threads were stopped: 0.0009243 seconds, Stopping threads took: 0.0001609 seconds
2016-11-15T06:52:52.471+0100: 4969.663: Total time for which application threads were stopped: 0.0009586 seconds, Stopping threads took: 0.0001710 seconds
2016-11-15T06:52:59.472+0100: 4976.665: Total time for which application threads were stopped: 0.0009246 seconds, Stopping threads took: 0.0001590 seconds
2016-11-15T06:53:05.474+0100: 4982.666: Total time for which application threads were stopped: 0.0010548 seconds, Stopping threads took: 0.0001818 seconds
2016-11-15T06:53:06.475+0100: 4983.667: Total time for which application threads were stopped: 0.0009266 seconds, Stopping threads took: 0.0001708 seconds
2016-11-15T06:53:09.476+0100: 4986.668: Total time for which application threads were stopped: 0.0009536 seconds, Stopping threads took: 0.0001808 seconds
2016-11-15T06:53:11.659+0100: 4988.851: Total time for which application threads were stopped: 0.0010610 seconds, Stopping threads took: 0.0001790 seconds
2016-11-15T06:53:12.660+0100: 4989.852: Total time for which application threads were stopped: 0.0009384 seconds, Stopping threads took: 0.0001677 seconds
2016-11-15T06:53:19.661+0100: 4996.854: Total time for which application threads were stopped: 0.0009382 seconds, Stopping threads took: 0.0001676 seconds
2016-11-15T06:53:25.292+0100: 5002.485: Total time for which application threads were stopped: 0.0033623 seconds, Stopping threads took: 0.0002099 seconds
2016-11-15T06:53:30.293+0100: 5007.486: Total time for which application threads were stopped: 0.0009547 seconds, Stopping threads took: 0.0001614 seconds
2016-11-15T06:53:40.295+0100: 5017.488: Total time for which application threads were stopped: 0.0009125 seconds, Stopping threads took: 0.0001675 seconds
2016-11-15T06:53:41.296+0100: 5018.489: Total time for which application threads were stopped: 0.0009047 seconds, Stopping threads took: 0.0001651 seconds
2016-11-15T06:53:43.297+0100: 5020.490: Total time for which application threads were stopped: 0.0009272 seconds, Stopping threads took: 0.0001686 seconds
2016-11-15T06:53:47.298+0100: 5024.491: Total time for which application threads were stopped: 0.0009256 seconds, Stopping threads took: 0.0001636 seconds
2016-11-15T06:53:48.300+0100: 5025.492: Total time for which application threads were stopped: 0.0010629 seconds, Stopping threads took: 0.0001721 seconds
2016-11-15T06:53:51.301+0100: 5028.493: Total time for which application threads were stopped: 0.0009394 seconds, Stopping threads took: 0.0001807 seconds
2016-11-15T06:53:52.302+0100: 5029.494: Total time for which application threads were stopped: 0.0009258 seconds, Stopping threads took: 0.0001650 seconds
2016-11-15T06:53:56.303+0100: 5033.495: Total time for which application threads were stopped: 0.0009348 seconds, Stopping threads took: 0.0001748 seconds
2016-11-15T06:54:00.304+0100: 5037.497: Total time for which application threads were stopped: 0.0009767 seconds, Stopping threads took: 0.0001740 seconds
2016-11-15T06:54:09.306+0100: 5046.498: Total time for which application threads were stopped: 0.0009381 seconds, Stopping threads took: 0.0001679 seconds
2016-11-15T06:54:13.307+0100: 5050.500: Total time for which application threads were stopped: 0.0009044 seconds, Stopping threads took: 0.0001681 seconds
2016-11-15T06:54:14.308+0100: 5051.501: Total time for which application threads were stopped: 0.0009193 seconds, Stopping threads took: 0.0001715 seconds
2016-11-15T06:54:15.309+0100: 5052.502: Total time for which application threads were stopped: 0.0009178 seconds, Stopping threads took: 0.0001612 seconds
2016-11-15T06:54:16.310+0100: 5053.503: Total time for which application threads were stopped: 0.0008861 seconds, Stopping threads took: 0.0001590 seconds
2016-11-15T06:54:18.311+0100: 5055.504: Total time for which application threads were stopped: 0.0009286 seconds, Stopping threads took: 0.0001678 seconds
2016-11-15T06:54:30.313+0100: 5067.506: Total time for which application threads were stopped: 0.0009168 seconds, Stopping threads took: 0.0001570 seconds
2016-11-15T06:54:32.314+0100: 5069.507: Total time for which application threads were stopped: 0.0010455 seconds, Stopping threads took: 0.0001769 seconds
2016-11-15T06:54:35.545+0100: 5072.738: Total time for which application threads were stopped: 0.0009897 seconds, Stopping threads took: 0.0001640 seconds
2016-11-15T06:54:35.691+0100: 5072.884: Total time for which application threads were stopped: 0.0009935 seconds, Stopping threads took: 0.0001693 seconds
2016-11-15T06:54:35.694+0100: 5072.886: Total time for which application threads were stopped: 0.0004831 seconds, Stopping threads took: 0.0000515 seconds
2016-11-15T06:54:35.695+0100: 5072.887: Total time for which application threads were stopped: 0.0003939 seconds, Stopping threads took: 0.0000377 seconds
2016-11-15T06:54:35.697+0100: 5072.889: Total time for which application threads were stopped: 0.0004503 seconds, Stopping threads took: 0.0000470 seconds
2016-11-15T06:54:35.703+0100: 5072.895: Total time for which application threads were stopped: 0.0004554 seconds, Stopping threads took: 0.0000506 seconds
2016-11-15T06:54:35.883+0100: 5073.076: Total time for which application threads were stopped: 0.0011086 seconds, Stopping threads took: 0.0002336 seconds
2016-11-15T06:54:35.885+0100: 5073.078: Total time for which application threads were stopped: 0.0005216 seconds, Stopping threads took: 0.0000857 seconds
2016-11-15T06:54:36.289+0100: 5073.482: Total time for which application threads were stopped: 0.0010536 seconds, Stopping threads took: 0.0001583 seconds
2016-11-15T06:54:36.290+0100: 5073.482: Total time for which application threads were stopped: 0.0003896 seconds, Stopping threads took: 0.0000317 seconds
2016-11-15T06:54:36.290+0100: 5073.483: Total time for which application threads were stopped: 0.0003712 seconds, Stopping threads took: 0.0000264 seconds
2016-11-15T06:54:37.725+0100: 5074.918: Total time for which application threads were stopped: 0.0010081 seconds, Stopping threads took: 0.0001652 seconds
2016-11-15T06:54:37.747+0100: 5074.939: Total time for which application threads were stopped: 0.0025982 seconds, Stopping threads took: 0.0000467 seconds
2016-11-15T06:54:37.749+0100: 5074.941: Total time for which application threads were stopped: 0.0006092 seconds, Stopping threads took: 0.0000563 seconds
2016-11-15T06:54:37.757+0100: 5074.950: Total time for which application threads were stopped: 0.0030715 seconds, Stopping threads took: 0.0000456 seconds
2016-11-15T06:54:37.768+0100: 5074.960: Total time for which application threads were stopped: 0.0005716 seconds, Stopping threads took: 0.0000518 seconds
2016-11-15T06:54:37.769+0100: 5074.962: Total time for which application threads were stopped: 0.0004606 seconds, Stopping threads took: 0.0000433 seconds
2016-11-15T06:54:37.770+0100: 5074.962: Total time for which application threads were stopped: 0.0003800 seconds, Stopping threads took: 0.0000296 seconds
2016-11-15T06:54:38.771+0100: 5075.963: Total time for which application threads were stopped: 0.0010455 seconds, Stopping threads took: 0.0001696 seconds
2016-11-15T06:54:39.772+0100: 5076.964: Total time for which application threads were stopped: 0.0007881 seconds, Stopping threads took: 0.0001185 seconds
2016-11-15T06:54:40.773+0100: 5077.965: Total time for which application threads were stopped: 0.0008473 seconds, Stopping threads took: 0.0001540 seconds
2016-11-15T06:54:41.612+0100: 5078.805: Total time for which application threads were stopped: 0.0010285 seconds, Stopping threads took: 0.0001465 seconds
2016-11-15T06:54:41.696+0100: 5078.888: Total time for which application threads were stopped: 0.0010181 seconds, Stopping threads took: 0.0001743 seconds
2016-11-15T06:54:41.696+0100: 5078.889: Total time for which application threads were stopped: 0.0003705 seconds, Stopping threads took: 0.0000296 seconds
2016-11-15T06:54:43.698+0100: 5080.890: Total time for which application threads were stopped: 0.0009524 seconds, Stopping threads took: 0.0001505 seconds
2016-11-15T06:54:46.699+0100: 5083.891: Total time for which application threads were stopped: 0.0008937 seconds, Stopping threads took: 0.0001505 seconds
2016-11-15T06:54:56.700+0100: 5093.893: Total time for which application threads were stopped: 0.0010493 seconds, Stopping threads took: 0.0001750 seconds
2016-11-15T06:55:02.702+0100: 5099.894: Total time for which application threads were stopped: 0.0009603 seconds, Stopping threads took: 0.0001670 seconds
2016-11-15T06:55:03.703+0100: 5100.895: Total time for which application threads were stopped: 0.0009296 seconds, Stopping threads took: 0.0001706 seconds
2016-11-15T06:55:17.604+0100: 5114.796: Total time for which application threads were stopped: 0.0010583 seconds, Stopping threads took: 0.0001811 seconds
2016-11-15T06:55:17.613+0100: 5114.806: Total time for which application threads were stopped: 0.0031199 seconds, Stopping threads took: 0.0000532 seconds
2016-11-15T06:55:17.616+0100: 5114.808: Total time for which application threads were stopped: 0.0017626 seconds, Stopping threads took: 0.0000568 seconds
2016-11-15T06:55:17.627+0100: 5114.820: Total time for which application threads were stopped: 0.0027150 seconds, Stopping threads took: 0.0000962 seconds
2016-11-15T06:55:17.633+0100: 5114.826: Total time for which application threads were stopped: 0.0015030 seconds, Stopping threads took: 0.0000514 seconds
2016-11-15T06:55:17.638+0100: 5114.831: Total time for which application threads were stopped: 0.0015125 seconds, Stopping threads took: 0.0000512 seconds
2016-11-15T06:55:18.615+0100: 5115.808: Total time for which application threads were stopped: 0.0037438 seconds, Stopping threads took: 0.0001522 seconds
2016-11-15T06:55:18.621+0100: 5115.814: Total time for which application threads were stopped: 0.0008281 seconds, Stopping threads took: 0.0001583 seconds
2016-11-15T06:55:18.925+0100: 5116.118: Total time for which application threads were stopped: 0.0011308 seconds, Stopping threads took: 0.0001878 seconds
2016-11-15T06:55:18.926+0100: 5116.119: Total time for which application threads were stopped: 0.0007211 seconds, Stopping threads took: 0.0003427 seconds
2016-11-15T06:55:18.927+0100: 5116.120: Total time for which application threads were stopped: 0.0005064 seconds, Stopping threads took: 0.0000975 seconds
2016-11-15T06:55:18.928+0100: 5116.120: Total time for which application threads were stopped: 0.0004117 seconds, Stopping threads took: 0.0000595 seconds
2016-11-15T06:55:18.928+0100: 5116.121: Total time for which application threads were stopped: 0.0003924 seconds, Stopping threads took: 0.0000342 seconds
2016-11-15T06:55:18.929+0100: 5116.122: Total time for which application threads were stopped: 0.0003937 seconds, Stopping threads took: 0.0000353 seconds
2016-11-15T06:55:18.930+0100: 5116.122: Total time for which application threads were stopped: 0.0005381 seconds, Stopping threads took: 0.0001739 seconds
2016-11-15T06:55:18.931+0100: 5116.123: Total time for which application threads were stopped: 0.0004378 seconds, Stopping threads took: 0.0000719 seconds
2016-11-15T06:55:18.931+0100: 5116.123: Total time for which application threads were stopped: 0.0004771 seconds, Stopping threads took: 0.0001118 seconds
2016-11-15T06:55:18.932+0100: 5116.124: Total time for which application threads were stopped: 0.0004457 seconds, Stopping threads took: 0.0000718 seconds
2016-11-15T06:55:18.932+0100: 5116.125: Total time for which application threads were stopped: 0.0004553 seconds, Stopping threads took: 0.0000748 seconds
2016-11-15T06:55:18.933+0100: 5116.125: Total time for which application threads were stopped: 0.0004473 seconds, Stopping threads took: 0.0000797 seconds
2016-11-15T06:55:18.934+0100: 5116.126: Total time for which application threads were stopped: 0.0004300 seconds, Stopping threads took: 0.0000636 seconds
2016-11-15T06:55:18.935+0100: 5116.127: Total time for which application threads were stopped: 0.0006390 seconds, Stopping threads took: 0.0002684 seconds
2016-11-15T06:55:19.936+0100: 5117.128: Total time for which application threads were stopped: 0.0010494 seconds, Stopping threads took: 0.0001722 seconds
2016-11-15T06:55:20.937+0100: 5118.129: Total time for which application threads were stopped: 0.0010017 seconds, Stopping threads took: 0.0001742 seconds
2016-11-15T06:55:21.938+0100: 5119.130: Total time for which application threads were stopped: 0.0009996 seconds, Stopping threads took: 0.0001623 seconds
2016-11-15T06:55:22.939+0100: 5120.131: Total time for which application threads were stopped: 0.0009745 seconds, Stopping threads took: 0.0001700 seconds
2016-11-15T06:55:26.940+0100: 5124.133: Total time for which application threads were stopped: 0.0009173 seconds, Stopping threads took: 0.0001581 seconds
2016-11-15T06:55:30.941+0100: 5128.134: Total time for which application threads were stopped: 0.0009231 seconds, Stopping threads took: 0.0001664 seconds
2016-11-15T06:55:31.942+0100: 5129.135: Total time for which application threads were stopped: 0.0009745 seconds, Stopping threads took: 0.0001632 seconds
2016-11-15T06:55:34.944+0100: 5132.136: Total time for which application threads were stopped: 0.0010151 seconds, Stopping threads took: 0.0001759 seconds
2016-11-15T06:55:35.945+0100: 5133.137: Total time for which application threads were stopped: 0.0009276 seconds, Stopping threads took: 0.0001727 seconds
2016-11-15T06:55:38.946+0100: 5136.138: Total time for which application threads were stopped: 0.0009305 seconds, Stopping threads took: 0.0001642 seconds
2016-11-15T06:55:41.947+0100: 5139.139: Total time for which application threads were stopped: 0.0008955 seconds, Stopping threads took: 0.0001580 seconds
2016-11-15T06:55:42.948+0100: 5140.140: Total time for which application threads were stopped: 0.0008570 seconds, Stopping threads took: 0.0001504 seconds
2016-11-15T06:55:44.949+0100: 5142.141: Total time for which application threads were stopped: 0.0008725 seconds, Stopping threads took: 0.0001542 seconds
2016-11-15T06:55:57.951+0100: 5155.143: Total time for which application threads were stopped: 0.0009398 seconds, Stopping threads took: 0.0001592 seconds
2016-11-15T06:56:00.952+0100: 5158.144: Total time for which application threads were stopped: 0.0009320 seconds, Stopping threads took: 0.0001656 seconds
2016-11-15T06:56:09.954+0100: 5167.146: Total time for which application threads were stopped: 0.0009320 seconds, Stopping threads took: 0.0001634 seconds
2016-11-15T06:56:11.090+0100: 5168.282: Total time for which application threads were stopped: 0.0033430 seconds, Stopping threads took: 0.0001698 seconds
2016-11-15T06:56:23.092+0100: 5180.284: Total time for which application threads were stopped: 0.0009350 seconds, Stopping threads took: 0.0001782 seconds
2016-11-15T06:56:27.093+0100: 5184.285: Total time for which application threads were stopped: 0.0009267 seconds, Stopping threads took: 0.0001686 seconds
2016-11-15T06:56:49.095+0100: 5206.288: Total time for which application threads were stopped: 0.0009445 seconds, Stopping threads took: 0.0001703 seconds
2016-11-15T06:56:52.097+0100: 5209.289: Total time for which application threads were stopped: 0.0009113 seconds, Stopping threads took: 0.0001629 seconds
2016-11-15T06:56:54.098+0100: 5211.290: Total time for which application threads were stopped: 0.0008681 seconds, Stopping threads took: 0.0001419 seconds
2016-11-15T06:56:58.099+0100: 5215.291: Total time for which application threads were stopped: 0.0009118 seconds, Stopping threads took: 0.0001681 seconds
2016-11-15T06:57:00.100+0100: 5217.292: Total time for which application threads were stopped: 0.0009124 seconds, Stopping threads took: 0.0001585 seconds
2016-11-15T06:57:01.101+0100: 5218.293: Total time for which application threads were stopped: 0.0009733 seconds, Stopping threads took: 0.0001655 seconds
2016-11-15T06:57:02.102+0100: 5219.294: Total time for which application threads were stopped: 0.0009313 seconds, Stopping threads took: 0.0001574 seconds
2016-11-15T06:57:09.103+0100: 5226.296: Total time for which application threads were stopped: 0.0009988 seconds, Stopping threads took: 0.0001547 seconds
2016-11-15T06:57:11.105+0100: 5228.297: Total time for which application threads were stopped: 0.0010621 seconds, Stopping threads took: 0.0001713 seconds
2016-11-15T06:57:14.106+0100: 5231.298: Total time for which application threads were stopped: 0.0009546 seconds, Stopping threads took: 0.0001821 seconds
2016-11-15T06:57:18.107+0100: 5235.300: Total time for which application threads were stopped: 0.0009504 seconds, Stopping threads took: 0.0001659 seconds
2016-11-15T06:57:21.108+0100: 5238.301: Total time for which application threads were stopped: 0.0009674 seconds, Stopping threads took: 0.0001507 seconds
2016-11-15T06:57:28.110+0100: 5245.303: Total time for which application threads were stopped: 0.0012491 seconds, Stopping threads took: 0.0001759 seconds
2016-11-15T06:57:29.111+0100: 5246.303: Total time for which application threads were stopped: 0.0007746 seconds, Stopping threads took: 0.0001289 seconds
2016-11-15T06:57:30.112+0100: 5247.304: Total time for which application threads were stopped: 0.0007863 seconds, Stopping threads took: 0.0001220 seconds
2016-11-15T06:57:47.114+0100: 5264.306: Total time for which application threads were stopped: 0.0009670 seconds, Stopping threads took: 0.0001602 seconds
2016-11-15T06:57:52.115+0100: 5269.308: Total time for which application threads were stopped: 0.0009579 seconds, Stopping threads took: 0.0001577 seconds
2016-11-15T06:58:03.117+0100: 5280.310: Total time for which application threads were stopped: 0.0009921 seconds, Stopping threads took: 0.0001910 seconds
2016-11-15T06:58:04.118+0100: 5281.311: Total time for which application threads were stopped: 0.0009728 seconds, Stopping threads took: 0.0001754 seconds
2016-11-15T06:58:10.534+0100: 5287.727: Total time for which application threads were stopped: 0.0011996 seconds, Stopping threads took: 0.0002080 seconds
2016-11-15T06:58:10.535+0100: 5287.727: Total time for which application threads were stopped: 0.0004680 seconds, Stopping threads took: 0.0000680 seconds
2016-11-15T06:58:10.536+0100: 5287.728: Total time for which application threads were stopped: 0.0004425 seconds, Stopping threads took: 0.0000346 seconds
2016-11-15T06:58:10.536+0100: 5287.728: Total time for which application threads were stopped: 0.0004301 seconds, Stopping threads took: 0.0000321 seconds
2016-11-15T06:58:10.537+0100: 5287.729: Total time for which application threads were stopped: 0.0004333 seconds, Stopping threads took: 0.0000333 seconds
2016-11-15T06:58:10.537+0100: 5287.729: Total time for which application threads were stopped: 0.0004376 seconds, Stopping threads took: 0.0000305 seconds
2016-11-15T06:58:10.538+0100: 5287.730: Total time for which application threads were stopped: 0.0004287 seconds, Stopping threads took: 0.0000304 seconds
2016-11-15T06:58:10.538+0100: 5287.730: Total time for which application threads were stopped: 0.0004314 seconds, Stopping threads took: 0.0000318 seconds
2016-11-15T06:58:10.539+0100: 5287.731: Total time for which application threads were stopped: 0.0004338 seconds, Stopping threads took: 0.0000339 seconds
2016-11-15T06:58:10.539+0100: 5287.731: Total time for which application threads were stopped: 0.0004331 seconds, Stopping threads took: 0.0000344 seconds
2016-11-15T06:58:10.540+0100: 5287.732: Total time for which application threads were stopped: 0.0004296 seconds, Stopping threads took: 0.0000276 seconds
2016-11-15T06:58:10.540+0100: 5287.732: Total time for which application threads were stopped: 0.0004333 seconds, Stopping threads took: 0.0000324 seconds
2016-11-15T06:58:10.541+0100: 5287.733: Total time for which application threads were stopped: 0.0004339 seconds, Stopping threads took: 0.0000343 seconds
2016-11-15T06:58:10.541+0100: 5287.733: Total time for which application threads were stopped: 0.0004291 seconds, Stopping threads took: 0.0000266 seconds
2016-11-15T06:58:10.542+0100: 5287.734: Total time for which application threads were stopped: 0.0004290 seconds, Stopping threads took: 0.0000296 seconds
2016-11-15T06:58:10.542+0100: 5287.734: Total time for which application threads were stopped: 0.0004272 seconds, Stopping threads took: 0.0000274 seconds
2016-11-15T06:58:10.543+0100: 5287.735: Total time for which application threads were stopped: 0.0004302 seconds, Stopping threads took: 0.0000294 seconds
2016-11-15T06:58:10.543+0100: 5287.735: Total time for which application threads were stopped: 0.0004331 seconds, Stopping threads took: 0.0000300 seconds
2016-11-15T06:58:10.544+0100: 5287.736: Total time for which application threads were stopped: 0.0004288 seconds, Stopping threads took: 0.0000293 seconds
2016-11-15T06:58:10.547+0100: 5287.739: Total time for which application threads were stopped: 0.0031023 seconds, Stopping threads took: 0.0000311 seconds
2016-11-15T06:58:10.550+0100: 5287.742: Total time for which application threads were stopped: 0.0007856 seconds, Stopping threads took: 0.0000727 seconds
2016-11-15T06:58:10.552+0100: 5287.744: Total time for which application threads were stopped: 0.0023161 seconds, Stopping threads took: 0.0000316 seconds
2016-11-15T06:58:10.562+0100: 5287.754: Total time for which application threads were stopped: 0.0033757 seconds, Stopping threads took: 0.0001306 seconds
2016-11-15T06:58:10.688+0100: 5287.880: Total time for which application threads were stopped: 0.0011944 seconds, Stopping threads took: 0.0001759 seconds
2016-11-15T06:58:10.738+0100: 5287.931: Total time for which application threads were stopped: 0.0006794 seconds, Stopping threads took: 0.0000810 seconds
2016-11-15T06:58:35.741+0100: 5312.934: Total time for which application threads were stopped: 0.0010120 seconds, Stopping threads took: 0.0001636 seconds
2016-11-15T06:58:43.743+0100: 5320.935: Total time for which application threads were stopped: 0.0009906 seconds, Stopping threads took: 0.0001818 seconds
2016-11-15T06:58:47.744+0100: 5324.937: Total time for which application threads were stopped: 0.0010547 seconds, Stopping threads took: 0.0001977 seconds
2016-11-15T06:59:14.747+0100: 5351.940: Total time for which application threads were stopped: 0.0009869 seconds, Stopping threads took: 0.0001700 seconds
2016-11-15T07:00:00.752+0100: 5397.944: Total time for which application threads were stopped: 0.0009760 seconds, Stopping threads took: 0.0001602 seconds
2016-11-15T07:00:20.754+0100: 5417.947: Total time for which application threads were stopped: 0.0010911 seconds, Stopping threads took: 0.0001837 seconds
2016-11-15T07:00:49.757+0100: 5446.950: Total time for which application threads were stopped: 0.0009972 seconds, Stopping threads took: 0.0001729 seconds
2016-11-15T07:01:10.296+0100: 5467.489: Total time for which application threads were stopped: 0.0035205 seconds, Stopping threads took: 0.0002522 seconds
2016-11-15T07:01:11.297+0100: 5468.490: Total time for which application threads were stopped: 0.0009672 seconds, Stopping threads took: 0.0001600 seconds
2016-11-15T07:03:26.308+0100: 5603.501: Total time for which application threads were stopped: 0.0009732 seconds, Stopping threads took: 0.0001670 seconds
2016-11-15T07:04:00.218+0100: 5637.411: Total time for which application threads were stopped: 0.0010383 seconds, Stopping threads took: 0.0001705 seconds
2016-11-15T07:04:00.219+0100: 5637.412: Total time for which application threads were stopped: 0.0004655 seconds, Stopping threads took: 0.0000475 seconds
2016-11-15T07:04:00.220+0100: 5637.413: Total time for which application threads were stopped: 0.0003875 seconds, Stopping threads took: 0.0000309 seconds
2016-11-15T07:04:00.221+0100: 5637.413: Total time for which application threads were stopped: 0.0003778 seconds, Stopping threads took: 0.0000285 seconds
2016-11-15T07:04:00.227+0100: 5637.420: Total time for which application threads were stopped: 0.0006194 seconds, Stopping threads took: 0.0001425 seconds
2016-11-15T07:04:00.228+0100: 5637.420: Total time for which application threads were stopped: 0.0004102 seconds, Stopping threads took: 0.0000425 seconds
2016-11-15T07:04:00.228+0100: 5637.421: Total time for which application threads were stopped: 0.0004442 seconds, Stopping threads took: 0.0000739 seconds
2016-11-15T07:04:00.229+0100: 5637.421: Total time for which application threads were stopped: 0.0004693 seconds, Stopping threads took: 0.0000912 seconds
2016-11-15T07:04:00.229+0100: 5637.422: Total time for which application threads were stopped: 0.0006206 seconds, Stopping threads took: 0.0002410 seconds
2016-11-15T07:04:00.230+0100: 5637.422: Total time for which application threads were stopped: 0.0004637 seconds, Stopping threads took: 0.0000862 seconds
2016-11-15T07:04:00.231+0100: 5637.423: Total time for which application threads were stopped: 0.0004404 seconds, Stopping threads took: 0.0000610 seconds
2016-11-15T07:04:00.231+0100: 5637.424: Total time for which application threads were stopped: 0.0004527 seconds, Stopping threads took: 0.0000631 seconds
2016-11-15T07:04:00.232+0100: 5637.424: Total time for which application threads were stopped: 0.0004827 seconds, Stopping threads took: 0.0001006 seconds
2016-11-15T07:04:00.233+0100: 5637.425: Total time for which application threads were stopped: 0.0008076 seconds, Stopping threads took: 0.0002218 seconds
2016-11-15T07:04:00.233+0100: 5637.426: Total time for which application threads were stopped: 0.0004810 seconds, Stopping threads took: 0.0000911 seconds
2016-11-15T07:04:00.234+0100: 5637.426: Total time for which application threads were stopped: 0.0005072 seconds, Stopping threads took: 0.0001338 seconds
2016-11-15T07:04:00.234+0100: 5637.427: Total time for which application threads were stopped: 0.0004626 seconds, Stopping threads took: 0.0000900 seconds
2016-11-15T07:04:00.235+0100: 5637.427: Total time for which application threads were stopped: 0.0004985 seconds, Stopping threads took: 0.0001221 seconds
2016-11-15T07:04:00.236+0100: 5637.428: Total time for which application threads were stopped: 0.0006015 seconds, Stopping threads took: 0.0002122 seconds
2016-11-15T07:04:00.236+0100: 5637.429: Total time for which application threads were stopped: 0.0004721 seconds, Stopping threads took: 0.0000863 seconds
2016-11-15T07:04:00.237+0100: 5637.429: Total time for which application threads were stopped: 0.0004673 seconds, Stopping threads took: 0.0000733 seconds
2016-11-15T07:04:00.237+0100: 5637.430: Total time for which application threads were stopped: 0.0005460 seconds, Stopping threads took: 0.0000729 seconds
2016-11-15T07:04:00.238+0100: 5637.430: Total time for which application threads were stopped: 0.0004641 seconds, Stopping threads took: 0.0000750 seconds
2016-11-15T07:04:00.241+0100: 5637.433: Total time for which application threads were stopped: 0.0028577 seconds, Stopping threads took: 0.0000661 seconds
2016-11-15T07:04:00.244+0100: 5637.436: Total time for which application threads were stopped: 0.0006627 seconds, Stopping threads took: 0.0000921 seconds
2016-11-15T07:04:00.244+0100: 5637.437: Total time for which application threads were stopped: 0.0004277 seconds, Stopping threads took: 0.0000640 seconds
2016-11-15T07:04:00.245+0100: 5637.437: Total time for which application threads were stopped: 0.0004316 seconds, Stopping threads took: 0.0000682 seconds
2016-11-15T07:04:00.245+0100: 5637.438: Total time for which application threads were stopped: 0.0004252 seconds, Stopping threads took: 0.0000497 seconds
2016-11-15T07:04:00.246+0100: 5637.438: Total time for which application threads were stopped: 0.0004242 seconds, Stopping threads took: 0.0000547 seconds
2016-11-15T07:04:00.246+0100: 5637.439: Total time for which application threads were stopped: 0.0004234 seconds, Stopping threads took: 0.0000514 seconds
2016-11-15T07:04:00.247+0100: 5637.439: Total time for which application threads were stopped: 0.0004285 seconds, Stopping threads took: 0.0000550 seconds
2016-11-15T07:04:00.247+0100: 5637.440: Total time for which application threads were stopped: 0.0004009 seconds, Stopping threads took: 0.0000332 seconds
2016-11-15T07:04:00.393+0100: 5637.586: Total time for which application threads were stopped: 0.0007505 seconds, Stopping threads took: 0.0001072 seconds
2016-11-15T07:04:02.394+0100: 5639.587: Total time for which application threads were stopped: 0.0010184 seconds, Stopping threads took: 0.0001642 seconds
2016-11-15T07:04:05.395+0100: 5642.588: Total time for which application threads were stopped: 0.0009625 seconds, Stopping threads took: 0.0001578 seconds
2016-11-15T07:04:07.397+0100: 5644.589: Total time for which application threads were stopped: 0.0009153 seconds, Stopping threads took: 0.0001463 seconds
2016-11-15T07:04:08.276+0100: 5645.468: Total time for which application threads were stopped: 0.0011099 seconds, Stopping threads took: 0.0002035 seconds
2016-11-15T07:04:08.297+0100: 5645.490: Total time for which application threads were stopped: 0.0009653 seconds, Stopping threads took: 0.0001849 seconds
2016-11-15T07:04:08.340+0100: 5645.532: Total time for which application threads were stopped: 0.0007912 seconds, Stopping threads took: 0.0001046 seconds
2016-11-15T07:04:08.355+0100: 5645.547: Total time for which application threads were stopped: 0.0006092 seconds, Stopping threads took: 0.0001140 seconds
2016-11-15T07:04:08.365+0100: 5645.557: Total time for which application threads were stopped: 0.0005774 seconds, Stopping threads took: 0.0001007 seconds
2016-11-15T07:04:08.366+0100: 5645.558: Total time for which application threads were stopped: 0.0004860 seconds, Stopping threads took: 0.0000785 seconds
2016-11-15T07:04:08.366+0100: 5645.559: Total time for which application threads were stopped: 0.0004854 seconds, Stopping threads took: 0.0000706 seconds
2016-11-15T07:04:16.362+0100: 5653.555: Total time for which application threads were stopped: 0.0014279 seconds, Stopping threads took: 0.0002546 seconds
2016-11-15T07:04:17.363+0100: 5654.556: Total time for which application threads were stopped: 0.0008498 seconds, Stopping threads took: 0.0001303 seconds
2016-11-15T07:04:24.365+0100: 5661.557: Total time for which application threads were stopped: 0.0009703 seconds, Stopping threads took: 0.0001698 seconds
2016-11-15T07:06:00.373+0100: 5757.565: Total time for which application threads were stopped: 0.0009744 seconds, Stopping threads took: 0.0001690 seconds
2016-11-15T07:06:38.376+0100: 5795.569: Total time for which application threads were stopped: 0.0009810 seconds, Stopping threads took: 0.0001741 seconds
2016-11-15T07:06:40.825+0100: 5798.018: Total time for which application threads were stopped: 0.0009999 seconds, Stopping threads took: 0.0001674 seconds
2016-11-15T07:06:40.826+0100: 5798.019: Total time for which application threads were stopped: 0.0003861 seconds, Stopping threads took: 0.0000333 seconds
2016-11-15T07:06:40.827+0100: 5798.019: Total time for which application threads were stopped: 0.0003704 seconds, Stopping threads took: 0.0000296 seconds
2016-11-15T07:06:40.939+0100: 5798.132: Total time for which application threads were stopped: 0.0008801 seconds, Stopping threads took: 0.0001331 seconds
2016-11-15T07:06:44.574+0100: 5801.766: Total time for which application threads were stopped: 0.0009975 seconds, Stopping threads took: 0.0001749 seconds
2016-11-15T07:06:44.575+0100: 5801.768: Total time for which application threads were stopped: 0.0004416 seconds, Stopping threads took: 0.0000511 seconds
2016-11-15T07:06:44.576+0100: 5801.768: Total time for which application threads were stopped: 0.0003598 seconds, Stopping threads took: 0.0000260 seconds
2016-11-15T07:06:44.616+0100: 5801.808: Total time for which application threads were stopped: 0.0004771 seconds, Stopping threads took: 0.0000500 seconds
2016-11-15T07:06:45.617+0100: 5802.809: Total time for which application threads were stopped: 0.0008331 seconds, Stopping threads took: 0.0001342 seconds
2016-11-15T07:06:47.618+0100: 5804.810: Total time for which application threads were stopped: 0.0010067 seconds, Stopping threads took: 0.0002205 seconds
2016-11-15T07:06:56.719+0100: 5813.912: Total time for which application threads were stopped: 0.0011436 seconds, Stopping threads took: 0.0001670 seconds
2016-11-15T07:07:11.721+0100: 5828.914: Total time for which application threads were stopped: 0.0010018 seconds, Stopping threads took: 0.0001748 seconds
2016-11-15T07:07:12.722+0100: 5829.915: Total time for which application threads were stopped: 0.0010849 seconds, Stopping threads took: 0.0001670 seconds
2016-11-15T07:07:15.724+0100: 5832.916: Total time for which application threads were stopped: 0.0010381 seconds, Stopping threads took: 0.0001763 seconds
2016-11-15T07:08:00.728+0100: 5877.920: Total time for which application threads were stopped: 0.0010518 seconds, Stopping threads took: 0.0001723 seconds
2016-11-15T07:08:28.687+0100: 5905.880: Total time for which application threads were stopped: 0.0010028 seconds, Stopping threads took: 0.0001694 seconds
2016-11-15T07:08:28.688+0100: 5905.881: Total time for which application threads were stopped: 0.0003915 seconds, Stopping threads took: 0.0000375 seconds
2016-11-15T07:08:28.689+0100: 5905.881: Total time for which application threads were stopped: 0.0003700 seconds, Stopping threads took: 0.0000262 seconds
2016-11-15T07:08:28.790+0100: 5905.983: Total time for which application threads were stopped: 0.0005138 seconds, Stopping threads took: 0.0000566 seconds
2016-11-15T07:08:31.488+0100: 5908.681: Total time for which application threads were stopped: 0.0009779 seconds, Stopping threads took: 0.0001666 seconds
2016-11-15T07:08:31.489+0100: 5908.682: Total time for which application threads were stopped: 0.0003757 seconds, Stopping threads took: 0.0000344 seconds
2016-11-15T07:08:31.489+0100: 5908.682: Total time for which application threads were stopped: 0.0003725 seconds, Stopping threads took: 0.0000340 seconds
2016-11-15T07:08:31.856+0100: 5909.049: Total time for which application threads were stopped: 0.0029884 seconds, Stopping threads took: 0.0001044 seconds
2016-11-15T07:08:38.022+0100: 5915.214: Total time for which application threads were stopped: 0.0010189 seconds, Stopping threads took: 0.0001925 seconds
2016-11-15T07:08:38.023+0100: 5915.216: Total time for which application threads were stopped: 0.0004253 seconds, Stopping threads took: 0.0000389 seconds
2016-11-15T07:08:38.023+0100: 5915.216: Total time for which application threads were stopped: 0.0003625 seconds, Stopping threads took: 0.0000259 seconds
2016-11-15T07:08:38.056+0100: 5915.249: Total time for which application threads were stopped: 0.0004829 seconds, Stopping threads took: 0.0000548 seconds
2016-11-15T07:08:39.915+0100: 5917.108: Total time for which application threads were stopped: 0.0031838 seconds, Stopping threads took: 0.0001693 seconds
2016-11-15T07:08:39.918+0100: 5917.111: Total time for which application threads were stopped: 0.0020841 seconds, Stopping threads took: 0.0000534 seconds
2016-11-15T07:08:39.920+0100: 5917.113: Total time for which application threads were stopped: 0.0017327 seconds, Stopping threads took: 0.0000343 seconds
2016-11-15T07:08:39.943+0100: 5917.136: Total time for which application threads were stopped: 0.0005791 seconds, Stopping threads took: 0.0000554 seconds
2016-11-15T07:08:39.944+0100: 5917.136: Total time for which application threads were stopped: 0.0003606 seconds, Stopping threads took: 0.0000275 seconds
2016-11-15T07:08:39.944+0100: 5917.137: Total time for which application threads were stopped: 0.0003798 seconds, Stopping threads took: 0.0000327 seconds
2016-11-15T07:08:40.130+0100: 5917.322: Total time for which application threads were stopped: 0.0004860 seconds, Stopping threads took: 0.0000528 seconds
2016-11-15T07:08:42.131+0100: 5919.323: Total time for which application threads were stopped: 0.0009329 seconds, Stopping threads took: 0.0001514 seconds
2016-11-15T07:09:20.135+0100: 5957.327: Total time for which application threads were stopped: 0.0009863 seconds, Stopping threads took: 0.0001590 seconds
2016-11-15T07:09:24.136+0100: 5961.328: Total time for which application threads were stopped: 0.0009815 seconds, Stopping threads took: 0.0001710 seconds
2016-11-15T07:09:36.138+0100: 5973.330: Total time for which application threads were stopped: 0.0009879 seconds, Stopping threads took: 0.0001585 seconds
2016-11-15T07:09:37.138+0100: 5974.331: Total time for which application threads were stopped: 0.0008056 seconds, Stopping threads took: 0.0001307 seconds
2016-11-15T07:09:40.222+0100: 5977.414: Total time for which application threads were stopped: 0.0036414 seconds, Stopping threads took: 0.0002695 seconds
2016-11-15T07:09:41.223+0100: 5978.415: Total time for which application threads were stopped: 0.0009712 seconds, Stopping threads took: 0.0001609 seconds
2016-11-15T07:10:38.907+0100: 6036.099: Total time for which application threads were stopped: 0.0009943 seconds, Stopping threads took: 0.0001646 seconds
2016-11-15T07:10:38.907+0100: 6036.100: Total time for which application threads were stopped: 0.0003748 seconds, Stopping threads took: 0.0000330 seconds
2016-11-15T07:10:38.908+0100: 6036.100: Total time for which application threads were stopped: 0.0003664 seconds, Stopping threads took: 0.0000283 seconds
2016-11-15T07:10:39.116+0100: 6036.308: Total time for which application threads were stopped: 0.0007664 seconds, Stopping threads took: 0.0001126 seconds
2016-11-15T07:10:46.971+0100: 6044.163: Total time for which application threads were stopped: 0.0010047 seconds, Stopping threads took: 0.0001777 seconds
2016-11-15T07:10:46.972+0100: 6044.164: Total time for which application threads were stopped: 0.0004583 seconds, Stopping threads took: 0.0000549 seconds
2016-11-15T07:10:46.972+0100: 6044.165: Total time for which application threads were stopped: 0.0003761 seconds, Stopping threads took: 0.0000311 seconds
2016-11-15T07:10:47.034+0100: 6044.227: Total time for which application threads were stopped: 0.0009305 seconds, Stopping threads took: 0.0001415 seconds
2016-11-15T07:12:59.278+0100: 6176.471: Total time for which application threads were stopped: 0.0011352 seconds, Stopping threads took: 0.0001692 seconds
2016-11-15T07:12:59.435+0100: 6176.628: Total time for which application threads were stopped: 0.0008152 seconds, Stopping threads took: 0.0001023 seconds
2016-11-15T07:12:59.546+0100: 6176.739: Total time for which application threads were stopped: 0.0007547 seconds, Stopping threads took: 0.0001106 seconds
2016-11-15T07:13:00.547+0100: 6177.740: Total time for which application threads were stopped: 0.0010534 seconds, Stopping threads took: 0.0001821 seconds
2016-11-15T07:13:12.549+0100: 6189.742: Total time for which application threads were stopped: 0.0010233 seconds, Stopping threads took: 0.0001723 seconds
2016-11-15T07:13:15.551+0100: 6192.743: Total time for which application threads were stopped: 0.0010986 seconds, Stopping threads took: 0.0001787 seconds
2016-11-15T07:13:20.268+0100: 6197.460: Total time for which application threads were stopped: 0.0010617 seconds, Stopping threads took: 0.0001816 seconds
2016-11-15T07:13:21.269+0100: 6198.461: Total time for which application threads were stopped: 0.0010139 seconds, Stopping threads took: 0.0001832 seconds
2016-11-15T07:13:28.270+0100: 6205.463: Total time for which application threads were stopped: 0.0010551 seconds, Stopping threads took: 0.0002263 seconds
2016-11-15T07:13:28.334+0100: 6205.526: Total time for which application threads were stopped: 0.0010925 seconds, Stopping threads took: 0.0001826 seconds
2016-11-15T07:13:28.335+0100: 6205.527: Total time for which application threads were stopped: 0.0004269 seconds, Stopping threads took: 0.0000418 seconds
2016-11-15T07:13:28.335+0100: 6205.528: Total time for which application threads were stopped: 0.0003940 seconds, Stopping threads took: 0.0000320 seconds
2016-11-15T07:13:28.427+0100: 6205.620: Total time for which application threads were stopped: 0.0010973 seconds, Stopping threads took: 0.0001741 seconds
2016-11-15T07:13:31.417+0100: 6208.610: Total time for which application threads were stopped: 0.0010280 seconds, Stopping threads took: 0.0001864 seconds
2016-11-15T07:13:31.419+0100: 6208.612: Total time for which application threads were stopped: 0.0005795 seconds, Stopping threads took: 0.0001689 seconds
2016-11-15T07:13:31.420+0100: 6208.612: Total time for which application threads were stopped: 0.0004324 seconds, Stopping threads took: 0.0000742 seconds
2016-11-15T07:13:31.457+0100: 6208.649: Total time for which application threads were stopped: 0.0005461 seconds, Stopping threads took: 0.0000691 seconds
2016-11-15T07:13:32.458+0100: 6209.650: Total time for which application threads were stopped: 0.0009803 seconds, Stopping threads took: 0.0001597 seconds
2016-11-15T07:13:34.459+0100: 6211.651: Total time for which application threads were stopped: 0.0010381 seconds, Stopping threads took: 0.0001521 seconds
2016-11-15T07:13:41.460+0100: 6218.653: Total time for which application threads were stopped: 0.0009921 seconds, Stopping threads took: 0.0001682 seconds
2016-11-15T07:13:48.571+0100: 6225.763: Total time for which application threads were stopped: 0.0011311 seconds, Stopping threads took: 0.0002821 seconds
2016-11-15T07:13:48.571+0100: 6225.764: Total time for which application threads were stopped: 0.0004005 seconds, Stopping threads took: 0.0000349 seconds
2016-11-15T07:13:48.572+0100: 6225.764: Total time for which application threads were stopped: 0.0003828 seconds, Stopping threads took: 0.0000288 seconds
2016-11-15T07:13:48.668+0100: 6225.861: Total time for which application threads were stopped: 0.0005818 seconds, Stopping threads took: 0.0000737 seconds
2016-11-15T07:13:51.534+0100: 6228.727: Total time for which application threads were stopped: 0.0010034 seconds, Stopping threads took: 0.0001751 seconds
2016-11-15T07:13:51.536+0100: 6228.728: Total time for which application threads were stopped: 0.0004531 seconds, Stopping threads took: 0.0000461 seconds
2016-11-15T07:13:51.536+0100: 6228.728: Total time for which application threads were stopped: 0.0003770 seconds, Stopping threads took: 0.0000283 seconds
2016-11-15T07:13:51.566+0100: 6228.759: Total time for which application threads were stopped: 0.0005225 seconds, Stopping threads took: 0.0000652 seconds
2016-11-15T07:13:52.567+0100: 6229.760: Total time for which application threads were stopped: 0.0009620 seconds, Stopping threads took: 0.0001503 seconds
2016-11-15T07:13:53.568+0100: 6230.761: Total time for which application threads were stopped: 0.0009838 seconds, Stopping threads took: 0.0001658 seconds
2016-11-15T07:14:00.570+0100: 6237.762: Total time for which application threads were stopped: 0.0010117 seconds, Stopping threads took: 0.0001790 seconds
2016-11-15T07:14:03.571+0100: 6240.764: Total time for which application threads were stopped: 0.0009698 seconds, Stopping threads took: 0.0001517 seconds
2016-11-15T07:14:05.572+0100: 6242.765: Total time for which application threads were stopped: 0.0009964 seconds, Stopping threads took: 0.0001669 seconds
2016-11-15T07:14:06.573+0100: 6243.766: Total time for which application threads were stopped: 0.0009614 seconds, Stopping threads took: 0.0001534 seconds
2016-11-15T07:14:10.575+0100: 6247.767: Total time for which application threads were stopped: 0.0009894 seconds, Stopping threads took: 0.0001672 seconds
2016-11-15T07:14:16.576+0100: 6253.769: Total time for which application threads were stopped: 0.0009885 seconds, Stopping threads took: 0.0001626 seconds
2016-11-15T07:14:17.577+0100: 6254.770: Total time for which application threads were stopped: 0.0009619 seconds, Stopping threads took: 0.0001663 seconds
2016-11-15T07:14:18.578+0100: 6255.771: Total time for which application threads were stopped: 0.0009361 seconds, Stopping threads took: 0.0001358 seconds
2016-11-15T07:14:20.579+0100: 6257.772: Total time for which application threads were stopped: 0.0009203 seconds, Stopping threads took: 0.0001557 seconds
2016-11-15T07:14:23.580+0100: 6260.773: Total time for which application threads were stopped: 0.0009557 seconds, Stopping threads took: 0.0001608 seconds
2016-11-15T07:14:24.581+0100: 6261.774: Total time for which application threads were stopped: 0.0009767 seconds, Stopping threads took: 0.0001617 seconds
2016-11-15T07:14:38.583+0100: 6275.776: Total time for which application threads were stopped: 0.0010371 seconds, Stopping threads took: 0.0001740 seconds
2016-11-15T07:14:51.603+0100: 6288.796: Total time for which application threads were stopped: 0.0034665 seconds, Stopping threads took: 0.0001702 seconds
2016-11-15T07:14:52.604+0100: 6289.797: Total time for which application threads were stopped: 0.0009728 seconds, Stopping threads took: 0.0001611 seconds
2016-11-15T07:14:57.606+0100: 6294.798: Total time for which application threads were stopped: 0.0009934 seconds, Stopping threads took: 0.0001706 seconds
2016-11-15T07:14:58.607+0100: 6295.799: Total time for which application threads were stopped: 0.0009180 seconds, Stopping threads took: 0.0001469 seconds
2016-11-15T07:15:00.608+0100: 6297.800: Total time for which application threads were stopped: 0.0011121 seconds, Stopping threads took: 0.0001690 seconds
2016-11-15T07:15:17.610+0100: 6314.803: Total time for which application threads were stopped: 0.0010079 seconds, Stopping threads took: 0.0001739 seconds
2016-11-15T07:15:23.612+0100: 6320.804: Total time for which application threads were stopped: 0.0009963 seconds, Stopping threads took: 0.0001553 seconds
2016-11-15T07:15:23.727+0100: 6320.919: Total time for which application threads were stopped: 0.0006843 seconds, Stopping threads took: 0.0000866 seconds
2016-11-15T07:15:24.728+0100: 6321.920: Total time for which application threads were stopped: 0.0010172 seconds, Stopping threads took: 0.0001413 seconds
2016-11-15T07:15:26.729+0100: 6323.921: Total time for which application threads were stopped: 0.0009996 seconds, Stopping threads took: 0.0001617 seconds
2016-11-15T07:15:35.731+0100: 6332.923: Total time for which application threads were stopped: 0.0009974 seconds, Stopping threads took: 0.0001574 seconds
2016-11-15T07:15:36.732+0100: 6333.924: Total time for which application threads were stopped: 0.0010526 seconds, Stopping threads took: 0.0001612 seconds
2016-11-15T07:15:46.733+0100: 6343.926: Total time for which application threads were stopped: 0.0009937 seconds, Stopping threads took: 0.0001577 seconds
2016-11-15T07:15:55.735+0100: 6352.928: Total time for which application threads were stopped: 0.0009965 seconds, Stopping threads took: 0.0001694 seconds
2016-11-15T07:15:59.736+0100: 6356.929: Total time for which application threads were stopped: 0.0009632 seconds, Stopping threads took: 0.0001548 seconds
2016-11-15T07:16:00.737+0100: 6357.930: Total time for which application threads were stopped: 0.0009887 seconds, Stopping threads took: 0.0001631 seconds
2016-11-15T07:16:10.739+0100: 6367.932: Total time for which application threads were stopped: 0.0010011 seconds, Stopping threads took: 0.0001685 seconds
2016-11-15T07:16:12.740+0100: 6369.933: Total time for which application threads were stopped: 0.0010024 seconds, Stopping threads took: 0.0001598 seconds
2016-11-15T07:16:16.742+0100: 6373.934: Total time for which application threads were stopped: 0.0009976 seconds, Stopping threads took: 0.0001570 seconds
2016-11-15T07:16:19.743+0100: 6376.935: Total time for which application threads were stopped: 0.0009631 seconds, Stopping threads took: 0.0001617 seconds
2016-11-15T07:16:26.744+0100: 6383.937: Total time for which application threads were stopped: 0.0010032 seconds, Stopping threads took: 0.0001539 seconds
2016-11-15T07:16:38.746+0100: 6395.939: Total time for which application threads were stopped: 0.0010106 seconds, Stopping threads took: 0.0001623 seconds
2016-11-15T07:16:52.748+0100: 6409.941: Total time for which application threads were stopped: 0.0009886 seconds, Stopping threads took: 0.0001518 seconds
2016-11-15T07:16:58.750+0100: 6415.942: Total time for which application threads were stopped: 0.0010945 seconds, Stopping threads took: 0.0001662 seconds
2016-11-15T07:16:59.751+0100: 6416.943: Total time for which application threads were stopped: 0.0010143 seconds, Stopping threads took: 0.0001615 seconds
2016-11-15T07:17:00.752+0100: 6417.944: Total time for which application threads were stopped: 0.0010551 seconds, Stopping threads took: 0.0001663 seconds
2016-11-15T07:17:03.753+0100: 6420.946: Total time for which application threads were stopped: 0.0010135 seconds, Stopping threads took: 0.0001767 seconds
2016-11-15T07:17:04.754+0100: 6421.947: Total time for which application threads were stopped: 0.0008655 seconds, Stopping threads took: 0.0001370 seconds
2016-11-15T07:17:06.755+0100: 6423.948: Total time for which application threads were stopped: 0.0010024 seconds, Stopping threads took: 0.0001574 seconds
2016-11-15T07:17:09.757+0100: 6426.949: Total time for which application threads were stopped: 0.0009964 seconds, Stopping threads took: 0.0001544 seconds
2016-11-15T07:17:13.091+0100: 6430.283: Total time for which application threads were stopped: 0.0036321 seconds, Stopping threads took: 0.0002358 seconds
2016-11-15T07:17:14.092+0100: 6431.285: Total time for which application threads were stopped: 0.0012297 seconds, Stopping threads took: 0.0001979 seconds
2016-11-15T07:17:31.094+0100: 6448.287: Total time for which application threads were stopped: 0.0010598 seconds, Stopping threads took: 0.0001912 seconds
2016-11-15T07:17:36.313+0100: 6453.506: Total time for which application threads were stopped: 0.0010945 seconds, Stopping threads took: 0.0001771 seconds
2016-11-15T07:17:36.314+0100: 6453.507: Total time for which application threads were stopped: 0.0004540 seconds, Stopping threads took: 0.0000810 seconds
2016-11-15T07:17:36.315+0100: 6453.507: Total time for which application threads were stopped: 0.0004757 seconds, Stopping threads took: 0.0001028 seconds
2016-11-15T07:17:36.315+0100: 6453.508: Total time for which application threads were stopped: 0.0003916 seconds, Stopping threads took: 0.0000334 seconds
2016-11-15T07:17:36.316+0100: 6453.508: Total time for which application threads were stopped: 0.0003991 seconds, Stopping threads took: 0.0000329 seconds
2016-11-15T07:17:36.316+0100: 6453.509: Total time for which application threads were stopped: 0.0003957 seconds, Stopping threads took: 0.0000290 seconds
2016-11-15T07:17:37.317+0100: 6454.510: Total time for which application threads were stopped: 0.0010236 seconds, Stopping threads took: 0.0001712 seconds
2016-11-15T07:17:37.765+0100: 6454.957: Total time for which application threads were stopped: 0.0010538 seconds, Stopping threads took: 0.0001659 seconds
2016-11-15T07:17:37.765+0100: 6454.958: Total time for which application threads were stopped: 0.0004043 seconds, Stopping threads took: 0.0000382 seconds
2016-11-15T07:17:37.768+0100: 6454.961: Total time for which application threads were stopped: 0.0005763 seconds, Stopping threads took: 0.0001217 seconds
2016-11-15T07:17:42.770+0100: 6459.962: Total time for which application threads were stopped: 0.0011621 seconds, Stopping threads took: 0.0001667 seconds
2016-11-15T07:17:47.771+0100: 6464.963: Total time for which application threads were stopped: 0.0010220 seconds, Stopping threads took: 0.0001719 seconds
2016-11-15T07:18:07.774+0100: 6484.966: Total time for which application threads were stopped: 0.0011869 seconds, Stopping threads took: 0.0002092 seconds
2016-11-15T07:18:17.775+0100: 6494.968: Total time for which application threads were stopped: 0.0010129 seconds, Stopping threads took: 0.0001721 seconds
2016-11-15T07:18:18.192+0100: 6495.385: Total time for which application threads were stopped: 0.0036705 seconds, Stopping threads took: 0.0001084 seconds
2016-11-15T07:18:25.194+0100: 6502.387: Total time for which application threads were stopped: 0.0012940 seconds, Stopping threads took: 0.0002421 seconds
2016-11-15T07:18:25.308+0100: 6502.500: Total time for which application threads were stopped: 0.0008888 seconds, Stopping threads took: 0.0001224 seconds
2016-11-15T07:18:25.360+0100: 6502.552: Total time for which application threads were stopped: 0.0007049 seconds, Stopping threads took: 0.0001003 seconds
2016-11-15T07:18:25.415+0100: 6502.607: Total time for which application threads were stopped: 0.0005989 seconds, Stopping threads took: 0.0001073 seconds
2016-11-15T07:18:25.416+0100: 6502.608: Total time for which application threads were stopped: 0.0004533 seconds, Stopping threads took: 0.0000716 seconds
2016-11-15T07:18:25.416+0100: 6502.609: Total time for which application threads were stopped: 0.0004297 seconds, Stopping threads took: 0.0000359 seconds
2016-11-15T07:18:25.434+0100: 6502.626: Total time for which application threads were stopped: 0.0005643 seconds, Stopping threads took: 0.0000726 seconds
2016-11-15T07:18:40.933+0100: 6518.125: Total time for which application threads were stopped: 0.0013903 seconds, Stopping threads took: 0.0002118 seconds
2016-11-15T07:18:40.934+0100: 6518.126: Total time for which application threads were stopped: 0.0005919 seconds, Stopping threads took: 0.0000913 seconds
2016-11-15T07:18:41.864+0100: 6519.057: Total time for which application threads were stopped: 0.0040281 seconds, Stopping threads took: 0.0001879 seconds
2016-11-15T07:18:42.865+0100: 6520.058: Total time for which application threads were stopped: 0.0009976 seconds, Stopping threads took: 0.0001628 seconds
2016-11-15T07:18:45.867+0100: 6523.059: Total time for which application threads were stopped: 0.0010807 seconds, Stopping threads took: 0.0001545 seconds
2016-11-15T07:18:46.141+0100: 6523.333: Total time for which application threads were stopped: 0.0012223 seconds, Stopping threads took: 0.0001870 seconds
2016-11-15T07:18:47.142+0100: 6524.334: Total time for which application threads were stopped: 0.0010118 seconds, Stopping threads took: 0.0001724 seconds
2016-11-15T07:18:48.143+0100: 6525.336: Total time for which application threads were stopped: 0.0010912 seconds, Stopping threads took: 0.0001635 seconds
2016-11-15T07:18:49.144+0100: 6526.337: Total time for which application threads were stopped: 0.0010170 seconds, Stopping threads took: 0.0001503 seconds
2016-11-15T07:18:56.146+0100: 6533.338: Total time for which application threads were stopped: 0.0010550 seconds, Stopping threads took: 0.0001596 seconds
2016-11-15T07:18:57.902+0100: 6535.095: Total time for which application threads were stopped: 0.0011445 seconds, Stopping threads took: 0.0001823 seconds
2016-11-15T07:18:57.935+0100: 6535.127: Total time for which application threads were stopped: 0.0029041 seconds, Stopping threads took: 0.0000501 seconds
2016-11-15T07:18:58.063+0100: 6535.256: Total time for which application threads were stopped: 0.0008379 seconds, Stopping threads took: 0.0000963 seconds
2016-11-15T07:18:59.064+0100: 6536.257: Total time for which application threads were stopped: 0.0010330 seconds, Stopping threads took: 0.0001737 seconds
2016-11-15T07:19:00.065+0100: 6537.258: Total time for which application threads were stopped: 0.0009635 seconds, Stopping threads took: 0.0001587 seconds
2016-11-15T07:19:03.067+0100: 6540.259: Total time for which application threads were stopped: 0.0011334 seconds, Stopping threads took: 0.0001701 seconds
2016-11-15T07:19:03.880+0100: 6541.073: Total time for which application threads were stopped: 0.0034865 seconds, Stopping threads took: 0.0001604 seconds
2016-11-15T07:19:05.882+0100: 6543.074: Total time for which application threads were stopped: 0.0011000 seconds, Stopping threads took: 0.0001527 seconds
2016-11-15T07:19:07.883+0100: 6545.075: Total time for which application threads were stopped: 0.0009968 seconds, Stopping threads took: 0.0001629 seconds
2016-11-15T07:19:16.884+0100: 6554.077: Total time for which application threads were stopped: 0.0010150 seconds, Stopping threads took: 0.0001732 seconds
2016-11-15T07:19:22.886+0100: 6560.078: Total time for which application threads were stopped: 0.0010059 seconds, Stopping threads took: 0.0001704 seconds
2016-11-15T07:19:35.888+0100: 6573.080: Total time for which application threads were stopped: 0.0010265 seconds, Stopping threads took: 0.0001706 seconds
2016-11-15T07:19:50.210+0100: 6587.403: Total time for which application threads were stopped: 0.0010622 seconds, Stopping threads took: 0.0001764 seconds
2016-11-15T07:19:50.211+0100: 6587.404: Total time for which application threads were stopped: 0.0003894 seconds, Stopping threads took: 0.0000327 seconds
2016-11-15T07:19:50.212+0100: 6587.404: Total time for which application threads were stopped: 0.0003933 seconds, Stopping threads took: 0.0000266 seconds
2016-11-15T07:19:50.306+0100: 6587.498: Total time for which application threads were stopped: 0.0005426 seconds, Stopping threads took: 0.0000573 seconds
2016-11-15T07:19:53.302+0100: 6590.495: Total time for which application threads were stopped: 0.0010093 seconds, Stopping threads took: 0.0001670 seconds
2016-11-15T07:19:53.304+0100: 6590.496: Total time for which application threads were stopped: 0.0004505 seconds, Stopping threads took: 0.0000464 seconds
2016-11-15T07:19:53.304+0100: 6590.497: Total time for which application threads were stopped: 0.0003793 seconds, Stopping threads took: 0.0000264 seconds
2016-11-15T07:19:53.338+0100: 6590.530: Total time for which application threads were stopped: 0.0005076 seconds, Stopping threads took: 0.0000601 seconds
2016-11-15T07:19:56.339+0100: 6593.532: Total time for which application threads were stopped: 0.0011591 seconds, Stopping threads took: 0.0002244 seconds
2016-11-15T07:20:00.341+0100: 6597.533: Total time for which application threads were stopped: 0.0010741 seconds, Stopping threads took: 0.0001668 seconds
2016-11-15T07:20:02.342+0100: 6599.534: Total time for which application threads were stopped: 0.0010961 seconds, Stopping threads took: 0.0001651 seconds
2016-11-15T07:20:04.343+0100: 6601.536: Total time for which application threads were stopped: 0.0011241 seconds, Stopping threads took: 0.0001595 seconds
2016-11-15T07:20:05.344+0100: 6602.537: Total time for which application threads were stopped: 0.0010472 seconds, Stopping threads took: 0.0001595 seconds
2016-11-15T07:20:06.068+0100: 6603.260: Total time for which application threads were stopped: 0.0010351 seconds, Stopping threads took: 0.0001785 seconds
2016-11-15T07:20:06.068+0100: 6603.261: Total time for which application threads were stopped: 0.0003909 seconds, Stopping threads took: 0.0000354 seconds
2016-11-15T07:20:06.069+0100: 6603.261: Total time for which application threads were stopped: 0.0003850 seconds, Stopping threads took: 0.0000285 seconds
2016-11-15T07:20:06.198+0100: 6603.391: Total time for which application threads were stopped: 0.0007365 seconds, Stopping threads took: 0.0000983 seconds
2016-11-15T07:20:11.091+0100: 6608.283: Total time for which application threads were stopped: 0.0011437 seconds, Stopping threads took: 0.0001811 seconds
2016-11-15T07:20:11.141+0100: 6608.334: Total time for which application threads were stopped: 0.0006010 seconds, Stopping threads took: 0.0000741 seconds
2016-11-15T07:20:11.146+0100: 6608.338: Total time for which application threads were stopped: 0.0004793 seconds, Stopping threads took: 0.0000492 seconds
2016-11-15T07:20:11.146+0100: 6608.338: Total time for which application threads were stopped: 0.0003843 seconds, Stopping threads took: 0.0000327 seconds
2016-11-15T07:20:11.146+0100: 6608.339: Total time for which application threads were stopped: 0.0003922 seconds, Stopping threads took: 0.0000299 seconds
2016-11-15T07:20:11.184+0100: 6608.377: Total time for which application threads were stopped: 0.0004789 seconds, Stopping threads took: 0.0000637 seconds
2016-11-15T07:20:11.185+0100: 6608.378: Total time for which application threads were stopped: 0.0003848 seconds, Stopping threads took: 0.0000316 seconds
2016-11-15T07:20:11.186+0100: 6608.378: Total time for which application threads were stopped: 0.0003926 seconds, Stopping threads took: 0.0000291 seconds
2016-11-15T07:20:11.210+0100: 6608.403: Total time for which application threads were stopped: 0.0004753 seconds, Stopping threads took: 0.0000533 seconds
2016-11-15T07:20:11.213+0100: 6608.405: Total time for which application threads were stopped: 0.0004654 seconds, Stopping threads took: 0.0000431 seconds
2016-11-15T07:20:11.214+0100: 6608.406: Total time for which application threads were stopped: 0.0003997 seconds, Stopping threads took: 0.0000277 seconds
2016-11-15T07:20:13.153+0100: 6610.346: Total time for which application threads were stopped: 0.0010185 seconds, Stopping threads took: 0.0001689 seconds
2016-11-15T07:20:13.154+0100: 6610.346: Total time for which application threads were stopped: 0.0003953 seconds, Stopping threads took: 0.0000338 seconds
2016-11-15T07:20:13.154+0100: 6610.347: Total time for which application threads were stopped: 0.0003955 seconds, Stopping threads took: 0.0000281 seconds
2016-11-15T07:20:13.248+0100: 6610.440: Total time for which application threads were stopped: 0.0005819 seconds, Stopping threads took: 0.0000692 seconds
2016-11-15T07:20:13.961+0100: 6611.153: Total time for which application threads were stopped: 0.0010606 seconds, Stopping threads took: 0.0001734 seconds
2016-11-15T07:20:13.961+0100: 6611.154: Total time for which application threads were stopped: 0.0004478 seconds, Stopping threads took: 0.0000716 seconds
2016-11-15T07:20:13.962+0100: 6611.154: Total time for which application threads were stopped: 0.0004278 seconds, Stopping threads took: 0.0000410 seconds
2016-11-15T07:20:13.996+0100: 6611.189: Total time for which application threads were stopped: 0.0005535 seconds, Stopping threads took: 0.0000759 seconds
2016-11-15T07:20:13.997+0100: 6611.190: Total time for which application threads were stopped: 0.0003996 seconds, Stopping threads took: 0.0000368 seconds
2016-11-15T07:20:13.998+0100: 6611.190: Total time for which application threads were stopped: 0.0004128 seconds, Stopping threads took: 0.0000337 seconds
2016-11-15T07:20:14.016+0100: 6611.208: Total time for which application threads were stopped: 0.0008118 seconds, Stopping threads took: 0.0001188 seconds
2016-11-15T07:20:16.250+0100: 6613.442: Total time for which application threads were stopped: 0.0010623 seconds, Stopping threads took: 0.0001795 seconds
2016-11-15T07:20:16.251+0100: 6613.444: Total time for which application threads were stopped: 0.0004525 seconds, Stopping threads took: 0.0000464 seconds
2016-11-15T07:20:16.252+0100: 6613.444: Total time for which application threads were stopped: 0.0003837 seconds, Stopping threads took: 0.0000296 seconds
2016-11-15T07:20:16.287+0100: 6613.479: Total time for which application threads were stopped: 0.0005107 seconds, Stopping threads took: 0.0000529 seconds
2016-11-15T07:20:17.050+0100: 6614.242: Total time for which application threads were stopped: 0.0009374 seconds, Stopping threads took: 0.0001326 seconds
2016-11-15T07:20:17.051+0100: 6614.243: Total time for which application threads were stopped: 0.0004127 seconds, Stopping threads took: 0.0000336 seconds
2016-11-15T07:20:17.051+0100: 6614.244: Total time for which application threads were stopped: 0.0003822 seconds, Stopping threads took: 0.0000268 seconds
2016-11-15T07:20:17.136+0100: 6614.328: Total time for which application threads were stopped: 0.0006123 seconds, Stopping threads took: 0.0000723 seconds
2016-11-15T07:20:19.137+0100: 6616.330: Total time for which application threads were stopped: 0.0010504 seconds, Stopping threads took: 0.0001841 seconds
2016-11-15T07:20:30.139+0100: 6627.332: Total time for which application threads were stopped: 0.0011537 seconds, Stopping threads took: 0.0001795 seconds
2016-11-15T07:20:31.140+0100: 6628.333: Total time for which application threads were stopped: 0.0011226 seconds, Stopping threads took: 0.0001693 seconds
2016-11-15T07:20:32.142+0100: 6629.334: Total time for which application threads were stopped: 0.0012031 seconds, Stopping threads took: 0.0001763 seconds
2016-11-15T07:20:53.144+0100: 6650.337: Total time for which application threads were stopped: 0.0010335 seconds, Stopping threads took: 0.0001738 seconds
2016-11-15T07:20:53.270+0100: 6650.463: Total time for which application threads were stopped: 0.0005599 seconds, Stopping threads took: 0.0000626 seconds
2016-11-15T07:20:53.273+0100: 6650.466: Total time for which application threads were stopped: 0.0025777 seconds, Stopping threads took: 0.0000336 seconds
2016-11-15T07:20:53.274+0100: 6650.466: Total time for which application threads were stopped: 0.0006170 seconds, Stopping threads took: 0.0000680 seconds
2016-11-15T07:20:53.315+0100: 6650.507: Total time for which application threads were stopped: 0.0005068 seconds, Stopping threads took: 0.0000562 seconds
2016-11-15T07:20:53.400+0100: 6650.593: Total time for which application threads were stopped: 0.0005704 seconds, Stopping threads took: 0.0000581 seconds
2016-11-15T07:21:07.402+0100: 6664.595: Total time for which application threads were stopped: 0.0010168 seconds, Stopping threads took: 0.0001678 seconds
2016-11-15T07:21:15.404+0100: 6672.596: Total time for which application threads were stopped: 0.0011341 seconds, Stopping threads took: 0.0001588 seconds
2016-11-15T07:21:21.406+0100: 6678.598: Total time for which application threads were stopped: 0.0010866 seconds, Stopping threads took: 0.0001693 seconds
2016-11-15T07:21:28.407+0100: 6685.599: Total time for which application threads were stopped: 0.0010183 seconds, Stopping threads took: 0.0001616 seconds
2016-11-15T07:22:00.410+0100: 6717.603: Total time for which application threads were stopped: 0.0011576 seconds, Stopping threads took: 0.0001657 seconds
2016-11-15T07:22:00.562+0100: 6717.755: [GC pause (G1 Evacuation Pause) (young)
Desired survivor size 80740352 bytes, new threshold 15 (max 15)
- age   1:   16745168 bytes,   16745168 total
- age   2:   13799296 bytes,   30544464 total
2016-11-15T07:22:00.624+0100: 6717.816: [SoftReference, 24 refs, 0.0046573 secs]2016-11-15T07:22:00.629+0100: 6717.821: [WeakReference, 1031 refs, 0.0026548 secs]2016-11-15T07:22:00.631+0100: 6717.824: [FinalReference, 4024 refs, 0.0046391 secs]2016-11-15T07:22:00.636+0100: 6717.828: [PhantomReference, 0 refs, 3 refs, 0.0051544 secs]2016-11-15T07:22:00.641+0100: 6717.834: [JNI Weak Reference, 0.0000529 secs], 0.0962375 secs]
   [Parallel Time: 56.3 ms, GC Workers: 43]
      [GC Worker Start (ms): Min: 6717755.4, Avg: 6717755.9, Max: 6717756.4, Diff: 1.0]
      [Ext Root Scanning (ms): Min: 1.2, Avg: 2.3, Max: 17.6, Diff: 16.5, Sum: 98.3]
      [Update RS (ms): Min: 0.0, Avg: 2.2, Max: 3.5, Diff: 3.5, Sum: 96.5]
         [Processed Buffers: Min: 0, Avg: 2.8, Max: 11, Diff: 11, Sum: 120]
      [Scan RS (ms): Min: 0.1, Avg: 0.7, Max: 1.7, Diff: 1.6, Sum: 28.0]
      [Code Root Scanning (ms): Min: 0.0, Avg: 1.1, Max: 2.7, Diff: 2.7, Sum: 45.4]
      [Object Copy (ms): Min: 35.4, Avg: 45.4, Max: 47.0, Diff: 11.5, Sum: 1953.3]
      [Termination (ms): Min: 0.0, Avg: 1.2, Max: 1.5, Diff: 1.5, Sum: 50.1]
         [Termination Attempts: Min: 1, Avg: 258.3, Max: 327, Diff: 326, Sum: 11105]
      [GC Worker Other (ms): Min: 0.1, Avg: 0.9, Max: 1.5, Diff: 1.4, Sum: 40.8]
      [GC Worker Total (ms): Min: 52.5, Avg: 53.8, Max: 54.8, Diff: 2.3, Sum: 2312.5]
      [GC Worker End (ms): Min: 6717808.8, Avg: 6717809.7, Max: 6717810.2, Diff: 1.4]
   [Code Root Fixup: 2.9 ms]
   [Code Root Purge: 0.2 ms]
   [String Dedup Fixup: 1.7 ms, GC Workers: 43]
      [Queue Fixup (ms): Min: 0.0, Avg: 0.0, Max: 0.1, Diff: 0.1, Sum: 0.7]
      [Table Fixup (ms): Min: 0.8, Avg: 1.2, Max: 1.5, Diff: 0.7, Sum: 49.6]
   [Clear CT: 6.3 ms]
   [Other: 28.7 ms]
      [Choose CSet: 0.0 ms]
      [Ref Proc: 19.1 ms]
      [Ref Enq: 1.1 ms]
      [Redirty Cards: 1.2 ms]
      [Humongous Register: 0.2 ms]
      [Humongous Reclaim: 0.0 ms]
      [Free CSet: 6.2 ms]
   [Eden: 1163.0M(1163.0M)->0.0B(1151.0M) Survivors: 65.0M->77.0M Heap: 1624.0M(2048.0M)->473.0M(2048.0M)]
 [Times: user=2.53 sys=0.16, real=0.09 secs] 
2016-11-15T07:22:00.659+0100: 6717.851: Total time for which application threads were stopped: 0.0979240 seconds, Stopping threads took: 0.0001471 seconds
2016-11-15T07:22:00.662+0100: 6717.855: Total time for which application threads were stopped: 0.0011159 seconds, Stopping threads took: 0.0000733 seconds
2016-11-15T07:22:00.663+0100: 6717.855: Total time for which application threads were stopped: 0.0005562 seconds, Stopping threads took: 0.0000409 seconds
2016-11-15T07:22:00.665+0100: 6717.857: Total time for which application threads were stopped: 0.0011326 seconds, Stopping threads took: 0.0001872 seconds
2016-11-15T07:22:00.666+0100: 6717.859: Total time for which application threads were stopped: 0.0008491 seconds, Stopping threads took: 0.0001974 seconds
2016-11-15T07:22:00.667+0100: 6717.860: Total time for which application threads were stopped: 0.0005486 seconds, Stopping threads took: 0.0001170 seconds
2016-11-15T07:22:00.668+0100: 6717.860: Total time for which application threads were stopped: 0.0005793 seconds, Stopping threads took: 0.0001508 seconds
2016-11-15T07:22:00.669+0100: 6717.861: Total time for which application threads were stopped: 0.0005882 seconds, Stopping threads took: 0.0001405 seconds
2016-11-15T07:22:00.669+0100: 6717.862: Total time for which application threads were stopped: 0.0005600 seconds, Stopping threads took: 0.0001312 seconds
2016-11-15T07:22:00.670+0100: 6717.863: Total time for which application threads were stopped: 0.0005875 seconds, Stopping threads took: 0.0001707 seconds
2016-11-15T07:22:00.671+0100: 6717.863: Total time for which application threads were stopped: 0.0005520 seconds, Stopping threads took: 0.0001247 seconds
2016-11-15T07:22:00.671+0100: 6717.864: Total time for which application threads were stopped: 0.0005464 seconds, Stopping threads took: 0.0001050 seconds
2016-11-15T07:22:00.672+0100: 6717.865: Total time for which application threads were stopped: 0.0007092 seconds, Stopping threads took: 0.0002844 seconds
2016-11-15T07:22:00.673+0100: 6717.865: Total time for which application threads were stopped: 0.0005181 seconds, Stopping threads took: 0.0000738 seconds
2016-11-15T07:22:00.674+0100: 6717.866: Total time for which application threads were stopped: 0.0004856 seconds, Stopping threads took: 0.0000648 seconds
2016-11-15T07:22:00.674+0100: 6717.867: Total time for which application threads were stopped: 0.0004704 seconds, Stopping threads took: 0.0000556 seconds
2016-11-15T07:22:00.675+0100: 6717.868: Total time for which application threads were stopped: 0.0005476 seconds, Stopping threads took: 0.0000819 seconds
2016-11-15T07:22:00.676+0100: 6717.868: Total time for which application threads were stopped: 0.0005828 seconds, Stopping threads took: 0.0001458 seconds
2016-11-15T07:22:00.677+0100: 6717.869: Total time for which application threads were stopped: 0.0005567 seconds, Stopping threads took: 0.0001080 seconds
2016-11-15T07:22:00.692+0100: 6717.885: [GC concurrent-string-deduplication, 1676.6K->679.9K(996.6K), avg 51.7%, 0.0208932 secs]
2016-11-15T07:22:01.678+0100: 6718.870: Total time for which application threads were stopped: 0.0009126 seconds, Stopping threads took: 0.0001522 seconds
2016-11-15T07:22:12.680+0100: 6729.872: Total time for which application threads were stopped: 0.0009023 seconds, Stopping threads took: 0.0001539 seconds
2016-11-15T07:22:21.871+0100: 6739.064: Total time for which application threads were stopped: 0.0033743 seconds, Stopping threads took: 0.0004282 seconds
2016-11-15T07:22:31.302+0100: 6748.494: Total time for which application threads were stopped: 0.0028989 seconds, Stopping threads took: 0.0001521 seconds
2016-11-15T07:22:31.302+0100: 6748.495: Total time for which application threads were stopped: 0.0005125 seconds, Stopping threads took: 0.0000390 seconds
2016-11-15T07:22:31.304+0100: 6748.497: Total time for which application threads were stopped: 0.0018820 seconds, Stopping threads took: 0.0000303 seconds
2016-11-15T07:22:31.375+0100: 6748.568: Total time for which application threads were stopped: 0.0006454 seconds, Stopping threads took: 0.0000614 seconds
2016-11-15T07:22:31.376+0100: 6748.568: Total time for which application threads were stopped: 0.0003862 seconds, Stopping threads took: 0.0000273 seconds
2016-11-15T07:22:31.848+0100: 6749.041: Total time for which application threads were stopped: 0.0009673 seconds, Stopping threads took: 0.0001445 seconds
2016-11-15T07:22:32.145+0100: 6749.338: Total time for which application threads were stopped: 0.0009366 seconds, Stopping threads took: 0.0001425 seconds
2016-11-15T07:22:32.146+0100: 6749.339: Total time for which application threads were stopped: 0.0003914 seconds, Stopping threads took: 0.0000360 seconds
2016-11-15T07:22:32.147+0100: 6749.339: Total time for which application threads were stopped: 0.0003893 seconds, Stopping threads took: 0.0000273 seconds
2016-11-15T07:22:32.357+0100: 6749.550: Total time for which application threads were stopped: 0.0006508 seconds, Stopping threads took: 0.0000756 seconds
2016-11-15T07:22:56.143+0100: 6773.335: Total time for which application threads were stopped: 0.0009738 seconds, Stopping threads took: 0.0001659 seconds
2016-11-15T07:22:56.144+0100: 6773.336: Total time for which application threads were stopped: 0.0005477 seconds, Stopping threads took: 0.0001545 seconds
2016-11-15T07:22:56.144+0100: 6773.337: Total time for which application threads were stopped: 0.0004608 seconds, Stopping threads took: 0.0000946 seconds
2016-11-15T07:22:56.145+0100: 6773.337: Total time for which application threads were stopped: 0.0004018 seconds, Stopping threads took: 0.0000332 seconds
2016-11-15T07:22:56.145+0100: 6773.338: Total time for which application threads were stopped: 0.0003875 seconds, Stopping threads took: 0.0000275 seconds
2016-11-15T07:22:56.988+0100: 6774.180: Total time for which application threads were stopped: 0.0030491 seconds, Stopping threads took: 0.0001879 seconds
2016-11-15T07:23:04.540+0100: 6781.733: Total time for which application threads were stopped: 0.0009281 seconds, Stopping threads took: 0.0001536 seconds
2016-11-15T07:23:04.541+0100: 6781.734: Total time for which application threads were stopped: 0.0004575 seconds, Stopping threads took: 0.0000460 seconds
2016-11-15T07:23:04.542+0100: 6781.734: Total time for which application threads were stopped: 0.0003826 seconds, Stopping threads took: 0.0000301 seconds
2016-11-15T07:23:04.605+0100: 6781.797: Total time for which application threads were stopped: 0.0009312 seconds, Stopping threads took: 0.0001462 seconds
2016-11-15T07:23:06.359+0100: 6783.551: Total time for which application threads were stopped: 0.0008916 seconds, Stopping threads took: 0.0001427 seconds
2016-11-15T07:23:06.360+0100: 6783.552: Total time for which application threads were stopped: 0.0004440 seconds, Stopping threads took: 0.0000459 seconds
2016-11-15T07:23:06.360+0100: 6783.553: Total time for which application threads were stopped: 0.0003781 seconds, Stopping threads took: 0.0000262 seconds
2016-11-15T07:23:06.875+0100: 6784.068: Total time for which application threads were stopped: 0.0009069 seconds, Stopping threads took: 0.0001411 seconds
2016-11-15T07:23:12.540+0100: 6789.732: Total time for which application threads were stopped: 0.0009370 seconds, Stopping threads took: 0.0001460 seconds
2016-11-15T07:23:12.541+0100: 6789.733: Total time for which application threads were stopped: 0.0003968 seconds, Stopping threads took: 0.0000319 seconds
2016-11-15T07:23:12.541+0100: 6789.734: Total time for which application threads were stopped: 0.0003807 seconds, Stopping threads took: 0.0000273 seconds
2016-11-15T07:23:12.664+0100: 6789.856: Total time for which application threads were stopped: 0.0005455 seconds, Stopping threads took: 0.0000601 seconds
2016-11-15T07:23:21.380+0100: 6798.573: Total time for which application threads were stopped: 0.0009166 seconds, Stopping threads took: 0.0001521 seconds
2016-11-15T07:23:21.381+0100: 6798.574: Total time for which application threads were stopped: 0.0003934 seconds, Stopping threads took: 0.0000323 seconds
2016-11-15T07:23:21.382+0100: 6798.574: Total time for which application threads were stopped: 0.0004180 seconds, Stopping threads took: 0.0000304 seconds
2016-11-15T07:23:21.427+0100: 6798.620: Total time for which application threads were stopped: 0.0005727 seconds, Stopping threads took: 0.0000655 seconds
2016-11-15T07:23:22.428+0100: 6799.621: Total time for which application threads were stopped: 0.0008761 seconds, Stopping threads took: 0.0001334 seconds
2016-11-15T07:23:24.429+0100: 6801.622: Total time for which application threads were stopped: 0.0008777 seconds, Stopping threads took: 0.0001482 seconds
2016-11-15T07:23:29.147+0100: 6806.339: Total time for which application threads were stopped: 0.0010151 seconds, Stopping threads took: 0.0001566 seconds
2016-11-15T07:23:29.159+0100: 6806.351: Total time for which application threads were stopped: 0.0033665 seconds, Stopping threads took: 0.0000780 seconds
2016-11-15T07:23:29.182+0100: 6806.374: Total time for which application threads were stopped: 0.0009101 seconds, Stopping threads took: 0.0001700 seconds
2016-11-15T07:23:29.521+0100: 6806.713: Total time for which application threads were stopped: 0.0031906 seconds, Stopping threads took: 0.0000877 seconds
2016-11-15T07:23:29.740+0100: 6806.932: Total time for which application threads were stopped: 0.0032842 seconds, Stopping threads took: 0.0001359 seconds
2016-11-15T07:23:29.750+0100: 6806.942: Total time for which application threads were stopped: 0.0028478 seconds, Stopping threads took: 0.0001005 seconds
2016-11-15T07:23:29.755+0100: 6806.947: Total time for which application threads were stopped: 0.0015915 seconds, Stopping threads took: 0.0000533 seconds
2016-11-15T07:23:29.758+0100: 6806.950: Total time for which application threads were stopped: 0.0015392 seconds, Stopping threads took: 0.0000544 seconds
2016-11-15T07:23:29.765+0100: 6806.958: Total time for which application threads were stopped: 0.0016409 seconds, Stopping threads took: 0.0000535 seconds
2016-11-15T07:23:29.768+0100: 6806.961: Total time for which application threads were stopped: 0.0006249 seconds, Stopping threads took: 0.0001363 seconds
2016-11-15T07:23:29.772+0100: 6806.965: Total time for which application threads were stopped: 0.0005275 seconds, Stopping threads took: 0.0001082 seconds
2016-11-15T07:23:29.791+0100: 6806.983: Total time for which application threads were stopped: 0.0007964 seconds, Stopping threads took: 0.0001804 seconds
2016-11-15T07:23:29.792+0100: 6806.984: Total time for which application threads were stopped: 0.0004297 seconds, Stopping threads took: 0.0000717 seconds
2016-11-15T07:23:29.792+0100: 6806.984: Total time for which application threads were stopped: 0.0004368 seconds, Stopping threads took: 0.0000757 seconds
2016-11-15T07:23:29.792+0100: 6806.985: Total time for which application threads were stopped: 0.0004243 seconds, Stopping threads took: 0.0000530 seconds
2016-11-15T07:23:29.794+0100: 6806.986: Total time for which application threads were stopped: 0.0005015 seconds, Stopping threads took: 0.0000888 seconds
2016-11-15T07:23:29.795+0100: 6806.988: Total time for which application threads were stopped: 0.0004927 seconds, Stopping threads took: 0.0000527 seconds
2016-11-15T07:23:29.877+0100: 6807.069: Total time for which application threads were stopped: 0.0009523 seconds, Stopping threads took: 0.0001303 seconds
2016-11-15T07:23:29.881+0100: 6807.074: Total time for which application threads were stopped: 0.0031419 seconds, Stopping threads took: 0.0000476 seconds
2016-11-15T07:23:29.981+0100: 6807.173: Total time for which application threads were stopped: 0.0026995 seconds, Stopping threads took: 0.0000956 seconds
2016-11-15T07:23:29.989+0100: 6807.181: Total time for which application threads were stopped: 0.0007301 seconds, Stopping threads took: 0.0001188 seconds
2016-11-15T07:23:29.990+0100: 6807.182: Total time for which application threads were stopped: 0.0004804 seconds, Stopping threads took: 0.0000472 seconds
2016-11-15T07:23:30.384+0100: 6807.577: Total time for which application threads were stopped: 0.0037126 seconds, Stopping threads took: 0.0001312 seconds
2016-11-15T07:23:30.395+0100: 6807.587: Total time for which application threads were stopped: 0.0017467 seconds, Stopping threads took: 0.0000578 seconds
2016-11-15T07:23:31.396+0100: 6808.588: Total time for which application threads were stopped: 0.0008918 seconds, Stopping threads took: 0.0001458 seconds
2016-11-15T07:23:33.397+0100: 6810.589: Total time for which application threads were stopped: 0.0009121 seconds, Stopping threads took: 0.0001508 seconds
2016-11-15T07:23:35.394+0100: 6812.587: Total time for which application threads were stopped: 0.0009252 seconds, Stopping threads took: 0.0001550 seconds
2016-11-15T07:23:35.395+0100: 6812.587: Total time for which application threads were stopped: 0.0003785 seconds, Stopping threads took: 0.0000322 seconds
2016-11-15T07:23:36.396+0100: 6813.588: Total time for which application threads were stopped: 0.0009399 seconds, Stopping threads took: 0.0001515 seconds
2016-11-15T07:23:39.397+0100: 6816.589: Total time for which application threads were stopped: 0.0009080 seconds, Stopping threads took: 0.0001506 seconds
2016-11-15T07:23:48.398+0100: 6825.591: Total time for which application threads were stopped: 0.0009294 seconds, Stopping threads took: 0.0001513 seconds
2016-11-15T07:23:49.399+0100: 6826.592: Total time for which application threads were stopped: 0.0008975 seconds, Stopping threads took: 0.0001468 seconds
2016-11-15T07:23:50.396+0100: 6827.589: Total time for which application threads were stopped: 0.0009290 seconds, Stopping threads took: 0.0001535 seconds
2016-11-15T07:23:50.397+0100: 6827.590: Total time for which application threads were stopped: 0.0004034 seconds, Stopping threads took: 0.0000336 seconds
2016-11-15T07:23:51.398+0100: 6828.591: Total time for which application threads were stopped: 0.0008906 seconds, Stopping threads took: 0.0001459 seconds
2016-11-15T07:23:52.399+0100: 6829.592: Total time for which application threads were stopped: 0.0008874 seconds, Stopping threads took: 0.0001528 seconds
2016-11-15T07:23:53.400+0100: 6830.592: Total time for which application threads were stopped: 0.0008797 seconds, Stopping threads took: 0.0001398 seconds
2016-11-15T07:23:55.401+0100: 6832.594: Total time for which application threads were stopped: 0.0008748 seconds, Stopping threads took: 0.0001395 seconds
2016-11-15T07:23:58.402+0100: 6835.595: Total time for which application threads were stopped: 0.0010367 seconds, Stopping threads took: 0.0001619 seconds
2016-11-15T07:23:59.492+0100: 6836.684: Total time for which application threads were stopped: 0.0009110 seconds, Stopping threads took: 0.0001580 seconds
2016-11-15T07:23:59.493+0100: 6836.685: Total time for which application threads were stopped: 0.0003999 seconds, Stopping threads took: 0.0000340 seconds
2016-11-15T07:23:59.493+0100: 6836.685: Total time for which application threads were stopped: 0.0003819 seconds, Stopping threads took: 0.0000274 seconds
2016-11-15T07:23:59.608+0100: 6836.800: Total time for which application threads were stopped: 0.0005125 seconds, Stopping threads took: 0.0000615 seconds
2016-11-15T07:24:00.609+0100: 6837.801: Total time for which application threads were stopped: 0.0008997 seconds, Stopping threads took: 0.0001434 seconds
2016-11-15T07:24:03.771+0100: 6840.963: Total time for which application threads were stopped: 0.0009581 seconds, Stopping threads took: 0.0001909 seconds
2016-11-15T07:24:03.772+0100: 6840.965: Total time for which application threads were stopped: 0.0006207 seconds, Stopping threads took: 0.0001555 seconds
2016-11-15T07:24:03.773+0100: 6840.965: Total time for which application threads were stopped: 0.0005058 seconds, Stopping threads took: 0.0001310 seconds
2016-11-15T07:24:03.812+0100: 6841.004: Total time for which application threads were stopped: 0.0006787 seconds, Stopping threads took: 0.0000882 seconds
2016-11-15T07:24:30.460+0100: 6867.653: Total time for which application threads were stopped: 0.0038092 seconds, Stopping threads took: 0.0001531 seconds
2016-11-15T07:24:41.002+0100: 6878.194: Total time for which application threads were stopped: 0.0030191 seconds, Stopping threads took: 0.0001554 seconds
2016-11-15T07:24:50.004+0100: 6887.196: Total time for which application threads were stopped: 0.0008706 seconds, Stopping threads took: 0.0001388 seconds
2016-11-15T07:24:50.381+0100: 6887.573: Total time for which application threads were stopped: 0.0008420 seconds, Stopping threads took: 0.0001299 seconds
2016-11-15T07:24:50.382+0100: 6887.574: Total time for which application threads were stopped: 0.0004282 seconds, Stopping threads took: 0.0000606 seconds
2016-11-15T07:24:50.382+0100: 6887.575: Total time for which application threads were stopped: 0.0004382 seconds, Stopping threads took: 0.0000813 seconds
2016-11-15T07:24:50.823+0100: 6888.016: Total time for which application threads were stopped: 0.0008640 seconds, Stopping threads took: 0.0001305 seconds
2016-11-15T07:24:51.824+0100: 6889.017: Total time for which application threads were stopped: 0.0008640 seconds, Stopping threads took: 0.0001476 seconds
2016-11-15T07:25:08.067+0100: 6905.260: Total time for which application threads were stopped: 0.0009564 seconds, Stopping threads took: 0.0001863 seconds
2016-11-15T07:25:08.068+0100: 6905.261: Total time for which application threads were stopped: 0.0005180 seconds, Stopping threads took: 0.0001064 seconds
2016-11-15T07:25:08.069+0100: 6905.261: Total time for which application threads were stopped: 0.0004453 seconds, Stopping threads took: 0.0000677 seconds
2016-11-15T07:25:08.287+0100: 6905.479: Total time for which application threads were stopped: 0.0007559 seconds, Stopping threads took: 0.0001042 seconds
2016-11-15T07:25:18.288+0100: 6915.481: Total time for which application threads were stopped: 0.0008736 seconds, Stopping threads took: 0.0001449 seconds
2016-11-15T07:25:26.796+0100: 6923.988: Total time for which application threads were stopped: 0.0009463 seconds, Stopping threads took: 0.0001481 seconds
2016-11-15T07:25:26.797+0100: 6923.989: Total time for which application threads were stopped: 0.0005012 seconds, Stopping threads took: 0.0001375 seconds
2016-11-15T07:25:26.797+0100: 6923.989: Total time for which application threads were stopped: 0.0004625 seconds, Stopping threads took: 0.0000782 seconds
2016-11-15T07:25:26.980+0100: 6924.173: Total time for which application threads were stopped: 0.0008574 seconds, Stopping threads took: 0.0001349 seconds
2016-11-15T07:25:27.427+0100: 6924.620: Total time for which application threads were stopped: 0.0010216 seconds, Stopping threads took: 0.0001868 seconds
2016-11-15T07:25:27.457+0100: 6924.650: Total time for which application threads were stopped: 0.0007479 seconds, Stopping threads took: 0.0000848 seconds
2016-11-15T07:25:27.670+0100: 6924.862: Total time for which application threads were stopped: 0.0010327 seconds, Stopping threads took: 0.0001458 seconds
2016-11-15T07:25:27.671+0100: 6924.863: Total time for which application threads were stopped: 0.0004363 seconds, Stopping threads took: 0.0000329 seconds
2016-11-15T07:25:27.671+0100: 6924.864: Total time for which application threads were stopped: 0.0004326 seconds, Stopping threads took: 0.0000340 seconds
2016-11-15T07:25:27.672+0100: 6924.864: Total time for which application threads were stopped: 0.0004303 seconds, Stopping threads took: 0.0000331 seconds
2016-11-15T07:25:27.672+0100: 6924.865: Total time for which application threads were stopped: 0.0004345 seconds, Stopping threads took: 0.0000374 seconds
2016-11-15T07:25:27.674+0100: 6924.867: Total time for which application threads were stopped: 0.0005216 seconds, Stopping threads took: 0.0000520 seconds
2016-11-15T07:25:27.675+0100: 6924.867: Total time for which application threads were stopped: 0.0004195 seconds, Stopping threads took: 0.0000334 seconds
2016-11-15T07:25:27.675+0100: 6924.868: Total time for which application threads were stopped: 0.0004309 seconds, Stopping threads took: 0.0000321 seconds
2016-11-15T07:25:27.676+0100: 6924.868: Total time for which application threads were stopped: 0.0004413 seconds, Stopping threads took: 0.0000397 seconds
2016-11-15T07:25:27.775+0100: 6924.968: Total time for which application threads were stopped: 0.0039290 seconds, Stopping threads took: 0.0001926 seconds
2016-11-15T07:25:28.776+0100: 6925.969: Total time for which application threads were stopped: 0.0009312 seconds, Stopping threads took: 0.0001503 seconds
2016-11-15T07:25:29.777+0100: 6926.970: Total time for which application threads were stopped: 0.0009867 seconds, Stopping threads took: 0.0001405 seconds
2016-11-15T07:25:34.171+0100: 6931.364: Total time for which application threads were stopped: 0.0010696 seconds, Stopping threads took: 0.0002346 seconds
2016-11-15T07:25:34.173+0100: 6931.366: Total time for which application threads were stopped: 0.0006067 seconds, Stopping threads took: 0.0000646 seconds
2016-11-15T07:25:34.174+0100: 6931.367: Total time for which application threads were stopped: 0.0004909 seconds, Stopping threads took: 0.0000566 seconds
2016-11-15T07:25:36.176+0100: 6933.368: Total time for which application threads were stopped: 0.0009927 seconds, Stopping threads took: 0.0001537 seconds
2016-11-15T07:25:37.177+0100: 6934.369: Total time for which application threads were stopped: 0.0009341 seconds, Stopping threads took: 0.0001468 seconds
2016-11-15T07:25:39.178+0100: 6936.370: Total time for which application threads were stopped: 0.0008703 seconds, Stopping threads took: 0.0001461 seconds
2016-11-15T07:25:40.179+0100: 6937.371: Total time for which application threads were stopped: 0.0008856 seconds, Stopping threads took: 0.0001444 seconds
2016-11-15T07:25:41.180+0100: 6938.372: Total time for which application threads were stopped: 0.0009390 seconds, Stopping threads took: 0.0001535 seconds
2016-11-15T07:25:53.417+0100: 6950.610: Total time for which application threads were stopped: 0.0008961 seconds, Stopping threads took: 0.0001481 seconds
2016-11-15T07:25:53.418+0100: 6950.611: Total time for which application threads were stopped: 0.0004244 seconds, Stopping threads took: 0.0000366 seconds
2016-11-15T07:25:53.419+0100: 6950.611: Total time for which application threads were stopped: 0.0003802 seconds, Stopping threads took: 0.0000272 seconds
2016-11-15T07:25:53.461+0100: 6950.654: Total time for which application threads were stopped: 0.0005827 seconds, Stopping threads took: 0.0000685 seconds
2016-11-15T07:26:00.463+0100: 6957.655: Total time for which application threads were stopped: 0.0008990 seconds, Stopping threads took: 0.0001478 seconds
2016-11-15T07:26:32.466+0100: 6989.659: Total time for which application threads were stopped: 0.0009799 seconds, Stopping threads took: 0.0001456 seconds
2016-11-15T07:26:33.467+0100: 6990.660: Total time for which application threads were stopped: 0.0009209 seconds, Stopping threads took: 0.0001425 seconds
2016-11-15T07:26:46.469+0100: 7003.662: Total time for which application threads were stopped: 0.0010202 seconds, Stopping threads took: 0.0001535 seconds
2016-11-15T07:26:50.470+0100: 7007.663: Total time for which application threads were stopped: 0.0009192 seconds, Stopping threads took: 0.0001512 seconds
2016-11-15T07:26:51.471+0100: 7008.664: Total time for which application threads were stopped: 0.0008915 seconds, Stopping threads took: 0.0001468 seconds
2016-11-15T07:26:53.472+0100: 7010.665: Total time for which application threads were stopped: 0.0008740 seconds, Stopping threads took: 0.0001381 seconds
2016-11-15T07:26:55.473+0100: 7012.666: Total time for which application threads were stopped: 0.0008596 seconds, Stopping threads took: 0.0001473 seconds
2016-11-15T07:26:56.410+0100: 7013.602: Total time for which application threads were stopped: 0.0029598 seconds, Stopping threads took: 0.0001401 seconds
2016-11-15T07:27:02.411+0100: 7019.603: Total time for which application threads were stopped: 0.0008999 seconds, Stopping threads took: 0.0001502 seconds
2016-11-15T07:27:06.412+0100: 7023.605: Total time for which application threads were stopped: 0.0009036 seconds, Stopping threads took: 0.0001454 seconds
2016-11-15T07:27:07.413+0100: 7024.606: Total time for which application threads were stopped: 0.0010305 seconds, Stopping threads took: 0.0001513 seconds
2016-11-15T07:27:09.414+0100: 7026.607: Total time for which application threads were stopped: 0.0009310 seconds, Stopping threads took: 0.0001382 seconds
2016-11-15T07:27:21.416+0100: 7038.609: Total time for which application threads were stopped: 0.0010115 seconds, Stopping threads took: 0.0001639 seconds
2016-11-15T07:27:22.417+0100: 7039.610: Total time for which application threads were stopped: 0.0009141 seconds, Stopping threads took: 0.0001370 seconds
2016-11-15T07:27:23.418+0100: 7040.611: Total time for which application threads were stopped: 0.0009731 seconds, Stopping threads took: 0.0001532 seconds
2016-11-15T07:27:25.419+0100: 7042.612: Total time for which application threads were stopped: 0.0008739 seconds, Stopping threads took: 0.0001418 seconds
2016-11-15T07:27:27.421+0100: 7044.613: Total time for which application threads were stopped: 0.0008912 seconds, Stopping threads took: 0.0001403 seconds
2016-11-15T07:27:32.422+0100: 7049.614: Total time for which application threads were stopped: 0.0009819 seconds, Stopping threads took: 0.0001484 seconds
2016-11-15T07:27:33.472+0100: 7050.665: Total time for which application threads were stopped: 0.0009239 seconds, Stopping threads took: 0.0001751 seconds
2016-11-15T07:27:33.473+0100: 7050.666: Total time for which application threads were stopped: 0.0007148 seconds, Stopping threads took: 0.0001229 seconds
2016-11-15T07:27:33.474+0100: 7050.666: Total time for which application threads were stopped: 0.0004814 seconds, Stopping threads took: 0.0001196 seconds
2016-11-15T07:27:33.475+0100: 7050.667: Total time for which application threads were stopped: 0.0004484 seconds, Stopping threads took: 0.0000902 seconds
2016-11-15T07:27:33.475+0100: 7050.668: Total time for which application threads were stopped: 0.0004013 seconds, Stopping threads took: 0.0000429 seconds
2016-11-15T07:27:33.476+0100: 7050.668: Total time for which application threads were stopped: 0.0004068 seconds, Stopping threads took: 0.0000463 seconds
2016-11-15T07:27:33.476+0100: 7050.668: Total time for which application threads were stopped: 0.0003820 seconds, Stopping threads took: 0.0000258 seconds
2016-11-15T07:27:33.772+0100: 7050.964: Total time for which application threads were stopped: 0.0007290 seconds, Stopping threads took: 0.0001330 seconds
2016-11-15T07:27:33.773+0100: 7050.965: Total time for which application threads were stopped: 0.0006121 seconds, Stopping threads took: 0.0001505 seconds
2016-11-15T07:27:33.774+0100: 7050.966: Total time for which application threads were stopped: 0.0004683 seconds, Stopping threads took: 0.0000748 seconds
2016-11-15T07:27:39.438+0100: 7056.631: Total time for which application threads were stopped: 0.0010202 seconds, Stopping threads took: 0.0001489 seconds
2016-11-15T07:27:39.439+0100: 7056.631: Total time for which application threads were stopped: 0.0004288 seconds, Stopping threads took: 0.0000381 seconds
2016-11-15T07:27:39.439+0100: 7056.632: Total time for which application threads were stopped: 0.0004194 seconds, Stopping threads took: 0.0000285 seconds
2016-11-15T07:27:39.588+0100: 7056.780: Total time for which application threads were stopped: 0.0009900 seconds, Stopping threads took: 0.0001300 seconds
2016-11-15T07:27:40.589+0100: 7057.781: Total time for which application threads were stopped: 0.0010434 seconds, Stopping threads took: 0.0001386 seconds
2016-11-15T07:27:41.590+0100: 7058.782: Total time for which application threads were stopped: 0.0009083 seconds, Stopping threads took: 0.0001463 seconds
2016-11-15T07:27:44.591+0100: 7061.784: Total time for which application threads were stopped: 0.0008897 seconds, Stopping threads took: 0.0001526 seconds
2016-11-15T07:27:46.592+0100: 7063.785: Total time for which application threads were stopped: 0.0008652 seconds, Stopping threads took: 0.0001455 seconds
2016-11-15T07:27:47.593+0100: 7064.786: Total time for which application threads were stopped: 0.0009668 seconds, Stopping threads took: 0.0001420 seconds
2016-11-15T07:27:49.594+0100: 7066.787: Total time for which application threads were stopped: 0.0008816 seconds, Stopping threads took: 0.0001461 seconds
2016-11-15T07:27:51.972+0100: 7069.165: Total time for which application threads were stopped: 0.0008852 seconds, Stopping threads took: 0.0001409 seconds
2016-11-15T07:27:51.973+0100: 7069.165: Total time for which application threads were stopped: 0.0003927 seconds, Stopping threads took: 0.0000311 seconds
2016-11-15T07:27:51.973+0100: 7069.166: Total time for which application threads were stopped: 0.0003853 seconds, Stopping threads took: 0.0000289 seconds
2016-11-15T07:27:52.013+0100: 7069.206: Total time for which application threads were stopped: 0.0005319 seconds, Stopping threads took: 0.0000600 seconds
2016-11-15T07:27:53.014+0100: 7070.207: Total time for which application threads were stopped: 0.0008842 seconds, Stopping threads took: 0.0001570 seconds
2016-11-15T07:27:55.015+0100: 7072.208: Total time for which application threads were stopped: 0.0008672 seconds, Stopping threads took: 0.0001365 seconds
2016-11-15T07:27:57.016+0100: 7074.209: Total time for which application threads were stopped: 0.0008896 seconds, Stopping threads took: 0.0001517 seconds
2016-11-15T07:27:58.018+0100: 7075.210: Total time for which application threads were stopped: 0.0010317 seconds, Stopping threads took: 0.0001694 seconds
2016-11-15T07:28:00.019+0100: 7077.211: Total time for which application threads were stopped: 0.0008808 seconds, Stopping threads took: 0.0001512 seconds
2016-11-15T07:28:01.020+0100: 7078.212: Total time for which application threads were stopped: 0.0009643 seconds, Stopping threads took: 0.0001688 seconds
2016-11-15T07:28:01.311+0100: 7078.504: Total time for which application threads were stopped: 0.0010436 seconds, Stopping threads took: 0.0001615 seconds
2016-11-15T07:28:01.314+0100: 7078.507: Total time for which application threads were stopped: 0.0027886 seconds, Stopping threads took: 0.0000414 seconds
2016-11-15T07:28:01.315+0100: 7078.508: Total time for which application threads were stopped: 0.0006940 seconds, Stopping threads took: 0.0000849 seconds
2016-11-15T07:28:01.325+0100: 7078.518: Total time for which application threads were stopped: 0.0008425 seconds, Stopping threads took: 0.0001335 seconds
2016-11-15T07:28:01.400+0100: 7078.593: Total time for which application threads were stopped: 0.0009477 seconds, Stopping threads took: 0.0001655 seconds
2016-11-15T07:28:05.402+0100: 7082.594: Total time for which application threads were stopped: 0.0009262 seconds, Stopping threads took: 0.0001529 seconds
2016-11-15T07:28:06.403+0100: 7083.595: Total time for which application threads were stopped: 0.0008889 seconds, Stopping threads took: 0.0001535 seconds
2016-11-15T07:28:08.404+0100: 7085.596: Total time for which application threads were stopped: 0.0008853 seconds, Stopping threads took: 0.0001573 seconds
2016-11-15T07:28:09.579+0100: 7086.772: Total time for which application threads were stopped: 0.0009039 seconds, Stopping threads took: 0.0001534 seconds
2016-11-15T07:28:09.580+0100: 7086.773: Total time for which application threads were stopped: 0.0004842 seconds, Stopping threads took: 0.0000896 seconds
2016-11-15T07:28:09.581+0100: 7086.773: Total time for which application threads were stopped: 0.0004782 seconds, Stopping threads took: 0.0000959 seconds
2016-11-15T07:28:09.618+0100: 7086.811: Total time for which application threads were stopped: 0.0005049 seconds, Stopping threads took: 0.0000658 seconds
2016-11-15T07:28:10.619+0100: 7087.812: Total time for which application threads were stopped: 0.0008676 seconds, Stopping threads took: 0.0001400 seconds
2016-11-15T07:28:11.620+0100: 7088.813: Total time for which application threads were stopped: 0.0011583 seconds, Stopping threads took: 0.0001382 seconds
2016-11-15T07:28:15.622+0100: 7092.814: Total time for which application threads were stopped: 0.0009642 seconds, Stopping threads took: 0.0001413 seconds
2016-11-15T07:28:18.623+0100: 7095.815: Total time for which application threads were stopped: 0.0009271 seconds, Stopping threads took: 0.0001455 seconds
2016-11-15T07:28:19.624+0100: 7096.816: Total time for which application threads were stopped: 0.0008650 seconds, Stopping threads took: 0.0001395 seconds
2016-11-15T07:28:21.625+0100: 7098.817: Total time for which application threads were stopped: 0.0009777 seconds, Stopping threads took: 0.0001669 seconds
2016-11-15T07:28:22.626+0100: 7099.818: Total time for which application threads were stopped: 0.0008605 seconds, Stopping threads took: 0.0001329 seconds
2016-11-15T07:28:24.627+0100: 7101.819: Total time for which application threads were stopped: 0.0008636 seconds, Stopping threads took: 0.0001441 seconds
2016-11-15T07:28:26.628+0100: 7103.820: Total time for which application threads were stopped: 0.0008605 seconds, Stopping threads took: 0.0001337 seconds
2016-11-15T07:28:28.629+0100: 7105.821: Total time for which application threads were stopped: 0.0008781 seconds, Stopping threads took: 0.0001367 seconds
2016-11-15T07:28:30.751+0100: 7107.944: Total time for which application threads were stopped: 0.0029322 seconds, Stopping threads took: 0.0002097 seconds
2016-11-15T07:28:31.752+0100: 7108.945: Total time for which application threads were stopped: 0.0009024 seconds, Stopping threads took: 0.0001404 seconds
2016-11-15T07:28:37.754+0100: 7114.946: Total time for which application threads were stopped: 0.0009325 seconds, Stopping threads took: 0.0001467 seconds
2016-11-15T07:28:52.756+0100: 7129.948: Total time for which application threads were stopped: 0.0008885 seconds, Stopping threads took: 0.0001397 seconds
2016-11-15T07:29:02.757+0100: 7139.950: Total time for which application threads were stopped: 0.0009626 seconds, Stopping threads took: 0.0002137 seconds
2016-11-15T07:29:06.759+0100: 7143.951: Total time for which application threads were stopped: 0.0008800 seconds, Stopping threads took: 0.0001437 seconds
2016-11-15T07:29:39.084+0100: 7176.277: Total time for which application threads were stopped: 0.0009475 seconds, Stopping threads took: 0.0001526 seconds
2016-11-15T07:29:39.085+0100: 7176.277: Total time for which application threads were stopped: 0.0004020 seconds, Stopping threads took: 0.0000391 seconds
2016-11-15T07:29:39.085+0100: 7176.278: Total time for which application threads were stopped: 0.0003833 seconds, Stopping threads took: 0.0000272 seconds
2016-11-15T07:29:39.309+0100: 7176.501: Total time for which application threads were stopped: 0.0007055 seconds, Stopping threads took: 0.0000733 seconds
2016-11-15T07:29:45.454+0100: 7182.646: Total time for which application threads were stopped: 0.0009493 seconds, Stopping threads took: 0.0001643 seconds
2016-11-15T07:29:45.455+0100: 7182.648: Total time for which application threads were stopped: 0.0004765 seconds, Stopping threads took: 0.0000631 seconds
2016-11-15T07:29:45.456+0100: 7182.648: Total time for which application threads were stopped: 0.0004129 seconds, Stopping threads took: 0.0000563 seconds
2016-11-15T07:29:45.621+0100: 7182.814: Total time for which application threads were stopped: 0.0008714 seconds, Stopping threads took: 0.0000659 seconds
2016-11-15T07:30:00.157+0100: 7197.349: Total time for which application threads were stopped: 0.0029217 seconds, Stopping threads took: 0.0001563 seconds
2016-11-15T07:30:00.157+0100: 7197.350: Total time for which application threads were stopped: 0.0005252 seconds, Stopping threads took: 0.0000403 seconds
2016-11-15T07:30:00.159+0100: 7197.352: Total time for which application threads were stopped: 0.0018502 seconds, Stopping threads took: 0.0000292 seconds
2016-11-15T07:30:00.233+0100: 7197.426: Total time for which application threads were stopped: 0.0006259 seconds, Stopping threads took: 0.0000647 seconds
2016-11-15T07:30:00.234+0100: 7197.426: Total time for which application threads were stopped: 0.0003879 seconds, Stopping threads took: 0.0000275 seconds
2016-11-15T07:30:00.344+0100: 7197.537: Total time for which application threads were stopped: 0.0009993 seconds, Stopping threads took: 0.0001464 seconds
2016-11-15T07:30:02.065+0100: 7199.258: Total time for which application threads were stopped: 0.0009467 seconds, Stopping threads took: 0.0001655 seconds
2016-11-15T07:30:02.066+0100: 7199.258: Total time for which application threads were stopped: 0.0003926 seconds, Stopping threads took: 0.0000344 seconds
2016-11-15T07:30:02.066+0100: 7199.259: Total time for which application threads were stopped: 0.0003880 seconds, Stopping threads took: 0.0000277 seconds
2016-11-15T07:30:02.348+0100: 7199.541: Total time for which application threads were stopped: 0.0009033 seconds, Stopping threads took: 0.0001304 seconds
2016-11-15T07:30:03.689+0100: 7200.881: Total time for which application threads were stopped: 0.0010417 seconds, Stopping threads took: 0.0001856 seconds
2016-11-15T07:30:03.690+0100: 7200.882: Total time for which application threads were stopped: 0.0005357 seconds, Stopping threads took: 0.0001129 seconds
2016-11-15T07:30:03.690+0100: 7200.883: Total time for which application threads were stopped: 0.0003886 seconds, Stopping threads took: 0.0000297 seconds
2016-11-15T07:30:03.844+0100: 7201.037: Total time for which application threads were stopped: 0.0007401 seconds, Stopping threads took: 0.0000939 seconds
2016-11-15T07:30:10.846+0100: 7208.038: Total time for which application threads were stopped: 0.0009371 seconds, Stopping threads took: 0.0001421 seconds
2016-11-15T07:30:11.445+0100: 7208.637: Total time for which application threads were stopped: 0.0009256 seconds, Stopping threads took: 0.0001335 seconds
2016-11-15T07:30:11.445+0100: 7208.638: Total time for which application threads were stopped: 0.0004419 seconds, Stopping threads took: 0.0000843 seconds
2016-11-15T07:30:11.446+0100: 7208.638: Total time for which application threads were stopped: 0.0004203 seconds, Stopping threads took: 0.0000578 seconds
2016-11-15T07:30:11.575+0100: 7208.768: Total time for which application threads were stopped: 0.0025289 seconds, Stopping threads took: 0.0000568 seconds
2016-11-15T07:30:17.577+0100: 7214.769: Total time for which application threads were stopped: 0.0010579 seconds, Stopping threads took: 0.0001559 seconds
2016-11-15T07:30:26.578+0100: 7223.771: Total time for which application threads were stopped: 0.0010065 seconds, Stopping threads took: 0.0001568 seconds
2016-11-15T07:30:27.579+0100: 7224.772: Total time for which application threads were stopped: 0.0009413 seconds, Stopping threads took: 0.0001519 seconds
2016-11-15T07:30:28.580+0100: 7225.773: Total time for which application threads were stopped: 0.0008687 seconds, Stopping threads took: 0.0001428 seconds
2016-11-15T07:30:35.704+0100: 7232.897: Total time for which application threads were stopped: 0.0010420 seconds, Stopping threads took: 0.0001518 seconds
2016-11-15T07:30:35.705+0100: 7232.898: Total time for which application threads were stopped: 0.0004143 seconds, Stopping threads took: 0.0000336 seconds
2016-11-15T07:30:35.706+0100: 7232.898: Total time for which application threads were stopped: 0.0003863 seconds, Stopping threads took: 0.0000266 seconds
2016-11-15T07:30:35.925+0100: 7233.117: Total time for which application threads were stopped: 0.0005715 seconds, Stopping threads took: 0.0000683 seconds
2016-11-15T07:30:40.926+0100: 7238.119: Total time for which application threads were stopped: 0.0009143 seconds, Stopping threads took: 0.0001543 seconds
2016-11-15T07:31:16.396+0100: 7273.588: Total time for which application threads were stopped: 0.0030746 seconds, Stopping threads took: 0.0001523 seconds
2016-11-15T07:32:00.400+0100: 7317.593: Total time for which application threads were stopped: 0.0009582 seconds, Stopping threads took: 0.0001579 seconds
2016-11-15T07:32:29.403+0100: 7346.596: Total time for which application threads were stopped: 0.0009013 seconds, Stopping threads took: 0.0001474 seconds
2016-11-15T07:32:51.406+0100: 7368.598: Total time for which application threads were stopped: 0.0009985 seconds, Stopping threads took: 0.0001427 seconds
2016-11-15T07:32:52.776+0100: 7369.968: Total time for which application threads were stopped: 0.0010508 seconds, Stopping threads took: 0.0001376 seconds
2016-11-15T07:32:55.777+0100: 7372.970: Total time for which application threads were stopped: 0.0009203 seconds, Stopping threads took: 0.0001506 seconds
2016-11-15T07:33:00.778+0100: 7377.971: Total time for which application threads were stopped: 0.0009231 seconds, Stopping threads took: 0.0001497 seconds
2016-11-15T07:33:34.782+0100: 7411.974: Total time for which application threads were stopped: 0.0009141 seconds, Stopping threads took: 0.0001409 seconds
2016-11-15T07:33:35.897+0100: 7413.090: Total time for which application threads were stopped: 0.0008861 seconds, Stopping threads took: 0.0001405 seconds
2016-11-15T07:33:35.898+0100: 7413.090: Total time for which application threads were stopped: 0.0003896 seconds, Stopping threads took: 0.0000321 seconds
2016-11-15T07:33:35.898+0100: 7413.091: Total time for which application threads were stopped: 0.0003897 seconds, Stopping threads took: 0.0000281 seconds
2016-11-15T07:33:35.993+0100: 7413.185: Total time for which application threads were stopped: 0.0006433 seconds, Stopping threads took: 0.0000685 seconds
2016-11-15T07:33:39.994+0100: 7417.187: Total time for which application threads were stopped: 0.0009400 seconds, Stopping threads took: 0.0001484 seconds
2016-11-15T07:33:41.433+0100: 7418.625: Total time for which application threads were stopped: 0.0009334 seconds, Stopping threads took: 0.0001557 seconds
2016-11-15T07:33:41.434+0100: 7418.626: Total time for which application threads were stopped: 0.0004476 seconds, Stopping threads took: 0.0000454 seconds
2016-11-15T07:33:41.434+0100: 7418.627: Total time for which application threads were stopped: 0.0003899 seconds, Stopping threads took: 0.0000264 seconds
2016-11-15T07:33:41.469+0100: 7418.662: Total time for which application threads were stopped: 0.0006114 seconds, Stopping threads took: 0.0000623 seconds
2016-11-15T07:33:45.471+0100: 7422.663: Total time for which application threads were stopped: 0.0009481 seconds, Stopping threads took: 0.0001494 seconds
2016-11-15T07:33:46.507+0100: 7423.700: Total time for which application threads were stopped: 0.0008718 seconds, Stopping threads took: 0.0001310 seconds
2016-11-15T07:33:46.508+0100: 7423.701: Total time for which application threads were stopped: 0.0003967 seconds, Stopping threads took: 0.0000348 seconds
2016-11-15T07:33:46.509+0100: 7423.701: Total time for which application threads were stopped: 0.0004153 seconds, Stopping threads took: 0.0000315 seconds
2016-11-15T07:33:46.674+0100: 7423.866: Total time for which application threads were stopped: 0.0006468 seconds, Stopping threads took: 0.0000778 seconds
2016-11-15T07:33:49.675+0100: 7426.867: Total time for which application threads were stopped: 0.0010192 seconds, Stopping threads took: 0.0001472 seconds
2016-11-15T07:33:52.676+0100: 7429.868: Total time for which application threads were stopped: 0.0008932 seconds, Stopping threads took: 0.0001502 seconds
2016-11-15T07:34:00.678+0100: 7437.870: Total time for which application threads were stopped: 0.0009138 seconds, Stopping threads took: 0.0001530 seconds
2016-11-15T07:34:05.679+0100: 7442.871: Total time for which application threads were stopped: 0.0010131 seconds, Stopping threads took: 0.0001636 seconds
2016-11-15T07:34:13.681+0100: 7450.873: Total time for which application threads were stopped: 0.0009999 seconds, Stopping threads took: 0.0001492 seconds
2016-11-15T07:34:20.682+0100: 7457.874: Total time for which application threads were stopped: 0.0008877 seconds, Stopping threads took: 0.0001387 seconds
2016-11-15T07:34:25.707+0100: 7462.899: Total time for which application threads were stopped: 0.0030529 seconds, Stopping threads took: 0.0001504 seconds
2016-11-15T07:34:33.405+0100: 7470.597: Total time for which application threads were stopped: 0.0009650 seconds, Stopping threads took: 0.0001478 seconds
2016-11-15T07:34:33.435+0100: 7470.627: Total time for which application threads were stopped: 0.0006076 seconds, Stopping threads took: 0.0000786 seconds
2016-11-15T07:34:34.436+0100: 7471.628: Total time for which application threads were stopped: 0.0009679 seconds, Stopping threads took: 0.0001253 seconds
2016-11-15T07:34:35.437+0100: 7472.629: Total time for which application threads were stopped: 0.0009562 seconds, Stopping threads took: 0.0001477 seconds
2016-11-15T07:34:39.438+0100: 7476.631: Total time for which application threads were stopped: 0.0009537 seconds, Stopping threads took: 0.0001499 seconds
2016-11-15T07:34:40.430+0100: 7477.622: Total time for which application threads were stopped: 0.0010315 seconds, Stopping threads took: 0.0001848 seconds
2016-11-15T07:34:40.430+0100: 7477.623: Total time for which application threads were stopped: 0.0004525 seconds, Stopping threads took: 0.0000739 seconds
2016-11-15T07:34:40.431+0100: 7477.623: Total time for which application threads were stopped: 0.0005009 seconds, Stopping threads took: 0.0001087 seconds
2016-11-15T07:34:40.432+0100: 7477.624: Total time for which application threads were stopped: 0.0004649 seconds, Stopping threads took: 0.0000908 seconds
2016-11-15T07:34:40.432+0100: 7477.625: Total time for which application threads were stopped: 0.0004560 seconds, Stopping threads took: 0.0000779 seconds
2016-11-15T07:34:40.433+0100: 7477.625: Total time for which application threads were stopped: 0.0005018 seconds, Stopping threads took: 0.0001096 seconds
2016-11-15T07:34:41.215+0100: 7478.408: Total time for which application threads were stopped: 0.0008264 seconds, Stopping threads took: 0.0001123 seconds
2016-11-15T07:34:41.216+0100: 7478.408: Total time for which application threads were stopped: 0.0004415 seconds, Stopping threads took: 0.0000412 seconds
2016-11-15T07:34:42.217+0100: 7479.409: Total time for which application threads were stopped: 0.0008401 seconds, Stopping threads took: 0.0001265 seconds
2016-11-15T07:34:48.218+0100: 7485.411: Total time for which application threads were stopped: 0.0009833 seconds, Stopping threads took: 0.0001376 seconds
2016-11-15T07:34:49.914+0100: 7487.107: Total time for which application threads were stopped: 0.0009930 seconds, Stopping threads took: 0.0001606 seconds
2016-11-15T07:34:49.915+0100: 7487.107: Total time for which application threads were stopped: 0.0004183 seconds, Stopping threads took: 0.0000291 seconds
2016-11-15T07:34:50.131+0100: 7487.323: Total time for which application threads were stopped: 0.0009133 seconds, Stopping threads took: 0.0001182 seconds
2016-11-15T07:34:50.135+0100: 7487.328: Total time for which application threads were stopped: 0.0035115 seconds, Stopping threads took: 0.0000462 seconds
2016-11-15T07:34:50.172+0100: 7487.364: Total time for which application threads were stopped: 0.0007155 seconds, Stopping threads took: 0.0000790 seconds
2016-11-15T07:34:50.260+0100: 7487.452: Total time for which application threads were stopped: 0.0005425 seconds, Stopping threads took: 0.0000515 seconds
2016-11-15T07:34:50.288+0100: 7487.480: Total time for which application threads were stopped: 0.0004748 seconds, Stopping threads took: 0.0000458 seconds
2016-11-15T07:34:50.292+0100: 7487.484: Total time for which application threads were stopped: 0.0006760 seconds, Stopping threads took: 0.0000995 seconds
2016-11-15T07:34:50.293+0100: 7487.486: Total time for which application threads were stopped: 0.0005439 seconds, Stopping threads took: 0.0000496 seconds
2016-11-15T07:34:50.295+0100: 7487.488: Total time for which application threads were stopped: 0.0005264 seconds, Stopping threads took: 0.0000449 seconds
2016-11-15T07:34:50.296+0100: 7487.488: Total time for which application threads were stopped: 0.0004023 seconds, Stopping threads took: 0.0000315 seconds
2016-11-15T07:34:50.297+0100: 7487.489: Total time for which application threads were stopped: 0.0004815 seconds, Stopping threads took: 0.0000311 seconds
2016-11-15T07:34:50.297+0100: 7487.490: Total time for which application threads were stopped: 0.0004765 seconds, Stopping threads took: 0.0000321 seconds
2016-11-15T07:34:50.302+0100: 7487.494: Total time for which application threads were stopped: 0.0004927 seconds, Stopping threads took: 0.0000634 seconds
2016-11-15T07:34:50.310+0100: 7487.502: Total time for which application threads were stopped: 0.0004737 seconds, Stopping threads took: 0.0000462 seconds
2016-11-15T07:34:50.318+0100: 7487.511: Total time for which application threads were stopped: 0.0004755 seconds, Stopping threads took: 0.0000448 seconds
2016-11-15T07:34:50.335+0100: 7487.528: Total time for which application threads were stopped: 0.0031230 seconds, Stopping threads took: 0.0000528 seconds
2016-11-15T07:34:50.361+0100: 7487.553: Total time for which application threads were stopped: 0.0007637 seconds, Stopping threads took: 0.0000556 seconds
2016-11-15T07:34:51.362+0100: 7488.554: Total time for which application threads were stopped: 0.0009517 seconds, Stopping threads took: 0.0001576 seconds
2016-11-15T07:34:55.363+0100: 7492.556: Total time for which application threads were stopped: 0.0008856 seconds, Stopping threads took: 0.0001446 seconds
2016-11-15T07:34:55.519+0100: 7492.711: Total time for which application threads were stopped: 0.0008128 seconds, Stopping threads took: 0.0001142 seconds
2016-11-15T07:34:55.520+0100: 7492.712: Total time for which application threads were stopped: 0.0003965 seconds, Stopping threads took: 0.0000335 seconds
2016-11-15T07:34:55.520+0100: 7492.713: Total time for which application threads were stopped: 0.0004004 seconds, Stopping threads took: 0.0000326 seconds
2016-11-15T07:34:55.714+0100: 7492.907: Total time for which application threads were stopped: 0.0006703 seconds, Stopping threads took: 0.0000846 seconds
2016-11-15T07:35:01.762+0100: 7498.954: Total time for which application threads were stopped: 0.0011115 seconds, Stopping threads took: 0.0001615 seconds
2016-11-15T07:35:01.763+0100: 7498.955: Total time for which application threads were stopped: 0.0004777 seconds, Stopping threads took: 0.0000326 seconds
2016-11-15T07:35:04.764+0100: 7501.956: Total time for which application threads were stopped: 0.0010174 seconds, Stopping threads took: 0.0001520 seconds
2016-11-15T07:35:05.765+0100: 7502.957: Total time for which application threads were stopped: 0.0010473 seconds, Stopping threads took: 0.0001416 seconds
2016-11-15T07:35:08.944+0100: 7506.136: Total time for which application threads were stopped: 0.0010419 seconds, Stopping threads took: 0.0001524 seconds
2016-11-15T07:35:10.746+0100: 7507.939: Total time for which application threads were stopped: 0.0010671 seconds, Stopping threads took: 0.0001457 seconds
2016-11-15T07:35:10.747+0100: 7507.939: Total time for which application threads were stopped: 0.0004481 seconds, Stopping threads took: 0.0000333 seconds
2016-11-15T07:35:10.748+0100: 7507.940: Total time for which application threads were stopped: 0.0004486 seconds, Stopping threads took: 0.0000278 seconds
2016-11-15T07:35:11.237+0100: 7508.429: Total time for which application threads were stopped: 0.0009555 seconds, Stopping threads took: 0.0001319 seconds
2016-11-15T07:35:17.372+0100: 7514.564: Total time for which application threads were stopped: 0.0010374 seconds, Stopping threads took: 0.0001482 seconds
2016-11-15T07:35:17.373+0100: 7514.565: Total time for which application threads were stopped: 0.0007570 seconds, Stopping threads took: 0.0000374 seconds
2016-11-15T07:35:17.373+0100: 7514.566: Total time for which application threads were stopped: 0.0004335 seconds, Stopping threads took: 0.0000279 seconds
2016-11-15T07:35:17.573+0100: 7514.765: Total time for which application threads were stopped: 0.0010559 seconds, Stopping threads took: 0.0001532 seconds
2016-11-15T07:35:25.178+0100: 7522.370: Total time for which application threads were stopped: 0.0010747 seconds, Stopping threads took: 0.0001644 seconds
2016-11-15T07:35:25.178+0100: 7522.371: Total time for which application threads were stopped: 0.0005384 seconds, Stopping threads took: 0.0001202 seconds
2016-11-15T07:35:25.179+0100: 7522.371: Total time for which application threads were stopped: 0.0004935 seconds, Stopping threads took: 0.0000731 seconds
2016-11-15T07:35:25.358+0100: 7522.551: Total time for which application threads were stopped: 0.0006398 seconds, Stopping threads took: 0.0000737 seconds
2016-11-15T07:35:29.472+0100: 7526.665: Total time for which application threads were stopped: 0.0011179 seconds, Stopping threads took: 0.0001934 seconds
2016-11-15T07:35:29.473+0100: 7526.665: Total time for which application threads were stopped: 0.0004665 seconds, Stopping threads took: 0.0000390 seconds
2016-11-15T07:35:29.474+0100: 7526.666: Total time for which application threads were stopped: 0.0004441 seconds, Stopping threads took: 0.0000304 seconds
2016-11-15T07:35:29.602+0100: 7526.794: Total time for which application threads were stopped: 0.0006921 seconds, Stopping threads took: 0.0000845 seconds
2016-11-15T07:35:31.608+0100: 7528.801: Total time for which application threads were stopped: 0.0010508 seconds, Stopping threads took: 0.0001425 seconds
2016-11-15T07:35:31.609+0100: 7528.801: Total time for which application threads were stopped: 0.0004668 seconds, Stopping threads took: 0.0000352 seconds
2016-11-15T07:35:31.609+0100: 7528.802: Total time for which application threads were stopped: 0.0004594 seconds, Stopping threads took: 0.0000372 seconds
2016-11-15T07:35:31.788+0100: 7528.981: Total time for which application threads were stopped: 0.0010498 seconds, Stopping threads took: 0.0001584 seconds
2016-11-15T07:35:33.667+0100: 7530.859: Total time for which application threads were stopped: 0.0010607 seconds, Stopping threads took: 0.0001683 seconds
2016-11-15T07:35:33.668+0100: 7530.861: Total time for which application threads were stopped: 0.0005012 seconds, Stopping threads took: 0.0000465 seconds
2016-11-15T07:35:33.669+0100: 7530.861: Total time for which application threads were stopped: 0.0004282 seconds, Stopping threads took: 0.0000355 seconds
2016-11-15T07:35:33.700+0100: 7530.892: Total time for which application threads were stopped: 0.0005714 seconds, Stopping threads took: 0.0000642 seconds
2016-11-15T07:35:36.701+0100: 7533.893: Total time for which application threads were stopped: 0.0010190 seconds, Stopping threads took: 0.0001398 seconds
2016-11-15T07:35:36.960+0100: 7534.153: Total time for which application threads were stopped: 0.0009625 seconds, Stopping threads took: 0.0001284 seconds
2016-11-15T07:35:36.964+0100: 7534.156: Total time for which application threads were stopped: 0.0026768 seconds, Stopping threads took: 0.0000461 seconds
2016-11-15T07:35:36.964+0100: 7534.157: Total time for which application threads were stopped: 0.0006557 seconds, Stopping threads took: 0.0000992 seconds
2016-11-15T07:35:36.994+0100: 7534.186: Total time for which application threads were stopped: 0.0005315 seconds, Stopping threads took: 0.0000543 seconds
2016-11-15T07:35:37.137+0100: 7534.330: Total time for which application threads were stopped: 0.0006800 seconds, Stopping threads took: 0.0000732 seconds
2016-11-15T07:36:00.140+0100: 7557.332: Total time for which application threads were stopped: 0.0010117 seconds, Stopping threads took: 0.0001467 seconds
2016-11-15T07:36:05.875+0100: 7563.067: Total time for which application threads were stopped: 0.0010723 seconds, Stopping threads took: 0.0001529 seconds
2016-11-15T07:36:05.875+0100: 7563.068: Total time for which application threads were stopped: 0.0004447 seconds, Stopping threads took: 0.0000347 seconds
2016-11-15T07:36:05.876+0100: 7563.068: Total time for which application threads were stopped: 0.0004454 seconds, Stopping threads took: 0.0000426 seconds
2016-11-15T07:36:06.028+0100: 7563.221: Total time for which application threads were stopped: 0.0009199 seconds, Stopping threads took: 0.0001266 seconds
2016-11-15T07:36:13.030+0100: 7570.222: Total time for which application threads were stopped: 0.0010611 seconds, Stopping threads took: 0.0001756 seconds
2016-11-15T07:36:14.031+0100: 7571.223: Total time for which application threads were stopped: 0.0010686 seconds, Stopping threads took: 0.0002201 seconds
2016-11-15T07:36:14.790+0100: 7571.982: [GC pause (G1 Evacuation Pause) (young)
Desired survivor size 80740352 bytes, new threshold 15 (max 15)
- age   1:   16759496 bytes,   16759496 total
- age   2:   15898104 bytes,   32657600 total
- age   3:   13796280 bytes,   46453880 total
2016-11-15T07:36:14.874+0100: 7572.067: [SoftReference, 4093 refs, 0.0053878 secs]2016-11-15T07:36:14.880+0100: 7572.072: [WeakReference, 1046 refs, 0.0032709 secs]2016-11-15T07:36:14.883+0100: 7572.075: [FinalReference, 2958 refs, 0.0043024 secs]2016-11-15T07:36:14.887+0100: 7572.080: [PhantomReference, 0 refs, 3 refs, 0.0062411 secs]2016-11-15T07:36:14.894+0100: 7572.086: [JNI Weak Reference, 0.0000506 secs], 0.1229337 secs]
   [Parallel Time: 77.8 ms, GC Workers: 43]
      [GC Worker Start (ms): Min: 7571982.8, Avg: 7571983.3, Max: 7571983.7, Diff: 0.9]
      [Ext Root Scanning (ms): Min: 1.3, Avg: 2.3, Max: 16.2, Diff: 15.0, Sum: 100.6]
      [Update RS (ms): Min: 0.0, Avg: 5.3, Max: 7.6, Diff: 7.6, Sum: 227.2]
         [Processed Buffers: Min: 0, Avg: 3.4, Max: 17, Diff: 17, Sum: 148]
      [Scan RS (ms): Min: 0.2, Avg: 2.2, Max: 3.9, Diff: 3.7, Sum: 92.7]
      [Code Root Scanning (ms): Min: 0.0, Avg: 1.3, Max: 6.2, Diff: 6.2, Sum: 54.4]
      [Object Copy (ms): Min: 59.1, Avg: 63.5, Max: 64.9, Diff: 5.8, Sum: 2728.4]
      [Termination (ms): Min: 0.0, Avg: 1.2, Max: 1.5, Diff: 1.5, Sum: 51.1]
         [Termination Attempts: Min: 1, Avg: 268.3, Max: 353, Diff: 352, Sum: 11538]
      [GC Worker Other (ms): Min: 0.0, Avg: 0.4, Max: 0.9, Diff: 0.9, Sum: 18.3]
      [GC Worker Total (ms): Min: 75.4, Avg: 76.1, Max: 76.8, Diff: 1.3, Sum: 3272.6]
      [GC Worker End (ms): Min: 7572059.0, Avg: 7572059.4, Max: 7572059.9, Diff: 0.9]
   [Code Root Fixup: 3.5 ms]
   [Code Root Purge: 0.3 ms]
   [String Dedup Fixup: 2.4 ms, GC Workers: 43]
      [Queue Fixup (ms): Min: 0.0, Avg: 0.0, Max: 0.1, Diff: 0.1, Sum: 0.6]
      [Table Fixup (ms): Min: 0.0, Avg: 1.2, Max: 1.6, Diff: 1.6, Sum: 50.8]
   [Clear CT: 7.3 ms]
   [Other: 31.6 ms]
      [Choose CSet: 0.0 ms]
      [Ref Proc: 22.0 ms]
      [Ref Enq: 1.3 ms]
      [Redirty Cards: 1.4 ms]
      [Humongous Register: 0.1 ms]
      [Humongous Reclaim: 0.1 ms]
      [Free CSet: 5.9 ms]
   [Eden: 1151.0M(1151.0M)->0.0B(1133.0M) Survivors: 77.0M->95.0M Heap: 1638.0M(2048.0M)->499.5M(2048.0M)]
 [Times: user=3.65 sys=0.06, real=0.12 secs] 
2016-11-15T07:36:14.913+0100: 7572.106: Total time for which application threads were stopped: 0.1245651 seconds, Stopping threads took: 0.0001581 seconds
2016-11-15T07:36:14.916+0100: 7572.109: Total time for which application threads were stopped: 0.0008684 seconds, Stopping threads took: 0.0000898 seconds
2016-11-15T07:36:14.919+0100: 7572.111: Total time for which application threads were stopped: 0.0025416 seconds, Stopping threads took: 0.0001223 seconds
2016-11-15T07:36:14.933+0100: 7572.126: [GC concurrent-string-deduplication, 2163.0K->902.4K(1260.6K), avg 52.2%, 0.0164523 secs]
2016-11-15T07:36:15.920+0100: 7573.112: Total time for which application threads were stopped: 0.0009020 seconds, Stopping threads took: 0.0001493 seconds
2016-11-15T07:36:16.517+0100: 7573.710: Total time for which application threads were stopped: 0.0007129 seconds, Stopping threads took: 0.0000979 seconds
2016-11-15T07:36:16.518+0100: 7573.710: Total time for which application threads were stopped: 0.0003975 seconds, Stopping threads took: 0.0000339 seconds
2016-11-15T07:36:16.518+0100: 7573.711: Total time for which application threads were stopped: 0.0003876 seconds, Stopping threads took: 0.0000282 seconds
2016-11-15T07:36:16.644+0100: 7573.836: Total time for which application threads were stopped: 0.0005377 seconds, Stopping threads took: 0.0000630 seconds
2016-11-15T07:36:17.645+0100: 7574.837: Total time for which application threads were stopped: 0.0008673 seconds, Stopping threads took: 0.0001305 seconds
2016-11-15T07:36:20.646+0100: 7577.838: Total time for which application threads were stopped: 0.0009027 seconds, Stopping threads took: 0.0001515 seconds
2016-11-15T07:36:21.647+0100: 7578.839: Total time for which application threads were stopped: 0.0009045 seconds, Stopping threads took: 0.0001501 seconds
2016-11-15T07:36:29.648+0100: 7586.841: Total time for which application threads were stopped: 0.0010006 seconds, Stopping threads took: 0.0001534 seconds
2016-11-15T07:36:40.650+0100: 7597.843: Total time for which application threads were stopped: 0.0009714 seconds, Stopping threads took: 0.0001529 seconds
2016-11-15T07:36:45.651+0100: 7602.844: Total time for which application threads were stopped: 0.0009981 seconds, Stopping threads took: 0.0001557 seconds
2016-11-15T07:36:46.652+0100: 7603.845: Total time for which application threads were stopped: 0.0008672 seconds, Stopping threads took: 0.0001316 seconds
2016-11-15T07:36:58.804+0100: 7615.996: Total time for which application threads were stopped: 0.0009399 seconds, Stopping threads took: 0.0001435 seconds
2016-11-15T07:36:58.805+0100: 7615.997: Total time for which application threads were stopped: 0.0004405 seconds, Stopping threads took: 0.0000330 seconds
2016-11-15T07:36:58.805+0100: 7615.998: Total time for which application threads were stopped: 0.0007062 seconds, Stopping threads took: 0.0001171 seconds
2016-11-15T07:36:59.000+0100: 7616.192: Total time for which application threads were stopped: 0.0006112 seconds, Stopping threads took: 0.0000688 seconds
2016-11-15T07:36:59.109+0100: 7616.301: Total time for which application threads were stopped: 0.0026142 seconds, Stopping threads took: 0.0000607 seconds
2016-11-15T07:37:03.724+0100: 7620.916: Total time for which application threads were stopped: 0.0010692 seconds, Stopping threads took: 0.0002420 seconds
2016-11-15T07:37:03.725+0100: 7620.918: Total time for which application threads were stopped: 0.0005989 seconds, Stopping threads took: 0.0001373 seconds
2016-11-15T07:37:03.726+0100: 7620.918: Total time for which application threads were stopped: 0.0005002 seconds, Stopping threads took: 0.0001097 seconds
2016-11-15T07:37:04.665+0100: 7621.857: Total time for which application threads were stopped: 0.0030064 seconds, Stopping threads took: 0.0001381 seconds
2016-11-15T07:37:04.939+0100: 7622.132: Total time for which application threads were stopped: 0.0008577 seconds, Stopping threads took: 0.0001335 seconds
2016-11-15T07:37:17.941+0100: 7635.134: Total time for which application threads were stopped: 0.0009193 seconds, Stopping threads took: 0.0001453 seconds
2016-11-15T07:37:19.942+0100: 7637.135: Total time for which application threads were stopped: 0.0009480 seconds, Stopping threads took: 0.0001703 seconds
2016-11-15T07:37:23.944+0100: 7641.136: Total time for which application threads were stopped: 0.0009524 seconds, Stopping threads took: 0.0001529 seconds
2016-11-15T07:37:25.909+0100: 7643.101: Total time for which application threads were stopped: 0.0009958 seconds, Stopping threads took: 0.0001699 seconds
2016-11-15T07:37:25.909+0100: 7643.102: Total time for which application threads were stopped: 0.0004101 seconds, Stopping threads took: 0.0000373 seconds
2016-11-15T07:37:25.910+0100: 7643.102: Total time for which application threads were stopped: 0.0003976 seconds, Stopping threads took: 0.0000301 seconds
2016-11-15T07:37:26.004+0100: 7643.196: Total time for which application threads were stopped: 0.0005432 seconds, Stopping threads took: 0.0000578 seconds
2016-11-15T07:37:26.201+0100: 7643.394: Total time for which application threads were stopped: 0.0028341 seconds, Stopping threads took: 0.0000986 seconds
2016-11-15T07:37:26.203+0100: 7643.395: Total time for which application threads were stopped: 0.0007165 seconds, Stopping threads took: 0.0001278 seconds
2016-11-15T07:37:26.205+0100: 7643.397: Total time for which application threads were stopped: 0.0021621 seconds, Stopping threads took: 0.0000933 seconds
2016-11-15T07:37:26.486+0100: 7643.679: Total time for which application threads were stopped: 0.0008029 seconds, Stopping threads took: 0.0000941 seconds
2016-11-15T07:37:26.487+0100: 7643.679: Total time for which application threads were stopped: 0.0003961 seconds, Stopping threads took: 0.0000278 seconds
2016-11-15T07:37:27.002+0100: 7644.194: Total time for which application threads were stopped: 0.0009465 seconds, Stopping threads took: 0.0001396 seconds
2016-11-15T07:37:27.291+0100: 7644.484: Total time for which application threads were stopped: 0.0010378 seconds, Stopping threads took: 0.0001578 seconds
2016-11-15T07:37:27.293+0100: 7644.485: Total time for which application threads were stopped: 0.0005945 seconds, Stopping threads took: 0.0001443 seconds
2016-11-15T07:37:28.294+0100: 7645.486: Total time for which application threads were stopped: 0.0009377 seconds, Stopping threads took: 0.0001371 seconds
2016-11-15T07:37:32.379+0100: 7649.572: Total time for which application threads were stopped: 0.0009957 seconds, Stopping threads took: 0.0001748 seconds
2016-11-15T07:37:32.380+0100: 7649.572: Total time for which application threads were stopped: 0.0004032 seconds, Stopping threads took: 0.0000363 seconds
2016-11-15T07:37:32.380+0100: 7649.573: Total time for which application threads were stopped: 0.0004063 seconds, Stopping threads took: 0.0000299 seconds
2016-11-15T07:37:32.413+0100: 7649.605: Total time for which application threads were stopped: 0.0004943 seconds, Stopping threads took: 0.0000557 seconds
2016-11-15T07:37:33.414+0100: 7650.606: Total time for which application threads were stopped: 0.0009739 seconds, Stopping threads took: 0.0001427 seconds
2016-11-15T07:37:33.613+0100: 7650.805: Total time for which application threads were stopped: 0.0008638 seconds, Stopping threads took: 0.0001067 seconds
2016-11-15T07:37:33.614+0100: 7650.806: Total time for which application threads were stopped: 0.0004859 seconds, Stopping threads took: 0.0000458 seconds
2016-11-15T07:37:33.614+0100: 7650.807: Total time for which application threads were stopped: 0.0004102 seconds, Stopping threads took: 0.0000268 seconds
2016-11-15T07:37:33.795+0100: 7650.988: Total time for which application threads were stopped: 0.0006937 seconds, Stopping threads took: 0.0000871 seconds
2016-11-15T07:37:34.655+0100: 7651.847: Total time for which application threads were stopped: 0.0009595 seconds, Stopping threads took: 0.0001362 seconds
2016-11-15T07:37:34.655+0100: 7651.848: Total time for which application threads were stopped: 0.0004288 seconds, Stopping threads took: 0.0000334 seconds
2016-11-15T07:37:34.656+0100: 7651.848: Total time for which application threads were stopped: 0.0004793 seconds, Stopping threads took: 0.0000325 seconds
2016-11-15T07:37:34.796+0100: 7651.988: Total time for which application threads were stopped: 0.0007531 seconds, Stopping threads took: 0.0001038 seconds
2016-11-15T07:37:36.468+0100: 7653.660: Total time for which application threads were stopped: 0.0010244 seconds, Stopping threads took: 0.0001642 seconds
2016-11-15T07:37:36.468+0100: 7653.661: Total time for which application threads were stopped: 0.0004334 seconds, Stopping threads took: 0.0000340 seconds
2016-11-15T07:37:36.483+0100: 7653.675: Total time for which application threads were stopped: 0.0006072 seconds, Stopping threads took: 0.0001121 seconds
2016-11-15T07:37:36.484+0100: 7653.676: Total time for which application threads were stopped: 0.0004206 seconds, Stopping threads took: 0.0000300 seconds
2016-11-15T07:37:41.485+0100: 7658.678: Total time for which application threads were stopped: 0.0010083 seconds, Stopping threads took: 0.0001508 seconds
2016-11-15T07:37:45.702+0100: 7662.895: Total time for which application threads were stopped: 0.0009680 seconds, Stopping threads took: 0.0001753 seconds
2016-11-15T07:37:45.703+0100: 7662.896: Total time for which application threads were stopped: 0.0004439 seconds, Stopping threads took: 0.0000391 seconds
2016-11-15T07:37:45.704+0100: 7662.896: Total time for which application threads were stopped: 0.0003958 seconds, Stopping threads took: 0.0000299 seconds
2016-11-15T07:37:45.832+0100: 7663.024: Total time for which application threads were stopped: 0.0006963 seconds, Stopping threads took: 0.0000956 seconds
2016-11-15T07:37:45.916+0100: 7663.109: Total time for which application threads were stopped: 0.0006967 seconds, Stopping threads took: 0.0001196 seconds
2016-11-15T07:37:45.917+0100: 7663.109: Total time for which application threads were stopped: 0.0004821 seconds, Stopping threads took: 0.0000825 seconds
2016-11-15T07:37:45.917+0100: 7663.110: Total time for which application threads were stopped: 0.0004141 seconds, Stopping threads took: 0.0000358 seconds
2016-11-15T07:37:46.061+0100: 7663.253: Total time for which application threads were stopped: 0.0007185 seconds, Stopping threads took: 0.0001046 seconds
2016-11-15T07:37:51.545+0100: 7668.738: Total time for which application threads were stopped: 0.0009898 seconds, Stopping threads took: 0.0001643 seconds
2016-11-15T07:37:51.547+0100: 7668.739: Total time for which application threads were stopped: 0.0004823 seconds, Stopping threads took: 0.0000498 seconds
2016-11-15T07:37:51.547+0100: 7668.740: Total time for which application threads were stopped: 0.0004067 seconds, Stopping threads took: 0.0000324 seconds
2016-11-15T07:37:51.674+0100: 7668.866: Total time for which application threads were stopped: 0.0006518 seconds, Stopping threads took: 0.0000770 seconds
2016-11-15T07:37:52.675+0100: 7669.867: Total time for which application threads were stopped: 0.0009637 seconds, Stopping threads took: 0.0001483 seconds
2016-11-15T07:37:54.676+0100: 7671.869: Total time for which application threads were stopped: 0.0010248 seconds, Stopping threads took: 0.0001466 seconds
2016-11-15T07:37:56.522+0100: 7673.714: Total time for which application threads were stopped: 0.0009771 seconds, Stopping threads took: 0.0001589 seconds
2016-11-15T07:37:56.523+0100: 7673.715: Total time for which application threads were stopped: 0.0004361 seconds, Stopping threads took: 0.0000357 seconds
2016-11-15T07:37:56.523+0100: 7673.715: Total time for which application threads were stopped: 0.0004151 seconds, Stopping threads took: 0.0000328 seconds
2016-11-15T07:37:56.650+0100: 7673.842: Total time for which application threads were stopped: 0.0006476 seconds, Stopping threads took: 0.0000751 seconds
2016-11-15T07:37:59.266+0100: 7676.459: Total time for which application threads were stopped: 0.0009432 seconds, Stopping threads took: 0.0001470 seconds
2016-11-15T07:37:59.267+0100: 7676.459: Total time for which application threads were stopped: 0.0004180 seconds, Stopping threads took: 0.0000351 seconds
2016-11-15T07:37:59.267+0100: 7676.460: Total time for which application threads were stopped: 0.0004065 seconds, Stopping threads took: 0.0000287 seconds
2016-11-15T07:37:59.440+0100: 7676.632: Total time for which application threads were stopped: 0.0007701 seconds, Stopping threads took: 0.0000992 seconds
2016-11-15T07:38:00.441+0100: 7677.634: Total time for which application threads were stopped: 0.0011756 seconds, Stopping threads took: 0.0002379 seconds
2016-11-15T07:38:01.082+0100: 7678.274: Total time for which application threads were stopped: 0.0009989 seconds, Stopping threads took: 0.0001543 seconds
2016-11-15T07:38:01.083+0100: 7678.275: Total time for which application threads were stopped: 0.0004414 seconds, Stopping threads took: 0.0000434 seconds
2016-11-15T07:38:01.083+0100: 7678.276: Total time for which application threads were stopped: 0.0003973 seconds, Stopping threads took: 0.0000311 seconds
2016-11-15T07:38:01.214+0100: 7678.407: Total time for which application threads were stopped: 0.0010920 seconds, Stopping threads took: 0.0001816 seconds
2016-11-15T07:38:04.216+0100: 7681.408: Total time for which application threads were stopped: 0.0009419 seconds, Stopping threads took: 0.0001384 seconds
2016-11-15T07:38:04.590+0100: 7681.783: Total time for which application threads were stopped: 0.0007230 seconds, Stopping threads took: 0.0000990 seconds
2016-11-15T07:38:04.592+0100: 7681.784: Total time for which application threads were stopped: 0.0004666 seconds, Stopping threads took: 0.0000467 seconds
2016-11-15T07:38:04.592+0100: 7681.785: Total time for which application threads were stopped: 0.0004069 seconds, Stopping threads took: 0.0000287 seconds
2016-11-15T07:38:04.727+0100: 7681.920: Total time for which application threads were stopped: 0.0005824 seconds, Stopping threads took: 0.0000614 seconds
2016-11-15T07:38:05.728+0100: 7682.920: Total time for which application threads were stopped: 0.0009088 seconds, Stopping threads took: 0.0001419 seconds
2016-11-15T07:38:32.447+0100: 7709.639: Total time for which application threads were stopped: 0.0031376 seconds, Stopping threads took: 0.0001494 seconds
2016-11-15T07:38:35.448+0100: 7712.641: Total time for which application threads were stopped: 0.0010356 seconds, Stopping threads took: 0.0001631 seconds
2016-11-15T07:38:56.451+0100: 7733.643: Total time for which application threads were stopped: 0.0009232 seconds, Stopping threads took: 0.0001508 seconds
2016-11-15T07:39:02.452+0100: 7739.645: Total time for which application threads were stopped: 0.0009935 seconds, Stopping threads took: 0.0001451 seconds
2016-11-15T07:39:10.454+0100: 7747.646: Total time for which application threads were stopped: 0.0009189 seconds, Stopping threads took: 0.0001488 seconds
2016-11-15T07:39:20.178+0100: 7757.371: Total time for which application threads were stopped: 0.0009666 seconds, Stopping threads took: 0.0001444 seconds
2016-11-15T07:39:20.179+0100: 7757.371: Total time for which application threads were stopped: 0.0004309 seconds, Stopping threads took: 0.0000415 seconds
2016-11-15T07:39:20.179+0100: 7757.372: Total time for which application threads were stopped: 0.0004063 seconds, Stopping threads took: 0.0000302 seconds
2016-11-15T07:39:20.321+0100: 7757.513: Total time for which application threads were stopped: 0.0008526 seconds, Stopping threads took: 0.0001102 seconds
2016-11-15T07:39:21.322+0100: 7758.514: Total time for which application threads were stopped: 0.0008839 seconds, Stopping threads took: 0.0001224 seconds
2016-11-15T07:39:23.218+0100: 7760.411: Total time for which application threads were stopped: 0.0009185 seconds, Stopping threads took: 0.0001333 seconds
2016-11-15T07:39:23.219+0100: 7760.412: Total time for which application threads were stopped: 0.0004136 seconds, Stopping threads took: 0.0000331 seconds
2016-11-15T07:39:23.220+0100: 7760.412: Total time for which application threads were stopped: 0.0004021 seconds, Stopping threads took: 0.0000274 seconds
2016-11-15T07:39:23.917+0100: 7761.110: Total time for which application threads were stopped: 0.0008055 seconds, Stopping threads took: 0.0001057 seconds
2016-11-15T07:39:26.794+0100: 7763.987: Total time for which application threads were stopped: 0.0009675 seconds, Stopping threads took: 0.0001554 seconds
2016-11-15T07:39:26.795+0100: 7763.987: Total time for which application threads were stopped: 0.0003919 seconds, Stopping threads took: 0.0000297 seconds
2016-11-15T07:39:26.795+0100: 7763.988: Total time for which application threads were stopped: 0.0003988 seconds, Stopping threads took: 0.0000295 seconds
2016-11-15T07:39:27.028+0100: 7764.220: Total time for which application threads were stopped: 0.0008474 seconds, Stopping threads took: 0.0001208 seconds
2016-11-15T07:39:27.030+0100: 7764.223: Total time for which application threads were stopped: 0.0023816 seconds, Stopping threads took: 0.0000326 seconds
2016-11-15T07:39:27.031+0100: 7764.223: Total time for which application threads were stopped: 0.0005287 seconds, Stopping threads took: 0.0000358 seconds
2016-11-15T07:39:27.056+0100: 7764.248: Total time for which application threads were stopped: 0.0004910 seconds, Stopping threads took: 0.0000494 seconds
2016-11-15T07:39:27.131+0100: 7764.323: Total time for which application threads were stopped: 0.0005227 seconds, Stopping threads took: 0.0000512 seconds
2016-11-15T07:39:29.531+0100: 7766.723: Total time for which application threads were stopped: 0.0009320 seconds, Stopping threads took: 0.0001491 seconds
2016-11-15T07:39:29.532+0100: 7766.724: Total time for which application threads were stopped: 0.0004582 seconds, Stopping threads took: 0.0000435 seconds
2016-11-15T07:39:29.532+0100: 7766.725: Total time for which application threads were stopped: 0.0004002 seconds, Stopping threads took: 0.0000276 seconds
2016-11-15T07:39:29.815+0100: 7767.007: Total time for which application threads were stopped: 0.0006024 seconds, Stopping threads took: 0.0000631 seconds
2016-11-15T07:39:31.194+0100: 7768.387: Total time for which application threads were stopped: 0.0009553 seconds, Stopping threads took: 0.0001502 seconds
2016-11-15T07:39:31.196+0100: 7768.388: Total time for which application threads were stopped: 0.0005227 seconds, Stopping threads took: 0.0000923 seconds
2016-11-15T07:39:31.196+0100: 7768.388: Total time for which application threads were stopped: 0.0004291 seconds, Stopping threads took: 0.0000581 seconds
2016-11-15T07:39:31.329+0100: 7768.521: Total time for which application threads were stopped: 0.0005504 seconds, Stopping threads took: 0.0000564 seconds
2016-11-15T07:39:42.395+0100: 7779.588: Total time for which application threads were stopped: 0.0009778 seconds, Stopping threads took: 0.0001496 seconds
2016-11-15T07:39:42.396+0100: 7779.588: Total time for which application threads were stopped: 0.0004396 seconds, Stopping threads took: 0.0000333 seconds
2016-11-15T07:39:42.396+0100: 7779.589: Total time for which application threads were stopped: 0.0004451 seconds, Stopping threads took: 0.0000315 seconds
2016-11-15T07:39:42.517+0100: 7779.709: Total time for which application threads were stopped: 0.0006016 seconds, Stopping threads took: 0.0000676 seconds
2016-11-15T07:39:50.509+0100: 7787.702: Total time for which application threads were stopped: 0.0009658 seconds, Stopping threads took: 0.0001496 seconds
2016-11-15T07:39:52.412+0100: 7789.605: Total time for which application threads were stopped: 0.0009565 seconds, Stopping threads took: 0.0001436 seconds
2016-11-15T07:39:52.414+0100: 7789.606: Total time for which application threads were stopped: 0.0004949 seconds, Stopping threads took: 0.0000652 seconds
2016-11-15T07:39:52.414+0100: 7789.606: Total time for which application threads were stopped: 0.0004062 seconds, Stopping threads took: 0.0000333 seconds
2016-11-15T07:39:52.545+0100: 7789.737: Total time for which application threads were stopped: 0.0005480 seconds, Stopping threads took: 0.0000602 seconds
2016-11-15T07:39:53.546+0100: 7790.738: Total time for which application threads were stopped: 0.0009294 seconds, Stopping threads took: 0.0001449 seconds
2016-11-15T07:40:00.548+0100: 7797.740: Total time for which application threads were stopped: 0.0009452 seconds, Stopping threads took: 0.0001546 seconds
2016-11-15T07:40:03.549+0100: 7800.741: Total time for which application threads were stopped: 0.0010700 seconds, Stopping threads took: 0.0001485 seconds
2016-11-15T07:40:09.550+0100: 7806.742: Total time for which application threads were stopped: 0.0009594 seconds, Stopping threads took: 0.0001495 seconds
2016-11-15T07:40:09.551+0100: 7806.743: Total time for which application threads were stopped: 0.0004863 seconds, Stopping threads took: 0.0000605 seconds
2016-11-15T07:40:09.551+0100: 7806.744: Total time for which application threads were stopped: 0.0004102 seconds, Stopping threads took: 0.0000421 seconds
2016-11-15T07:40:10.529+0100: 7807.722: Total time for which application threads were stopped: 0.0010134 seconds, Stopping threads took: 0.0001556 seconds
2016-11-15T07:40:13.530+0100: 7810.723: Total time for which application threads were stopped: 0.0009281 seconds, Stopping threads took: 0.0001472 seconds
2016-11-15T07:40:29.182+0100: 7826.375: Total time for which application threads were stopped: 0.0009814 seconds, Stopping threads took: 0.0001600 seconds
2016-11-15T07:40:29.183+0100: 7826.376: Total time for which application threads were stopped: 0.0005337 seconds, Stopping threads took: 0.0000957 seconds
2016-11-15T07:40:29.184+0100: 7826.376: Total time for which application threads were stopped: 0.0004475 seconds, Stopping threads took: 0.0000708 seconds
2016-11-15T07:40:29.392+0100: 7826.584: Total time for which application threads were stopped: 0.0026854 seconds, Stopping threads took: 0.0000790 seconds
2016-11-15T07:40:29.977+0100: 7827.170: Total time for which application threads were stopped: 0.0009185 seconds, Stopping threads took: 0.0001257 seconds
2016-11-15T07:40:31.383+0100: 7828.575: Total time for which application threads were stopped: 0.0029919 seconds, Stopping threads took: 0.0001509 seconds
2016-11-15T07:40:35.891+0100: 7833.083: Total time for which application threads were stopped: 0.0009875 seconds, Stopping threads took: 0.0001512 seconds
2016-11-15T07:40:35.891+0100: 7833.084: Total time for which application threads were stopped: 0.0004168 seconds, Stopping threads took: 0.0000358 seconds
2016-11-15T07:40:35.892+0100: 7833.084: Total time for which application threads were stopped: 0.0004133 seconds, Stopping threads took: 0.0000284 seconds
2016-11-15T07:40:36.750+0100: 7833.942: Total time for which application threads were stopped: 0.0009693 seconds, Stopping threads took: 0.0001419 seconds
2016-11-15T07:40:52.752+0100: 7849.944: Total time for which application threads were stopped: 0.0010386 seconds, Stopping threads took: 0.0001572 seconds
2016-11-15T07:40:55.998+0100: 7853.190: Total time for which application threads were stopped: 0.0009626 seconds, Stopping threads took: 0.0001498 seconds
2016-11-15T07:40:55.998+0100: 7853.191: Total time for which application threads were stopped: 0.0004125 seconds, Stopping threads took: 0.0000342 seconds
2016-11-15T07:40:55.999+0100: 7853.191: Total time for which application threads were stopped: 0.0004029 seconds, Stopping threads took: 0.0000293 seconds
2016-11-15T07:40:56.190+0100: 7853.382: Total time for which application threads were stopped: 0.0007632 seconds, Stopping threads took: 0.0001013 seconds
2016-11-15T07:40:57.212+0100: 7854.405: Total time for which application threads were stopped: 0.0010453 seconds, Stopping threads took: 0.0001391 seconds
2016-11-15T07:41:05.214+0100: 7862.406: Total time for which application threads were stopped: 0.0009434 seconds, Stopping threads took: 0.0001487 seconds
2016-11-15T07:41:13.215+0100: 7870.408: Total time for which application threads were stopped: 0.0009440 seconds, Stopping threads took: 0.0001451 seconds
2016-11-15T07:41:28.515+0100: 7885.708: Total time for which application threads were stopped: 0.0009732 seconds, Stopping threads took: 0.0001603 seconds
2016-11-15T07:41:28.516+0100: 7885.709: Total time for which application threads were stopped: 0.0004672 seconds, Stopping threads took: 0.0000299 seconds
2016-11-15T07:41:28.517+0100: 7885.709: Total time for which application threads were stopped: 0.0004219 seconds, Stopping threads took: 0.0000261 seconds
2016-11-15T07:41:28.536+0100: 7885.728: Total time for which application threads were stopped: 0.0005412 seconds, Stopping threads took: 0.0000606 seconds
2016-11-15T07:41:38.240+0100: 7895.433: Total time for which application threads were stopped: 0.0009978 seconds, Stopping threads took: 0.0001678 seconds
2016-11-15T07:41:38.241+0100: 7895.433: Total time for which application threads were stopped: 0.0007420 seconds, Stopping threads took: 0.0001406 seconds
2016-11-15T07:41:38.241+0100: 7895.434: Total time for which application threads were stopped: 0.0004055 seconds, Stopping threads took: 0.0000305 seconds
2016-11-15T07:41:38.483+0100: 7895.676: Total time for which application threads were stopped: 0.0026176 seconds, Stopping threads took: 0.0000843 seconds
2016-11-15T07:41:38.484+0100: 7895.677: Total time for which application threads were stopped: 0.0005532 seconds, Stopping threads took: 0.0000380 seconds
2016-11-15T07:41:38.486+0100: 7895.679: Total time for which application threads were stopped: 0.0019330 seconds, Stopping threads took: 0.0000298 seconds
2016-11-15T07:41:38.515+0100: 7895.708: Total time for which application threads were stopped: 0.0005984 seconds, Stopping threads took: 0.0000603 seconds
2016-11-15T07:41:38.516+0100: 7895.708: Total time for which application threads were stopped: 0.0003983 seconds, Stopping threads took: 0.0000270 seconds
2016-11-15T07:41:38.594+0100: 7895.787: Total time for which application threads were stopped: 0.0005472 seconds, Stopping threads took: 0.0000589 seconds
2016-11-15T07:41:45.676+0100: 7902.868: Total time for which application threads were stopped: 0.0009871 seconds, Stopping threads took: 0.0001591 seconds
2016-11-15T07:41:45.677+0100: 7902.869: Total time for which application threads were stopped: 0.0004096 seconds, Stopping threads took: 0.0000338 seconds
2016-11-15T07:41:45.677+0100: 7902.870: Total time for which application threads were stopped: 0.0004085 seconds, Stopping threads took: 0.0000293 seconds
2016-11-15T07:41:45.803+0100: 7902.996: Total time for which application threads were stopped: 0.0006513 seconds, Stopping threads took: 0.0000708 seconds
2016-11-15T07:41:47.299+0100: 7904.492: Total time for which application threads were stopped: 0.0010249 seconds, Stopping threads took: 0.0001677 seconds
2016-11-15T07:41:47.301+0100: 7904.494: Total time for which application threads were stopped: 0.0005301 seconds, Stopping threads took: 0.0000523 seconds
2016-11-15T07:41:47.303+0100: 7904.496: Total time for which application threads were stopped: 0.0004966 seconds, Stopping threads took: 0.0000493 seconds
2016-11-15T07:41:47.304+0100: 7904.496: Total time for which application threads were stopped: 0.0004357 seconds, Stopping threads took: 0.0000361 seconds
2016-11-15T07:41:47.304+0100: 7904.497: Total time for which application threads were stopped: 0.0004740 seconds, Stopping threads took: 0.0000403 seconds
2016-11-15T07:41:47.306+0100: 7904.499: Total time for which application threads were stopped: 0.0004836 seconds, Stopping threads took: 0.0000494 seconds
2016-11-15T07:41:47.307+0100: 7904.499: Total time for which application threads were stopped: 0.0004288 seconds, Stopping threads took: 0.0000342 seconds
2016-11-15T07:41:47.307+0100: 7904.500: Total time for which application threads were stopped: 0.0004339 seconds, Stopping threads took: 0.0000342 seconds
2016-11-15T07:41:47.308+0100: 7904.501: Total time for which application threads were stopped: 0.0005081 seconds, Stopping threads took: 0.0000805 seconds
2016-11-15T07:41:47.309+0100: 7904.501: Total time for which application threads were stopped: 0.0005117 seconds, Stopping threads took: 0.0001114 seconds
2016-11-15T07:41:48.310+0100: 7905.502: Total time for which application threads were stopped: 0.0009392 seconds, Stopping threads took: 0.0001243 seconds
2016-11-15T07:41:49.304+0100: 7906.497: Total time for which application threads were stopped: 0.0010976 seconds, Stopping threads took: 0.0002465 seconds
2016-11-15T07:41:49.306+0100: 7906.498: Total time for which application threads were stopped: 0.0005878 seconds, Stopping threads took: 0.0001015 seconds
2016-11-15T07:41:49.306+0100: 7906.499: Total time for which application threads were stopped: 0.0004236 seconds, Stopping threads took: 0.0000469 seconds
2016-11-15T07:41:49.463+0100: 7906.656: Total time for which application threads were stopped: 0.0009125 seconds, Stopping threads took: 0.0001204 seconds
2016-11-15T07:41:50.416+0100: 7907.608: Total time for which application threads were stopped: 0.0009562 seconds, Stopping threads took: 0.0001489 seconds
2016-11-15T07:41:50.417+0100: 7907.609: Total time for which application threads were stopped: 0.0004714 seconds, Stopping threads took: 0.0000463 seconds
2016-11-15T07:41:50.417+0100: 7907.610: Total time for which application threads were stopped: 0.0003982 seconds, Stopping threads took: 0.0000284 seconds
2016-11-15T07:41:50.522+0100: 7907.714: Total time for which application threads were stopped: 0.0008630 seconds, Stopping threads took: 0.0001129 seconds
2016-11-15T07:41:52.809+0100: 7910.002: Total time for which application threads were stopped: 0.0009892 seconds, Stopping threads took: 0.0001479 seconds
2016-11-15T07:41:52.810+0100: 7910.003: Total time for which application threads were stopped: 0.0004164 seconds, Stopping threads took: 0.0000332 seconds
2016-11-15T07:41:52.811+0100: 7910.003: Total time for which application threads were stopped: 0.0004117 seconds, Stopping threads took: 0.0000290 seconds
2016-11-15T07:41:52.900+0100: 7910.092: Total time for which application threads were stopped: 0.0005738 seconds, Stopping threads took: 0.0000703 seconds
2016-11-15T07:41:53.901+0100: 7911.093: Total time for which application threads were stopped: 0.0009549 seconds, Stopping threads took: 0.0001560 seconds
2016-11-15T07:41:55.902+0100: 7913.094: Total time for which application threads were stopped: 0.0009376 seconds, Stopping threads took: 0.0001486 seconds
2016-11-15T07:42:04.389+0100: 7921.582: Total time for which application threads were stopped: 0.0009766 seconds, Stopping threads took: 0.0001478 seconds
2016-11-15T07:42:04.390+0100: 7921.583: Total time for which application threads were stopped: 0.0004148 seconds, Stopping threads took: 0.0000327 seconds
2016-11-15T07:42:04.391+0100: 7921.583: Total time for which application threads were stopped: 0.0004065 seconds, Stopping threads took: 0.0000269 seconds
2016-11-15T07:42:04.572+0100: 7921.765: Total time for which application threads were stopped: 0.0007085 seconds, Stopping threads took: 0.0000852 seconds
2016-11-15T07:42:07.524+0100: 7924.717: Total time for which application threads were stopped: 0.0009636 seconds, Stopping threads took: 0.0001439 seconds
2016-11-15T07:42:07.526+0100: 7924.718: Total time for which application threads were stopped: 0.0004141 seconds, Stopping threads took: 0.0000327 seconds
2016-11-15T07:42:07.526+0100: 7924.718: Total time for which application threads were stopped: 0.0004147 seconds, Stopping threads took: 0.0000304 seconds
2016-11-15T07:42:07.682+0100: 7924.874: Total time for which application threads were stopped: 0.0007978 seconds, Stopping threads took: 0.0001047 seconds
2016-11-15T07:42:07.910+0100: 7925.102: Total time for which application threads were stopped: 0.0007631 seconds, Stopping threads took: 0.0001047 seconds
2016-11-15T07:42:07.911+0100: 7925.103: Total time for which application threads were stopped: 0.0004121 seconds, Stopping threads took: 0.0000334 seconds
2016-11-15T07:42:07.911+0100: 7925.104: Total time for which application threads were stopped: 0.0004058 seconds, Stopping threads took: 0.0000273 seconds
2016-11-15T07:42:08.085+0100: 7925.278: Total time for which application threads were stopped: 0.0006646 seconds, Stopping threads took: 0.0000786 seconds
2016-11-15T07:42:08.089+0100: 7925.281: Total time for which application threads were stopped: 0.0025357 seconds, Stopping threads took: 0.0000443 seconds
2016-11-15T07:42:12.833+0100: 7930.026: Total time for which application threads were stopped: 0.0009878 seconds, Stopping threads took: 0.0001601 seconds
2016-11-15T07:42:12.834+0100: 7930.026: Total time for which application threads were stopped: 0.0004149 seconds, Stopping threads took: 0.0000343 seconds
2016-11-15T07:42:12.834+0100: 7930.027: Total time for which application threads were stopped: 0.0004044 seconds, Stopping threads took: 0.0000279 seconds
2016-11-15T07:42:13.051+0100: 7930.244: Total time for which application threads were stopped: 0.0006974 seconds, Stopping threads took: 0.0000877 seconds
2016-11-15T07:42:15.053+0100: 7932.245: Total time for which application threads were stopped: 0.0009435 seconds, Stopping threads took: 0.0001607 seconds
2016-11-15T07:42:19.490+0100: 7936.682: Total time for which application threads were stopped: 0.0009937 seconds, Stopping threads took: 0.0001630 seconds
2016-11-15T07:42:19.490+0100: 7936.683: Total time for which application threads were stopped: 0.0004156 seconds, Stopping threads took: 0.0000340 seconds
2016-11-15T07:42:19.491+0100: 7936.683: Total time for which application threads were stopped: 0.0004024 seconds, Stopping threads took: 0.0000267 seconds
2016-11-15T07:42:19.626+0100: 7936.818: Total time for which application threads were stopped: 0.0005834 seconds, Stopping threads took: 0.0000681 seconds
2016-11-15T07:42:26.628+0100: 7943.820: Total time for which application threads were stopped: 0.0010724 seconds, Stopping threads took: 0.0001462 seconds
2016-11-15T07:42:26.680+0100: 7943.872: Total time for which application threads were stopped: 0.0005520 seconds, Stopping threads took: 0.0000488 seconds
2016-11-15T07:42:26.680+0100: 7943.873: Total time for which application threads were stopped: 0.0004499 seconds, Stopping threads took: 0.0000333 seconds
2016-11-15T07:42:26.681+0100: 7943.873: Total time for which application threads were stopped: 0.0004362 seconds, Stopping threads took: 0.0000284 seconds
2016-11-15T07:42:30.021+0100: 7947.214: Total time for which application threads were stopped: 0.0009596 seconds, Stopping threads took: 0.0001534 seconds
2016-11-15T07:42:30.022+0100: 7947.215: Total time for which application threads were stopped: 0.0004641 seconds, Stopping threads took: 0.0000438 seconds
2016-11-15T07:42:30.023+0100: 7947.215: Total time for which application threads were stopped: 0.0003986 seconds, Stopping threads took: 0.0000293 seconds
2016-11-15T07:42:30.159+0100: 7947.351: Total time for which application threads were stopped: 0.0007552 seconds, Stopping threads took: 0.0000915 seconds
2016-11-15T07:42:33.285+0100: 7950.478: Total time for which application threads were stopped: 0.0009954 seconds, Stopping threads took: 0.0001501 seconds
2016-11-15T07:42:40.941+0100: 7958.134: Total time for which application threads were stopped: 0.0010769 seconds, Stopping threads took: 0.0001721 seconds
2016-11-15T07:42:40.944+0100: 7958.136: Total time for which application threads were stopped: 0.0025303 seconds, Stopping threads took: 0.0000698 seconds
2016-11-15T07:42:40.945+0100: 7958.137: Total time for which application threads were stopped: 0.0006623 seconds, Stopping threads took: 0.0000814 seconds
2016-11-15T07:42:41.333+0100: 7958.525: Total time for which application threads were stopped: 0.0010769 seconds, Stopping threads took: 0.0001554 seconds
2016-11-15T07:42:42.657+0100: 7959.850: Total time for which application threads were stopped: 0.0009607 seconds, Stopping threads took: 0.0001426 seconds
2016-11-15T07:42:42.658+0100: 7959.851: Total time for which application threads were stopped: 0.0004133 seconds, Stopping threads took: 0.0000327 seconds
2016-11-15T07:42:42.659+0100: 7959.851: Total time for which application threads were stopped: 0.0004048 seconds, Stopping threads took: 0.0000290 seconds
2016-11-15T07:42:42.821+0100: 7960.013: Total time for which application threads were stopped: 0.0006410 seconds, Stopping threads took: 0.0000686 seconds
2016-11-15T07:42:43.297+0100: 7960.490: Total time for which application threads were stopped: 0.0010458 seconds, Stopping threads took: 0.0001492 seconds
2016-11-15T07:42:47.064+0100: 7964.256: Total time for which application threads were stopped: 0.0009448 seconds, Stopping threads took: 0.0001466 seconds
2016-11-15T07:42:47.064+0100: 7964.257: Total time for which application threads were stopped: 0.0004907 seconds, Stopping threads took: 0.0000292 seconds
2016-11-15T07:42:47.065+0100: 7964.257: Total time for which application threads were stopped: 0.0004130 seconds, Stopping threads took: 0.0000293 seconds
2016-11-15T07:42:47.262+0100: 7964.454: Total time for which application threads were stopped: 0.0008945 seconds, Stopping threads took: 0.0001407 seconds
2016-11-15T07:42:47.262+0100: 7964.455: Total time for which application threads were stopped: 0.0004132 seconds, Stopping threads took: 0.0000358 seconds
2016-11-15T07:42:47.263+0100: 7964.455: Total time for which application threads were stopped: 0.0004080 seconds, Stopping threads took: 0.0000277 seconds
2016-11-15T07:42:47.338+0100: 7964.531: Total time for which application threads were stopped: 0.0006471 seconds, Stopping threads took: 0.0000712 seconds
2016-11-15T07:42:50.432+0100: 7967.624: Total time for which application threads were stopped: 0.0009917 seconds, Stopping threads took: 0.0001712 seconds
2016-11-15T07:42:50.433+0100: 7967.625: Total time for which application threads were stopped: 0.0004855 seconds, Stopping threads took: 0.0000471 seconds
2016-11-15T07:42:50.433+0100: 7967.626: Total time for which application threads were stopped: 0.0003996 seconds, Stopping threads took: 0.0000269 seconds
2016-11-15T07:42:50.668+0100: 7967.861: Total time for which application threads were stopped: 0.0008876 seconds, Stopping threads took: 0.0001195 seconds
2016-11-15T07:42:51.669+0100: 7968.862: Total time for which application threads were stopped: 0.0009468 seconds, Stopping threads took: 0.0001495 seconds
2016-11-15T07:42:52.004+0100: 7969.196: Total time for which application threads were stopped: 0.0009887 seconds, Stopping threads took: 0.0001932 seconds
2016-11-15T07:42:52.005+0100: 7969.197: Total time for which application threads were stopped: 0.0005536 seconds, Stopping threads took: 0.0000958 seconds
2016-11-15T07:42:52.005+0100: 7969.198: Total time for which application threads were stopped: 0.0004667 seconds, Stopping threads took: 0.0000664 seconds
2016-11-15T07:42:52.921+0100: 7970.113: Total time for which application threads were stopped: 0.0010285 seconds, Stopping threads took: 0.0001428 seconds
2016-11-15T07:42:58.752+0100: 7975.945: Total time for which application threads were stopped: 0.0010543 seconds, Stopping threads took: 0.0001667 seconds
2016-11-15T07:42:58.764+0100: 7975.957: Total time for which application threads were stopped: 0.0006416 seconds, Stopping threads took: 0.0001257 seconds
2016-11-15T07:42:59.766+0100: 7976.958: Total time for which application threads were stopped: 0.0009768 seconds, Stopping threads took: 0.0001470 seconds
2016-11-15T07:43:06.391+0100: 7983.583: Total time for which application threads were stopped: 0.0009924 seconds, Stopping threads took: 0.0001466 seconds
2016-11-15T07:43:06.392+0100: 7983.584: Total time for which application threads were stopped: 0.0004765 seconds, Stopping threads took: 0.0000422 seconds
2016-11-15T07:43:06.392+0100: 7983.584: Total time for which application threads were stopped: 0.0004003 seconds, Stopping threads took: 0.0000275 seconds
2016-11-15T07:43:06.547+0100: 7983.740: Total time for which application threads were stopped: 0.0025755 seconds, Stopping threads took: 0.0000683 seconds
2016-11-15T07:43:06.851+0100: 7984.043: Total time for which application threads were stopped: 0.0008251 seconds, Stopping threads took: 0.0000890 seconds
2016-11-15T07:43:07.784+0100: 7984.976: Total time for which application threads were stopped: 0.0010177 seconds, Stopping threads took: 0.0001598 seconds
2016-11-15T07:43:07.785+0100: 7984.977: Total time for which application threads were stopped: 0.0004319 seconds, Stopping threads took: 0.0000378 seconds
2016-11-15T07:43:07.785+0100: 7984.978: Total time for which application threads were stopped: 0.0004236 seconds, Stopping threads took: 0.0000351 seconds
2016-11-15T07:43:07.842+0100: 7985.035: Total time for which application threads were stopped: 0.0006711 seconds, Stopping threads took: 0.0000848 seconds
2016-11-15T07:43:18.844+0100: 7996.036: Total time for which application threads were stopped: 0.0009418 seconds, Stopping threads took: 0.0001361 seconds
2016-11-15T07:43:26.846+0100: 8004.038: Total time for which application threads were stopped: 0.0010704 seconds, Stopping threads took: 0.0001535 seconds
2016-11-15T07:43:29.847+0100: 8007.039: Total time for which application threads were stopped: 0.0009430 seconds, Stopping threads took: 0.0001505 seconds
2016-11-15T07:43:30.213+0100: 8007.405: Total time for which application threads were stopped: 0.0029336 seconds, Stopping threads took: 0.0000902 seconds
2016-11-15T07:43:41.214+0100: 8018.407: Total time for which application threads were stopped: 0.0009628 seconds, Stopping threads took: 0.0001538 seconds
2016-11-15T07:43:41.837+0100: 8019.029: Total time for which application threads were stopped: 0.0010273 seconds, Stopping threads took: 0.0001361 seconds
2016-11-15T07:43:41.845+0100: 8019.037: Total time for which application threads were stopped: 0.0005275 seconds, Stopping threads took: 0.0000493 seconds
2016-11-15T07:43:41.882+0100: 8019.074: Total time for which application threads were stopped: 0.0005954 seconds, Stopping threads took: 0.0000773 seconds
2016-11-15T07:43:41.912+0100: 8019.105: Total time for which application threads were stopped: 0.0006215 seconds, Stopping threads took: 0.0001070 seconds
2016-11-15T07:43:42.147+0100: 8019.340: Total time for which application threads were stopped: 0.0008352 seconds, Stopping threads took: 0.0000980 seconds
2016-11-15T07:43:43.149+0100: 8020.341: Total time for which application threads were stopped: 0.0009890 seconds, Stopping threads took: 0.0001513 seconds
2016-11-15T07:43:46.150+0100: 8023.342: Total time for which application threads were stopped: 0.0009640 seconds, Stopping threads took: 0.0001653 seconds
2016-11-15T07:44:00.152+0100: 8037.344: Total time for which application threads were stopped: 0.0009605 seconds, Stopping threads took: 0.0001469 seconds
2016-11-15T07:44:16.351+0100: 8053.544: Total time for which application threads were stopped: 0.0011129 seconds, Stopping threads took: 0.0002667 seconds
2016-11-15T07:44:16.352+0100: 8053.544: Total time for which application threads were stopped: 0.0004962 seconds, Stopping threads took: 0.0000868 seconds
2016-11-15T07:44:16.353+0100: 8053.545: Total time for which application threads were stopped: 0.0004911 seconds, Stopping threads took: 0.0000990 seconds
2016-11-15T07:44:17.012+0100: 8054.204: Total time for which application threads were stopped: 0.0009501 seconds, Stopping threads took: 0.0001305 seconds
2016-11-15T07:44:23.831+0100: 8061.023: Total time for which application threads were stopped: 0.0009939 seconds, Stopping threads took: 0.0001496 seconds
2016-11-15T07:44:23.832+0100: 8061.024: Total time for which application threads were stopped: 0.0004626 seconds, Stopping threads took: 0.0000773 seconds
2016-11-15T07:44:23.832+0100: 8061.025: Total time for which application threads were stopped: 0.0004528 seconds, Stopping threads took: 0.0000660 seconds
2016-11-15T07:44:23.959+0100: 8061.151: Total time for which application threads were stopped: 0.0008448 seconds, Stopping threads took: 0.0001102 seconds
2016-11-15T07:44:29.517+0100: 8066.709: Total time for which application threads were stopped: 0.0010639 seconds, Stopping threads took: 0.0002261 seconds
2016-11-15T07:44:29.518+0100: 8066.710: Total time for which application threads were stopped: 0.0007322 seconds, Stopping threads took: 0.0003259 seconds
2016-11-15T07:44:29.518+0100: 8066.711: Total time for which application threads were stopped: 0.0005270 seconds, Stopping threads took: 0.0001325 seconds
2016-11-15T07:44:30.403+0100: 8067.596: Total time for which application threads were stopped: 0.0009880 seconds, Stopping threads took: 0.0001431 seconds
2016-11-15T07:44:31.404+0100: 8068.597: Total time for which application threads were stopped: 0.0010054 seconds, Stopping threads took: 0.0001324 seconds
2016-11-15T07:44:32.405+0100: 8069.598: Total time for which application threads were stopped: 0.0009425 seconds, Stopping threads took: 0.0001514 seconds
2016-11-15T07:44:34.407+0100: 8071.599: Total time for which application threads were stopped: 0.0010765 seconds, Stopping threads took: 0.0001546 seconds
2016-11-15T07:45:07.894+0100: 8105.087: Total time for which application threads were stopped: 0.0009752 seconds, Stopping threads took: 0.0001409 seconds
2016-11-15T07:45:07.895+0100: 8105.087: Total time for which application threads were stopped: 0.0004226 seconds, Stopping threads took: 0.0000334 seconds
2016-11-15T07:45:07.895+0100: 8105.088: Total time for which application threads were stopped: 0.0004087 seconds, Stopping threads took: 0.0000276 seconds
2016-11-15T07:45:08.047+0100: 8105.240: Total time for which application threads were stopped: 0.0006343 seconds, Stopping threads took: 0.0000735 seconds
2016-11-15T07:45:15.335+0100: 8112.527: Total time for which application threads were stopped: 0.0031182 seconds, Stopping threads took: 0.0002954 seconds
2016-11-15T07:45:15.336+0100: 8112.528: Total time for which application threads were stopped: 0.0006101 seconds, Stopping threads took: 0.0000846 seconds
2016-11-15T07:45:15.338+0100: 8112.530: Total time for which application threads were stopped: 0.0019637 seconds, Stopping threads took: 0.0000739 seconds
2016-11-15T07:45:15.385+0100: 8112.577: Total time for which application threads were stopped: 0.0008043 seconds, Stopping threads took: 0.0001016 seconds
2016-11-15T07:45:15.385+0100: 8112.578: Total time for which application threads were stopped: 0.0004094 seconds, Stopping threads took: 0.0000353 seconds
2016-11-15T07:45:15.448+0100: 8112.641: Total time for which application threads were stopped: 0.0006655 seconds, Stopping threads took: 0.0000717 seconds
2016-11-15T07:45:16.988+0100: 8114.180: Total time for which application threads were stopped: 0.0009816 seconds, Stopping threads took: 0.0001623 seconds
2016-11-15T07:45:16.989+0100: 8114.181: Total time for which application threads were stopped: 0.0004107 seconds, Stopping threads took: 0.0000337 seconds
2016-11-15T07:45:16.989+0100: 8114.182: Total time for which application threads were stopped: 0.0004078 seconds, Stopping threads took: 0.0000289 seconds
2016-11-15T07:45:17.118+0100: 8114.310: Total time for which application threads were stopped: 0.0005880 seconds, Stopping threads took: 0.0000563 seconds
2016-11-15T07:45:19.119+0100: 8116.311: Total time for which application threads were stopped: 0.0009711 seconds, Stopping threads took: 0.0001549 seconds
2016-11-15T07:45:19.621+0100: 8116.813: Total time for which application threads were stopped: 0.0011214 seconds, Stopping threads took: 0.0001966 seconds
2016-11-15T07:45:19.622+0100: 8116.814: Total time for which application threads were stopped: 0.0004765 seconds, Stopping threads took: 0.0000508 seconds
2016-11-15T07:45:19.622+0100: 8116.815: Total time for which application threads were stopped: 0.0004658 seconds, Stopping threads took: 0.0000440 seconds
2016-11-15T07:45:19.690+0100: 8116.883: Total time for which application threads were stopped: 0.0005499 seconds, Stopping threads took: 0.0000601 seconds
2016-11-15T07:45:28.692+0100: 8125.884: Total time for which application threads were stopped: 0.0009609 seconds, Stopping threads took: 0.0001526 seconds
2016-11-15T07:45:42.535+0100: 8139.727: Total time for which application threads were stopped: 0.0009845 seconds, Stopping threads took: 0.0001584 seconds
2016-11-15T07:45:42.536+0100: 8139.728: Total time for which application threads were stopped: 0.0004211 seconds, Stopping threads took: 0.0000343 seconds
2016-11-15T07:45:42.536+0100: 8139.728: Total time for which application threads were stopped: 0.0004362 seconds, Stopping threads took: 0.0000296 seconds
2016-11-15T07:45:42.689+0100: 8139.881: Total time for which application threads were stopped: 0.0006070 seconds, Stopping threads took: 0.0000705 seconds
2016-11-15T07:45:46.741+0100: 8143.933: Total time for which application threads were stopped: 0.0009849 seconds, Stopping threads took: 0.0001509 seconds
2016-11-15T07:45:46.742+0100: 8143.934: Total time for which application threads were stopped: 0.0004328 seconds, Stopping threads took: 0.0000329 seconds
2016-11-15T07:45:46.742+0100: 8143.935: Total time for which application threads were stopped: 0.0004089 seconds, Stopping threads took: 0.0000275 seconds
2016-11-15T07:45:46.909+0100: 8144.101: Total time for which application threads were stopped: 0.0006603 seconds, Stopping threads took: 0.0000695 seconds
2016-11-15T07:45:51.910+0100: 8149.103: Total time for which application threads were stopped: 0.0009388 seconds, Stopping threads took: 0.0001414 seconds
2016-11-15T07:46:00.912+0100: 8158.104: Total time for which application threads were stopped: 0.0009378 seconds, Stopping threads took: 0.0001412 seconds
2016-11-15T07:46:11.067+0100: 8168.259: Total time for which application threads were stopped: 0.0032166 seconds, Stopping threads took: 0.0001584 seconds
2016-11-15T07:46:32.316+0100: 8189.508: Total time for which application threads were stopped: 0.0010294 seconds, Stopping threads took: 0.0001534 seconds
2016-11-15T07:46:32.317+0100: 8189.509: Total time for which application threads were stopped: 0.0004225 seconds, Stopping threads took: 0.0000339 seconds
2016-11-15T07:46:32.317+0100: 8189.510: Total time for which application threads were stopped: 0.0004154 seconds, Stopping threads took: 0.0000288 seconds
2016-11-15T07:46:32.447+0100: 8189.639: Total time for which application threads were stopped: 0.0007065 seconds, Stopping threads took: 0.0000769 seconds
2016-11-15T07:46:38.213+0100: 8195.405: Total time for which application threads were stopped: 0.0010580 seconds, Stopping threads took: 0.0001649 seconds
2016-11-15T07:46:38.423+0100: 8195.616: Total time for which application threads were stopped: 0.0006636 seconds, Stopping threads took: 0.0000800 seconds
2016-11-15T07:46:38.424+0100: 8195.616: Total time for which application threads were stopped: 0.0004375 seconds, Stopping threads took: 0.0000332 seconds
2016-11-15T07:46:38.424+0100: 8195.617: Total time for which application threads were stopped: 0.0004153 seconds, Stopping threads took: 0.0000297 seconds
2016-11-15T07:46:38.553+0100: 8195.746: Total time for which application threads were stopped: 0.0006069 seconds, Stopping threads took: 0.0000719 seconds
2016-11-15T07:46:38.568+0100: 8195.761: Total time for which application threads were stopped: 0.0005270 seconds, Stopping threads took: 0.0000532 seconds
2016-11-15T07:46:38.569+0100: 8195.761: Total time for which application threads were stopped: 0.0004166 seconds, Stopping threads took: 0.0000326 seconds
2016-11-15T07:46:38.569+0100: 8195.762: Total time for which application threads were stopped: 0.0004134 seconds, Stopping threads took: 0.0000279 seconds
2016-11-15T07:46:39.474+0100: 8196.666: Total time for which application threads were stopped: 0.0008513 seconds, Stopping threads took: 0.0001202 seconds
2016-11-15T07:46:44.841+0100: 8202.033: Total time for which application threads were stopped: 0.0009775 seconds, Stopping threads took: 0.0001431 seconds
2016-11-15T07:46:44.841+0100: 8202.034: Total time for which application threads were stopped: 0.0004247 seconds, Stopping threads took: 0.0000396 seconds
2016-11-15T07:46:44.842+0100: 8202.034: Total time for which application threads were stopped: 0.0004112 seconds, Stopping threads took: 0.0000279 seconds
2016-11-15T07:46:45.089+0100: 8202.281: Total time for which application threads were stopped: 0.0009687 seconds, Stopping threads took: 0.0001425 seconds
2016-11-15T07:46:56.372+0100: 8213.564: Total time for which application threads were stopped: 0.0009741 seconds, Stopping threads took: 0.0001491 seconds
2016-11-15T07:46:56.372+0100: 8213.565: Total time for which application threads were stopped: 0.0004231 seconds, Stopping threads took: 0.0000346 seconds
2016-11-15T07:46:56.373+0100: 8213.565: Total time for which application threads were stopped: 0.0004086 seconds, Stopping threads took: 0.0000282 seconds
2016-11-15T07:46:56.501+0100: 8213.693: Total time for which application threads were stopped: 0.0005565 seconds, Stopping threads took: 0.0000632 seconds
2016-11-15T07:47:25.410+0100: 8242.603: Total time for which application threads were stopped: 0.0010092 seconds, Stopping threads took: 0.0001575 seconds
2016-11-15T07:47:25.411+0100: 8242.604: Total time for which application threads were stopped: 0.0004329 seconds, Stopping threads took: 0.0000397 seconds
2016-11-15T07:47:25.412+0100: 8242.604: Total time for which application threads were stopped: 0.0004221 seconds, Stopping threads took: 0.0000339 seconds
2016-11-15T07:47:25.494+0100: 8242.687: Total time for which application threads were stopped: 0.0008611 seconds, Stopping threads took: 0.0001134 seconds
2016-11-15T07:47:28.663+0100: 8245.855: Total time for which application threads were stopped: 0.0009559 seconds, Stopping threads took: 0.0001417 seconds
2016-11-15T07:47:28.664+0100: 8245.856: Total time for which application threads were stopped: 0.0004115 seconds, Stopping threads took: 0.0000312 seconds
2016-11-15T07:47:28.664+0100: 8245.857: Total time for which application threads were stopped: 0.0004246 seconds, Stopping threads took: 0.0000426 seconds
2016-11-15T07:47:28.693+0100: 8245.886: Total time for which application threads were stopped: 0.0007385 seconds, Stopping threads took: 0.0000859 seconds
2016-11-15T07:47:30.913+0100: 8248.106: Total time for which application threads were stopped: 0.0012464 seconds, Stopping threads took: 0.0001543 seconds
2016-11-15T07:47:31.000+0100: 8248.193: Total time for which application threads were stopped: 0.0009646 seconds, Stopping threads took: 0.0001453 seconds
2016-11-15T07:47:31.028+0100: 8248.221: Total time for which application threads were stopped: 0.0006125 seconds, Stopping threads took: 0.0000616 seconds
2016-11-15T07:47:31.029+0100: 8248.221: Total time for which application threads were stopped: 0.0004950 seconds, Stopping threads took: 0.0000344 seconds
2016-11-15T07:47:31.029+0100: 8248.222: Total time for which application threads were stopped: 0.0004763 seconds, Stopping threads took: 0.0000418 seconds
2016-11-15T07:47:31.030+0100: 8248.222: Total time for which application threads were stopped: 0.0005387 seconds, Stopping threads took: 0.0000962 seconds
2016-11-15T07:47:31.032+0100: 8248.224: Total time for which application threads were stopped: 0.0005097 seconds, Stopping threads took: 0.0000518 seconds
2016-11-15T07:47:32.966+0100: 8250.158: Total time for which application threads were stopped: 0.0010181 seconds, Stopping threads took: 0.0001527 seconds
2016-11-15T07:47:32.967+0100: 8250.159: Total time for which application threads were stopped: 0.0004141 seconds, Stopping threads took: 0.0000338 seconds
2016-11-15T07:47:32.967+0100: 8250.160: Total time for which application threads were stopped: 0.0004130 seconds, Stopping threads took: 0.0000309 seconds
2016-11-15T07:47:33.241+0100: 8250.433: Total time for which application threads were stopped: 0.0008018 seconds, Stopping threads took: 0.0001079 seconds
2016-11-15T07:47:37.769+0100: 8254.962: Total time for which application threads were stopped: 0.0029304 seconds, Stopping threads took: 0.0001427 seconds
2016-11-15T07:47:37.770+0100: 8254.962: Total time for which application threads were stopped: 0.0005457 seconds, Stopping threads took: 0.0000388 seconds
2016-11-15T07:47:37.770+0100: 8254.963: Total time for which application threads were stopped: 0.0004257 seconds, Stopping threads took: 0.0000304 seconds
2016-11-15T07:47:37.773+0100: 8254.965: Total time for which application threads were stopped: 0.0005282 seconds, Stopping threads took: 0.0000507 seconds
2016-11-15T07:47:37.803+0100: 8254.996: Total time for which application threads were stopped: 0.0005452 seconds, Stopping threads took: 0.0000586 seconds
2016-11-15T07:47:37.804+0100: 8254.996: Total time for which application threads were stopped: 0.0004279 seconds, Stopping threads took: 0.0000338 seconds
2016-11-15T07:47:37.804+0100: 8254.997: Total time for which application threads were stopped: 0.0004291 seconds, Stopping threads took: 0.0000279 seconds
2016-11-15T07:47:37.821+0100: 8255.014: Total time for which application threads were stopped: 0.0005580 seconds, Stopping threads took: 0.0000569 seconds
2016-11-15T07:47:47.228+0100: 8264.420: Total time for which application threads were stopped: 0.0010637 seconds, Stopping threads took: 0.0001521 seconds
2016-11-15T07:47:52.229+0100: 8269.421: Total time for which application threads were stopped: 0.0010261 seconds, Stopping threads took: 0.0001507 seconds
2016-11-15T07:47:58.230+0100: 8275.423: Total time for which application threads were stopped: 0.0009563 seconds, Stopping threads took: 0.0001506 seconds
2016-11-15T07:48:00.231+0100: 8277.424: Total time for which application threads were stopped: 0.0009644 seconds, Stopping threads took: 0.0001557 seconds
2016-11-15T07:48:05.554+0100: 8282.746: Total time for which application threads were stopped: 0.0010934 seconds, Stopping threads took: 0.0001623 seconds
2016-11-15T07:48:05.556+0100: 8282.749: Total time for which application threads were stopped: 0.0005496 seconds, Stopping threads took: 0.0000471 seconds
2016-11-15T07:48:05.558+0100: 8282.750: Total time for which application threads were stopped: 0.0005205 seconds, Stopping threads took: 0.0000438 seconds
2016-11-15T07:48:05.560+0100: 8282.752: Total time for which application threads were stopped: 0.0005843 seconds, Stopping threads took: 0.0000636 seconds
2016-11-15T07:48:05.688+0100: 8282.881: Total time for which application threads were stopped: 0.0040474 seconds, Stopping threads took: 0.0000772 seconds
2016-11-15T07:48:05.695+0100: 8282.887: Total time for which application threads were stopped: 0.0007077 seconds, Stopping threads took: 0.0000540 seconds
2016-11-15T07:48:06.696+0100: 8283.888: Total time for which application threads were stopped: 0.0010428 seconds, Stopping threads took: 0.0001358 seconds
2016-11-15T07:48:08.393+0100: 8285.586: Total time for which application threads were stopped: 0.0031955 seconds, Stopping threads took: 0.0001397 seconds
2016-11-15T07:48:08.486+0100: 8285.678: Total time for which application threads were stopped: 0.0007674 seconds, Stopping threads took: 0.0000843 seconds
2016-11-15T07:48:09.487+0100: 8286.679: Total time for which application threads were stopped: 0.0009708 seconds, Stopping threads took: 0.0001315 seconds
2016-11-15T07:48:11.488+0100: 8288.680: Total time for which application threads were stopped: 0.0009440 seconds, Stopping threads took: 0.0001493 seconds
2016-11-15T07:48:21.196+0100: 8298.389: Total time for which application threads were stopped: 0.0010617 seconds, Stopping threads took: 0.0001491 seconds
2016-11-15T07:48:21.317+0100: 8298.509: Total time for which application threads were stopped: 0.0010099 seconds, Stopping threads took: 0.0001871 seconds
2016-11-15T07:48:21.319+0100: 8298.511: Total time for which application threads were stopped: 0.0006837 seconds, Stopping threads took: 0.0002372 seconds
2016-11-15T07:48:25.233+0100: 8302.425: Total time for which application threads were stopped: 0.0010081 seconds, Stopping threads took: 0.0001540 seconds
2016-11-15T07:48:25.233+0100: 8302.426: Total time for which application threads were stopped: 0.0004065 seconds, Stopping threads took: 0.0000294 seconds
2016-11-15T07:48:25.234+0100: 8302.426: Total time for which application threads were stopped: 0.0004065 seconds, Stopping threads took: 0.0000286 seconds
2016-11-15T07:48:25.257+0100: 8302.450: Total time for which application threads were stopped: 0.0004954 seconds, Stopping threads took: 0.0000559 seconds
2016-11-15T07:48:25.258+0100: 8302.451: Total time for which application threads were stopped: 0.0004132 seconds, Stopping threads took: 0.0000328 seconds
2016-11-15T07:48:25.259+0100: 8302.451: Total time for which application threads were stopped: 0.0004146 seconds, Stopping threads took: 0.0000291 seconds
2016-11-15T07:48:25.275+0100: 8302.468: Total time for which application threads were stopped: 0.0024899 seconds, Stopping threads took: 0.0000565 seconds
2016-11-15T07:48:29.522+0100: 8306.714: Total time for which application threads were stopped: 0.0010713 seconds, Stopping threads took: 0.0001963 seconds
2016-11-15T07:48:30.523+0100: 8307.715: Total time for which application threads were stopped: 0.0009065 seconds, Stopping threads took: 0.0001455 seconds
2016-11-15T07:48:33.907+0100: 8311.100: Total time for which application threads were stopped: 0.0010969 seconds, Stopping threads took: 0.0001478 seconds
2016-11-15T07:48:33.908+0100: 8311.101: Total time for which application threads were stopped: 0.0004715 seconds, Stopping threads took: 0.0000309 seconds
2016-11-15T07:48:33.909+0100: 8311.102: Total time for which application threads were stopped: 0.0008344 seconds, Stopping threads took: 0.0001823 seconds
2016-11-15T07:48:33.957+0100: 8311.149: Total time for which application threads were stopped: 0.0005710 seconds, Stopping threads took: 0.0000780 seconds
2016-11-15T07:48:46.959+0100: 8324.151: Total time for which application threads were stopped: 0.0010189 seconds, Stopping threads took: 0.0001417 seconds
2016-11-15T07:48:53.960+0100: 8331.153: Total time for which application threads were stopped: 0.0010836 seconds, Stopping threads took: 0.0001590 seconds
2016-11-15T07:48:59.962+0100: 8337.154: Total time for which application threads were stopped: 0.0009966 seconds, Stopping threads took: 0.0001366 seconds
2016-11-15T07:49:03.883+0100: 8341.076: [GC pause (G1 Evacuation Pause) (young)
Desired survivor size 80740352 bytes, new threshold 15 (max 15)
- age   1:   21802864 bytes,   21802864 total
- age   2:   15064760 bytes,   36867624 total
- age   3:   14631200 bytes,   51498824 total
- age   4:   12737672 bytes,   64236496 total
2016-11-15T07:49:03.968+0100: 8341.161: [SoftReference, 170 refs, 0.0050934 secs]2016-11-15T07:49:03.973+0100: 8341.166: [WeakReference, 1226 refs, 0.0035971 secs]2016-11-15T07:49:03.977+0100: 8341.169: [FinalReference, 2466 refs, 0.0035111 secs]2016-11-15T07:49:03.980+0100: 8341.173: [PhantomReference, 0 refs, 5 refs, 0.0058684 secs]2016-11-15T07:49:03.986+0100: 8341.179: [JNI Weak Reference, 0.0000567 secs], 0.1212564 secs]
   [Parallel Time: 78.6 ms, GC Workers: 43]
      [GC Worker Start (ms): Min: 8341076.1, Avg: 8341076.6, Max: 8341077.1, Diff: 1.0]
      [Ext Root Scanning (ms): Min: 1.3, Avg: 2.4, Max: 17.6, Diff: 16.3, Sum: 101.2]
      [Update RS (ms): Min: 0.0, Avg: 5.6, Max: 7.0, Diff: 7.0, Sum: 238.9]
         [Processed Buffers: Min: 0, Avg: 4.1, Max: 10, Diff: 10, Sum: 176]
      [Scan RS (ms): Min: 0.1, Avg: 0.5, Max: 0.9, Diff: 0.8, Sum: 21.7]
      [Code Root Scanning (ms): Min: 0.0, Avg: 1.4, Max: 2.6, Diff: 2.6, Sum: 59.2]
      [Object Copy (ms): Min: 59.4, Avg: 65.7, Max: 67.5, Diff: 8.1, Sum: 2825.1]
      [Termination (ms): Min: 0.0, Avg: 1.2, Max: 1.6, Diff: 1.5, Sum: 53.2]
         [Termination Attempts: Min: 2, Avg: 273.9, Max: 357, Diff: 355, Sum: 11776]
      [GC Worker Other (ms): Min: 0.0, Avg: 0.5, Max: 1.0, Diff: 1.0, Sum: 19.5]
      [GC Worker Total (ms): Min: 76.3, Avg: 77.2, Max: 78.1, Diff: 1.8, Sum: 3318.7]
      [GC Worker End (ms): Min: 8341153.4, Avg: 8341153.8, Max: 8341154.3, Diff: 0.9]
   [Code Root Fixup: 4.0 ms]
   [Code Root Purge: 0.2 ms]
   [String Dedup Fixup: 2.5 ms, GC Workers: 43]
      [Queue Fixup (ms): Min: 0.0, Avg: 0.0, Max: 0.2, Diff: 0.2, Sum: 1.1]
      [Table Fixup (ms): Min: 0.8, Avg: 1.3, Max: 2.1, Diff: 1.3, Sum: 54.2]
   [Clear CT: 6.4 ms]
   [Other: 29.7 ms]
      [Choose CSet: 0.0 ms]
      [Ref Proc: 20.2 ms]
      [Ref Enq: 1.3 ms]
      [Redirty Cards: 1.3 ms]
      [Humongous Register: 0.2 ms]
      [Humongous Reclaim: 0.1 ms]
      [Free CSet: 5.9 ms]
   [Eden: 1133.0M(1133.0M)->0.0B(1126.0M) Survivors: 95.0M->102.0M Heap: 1637.5M(2048.0M)->507.0M(2048.0M)]
 [Times: user=3.67 sys=0.04, real=0.12 secs] 
2016-11-15T07:49:04.005+0100: 8341.197: Total time for which application threads were stopped: 0.1230036 seconds, Stopping threads took: 0.0001997 seconds
2016-11-15T07:49:04.006+0100: 8341.199: Total time for which application threads were stopped: 0.0010389 seconds, Stopping threads took: 0.0001341 seconds
2016-11-15T07:49:04.007+0100: 8341.200: Total time for which application threads were stopped: 0.0006227 seconds, Stopping threads took: 0.0001214 seconds
2016-11-15T07:49:04.009+0100: 8341.201: Total time for which application threads were stopped: 0.0006859 seconds, Stopping threads took: 0.0001707 seconds
2016-11-15T07:49:04.010+0100: 8341.202: Total time for which application threads were stopped: 0.0005617 seconds, Stopping threads took: 0.0000687 seconds
2016-11-15T07:49:04.010+0100: 8341.203: Total time for which application threads were stopped: 0.0005156 seconds, Stopping threads took: 0.0000383 seconds
2016-11-15T07:49:04.011+0100: 8341.203: Total time for which application threads were stopped: 0.0005921 seconds, Stopping threads took: 0.0000724 seconds
2016-11-15T07:49:04.012+0100: 8341.204: Total time for which application threads were stopped: 0.0005862 seconds, Stopping threads took: 0.0000910 seconds
2016-11-15T07:49:04.012+0100: 8341.205: Total time for which application threads were stopped: 0.0005274 seconds, Stopping threads took: 0.0000430 seconds
2016-11-15T07:49:04.013+0100: 8341.205: Total time for which application threads were stopped: 0.0005176 seconds, Stopping threads took: 0.0000329 seconds
2016-11-15T07:49:04.013+0100: 8341.206: Total time for which application threads were stopped: 0.0005219 seconds, Stopping threads took: 0.0000383 seconds
2016-11-15T07:49:04.014+0100: 8341.206: Total time for which application threads were stopped: 0.0006264 seconds, Stopping threads took: 0.0001307 seconds
2016-11-15T07:49:04.015+0100: 8341.207: Total time for which application threads were stopped: 0.0006066 seconds, Stopping threads took: 0.0001130 seconds
2016-11-15T07:49:04.015+0100: 8341.208: Total time for which application threads were stopped: 0.0005514 seconds, Stopping threads took: 0.0000453 seconds
2016-11-15T07:49:04.016+0100: 8341.209: Total time for which application threads were stopped: 0.0006005 seconds, Stopping threads took: 0.0000985 seconds
2016-11-15T07:49:04.017+0100: 8341.209: Total time for which application threads were stopped: 0.0006882 seconds, Stopping threads took: 0.0001717 seconds
2016-11-15T07:49:04.018+0100: 8341.210: Total time for which application threads were stopped: 0.0006090 seconds, Stopping threads took: 0.0000846 seconds
2016-11-15T07:49:04.018+0100: 8341.211: Total time for which application threads were stopped: 0.0005890 seconds, Stopping threads took: 0.0000728 seconds
2016-11-15T07:49:04.019+0100: 8341.212: Total time for which application threads were stopped: 0.0005653 seconds, Stopping threads took: 0.0000567 seconds
2016-11-15T07:49:04.020+0100: 8341.212: Total time for which application threads were stopped: 0.0006152 seconds, Stopping threads took: 0.0001022 seconds
2016-11-15T07:49:04.023+0100: 8341.216: Total time for which application threads were stopped: 0.0033658 seconds, Stopping threads took: 0.0001181 seconds
2016-11-15T07:49:04.047+0100: 8341.240: [GC concurrent-string-deduplication, 3244.4K->939.0K(2305.5K), avg 54.4%, 0.0267307 secs]
2016-11-15T07:49:14.025+0100: 8351.217: Total time for which application threads were stopped: 0.0011071 seconds, Stopping threads took: 0.0001522 seconds
2016-11-15T07:49:14.389+0100: 8351.582: Total time for which application threads were stopped: 0.0010206 seconds, Stopping threads took: 0.0001038 seconds
2016-11-15T07:49:14.390+0100: 8351.583: Total time for which application threads were stopped: 0.0007041 seconds, Stopping threads took: 0.0000863 seconds
2016-11-15T07:49:14.391+0100: 8351.584: Total time for which application threads were stopped: 0.0007168 seconds, Stopping threads took: 0.0001414 seconds
2016-11-15T07:49:14.573+0100: 8351.765: Total time for which application threads were stopped: 0.0007965 seconds, Stopping threads took: 0.0000970 seconds
2016-11-15T07:49:14.573+0100: 8351.766: Total time for which application threads were stopped: 0.0004883 seconds, Stopping threads took: 0.0000291 seconds
2016-11-15T07:49:14.574+0100: 8351.766: Total time for which application threads were stopped: 0.0004930 seconds, Stopping threads took: 0.0000303 seconds
2016-11-15T07:49:14.575+0100: 8351.767: Total time for which application threads were stopped: 0.0005770 seconds, Stopping threads took: 0.0000826 seconds
2016-11-15T07:49:14.575+0100: 8351.768: Total time for which application threads were stopped: 0.0005270 seconds, Stopping threads took: 0.0000339 seconds
2016-11-15T07:49:14.577+0100: 8351.769: Total time for which application threads were stopped: 0.0005452 seconds, Stopping threads took: 0.0000467 seconds
2016-11-15T07:49:14.578+0100: 8351.770: Total time for which application threads were stopped: 0.0005291 seconds, Stopping threads took: 0.0000447 seconds
2016-11-15T07:49:14.579+0100: 8351.771: Total time for which application threads were stopped: 0.0004769 seconds, Stopping threads took: 0.0000313 seconds
2016-11-15T07:49:14.579+0100: 8351.772: Total time for which application threads were stopped: 0.0004828 seconds, Stopping threads took: 0.0000303 seconds
2016-11-15T07:49:14.580+0100: 8351.772: Total time for which application threads were stopped: 0.0004831 seconds, Stopping threads took: 0.0000297 seconds
2016-11-15T07:49:14.580+0100: 8351.773: Total time for which application threads were stopped: 0.0004835 seconds, Stopping threads took: 0.0000300 seconds
2016-11-15T07:49:14.582+0100: 8351.774: Total time for which application threads were stopped: 0.0005256 seconds, Stopping threads took: 0.0000479 seconds
2016-11-15T07:49:15.606+0100: 8352.798: Total time for which application threads were stopped: 0.0008851 seconds, Stopping threads took: 0.0001194 seconds
2016-11-15T07:49:15.606+0100: 8352.799: Total time for which application threads were stopped: 0.0004520 seconds, Stopping threads took: 0.0000320 seconds
2016-11-15T07:49:15.607+0100: 8352.799: Total time for which application threads were stopped: 0.0005212 seconds, Stopping threads took: 0.0000888 seconds
2016-11-15T07:49:15.608+0100: 8352.800: Total time for which application threads were stopped: 0.0005046 seconds, Stopping threads took: 0.0000703 seconds
2016-11-15T07:49:15.608+0100: 8352.801: Total time for which application threads were stopped: 0.0005185 seconds, Stopping threads took: 0.0000713 seconds
2016-11-15T07:49:15.614+0100: 8352.807: Total time for which application threads were stopped: 0.0005396 seconds, Stopping threads took: 0.0000641 seconds
2016-11-15T07:49:18.615+0100: 8355.808: Total time for which application threads were stopped: 0.0011201 seconds, Stopping threads took: 0.0001648 seconds
2016-11-15T07:49:19.811+0100: 8357.003: Total time for which application threads were stopped: 0.0031453 seconds, Stopping threads took: 0.0001319 seconds
2016-11-15T07:49:21.812+0100: 8359.004: Total time for which application threads were stopped: 0.0010105 seconds, Stopping threads took: 0.0001501 seconds
2016-11-15T07:49:25.813+0100: 8363.006: Total time for which application threads were stopped: 0.0010750 seconds, Stopping threads took: 0.0001656 seconds
2016-11-15T07:49:28.351+0100: 8365.543: Total time for which application threads were stopped: 0.0010842 seconds, Stopping threads took: 0.0001402 seconds
2016-11-15T07:49:28.352+0100: 8365.544: Total time for which application threads were stopped: 0.0004599 seconds, Stopping threads took: 0.0000329 seconds
2016-11-15T07:49:28.352+0100: 8365.545: Total time for which application threads were stopped: 0.0004545 seconds, Stopping threads took: 0.0000290 seconds
2016-11-15T07:49:28.634+0100: 8365.827: Total time for which application threads were stopped: 0.0010405 seconds, Stopping threads took: 0.0001328 seconds
2016-11-15T07:49:31.636+0100: 8368.828: Total time for which application threads were stopped: 0.0010932 seconds, Stopping threads took: 0.0001644 seconds
2016-11-15T07:49:32.637+0100: 8369.829: Total time for which application threads were stopped: 0.0010734 seconds, Stopping threads took: 0.0001393 seconds
2016-11-15T07:49:33.638+0100: 8370.830: Total time for which application threads were stopped: 0.0010546 seconds, Stopping threads took: 0.0001493 seconds
2016-11-15T07:49:37.350+0100: 8374.542: Total time for which application threads were stopped: 0.0010821 seconds, Stopping threads took: 0.0001512 seconds
2016-11-15T07:49:37.351+0100: 8374.543: Total time for which application threads were stopped: 0.0005207 seconds, Stopping threads took: 0.0000461 seconds
2016-11-15T07:49:37.351+0100: 8374.544: Total time for which application threads were stopped: 0.0004428 seconds, Stopping threads took: 0.0000269 seconds
2016-11-15T07:49:37.505+0100: 8374.697: Total time for which application threads were stopped: 0.0008100 seconds, Stopping threads took: 0.0000926 seconds
2016-11-15T07:49:40.506+0100: 8377.699: Total time for which application threads were stopped: 0.0011458 seconds, Stopping threads took: 0.0001963 seconds
2016-11-15T07:49:41.507+0100: 8378.700: Total time for which application threads were stopped: 0.0010192 seconds, Stopping threads took: 0.0001374 seconds
2016-11-15T07:49:42.509+0100: 8379.701: Total time for which application threads were stopped: 0.0010110 seconds, Stopping threads took: 0.0001295 seconds
2016-11-15T07:50:00.511+0100: 8397.703: Total time for which application threads were stopped: 0.0011342 seconds, Stopping threads took: 0.0001517 seconds
2016-11-15T07:50:08.513+0100: 8405.705: Total time for which application threads were stopped: 0.0010748 seconds, Stopping threads took: 0.0001498 seconds
2016-11-15T07:50:09.108+0100: 8406.301: Total time for which application threads were stopped: 0.0010730 seconds, Stopping threads took: 0.0001531 seconds
2016-11-15T07:50:10.109+0100: 8407.302: Total time for which application threads were stopped: 0.0011071 seconds, Stopping threads took: 0.0001591 seconds
2016-11-15T07:50:27.112+0100: 8424.304: Total time for which application threads were stopped: 0.0010356 seconds, Stopping threads took: 0.0001577 seconds
2016-11-15T07:50:29.113+0100: 8426.305: Total time for which application threads were stopped: 0.0010122 seconds, Stopping threads took: 0.0001487 seconds
2016-11-15T07:50:32.114+0100: 8429.307: Total time for which application threads were stopped: 0.0010735 seconds, Stopping threads took: 0.0001687 seconds
2016-11-15T07:50:33.115+0100: 8430.308: Total time for which application threads were stopped: 0.0010460 seconds, Stopping threads took: 0.0001611 seconds
2016-11-15T07:50:37.629+0100: 8434.821: Total time for which application threads were stopped: 0.0035572 seconds, Stopping threads took: 0.0001496 seconds
2016-11-15T07:50:53.631+0100: 8450.824: Total time for which application threads were stopped: 0.0010909 seconds, Stopping threads took: 0.0001575 seconds
2016-11-15T07:50:54.632+0100: 8451.825: Total time for which application threads were stopped: 0.0010324 seconds, Stopping threads took: 0.0001443 seconds
2016-11-15T07:51:08.635+0100: 8465.827: Total time for which application threads were stopped: 0.0010235 seconds, Stopping threads took: 0.0001436 seconds
2016-11-15T07:51:16.636+0100: 8473.829: Total time for which application threads were stopped: 0.0010366 seconds, Stopping threads took: 0.0001527 seconds
2016-11-15T07:51:20.569+0100: 8477.761: Total time for which application threads were stopped: 0.0011590 seconds, Stopping threads took: 0.0001916 seconds
2016-11-15T07:51:20.569+0100: 8477.762: Total time for which application threads were stopped: 0.0005042 seconds, Stopping threads took: 0.0000530 seconds
2016-11-15T07:51:20.570+0100: 8477.762: Total time for which application threads were stopped: 0.0005498 seconds, Stopping threads took: 0.0000921 seconds
2016-11-15T07:51:20.646+0100: 8477.839: Total time for which application threads were stopped: 0.0007899 seconds, Stopping threads took: 0.0000966 seconds
2016-11-15T07:51:25.350+0100: 8482.543: Total time for which application threads were stopped: 0.0010712 seconds, Stopping threads took: 0.0001500 seconds
2016-11-15T07:51:29.352+0100: 8486.544: Total time for which application threads were stopped: 0.0010583 seconds, Stopping threads took: 0.0001536 seconds
2016-11-15T07:51:31.141+0100: 8488.333: Total time for which application threads were stopped: 0.0011029 seconds, Stopping threads took: 0.0001619 seconds
2016-11-15T07:51:31.141+0100: 8488.334: Total time for which application threads were stopped: 0.0004422 seconds, Stopping threads took: 0.0000329 seconds
2016-11-15T07:51:31.142+0100: 8488.334: Total time for which application threads were stopped: 0.0004380 seconds, Stopping threads took: 0.0000287 seconds
2016-11-15T07:51:31.213+0100: 8488.406: Total time for which application threads were stopped: 0.0005825 seconds, Stopping threads took: 0.0000600 seconds
2016-11-15T07:51:33.015+0100: 8490.207: Total time for which application threads were stopped: 0.0032042 seconds, Stopping threads took: 0.0001603 seconds
2016-11-15T07:51:33.016+0100: 8490.208: Total time for which application threads were stopped: 0.0005922 seconds, Stopping threads took: 0.0000406 seconds
2016-11-15T07:51:33.018+0100: 8490.210: Total time for which application threads were stopped: 0.0020272 seconds, Stopping threads took: 0.0000289 seconds
2016-11-15T07:51:33.022+0100: 8490.214: Total time for which application threads were stopped: 0.0006492 seconds, Stopping threads took: 0.0000584 seconds
2016-11-15T07:51:33.022+0100: 8490.214: Total time for which application threads were stopped: 0.0004306 seconds, Stopping threads took: 0.0000307 seconds
2016-11-15T07:51:33.069+0100: 8490.261: Total time for which application threads were stopped: 0.0005563 seconds, Stopping threads took: 0.0000509 seconds
2016-11-15T07:51:35.695+0100: 8492.887: Total time for which application threads were stopped: 0.0011086 seconds, Stopping threads took: 0.0001769 seconds
2016-11-15T07:51:35.696+0100: 8492.888: Total time for which application threads were stopped: 0.0005225 seconds, Stopping threads took: 0.0000787 seconds
2016-11-15T07:51:35.696+0100: 8492.889: Total time for which application threads were stopped: 0.0004503 seconds, Stopping threads took: 0.0000431 seconds
2016-11-15T07:51:35.736+0100: 8492.928: Total time for which application threads were stopped: 0.0005338 seconds, Stopping threads took: 0.0000622 seconds
2016-11-15T07:51:45.737+0100: 8502.930: Total time for which application threads were stopped: 0.0011236 seconds, Stopping threads took: 0.0001707 seconds
2016-11-15T07:51:46.738+0100: 8503.931: Total time for which application threads were stopped: 0.0010005 seconds, Stopping threads took: 0.0001460 seconds
2016-11-15T07:51:58.349+0100: 8515.542: Total time for which application threads were stopped: 0.0011066 seconds, Stopping threads took: 0.0001691 seconds
2016-11-15T07:51:58.350+0100: 8515.543: Total time for which application threads were stopped: 0.0004509 seconds, Stopping threads took: 0.0000329 seconds
2016-11-15T07:51:58.351+0100: 8515.543: Total time for which application threads were stopped: 0.0004437 seconds, Stopping threads took: 0.0000283 seconds
2016-11-15T07:51:58.430+0100: 8515.622: Total time for which application threads were stopped: 0.0005780 seconds, Stopping threads took: 0.0000630 seconds
2016-11-15T07:52:00.431+0100: 8517.624: Total time for which application threads were stopped: 0.0010598 seconds, Stopping threads took: 0.0001567 seconds
2016-11-15T07:52:02.308+0100: 8519.500: Total time for which application threads were stopped: 0.0010418 seconds, Stopping threads took: 0.0001416 seconds
2016-11-15T07:52:02.309+0100: 8519.501: Total time for which application threads were stopped: 0.0004640 seconds, Stopping threads took: 0.0000343 seconds
2016-11-15T07:52:02.309+0100: 8519.502: Total time for which application threads were stopped: 0.0004456 seconds, Stopping threads took: 0.0000299 seconds
2016-11-15T07:52:02.347+0100: 8519.539: Total time for which application threads were stopped: 0.0005335 seconds, Stopping threads took: 0.0000554 seconds
2016-11-15T07:52:10.348+0100: 8527.541: Total time for which application threads were stopped: 0.0010508 seconds, Stopping threads took: 0.0001430 seconds
2016-11-15T07:52:15.415+0100: 8532.607: Total time for which application threads were stopped: 0.0034093 seconds, Stopping threads took: 0.0001494 seconds
2016-11-15T07:52:16.416+0100: 8533.608: Total time for which application threads were stopped: 0.0010281 seconds, Stopping threads took: 0.0001406 seconds
2016-11-15T07:52:51.827+0100: 8569.020: Total time for which application threads were stopped: 0.0011600 seconds, Stopping threads took: 0.0001533 seconds
2016-11-15T07:52:51.828+0100: 8569.021: Total time for which application threads were stopped: 0.0004568 seconds, Stopping threads took: 0.0000331 seconds
2016-11-15T07:52:51.829+0100: 8569.021: Total time for which application threads were stopped: 0.0004494 seconds, Stopping threads took: 0.0000275 seconds
2016-11-15T07:52:52.374+0100: 8569.566: Total time for which application threads were stopped: 0.0010028 seconds, Stopping threads took: 0.0001277 seconds
2016-11-15T07:53:03.405+0100: 8580.598: Total time for which application threads were stopped: 0.0010946 seconds, Stopping threads took: 0.0001563 seconds
2016-11-15T07:53:03.406+0100: 8580.599: Total time for which application threads were stopped: 0.0004781 seconds, Stopping threads took: 0.0000364 seconds
2016-11-15T07:53:03.407+0100: 8580.599: Total time for which application threads were stopped: 0.0004505 seconds, Stopping threads took: 0.0000295 seconds
2016-11-15T07:53:04.675+0100: 8581.867: Total time for which application threads were stopped: 0.0010490 seconds, Stopping threads took: 0.0001435 seconds
2016-11-15T07:53:11.904+0100: 8589.096: Total time for which application threads were stopped: 0.0032740 seconds, Stopping threads took: 0.0001481 seconds
2016-11-15T07:53:35.010+0100: 8612.203: Total time for which application threads were stopped: 0.0011272 seconds, Stopping threads took: 0.0001719 seconds
2016-11-15T07:53:35.011+0100: 8612.203: Total time for which application threads were stopped: 0.0004665 seconds, Stopping threads took: 0.0000362 seconds
2016-11-15T07:53:35.012+0100: 8612.204: Total time for which application threads were stopped: 0.0004566 seconds, Stopping threads took: 0.0000288 seconds
2016-11-15T07:53:35.097+0100: 8612.290: Total time for which application threads were stopped: 0.0005712 seconds, Stopping threads took: 0.0000526 seconds
2016-11-15T07:53:38.857+0100: 8616.050: Total time for which application threads were stopped: 0.0012144 seconds, Stopping threads took: 0.0001993 seconds
2016-11-15T07:53:39.060+0100: 8616.253: Total time for which application threads were stopped: 0.0007718 seconds, Stopping threads took: 0.0000975 seconds
2016-11-15T07:53:39.062+0100: 8616.254: Total time for which application threads were stopped: 0.0005390 seconds, Stopping threads took: 0.0000561 seconds
2016-11-15T07:53:39.062+0100: 8616.255: Total time for which application threads were stopped: 0.0004604 seconds, Stopping threads took: 0.0000314 seconds
2016-11-15T07:53:39.101+0100: 8616.294: Total time for which application threads were stopped: 0.0005788 seconds, Stopping threads took: 0.0000606 seconds
2016-11-15T07:53:39.149+0100: 8616.341: Total time for which application threads were stopped: 0.0006487 seconds, Stopping threads took: 0.0000647 seconds
2016-11-15T07:53:39.158+0100: 8616.350: Total time for which application threads were stopped: 0.0005827 seconds, Stopping threads took: 0.0000706 seconds
2016-11-15T07:53:39.158+0100: 8616.351: Total time for which application threads were stopped: 0.0004815 seconds, Stopping threads took: 0.0000331 seconds
2016-11-15T07:53:40.159+0100: 8617.352: Total time for which application threads were stopped: 0.0009766 seconds, Stopping threads took: 0.0001172 seconds
2016-11-15T07:53:44.813+0100: 8622.006: Total time for which application threads were stopped: 0.0012512 seconds, Stopping threads took: 0.0001536 seconds
2016-11-15T07:53:45.083+0100: 8622.275: Total time for which application threads were stopped: 0.0045124 seconds, Stopping threads took: 0.0001685 seconds
2016-11-15T07:53:45.089+0100: 8622.281: Total time for which application threads were stopped: 0.0032894 seconds, Stopping threads took: 0.0000610 seconds
2016-11-15T07:53:45.141+0100: 8622.333: Total time for which application threads were stopped: 0.0045263 seconds, Stopping threads took: 0.0001686 seconds
2016-11-15T07:53:45.160+0100: 8622.352: Total time for which application threads were stopped: 0.0041078 seconds, Stopping threads took: 0.0000986 seconds
2016-11-15T07:53:45.164+0100: 8622.356: Total time for which application threads were stopped: 0.0009081 seconds, Stopping threads took: 0.0000559 seconds
2016-11-15T07:53:45.189+0100: 8622.381: Total time for which application threads were stopped: 0.0010480 seconds, Stopping threads took: 0.0001643 seconds
2016-11-15T07:53:46.190+0100: 8623.382: Total time for which application threads were stopped: 0.0011466 seconds, Stopping threads took: 0.0001463 seconds
2016-11-15T07:53:47.191+0100: 8624.384: Total time for which application threads were stopped: 0.0010287 seconds, Stopping threads took: 0.0001449 seconds
2016-11-15T07:53:48.192+0100: 8625.385: Total time for which application threads were stopped: 0.0010323 seconds, Stopping threads took: 0.0001438 seconds
2016-11-15T07:53:49.193+0100: 8626.386: Total time for which application threads were stopped: 0.0010813 seconds, Stopping threads took: 0.0001547 seconds
2016-11-15T07:53:50.195+0100: 8627.387: Total time for which application threads were stopped: 0.0010209 seconds, Stopping threads took: 0.0001505 seconds
2016-11-15T07:53:51.196+0100: 8628.388: Total time for which application threads were stopped: 0.0009430 seconds, Stopping threads took: 0.0001365 seconds
2016-11-15T07:53:53.197+0100: 8630.389: Total time for which application threads were stopped: 0.0010998 seconds, Stopping threads took: 0.0001522 seconds
2016-11-15T07:53:53.836+0100: 8631.028: Total time for which application threads were stopped: 0.0008791 seconds, Stopping threads took: 0.0001230 seconds
2016-11-15T07:53:53.837+0100: 8631.029: Total time for which application threads were stopped: 0.0004240 seconds, Stopping threads took: 0.0000320 seconds
2016-11-15T07:53:53.837+0100: 8631.030: Total time for which application threads were stopped: 0.0004462 seconds, Stopping threads took: 0.0000460 seconds
2016-11-15T07:53:54.089+0100: 8631.281: Total time for which application threads were stopped: 0.0008411 seconds, Stopping threads took: 0.0000950 seconds
2016-11-15T07:53:55.090+0100: 8632.282: Total time for which application threads were stopped: 0.0009534 seconds, Stopping threads took: 0.0001491 seconds
2016-11-15T07:53:57.567+0100: 8634.759: Total time for which application threads were stopped: 0.0009757 seconds, Stopping threads took: 0.0001495 seconds
2016-11-15T07:53:57.568+0100: 8634.760: Total time for which application threads were stopped: 0.0004743 seconds, Stopping threads took: 0.0000465 seconds
2016-11-15T07:53:57.568+0100: 8634.761: Total time for which application threads were stopped: 0.0004066 seconds, Stopping threads took: 0.0000277 seconds
2016-11-15T07:53:57.739+0100: 8634.931: Total time for which application threads were stopped: 0.0007520 seconds, Stopping threads took: 0.0000900 seconds
2016-11-15T07:54:02.740+0100: 8639.932: Total time for which application threads were stopped: 0.0010200 seconds, Stopping threads took: 0.0001542 seconds
2016-11-15T07:54:03.176+0100: 8640.368: Total time for which application threads were stopped: 0.0009676 seconds, Stopping threads took: 0.0001364 seconds
2016-11-15T07:54:03.177+0100: 8640.369: Total time for which application threads were stopped: 0.0005447 seconds, Stopping threads took: 0.0000344 seconds
2016-11-15T07:54:03.177+0100: 8640.370: Total time for which application threads were stopped: 0.0004206 seconds, Stopping threads took: 0.0000301 seconds
2016-11-15T07:54:03.330+0100: 8640.522: Total time for which application threads were stopped: 0.0006549 seconds, Stopping threads took: 0.0000785 seconds
2016-11-15T07:54:03.641+0100: 8640.833: Total time for which application threads were stopped: 0.0027665 seconds, Stopping threads took: 0.0001144 seconds
2016-11-15T07:54:04.642+0100: 8641.834: Total time for which application threads were stopped: 0.0010087 seconds, Stopping threads took: 0.0001386 seconds
2016-11-15T07:54:06.643+0100: 8643.835: Total time for which application threads were stopped: 0.0009656 seconds, Stopping threads took: 0.0001579 seconds
2016-11-15T07:54:07.365+0100: 8644.557: Total time for which application threads were stopped: 0.0009553 seconds, Stopping threads took: 0.0001545 seconds
2016-11-15T07:54:07.366+0100: 8644.558: Total time for which application threads were stopped: 0.0004145 seconds, Stopping threads took: 0.0000333 seconds
2016-11-15T07:54:07.366+0100: 8644.559: Total time for which application threads were stopped: 0.0004120 seconds, Stopping threads took: 0.0000277 seconds
2016-11-15T07:54:07.518+0100: 8644.711: Total time for which application threads were stopped: 0.0005761 seconds, Stopping threads took: 0.0000590 seconds
2016-11-15T07:54:09.519+0100: 8646.712: Total time for which application threads were stopped: 0.0009294 seconds, Stopping threads took: 0.0001513 seconds
2016-11-15T07:54:10.521+0100: 8647.713: Total time for which application threads were stopped: 0.0009385 seconds, Stopping threads took: 0.0001353 seconds
2016-11-15T07:54:11.522+0100: 8648.714: Total time for which application threads were stopped: 0.0009721 seconds, Stopping threads took: 0.0001720 seconds
2016-11-15T07:54:18.523+0100: 8655.715: Total time for which application threads were stopped: 0.0009663 seconds, Stopping threads took: 0.0001566 seconds
2016-11-15T07:54:19.524+0100: 8656.717: Total time for which application threads were stopped: 0.0009492 seconds, Stopping threads took: 0.0001537 seconds
2016-11-15T07:54:20.597+0100: 8657.790: Total time for which application threads were stopped: 0.0011270 seconds, Stopping threads took: 0.0001550 seconds
2016-11-15T07:54:20.601+0100: 8657.793: Total time for which application threads were stopped: 0.0028948 seconds, Stopping threads took: 0.0001230 seconds
2016-11-15T07:54:20.602+0100: 8657.794: Total time for which application threads were stopped: 0.0007608 seconds, Stopping threads took: 0.0000981 seconds
2016-11-15T07:54:20.629+0100: 8657.822: Total time for which application threads were stopped: 0.0010647 seconds, Stopping threads took: 0.0000724 seconds
2016-11-15T07:54:20.701+0100: 8657.893: Total time for which application threads were stopped: 0.0009901 seconds, Stopping threads took: 0.0001209 seconds
2016-11-15T07:54:22.702+0100: 8659.894: Total time for which application threads were stopped: 0.0010386 seconds, Stopping threads took: 0.0001491 seconds
2016-11-15T07:54:24.703+0100: 8661.895: Total time for which application threads were stopped: 0.0009742 seconds, Stopping threads took: 0.0001472 seconds
2016-11-15T07:54:32.705+0100: 8669.897: Total time for which application threads were stopped: 0.0011946 seconds, Stopping threads took: 0.0001388 seconds
2016-11-15T07:54:34.706+0100: 8671.898: Total time for which application threads were stopped: 0.0010707 seconds, Stopping threads took: 0.0001550 seconds
2016-11-15T07:54:38.707+0100: 8675.900: Total time for which application threads were stopped: 0.0009418 seconds, Stopping threads took: 0.0001454 seconds
2016-11-15T07:54:55.067+0100: 8692.260: Total time for which application threads were stopped: 0.0010372 seconds, Stopping threads took: 0.0001534 seconds
2016-11-15T07:54:55.068+0100: 8692.261: Total time for which application threads were stopped: 0.0004246 seconds, Stopping threads took: 0.0000336 seconds
2016-11-15T07:54:55.069+0100: 8692.261: Total time for which application threads were stopped: 0.0004360 seconds, Stopping threads took: 0.0000377 seconds
2016-11-15T07:54:55.840+0100: 8693.033: Total time for which application threads were stopped: 0.0009962 seconds, Stopping threads took: 0.0001531 seconds
2016-11-15T07:55:04.360+0100: 8701.552: Total time for which application threads were stopped: 0.0010827 seconds, Stopping threads took: 0.0002034 seconds
2016-11-15T07:55:04.361+0100: 8701.553: Total time for which application threads were stopped: 0.0005506 seconds, Stopping threads took: 0.0001369 seconds
2016-11-15T07:55:04.362+0100: 8701.554: Total time for which application threads were stopped: 0.0007198 seconds, Stopping threads took: 0.0001119 seconds
2016-11-15T07:55:04.612+0100: 8701.805: Total time for which application threads were stopped: 0.0027655 seconds, Stopping threads took: 0.0000898 seconds
2016-11-15T07:55:05.127+0100: 8702.320: Total time for which application threads were stopped: 0.0008354 seconds, Stopping threads took: 0.0001094 seconds
2016-11-15T07:55:08.113+0100: 8705.306: Total time for which application threads were stopped: 0.0009827 seconds, Stopping threads took: 0.0001432 seconds
2016-11-15T07:55:08.114+0100: 8705.307: Total time for which application threads were stopped: 0.0004283 seconds, Stopping threads took: 0.0000325 seconds
2016-11-15T07:55:08.115+0100: 8705.307: Total time for which application threads were stopped: 0.0004162 seconds, Stopping threads took: 0.0000270 seconds
2016-11-15T07:55:08.268+0100: 8705.460: [GC pause (G1 Evacuation Pause) (young)
Desired survivor size 80740352 bytes, new threshold 15 (max 15)
- age   1:   10098640 bytes,   10098640 total
- age   2:   21545632 bytes,   31644272 total
- age   3:   15046504 bytes,   46690776 total
- age   4:   13324408 bytes,   60015184 total
- age   5:   12737632 bytes,   72752816 total
2016-11-15T07:55:08.355+0100: 8705.547: [SoftReference, 1056 refs, 0.0061662 secs]2016-11-15T07:55:08.361+0100: 8705.553: [WeakReference, 1159 refs, 0.0033926 secs]2016-11-15T07:55:08.364+0100: 8705.557: [FinalReference, 1897 refs, 0.0036838 secs]2016-11-15T07:55:08.368+0100: 8705.560: [PhantomReference, 0 refs, 5 refs, 0.0063880 secs]2016-11-15T07:55:08.374+0100: 8705.567: [JNI Weak Reference, 0.0000595 secs], 0.1253245 secs]
   [Parallel Time: 80.3 ms, GC Workers: 43]
      [GC Worker Start (ms): Min: 8705460.9, Avg: 8705461.4, Max: 8705461.9, Diff: 1.0]
      [Ext Root Scanning (ms): Min: 1.3, Avg: 2.4, Max: 13.8, Diff: 12.5, Sum: 101.1]
      [Update RS (ms): Min: 0.0, Avg: 4.5, Max: 6.6, Diff: 6.6, Sum: 194.0]
         [Processed Buffers: Min: 0, Avg: 2.7, Max: 7, Diff: 7, Sum: 116]
      [Scan RS (ms): Min: 0.1, Avg: 0.7, Max: 1.6, Diff: 1.5, Sum: 29.0]
      [Code Root Scanning (ms): Min: 0.0, Avg: 1.4, Max: 3.1, Diff: 3.1, Sum: 62.3]
      [Object Copy (ms): Min: 64.2, Avg: 67.5, Max: 69.7, Diff: 5.5, Sum: 2903.5]
      [Termination (ms): Min: 0.0, Avg: 1.5, Max: 2.0, Diff: 2.0, Sum: 66.3]
         [Termination Attempts: Min: 1, Avg: 311.6, Max: 435, Diff: 434, Sum: 13400]
      [GC Worker Other (ms): Min: 0.0, Avg: 0.5, Max: 1.1, Diff: 1.1, Sum: 22.0]
      [GC Worker Total (ms): Min: 77.8, Avg: 78.6, Max: 79.5, Diff: 1.7, Sum: 3378.3]
      [GC Worker End (ms): Min: 8705539.5, Avg: 8705540.0, Max: 8705540.6, Diff: 1.1]
   [Code Root Fixup: 4.1 ms]
   [Code Root Purge: 0.1 ms]
   [String Dedup Fixup: 2.3 ms, GC Workers: 43]
      [Queue Fixup (ms): Min: 0.0, Avg: 0.1, Max: 0.4, Diff: 0.4, Sum: 2.3]
      [Table Fixup (ms): Min: 0.9, Avg: 1.4, Max: 1.7, Diff: 0.8, Sum: 60.3]
   [Clear CT: 7.5 ms]
   [Other: 31.0 ms]
      [Choose CSet: 0.0 ms]
      [Ref Proc: 21.5 ms]
      [Ref Enq: 1.3 ms]
      [Redirty Cards: 1.3 ms]
      [Humongous Register: 0.2 ms]
      [Humongous Reclaim: 0.1 ms]
      [Free CSet: 5.8 ms]
   [Eden: 1126.0M(1126.0M)->0.0B(1126.0M) Survivors: 102.0M->102.0M Heap: 1635.0M(2048.0M)->508.5M(2048.0M)]
 [Times: user=3.74 sys=0.03, real=0.12 secs] 
2016-11-15T07:55:08.394+0100: 8705.586: Total time for which application threads were stopped: 0.1266592 seconds, Stopping threads took: 0.0000738 seconds
2016-11-15T07:55:08.395+0100: 8705.588: Total time for which application threads were stopped: 0.0011391 seconds, Stopping threads took: 0.0002092 seconds
2016-11-15T07:55:08.396+0100: 8705.588: Total time for which application threads were stopped: 0.0006137 seconds, Stopping threads took: 0.0001221 seconds
2016-11-15T07:55:08.397+0100: 8705.589: Total time for which application threads were stopped: 0.0006042 seconds, Stopping threads took: 0.0001167 seconds
2016-11-15T07:55:08.397+0100: 8705.590: Total time for which application threads were stopped: 0.0005133 seconds, Stopping threads took: 0.0000458 seconds
2016-11-15T07:55:08.398+0100: 8705.591: Total time for which application threads were stopped: 0.0006021 seconds, Stopping threads took: 0.0001146 seconds
2016-11-15T07:55:08.399+0100: 8705.592: Total time for which application threads were stopped: 0.0005396 seconds, Stopping threads took: 0.0000769 seconds
2016-11-15T07:55:08.400+0100: 8705.592: Total time for which application threads were stopped: 0.0005262 seconds, Stopping threads took: 0.0000606 seconds
2016-11-15T07:55:08.400+0100: 8705.593: Total time for which application threads were stopped: 0.0006557 seconds, Stopping threads took: 0.0001632 seconds
2016-11-15T07:55:08.434+0100: 8705.627: [GC concurrent-string-deduplication, 3142.1K->482.4K(2659.7K), avg 57.3%, 0.0351228 secs]
2016-11-15T07:55:10.981+0100: 8708.173: Total time for which application threads were stopped: 0.0009878 seconds, Stopping threads took: 0.0001450 seconds
2016-11-15T07:55:10.981+0100: 8708.174: Total time for which application threads were stopped: 0.0004156 seconds, Stopping threads took: 0.0000326 seconds
2016-11-15T07:55:10.982+0100: 8708.174: Total time for which application threads were stopped: 0.0004101 seconds, Stopping threads took: 0.0000279 seconds
2016-11-15T07:55:11.369+0100: 8708.561: Total time for which application threads were stopped: 0.0009942 seconds, Stopping threads took: 0.0001535 seconds
2016-11-15T07:55:13.740+0100: 8710.932: Total time for which application threads were stopped: 0.0010827 seconds, Stopping threads took: 0.0001489 seconds
2016-11-15T07:55:13.741+0100: 8710.933: Total time for which application threads were stopped: 0.0004827 seconds, Stopping threads took: 0.0000502 seconds
2016-11-15T07:55:13.741+0100: 8710.934: Total time for which application threads were stopped: 0.0005500 seconds, Stopping threads took: 0.0001101 seconds
2016-11-15T07:55:13.798+0100: 8710.991: Total time for which application threads were stopped: 0.0007654 seconds, Stopping threads took: 0.0001058 seconds
2016-11-15T07:55:15.707+0100: 8712.899: Total time for which application threads were stopped: 0.0009936 seconds, Stopping threads took: 0.0001477 seconds
2016-11-15T07:55:15.707+0100: 8712.900: Total time for which application threads were stopped: 0.0004294 seconds, Stopping threads took: 0.0000290 seconds
2016-11-15T07:55:15.708+0100: 8712.900: Total time for which application threads were stopped: 0.0004269 seconds, Stopping threads took: 0.0000287 seconds
2016-11-15T07:55:15.934+0100: 8713.126: Total time for which application threads were stopped: 0.0008596 seconds, Stopping threads took: 0.0001248 seconds
2016-11-15T07:55:15.934+0100: 8713.127: Total time for which application threads were stopped: 0.0004196 seconds, Stopping threads took: 0.0000343 seconds
2016-11-15T07:55:15.935+0100: 8713.127: Total time for which application threads were stopped: 0.0005385 seconds, Stopping threads took: 0.0000913 seconds
2016-11-15T07:55:16.024+0100: 8713.217: Total time for which application threads were stopped: 0.0006729 seconds, Stopping threads took: 0.0000792 seconds
2016-11-15T07:55:22.026+0100: 8719.218: Total time for which application threads were stopped: 0.0009639 seconds, Stopping threads took: 0.0001498 seconds
2016-11-15T07:55:25.134+0100: 8722.326: Total time for which application threads were stopped: 0.0011320 seconds, Stopping threads took: 0.0001939 seconds
2016-11-15T07:55:25.135+0100: 8722.327: Total time for which application threads were stopped: 0.0005275 seconds, Stopping threads took: 0.0000517 seconds
2016-11-15T07:55:25.136+0100: 8722.328: Total time for which application threads were stopped: 0.0005152 seconds, Stopping threads took: 0.0000961 seconds
2016-11-15T07:55:25.247+0100: 8722.440: Total time for which application threads were stopped: 0.0007233 seconds, Stopping threads took: 0.0000856 seconds
2016-11-15T07:55:26.407+0100: 8723.600: Total time for which application threads were stopped: 0.0032336 seconds, Stopping threads took: 0.0002209 seconds
2016-11-15T07:55:27.409+0100: 8724.601: Total time for which application threads were stopped: 0.0010825 seconds, Stopping threads took: 0.0001449 seconds
2016-11-15T07:55:29.346+0100: 8726.539: Total time for which application threads were stopped: 0.0029456 seconds, Stopping threads took: 0.0001512 seconds
2016-11-15T07:55:29.347+0100: 8726.540: Total time for which application threads were stopped: 0.0005684 seconds, Stopping threads took: 0.0000440 seconds
2016-11-15T07:55:29.349+0100: 8726.542: Total time for which application threads were stopped: 0.0018784 seconds, Stopping threads took: 0.0000293 seconds
2016-11-15T07:55:29.448+0100: 8726.640: Total time for which application threads were stopped: 0.0009295 seconds, Stopping threads took: 0.0001275 seconds
2016-11-15T07:55:29.448+0100: 8726.640: Total time for which application threads were stopped: 0.0004096 seconds, Stopping threads took: 0.0000301 seconds
2016-11-15T07:55:29.579+0100: 8726.771: Total time for which application threads were stopped: 0.0009391 seconds, Stopping threads took: 0.0001363 seconds
2016-11-15T07:55:35.202+0100: 8732.395: Total time for which application threads were stopped: 0.0011038 seconds, Stopping threads took: 0.0001565 seconds
2016-11-15T07:55:35.203+0100: 8732.396: Total time for which application threads were stopped: 0.0005095 seconds, Stopping threads took: 0.0000383 seconds
2016-11-15T07:55:35.204+0100: 8732.396: Total time for which application threads were stopped: 0.0004362 seconds, Stopping threads took: 0.0000316 seconds
2016-11-15T07:55:35.350+0100: 8732.542: Total time for which application threads were stopped: 0.0009646 seconds, Stopping threads took: 0.0001285 seconds
2016-11-15T07:55:36.351+0100: 8733.543: Total time for which application threads were stopped: 0.0009921 seconds, Stopping threads took: 0.0001285 seconds
2016-11-15T07:55:42.948+0100: 8740.141: Total time for which application threads were stopped: 0.0010500 seconds, Stopping threads took: 0.0001549 seconds
2016-11-15T07:55:42.949+0100: 8740.141: Total time for which application threads were stopped: 0.0004509 seconds, Stopping threads took: 0.0000302 seconds
2016-11-15T07:55:42.949+0100: 8740.142: Total time for which application threads were stopped: 0.0004452 seconds, Stopping threads took: 0.0000325 seconds
2016-11-15T07:55:43.080+0100: 8740.273: Total time for which application threads were stopped: 0.0010512 seconds, Stopping threads took: 0.0001372 seconds
2016-11-15T07:55:44.049+0100: 8741.241: Total time for which application threads were stopped: 0.0011025 seconds, Stopping threads took: 0.0001501 seconds
2016-11-15T07:55:44.049+0100: 8741.242: Total time for which application threads were stopped: 0.0004623 seconds, Stopping threads took: 0.0000322 seconds
2016-11-15T07:55:44.050+0100: 8741.242: Total time for which application threads were stopped: 0.0004599 seconds, Stopping threads took: 0.0000294 seconds
2016-11-15T07:55:44.189+0100: 8741.382: Total time for which application threads were stopped: 0.0009045 seconds, Stopping threads took: 0.0001057 seconds
2016-11-15T07:55:46.191+0100: 8743.383: Total time for which application threads were stopped: 0.0010685 seconds, Stopping threads took: 0.0001537 seconds
2016-11-15T07:56:00.193+0100: 8757.385: Total time for which application threads were stopped: 0.0010795 seconds, Stopping threads took: 0.0001459 seconds
2016-11-15T07:56:02.194+0100: 8759.386: Total time for which application threads were stopped: 0.0010758 seconds, Stopping threads took: 0.0001474 seconds
2016-11-15T07:56:02.607+0100: 8759.800: Total time for which application threads were stopped: 0.0010888 seconds, Stopping threads took: 0.0001422 seconds
2016-11-15T07:56:02.608+0100: 8759.800: Total time for which application threads were stopped: 0.0004517 seconds, Stopping threads took: 0.0000323 seconds
2016-11-15T07:56:02.608+0100: 8759.801: Total time for which application threads were stopped: 0.0004588 seconds, Stopping threads took: 0.0000360 seconds
2016-11-15T07:56:02.833+0100: 8760.025: Total time for which application threads were stopped: 0.0008983 seconds, Stopping threads took: 0.0001092 seconds
2016-11-15T07:56:02.833+0100: 8760.026: Total time for which application threads were stopped: 0.0004586 seconds, Stopping threads took: 0.0000378 seconds
2016-11-15T07:56:02.834+0100: 8760.026: Total time for which application threads were stopped: 0.0005001 seconds, Stopping threads took: 0.0000330 seconds
2016-11-15T07:56:02.935+0100: 8760.128: Total time for which application threads were stopped: 0.0005782 seconds, Stopping threads took: 0.0000644 seconds
2016-11-15T07:56:05.422+0100: 8762.614: Total time for which application threads were stopped: 0.0011112 seconds, Stopping threads took: 0.0001626 seconds
2016-11-15T07:56:05.423+0100: 8762.615: Total time for which application threads were stopped: 0.0004467 seconds, Stopping threads took: 0.0000314 seconds
2016-11-15T07:56:05.423+0100: 8762.615: Total time for which application threads were stopped: 0.0004464 seconds, Stopping threads took: 0.0000280 seconds
2016-11-15T07:56:05.664+0100: 8762.857: Total time for which application threads were stopped: 0.0010352 seconds, Stopping threads took: 0.0001343 seconds
2016-11-15T07:56:09.503+0100: 8766.695: Total time for which application threads were stopped: 0.0010966 seconds, Stopping threads took: 0.0001641 seconds
2016-11-15T07:56:09.504+0100: 8766.696: Total time for which application threads were stopped: 0.0004400 seconds, Stopping threads took: 0.0000304 seconds
2016-11-15T07:56:09.504+0100: 8766.696: Total time for which application threads were stopped: 0.0004430 seconds, Stopping threads took: 0.0000299 seconds
2016-11-15T07:56:09.755+0100: 8766.947: Total time for which application threads were stopped: 0.0009449 seconds, Stopping threads took: 0.0001136 seconds
2016-11-15T07:56:09.756+0100: 8766.948: Total time for which application threads were stopped: 0.0004460 seconds, Stopping threads took: 0.0000329 seconds
2016-11-15T07:56:09.756+0100: 8766.949: Total time for which application threads were stopped: 0.0004461 seconds, Stopping threads took: 0.0000286 seconds
2016-11-15T07:56:09.876+0100: 8767.069: Total time for which application threads were stopped: 0.0005786 seconds, Stopping threads took: 0.0000548 seconds
2016-11-15T07:56:10.465+0100: 8767.657: Total time for which application threads were stopped: 0.0010261 seconds, Stopping threads took: 0.0001357 seconds
2016-11-15T07:56:10.465+0100: 8767.658: Total time for which application threads were stopped: 0.0004550 seconds, Stopping threads took: 0.0000329 seconds
2016-11-15T07:56:10.466+0100: 8767.658: Total time for which application threads were stopped: 0.0004436 seconds, Stopping threads took: 0.0000292 seconds
2016-11-15T07:56:10.996+0100: 8768.189: Total time for which application threads were stopped: 0.0007975 seconds, Stopping threads took: 0.0000910 seconds
2016-11-15T07:56:11.790+0100: 8768.983: Total time for which application threads were stopped: 0.0010406 seconds, Stopping threads took: 0.0001397 seconds
2016-11-15T07:56:11.791+0100: 8768.984: Total time for which application threads were stopped: 0.0005196 seconds, Stopping threads took: 0.0000427 seconds
2016-11-15T07:56:11.792+0100: 8768.984: Total time for which application threads were stopped: 0.0004514 seconds, Stopping threads took: 0.0000309 seconds
2016-11-15T07:56:12.020+0100: 8769.213: Total time for which application threads were stopped: 0.0008254 seconds, Stopping threads took: 0.0000906 seconds
2016-11-15T07:56:19.022+0100: 8776.214: Total time for which application threads were stopped: 0.0010770 seconds, Stopping threads took: 0.0001530 seconds
2016-11-15T07:56:20.264+0100: 8777.456: Total time for which application threads were stopped: 0.0011206 seconds, Stopping threads took: 0.0001927 seconds
2016-11-15T07:56:20.267+0100: 8777.459: Total time for which application threads were stopped: 0.0025860 seconds, Stopping threads took: 0.0000405 seconds
2016-11-15T07:56:20.268+0100: 8777.460: Total time for which application threads were stopped: 0.0007337 seconds, Stopping threads took: 0.0001374 seconds
2016-11-15T07:56:20.297+0100: 8777.490: Total time for which application threads were stopped: 0.0006932 seconds, Stopping threads took: 0.0001592 seconds
2016-11-15T07:56:20.298+0100: 8777.491: Total time for which application threads were stopped: 0.0004858 seconds, Stopping threads took: 0.0000514 seconds
2016-11-15T07:56:20.311+0100: 8777.504: Total time for which application threads were stopped: 0.0005494 seconds, Stopping threads took: 0.0000581 seconds
2016-11-15T07:56:20.325+0100: 8777.518: Total time for which application threads were stopped: 0.0005273 seconds, Stopping threads took: 0.0000525 seconds
2016-11-15T07:56:20.416+0100: 8777.609: Total time for which application threads were stopped: 0.0006425 seconds, Stopping threads took: 0.0001151 seconds
2016-11-15T07:56:20.427+0100: 8777.620: Total time for which application threads were stopped: 0.0006874 seconds, Stopping threads took: 0.0000774 seconds
2016-11-15T07:56:22.428+0100: 8779.621: Total time for which application threads were stopped: 0.0010762 seconds, Stopping threads took: 0.0001361 seconds
2016-11-15T07:56:28.791+0100: 8785.983: Total time for which application threads were stopped: 0.0011169 seconds, Stopping threads took: 0.0001532 seconds
2016-11-15T07:56:28.792+0100: 8785.985: Total time for which application threads were stopped: 0.0005311 seconds, Stopping threads took: 0.0000464 seconds
2016-11-15T07:56:28.793+0100: 8785.985: Total time for which application threads were stopped: 0.0005077 seconds, Stopping threads took: 0.0000358 seconds
2016-11-15T07:56:28.910+0100: 8786.103: Total time for which application threads were stopped: 0.0006361 seconds, Stopping threads took: 0.0000694 seconds
2016-11-15T07:56:30.606+0100: 8787.798: Total time for which application threads were stopped: 0.0010247 seconds, Stopping threads took: 0.0001464 seconds
2016-11-15T07:56:30.606+0100: 8787.799: Total time for which application threads were stopped: 0.0004436 seconds, Stopping threads took: 0.0000320 seconds
2016-11-15T07:56:30.607+0100: 8787.799: Total time for which application threads were stopped: 0.0004444 seconds, Stopping threads took: 0.0000300 seconds
2016-11-15T07:56:30.692+0100: 8787.884: Total time for which application threads were stopped: 0.0007028 seconds, Stopping threads took: 0.0000827 seconds
2016-11-15T07:56:33.516+0100: 8790.708: Total time for which application threads were stopped: 0.0011136 seconds, Stopping threads took: 0.0001430 seconds
2016-11-15T07:56:33.516+0100: 8790.709: Total time for which application threads were stopped: 0.0004623 seconds, Stopping threads took: 0.0000331 seconds
2016-11-15T07:56:33.517+0100: 8790.709: Total time for which application threads were stopped: 0.0005438 seconds, Stopping threads took: 0.0000303 seconds
2016-11-15T07:56:33.668+0100: 8790.860: Total time for which application threads were stopped: 0.0010811 seconds, Stopping threads took: 0.0001728 seconds
2016-11-15T07:56:33.741+0100: 8790.934: Total time for which application threads were stopped: 0.0008139 seconds, Stopping threads took: 0.0000901 seconds
2016-11-15T07:56:33.743+0100: 8790.935: Total time for which application threads were stopped: 0.0005210 seconds, Stopping threads took: 0.0000448 seconds
2016-11-15T07:56:33.743+0100: 8790.936: Total time for which application threads were stopped: 0.0004500 seconds, Stopping threads took: 0.0000316 seconds
2016-11-15T07:56:33.771+0100: 8790.963: Total time for which application threads were stopped: 0.0005800 seconds, Stopping threads took: 0.0000557 seconds
2016-11-15T07:56:34.235+0100: 8791.428: Total time for which application threads were stopped: 0.0009052 seconds, Stopping threads took: 0.0001066 seconds
2016-11-15T07:56:34.236+0100: 8791.428: Total time for which application threads were stopped: 0.0004456 seconds, Stopping threads took: 0.0000332 seconds
2016-11-15T07:56:34.236+0100: 8791.429: Total time for which application threads were stopped: 0.0004465 seconds, Stopping threads took: 0.0000294 seconds
2016-11-15T07:56:34.398+0100: 8791.591: Total time for which application threads were stopped: 0.0007806 seconds, Stopping threads took: 0.0000960 seconds
2016-11-15T07:56:35.287+0100: 8792.479: Total time for which application threads were stopped: 0.0010511 seconds, Stopping threads took: 0.0001415 seconds
2016-11-15T07:56:35.288+0100: 8792.480: Total time for which application threads were stopped: 0.0005236 seconds, Stopping threads took: 0.0000455 seconds
2016-11-15T07:56:35.289+0100: 8792.481: Total time for which application threads were stopped: 0.0004582 seconds, Stopping threads took: 0.0000374 seconds
2016-11-15T07:56:35.437+0100: 8792.629: Total time for which application threads were stopped: 0.0009105 seconds, Stopping threads took: 0.0001150 seconds
2016-11-15T07:56:35.467+0100: 8792.659: Total time for which application threads were stopped: 0.0027118 seconds, Stopping threads took: 0.0000536 seconds
2016-11-15T07:56:37.475+0100: 8794.668: Total time for which application threads were stopped: 0.0010817 seconds, Stopping threads took: 0.0001502 seconds
2016-11-15T07:56:37.476+0100: 8794.669: Total time for which application threads were stopped: 0.0005019 seconds, Stopping threads took: 0.0000388 seconds
2016-11-15T07:56:37.477+0100: 8794.669: Total time for which application threads were stopped: 0.0004423 seconds, Stopping threads took: 0.0000292 seconds
2016-11-15T07:56:37.598+0100: 8794.790: Total time for which application threads were stopped: 0.0007169 seconds, Stopping threads took: 0.0000792 seconds
2016-11-15T07:56:38.599+0100: 8795.791: Total time for which application threads were stopped: 0.0010460 seconds, Stopping threads took: 0.0001440 seconds
2016-11-15T07:56:49.779+0100: 8806.971: Total time for which application threads were stopped: 0.0011362 seconds, Stopping threads took: 0.0001648 seconds
2016-11-15T07:56:49.779+0100: 8806.972: Total time for which application threads were stopped: 0.0004436 seconds, Stopping threads took: 0.0000321 seconds
2016-11-15T07:56:49.780+0100: 8806.972: Total time for which application threads were stopped: 0.0004426 seconds, Stopping threads took: 0.0000298 seconds
2016-11-15T07:56:49.921+0100: 8807.113: Total time for which application threads were stopped: 0.0010608 seconds, Stopping threads took: 0.0001496 seconds
2016-11-15T07:56:53.782+0100: 8810.974: Total time for which application threads were stopped: 0.0010775 seconds, Stopping threads took: 0.0001510 seconds
2016-11-15T07:56:53.783+0100: 8810.976: Total time for which application threads were stopped: 0.0005145 seconds, Stopping threads took: 0.0000452 seconds
2016-11-15T07:56:53.784+0100: 8810.976: Total time for which application threads were stopped: 0.0004380 seconds, Stopping threads took: 0.0000304 seconds
2016-11-15T07:56:53.895+0100: 8811.087: Total time for which application threads were stopped: 0.0006008 seconds, Stopping threads took: 0.0000703 seconds
2016-11-15T07:56:56.896+0100: 8814.088: Total time for which application threads were stopped: 0.0010809 seconds, Stopping threads took: 0.0001500 seconds
2016-11-15T07:57:06.664+0100: 8823.856: Total time for which application threads were stopped: 0.0011080 seconds, Stopping threads took: 0.0001467 seconds
2016-11-15T07:57:06.664+0100: 8823.857: Total time for which application threads were stopped: 0.0004727 seconds, Stopping threads took: 0.0000334 seconds
2016-11-15T07:57:06.665+0100: 8823.857: Total time for which application threads were stopped: 0.0004890 seconds, Stopping threads took: 0.0000317 seconds
2016-11-15T07:57:06.798+0100: 8823.990: Total time for which application threads were stopped: 0.0033299 seconds, Stopping threads took: 0.0001508 seconds
2016-11-15T07:57:14.367+0100: 8831.559: Total time for which application threads were stopped: 0.0033681 seconds, Stopping threads took: 0.0001481 seconds
2016-11-15T07:57:14.368+0100: 8831.560: Total time for which application threads were stopped: 0.0006292 seconds, Stopping threads took: 0.0000398 seconds
2016-11-15T07:57:14.370+0100: 8831.562: Total time for which application threads were stopped: 0.0021484 seconds, Stopping threads took: 0.0000294 seconds
2016-11-15T07:57:14.416+0100: 8831.608: Total time for which application threads were stopped: 0.0007095 seconds, Stopping threads took: 0.0000633 seconds
2016-11-15T07:57:14.416+0100: 8831.609: Total time for which application threads were stopped: 0.0004525 seconds, Stopping threads took: 0.0000303 seconds
2016-11-15T07:57:14.763+0100: 8831.955: Total time for which application threads were stopped: 0.0007550 seconds, Stopping threads took: 0.0000850 seconds
2016-11-15T07:57:19.302+0100: 8836.495: Total time for which application threads were stopped: 0.0010567 seconds, Stopping threads took: 0.0001481 seconds
2016-11-15T07:57:19.303+0100: 8836.496: Total time for which application threads were stopped: 0.0004604 seconds, Stopping threads took: 0.0000342 seconds
2016-11-15T07:57:19.304+0100: 8836.496: Total time for which application threads were stopped: 0.0004431 seconds, Stopping threads took: 0.0000293 seconds
2016-11-15T07:57:19.569+0100: 8836.762: Total time for which application threads were stopped: 0.0008448 seconds, Stopping threads took: 0.0001047 seconds
2016-11-15T07:57:33.571+0100: 8850.764: Total time for which application threads were stopped: 0.0009770 seconds, Stopping threads took: 0.0001513 seconds
2016-11-15T07:57:38.569+0100: 8855.761: Total time for which application threads were stopped: 0.0010021 seconds, Stopping threads took: 0.0001522 seconds
2016-11-15T07:57:38.570+0100: 8855.762: Total time for which application threads were stopped: 0.0004172 seconds, Stopping threads took: 0.0000341 seconds
2016-11-15T07:57:38.570+0100: 8855.763: Total time for which application threads were stopped: 0.0004114 seconds, Stopping threads took: 0.0000277 seconds
2016-11-15T07:57:38.822+0100: 8856.014: Total time for which application threads were stopped: 0.0009678 seconds, Stopping threads took: 0.0001447 seconds
2016-11-15T07:57:38.823+0100: 8856.015: Total time for which application threads were stopped: 0.0004303 seconds, Stopping threads took: 0.0000457 seconds
2016-11-15T07:57:38.823+0100: 8856.016: Total time for which application threads were stopped: 0.0004246 seconds, Stopping threads took: 0.0000354 seconds
2016-11-15T07:57:38.841+0100: 8856.033: Total time for which application threads were stopped: 0.0005172 seconds, Stopping threads took: 0.0000501 seconds
2016-11-15T07:57:39.367+0100: 8856.559: Total time for which application threads were stopped: 0.0009880 seconds, Stopping threads took: 0.0001476 seconds
2016-11-15T07:57:50.638+0100: 8867.830: Total time for which application threads were stopped: 0.0011028 seconds, Stopping threads took: 0.0001673 seconds
2016-11-15T07:57:50.639+0100: 8867.831: Total time for which application threads were stopped: 0.0004563 seconds, Stopping threads took: 0.0000402 seconds
2016-11-15T07:57:50.639+0100: 8867.832: Total time for which application threads were stopped: 0.0004571 seconds, Stopping threads took: 0.0000323 seconds
2016-11-15T07:57:50.870+0100: 8868.063: Total time for which application threads were stopped: 0.0006609 seconds, Stopping threads took: 0.0000770 seconds
2016-11-15T07:57:50.871+0100: 8868.064: Total time for which application threads were stopped: 0.0004222 seconds, Stopping threads took: 0.0000349 seconds
2016-11-15T07:57:50.872+0100: 8868.064: Total time for which application threads were stopped: 0.0004290 seconds, Stopping threads took: 0.0000295 seconds
2016-11-15T07:57:50.972+0100: 8868.164: Total time for which application threads were stopped: 0.0008109 seconds, Stopping threads took: 0.0000944 seconds
2016-11-15T07:57:51.973+0100: 8869.165: Total time for which application threads were stopped: 0.0009369 seconds, Stopping threads took: 0.0001247 seconds
2016-11-15T07:57:53.515+0100: 8870.707: Total time for which application threads were stopped: 0.0009690 seconds, Stopping threads took: 0.0001556 seconds
2016-11-15T07:57:53.516+0100: 8870.708: Total time for which application threads were stopped: 0.0004126 seconds, Stopping threads took: 0.0000313 seconds
2016-11-15T07:57:53.516+0100: 8870.709: Total time for which application threads were stopped: 0.0004159 seconds, Stopping threads took: 0.0000274 seconds
2016-11-15T07:57:53.555+0100: 8870.747: Total time for which application threads were stopped: 0.0005325 seconds, Stopping threads took: 0.0000565 seconds
2016-11-15T07:57:56.556+0100: 8873.748: Total time for which application threads were stopped: 0.0010420 seconds, Stopping threads took: 0.0001455 seconds
2016-11-15T07:58:00.558+0100: 8877.750: Total time for which application threads were stopped: 0.0013647 seconds, Stopping threads took: 0.0001807 seconds
2016-11-15T07:58:04.749+0100: 8881.942: Total time for which application threads were stopped: 0.0010012 seconds, Stopping threads took: 0.0001520 seconds
2016-11-15T07:58:04.750+0100: 8881.943: Total time for which application threads were stopped: 0.0004317 seconds, Stopping threads took: 0.0000362 seconds
2016-11-15T07:58:04.751+0100: 8881.943: Total time for which application threads were stopped: 0.0004137 seconds, Stopping threads took: 0.0000271 seconds
2016-11-15T07:58:04.914+0100: 8882.107: Total time for which application threads were stopped: 0.0005660 seconds, Stopping threads took: 0.0000640 seconds
2016-11-15T07:58:40.073+0100: 8917.265: Total time for which application threads were stopped: 0.0009873 seconds, Stopping threads took: 0.0001446 seconds
2016-11-15T07:58:40.074+0100: 8917.266: Total time for which application threads were stopped: 0.0007173 seconds, Stopping threads took: 0.0001196 seconds
2016-11-15T07:58:40.074+0100: 8917.267: Total time for which application threads were stopped: 0.0004085 seconds, Stopping threads took: 0.0000297 seconds
2016-11-15T07:58:40.247+0100: 8917.439: Total time for which application threads were stopped: 0.0006134 seconds, Stopping threads took: 0.0000668 seconds
2016-11-15T07:58:52.060+0100: 8929.252: Total time for which application threads were stopped: 0.0031069 seconds, Stopping threads took: 0.0001612 seconds
2016-11-15T07:58:57.656+0100: 8934.849: Total time for which application threads were stopped: 0.0010998 seconds, Stopping threads took: 0.0001690 seconds
2016-11-15T07:58:57.658+0100: 8934.851: Total time for which application threads were stopped: 0.0005268 seconds, Stopping threads took: 0.0000507 seconds
2016-11-15T07:58:58.659+0100: 8935.852: Total time for which application threads were stopped: 0.0009915 seconds, Stopping threads took: 0.0001412 seconds
2016-11-15T07:58:59.882+0100: 8937.074: Total time for which application threads were stopped: 0.0009792 seconds, Stopping threads took: 0.0001327 seconds
2016-11-15T07:58:59.882+0100: 8937.075: Total time for which application threads were stopped: 0.0004235 seconds, Stopping threads took: 0.0000325 seconds
2016-11-15T07:58:59.883+0100: 8937.075: Total time for which application threads were stopped: 0.0004214 seconds, Stopping threads took: 0.0000276 seconds
2016-11-15T07:58:59.960+0100: 8937.152: Total time for which application threads were stopped: 0.0006529 seconds, Stopping threads took: 0.0000720 seconds
2016-11-15T07:59:01.961+0100: 8939.153: Total time for which application threads were stopped: 0.0010048 seconds, Stopping threads took: 0.0001521 seconds
2016-11-15T07:59:05.390+0100: 8942.583: Total time for which application threads were stopped: 0.0010547 seconds, Stopping threads took: 0.0001532 seconds
2016-11-15T07:59:05.391+0100: 8942.583: Total time for which application threads were stopped: 0.0004847 seconds, Stopping threads took: 0.0000305 seconds
2016-11-15T07:59:05.391+0100: 8942.584: Total time for which application threads were stopped: 0.0004234 seconds, Stopping threads took: 0.0000294 seconds
2016-11-15T07:59:05.659+0100: 8942.851: Total time for which application threads were stopped: 0.0008771 seconds, Stopping threads took: 0.0001128 seconds
2016-11-15T07:59:05.660+0100: 8942.852: Total time for which application threads were stopped: 0.0004226 seconds, Stopping threads took: 0.0000342 seconds
2016-11-15T07:59:05.660+0100: 8942.853: Total time for which application threads were stopped: 0.0004237 seconds, Stopping threads took: 0.0000288 seconds
2016-11-15T07:59:05.766+0100: 8942.958: Total time for which application threads were stopped: 0.0005729 seconds, Stopping threads took: 0.0000606 seconds
2016-11-15T07:59:06.089+0100: 8943.281: Total time for which application threads were stopped: 0.0010667 seconds, Stopping threads took: 0.0001626 seconds
2016-11-15T07:59:06.089+0100: 8943.282: Total time for which application threads were stopped: 0.0004276 seconds, Stopping threads took: 0.0000336 seconds
2016-11-15T07:59:06.090+0100: 8943.282: Total time for which application threads were stopped: 0.0004233 seconds, Stopping threads took: 0.0000278 seconds
2016-11-15T07:59:06.140+0100: 8943.332: Total time for which application threads were stopped: 0.0008104 seconds, Stopping threads took: 0.0000960 seconds
2016-11-15T07:59:11.204+0100: 8948.396: Total time for which application threads were stopped: 0.0010503 seconds, Stopping threads took: 0.0001638 seconds
2016-11-15T07:59:11.205+0100: 8948.397: Total time for which application threads were stopped: 0.0005134 seconds, Stopping threads took: 0.0000374 seconds
2016-11-15T07:59:11.205+0100: 8948.397: Total time for which application threads were stopped: 0.0004287 seconds, Stopping threads took: 0.0000301 seconds
2016-11-15T07:59:11.445+0100: 8948.638: Total time for which application threads were stopped: 0.0008007 seconds, Stopping threads took: 0.0001099 seconds
2016-11-15T07:59:14.405+0100: 8951.598: Total time for which application threads were stopped: 0.0010442 seconds, Stopping threads took: 0.0001494 seconds
2016-11-15T07:59:14.406+0100: 8951.598: Total time for which application threads were stopped: 0.0004198 seconds, Stopping threads took: 0.0000317 seconds
2016-11-15T07:59:14.406+0100: 8951.599: Total time for which application threads were stopped: 0.0004284 seconds, Stopping threads took: 0.0000278 seconds
2016-11-15T07:59:14.568+0100: 8951.761: Total time for which application threads were stopped: 0.0006969 seconds, Stopping threads took: 0.0000841 seconds
2016-11-15T07:59:21.708+0100: 8958.901: Total time for which application threads were stopped: 0.0009721 seconds, Stopping threads took: 0.0001456 seconds
2016-11-15T07:59:21.709+0100: 8958.901: Total time for which application threads were stopped: 0.0004644 seconds, Stopping threads took: 0.0000811 seconds
2016-11-15T07:59:21.709+0100: 8958.902: Total time for which application threads were stopped: 0.0004626 seconds, Stopping threads took: 0.0000678 seconds
2016-11-15T07:59:21.836+0100: 8959.029: Total time for which application threads were stopped: 0.0009719 seconds, Stopping threads took: 0.0001450 seconds
2016-11-15T07:59:27.477+0100: 8964.669: Total time for which application threads were stopped: 0.0011893 seconds, Stopping threads took: 0.0001498 seconds
2016-11-15T07:59:27.480+0100: 8964.673: Total time for which application threads were stopped: 0.0024548 seconds, Stopping threads took: 0.0000480 seconds
2016-11-15T07:59:27.481+0100: 8964.673: Total time for which application threads were stopped: 0.0005664 seconds, Stopping threads took: 0.0000385 seconds
2016-11-15T07:59:27.509+0100: 8964.702: Total time for which application threads were stopped: 0.0005061 seconds, Stopping threads took: 0.0000500 seconds
2016-11-15T07:59:27.608+0100: 8964.800: Total time for which application threads were stopped: 0.0006852 seconds, Stopping threads took: 0.0000762 seconds
2016-11-15T07:59:37.447+0100: 8974.639: Total time for which application threads were stopped: 0.0009685 seconds, Stopping threads took: 0.0001424 seconds
2016-11-15T07:59:37.448+0100: 8974.640: Total time for which application threads were stopped: 0.0004261 seconds, Stopping threads took: 0.0000417 seconds
2016-11-15T07:59:37.448+0100: 8974.641: Total time for which application threads were stopped: 0.0004187 seconds, Stopping threads took: 0.0000274 seconds
2016-11-15T07:59:37.581+0100: 8974.774: Total time for which application threads were stopped: 0.0006017 seconds, Stopping threads took: 0.0000790 seconds
2016-11-15T07:59:42.473+0100: 8979.665: Total time for which application threads were stopped: 0.0009920 seconds, Stopping threads took: 0.0001480 seconds
2016-11-15T07:59:42.474+0100: 8979.666: Total time for which application threads were stopped: 0.0005005 seconds, Stopping threads took: 0.0001098 seconds
2016-11-15T07:59:42.474+0100: 8979.667: Total time for which application threads were stopped: 0.0005269 seconds, Stopping threads took: 0.0001191 seconds
2016-11-15T07:59:42.621+0100: 8979.813: Total time for which application threads were stopped: 0.0007964 seconds, Stopping threads took: 0.0001016 seconds
2016-11-15T07:59:43.098+0100: 8980.291: Total time for which application threads were stopped: 0.0009788 seconds, Stopping threads took: 0.0001448 seconds
2016-11-15T07:59:43.099+0100: 8980.292: Total time for which application threads were stopped: 0.0004174 seconds, Stopping threads took: 0.0000350 seconds
2016-11-15T07:59:43.100+0100: 8980.292: Total time for which application threads were stopped: 0.0004121 seconds, Stopping threads took: 0.0000291 seconds
2016-11-15T07:59:43.242+0100: 8980.435: Total time for which application threads were stopped: 0.0009936 seconds, Stopping threads took: 0.0001540 seconds
2016-11-15T07:59:45.243+0100: 8982.436: Total time for which application threads were stopped: 0.0009443 seconds, Stopping threads took: 0.0001487 seconds
2016-11-15T07:59:46.706+0100: 8983.899: Total time for which application threads were stopped: 0.0009363 seconds, Stopping threads took: 0.0001385 seconds
2016-11-15T07:59:46.707+0100: 8983.900: Total time for which application threads were stopped: 0.0004852 seconds, Stopping threads took: 0.0000982 seconds
2016-11-15T07:59:46.708+0100: 8983.900: Total time for which application threads were stopped: 0.0004832 seconds, Stopping threads took: 0.0000898 seconds
2016-11-15T07:59:46.865+0100: 8984.058: Total time for which application threads were stopped: 0.0005520 seconds, Stopping threads took: 0.0000614 seconds
2016-11-15T07:59:48.042+0100: 8985.235: Total time for which application threads were stopped: 0.0009698 seconds, Stopping threads took: 0.0001445 seconds
2016-11-15T07:59:48.043+0100: 8985.236: Total time for which application threads were stopped: 0.0004226 seconds, Stopping threads took: 0.0000370 seconds
2016-11-15T07:59:48.044+0100: 8985.236: Total time for which application threads were stopped: 0.0004184 seconds, Stopping threads took: 0.0000284 seconds
2016-11-15T07:59:48.216+0100: 8985.409: Total time for which application threads were stopped: 0.0010259 seconds, Stopping threads took: 0.0001284 seconds
2016-11-15T07:59:48.547+0100: 8985.740: Total time for which application threads were stopped: 0.0009540 seconds, Stopping threads took: 0.0001459 seconds
2016-11-15T07:59:48.548+0100: 8985.741: Total time for which application threads were stopped: 0.0004523 seconds, Stopping threads took: 0.0000340 seconds
2016-11-15T07:59:48.549+0100: 8985.741: Total time for which application threads were stopped: 0.0004183 seconds, Stopping threads took: 0.0000271 seconds
2016-11-15T07:59:48.590+0100: 8985.782: Total time for which application threads were stopped: 0.0006888 seconds, Stopping threads took: 0.0000820 seconds
2016-11-15T07:59:49.819+0100: 8987.012: Total time for which application threads were stopped: 0.0029571 seconds, Stopping threads took: 0.0001535 seconds
2016-11-15T07:59:49.820+0100: 8987.013: Total time for which application threads were stopped: 0.0005661 seconds, Stopping threads took: 0.0000411 seconds
2016-11-15T07:59:49.822+0100: 8987.015: Total time for which application threads were stopped: 0.0018976 seconds, Stopping threads took: 0.0000509 seconds
2016-11-15T07:59:49.866+0100: 8987.059: Total time for which application threads were stopped: 0.0007298 seconds, Stopping threads took: 0.0000623 seconds
2016-11-15T07:59:49.867+0100: 8987.059: Total time for which application threads were stopped: 0.0004338 seconds, Stopping threads took: 0.0000284 seconds
2016-11-15T07:59:49.955+0100: 8987.147: Total time for which application threads were stopped: 0.0026719 seconds, Stopping threads took: 0.0000903 seconds
2016-11-15T07:59:50.526+0100: 8987.719: Total time for which application threads were stopped: 0.0009254 seconds, Stopping threads took: 0.0001320 seconds
2016-11-15T07:59:50.527+0100: 8987.719: Total time for which application threads were stopped: 0.0004145 seconds, Stopping threads took: 0.0000349 seconds
2016-11-15T07:59:50.527+0100: 8987.720: Total time for which application threads were stopped: 0.0004182 seconds, Stopping threads took: 0.0000313 seconds
2016-11-15T07:59:50.609+0100: 8987.801: Total time for which application threads were stopped: 0.0006147 seconds, Stopping threads took: 0.0000535 seconds
2016-11-15T07:59:51.312+0100: 8988.504: Total time for which application threads were stopped: 0.0007666 seconds, Stopping threads took: 0.0001095 seconds
2016-11-15T07:59:51.313+0100: 8988.506: Total time for which application threads were stopped: 0.0004720 seconds, Stopping threads took: 0.0000443 seconds
2016-11-15T07:59:51.314+0100: 8988.506: Total time for which application threads were stopped: 0.0004068 seconds, Stopping threads took: 0.0000269 seconds
2016-11-15T07:59:51.371+0100: 8988.563: Total time for which application threads were stopped: 0.0005162 seconds, Stopping threads took: 0.0000580 seconds
2016-11-15T07:59:52.264+0100: 8989.456: Total time for which application threads were stopped: 0.0009470 seconds, Stopping threads took: 0.0001417 seconds
2016-11-15T07:59:52.265+0100: 8989.457: Total time for which application threads were stopped: 0.0004546 seconds, Stopping threads took: 0.0000316 seconds
2016-11-15T07:59:52.265+0100: 8989.457: Total time for which application threads were stopped: 0.0004244 seconds, Stopping threads took: 0.0000313 seconds
2016-11-15T07:59:52.451+0100: 8989.643: Total time for which application threads were stopped: 0.0010808 seconds, Stopping threads took: 0.0001519 seconds
2016-11-15T07:59:55.062+0100: 8992.254: Total time for which application threads were stopped: 0.0010515 seconds, Stopping threads took: 0.0001603 seconds
2016-11-15T07:59:55.062+0100: 8992.255: Total time for which application threads were stopped: 0.0004379 seconds, Stopping threads took: 0.0000320 seconds
2016-11-15T07:59:55.063+0100: 8992.255: Total time for which application threads were stopped: 0.0004346 seconds, Stopping threads took: 0.0000281 seconds
2016-11-15T07:59:55.262+0100: 8992.455: Total time for which application threads were stopped: 0.0008815 seconds, Stopping threads took: 0.0001265 seconds
2016-11-15T07:59:55.523+0100: 8992.716: Total time for which application threads were stopped: 0.0009122 seconds, Stopping threads took: 0.0001383 seconds
2016-11-15T07:59:55.524+0100: 8992.717: Total time for which application threads were stopped: 0.0004218 seconds, Stopping threads took: 0.0000331 seconds
2016-11-15T07:59:55.525+0100: 8992.717: Total time for which application threads were stopped: 0.0004218 seconds, Stopping threads took: 0.0000287 seconds
2016-11-15T07:59:55.653+0100: 8992.846: Total time for which application threads were stopped: 0.0007560 seconds, Stopping threads took: 0.0000974 seconds
2016-11-15T07:59:55.862+0100: 8993.054: Total time for which application threads were stopped: 0.0009013 seconds, Stopping threads took: 0.0001646 seconds
2016-11-15T07:59:55.863+0100: 8993.055: Total time for which application threads were stopped: 0.0005914 seconds, Stopping threads took: 0.0000904 seconds
2016-11-15T07:59:55.863+0100: 8993.056: Total time for which application threads were stopped: 0.0005143 seconds, Stopping threads took: 0.0000677 seconds
2016-11-15T07:59:55.972+0100: 8993.165: Total time for which application threads were stopped: 0.0006209 seconds, Stopping threads took: 0.0000618 seconds
2016-11-15T08:00:02.778+0100: 8999.970: Total time for which application threads were stopped: 0.0009936 seconds, Stopping threads took: 0.0001577 seconds
2016-11-15T08:00:02.779+0100: 8999.971: Total time for which application threads were stopped: 0.0004630 seconds, Stopping threads took: 0.0000573 seconds
2016-11-15T08:00:02.779+0100: 8999.971: Total time for which application threads were stopped: 0.0004485 seconds, Stopping threads took: 0.0000561 seconds
2016-11-15T08:00:02.789+0100: 8999.982: Total time for which application threads were stopped: 0.0005364 seconds, Stopping threads took: 0.0000565 seconds
2016-11-15T08:00:02.790+0100: 8999.983: Total time for which application threads were stopped: 0.0004216 seconds, Stopping threads took: 0.0000321 seconds
2016-11-15T08:00:02.791+0100: 8999.983: Total time for which application threads were stopped: 0.0004089 seconds, Stopping threads took: 0.0000270 seconds
2016-11-15T08:00:02.826+0100: 9000.019: Total time for which application threads were stopped: 0.0005482 seconds, Stopping threads took: 0.0000628 seconds
2016-11-15T08:00:02.841+0100: 9000.033: Total time for which application threads were stopped: 0.0005968 seconds, Stopping threads took: 0.0000503 seconds
2016-11-15T08:00:04.706+0100: 9001.898: Total time for which application threads were stopped: 0.0011856 seconds, Stopping threads took: 0.0001773 seconds
2016-11-15T08:00:04.742+0100: 9001.935: Total time for which application threads were stopped: 0.0009866 seconds, Stopping threads took: 0.0001214 seconds
2016-11-15T08:00:04.802+0100: 9001.994: Total time for which application threads were stopped: 0.0011250 seconds, Stopping threads took: 0.0002272 seconds
2016-11-15T08:00:04.809+0100: 9002.001: Total time for which application threads were stopped: 0.0007236 seconds, Stopping threads took: 0.0000694 seconds
2016-11-15T08:00:04.811+0100: 9002.003: Total time for which application threads were stopped: 0.0005220 seconds, Stopping threads took: 0.0000494 seconds
2016-11-15T08:00:04.858+0100: 9002.050: Total time for which application threads were stopped: 0.0011400 seconds, Stopping threads took: 0.0001685 seconds
2016-11-15T08:00:04.860+0100: 9002.053: Total time for which application threads were stopped: 0.0007050 seconds, Stopping threads took: 0.0001339 seconds
2016-11-15T08:00:04.868+0100: 9002.060: Total time for which application threads were stopped: 0.0007531 seconds, Stopping threads took: 0.0000911 seconds
2016-11-15T08:00:04.915+0100: 9002.107: Total time for which application threads were stopped: 0.0047595 seconds, Stopping threads took: 0.0001806 seconds
2016-11-15T08:00:04.924+0100: 9002.116: Total time for which application threads were stopped: 0.0010826 seconds, Stopping threads took: 0.0001605 seconds
2016-11-15T08:00:04.928+0100: 9002.121: Total time for which application threads were stopped: 0.0007293 seconds, Stopping threads took: 0.0000648 seconds
2016-11-15T08:00:04.929+0100: 9002.122: Total time for which application threads were stopped: 0.0005189 seconds, Stopping threads took: 0.0000317 seconds
2016-11-15T08:00:04.930+0100: 9002.123: Total time for which application threads were stopped: 0.0006095 seconds, Stopping threads took: 0.0000502 seconds
2016-11-15T08:00:04.932+0100: 9002.125: Total time for which application threads were stopped: 0.0009978 seconds, Stopping threads took: 0.0001256 seconds
2016-11-15T08:00:04.948+0100: 9002.141: Total time for which application threads were stopped: 0.0009985 seconds, Stopping threads took: 0.0001267 seconds
2016-11-15T08:00:04.951+0100: 9002.144: Total time for which application threads were stopped: 0.0006326 seconds, Stopping threads took: 0.0000801 seconds
2016-11-15T08:00:04.962+0100: 9002.155: Total time for which application threads were stopped: 0.0008359 seconds, Stopping threads took: 0.0001016 seconds
2016-11-15T08:00:04.963+0100: 9002.155: Total time for which application threads were stopped: 0.0005590 seconds, Stopping threads took: 0.0001171 seconds
2016-11-15T08:00:04.964+0100: 9002.156: Total time for which application threads were stopped: 0.0005142 seconds, Stopping threads took: 0.0000598 seconds
2016-11-15T08:00:04.964+0100: 9002.157: Total time for which application threads were stopped: 0.0005688 seconds, Stopping threads took: 0.0000838 seconds
2016-11-15T08:00:04.978+0100: 9002.170: Total time for which application threads were stopped: 0.0010342 seconds, Stopping threads took: 0.0001524 seconds
2016-11-15T08:00:05.061+0100: 9002.253: Total time for which application threads were stopped: 0.0048870 seconds, Stopping threads took: 0.0001525 seconds
2016-11-15T08:00:06.062+0100: 9003.254: Total time for which application threads were stopped: 0.0009695 seconds, Stopping threads took: 0.0001520 seconds
2016-11-15T08:00:10.595+0100: 9007.788: Total time for which application threads were stopped: 0.0010143 seconds, Stopping threads took: 0.0001611 seconds
2016-11-15T08:00:10.596+0100: 9007.788: Total time for which application threads were stopped: 0.0004231 seconds, Stopping threads took: 0.0000335 seconds
2016-11-15T08:00:10.596+0100: 9007.789: Total time for which application threads were stopped: 0.0004245 seconds, Stopping threads took: 0.0000328 seconds
2016-11-15T08:00:10.675+0100: 9007.867: Total time for which application threads were stopped: 0.0005573 seconds, Stopping threads took: 0.0000600 seconds
2016-11-15T08:00:12.812+0100: 9010.005: Total time for which application threads were stopped: 0.0011259 seconds, Stopping threads took: 0.0001558 seconds
2016-11-15T08:00:12.813+0100: 9010.006: Total time for which application threads were stopped: 0.0004544 seconds, Stopping threads took: 0.0000320 seconds
2016-11-15T08:00:12.814+0100: 9010.006: Total time for which application threads were stopped: 0.0004494 seconds, Stopping threads took: 0.0000285 seconds
2016-11-15T08:00:13.048+0100: 9010.241: Total time for which application threads were stopped: 0.0010584 seconds, Stopping threads took: 0.0001466 seconds
2016-11-15T08:00:14.783+0100: 9011.976: Total time for which application threads were stopped: 0.0010669 seconds, Stopping threads took: 0.0002126 seconds
2016-11-15T08:00:14.784+0100: 9011.976: Total time for which application threads were stopped: 0.0004354 seconds, Stopping threads took: 0.0000491 seconds
2016-11-15T08:00:14.785+0100: 9011.977: Total time for which application threads were stopped: 0.0005438 seconds, Stopping threads took: 0.0001380 seconds
2016-11-15T08:00:15.027+0100: 9012.219: Total time for which application threads were stopped: 0.0007637 seconds, Stopping threads took: 0.0000961 seconds
2016-11-15T08:00:15.028+0100: 9012.220: Total time for which application threads were stopped: 0.0004228 seconds, Stopping threads took: 0.0000380 seconds
2016-11-15T08:00:15.028+0100: 9012.221: Total time for which application threads were stopped: 0.0004487 seconds, Stopping threads took: 0.0000326 seconds
2016-11-15T08:00:15.060+0100: 9012.252: Total time for which application threads were stopped: 0.0005067 seconds, Stopping threads took: 0.0000593 seconds
2016-11-15T08:00:15.061+0100: 9012.253: Total time for which application threads were stopped: 0.0004567 seconds, Stopping threads took: 0.0000347 seconds
2016-11-15T08:00:15.061+0100: 9012.253: Total time for which application threads were stopped: 0.0004126 seconds, Stopping threads took: 0.0000287 seconds
2016-11-15T08:00:15.092+0100: 9012.285: Total time for which application threads were stopped: 0.0005062 seconds, Stopping threads took: 0.0000528 seconds
2016-11-15T08:00:15.137+0100: 9012.329: Total time for which application threads were stopped: 0.0008483 seconds, Stopping threads took: 0.0001053 seconds
2016-11-15T08:00:16.138+0100: 9013.330: Total time for which application threads were stopped: 0.0010420 seconds, Stopping threads took: 0.0001707 seconds
2016-11-15T08:00:23.139+0100: 9020.332: Total time for which application threads were stopped: 0.0009606 seconds, Stopping threads took: 0.0001559 seconds
2016-11-15T08:00:23.412+0100: 9020.604: Total time for which application threads were stopped: 0.0008614 seconds, Stopping threads took: 0.0001514 seconds
2016-11-15T08:00:23.412+0100: 9020.605: Total time for which application threads were stopped: 0.0004809 seconds, Stopping threads took: 0.0000761 seconds
2016-11-15T08:00:23.413+0100: 9020.605: Total time for which application threads were stopped: 0.0005894 seconds, Stopping threads took: 0.0001428 seconds
2016-11-15T08:00:23.414+0100: 9020.606: Total time for which application threads were stopped: 0.0005501 seconds, Stopping threads took: 0.0001237 seconds
2016-11-15T08:00:23.414+0100: 9020.607: Total time for which application threads were stopped: 0.0005209 seconds, Stopping threads took: 0.0000908 seconds
2016-11-15T08:00:23.415+0100: 9020.607: Total time for which application threads were stopped: 0.0005244 seconds, Stopping threads took: 0.0000902 seconds
2016-11-15T08:00:23.415+0100: 9020.608: Total time for which application threads were stopped: 0.0005183 seconds, Stopping threads took: 0.0000843 seconds
2016-11-15T08:00:23.416+0100: 9020.608: Total time for which application threads were stopped: 0.0004889 seconds, Stopping threads took: 0.0000814 seconds
2016-11-15T08:00:23.417+0100: 9020.609: Total time for which application threads were stopped: 0.0004973 seconds, Stopping threads took: 0.0000753 seconds
2016-11-15T08:00:23.417+0100: 9020.610: Total time for which application threads were stopped: 0.0004520 seconds, Stopping threads took: 0.0000382 seconds
2016-11-15T08:00:23.418+0100: 9020.610: Total time for which application threads were stopped: 0.0004532 seconds, Stopping threads took: 0.0000329 seconds
2016-11-15T08:00:23.418+0100: 9020.611: Total time for which application threads were stopped: 0.0004302 seconds, Stopping threads took: 0.0000296 seconds
2016-11-15T08:00:23.565+0100: 9020.757: Total time for which application threads were stopped: 0.0006127 seconds, Stopping threads took: 0.0000762 seconds
2016-11-15T08:00:23.566+0100: 9020.759: Total time for which application threads were stopped: 0.0005616 seconds, Stopping threads took: 0.0001195 seconds
2016-11-15T08:00:23.567+0100: 9020.759: Total time for which application threads were stopped: 0.0007269 seconds, Stopping threads took: 0.0003360 seconds
2016-11-15T08:00:23.733+0100: 9020.925: Total time for which application threads were stopped: 0.0007625 seconds, Stopping threads took: 0.0000910 seconds
2016-11-15T08:00:24.734+0100: 9021.926: Total time for which application threads were stopped: 0.0009693 seconds, Stopping threads took: 0.0001642 seconds
2016-11-15T08:00:25.513+0100: 9022.705: Total time for which application threads were stopped: 0.0011270 seconds, Stopping threads took: 0.0001522 seconds
2016-11-15T08:00:25.514+0100: 9022.706: Total time for which application threads were stopped: 0.0005078 seconds, Stopping threads took: 0.0000672 seconds
2016-11-15T08:00:25.514+0100: 9022.707: Total time for which application threads were stopped: 0.0004903 seconds, Stopping threads took: 0.0000425 seconds
2016-11-15T08:00:25.515+0100: 9022.708: Total time for which application threads were stopped: 0.0005082 seconds, Stopping threads took: 0.0000355 seconds
2016-11-15T08:00:31.107+0100: 9028.300: Total time for which application threads were stopped: 0.0011397 seconds, Stopping threads took: 0.0001543 seconds
2016-11-15T08:00:31.108+0100: 9028.300: Total time for which application threads were stopped: 0.0004660 seconds, Stopping threads took: 0.0000346 seconds
2016-11-15T08:00:31.108+0100: 9028.301: Total time for which application threads were stopped: 0.0004556 seconds, Stopping threads took: 0.0000343 seconds
2016-11-15T08:00:31.285+0100: 9028.477: Total time for which application threads were stopped: 0.0010862 seconds, Stopping threads took: 0.0001543 seconds
2016-11-15T08:00:32.286+0100: 9029.479: Total time for which application threads were stopped: 0.0009643 seconds, Stopping threads took: 0.0001463 seconds
2016-11-15T08:00:35.098+0100: 9032.290: Total time for which application threads were stopped: 0.0011074 seconds, Stopping threads took: 0.0001571 seconds
2016-11-15T08:00:35.099+0100: 9032.291: Total time for which application threads were stopped: 0.0004531 seconds, Stopping threads took: 0.0000344 seconds
2016-11-15T08:00:35.099+0100: 9032.292: Total time for which application threads were stopped: 0.0004530 seconds, Stopping threads took: 0.0000309 seconds
2016-11-15T08:00:35.311+0100: 9032.504: Total time for which application threads were stopped: 0.0007630 seconds, Stopping threads took: 0.0000975 seconds
2016-11-15T08:00:36.514+0100: 9033.706: Total time for which application threads were stopped: 0.0010712 seconds, Stopping threads took: 0.0001838 seconds
2016-11-15T08:00:36.514+0100: 9033.707: Total time for which application threads were stopped: 0.0004260 seconds, Stopping threads took: 0.0000334 seconds
2016-11-15T08:00:36.515+0100: 9033.707: Total time for which application threads were stopped: 0.0004258 seconds, Stopping threads took: 0.0000299 seconds
2016-11-15T08:00:36.658+0100: 9033.850: Total time for which application threads were stopped: 0.0006035 seconds, Stopping threads took: 0.0000650 seconds
2016-11-15T08:00:37.619+0100: 9034.812: Total time for which application threads were stopped: 0.0031072 seconds, Stopping threads took: 0.0001244 seconds
2016-11-15T08:00:44.374+0100: 9041.566: Total time for which application threads were stopped: 0.0009941 seconds, Stopping threads took: 0.0001516 seconds
2016-11-15T08:00:44.375+0100: 9041.567: Total time for which application threads were stopped: 0.0004830 seconds, Stopping threads took: 0.0000467 seconds
2016-11-15T08:00:44.375+0100: 9041.568: Total time for which application threads were stopped: 0.0004094 seconds, Stopping threads took: 0.0000286 seconds
2016-11-15T08:00:44.457+0100: 9041.649: Total time for which application threads were stopped: 0.0006938 seconds, Stopping threads took: 0.0000738 seconds
2016-11-15T08:00:44.460+0100: 9041.652: Total time for which application threads were stopped: 0.0024414 seconds, Stopping threads took: 0.0000310 seconds
2016-11-15T08:00:44.461+0100: 9041.653: Total time for which application threads were stopped: 0.0006836 seconds, Stopping threads took: 0.0001089 seconds
2016-11-15T08:00:44.471+0100: 9041.663: Total time for which application threads were stopped: 0.0005008 seconds, Stopping threads took: 0.0000517 seconds
2016-11-15T08:00:44.489+0100: 9041.682: Total time for which application threads were stopped: 0.0006177 seconds, Stopping threads took: 0.0000623 seconds
2016-11-15T08:00:44.595+0100: 9041.788: Total time for which application threads were stopped: 0.0006942 seconds, Stopping threads took: 0.0000720 seconds
2016-11-15T08:00:46.141+0100: 9043.333: Total time for which application threads were stopped: 0.0010529 seconds, Stopping threads took: 0.0002031 seconds
2016-11-15T08:00:46.141+0100: 9043.334: Total time for which application threads were stopped: 0.0004848 seconds, Stopping threads took: 0.0000920 seconds
2016-11-15T08:00:46.142+0100: 9043.334: Total time for which application threads were stopped: 0.0004972 seconds, Stopping threads took: 0.0000869 seconds
2016-11-15T08:00:46.445+0100: 9043.638: Total time for which application threads were stopped: 0.0007687 seconds, Stopping threads took: 0.0000988 seconds
2016-11-15T08:00:46.446+0100: 9043.639: Total time for which application threads were stopped: 0.0004273 seconds, Stopping threads took: 0.0000329 seconds
2016-11-15T08:00:46.447+0100: 9043.639: Total time for which application threads were stopped: 0.0004258 seconds, Stopping threads took: 0.0000291 seconds
2016-11-15T08:00:46.529+0100: 9043.722: Total time for which application threads were stopped: 0.0007571 seconds, Stopping threads took: 0.0000826 seconds
2016-11-15T08:00:47.530+0100: 9044.723: Total time for which application threads were stopped: 0.0009131 seconds, Stopping threads took: 0.0001298 seconds
2016-11-15T08:00:56.532+0100: 9053.724: Total time for which application threads were stopped: 0.0010343 seconds, Stopping threads took: 0.0001462 seconds
2016-11-15T08:00:57.533+0100: 9054.725: Total time for which application threads were stopped: 0.0009318 seconds, Stopping threads took: 0.0001384 seconds
2016-11-15T08:01:02.534+0100: 9059.727: Total time for which application threads were stopped: 0.0010603 seconds, Stopping threads took: 0.0001500 seconds
2016-11-15T08:01:04.536+0100: 9061.728: Total time for which application threads were stopped: 0.0011263 seconds, Stopping threads took: 0.0001564 seconds
2016-11-15T08:01:05.111+0100: 9062.303: Total time for which application threads were stopped: 0.0009729 seconds, Stopping threads took: 0.0001300 seconds
2016-11-15T08:01:05.111+0100: 9062.304: Total time for which application threads were stopped: 0.0004644 seconds, Stopping threads took: 0.0000357 seconds
2016-11-15T08:01:05.112+0100: 9062.304: Total time for which application threads were stopped: 0.0004656 seconds, Stopping threads took: 0.0000333 seconds
2016-11-15T08:01:05.284+0100: 9062.477: Total time for which application threads were stopped: 0.0007228 seconds, Stopping threads took: 0.0000834 seconds
2016-11-15T08:01:08.286+0100: 9065.478: Total time for which application threads were stopped: 0.0010588 seconds, Stopping threads took: 0.0001535 seconds
2016-11-15T08:01:08.679+0100: 9065.872: Total time for which application threads were stopped: 0.0010804 seconds, Stopping threads took: 0.0001476 seconds
2016-11-15T08:01:08.680+0100: 9065.873: Total time for which application threads were stopped: 0.0005129 seconds, Stopping threads took: 0.0000475 seconds
2016-11-15T08:01:08.681+0100: 9065.873: Total time for which application threads were stopped: 0.0004505 seconds, Stopping threads took: 0.0000276 seconds
2016-11-15T08:01:09.547+0100: 9066.739: Total time for which application threads were stopped: 0.0010160 seconds, Stopping threads took: 0.0001565 seconds
2016-11-15T08:01:11.432+0100: 9068.625: Total time for which application threads were stopped: 0.0010175 seconds, Stopping threads took: 0.0001718 seconds
2016-11-15T08:01:11.433+0100: 9068.625: Total time for which application threads were stopped: 0.0004348 seconds, Stopping threads took: 0.0000326 seconds
2016-11-15T08:01:11.434+0100: 9068.626: Total time for which application threads were stopped: 0.0007466 seconds, Stopping threads took: 0.0001318 seconds
2016-11-15T08:01:11.562+0100: 9068.755: Total time for which application threads were stopped: 0.0005699 seconds, Stopping threads took: 0.0000563 seconds
2016-11-15T08:01:15.564+0100: 9072.756: Total time for which application threads were stopped: 0.0010629 seconds, Stopping threads took: 0.0001533 seconds
2016-11-15T08:01:17.243+0100: 9074.436: Total time for which application threads were stopped: 0.0011048 seconds, Stopping threads took: 0.0001503 seconds
2016-11-15T08:01:17.244+0100: 9074.437: Total time for which application threads were stopped: 0.0004555 seconds, Stopping threads took: 0.0000325 seconds
2016-11-15T08:01:17.245+0100: 9074.437: Total time for which application threads were stopped: 0.0004649 seconds, Stopping threads took: 0.0000310 seconds
2016-11-15T08:01:17.376+0100: 9074.568: Total time for which application threads were stopped: 0.0006302 seconds, Stopping threads took: 0.0000593 seconds
2016-11-15T08:01:18.176+0100: 9075.368: Total time for which application threads were stopped: 0.0010566 seconds, Stopping threads took: 0.0001468 seconds
2016-11-15T08:01:18.177+0100: 9075.369: Total time for which application threads were stopped: 0.0004701 seconds, Stopping threads took: 0.0000337 seconds
2016-11-15T08:01:18.177+0100: 9075.370: Total time for which application threads were stopped: 0.0004568 seconds, Stopping threads took: 0.0000292 seconds
2016-11-15T08:01:18.224+0100: 9075.416: Total time for which application threads were stopped: 0.0005537 seconds, Stopping threads took: 0.0000576 seconds
2016-11-15T08:01:23.225+0100: 9080.418: Total time for which application threads were stopped: 0.0009687 seconds, Stopping threads took: 0.0001504 seconds
2016-11-15T08:01:25.226+0100: 9082.419: Total time for which application threads were stopped: 0.0009443 seconds, Stopping threads took: 0.0001418 seconds
2016-11-15T08:01:27.877+0100: 9085.070: Total time for which application threads were stopped: 0.0031569 seconds, Stopping threads took: 0.0002113 seconds
2016-11-15T08:01:27.878+0100: 9085.071: Total time for which application threads were stopped: 0.0006135 seconds, Stopping threads took: 0.0000640 seconds
2016-11-15T08:01:27.881+0100: 9085.073: Total time for which application threads were stopped: 0.0021732 seconds, Stopping threads took: 0.0002579 seconds
2016-11-15T08:01:27.993+0100: 9085.186: Total time for which application threads were stopped: 0.0009333 seconds, Stopping threads took: 0.0001299 seconds
2016-11-15T08:01:27.994+0100: 9085.186: Total time for which application threads were stopped: 0.0004138 seconds, Stopping threads took: 0.0000265 seconds
2016-11-15T08:01:28.099+0100: 9085.292: Total time for which application threads were stopped: 0.0008082 seconds, Stopping threads took: 0.0001112 seconds
2016-11-15T08:01:29.590+0100: 9086.782: Total time for which application threads were stopped: 0.0011567 seconds, Stopping threads took: 0.0003013 seconds
2016-11-15T08:01:29.591+0100: 9086.783: Total time for which application threads were stopped: 0.0005513 seconds, Stopping threads took: 0.0001491 seconds
2016-11-15T08:01:29.591+0100: 9086.784: Total time for which application threads were stopped: 0.0005207 seconds, Stopping threads took: 0.0000953 seconds
2016-11-15T08:01:29.822+0100: 9087.014: Total time for which application threads were stopped: 0.0028919 seconds, Stopping threads took: 0.0000918 seconds
2016-11-15T08:01:30.823+0100: 9088.016: Total time for which application threads were stopped: 0.0011417 seconds, Stopping threads took: 0.0001533 seconds
2016-11-15T08:01:32.690+0100: 9089.883: Total time for which application threads were stopped: 0.0010331 seconds, Stopping threads took: 0.0001503 seconds
2016-11-15T08:01:32.691+0100: 9089.883: Total time for which application threads were stopped: 0.0004219 seconds, Stopping threads took: 0.0000356 seconds
2016-11-15T08:01:32.691+0100: 9089.884: Total time for which application threads were stopped: 0.0004217 seconds, Stopping threads took: 0.0000291 seconds
2016-11-15T08:01:32.968+0100: 9090.160: Total time for which application threads were stopped: 0.0007615 seconds, Stopping threads took: 0.0001008 seconds
2016-11-15T08:01:35.518+0100: 9092.711: Total time for which application threads were stopped: 0.0010097 seconds, Stopping threads took: 0.0001592 seconds
2016-11-15T08:01:35.519+0100: 9092.711: Total time for which application threads were stopped: 0.0004233 seconds, Stopping threads took: 0.0000329 seconds
2016-11-15T08:01:35.519+0100: 9092.712: Total time for which application threads were stopped: 0.0004207 seconds, Stopping threads took: 0.0000340 seconds
2016-11-15T08:01:35.748+0100: 9092.941: Total time for which application threads were stopped: 0.0006239 seconds, Stopping threads took: 0.0000736 seconds
2016-11-15T08:01:37.075+0100: 9094.268: Total time for which application threads were stopped: 0.0009935 seconds, Stopping threads took: 0.0001586 seconds
2016-11-15T08:01:37.076+0100: 9094.268: Total time for which application threads were stopped: 0.0004270 seconds, Stopping threads took: 0.0000341 seconds
2016-11-15T08:01:37.076+0100: 9094.269: Total time for which application threads were stopped: 0.0004264 seconds, Stopping threads took: 0.0000336 seconds
2016-11-15T08:01:37.127+0100: 9094.320: Total time for which application threads were stopped: 0.0005373 seconds, Stopping threads took: 0.0000572 seconds
2016-11-15T08:01:38.128+0100: 9095.321: Total time for which application threads were stopped: 0.0009937 seconds, Stopping threads took: 0.0001567 seconds
2016-11-15T08:01:41.130+0100: 9098.322: Total time for which application threads were stopped: 0.0009583 seconds, Stopping threads took: 0.0001571 seconds
2016-11-15T08:01:41.314+0100: 9098.506: Total time for which application threads were stopped: 0.0009604 seconds, Stopping threads took: 0.0001174 seconds
2016-11-15T08:01:41.709+0100: 9098.901: Total time for which application threads were stopped: 0.0010056 seconds, Stopping threads took: 0.0002192 seconds
2016-11-15T08:01:41.710+0100: 9098.902: Total time for which application threads were stopped: 0.0005475 seconds, Stopping threads took: 0.0001484 seconds
2016-11-15T08:01:41.710+0100: 9098.903: Total time for which application threads were stopped: 0.0004958 seconds, Stopping threads took: 0.0000980 seconds
2016-11-15T08:01:41.856+0100: 9099.049: Total time for which application threads were stopped: 0.0006026 seconds, Stopping threads took: 0.0000722 seconds
2016-11-15T08:01:42.516+0100: 9099.708: Total time for which application threads were stopped: 0.0009413 seconds, Stopping threads took: 0.0001368 seconds
2016-11-15T08:01:42.516+0100: 9099.709: Total time for which application threads were stopped: 0.0004254 seconds, Stopping threads took: 0.0000328 seconds
2016-11-15T08:01:42.517+0100: 9099.709: Total time for which application threads were stopped: 0.0005372 seconds, Stopping threads took: 0.0000280 seconds
2016-11-15T08:01:42.648+0100: 9099.840: Total time for which application threads were stopped: 0.0005540 seconds, Stopping threads took: 0.0000639 seconds
2016-11-15T08:01:42.649+0100: 9099.842: Total time for which application threads were stopped: 0.0004751 seconds, Stopping threads took: 0.0000455 seconds
2016-11-15T08:01:42.650+0100: 9099.842: Total time for which application threads were stopped: 0.0004063 seconds, Stopping threads took: 0.0000270 seconds
2016-11-15T08:01:42.682+0100: 9099.874: Total time for which application threads were stopped: 0.0005385 seconds, Stopping threads took: 0.0000898 seconds
2016-11-15T08:01:42.683+0100: 9099.875: Total time for which application threads were stopped: 0.0005285 seconds, Stopping threads took: 0.0000955 seconds
2016-11-15T08:01:42.684+0100: 9099.876: Total time for which application threads were stopped: 0.0005317 seconds, Stopping threads took: 0.0000960 seconds
2016-11-15T08:01:42.801+0100: 9099.993: Total time for which application threads were stopped: 0.0005715 seconds, Stopping threads took: 0.0000589 seconds
2016-11-15T08:01:42.821+0100: 9100.014: Total time for which application threads were stopped: 0.0004937 seconds, Stopping threads took: 0.0000628 seconds
2016-11-15T08:01:42.898+0100: 9100.090: Total time for which application threads were stopped: 0.0005849 seconds, Stopping threads took: 0.0000652 seconds
2016-11-15T08:01:43.710+0100: 9100.903: Total time for which application threads were stopped: 0.0009797 seconds, Stopping threads took: 0.0001530 seconds
2016-11-15T08:01:43.711+0100: 9100.903: Total time for which application threads were stopped: 0.0004235 seconds, Stopping threads took: 0.0000326 seconds
2016-11-15T08:01:43.711+0100: 9100.904: Total time for which application threads were stopped: 0.0004213 seconds, Stopping threads took: 0.0000272 seconds
2016-11-15T08:01:43.940+0100: 9101.132: Total time for which application threads were stopped: 0.0005901 seconds, Stopping threads took: 0.0000658 seconds
2016-11-15T08:01:44.522+0100: 9101.714: Total time for which application threads were stopped: 0.0030569 seconds, Stopping threads took: 0.0001128 seconds
2016-11-15T08:01:44.666+0100: 9101.858: Total time for which application threads were stopped: 0.0007534 seconds, Stopping threads took: 0.0000812 seconds
2016-11-15T08:01:44.667+0100: 9101.859: Total time for which application threads were stopped: 0.0004319 seconds, Stopping threads took: 0.0000344 seconds
2016-11-15T08:01:44.667+0100: 9101.859: Total time for which application threads were stopped: 0.0004291 seconds, Stopping threads took: 0.0000276 seconds
2016-11-15T08:01:44.705+0100: 9101.897: Total time for which application threads were stopped: 0.0005262 seconds, Stopping threads took: 0.0000558 seconds
2016-11-15T08:01:44.900+0100: 9102.092: Total time for which application threads were stopped: 0.0009443 seconds, Stopping threads took: 0.0001317 seconds
2016-11-15T08:01:44.901+0100: 9102.093: Total time for which application threads were stopped: 0.0005100 seconds, Stopping threads took: 0.0000867 seconds
2016-11-15T08:01:44.901+0100: 9102.094: Total time for which application threads were stopped: 0.0004775 seconds, Stopping threads took: 0.0000770 seconds
2016-11-15T08:01:44.958+0100: 9102.150: Total time for which application threads were stopped: 0.0006794 seconds, Stopping threads took: 0.0001292 seconds
2016-11-15T08:01:46.181+0100: 9103.373: Total time for which application threads were stopped: 0.0010810 seconds, Stopping threads took: 0.0001571 seconds
2016-11-15T08:01:46.182+0100: 9103.374: Total time for which application threads were stopped: 0.0004974 seconds, Stopping threads took: 0.0000535 seconds
2016-11-15T08:01:46.182+0100: 9103.375: Total time for which application threads were stopped: 0.0004160 seconds, Stopping threads took: 0.0000292 seconds
2016-11-15T08:01:46.298+0100: 9103.491: Total time for which application threads were stopped: 0.0006275 seconds, Stopping threads took: 0.0000776 seconds
2016-11-15T08:01:46.477+0100: 9103.670: Total time for which application threads were stopped: 0.0007316 seconds, Stopping threads took: 0.0000908 seconds
2016-11-15T08:01:46.478+0100: 9103.671: Total time for which application threads were stopped: 0.0004842 seconds, Stopping threads took: 0.0000993 seconds
2016-11-15T08:01:46.479+0100: 9103.671: Total time for which application threads were stopped: 0.0004743 seconds, Stopping threads took: 0.0000845 seconds
2016-11-15T08:01:46.626+0100: 9103.819: Total time for which application threads were stopped: 0.0006204 seconds, Stopping threads took: 0.0000787 seconds
2016-11-15T08:01:47.046+0100: 9104.238: Total time for which application threads were stopped: 0.0007355 seconds, Stopping threads took: 0.0001087 seconds
2016-11-15T08:01:48.956+0100: 9106.149: Total time for which application threads were stopped: 0.0010561 seconds, Stopping threads took: 0.0001521 seconds
2016-11-15T08:01:48.957+0100: 9106.150: Total time for which application threads were stopped: 0.0005390 seconds, Stopping threads took: 0.0000456 seconds
2016-11-15T08:01:48.958+0100: 9106.150: Total time for which application threads were stopped: 0.0004700 seconds, Stopping threads took: 0.0000394 seconds
2016-11-15T08:01:49.157+0100: 9106.349: Total time for which application threads were stopped: 0.0008474 seconds, Stopping threads took: 0.0000964 seconds
2016-11-15T08:01:52.158+0100: 9109.350: Total time for which application threads were stopped: 0.0009520 seconds, Stopping threads took: 0.0001402 seconds
2016-11-15T08:01:52.528+0100: 9109.720: Total time for which application threads were stopped: 0.0009029 seconds, Stopping threads took: 0.0001512 seconds
2016-11-15T08:01:52.529+0100: 9109.722: Total time for which application threads were stopped: 0.0007620 seconds, Stopping threads took: 0.0003055 seconds
2016-11-15T08:01:52.530+0100: 9109.722: Total time for which application threads were stopped: 0.0004802 seconds, Stopping threads took: 0.0000855 seconds
2016-11-15T08:01:52.667+0100: 9109.859: Total time for which application threads were stopped: 0.0005856 seconds, Stopping threads took: 0.0000676 seconds
2016-11-15T08:01:53.502+0100: 9110.695: Total time for which application threads were stopped: 0.0009727 seconds, Stopping threads took: 0.0001449 seconds
2016-11-15T08:01:53.506+0100: 9110.698: Total time for which application threads were stopped: 0.0025487 seconds, Stopping threads took: 0.0000622 seconds
2016-11-15T08:01:53.506+0100: 9110.699: Total time for which application threads were stopped: 0.0007434 seconds, Stopping threads took: 0.0001938 seconds
2016-11-15T08:01:53.560+0100: 9110.753: Total time for which application threads were stopped: 0.0005311 seconds, Stopping threads took: 0.0000631 seconds
2016-11-15T08:01:53.708+0100: 9110.900: Total time for which application threads were stopped: 0.0007811 seconds, Stopping threads took: 0.0001402 seconds
2016-11-15T08:01:55.518+0100: 9112.711: Total time for which application threads were stopped: 0.0009779 seconds, Stopping threads took: 0.0001497 seconds
2016-11-15T08:01:55.519+0100: 9112.712: Total time for which application threads were stopped: 0.0004359 seconds, Stopping threads took: 0.0000334 seconds
2016-11-15T08:01:55.520+0100: 9112.712: Total time for which application threads were stopped: 0.0004369 seconds, Stopping threads took: 0.0000339 seconds
2016-11-15T08:01:55.582+0100: 9112.774: Total time for which application threads were stopped: 0.0005502 seconds, Stopping threads took: 0.0000589 seconds
2016-11-15T08:01:56.628+0100: 9113.820: Total time for which application threads were stopped: 0.0009822 seconds, Stopping threads took: 0.0001363 seconds
2016-11-15T08:01:56.628+0100: 9113.821: Total time for which application threads were stopped: 0.0004490 seconds, Stopping threads took: 0.0000332 seconds
2016-11-15T08:01:57.300+0100: 9114.493: Total time for which application threads were stopped: 0.0009835 seconds, Stopping threads took: 0.0001452 seconds
2016-11-15T08:01:57.301+0100: 9114.494: Total time for which application threads were stopped: 0.0004884 seconds, Stopping threads took: 0.0000484 seconds
2016-11-15T08:01:57.302+0100: 9114.494: Total time for which application threads were stopped: 0.0004176 seconds, Stopping threads took: 0.0000278 seconds
2016-11-15T08:01:57.388+0100: 9114.580: Total time for which application threads were stopped: 0.0005630 seconds, Stopping threads took: 0.0000655 seconds
2016-11-15T08:01:58.347+0100: 9115.539: Total time for which application threads were stopped: 0.0010966 seconds, Stopping threads took: 0.0001815 seconds
2016-11-15T08:01:58.347+0100: 9115.540: Total time for which application threads were stopped: 0.0005159 seconds, Stopping threads took: 0.0000984 seconds
2016-11-15T08:01:58.348+0100: 9115.540: Total time for which application threads were stopped: 0.0005615 seconds, Stopping threads took: 0.0001330 seconds
2016-11-15T08:01:58.349+0100: 9115.541: Total time for which application threads were stopped: 0.0005494 seconds, Stopping threads took: 0.0001039 seconds
2016-11-15T08:01:58.349+0100: 9115.542: Total time for which application threads were stopped: 0.0005281 seconds, Stopping threads took: 0.0000760 seconds
2016-11-15T08:01:58.350+0100: 9115.542: Total time for which application threads were stopped: 0.0005130 seconds, Stopping threads took: 0.0000863 seconds
2016-11-15T08:01:58.350+0100: 9115.543: Total time for which application threads were stopped: 0.0004919 seconds, Stopping threads took: 0.0000568 seconds
2016-11-15T08:01:58.351+0100: 9115.543: Total time for which application threads were stopped: 0.0004542 seconds, Stopping threads took: 0.0000435 seconds
2016-11-15T08:01:58.351+0100: 9115.544: Total time for which application threads were stopped: 0.0004538 seconds, Stopping threads took: 0.0000383 seconds
2016-11-15T08:01:58.352+0100: 9115.544: Total time for which application threads were stopped: 0.0004489 seconds, Stopping threads took: 0.0000432 seconds
2016-11-15T08:01:58.689+0100: 9115.881: Total time for which application threads were stopped: 0.0011814 seconds, Stopping threads took: 0.0001520 seconds
2016-11-15T08:01:58.691+0100: 9115.884: Total time for which application threads were stopped: 0.0005890 seconds, Stopping threads took: 0.0000928 seconds
2016-11-15T08:01:58.692+0100: 9115.884: Total time for which application threads were stopped: 0.0005936 seconds, Stopping threads took: 0.0001069 seconds
2016-11-15T08:01:58.693+0100: 9115.885: Total time for which application threads were stopped: 0.0006381 seconds, Stopping threads took: 0.0001439 seconds
2016-11-15T08:01:59.871+0100: 9117.064: Total time for which application threads were stopped: 0.0011425 seconds, Stopping threads took: 0.0001458 seconds
2016-11-15T08:01:59.872+0100: 9117.064: Total time for which application threads were stopped: 0.0004955 seconds, Stopping threads took: 0.0000333 seconds
2016-11-15T08:01:59.872+0100: 9117.065: Total time for which application threads were stopped: 0.0004727 seconds, Stopping threads took: 0.0000327 seconds
2016-11-15T08:02:00.067+0100: 9117.259: Total time for which application threads were stopped: 0.0011755 seconds, Stopping threads took: 0.0001664 seconds
2016-11-15T08:02:00.070+0100: 9117.263: Total time for which application threads were stopped: 0.0005539 seconds, Stopping threads took: 0.0000578 seconds
2016-11-15T08:02:00.091+0100: 9117.283: Total time for which application threads were stopped: 0.0011437 seconds, Stopping threads took: 0.0003087 seconds
2016-11-15T08:02:00.110+0100: 9117.302: Total time for which application threads were stopped: 0.0009621 seconds, Stopping threads took: 0.0001241 seconds
2016-11-15T08:02:00.334+0100: 9117.526: Total time for which application threads were stopped: 0.0011539 seconds, Stopping threads took: 0.0001993 seconds
2016-11-15T08:02:00.337+0100: 9117.529: Total time for which application threads were stopped: 0.0006761 seconds, Stopping threads took: 0.0001360 seconds
2016-11-15T08:02:01.338+0100: 9118.531: Total time for which application threads were stopped: 0.0011151 seconds, Stopping threads took: 0.0001665 seconds
2016-11-15T08:02:04.550+0100: 9121.743: Total time for which application threads were stopped: 0.0010222 seconds, Stopping threads took: 0.0001578 seconds
2016-11-15T08:02:04.551+0100: 9121.744: Total time for which application threads were stopped: 0.0004228 seconds, Stopping threads took: 0.0000327 seconds
2016-11-15T08:02:04.552+0100: 9121.744: Total time for which application threads were stopped: 0.0004267 seconds, Stopping threads took: 0.0000286 seconds
2016-11-15T08:02:04.681+0100: 9121.873: Total time for which application threads were stopped: 0.0005848 seconds, Stopping threads took: 0.0000592 seconds
2016-11-15T08:02:06.966+0100: 9124.159: Total time for which application threads were stopped: 0.0010508 seconds, Stopping threads took: 0.0001967 seconds
2016-11-15T08:02:06.967+0100: 9124.160: Total time for which application threads were stopped: 0.0004887 seconds, Stopping threads took: 0.0000559 seconds
2016-11-15T08:02:06.968+0100: 9124.160: Total time for which application threads were stopped: 0.0004243 seconds, Stopping threads took: 0.0000419 seconds
2016-11-15T08:02:07.139+0100: 9124.332: Total time for which application threads were stopped: 0.0008476 seconds, Stopping threads took: 0.0001178 seconds
2016-11-15T08:02:07.140+0100: 9124.333: Total time for which application threads were stopped: 0.0004757 seconds, Stopping threads took: 0.0000453 seconds
2016-11-15T08:02:07.141+0100: 9124.334: Total time for which application threads were stopped: 0.0008203 seconds, Stopping threads took: 0.0001176 seconds
2016-11-15T08:02:07.191+0100: 9124.383: Total time for which application threads were stopped: 0.0006425 seconds, Stopping threads took: 0.0001092 seconds
2016-11-15T08:02:07.259+0100: 9124.451: Total time for which application threads were stopped: 0.0005145 seconds, Stopping threads took: 0.0000524 seconds
2016-11-15T08:02:09.753+0100: 9126.946: Total time for which application threads were stopped: 0.0011027 seconds, Stopping threads took: 0.0001520 seconds
2016-11-15T08:02:09.754+0100: 9126.947: Total time for which application threads were stopped: 0.0004924 seconds, Stopping threads took: 0.0000359 seconds
2016-11-15T08:02:09.755+0100: 9126.947: Total time for which application threads were stopped: 0.0004543 seconds, Stopping threads took: 0.0000290 seconds
2016-11-15T08:02:09.814+0100: 9127.006: Total time for which application threads were stopped: 0.0005874 seconds, Stopping threads took: 0.0000548 seconds
2016-11-15T08:02:10.675+0100: 9127.868: Total time for which application threads were stopped: 0.0010582 seconds, Stopping threads took: 0.0001457 seconds
2016-11-15T08:02:10.676+0100: 9127.868: Total time for which application threads were stopped: 0.0004481 seconds, Stopping threads took: 0.0000307 seconds
2016-11-15T08:02:10.677+0100: 9127.869: Total time for which application threads were stopped: 0.0005113 seconds, Stopping threads took: 0.0000324 seconds
2016-11-15T08:02:12.438+0100: 9129.630: Total time for which application threads were stopped: 0.0010125 seconds, Stopping threads took: 0.0001462 seconds
2016-11-15T08:02:12.439+0100: 9129.631: Total time for which application threads were stopped: 0.0005107 seconds, Stopping threads took: 0.0000859 seconds
2016-11-15T08:02:12.439+0100: 9129.632: Total time for which application threads were stopped: 0.0004951 seconds, Stopping threads took: 0.0000778 seconds
2016-11-15T08:02:12.576+0100: 9129.769: Total time for which application threads were stopped: 0.0005929 seconds, Stopping threads took: 0.0000663 seconds
2016-11-15T08:02:12.811+0100: 9130.003: Total time for which application threads were stopped: 0.0006873 seconds, Stopping threads took: 0.0000703 seconds
2016-11-15T08:02:12.811+0100: 9130.004: Total time for which application threads were stopped: 0.0004561 seconds, Stopping threads took: 0.0000288 seconds
2016-11-15T08:02:15.813+0100: 9133.005: Total time for which application threads were stopped: 0.0010188 seconds, Stopping threads took: 0.0001574 seconds
2016-11-15T08:02:19.591+0100: 9136.783: Total time for which application threads were stopped: 0.0010148 seconds, Stopping threads took: 0.0001553 seconds
2016-11-15T08:02:19.591+0100: 9136.784: Total time for which application threads were stopped: 0.0004270 seconds, Stopping threads took: 0.0000320 seconds
2016-11-15T08:02:19.592+0100: 9136.784: Total time for which application threads were stopped: 0.0004188 seconds, Stopping threads took: 0.0000276 seconds
2016-11-15T08:02:20.110+0100: 9137.302: Total time for which application threads were stopped: 0.0009940 seconds, Stopping threads took: 0.0001567 seconds
2016-11-15T08:02:20.110+0100: 9137.303: Total time for which application threads were stopped: 0.0004230 seconds, Stopping threads took: 0.0000323 seconds
2016-11-15T08:02:20.111+0100: 9137.303: Total time for which application threads were stopped: 0.0004335 seconds, Stopping threads took: 0.0000271 seconds
2016-11-15T08:02:20.264+0100: 9137.457: Total time for which application threads were stopped: 0.0007734 seconds, Stopping threads took: 0.0000994 seconds
2016-11-15T08:02:20.722+0100: 9137.915: Total time for which application threads were stopped: 0.0009777 seconds, Stopping threads took: 0.0001366 seconds
2016-11-15T08:02:25.667+0100: 9142.860: Total time for which application threads were stopped: 0.0009905 seconds, Stopping threads took: 0.0001517 seconds
2016-11-15T08:02:25.669+0100: 9142.861: Total time for which application threads were stopped: 0.0004863 seconds, Stopping threads took: 0.0000467 seconds
2016-11-15T08:02:25.669+0100: 9142.862: Total time for which application threads were stopped: 0.0004968 seconds, Stopping threads took: 0.0001115 seconds
2016-11-15T08:02:25.775+0100: 9142.967: Total time for which application threads were stopped: 0.0005747 seconds, Stopping threads took: 0.0000687 seconds
2016-11-15T08:02:27.432+0100: 9144.624: Total time for which application threads were stopped: 0.0010212 seconds, Stopping threads took: 0.0001536 seconds
2016-11-15T08:02:27.433+0100: 9144.625: Total time for which application threads were stopped: 0.0004979 seconds, Stopping threads took: 0.0000464 seconds
2016-11-15T08:02:27.433+0100: 9144.626: Total time for which application threads were stopped: 0.0004133 seconds, Stopping threads took: 0.0000298 seconds
2016-11-15T08:02:27.543+0100: 9144.736: Total time for which application threads were stopped: 0.0005973 seconds, Stopping threads took: 0.0000602 seconds
2016-11-15T08:02:28.544+0100: 9145.737: Total time for which application threads were stopped: 0.0009921 seconds, Stopping threads took: 0.0001530 seconds
2016-11-15T08:02:30.110+0100: 9147.303: Total time for which application threads were stopped: 0.0011144 seconds, Stopping threads took: 0.0001709 seconds
2016-11-15T08:02:30.111+0100: 9147.303: Total time for which application threads were stopped: 0.0005136 seconds, Stopping threads took: 0.0000523 seconds
2016-11-15T08:02:30.112+0100: 9147.304: Total time for which application threads were stopped: 0.0004617 seconds, Stopping threads took: 0.0000322 seconds
2016-11-15T08:02:30.265+0100: 9147.458: Total time for which application threads were stopped: 0.0030401 seconds, Stopping threads took: 0.0001462 seconds
2016-11-15T08:02:31.267+0100: 9148.459: Total time for which application threads were stopped: 0.0010323 seconds, Stopping threads took: 0.0001574 seconds
2016-11-15T08:02:33.268+0100: 9150.460: Total time for which application threads were stopped: 0.0009561 seconds, Stopping threads took: 0.0001507 seconds
2016-11-15T08:02:34.068+0100: 9151.260: Total time for which application threads were stopped: 0.0009666 seconds, Stopping threads took: 0.0001471 seconds
2016-11-15T08:02:34.068+0100: 9151.261: Total time for which application threads were stopped: 0.0004249 seconds, Stopping threads took: 0.0000342 seconds
2016-11-15T08:02:34.069+0100: 9151.261: Total time for which application threads were stopped: 0.0004496 seconds, Stopping threads took: 0.0000319 seconds
2016-11-15T08:02:34.098+0100: 9151.290: Total time for which application threads were stopped: 0.0005409 seconds, Stopping threads took: 0.0000577 seconds
2016-11-15T08:02:35.310+0100: 9152.502: Total time for which application threads were stopped: 0.0031538 seconds, Stopping threads took: 0.0001622 seconds
2016-11-15T08:02:35.311+0100: 9152.503: Total time for which application threads were stopped: 0.0005755 seconds, Stopping threads took: 0.0000394 seconds
2016-11-15T08:02:35.312+0100: 9152.505: Total time for which application threads were stopped: 0.0019246 seconds, Stopping threads took: 0.0000299 seconds
2016-11-15T08:02:35.347+0100: 9152.540: Total time for which application threads were stopped: 0.0006469 seconds, Stopping threads took: 0.0000597 seconds
2016-11-15T08:02:35.348+0100: 9152.540: Total time for which application threads were stopped: 0.0004086 seconds, Stopping threads took: 0.0000286 seconds
2016-11-15T08:02:35.498+0100: 9152.691: Total time for which application threads were stopped: 0.0006954 seconds, Stopping threads took: 0.0000758 seconds
2016-11-15T08:02:35.523+0100: 9152.715: [GC pause (G1 Evacuation Pause) (young)
Desired survivor size 80740352 bytes, new threshold 15 (max 15)
- age   1:    3391600 bytes,    3391600 total
- age   2:    9904288 bytes,   13295888 total
- age   3:   21211032 bytes,   34506920 total
- age   4:   12670536 bytes,   47177456 total
- age   5:   12894800 bytes,   60072256 total
- age   6:   12732008 bytes,   72804264 total
2016-11-15T08:02:35.616+0100: 9152.809: [SoftReference, 241 refs, 0.0059255 secs]2016-11-15T08:02:35.622+0100: 9152.815: [WeakReference, 1353 refs, 0.0033862 secs]2016-11-15T08:02:35.626+0100: 9152.818: [FinalReference, 4084 refs, 0.0038378 secs]2016-11-15T08:02:35.629+0100: 9152.822: [PhantomReference, 0 refs, 8 refs, 0.0067271 secs]2016-11-15T08:02:35.636+0100: 9152.829: [JNI Weak Reference, 0.0000612 secs], 0.1322956 secs]
   [Parallel Time: 86.7 ms, GC Workers: 43]
      [GC Worker Start (ms): Min: 9152715.7, Avg: 9152716.3, Max: 9152716.8, Diff: 1.0]
      [Ext Root Scanning (ms): Min: 1.5, Avg: 2.6, Max: 22.7, Diff: 21.2, Sum: 111.5]
      [Update RS (ms): Min: 0.0, Avg: 6.0, Max: 8.9, Diff: 8.9, Sum: 256.3]
         [Processed Buffers: Min: 0, Avg: 3.8, Max: 10, Diff: 10, Sum: 163]
      [Scan RS (ms): Min: 0.1, Avg: 0.6, Max: 1.4, Diff: 1.3, Sum: 26.2]
      [Code Root Scanning (ms): Min: 0.0, Avg: 1.5, Max: 3.1, Diff: 3.1, Sum: 65.8]
      [Object Copy (ms): Min: 62.8, Avg: 73.0, Max: 75.3, Diff: 12.5, Sum: 3139.1]
      [Termination (ms): Min: 0.0, Avg: 1.4, Max: 1.8, Diff: 1.8, Sum: 60.4]
         [Termination Attempts: Min: 1, Avg: 286.5, Max: 399, Diff: 398, Sum: 12321]
      [GC Worker Other (ms): Min: 0.0, Avg: 0.5, Max: 1.0, Diff: 1.0, Sum: 19.6]
      [GC Worker Total (ms): Min: 84.7, Avg: 85.6, Max: 86.5, Diff: 1.8, Sum: 3678.9]
      [GC Worker End (ms): Min: 9152801.4, Avg: 9152801.8, Max: 9152802.4, Diff: 1.0]
   [Code Root Fixup: 4.3 ms]
   [Code Root Purge: 0.2 ms]
   [String Dedup Fixup: 2.6 ms, GC Workers: 43]
      [Queue Fixup (ms): Min: 0.0, Avg: 0.0, Max: 0.1, Diff: 0.1, Sum: 0.6]
      [Table Fixup (ms): Min: 0.9, Avg: 1.4, Max: 1.8, Diff: 0.9, Sum: 62.2]
   [Clear CT: 7.0 ms]
   [Other: 31.5 ms]
      [Choose CSet: 0.0 ms]
      [Ref Proc: 22.0 ms]
      [Ref Enq: 1.3 ms]
      [Redirty Cards: 1.4 ms]
      [Humongous Register: 0.2 ms]
      [Humongous Reclaim: 0.1 ms]
      [Free CSet: 5.8 ms]
   [Eden: 1126.0M(1126.0M)->0.0B(1115.0M) Survivors: 102.0M->113.0M Heap: 1640.5M(2048.0M)->522.5M(2048.0M)]
 [Times: user=4.09 sys=0.03, real=0.13 secs] 
2016-11-15T08:02:35.656+0100: 9152.848: Total time for which application threads were stopped: 0.1335105 seconds, Stopping threads took: 0.0000487 seconds
2016-11-15T08:02:35.657+0100: 9152.850: Total time for which application threads were stopped: 0.0011434 seconds, Stopping threads took: 0.0001710 seconds
2016-11-15T08:02:35.658+0100: 9152.851: Total time for which application threads were stopped: 0.0006168 seconds, Stopping threads took: 0.0001362 seconds
2016-11-15T08:02:35.659+0100: 9152.852: Total time for which application threads were stopped: 0.0005939 seconds, Stopping threads took: 0.0001193 seconds
2016-11-15T08:02:35.660+0100: 9152.852: Total time for which application threads were stopped: 0.0005883 seconds, Stopping threads took: 0.0001175 seconds
2016-11-15T08:02:35.661+0100: 9152.853: Total time for which application threads were stopped: 0.0005458 seconds, Stopping threads took: 0.0000652 seconds
2016-11-15T08:02:35.662+0100: 9152.854: Total time for which application threads were stopped: 0.0005510 seconds, Stopping threads took: 0.0000666 seconds
2016-11-15T08:02:35.662+0100: 9152.855: Total time for which application threads were stopped: 0.0005027 seconds, Stopping threads took: 0.0000380 seconds
2016-11-15T08:02:35.663+0100: 9152.855: Total time for which application threads were stopped: 0.0005473 seconds, Stopping threads took: 0.0000671 seconds
2016-11-15T08:02:35.664+0100: 9152.856: Total time for which application threads were stopped: 0.0005154 seconds, Stopping threads took: 0.0000479 seconds
2016-11-15T08:02:35.664+0100: 9152.857: Total time for which application threads were stopped: 0.0005762 seconds, Stopping threads took: 0.0000898 seconds
2016-11-15T08:02:35.665+0100: 9152.857: Total time for which application threads were stopped: 0.0005641 seconds, Stopping threads took: 0.0000736 seconds
2016-11-15T08:02:35.668+0100: 9152.860: Total time for which application threads were stopped: 0.0029355 seconds, Stopping threads took: 0.0000944 seconds
2016-11-15T08:02:35.678+0100: 9152.871: [GC concurrent-string-deduplication, 1436.0K->426.2K(1009.7K), avg 57.9%, 0.0124293 secs]
2016-11-15T08:02:35.809+0100: 9153.002: Total time for which application threads were stopped: 0.0011014 seconds, Stopping threads took: 0.0001370 seconds
2016-11-15T08:02:35.811+0100: 9153.003: Total time for which application threads were stopped: 0.0005165 seconds, Stopping threads took: 0.0000424 seconds
2016-11-15T08:02:35.811+0100: 9153.004: Total time for which application threads were stopped: 0.0004547 seconds, Stopping threads took: 0.0000276 seconds
2016-11-15T08:02:35.849+0100: 9153.041: Total time for which application threads were stopped: 0.0007409 seconds, Stopping threads took: 0.0001391 seconds
2016-11-15T08:02:35.850+0100: 9153.042: Total time for which application threads were stopped: 0.0005133 seconds, Stopping threads took: 0.0000767 seconds
2016-11-15T08:02:35.850+0100: 9153.043: Total time for which application threads were stopped: 0.0005226 seconds, Stopping threads took: 0.0000765 seconds
2016-11-15T08:02:35.976+0100: 9153.169: Total time for which application threads were stopped: 0.0005655 seconds, Stopping threads took: 0.0000664 seconds
2016-11-15T08:02:36.095+0100: 9153.287: Total time for which application threads were stopped: 0.0009115 seconds, Stopping threads took: 0.0001110 seconds
2016-11-15T08:02:38.633+0100: 9155.826: Total time for which application threads were stopped: 0.0011017 seconds, Stopping threads took: 0.0001496 seconds
2016-11-15T08:02:38.634+0100: 9155.826: Total time for which application threads were stopped: 0.0004819 seconds, Stopping threads took: 0.0000456 seconds
2016-11-15T08:02:38.634+0100: 9155.827: Total time for which application threads were stopped: 0.0004310 seconds, Stopping threads took: 0.0000319 seconds
2016-11-15T08:02:38.785+0100: 9155.978: Total time for which application threads were stopped: 0.0005935 seconds, Stopping threads took: 0.0000629 seconds
2016-11-15T08:02:39.458+0100: 9156.651: Total time for which application threads were stopped: 0.0009560 seconds, Stopping threads took: 0.0001475 seconds
2016-11-15T08:02:39.459+0100: 9156.651: Total time for which application threads were stopped: 0.0004282 seconds, Stopping threads took: 0.0000330 seconds
2016-11-15T08:02:39.459+0100: 9156.652: Total time for which application threads were stopped: 0.0004268 seconds, Stopping threads took: 0.0000324 seconds
2016-11-15T08:02:39.509+0100: 9156.701: Total time for which application threads were stopped: 0.0006116 seconds, Stopping threads took: 0.0000581 seconds
2016-11-15T08:02:39.510+0100: 9156.702: Total time for which application threads were stopped: 0.0004478 seconds, Stopping threads took: 0.0000338 seconds
2016-11-15T08:02:39.510+0100: 9156.703: Total time for which application threads were stopped: 0.0004556 seconds, Stopping threads took: 0.0000334 seconds
2016-11-15T08:02:39.542+0100: 9156.735: Total time for which application threads were stopped: 0.0005320 seconds, Stopping threads took: 0.0000552 seconds
2016-11-15T08:02:39.931+0100: 9157.123: Total time for which application threads were stopped: 0.0007845 seconds, Stopping threads took: 0.0000971 seconds
2016-11-15T08:02:39.932+0100: 9157.124: Total time for which application threads were stopped: 0.0004273 seconds, Stopping threads took: 0.0000334 seconds
2016-11-15T08:02:39.932+0100: 9157.124: Total time for which application threads were stopped: 0.0004300 seconds, Stopping threads took: 0.0000289 seconds
2016-11-15T08:02:39.987+0100: 9157.180: Total time for which application threads were stopped: 0.0005197 seconds, Stopping threads took: 0.0000597 seconds
2016-11-15T08:02:41.456+0100: 9158.649: Total time for which application threads were stopped: 0.0010054 seconds, Stopping threads took: 0.0001526 seconds
2016-11-15T08:02:41.457+0100: 9158.650: Total time for which application threads were stopped: 0.0004769 seconds, Stopping threads took: 0.0000483 seconds
2016-11-15T08:02:41.458+0100: 9158.650: Total time for which application threads were stopped: 0.0004838 seconds, Stopping threads took: 0.0000869 seconds
2016-11-15T08:02:41.485+0100: 9158.678: Total time for which application threads were stopped: 0.0005972 seconds, Stopping threads took: 0.0000646 seconds
2016-11-15T08:02:42.568+0100: 9159.761: Total time for which application threads were stopped: 0.0009256 seconds, Stopping threads took: 0.0001353 seconds
2016-11-15T08:02:42.569+0100: 9159.761: Total time for which application threads were stopped: 0.0004919 seconds, Stopping threads took: 0.0000317 seconds
2016-11-15T08:02:42.569+0100: 9159.762: Total time for which application threads were stopped: 0.0004269 seconds, Stopping threads took: 0.0000293 seconds
2016-11-15T08:02:42.710+0100: 9159.903: Total time for which application threads were stopped: 0.0009514 seconds, Stopping threads took: 0.0001386 seconds
2016-11-15T08:02:43.151+0100: 9160.344: Total time for which application threads were stopped: 0.0009935 seconds, Stopping threads took: 0.0001534 seconds
2016-11-15T08:02:43.152+0100: 9160.345: Total time for which application threads were stopped: 0.0004802 seconds, Stopping threads took: 0.0000440 seconds
2016-11-15T08:02:43.153+0100: 9160.345: Total time for which application threads were stopped: 0.0004284 seconds, Stopping threads took: 0.0000284 seconds
2016-11-15T08:02:43.259+0100: 9160.451: Total time for which application threads were stopped: 0.0008404 seconds, Stopping threads took: 0.0000965 seconds
2016-11-15T08:02:44.731+0100: 9161.924: Total time for which application threads were stopped: 0.0033713 seconds, Stopping threads took: 0.0001598 seconds
2016-11-15T08:02:45.637+0100: 9162.829: Total time for which application threads were stopped: 0.0010303 seconds, Stopping threads took: 0.0001519 seconds
2016-11-15T08:02:45.638+0100: 9162.830: Total time for which application threads were stopped: 0.0004537 seconds, Stopping threads took: 0.0000333 seconds
2016-11-15T08:02:45.638+0100: 9162.831: Total time for which application threads were stopped: 0.0004141 seconds, Stopping threads took: 0.0000272 seconds
2016-11-15T08:02:45.716+0100: 9162.909: Total time for which application threads were stopped: 0.0008040 seconds, Stopping threads took: 0.0000891 seconds
2016-11-15T08:02:46.717+0100: 9163.910: Total time for which application threads were stopped: 0.0009646 seconds, Stopping threads took: 0.0001824 seconds
2016-11-15T08:02:46.927+0100: 9164.119: Total time for which application threads were stopped: 0.0008593 seconds, Stopping threads took: 0.0001191 seconds
2016-11-15T08:02:46.928+0100: 9164.120: Total time for which application threads were stopped: 0.0004170 seconds, Stopping threads took: 0.0000335 seconds
2016-11-15T08:02:46.928+0100: 9164.121: Total time for which application threads were stopped: 0.0004147 seconds, Stopping threads took: 0.0000299 seconds
2016-11-15T08:02:46.954+0100: 9164.146: Total time for which application threads were stopped: 0.0006250 seconds, Stopping threads took: 0.0000708 seconds
2016-11-15T08:02:47.530+0100: 9164.722: Total time for which application threads were stopped: 0.0009442 seconds, Stopping threads took: 0.0001392 seconds
2016-11-15T08:02:47.531+0100: 9164.723: Total time for which application threads were stopped: 0.0004455 seconds, Stopping threads took: 0.0000340 seconds
2016-11-15T08:02:47.531+0100: 9164.724: Total time for which application threads were stopped: 0.0004120 seconds, Stopping threads took: 0.0000294 seconds
2016-11-15T08:02:47.561+0100: 9164.754: Total time for which application threads were stopped: 0.0005089 seconds, Stopping threads took: 0.0000551 seconds
2016-11-15T08:02:47.564+0100: 9164.757: Total time for which application threads were stopped: 0.0024469 seconds, Stopping threads took: 0.0000312 seconds
2016-11-15T08:02:47.565+0100: 9164.757: Total time for which application threads were stopped: 0.0005695 seconds, Stopping threads took: 0.0000428 seconds
2016-11-15T08:02:47.640+0100: 9164.832: Total time for which application threads were stopped: 0.0006127 seconds, Stopping threads took: 0.0000629 seconds
2016-11-15T08:02:48.379+0100: 9165.571: Total time for which application threads were stopped: 0.0009387 seconds, Stopping threads took: 0.0001235 seconds
2016-11-15T08:02:49.380+0100: 9166.572: Total time for which application threads were stopped: 0.0009229 seconds, Stopping threads took: 0.0001427 seconds
2016-11-15T08:02:49.574+0100: 9166.767: Total time for which application threads were stopped: 0.0008153 seconds, Stopping threads took: 0.0000855 seconds
2016-11-15T08:02:54.575+0100: 9171.768: Total time for which application threads were stopped: 0.0009816 seconds, Stopping threads took: 0.0001559 seconds
2016-11-15T08:02:55.888+0100: 9173.080: Total time for which application threads were stopped: 0.0009562 seconds, Stopping threads took: 0.0001499 seconds
2016-11-15T08:02:55.889+0100: 9173.082: Total time for which application threads were stopped: 0.0004920 seconds, Stopping threads took: 0.0000413 seconds
2016-11-15T08:02:55.890+0100: 9173.082: Total time for which application threads were stopped: 0.0004071 seconds, Stopping threads took: 0.0000277 seconds
2016-11-15T08:02:56.170+0100: 9173.362: Total time for which application threads were stopped: 0.0009309 seconds, Stopping threads took: 0.0001442 seconds
2016-11-15T08:03:03.528+0100: 9180.720: Total time for which application threads were stopped: 0.0033409 seconds, Stopping threads took: 0.0001607 seconds
2016-11-15T08:03:12.566+0100: 9189.758: Total time for which application threads were stopped: 0.0010016 seconds, Stopping threads took: 0.0001508 seconds
2016-11-15T08:03:12.567+0100: 9189.759: Total time for which application threads were stopped: 0.0004283 seconds, Stopping threads took: 0.0000322 seconds
2016-11-15T08:03:12.567+0100: 9189.759: Total time for which application threads were stopped: 0.0004207 seconds, Stopping threads took: 0.0000289 seconds
2016-11-15T08:03:12.748+0100: 9189.940: Total time for which application threads were stopped: 0.0006197 seconds, Stopping threads took: 0.0000690 seconds
2016-11-15T08:03:13.750+0100: 9190.943: Total time for which application threads were stopped: 0.0009964 seconds, Stopping threads took: 0.0001618 seconds
2016-11-15T08:03:13.751+0100: 9190.944: Total time for which application threads were stopped: 0.0004208 seconds, Stopping threads took: 0.0000309 seconds
2016-11-15T08:03:13.752+0100: 9190.944: Total time for which application threads were stopped: 0.0004196 seconds, Stopping threads took: 0.0000278 seconds
2016-11-15T08:03:13.838+0100: 9191.030: Total time for which application threads were stopped: 0.0005419 seconds, Stopping threads took: 0.0000588 seconds
2016-11-15T08:03:19.839+0100: 9197.032: Total time for which application threads were stopped: 0.0009615 seconds, Stopping threads took: 0.0001401 seconds
2016-11-15T08:03:24.462+0100: 9201.655: Total time for which application threads were stopped: 0.0010158 seconds, Stopping threads took: 0.0001676 seconds
2016-11-15T08:03:24.463+0100: 9201.656: Total time for which application threads were stopped: 0.0004840 seconds, Stopping threads took: 0.0000463 seconds
2016-11-15T08:03:24.464+0100: 9201.656: Total time for which application threads were stopped: 0.0004096 seconds, Stopping threads took: 0.0000271 seconds
2016-11-15T08:03:24.563+0100: 9201.755: Total time for which application threads were stopped: 0.0005938 seconds, Stopping threads took: 0.0000642 seconds
2016-11-15T08:03:38.565+0100: 9215.757: Total time for which application threads were stopped: 0.0010274 seconds, Stopping threads took: 0.0001611 seconds
2016-11-15T08:03:39.566+0100: 9216.759: Total time for which application threads were stopped: 0.0010321 seconds, Stopping threads took: 0.0001472 seconds
2016-11-15T08:03:48.130+0100: 9225.322: Total time for which application threads were stopped: 0.0011172 seconds, Stopping threads took: 0.0002295 seconds
2016-11-15T08:03:48.131+0100: 9225.323: Total time for which application threads were stopped: 0.0004957 seconds, Stopping threads took: 0.0001014 seconds
2016-11-15T08:03:48.131+0100: 9225.324: Total time for which application threads were stopped: 0.0005145 seconds, Stopping threads took: 0.0001227 seconds
2016-11-15T08:03:48.262+0100: 9225.455: Total time for which application threads were stopped: 0.0005819 seconds, Stopping threads took: 0.0000585 seconds
2016-11-15T08:03:55.312+0100: 9232.504: Total time for which application threads were stopped: 0.0010069 seconds, Stopping threads took: 0.0001538 seconds
2016-11-15T08:03:55.313+0100: 9232.505: Total time for which application threads were stopped: 0.0004850 seconds, Stopping threads took: 0.0000462 seconds
2016-11-15T08:03:55.314+0100: 9232.506: Total time for which application threads were stopped: 0.0004078 seconds, Stopping threads took: 0.0000298 seconds
2016-11-15T08:03:55.426+0100: 9232.619: Total time for which application threads were stopped: 0.0006802 seconds, Stopping threads took: 0.0000730 seconds
2016-11-15T08:03:55.657+0100: 9232.850: Total time for which application threads were stopped: 0.0008737 seconds, Stopping threads took: 0.0001264 seconds
2016-11-15T08:03:55.658+0100: 9232.850: Total time for which application threads were stopped: 0.0004228 seconds, Stopping threads took: 0.0000316 seconds
2016-11-15T08:03:55.658+0100: 9232.851: Total time for which application threads were stopped: 0.0004172 seconds, Stopping threads took: 0.0000277 seconds
2016-11-15T08:03:55.853+0100: 9233.046: Total time for which application threads were stopped: 0.0007669 seconds, Stopping threads took: 0.0001108 seconds
2016-11-15T08:03:59.287+0100: 9236.479: Total time for which application threads were stopped: 0.0010133 seconds, Stopping threads took: 0.0001748 seconds
2016-11-15T08:03:59.287+0100: 9236.480: Total time for which application threads were stopped: 0.0004205 seconds, Stopping threads took: 0.0000337 seconds
2016-11-15T08:03:59.288+0100: 9236.480: Total time for which application threads were stopped: 0.0004253 seconds, Stopping threads took: 0.0000319 seconds
2016-11-15T08:03:59.383+0100: 9236.575: Total time for which application threads were stopped: 0.0009823 seconds, Stopping threads took: 0.0000823 seconds
2016-11-15T08:03:59.384+0100: 9236.576: Total time for which application threads were stopped: 0.0004261 seconds, Stopping threads took: 0.0000345 seconds
2016-11-15T08:03:59.384+0100: 9236.576: Total time for which application threads were stopped: 0.0004207 seconds, Stopping threads took: 0.0000289 seconds
2016-11-15T08:03:59.524+0100: 9236.717: Total time for which application threads were stopped: 0.0006441 seconds, Stopping threads took: 0.0000845 seconds
2016-11-15T08:03:59.525+0100: 9236.717: Total time for which application threads were stopped: 0.0004245 seconds, Stopping threads took: 0.0000391 seconds
2016-11-15T08:03:59.526+0100: 9236.718: Total time for which application threads were stopped: 0.0004220 seconds, Stopping threads took: 0.0000277 seconds
2016-11-15T08:03:59.540+0100: 9236.732: Total time for which application threads were stopped: 0.0004963 seconds, Stopping threads took: 0.0000462 seconds
2016-11-15T08:03:59.633+0100: 9236.826: Total time for which application threads were stopped: 0.0005425 seconds, Stopping threads took: 0.0000524 seconds
2016-11-15T08:04:02.634+0100: 9239.827: Total time for which application threads were stopped: 0.0009643 seconds, Stopping threads took: 0.0001552 seconds
2016-11-15T08:04:15.107+0100: 9252.299: Total time for which application threads were stopped: 0.0009957 seconds, Stopping threads took: 0.0001460 seconds
2016-11-15T08:04:15.107+0100: 9252.300: Total time for which application threads were stopped: 0.0004257 seconds, Stopping threads took: 0.0000338 seconds
2016-11-15T08:04:15.108+0100: 9252.300: Total time for which application threads were stopped: 0.0004216 seconds, Stopping threads took: 0.0000280 seconds
2016-11-15T08:04:15.285+0100: 9252.477: Total time for which application threads were stopped: 0.0007041 seconds, Stopping threads took: 0.0000756 seconds
2016-11-15T08:04:19.286+0100: 9256.479: Total time for which application threads were stopped: 0.0010586 seconds, Stopping threads took: 0.0001505 seconds
2016-11-15T08:04:21.287+0100: 9258.480: Total time for which application threads were stopped: 0.0010004 seconds, Stopping threads took: 0.0001644 seconds
2016-11-15T08:04:23.717+0100: 9260.910: Total time for which application threads were stopped: 0.0010087 seconds, Stopping threads took: 0.0001575 seconds
2016-11-15T08:04:23.718+0100: 9260.911: Total time for which application threads were stopped: 0.0004868 seconds, Stopping threads took: 0.0000464 seconds
2016-11-15T08:04:23.719+0100: 9260.911: Total time for which application threads were stopped: 0.0004180 seconds, Stopping threads took: 0.0000301 seconds
2016-11-15T08:04:23.868+0100: 9261.060: Total time for which application threads were stopped: 0.0006138 seconds, Stopping threads took: 0.0000685 seconds
2016-11-15T08:04:25.017+0100: 9262.209: Total time for which application threads were stopped: 0.0010690 seconds, Stopping threads took: 0.0001495 seconds
2016-11-15T08:04:25.017+0100: 9262.210: Total time for which application threads were stopped: 0.0004345 seconds, Stopping threads took: 0.0000316 seconds
2016-11-15T08:04:25.018+0100: 9262.210: Total time for which application threads were stopped: 0.0004237 seconds, Stopping threads took: 0.0000278 seconds
2016-11-15T08:04:25.166+0100: 9262.359: Total time for which application threads were stopped: 0.0008180 seconds, Stopping threads took: 0.0001095 seconds
2016-11-15T08:04:29.168+0100: 9266.360: Total time for which application threads were stopped: 0.0009759 seconds, Stopping threads took: 0.0001514 seconds
2016-11-15T08:04:32.176+0100: 9269.368: Total time for which application threads were stopped: 0.0010026 seconds, Stopping threads took: 0.0001563 seconds
2016-11-15T08:04:32.177+0100: 9269.369: Total time for which application threads were stopped: 0.0005591 seconds, Stopping threads took: 0.0001141 seconds
2016-11-15T08:04:32.177+0100: 9269.370: Total time for which application threads were stopped: 0.0004196 seconds, Stopping threads took: 0.0000298 seconds
2016-11-15T08:04:32.325+0100: 9269.518: Total time for which application threads were stopped: 0.0007915 seconds, Stopping threads took: 0.0000851 seconds
2016-11-15T08:04:33.326+0100: 9270.519: Total time for which application threads were stopped: 0.0010136 seconds, Stopping threads took: 0.0001471 seconds
2016-11-15T08:04:41.616+0100: 9278.808: Total time for which application threads were stopped: 0.0011145 seconds, Stopping threads took: 0.0001571 seconds
2016-11-15T08:04:41.616+0100: 9278.809: Total time for which application threads were stopped: 0.0004768 seconds, Stopping threads took: 0.0000360 seconds
2016-11-15T08:04:41.617+0100: 9278.809: Total time for which application threads were stopped: 0.0004675 seconds, Stopping threads took: 0.0000288 seconds
2016-11-15T08:04:41.770+0100: 9278.962: Total time for which application threads were stopped: 0.0009447 seconds, Stopping threads took: 0.0001241 seconds
2016-11-15T08:04:42.745+0100: 9279.937: Total time for which application threads were stopped: 0.0011700 seconds, Stopping threads took: 0.0001469 seconds
2016-11-15T08:04:42.746+0100: 9279.938: Total time for which application threads were stopped: 0.0004476 seconds, Stopping threads took: 0.0000356 seconds
2016-11-15T08:04:42.746+0100: 9279.939: Total time for which application threads were stopped: 0.0004463 seconds, Stopping threads took: 0.0000279 seconds
2016-11-15T08:04:42.875+0100: 9280.067: Total time for which application threads were stopped: 0.0009056 seconds, Stopping threads took: 0.0001167 seconds
2016-11-15T08:04:47.323+0100: 9284.516: Total time for which application threads were stopped: 0.0010205 seconds, Stopping threads took: 0.0001461 seconds
2016-11-15T08:04:47.324+0100: 9284.517: Total time for which application threads were stopped: 0.0004350 seconds, Stopping threads took: 0.0000343 seconds
2016-11-15T08:04:47.325+0100: 9284.517: Total time for which application threads were stopped: 0.0005042 seconds, Stopping threads took: 0.0000296 seconds
2016-11-15T08:04:47.452+0100: 9284.644: Total time for which application threads were stopped: 0.0006134 seconds, Stopping threads took: 0.0000672 seconds
2016-11-15T08:04:58.167+0100: 9295.360: Total time for which application threads were stopped: 0.0010805 seconds, Stopping threads took: 0.0002241 seconds
2016-11-15T08:04:58.168+0100: 9295.361: Total time for which application threads were stopped: 0.0004848 seconds, Stopping threads took: 0.0000786 seconds
2016-11-15T08:04:58.169+0100: 9295.361: Total time for which application threads were stopped: 0.0005079 seconds, Stopping threads took: 0.0000821 seconds
2016-11-15T08:04:58.169+0100: 9295.362: Total time for which application threads were stopped: 0.0004647 seconds, Stopping threads took: 0.0000466 seconds
2016-11-15T08:04:58.170+0100: 9295.362: Total time for which application threads were stopped: 0.0004614 seconds, Stopping threads took: 0.0000474 seconds
2016-11-15T08:04:58.170+0100: 9295.363: Total time for which application threads were stopped: 0.0004768 seconds, Stopping threads took: 0.0000729 seconds
2016-11-15T08:04:59.077+0100: 9296.269: Total time for which application threads were stopped: 0.0010537 seconds, Stopping threads took: 0.0001705 seconds
2016-11-15T08:04:59.077+0100: 9296.270: Total time for which application threads were stopped: 0.0004479 seconds, Stopping threads took: 0.0000459 seconds
2016-11-15T08:05:05.734+0100: 9302.926: Total time for which application threads were stopped: 0.0011595 seconds, Stopping threads took: 0.0001692 seconds
2016-11-15T08:05:05.734+0100: 9302.927: Total time for which application threads were stopped: 0.0004813 seconds, Stopping threads took: 0.0000342 seconds
2016-11-15T08:05:05.735+0100: 9302.927: Total time for which application threads were stopped: 0.0005427 seconds, Stopping threads took: 0.0000861 seconds
2016-11-15T08:05:06.975+0100: 9304.168: Total time for which application threads were stopped: 0.0010671 seconds, Stopping threads took: 0.0001608 seconds
2016-11-15T08:05:09.952+0100: 9307.144: Total time for which application threads were stopped: 0.0030470 seconds, Stopping threads took: 0.0001519 seconds
2016-11-15T08:05:09.954+0100: 9307.147: Total time for which application threads were stopped: 0.0020699 seconds, Stopping threads took: 0.0000463 seconds
2016-11-15T08:05:09.956+0100: 9307.149: Total time for which application threads were stopped: 0.0019033 seconds, Stopping threads took: 0.0000343 seconds
2016-11-15T08:05:09.987+0100: 9307.179: Total time for which application threads were stopped: 0.0008229 seconds, Stopping threads took: 0.0000994 seconds
2016-11-15T08:05:09.988+0100: 9307.180: Total time for which application threads were stopped: 0.0004193 seconds, Stopping threads took: 0.0000285 seconds
2016-11-15T08:05:09.988+0100: 9307.180: Total time for which application threads were stopped: 0.0004364 seconds, Stopping threads took: 0.0000287 seconds
2016-11-15T08:05:10.387+0100: 9307.579: Total time for which application threads were stopped: 0.0030597 seconds, Stopping threads took: 0.0001489 seconds
2016-11-15T08:05:10.691+0100: 9307.883: Total time for which application threads were stopped: 0.0009121 seconds, Stopping threads took: 0.0001211 seconds
2016-11-15T08:05:11.692+0100: 9308.884: Total time for which application threads were stopped: 0.0009449 seconds, Stopping threads took: 0.0001432 seconds
2016-11-15T08:05:12.693+0100: 9309.885: Total time for which application threads were stopped: 0.0010463 seconds, Stopping threads took: 0.0001396 seconds
2016-11-15T08:05:21.741+0100: 9318.933: Total time for which application threads were stopped: 0.0010169 seconds, Stopping threads took: 0.0001546 seconds
2016-11-15T08:05:21.742+0100: 9318.934: Total time for which application threads were stopped: 0.0004326 seconds, Stopping threads took: 0.0000335 seconds
2016-11-15T08:05:21.742+0100: 9318.935: Total time for which application threads were stopped: 0.0004365 seconds, Stopping threads took: 0.0000310 seconds
2016-11-15T08:05:22.265+0100: 9319.458: Total time for which application threads were stopped: 0.0010244 seconds, Stopping threads took: 0.0001443 seconds
2016-11-15T08:05:30.106+0100: 9327.299: Total time for which application threads were stopped: 0.0010108 seconds, Stopping threads took: 0.0001680 seconds
2016-11-15T08:05:30.107+0100: 9327.299: Total time for which application threads were stopped: 0.0004331 seconds, Stopping threads took: 0.0000330 seconds
2016-11-15T08:05:30.107+0100: 9327.300: Total time for which application threads were stopped: 0.0004282 seconds, Stopping threads took: 0.0000289 seconds
2016-11-15T08:05:30.362+0100: 9327.554: Total time for which application threads were stopped: 0.0007400 seconds, Stopping threads took: 0.0000970 seconds
2016-11-15T08:05:31.724+0100: 9328.916: Total time for which application threads were stopped: 0.0010670 seconds, Stopping threads took: 0.0001533 seconds
2016-11-15T08:05:31.725+0100: 9328.917: Total time for which application threads were stopped: 0.0005347 seconds, Stopping threads took: 0.0000442 seconds
2016-11-15T08:05:31.726+0100: 9328.918: Total time for which application threads were stopped: 0.0008240 seconds, Stopping threads took: 0.0001585 seconds
2016-11-15T08:05:31.848+0100: 9329.040: Total time for which application threads were stopped: 0.0006269 seconds, Stopping threads took: 0.0000722 seconds
2016-11-15T08:05:36.600+0100: 9333.793: Total time for which application threads were stopped: 0.0010322 seconds, Stopping threads took: 0.0001577 seconds
2016-11-15T08:05:36.601+0100: 9333.794: Total time for which application threads were stopped: 0.0004365 seconds, Stopping threads took: 0.0000392 seconds
2016-11-15T08:05:36.602+0100: 9333.794: Total time for which application threads were stopped: 0.0004215 seconds, Stopping threads took: 0.0000289 seconds
2016-11-15T08:05:36.759+0100: 9333.951: Total time for which application threads were stopped: 0.0006314 seconds, Stopping threads took: 0.0000655 seconds
2016-11-15T08:05:38.791+0100: 9335.984: Total time for which application threads were stopped: 0.0009941 seconds, Stopping threads took: 0.0001605 seconds
2016-11-15T08:05:38.792+0100: 9335.985: Total time for which application threads were stopped: 0.0004645 seconds, Stopping threads took: 0.0000320 seconds
2016-11-15T08:05:38.793+0100: 9335.985: Total time for which application threads were stopped: 0.0004333 seconds, Stopping threads took: 0.0000277 seconds
2016-11-15T08:05:38.851+0100: 9336.043: Total time for which application threads were stopped: 0.0005960 seconds, Stopping threads took: 0.0000680 seconds
2016-11-15T08:05:47.791+0100: 9344.983: Total time for which application threads were stopped: 0.0010580 seconds, Stopping threads took: 0.0001553 seconds
2016-11-15T08:05:47.792+0100: 9344.984: Total time for which application threads were stopped: 0.0004288 seconds, Stopping threads took: 0.0000325 seconds
2016-11-15T08:05:47.792+0100: 9344.984: Total time for which application threads were stopped: 0.0004282 seconds, Stopping threads took: 0.0000280 seconds
2016-11-15T08:05:47.965+0100: 9345.157: Total time for which application threads were stopped: 0.0011686 seconds, Stopping threads took: 0.0001745 seconds
2016-11-15T08:05:51.968+0100: 9349.161: Total time for which application threads were stopped: 0.0009756 seconds, Stopping threads took: 0.0001435 seconds
2016-11-15T08:05:51.969+0100: 9349.162: Total time for which application threads were stopped: 0.0004221 seconds, Stopping threads took: 0.0000324 seconds
2016-11-15T08:05:51.970+0100: 9349.162: Total time for which application threads were stopped: 0.0004196 seconds, Stopping threads took: 0.0000280 seconds
2016-11-15T08:05:52.058+0100: 9349.251: Total time for which application threads were stopped: 0.0006384 seconds, Stopping threads took: 0.0000637 seconds
2016-11-15T08:06:00.060+0100: 9357.252: Total time for which application threads were stopped: 0.0009620 seconds, Stopping threads took: 0.0001532 seconds
2016-11-15T08:06:01.061+0100: 9358.254: Total time for which application threads were stopped: 0.0009676 seconds, Stopping threads took: 0.0001500 seconds
2016-11-15T08:06:07.889+0100: 9365.081: Total time for which application threads were stopped: 0.0011313 seconds, Stopping threads took: 0.0001653 seconds
2016-11-15T08:06:07.890+0100: 9365.082: Total time for which application threads were stopped: 0.0004867 seconds, Stopping threads took: 0.0000352 seconds
2016-11-15T08:06:07.891+0100: 9365.083: Total time for which application threads were stopped: 0.0004493 seconds, Stopping threads took: 0.0000286 seconds
2016-11-15T08:06:08.229+0100: 9365.421: Total time for which application threads were stopped: 0.0007644 seconds, Stopping threads took: 0.0000828 seconds
2016-11-15T08:06:10.230+0100: 9367.423: Total time for which application threads were stopped: 0.0010388 seconds, Stopping threads took: 0.0001651 seconds
2016-11-15T08:06:24.232+0100: 9381.425: Total time for which application threads were stopped: 0.0009731 seconds, Stopping threads took: 0.0001439 seconds
2016-11-15T08:06:24.559+0100: 9381.751: Total time for which application threads were stopped: 0.0008202 seconds, Stopping threads took: 0.0001053 seconds
2016-11-15T08:06:24.559+0100: 9381.752: Total time for which application threads were stopped: 0.0004280 seconds, Stopping threads took: 0.0000337 seconds
2016-11-15T08:06:24.560+0100: 9381.752: Total time for which application threads were stopped: 0.0004241 seconds, Stopping threads took: 0.0000302 seconds
2016-11-15T08:06:24.726+0100: 9381.918: Total time for which application threads were stopped: 0.0008449 seconds, Stopping threads took: 0.0001152 seconds
2016-11-15T08:06:24.727+0100: 9381.919: Total time for which application threads were stopped: 0.0004238 seconds, Stopping threads took: 0.0000334 seconds
2016-11-15T08:06:24.727+0100: 9381.920: Total time for which application threads were stopped: 0.0004254 seconds, Stopping threads took: 0.0000293 seconds
2016-11-15T08:06:24.769+0100: 9381.961: Total time for which application threads were stopped: 0.0005506 seconds, Stopping threads took: 0.0000536 seconds
2016-11-15T08:06:24.860+0100: 9382.052: Total time for which application threads were stopped: 0.0006309 seconds, Stopping threads took: 0.0000663 seconds
2016-11-15T08:06:25.087+0100: 9382.279: Total time for which application threads were stopped: 0.0008661 seconds, Stopping threads took: 0.0001123 seconds
2016-11-15T08:06:25.087+0100: 9382.280: Total time for which application threads were stopped: 0.0004383 seconds, Stopping threads took: 0.0000389 seconds
2016-11-15T08:06:25.088+0100: 9382.280: Total time for which application threads were stopped: 0.0004285 seconds, Stopping threads took: 0.0000291 seconds
2016-11-15T08:06:25.315+0100: 9382.507: Total time for which application threads were stopped: 0.0008755 seconds, Stopping threads took: 0.0001115 seconds
2016-11-15T08:06:28.987+0100: 9386.179: Total time for which application threads were stopped: 0.0010059 seconds, Stopping threads took: 0.0001600 seconds
2016-11-15T08:06:28.988+0100: 9386.180: Total time for which application threads were stopped: 0.0004691 seconds, Stopping threads took: 0.0000361 seconds
2016-11-15T08:06:28.988+0100: 9386.181: Total time for which application threads were stopped: 0.0004224 seconds, Stopping threads took: 0.0000279 seconds
2016-11-15T08:06:29.150+0100: 9386.343: Total time for which application threads were stopped: 0.0008100 seconds, Stopping threads took: 0.0001021 seconds
2016-11-15T08:06:32.422+0100: 9389.615: Total time for which application threads were stopped: 0.0010188 seconds, Stopping threads took: 0.0001452 seconds
2016-11-15T08:06:32.423+0100: 9389.616: Total time for which application threads were stopped: 0.0004526 seconds, Stopping threads took: 0.0000341 seconds
2016-11-15T08:06:32.424+0100: 9389.616: Total time for which application threads were stopped: 0.0005112 seconds, Stopping threads took: 0.0000796 seconds
2016-11-15T08:06:32.509+0100: 9389.701: Total time for which application threads were stopped: 0.0005952 seconds, Stopping threads took: 0.0000634 seconds
2016-11-15T08:06:34.349+0100: 9391.542: Total time for which application threads were stopped: 0.0010673 seconds, Stopping threads took: 0.0001652 seconds
2016-11-15T08:06:34.350+0100: 9391.542: Total time for which application threads were stopped: 0.0005998 seconds, Stopping threads took: 0.0001915 seconds
2016-11-15T08:06:34.351+0100: 9391.543: Total time for which application threads were stopped: 0.0008773 seconds, Stopping threads took: 0.0004589 seconds
2016-11-15T08:06:34.490+0100: 9391.682: Total time for which application threads were stopped: 0.0006779 seconds, Stopping threads took: 0.0000846 seconds
2016-11-15T08:06:57.493+0100: 9414.685: Total time for which application threads were stopped: 0.0010137 seconds, Stopping threads took: 0.0001502 seconds
2016-11-15T08:07:16.495+0100: 9433.688: Total time for which application threads were stopped: 0.0009850 seconds, Stopping threads took: 0.0001554 seconds
2016-11-15T08:07:20.781+0100: 9437.973: Total time for which application threads were stopped: 0.0011090 seconds, Stopping threads took: 0.0001444 seconds
2016-11-15T08:07:20.782+0100: 9437.974: Total time for which application threads were stopped: 0.0004613 seconds, Stopping threads took: 0.0000315 seconds
2016-11-15T08:07:20.782+0100: 9437.975: Total time for which application threads were stopped: 0.0004517 seconds, Stopping threads took: 0.0000292 seconds
2016-11-15T08:07:20.889+0100: 9438.082: Total time for which application threads were stopped: 0.0005516 seconds, Stopping threads took: 0.0000575 seconds
2016-11-15T08:07:25.891+0100: 9443.083: Total time for which application threads were stopped: 0.0010402 seconds, Stopping threads took: 0.0001540 seconds
2016-11-15T08:07:26.663+0100: 9443.855: Total time for which application threads were stopped: 0.0011293 seconds, Stopping threads took: 0.0002116 seconds
2016-11-15T08:07:26.663+0100: 9443.856: Total time for which application threads were stopped: 0.0004912 seconds, Stopping threads took: 0.0000729 seconds
2016-11-15T08:07:26.664+0100: 9443.856: Total time for which application threads were stopped: 0.0005150 seconds, Stopping threads took: 0.0001052 seconds
2016-11-15T08:07:26.710+0100: 9443.902: Total time for which application threads were stopped: 0.0010891 seconds, Stopping threads took: 0.0001706 seconds
2016-11-15T08:07:26.710+0100: 9443.903: Total time for which application threads were stopped: 0.0005268 seconds, Stopping threads took: 0.0000732 seconds
2016-11-15T08:07:26.711+0100: 9443.903: Total time for which application threads were stopped: 0.0005456 seconds, Stopping threads took: 0.0000813 seconds
2016-11-15T08:07:26.730+0100: 9443.923: Total time for which application threads were stopped: 0.0006258 seconds, Stopping threads took: 0.0000619 seconds
2016-11-15T08:07:29.731+0100: 9446.924: Total time for which application threads were stopped: 0.0009589 seconds, Stopping threads took: 0.0001414 seconds
2016-11-15T08:07:33.735+0100: 9450.927: Total time for which application threads were stopped: 0.0010429 seconds, Stopping threads took: 0.0001650 seconds
2016-11-15T08:07:33.735+0100: 9450.928: Total time for which application threads were stopped: 0.0004368 seconds, Stopping threads took: 0.0000366 seconds
2016-11-15T08:07:33.736+0100: 9450.928: Total time for which application threads were stopped: 0.0004290 seconds, Stopping threads took: 0.0000310 seconds
2016-11-15T08:07:33.775+0100: 9450.967: Total time for which application threads were stopped: 0.0007761 seconds, Stopping threads took: 0.0000985 seconds
2016-11-15T08:07:33.775+0100: 9450.968: Total time for which application threads were stopped: 0.0004252 seconds, Stopping threads took: 0.0000327 seconds
2016-11-15T08:07:33.776+0100: 9450.968: Total time for which application threads were stopped: 0.0004259 seconds, Stopping threads took: 0.0000291 seconds
2016-11-15T08:07:33.794+0100: 9450.986: Total time for which application threads were stopped: 0.0005153 seconds, Stopping threads took: 0.0000532 seconds
2016-11-15T08:07:41.795+0100: 9458.988: Total time for which application threads were stopped: 0.0010560 seconds, Stopping threads took: 0.0001516 seconds
2016-11-15T08:07:47.838+0100: 9465.030: Total time for which application threads were stopped: 0.0010174 seconds, Stopping threads took: 0.0001575 seconds
2016-11-15T08:07:47.839+0100: 9465.031: Total time for which application threads were stopped: 0.0004957 seconds, Stopping threads took: 0.0000469 seconds
2016-11-15T08:07:47.839+0100: 9465.032: Total time for which application threads were stopped: 0.0004172 seconds, Stopping threads took: 0.0000272 seconds
2016-11-15T08:07:47.869+0100: 9465.061: Total time for which application threads were stopped: 0.0005183 seconds, Stopping threads took: 0.0000534 seconds
2016-11-15T08:07:52.980+0100: 9470.172: Total time for which application threads were stopped: 0.0010734 seconds, Stopping threads took: 0.0001540 seconds
2016-11-15T08:07:53.981+0100: 9471.174: Total time for which application threads were stopped: 0.0011291 seconds, Stopping threads took: 0.0001447 seconds
2016-11-15T08:07:54.982+0100: 9472.175: Total time for which application threads were stopped: 0.0009929 seconds, Stopping threads took: 0.0001380 seconds
2016-11-15T08:08:11.985+0100: 9489.177: Total time for which application threads were stopped: 0.0011638 seconds, Stopping threads took: 0.0001641 seconds
2016-11-15T08:08:16.986+0100: 9494.179: Total time for which application threads were stopped: 0.0011284 seconds, Stopping threads took: 0.0001519 seconds
2016-11-15T08:08:18.987+0100: 9496.180: Total time for which application threads were stopped: 0.0009848 seconds, Stopping threads took: 0.0001427 seconds
2016-11-15T08:08:20.867+0100: 9498.060: Total time for which application threads were stopped: 0.0011066 seconds, Stopping threads took: 0.0001497 seconds
2016-11-15T08:08:20.868+0100: 9498.060: Total time for which application threads were stopped: 0.0004565 seconds, Stopping threads took: 0.0000324 seconds
2016-11-15T08:08:20.869+0100: 9498.061: Total time for which application threads were stopped: 0.0004726 seconds, Stopping threads took: 0.0000294 seconds
2016-11-15T08:08:20.997+0100: 9498.190: Total time for which application threads were stopped: 0.0006611 seconds, Stopping threads took: 0.0000717 seconds
2016-11-15T08:08:24.999+0100: 9502.191: Total time for which application threads were stopped: 0.0010779 seconds, Stopping threads took: 0.0001538 seconds
2016-11-15T08:08:25.287+0100: 9502.480: Total time for which application threads were stopped: 0.0008486 seconds, Stopping threads took: 0.0001084 seconds
2016-11-15T08:08:25.288+0100: 9502.480: Total time for which application threads were stopped: 0.0004336 seconds, Stopping threads took: 0.0000331 seconds
2016-11-15T08:08:25.288+0100: 9502.481: Total time for which application threads were stopped: 0.0004474 seconds, Stopping threads took: 0.0000328 seconds
2016-11-15T08:08:26.125+0100: 9503.317: Total time for which application threads were stopped: 0.0034333 seconds, Stopping threads took: 0.0001805 seconds
2016-11-15T08:08:26.128+0100: 9503.320: Total time for which application threads were stopped: 0.0022603 seconds, Stopping threads took: 0.0000511 seconds
2016-11-15T08:08:26.130+0100: 9503.322: Total time for which application threads were stopped: 0.0021741 seconds, Stopping threads took: 0.0000841 seconds
2016-11-15T08:08:26.134+0100: 9503.327: Total time for which application threads were stopped: 0.0006606 seconds, Stopping threads took: 0.0000527 seconds
2016-11-15T08:08:26.135+0100: 9503.327: Total time for which application threads were stopped: 0.0004506 seconds, Stopping threads took: 0.0000271 seconds
2016-11-15T08:08:26.136+0100: 9503.328: Total time for which application threads were stopped: 0.0004946 seconds, Stopping threads took: 0.0000539 seconds
2016-11-15T08:08:26.201+0100: 9503.393: Total time for which application threads were stopped: 0.0007056 seconds, Stopping threads took: 0.0000821 seconds
2016-11-15T08:08:26.358+0100: 9503.550: Total time for which application threads were stopped: 0.0007398 seconds, Stopping threads took: 0.0000893 seconds
2016-11-15T08:08:45.360+0100: 9522.553: Total time for which application threads were stopped: 0.0010169 seconds, Stopping threads took: 0.0001587 seconds
2016-11-15T08:08:48.362+0100: 9525.554: Total time for which application threads were stopped: 0.0009779 seconds, Stopping threads took: 0.0001598 seconds
2016-11-15T08:08:48.419+0100: 9525.611: [GC pause (G1 Evacuation Pause) (young)
Desired survivor size 80740352 bytes, new threshold 7 (max 15)
- age   1:   13310632 bytes,   13310632 total
- age   2:    3161144 bytes,   16471776 total
- age   3:    9802048 bytes,   26273824 total
- age   4:   18472320 bytes,   44746144 total
- age   5:   12654816 bytes,   57400960 total
- age   6:   12892808 bytes,   70293768 total
- age   7:   12724360 bytes,   83018128 total
2016-11-15T08:08:48.512+0100: 9525.705: [SoftReference, 704 refs, 0.0052345 secs]2016-11-15T08:08:48.518+0100: 9525.710: [WeakReference, 1276 refs, 0.0033341 secs]2016-11-15T08:08:48.521+0100: 9525.713: [FinalReference, 2491 refs, 0.0034089 secs]2016-11-15T08:08:48.524+0100: 9525.717: [PhantomReference, 0 refs, 9 refs, 0.0075853 secs]2016-11-15T08:08:48.532+0100: 9525.724: [JNI Weak Reference, 0.0000655 secs], 0.1321369 secs]
   [Parallel Time: 86.8 ms, GC Workers: 43]
      [GC Worker Start (ms): Min: 9525611.5, Avg: 9525612.0, Max: 9525612.5, Diff: 1.0]
      [Ext Root Scanning (ms): Min: 1.4, Avg: 2.6, Max: 22.7, Diff: 21.3, Sum: 112.1]
      [Update RS (ms): Min: 0.0, Avg: 6.1, Max: 7.5, Diff: 7.5, Sum: 261.6]
         [Processed Buffers: Min: 0, Avg: 3.7, Max: 10, Diff: 10, Sum: 160]
      [Scan RS (ms): Min: 0.2, Avg: 0.5, Max: 0.9, Diff: 0.7, Sum: 20.2]
      [Code Root Scanning (ms): Min: 0.0, Avg: 1.8, Max: 3.9, Diff: 3.9, Sum: 77.8]
      [Object Copy (ms): Min: 62.3, Avg: 72.4, Max: 75.0, Diff: 12.7, Sum: 3113.1]
      [Termination (ms): Min: 0.0, Avg: 1.4, Max: 1.9, Diff: 1.9, Sum: 59.4]
         [Termination Attempts: Min: 1, Avg: 285.3, Max: 385, Diff: 384, Sum: 12270]
      [GC Worker Other (ms): Min: 0.0, Avg: 0.4, Max: 0.9, Diff: 0.9, Sum: 17.0]
      [GC Worker Total (ms): Min: 84.4, Avg: 85.1, Max: 86.0, Diff: 1.6, Sum: 3661.3]
      [GC Worker End (ms): Min: 9525696.8, Avg: 9525697.2, Max: 9525697.7, Diff: 0.9]
   [Code Root Fixup: 4.4 ms]
   [Code Root Purge: 0.1 ms]
   [String Dedup Fixup: 2.6 ms, GC Workers: 43]
      [Queue Fixup (ms): Min: 0.0, Avg: 0.0, Max: 0.1, Diff: 0.1, Sum: 0.3]
      [Table Fixup (ms): Min: 1.0, Avg: 1.5, Max: 2.0, Diff: 1.0, Sum: 65.6]
   [Clear CT: 6.9 ms]
   [Other: 31.2 ms]
      [Choose CSet: 0.0 ms]
      [Ref Proc: 21.6 ms]
      [Ref Enq: 1.3 ms]
      [Redirty Cards: 1.4 ms]
      [Humongous Register: 0.2 ms]
      [Humongous Reclaim: 0.1 ms]
      [Free CSet: 5.8 ms]
   [Eden: 1115.0M(1115.0M)->0.0B(1124.0M) Survivors: 113.0M->104.0M Heap: 1643.5M(2048.0M)->528.9M(2048.0M)]
 [Times: user=3.95 sys=0.08, real=0.13 secs] 
2016-11-15T08:08:48.551+0100: 9525.744: Total time for which application threads were stopped: 0.1336124 seconds, Stopping threads took: 0.0001012 seconds
2016-11-15T08:08:48.553+0100: 9525.745: Total time for which application threads were stopped: 0.0010576 seconds, Stopping threads took: 0.0001487 seconds
2016-11-15T08:08:48.553+0100: 9525.746: Total time for which application threads were stopped: 0.0005033 seconds, Stopping threads took: 0.0000467 seconds
2016-11-15T08:08:48.554+0100: 9525.746: Total time for which application threads were stopped: 0.0005503 seconds, Stopping threads took: 0.0000958 seconds
2016-11-15T08:08:48.555+0100: 9525.747: Total time for which application threads were stopped: 0.0005315 seconds, Stopping threads took: 0.0000737 seconds
2016-11-15T08:08:48.555+0100: 9525.748: Total time for which application threads were stopped: 0.0004867 seconds, Stopping threads took: 0.0000381 seconds
2016-11-15T08:08:48.556+0100: 9525.748: Total time for which application threads were stopped: 0.0005468 seconds, Stopping threads took: 0.0000961 seconds
2016-11-15T08:08:48.557+0100: 9525.749: Total time for which application threads were stopped: 0.0005210 seconds, Stopping threads took: 0.0000695 seconds
2016-11-15T08:08:48.557+0100: 9525.750: Total time for which application threads were stopped: 0.0005294 seconds, Stopping threads took: 0.0000774 seconds
2016-11-15T08:08:48.558+0100: 9525.750: Total time for which application threads were stopped: 0.0005245 seconds, Stopping threads took: 0.0000726 seconds
2016-11-15T08:08:48.558+0100: 9525.751: Total time for which application threads were stopped: 0.0004789 seconds, Stopping threads took: 0.0000344 seconds
2016-11-15T08:08:48.559+0100: 9525.751: Total time for which application threads were stopped: 0.0004853 seconds, Stopping threads took: 0.0000367 seconds
2016-11-15T08:08:48.560+0100: 9525.752: Total time for which application threads were stopped: 0.0005414 seconds, Stopping threads took: 0.0000856 seconds
2016-11-15T08:08:48.560+0100: 9525.753: Total time for which application threads were stopped: 0.0004848 seconds, Stopping threads took: 0.0000363 seconds
2016-11-15T08:08:48.561+0100: 9525.753: Total time for which application threads were stopped: 0.0005325 seconds, Stopping threads took: 0.0000730 seconds
2016-11-15T08:08:48.561+0100: 9525.754: Total time for which application threads were stopped: 0.0004848 seconds, Stopping threads took: 0.0000342 seconds
2016-11-15T08:08:48.562+0100: 9525.754: Total time for which application threads were stopped: 0.0005276 seconds, Stopping threads took: 0.0000662 seconds
2016-11-15T08:08:48.563+0100: 9525.755: Total time for which application threads were stopped: 0.0005133 seconds, Stopping threads took: 0.0000637 seconds
2016-11-15T08:08:48.563+0100: 9525.756: Total time for which application threads were stopped: 0.0004770 seconds, Stopping threads took: 0.0000346 seconds
2016-11-15T08:08:48.564+0100: 9525.756: Total time for which application threads were stopped: 0.0005516 seconds, Stopping threads took: 0.0001026 seconds
2016-11-15T08:08:48.567+0100: 9525.759: Total time for which application threads were stopped: 0.0026860 seconds, Stopping threads took: 0.0000794 seconds
2016-11-15T08:08:48.568+0100: 9525.760: [GC concurrent-string-deduplication, 179.6K->51.7K(127.9K), avg 58.0%, 0.0027687 secs]
2016-11-15T08:08:51.568+0100: 9528.760: Total time for which application threads were stopped: 0.0010410 seconds, Stopping threads took: 0.0001528 seconds
2016-11-15T08:08:52.569+0100: 9529.761: Total time for which application threads were stopped: 0.0011258 seconds, Stopping threads took: 0.0001551 seconds
2016-11-15T08:09:01.571+0100: 9538.763: Total time for which application threads were stopped: 0.0010487 seconds, Stopping threads took: 0.0001516 seconds
2016-11-15T08:09:02.572+0100: 9539.764: Total time for which application threads were stopped: 0.0009583 seconds, Stopping threads took: 0.0001469 seconds
2016-11-15T08:09:04.281+0100: 9541.473: Total time for which application threads were stopped: 0.0011347 seconds, Stopping threads took: 0.0001568 seconds
2016-11-15T08:09:04.282+0100: 9541.474: Total time for which application threads were stopped: 0.0004490 seconds, Stopping threads took: 0.0000366 seconds
2016-11-15T08:09:04.282+0100: 9541.475: Total time for which application threads were stopped: 0.0004310 seconds, Stopping threads took: 0.0000285 seconds
2016-11-15T08:09:04.480+0100: 9541.673: Total time for which application threads were stopped: 0.0009969 seconds, Stopping threads took: 0.0001485 seconds
2016-11-15T08:09:06.482+0100: 9543.674: Total time for which application threads were stopped: 0.0010405 seconds, Stopping threads took: 0.0001522 seconds
2016-11-15T08:09:14.483+0100: 9551.676: Total time for which application threads were stopped: 0.0009909 seconds, Stopping threads took: 0.0001571 seconds
2016-11-15T08:09:15.484+0100: 9552.677: Total time for which application threads were stopped: 0.0009585 seconds, Stopping threads took: 0.0001481 seconds
2016-11-15T08:09:17.485+0100: 9554.678: Total time for which application threads were stopped: 0.0009768 seconds, Stopping threads took: 0.0001388 seconds
2016-11-15T08:09:25.487+0100: 9562.679: Total time for which application threads were stopped: 0.0010772 seconds, Stopping threads took: 0.0001514 seconds
2016-11-15T08:09:37.768+0100: 9574.961: Total time for which application threads were stopped: 0.0010111 seconds, Stopping threads took: 0.0001471 seconds
2016-11-15T08:09:37.769+0100: 9574.962: Total time for which application threads were stopped: 0.0004478 seconds, Stopping threads took: 0.0000317 seconds
2016-11-15T08:09:37.770+0100: 9574.962: Total time for which application threads were stopped: 0.0004342 seconds, Stopping threads took: 0.0000328 seconds
2016-11-15T08:09:37.896+0100: 9575.088: Total time for which application threads were stopped: 0.0029277 seconds, Stopping threads took: 0.0001138 seconds
2016-11-15T08:09:41.095+0100: 9578.287: Total time for which application threads were stopped: 0.0010019 seconds, Stopping threads took: 0.0001484 seconds
2016-11-15T08:09:41.096+0100: 9578.288: Total time for which application threads were stopped: 0.0004940 seconds, Stopping threads took: 0.0000471 seconds
2016-11-15T08:09:41.096+0100: 9578.289: Total time for which application threads were stopped: 0.0004190 seconds, Stopping threads took: 0.0000276 seconds
2016-11-15T08:09:41.151+0100: 9578.343: Total time for which application threads were stopped: 0.0005904 seconds, Stopping threads took: 0.0000591 seconds
2016-11-15T08:09:49.153+0100: 9586.345: Total time for which application threads were stopped: 0.0011321 seconds, Stopping threads took: 0.0001643 seconds
2016-11-15T08:09:54.729+0100: 9591.922: Total time for which application threads were stopped: 0.0011638 seconds, Stopping threads took: 0.0001558 seconds
2016-11-15T08:09:54.730+0100: 9591.922: Total time for which application threads were stopped: 0.0004921 seconds, Stopping threads took: 0.0000362 seconds
2016-11-15T08:09:54.731+0100: 9591.923: Total time for which application threads were stopped: 0.0004824 seconds, Stopping threads took: 0.0000294 seconds
2016-11-15T08:09:54.858+0100: 9592.051: Total time for which application threads were stopped: 0.0007200 seconds, Stopping threads took: 0.0000866 seconds
2016-11-15T08:09:55.859+0100: 9593.052: Total time for which application threads were stopped: 0.0009648 seconds, Stopping threads took: 0.0001515 seconds
2016-11-15T08:09:56.818+0100: 9594.011: Total time for which application threads were stopped: 0.0009432 seconds, Stopping threads took: 0.0001413 seconds
2016-11-15T08:09:56.819+0100: 9594.011: Total time for which application threads were stopped: 0.0004287 seconds, Stopping threads took: 0.0000337 seconds
2016-11-15T08:09:56.819+0100: 9594.012: Total time for which application threads were stopped: 0.0004249 seconds, Stopping threads took: 0.0000274 seconds
2016-11-15T08:09:56.927+0100: 9594.120: Total time for which application threads were stopped: 0.0006984 seconds, Stopping threads took: 0.0000720 seconds
2016-11-15T08:10:00.707+0100: 9597.899: Total time for which application threads were stopped: 0.0015814 seconds, Stopping threads took: 0.0001824 seconds
2016-11-15T08:10:00.708+0100: 9597.901: Total time for which application threads were stopped: 0.0008246 seconds, Stopping threads took: 0.0000729 seconds
2016-11-15T08:10:00.709+0100: 9597.902: Total time for which application threads were stopped: 0.0007919 seconds, Stopping threads took: 0.0000542 seconds
2016-11-15T08:10:00.745+0100: 9597.937: Total time for which application threads were stopped: 0.0012709 seconds, Stopping threads took: 0.0001695 seconds
2016-11-15T08:10:04.746+0100: 9601.939: Total time for which application threads were stopped: 0.0009884 seconds, Stopping threads took: 0.0001473 seconds
2016-11-15T08:10:06.747+0100: 9603.940: Total time for which application threads were stopped: 0.0009788 seconds, Stopping threads took: 0.0001574 seconds
2016-11-15T08:10:13.749+0100: 9610.941: Total time for which application threads were stopped: 0.0009987 seconds, Stopping threads took: 0.0001585 seconds
2016-11-15T08:10:13.854+0100: 9611.046: Total time for which application threads were stopped: 0.0006592 seconds, Stopping threads took: 0.0000760 seconds
2016-11-15T08:10:13.854+0100: 9611.047: Total time for which application threads were stopped: 0.0004458 seconds, Stopping threads took: 0.0000324 seconds
2016-11-15T08:10:13.855+0100: 9611.047: Total time for which application threads were stopped: 0.0004487 seconds, Stopping threads took: 0.0000282 seconds
2016-11-15T08:10:14.079+0100: 9611.271: Total time for which application threads were stopped: 0.0007012 seconds, Stopping threads took: 0.0000801 seconds
2016-11-15T08:10:16.080+0100: 9613.273: Total time for which application threads were stopped: 0.0010439 seconds, Stopping threads took: 0.0001487 seconds
2016-11-15T08:10:34.223+0100: 9631.415: Total time for which application threads were stopped: 0.0010806 seconds, Stopping threads took: 0.0001584 seconds
2016-11-15T08:10:34.224+0100: 9631.416: Total time for which application threads were stopped: 0.0004335 seconds, Stopping threads took: 0.0000331 seconds
2016-11-15T08:10:34.224+0100: 9631.416: Total time for which application threads were stopped: 0.0004318 seconds, Stopping threads took: 0.0000305 seconds
2016-11-15T08:10:34.401+0100: 9631.594: Total time for which application threads were stopped: 0.0006243 seconds, Stopping threads took: 0.0000676 seconds
2016-11-15T08:10:37.129+0100: 9634.321: Total time for which application threads were stopped: 0.0010685 seconds, Stopping threads took: 0.0001517 seconds
2016-11-15T08:10:37.130+0100: 9634.323: Total time for which application threads were stopped: 0.0004573 seconds, Stopping threads took: 0.0000336 seconds
2016-11-15T08:10:37.131+0100: 9634.323: Total time for which application threads were stopped: 0.0004346 seconds, Stopping threads took: 0.0000278 seconds
2016-11-15T08:10:37.302+0100: 9634.495: Total time for which application threads were stopped: 0.0008088 seconds, Stopping threads took: 0.0001082 seconds
2016-11-15T08:10:45.623+0100: 9642.816: Total time for which application threads were stopped: 0.0012630 seconds, Stopping threads took: 0.0002223 seconds
2016-11-15T08:10:45.624+0100: 9642.817: Total time for which application threads were stopped: 0.0005805 seconds, Stopping threads took: 0.0000395 seconds
2016-11-15T08:10:45.625+0100: 9642.818: Total time for which application threads were stopped: 0.0006190 seconds, Stopping threads took: 0.0001057 seconds
2016-11-15T08:10:45.673+0100: 9642.866: Total time for which application threads were stopped: 0.0011989 seconds, Stopping threads took: 0.0001537 seconds
2016-11-15T08:10:50.323+0100: 9647.515: Total time for which application threads were stopped: 0.0011349 seconds, Stopping threads took: 0.0001569 seconds
2016-11-15T08:10:50.324+0100: 9647.516: Total time for which application threads were stopped: 0.0004855 seconds, Stopping threads took: 0.0000392 seconds
2016-11-15T08:10:50.324+0100: 9647.517: Total time for which application threads were stopped: 0.0004728 seconds, Stopping threads took: 0.0000301 seconds
2016-11-15T08:10:50.514+0100: 9647.706: Total time for which application threads were stopped: 0.0008911 seconds, Stopping threads took: 0.0001672 seconds
2016-11-15T08:10:51.515+0100: 9648.707: Total time for which application threads were stopped: 0.0010059 seconds, Stopping threads took: 0.0001488 seconds
2016-11-15T08:10:53.541+0100: 9650.733: Total time for which application threads were stopped: 0.0010407 seconds, Stopping threads took: 0.0001522 seconds
2016-11-15T08:10:53.542+0100: 9650.734: Total time for which application threads were stopped: 0.0005080 seconds, Stopping threads took: 0.0000401 seconds
2016-11-15T08:10:53.542+0100: 9650.735: Total time for which application threads were stopped: 0.0004558 seconds, Stopping threads took: 0.0000376 seconds
2016-11-15T08:10:53.667+0100: 9650.859: Total time for which application threads were stopped: 0.0009427 seconds, Stopping threads took: 0.0001300 seconds
2016-11-15T08:11:13.888+0100: 9671.081: Total time for which application threads were stopped: 0.0010845 seconds, Stopping threads took: 0.0001593 seconds
2016-11-15T08:11:13.889+0100: 9671.081: Total time for which application threads were stopped: 0.0004882 seconds, Stopping threads took: 0.0000675 seconds
2016-11-15T08:11:13.890+0100: 9671.082: Total time for which application threads were stopped: 0.0005555 seconds, Stopping threads took: 0.0001448 seconds
2016-11-15T08:11:14.024+0100: 9671.217: Total time for which application threads were stopped: 0.0006377 seconds, Stopping threads took: 0.0000929 seconds
2016-11-15T08:11:18.026+0100: 9675.218: Total time for which application threads were stopped: 0.0010425 seconds, Stopping threads took: 0.0001625 seconds
2016-11-15T08:11:24.787+0100: 9681.979: Total time for which application threads were stopped: 0.0010520 seconds, Stopping threads took: 0.0001720 seconds
2016-11-15T08:11:24.788+0100: 9681.980: Total time for which application threads were stopped: 0.0005473 seconds, Stopping threads took: 0.0000937 seconds
2016-11-15T08:11:24.788+0100: 9681.981: Total time for which application threads were stopped: 0.0005094 seconds, Stopping threads took: 0.0000761 seconds
2016-11-15T08:11:24.983+0100: 9682.175: Total time for which application threads were stopped: 0.0006230 seconds, Stopping threads took: 0.0000763 seconds
2016-11-15T08:11:24.984+0100: 9682.176: Total time for which application threads were stopped: 0.0004311 seconds, Stopping threads took: 0.0000353 seconds
2016-11-15T08:11:24.984+0100: 9682.177: Total time for which application threads were stopped: 0.0004331 seconds, Stopping threads took: 0.0000312 seconds
2016-11-15T08:11:25.059+0100: 9682.252: Total time for which application threads were stopped: 0.0005358 seconds, Stopping threads took: 0.0000579 seconds
2016-11-15T08:11:30.628+0100: 9687.820: Total time for which application threads were stopped: 0.0010038 seconds, Stopping threads took: 0.0001479 seconds
2016-11-15T08:11:30.629+0100: 9687.821: Total time for which application threads were stopped: 0.0004950 seconds, Stopping threads took: 0.0000466 seconds
2016-11-15T08:11:30.629+0100: 9687.822: Total time for which application threads were stopped: 0.0004219 seconds, Stopping threads took: 0.0000269 seconds
2016-11-15T08:11:30.722+0100: 9687.914: Total time for which application threads were stopped: 0.0005600 seconds, Stopping threads took: 0.0000554 seconds
2016-11-15T08:11:37.912+0100: 9695.104: Total time for which application threads were stopped: 0.0010237 seconds, Stopping threads took: 0.0001517 seconds
2016-11-15T08:11:37.913+0100: 9695.105: Total time for which application threads were stopped: 0.0004491 seconds, Stopping threads took: 0.0000326 seconds
2016-11-15T08:11:37.913+0100: 9695.106: Total time for which application threads were stopped: 0.0004416 seconds, Stopping threads took: 0.0000298 seconds
2016-11-15T08:11:38.039+0100: 9695.232: Total time for which application threads were stopped: 0.0007822 seconds, Stopping threads took: 0.0000957 seconds
2016-11-15T08:11:41.804+0100: 9698.996: Total time for which application threads were stopped: 0.0011066 seconds, Stopping threads took: 0.0001494 seconds
2016-11-15T08:11:41.805+0100: 9698.997: Total time for which application threads were stopped: 0.0005648 seconds, Stopping threads took: 0.0000458 seconds
2016-11-15T08:11:41.806+0100: 9698.998: Total time for which application threads were stopped: 0.0004639 seconds, Stopping threads took: 0.0000300 seconds
2016-11-15T08:11:41.920+0100: 9699.113: Total time for which application threads were stopped: 0.0008279 seconds, Stopping threads took: 0.0000941 seconds
2016-11-15T08:11:45.922+0100: 9703.114: Total time for which application threads were stopped: 0.0009945 seconds, Stopping threads took: 0.0001617 seconds
2016-11-15T08:11:46.574+0100: 9703.766: Total time for which application threads were stopped: 0.0008564 seconds, Stopping threads took: 0.0001142 seconds
2016-11-15T08:11:46.575+0100: 9703.767: Total time for which application threads were stopped: 0.0004518 seconds, Stopping threads took: 0.0000494 seconds
2016-11-15T08:11:46.575+0100: 9703.768: Total time for which application threads were stopped: 0.0004654 seconds, Stopping threads took: 0.0000302 seconds
2016-11-15T08:11:46.797+0100: 9703.990: Total time for which application threads were stopped: 0.0006558 seconds, Stopping threads took: 0.0000727 seconds
2016-11-15T08:11:51.917+0100: 9709.109: Total time for which application threads were stopped: 0.0031167 seconds, Stopping threads took: 0.0001612 seconds
2016-11-15T08:11:51.919+0100: 9709.112: Total time for which application threads were stopped: 0.0020623 seconds, Stopping threads took: 0.0000436 seconds
2016-11-15T08:11:51.921+0100: 9709.114: Total time for which application threads were stopped: 0.0019599 seconds, Stopping threads took: 0.0000359 seconds
2016-11-15T08:11:51.942+0100: 9709.134: Total time for which application threads were stopped: 0.0006418 seconds, Stopping threads took: 0.0000526 seconds
2016-11-15T08:11:51.942+0100: 9709.135: Total time for which application threads were stopped: 0.0004313 seconds, Stopping threads took: 0.0000310 seconds
2016-11-15T08:11:51.943+0100: 9709.135: Total time for which application threads were stopped: 0.0004438 seconds, Stopping threads took: 0.0000293 seconds
2016-11-15T08:11:52.037+0100: 9709.229: Total time for which application threads were stopped: 0.0006076 seconds, Stopping threads took: 0.0000593 seconds
2016-11-15T08:11:53.038+0100: 9710.230: Total time for which application threads were stopped: 0.0009989 seconds, Stopping threads took: 0.0001267 seconds
2016-11-15T08:11:58.543+0100: 9715.735: Total time for which application threads were stopped: 0.0010637 seconds, Stopping threads took: 0.0001465 seconds
2016-11-15T08:11:58.544+0100: 9715.736: Total time for which application threads were stopped: 0.0004446 seconds, Stopping threads took: 0.0000324 seconds
2016-11-15T08:11:58.544+0100: 9715.736: Total time for which application threads were stopped: 0.0004407 seconds, Stopping threads took: 0.0000289 seconds
2016-11-15T08:11:58.710+0100: 9715.903: Total time for which application threads were stopped: 0.0008309 seconds, Stopping threads took: 0.0001050 seconds
2016-11-15T08:12:00.414+0100: 9717.607: Total time for which application threads were stopped: 0.0011715 seconds, Stopping threads took: 0.0001676 seconds
2016-11-15T08:12:02.344+0100: 9719.537: Total time for which application threads were stopped: 0.0010087 seconds, Stopping threads took: 0.0001522 seconds
2016-11-15T08:12:02.345+0100: 9719.538: Total time for which application threads were stopped: 0.0004916 seconds, Stopping threads took: 0.0000456 seconds
2016-11-15T08:12:02.346+0100: 9719.538: Total time for which application threads were stopped: 0.0004229 seconds, Stopping threads took: 0.0000291 seconds
2016-11-15T08:12:02.440+0100: 9719.632: Total time for which application threads were stopped: 0.0006947 seconds, Stopping threads took: 0.0000715 seconds
2016-11-15T08:12:42.486+0100: 9759.679: Total time for which application threads were stopped: 0.0010454 seconds, Stopping threads took: 0.0001597 seconds
2016-11-15T08:12:42.487+0100: 9759.679: Total time for which application threads were stopped: 0.0004415 seconds, Stopping threads took: 0.0000365 seconds
2016-11-15T08:12:42.487+0100: 9759.680: Total time for which application threads were stopped: 0.0004317 seconds, Stopping threads took: 0.0000291 seconds
2016-11-15T08:12:42.599+0100: 9759.791: Total time for which application threads were stopped: 0.0005653 seconds, Stopping threads took: 0.0000568 seconds
2016-11-15T08:12:52.427+0100: 9769.619: Total time for which application threads were stopped: 0.0010072 seconds, Stopping threads took: 0.0001534 seconds
2016-11-15T08:12:52.428+0100: 9769.620: Total time for which application threads were stopped: 0.0004394 seconds, Stopping threads took: 0.0000323 seconds
2016-11-15T08:12:52.428+0100: 9769.621: Total time for which application threads were stopped: 0.0004329 seconds, Stopping threads took: 0.0000292 seconds
2016-11-15T08:12:52.466+0100: 9769.658: Total time for which application threads were stopped: 0.0006312 seconds, Stopping threads took: 0.0000688 seconds
2016-11-15T08:12:52.466+0100: 9769.659: Total time for which application threads were stopped: 0.0004395 seconds, Stopping threads took: 0.0000329 seconds
2016-11-15T08:12:52.467+0100: 9769.659: Total time for which application threads were stopped: 0.0004344 seconds, Stopping threads took: 0.0000290 seconds
2016-11-15T08:12:52.636+0100: 9769.829: Total time for which application threads were stopped: 0.0007023 seconds, Stopping threads took: 0.0000786 seconds
2016-11-15T08:12:52.674+0100: 9769.866: Total time for which application threads were stopped: 0.0006803 seconds, Stopping threads took: 0.0000741 seconds
2016-11-15T08:12:57.265+0100: 9774.457: Total time for which application threads were stopped: 0.0010692 seconds, Stopping threads took: 0.0001586 seconds
2016-11-15T08:12:57.265+0100: 9774.458: Total time for which application threads were stopped: 0.0004417 seconds, Stopping threads took: 0.0000385 seconds
2016-11-15T08:12:57.266+0100: 9774.458: Total time for which application threads were stopped: 0.0004369 seconds, Stopping threads took: 0.0000292 seconds
2016-11-15T08:12:57.346+0100: 9774.538: Total time for which application threads were stopped: 0.0026453 seconds, Stopping threads took: 0.0000658 seconds
2016-11-15T08:13:01.347+0100: 9778.540: Total time for which application threads were stopped: 0.0011360 seconds, Stopping threads took: 0.0001653 seconds
2016-11-15T08:13:01.671+0100: 9778.863: Total time for which application threads were stopped: 0.0011549 seconds, Stopping threads took: 0.0001569 seconds
2016-11-15T08:13:01.672+0100: 9778.864: Total time for which application threads were stopped: 0.0005003 seconds, Stopping threads took: 0.0000474 seconds
2016-11-15T08:13:01.672+0100: 9778.865: Total time for which application threads were stopped: 0.0005004 seconds, Stopping threads took: 0.0000298 seconds
2016-11-15T08:13:01.831+0100: 9779.023: Total time for which application threads were stopped: 0.0011362 seconds, Stopping threads took: 0.0001489 seconds
2016-11-15T08:13:05.164+0100: 9782.356: Total time for which application threads were stopped: 0.0010257 seconds, Stopping threads took: 0.0001615 seconds
2016-11-15T08:13:05.165+0100: 9782.357: Total time for which application threads were stopped: 0.0004349 seconds, Stopping threads took: 0.0000333 seconds
2016-11-15T08:13:05.165+0100: 9782.358: Total time for which application threads were stopped: 0.0004327 seconds, Stopping threads took: 0.0000284 seconds
2016-11-15T08:13:05.430+0100: 9782.622: Total time for which application threads were stopped: 0.0007153 seconds, Stopping threads took: 0.0000832 seconds
2016-11-15T08:13:05.892+0100: 9783.085: Total time for which application threads were stopped: 0.0010582 seconds, Stopping threads took: 0.0001546 seconds
2016-11-15T08:13:05.893+0100: 9783.085: Total time for which application threads were stopped: 0.0004467 seconds, Stopping threads took: 0.0000307 seconds
2016-11-15T08:13:05.893+0100: 9783.086: Total time for which application threads were stopped: 0.0004483 seconds, Stopping threads took: 0.0000353 seconds
2016-11-15T08:13:06.042+0100: 9783.234: Total time for which application threads were stopped: 0.0010646 seconds, Stopping threads took: 0.0001461 seconds
2016-11-15T08:13:06.048+0100: 9783.240: Total time for which application threads were stopped: 0.0005621 seconds, Stopping threads took: 0.0000560 seconds
2016-11-15T08:13:06.048+0100: 9783.241: Total time for which application threads were stopped: 0.0004319 seconds, Stopping threads took: 0.0000307 seconds
2016-11-15T08:13:06.049+0100: 9783.241: Total time for which application threads were stopped: 0.0004408 seconds, Stopping threads took: 0.0000283 seconds
2016-11-15T08:13:06.134+0100: 9783.327: Total time for which application threads were stopped: 0.0009038 seconds, Stopping threads took: 0.0001135 seconds
2016-11-15T08:13:06.135+0100: 9783.327: Total time for which application threads were stopped: 0.0004371 seconds, Stopping threads took: 0.0000338 seconds
2016-11-15T08:13:06.136+0100: 9783.328: Total time for which application threads were stopped: 0.0007236 seconds, Stopping threads took: 0.0000297 seconds
2016-11-15T08:13:06.165+0100: 9783.358: Total time for which application threads were stopped: 0.0005943 seconds, Stopping threads took: 0.0000625 seconds
2016-11-15T08:13:07.008+0100: 9784.201: Total time for which application threads were stopped: 0.0010126 seconds, Stopping threads took: 0.0001427 seconds
2016-11-15T08:13:07.009+0100: 9784.202: Total time for which application threads were stopped: 0.0004506 seconds, Stopping threads took: 0.0000331 seconds
2016-11-15T08:13:07.010+0100: 9784.202: Total time for which application threads were stopped: 0.0004456 seconds, Stopping threads took: 0.0000300 seconds
2016-11-15T08:13:07.055+0100: 9784.248: Total time for which application threads were stopped: 0.0005274 seconds, Stopping threads took: 0.0000501 seconds
2016-11-15T08:13:07.219+0100: 9784.412: Total time for which application threads were stopped: 0.0007603 seconds, Stopping threads took: 0.0000995 seconds
2016-11-15T08:13:07.220+0100: 9784.412: Total time for which application threads were stopped: 0.0004413 seconds, Stopping threads took: 0.0000329 seconds
2016-11-15T08:13:07.221+0100: 9784.413: Total time for which application threads were stopped: 0.0004398 seconds, Stopping threads took: 0.0000280 seconds
2016-11-15T08:13:07.368+0100: 9784.561: Total time for which application threads were stopped: 0.0007183 seconds, Stopping threads took: 0.0000704 seconds
2016-11-15T08:13:11.370+0100: 9788.562: Total time for which application threads were stopped: 0.0009773 seconds, Stopping threads took: 0.0001514 seconds
2016-11-15T08:13:17.841+0100: 9795.033: Total time for which application threads were stopped: 0.0010168 seconds, Stopping threads took: 0.0001487 seconds
2016-11-15T08:13:17.841+0100: 9795.034: Total time for which application threads were stopped: 0.0005092 seconds, Stopping threads took: 0.0000282 seconds
2016-11-15T08:13:17.842+0100: 9795.034: Total time for which application threads were stopped: 0.0004354 seconds, Stopping threads took: 0.0000308 seconds
2016-11-15T08:13:17.907+0100: 9795.099: Total time for which application threads were stopped: 0.0005853 seconds, Stopping threads took: 0.0000710 seconds
2016-11-15T08:13:17.907+0100: 9795.100: Total time for which application threads were stopped: 0.0004304 seconds, Stopping threads took: 0.0000315 seconds
2016-11-15T08:13:17.908+0100: 9795.100: Total time for which application threads were stopped: 0.0004436 seconds, Stopping threads took: 0.0000343 seconds
2016-11-15T08:13:17.932+0100: 9795.124: Total time for which application threads were stopped: 0.0005272 seconds, Stopping threads took: 0.0000612 seconds
2016-11-15T08:13:21.990+0100: 9799.183: Total time for which application threads were stopped: 0.0010852 seconds, Stopping threads took: 0.0001482 seconds
2016-11-15T08:13:21.991+0100: 9799.184: Total time for which application threads were stopped: 0.0005993 seconds, Stopping threads took: 0.0000949 seconds
2016-11-15T08:13:21.992+0100: 9799.184: Total time for which application threads were stopped: 0.0004993 seconds, Stopping threads took: 0.0000767 seconds
2016-11-15T08:13:22.240+0100: 9799.433: Total time for which application threads were stopped: 0.0007331 seconds, Stopping threads took: 0.0000746 seconds
2016-11-15T08:13:26.833+0100: 9804.026: Total time for which application threads were stopped: 0.0010689 seconds, Stopping threads took: 0.0001481 seconds
2016-11-15T08:13:26.834+0100: 9804.027: Total time for which application threads were stopped: 0.0005126 seconds, Stopping threads took: 0.0000450 seconds
2016-11-15T08:13:26.835+0100: 9804.027: Total time for which application threads were stopped: 0.0004387 seconds, Stopping threads took: 0.0000328 seconds
2016-11-15T08:13:27.052+0100: 9804.244: Total time for which application threads were stopped: 0.0009972 seconds, Stopping threads took: 0.0001364 seconds
2016-11-15T08:13:36.053+0100: 9813.246: Total time for which application threads were stopped: 0.0010937 seconds, Stopping threads took: 0.0001609 seconds
2016-11-15T08:13:37.054+0100: 9814.247: Total time for which application threads were stopped: 0.0010039 seconds, Stopping threads took: 0.0001422 seconds
2016-11-15T08:13:41.055+0100: 9818.248: Total time for which application threads were stopped: 0.0009686 seconds, Stopping threads took: 0.0001422 seconds
2016-11-15T08:13:44.771+0100: 9821.964: Total time for which application threads were stopped: 0.0011085 seconds, Stopping threads took: 0.0001510 seconds
2016-11-15T08:13:44.772+0100: 9821.964: Total time for which application threads were stopped: 0.0004767 seconds, Stopping threads took: 0.0000332 seconds
2016-11-15T08:13:44.773+0100: 9821.965: Total time for which application threads were stopped: 0.0004681 seconds, Stopping threads took: 0.0000299 seconds
2016-11-15T08:13:44.991+0100: 9822.183: Total time for which application threads were stopped: 0.0006724 seconds, Stopping threads took: 0.0000803 seconds
2016-11-15T08:13:45.809+0100: 9823.001: Total time for which application threads were stopped: 0.0009195 seconds, Stopping threads took: 0.0001135 seconds
2016-11-15T08:13:45.810+0100: 9823.002: Total time for which application threads were stopped: 0.0004565 seconds, Stopping threads took: 0.0000322 seconds
2016-11-15T08:13:45.810+0100: 9823.003: Total time for which application threads were stopped: 0.0004565 seconds, Stopping threads took: 0.0000290 seconds
2016-11-15T08:13:45.837+0100: 9823.030: Total time for which application threads were stopped: 0.0005635 seconds, Stopping threads took: 0.0000777 seconds
2016-11-15T08:13:46.838+0100: 9824.031: Total time for which application threads were stopped: 0.0009990 seconds, Stopping threads took: 0.0001516 seconds
2016-11-15T08:13:49.788+0100: 9826.981: Total time for which application threads were stopped: 0.0010945 seconds, Stopping threads took: 0.0001523 seconds
2016-11-15T08:13:49.789+0100: 9826.981: Total time for which application threads were stopped: 0.0004812 seconds, Stopping threads took: 0.0000399 seconds
2016-11-15T08:13:49.789+0100: 9826.982: Total time for which application threads were stopped: 0.0005801 seconds, Stopping threads took: 0.0001088 seconds
2016-11-15T08:13:49.987+0100: 9827.179: Total time for which application threads were stopped: 0.0008973 seconds, Stopping threads took: 0.0001269 seconds
2016-11-15T08:13:49.988+0100: 9827.180: Total time for which application threads were stopped: 0.0004307 seconds, Stopping threads took: 0.0000316 seconds
2016-11-15T08:13:49.988+0100: 9827.180: Total time for which application threads were stopped: 0.0004326 seconds, Stopping threads took: 0.0000302 seconds
2016-11-15T08:13:50.099+0100: 9827.291: Total time for which application threads were stopped: 0.0007127 seconds, Stopping threads took: 0.0000792 seconds
2016-11-15T08:13:54.100+0100: 9831.292: Total time for which application threads were stopped: 0.0010409 seconds, Stopping threads took: 0.0001622 seconds
2016-11-15T08:13:56.101+0100: 9833.294: Total time for which application threads were stopped: 0.0010834 seconds, Stopping threads took: 0.0001556 seconds
2016-11-15T08:13:56.779+0100: 9833.971: Total time for which application threads were stopped: 0.0030118 seconds, Stopping threads took: 0.0001439 seconds
2016-11-15T08:13:56.781+0100: 9833.973: Total time for which application threads were stopped: 0.0020718 seconds, Stopping threads took: 0.0000409 seconds
2016-11-15T08:13:56.783+0100: 9833.976: Total time for which application threads were stopped: 0.0020481 seconds, Stopping threads took: 0.0001095 seconds
2016-11-15T08:13:56.818+0100: 9834.010: Total time for which application threads were stopped: 0.0008821 seconds, Stopping threads took: 0.0001094 seconds
2016-11-15T08:13:56.818+0100: 9834.011: Total time for which application threads were stopped: 0.0004300 seconds, Stopping threads took: 0.0000304 seconds
2016-11-15T08:13:56.819+0100: 9834.011: Total time for which application threads were stopped: 0.0004423 seconds, Stopping threads took: 0.0000291 seconds
2016-11-15T08:13:56.947+0100: 9834.140: Total time for which application threads were stopped: 0.0005672 seconds, Stopping threads took: 0.0000600 seconds
2016-11-15T08:13:57.948+0100: 9835.141: Total time for which application threads were stopped: 0.0010124 seconds, Stopping threads took: 0.0001471 seconds
2016-11-15T08:14:12.640+0100: 9849.833: Total time for which application threads were stopped: 0.0010178 seconds, Stopping threads took: 0.0001472 seconds
2016-11-15T08:14:12.641+0100: 9849.834: Total time for which application threads were stopped: 0.0005111 seconds, Stopping threads took: 0.0000335 seconds
2016-11-15T08:14:12.642+0100: 9849.834: Total time for which application threads were stopped: 0.0004350 seconds, Stopping threads took: 0.0000291 seconds
2016-11-15T08:14:13.120+0100: 9850.313: Total time for which application threads were stopped: 0.0010260 seconds, Stopping threads took: 0.0001518 seconds
2016-11-15T08:14:16.828+0100: 9854.021: Total time for which application threads were stopped: 0.0010081 seconds, Stopping threads took: 0.0001496 seconds
2016-11-15T08:14:16.829+0100: 9854.022: Total time for which application threads were stopped: 0.0004658 seconds, Stopping threads took: 0.0000359 seconds
2016-11-15T08:14:16.830+0100: 9854.022: Total time for which application threads were stopped: 0.0004338 seconds, Stopping threads took: 0.0000287 seconds
2016-11-15T08:14:17.397+0100: 9854.590: Total time for which application threads were stopped: 0.0009716 seconds, Stopping threads took: 0.0001295 seconds
2016-11-15T08:14:24.243+0100: 9861.435: Total time for which application threads were stopped: 0.0010115 seconds, Stopping threads took: 0.0001526 seconds
2016-11-15T08:14:24.244+0100: 9861.436: Total time for which application threads were stopped: 0.0004352 seconds, Stopping threads took: 0.0000324 seconds
2016-11-15T08:14:24.244+0100: 9861.437: Total time for which application threads were stopped: 0.0004301 seconds, Stopping threads took: 0.0000294 seconds
2016-11-15T08:14:24.521+0100: 9861.714: Total time for which application threads were stopped: 0.0006977 seconds, Stopping threads took: 0.0000737 seconds
2016-11-15T08:14:26.818+0100: 9864.011: Total time for which application threads were stopped: 0.0010772 seconds, Stopping threads took: 0.0001884 seconds
2016-11-15T08:14:26.820+0100: 9864.012: Total time for which application threads were stopped: 0.0007314 seconds, Stopping threads took: 0.0002665 seconds
2016-11-15T08:14:26.820+0100: 9864.013: Total time for which application threads were stopped: 0.0005129 seconds, Stopping threads took: 0.0000745 seconds
2016-11-15T08:14:27.046+0100: 9864.238: Total time for which application threads were stopped: 0.0007069 seconds, Stopping threads took: 0.0000796 seconds
2016-11-15T08:14:29.968+0100: 9867.160: Total time for which application threads were stopped: 0.0010856 seconds, Stopping threads took: 0.0002145 seconds
2016-11-15T08:14:29.969+0100: 9867.161: Total time for which application threads were stopped: 0.0005823 seconds, Stopping threads took: 0.0000771 seconds
2016-11-15T08:14:29.969+0100: 9867.162: Total time for which application threads were stopped: 0.0005000 seconds, Stopping threads took: 0.0000915 seconds
2016-11-15T08:14:30.177+0100: 9867.370: Total time for which application threads were stopped: 0.0007488 seconds, Stopping threads took: 0.0000920 seconds
2016-11-15T08:14:54.180+0100: 9891.373: Total time for which application threads were stopped: 0.0010351 seconds, Stopping threads took: 0.0001621 seconds
2016-11-15T08:14:58.181+0100: 9895.374: Total time for which application threads were stopped: 0.0009951 seconds, Stopping threads took: 0.0001533 seconds
2016-11-15T08:14:59.182+0100: 9896.375: Total time for which application threads were stopped: 0.0009772 seconds, Stopping threads took: 0.0001495 seconds
2016-11-15T08:15:00.019+0100: 9897.211: Total time for which application threads were stopped: 0.0010124 seconds, Stopping threads took: 0.0001485 seconds
2016-11-15T08:15:00.019+0100: 9897.212: Total time for which application threads were stopped: 0.0004377 seconds, Stopping threads took: 0.0000317 seconds
2016-11-15T08:15:00.020+0100: 9897.212: Total time for which application threads were stopped: 0.0004412 seconds, Stopping threads took: 0.0000326 seconds
2016-11-15T08:15:00.439+0100: 9897.632: Total time for which application threads were stopped: 0.0010998 seconds, Stopping threads took: 0.0001612 seconds
2016-11-15T08:15:03.440+0100: 9900.633: Total time for which application threads were stopped: 0.0009944 seconds, Stopping threads took: 0.0001508 seconds
2016-11-15T08:15:08.442+0100: 9905.634: Total time for which application threads were stopped: 0.0010575 seconds, Stopping threads took: 0.0001593 seconds
2016-11-15T08:15:09.443+0100: 9906.635: Total time for which application threads were stopped: 0.0009995 seconds, Stopping threads took: 0.0001452 seconds
2016-11-15T08:15:24.445+0100: 9921.637: Total time for which application threads were stopped: 0.0009953 seconds, Stopping threads took: 0.0001581 seconds
2016-11-15T08:15:25.446+0100: 9922.638: Total time for which application threads were stopped: 0.0010234 seconds, Stopping threads took: 0.0001537 seconds
2016-11-15T08:15:26.793+0100: 9923.985: Total time for which application threads were stopped: 0.0010351 seconds, Stopping threads took: 0.0001493 seconds
2016-11-15T08:15:26.794+0100: 9923.986: Total time for which application threads were stopped: 0.0005547 seconds, Stopping threads took: 0.0001153 seconds
2016-11-15T08:15:26.794+0100: 9923.987: Total time for which application threads were stopped: 0.0005063 seconds, Stopping threads took: 0.0000896 seconds
2016-11-15T08:15:26.795+0100: 9923.987: Total time for which application threads were stopped: 0.0004417 seconds, Stopping threads took: 0.0000341 seconds
2016-11-15T08:15:26.795+0100: 9923.988: Total time for which application threads were stopped: 0.0004354 seconds, Stopping threads took: 0.0000290 seconds
2016-11-15T08:15:27.601+0100: 9924.793: Total time for which application threads were stopped: 0.0010303 seconds, Stopping threads took: 0.0001435 seconds
2016-11-15T08:15:27.602+0100: 9924.794: Total time for which application threads were stopped: 0.0005648 seconds, Stopping threads took: 0.0001000 seconds
2016-11-15T08:15:29.806+0100: 9926.999: Total time for which application threads were stopped: 0.0010199 seconds, Stopping threads took: 0.0001517 seconds
2016-11-15T08:15:29.807+0100: 9926.999: Total time for which application threads were stopped: 0.0004451 seconds, Stopping threads took: 0.0000359 seconds
2016-11-15T08:15:29.807+0100: 9927.000: Total time for which application threads were stopped: 0.0004369 seconds, Stopping threads took: 0.0000301 seconds
2016-11-15T08:15:30.299+0100: 9927.492: Total time for which application threads were stopped: 0.0010578 seconds, Stopping threads took: 0.0001387 seconds
2016-11-15T08:15:30.524+0100: 9927.717: Total time for which application threads were stopped: 0.0007017 seconds, Stopping threads took: 0.0000709 seconds
2016-11-15T08:15:30.537+0100: 9927.729: Total time for which application threads were stopped: 0.0009103 seconds, Stopping threads took: 0.0003384 seconds
2016-11-15T08:15:31.538+0100: 9928.730: Total time for which application threads were stopped: 0.0011453 seconds, Stopping threads took: 0.0001977 seconds
2016-11-15T08:15:32.539+0100: 9929.731: Total time for which application threads were stopped: 0.0010368 seconds, Stopping threads took: 0.0001410 seconds
2016-11-15T08:15:39.959+0100: 9937.152: Total time for which application threads were stopped: 0.0010415 seconds, Stopping threads took: 0.0001599 seconds
2016-11-15T08:15:39.960+0100: 9937.153: Total time for which application threads were stopped: 0.0004585 seconds, Stopping threads took: 0.0000343 seconds
2016-11-15T08:15:39.961+0100: 9937.153: Total time for which application threads were stopped: 0.0004332 seconds, Stopping threads took: 0.0000279 seconds
2016-11-15T08:15:40.535+0100: 9937.727: Total time for which application threads were stopped: 0.0010409 seconds, Stopping threads took: 0.0001507 seconds
2016-11-15T08:15:41.536+0100: 9938.729: Total time for which application threads were stopped: 0.0011508 seconds, Stopping threads took: 0.0002304 seconds
2016-11-15T08:15:43.667+0100: 9940.860: Total time for which application threads were stopped: 0.0010429 seconds, Stopping threads took: 0.0001655 seconds
2016-11-15T08:15:43.669+0100: 9940.861: Total time for which application threads were stopped: 0.0004727 seconds, Stopping threads took: 0.0000383 seconds
2016-11-15T08:15:43.669+0100: 9940.861: Total time for which application threads were stopped: 0.0004756 seconds, Stopping threads took: 0.0000274 seconds
2016-11-15T08:15:43.945+0100: 9941.138: Total time for which application threads were stopped: 0.0006532 seconds, Stopping threads took: 0.0000713 seconds
2016-11-15T08:15:46.828+0100: 9944.021: Total time for which application threads were stopped: 0.0012405 seconds, Stopping threads took: 0.0002340 seconds
2016-11-15T08:15:46.830+0100: 9944.022: Total time for which application threads were stopped: 0.0005911 seconds, Stopping threads took: 0.0000890 seconds
2016-11-15T08:15:46.830+0100: 9944.022: Total time for which application threads were stopped: 0.0004913 seconds, Stopping threads took: 0.0000622 seconds
2016-11-15T08:15:46.941+0100: 9944.134: Total time for which application threads were stopped: 0.0008370 seconds, Stopping threads took: 0.0000857 seconds
2016-11-15T08:15:52.292+0100: 9949.485: Total time for which application threads were stopped: 0.0010399 seconds, Stopping threads took: 0.0001487 seconds
2016-11-15T08:15:52.293+0100: 9949.485: Total time for which application threads were stopped: 0.0004611 seconds, Stopping threads took: 0.0000348 seconds
2016-11-15T08:15:52.293+0100: 9949.486: Total time for which application threads were stopped: 0.0004344 seconds, Stopping threads took: 0.0000307 seconds
2016-11-15T08:15:52.453+0100: 9949.645: Total time for which application threads were stopped: 0.0006231 seconds, Stopping threads took: 0.0000593 seconds
2016-11-15T08:15:53.946+0100: 9951.138: [GC pause (G1 Evacuation Pause) (young)
Desired survivor size 80740352 bytes, new threshold 15 (max 15)
- age   1:    7380368 bytes,    7380368 total
- age   2:   13053456 bytes,   20433824 total
- age   3:    3158224 bytes,   23592048 total
- age   4:    8553776 bytes,   32145824 total
- age   5:   18413104 bytes,   50558928 total
- age   6:   12651544 bytes,   63210472 total
- age   7:   12891144 bytes,   76101616 total
2016-11-15T08:15:54.014+0100: 9951.207: [SoftReference, 324 refs, 0.0053139 secs]2016-11-15T08:15:54.020+0100: 9951.212: [WeakReference, 954 refs, 0.0033655 secs]2016-11-15T08:15:54.023+0100: 9951.215: [FinalReference, 1339 refs, 0.0033388 secs]2016-11-15T08:15:54.026+0100: 9951.219: [PhantomReference, 0 refs, 10 refs, 0.0063481 secs]2016-11-15T08:15:54.033+0100: 9951.225: [JNI Weak Reference, 0.0000648 secs], 0.1049503 secs]
   [Parallel Time: 62.8 ms, GC Workers: 43]
      [GC Worker Start (ms): Min: 9951138.5, Avg: 9951139.0, Max: 9951139.5, Diff: 1.0]
      [Ext Root Scanning (ms): Min: 1.5, Avg: 2.5, Max: 15.2, Diff: 13.7, Sum: 106.3]
      [Update RS (ms): Min: 0.0, Avg: 10.6, Max: 12.4, Diff: 12.4, Sum: 457.4]
         [Processed Buffers: Min: 0, Avg: 4.8, Max: 9, Diff: 9, Sum: 205]
      [Scan RS (ms): Min: 0.1, Avg: 0.7, Max: 1.6, Diff: 1.5, Sum: 30.5]
      [Code Root Scanning (ms): Min: 0.0, Avg: 1.2, Max: 3.4, Diff: 3.4, Sum: 52.2]
      [Object Copy (ms): Min: 44.0, Avg: 45.2, Max: 46.5, Diff: 2.4, Sum: 1941.5]
      [Termination (ms): Min: 0.0, Avg: 0.5, Max: 0.6, Diff: 0.6, Sum: 20.7]
         [Termination Attempts: Min: 1, Avg: 98.7, Max: 139, Diff: 138, Sum: 4242]
      [GC Worker Other (ms): Min: 0.0, Avg: 0.4, Max: 0.9, Diff: 0.8, Sum: 16.9]
      [GC Worker Total (ms): Min: 60.4, Avg: 61.1, Max: 62.0, Diff: 1.7, Sum: 2625.3]
      [GC Worker End (ms): Min: 9951199.7, Avg: 9951200.1, Max: 9951200.6, Diff: 0.8]
   [Code Root Fixup: 3.6 ms]
   [Code Root Purge: 0.1 ms]
   [String Dedup Fixup: 2.6 ms, GC Workers: 43]
      [Queue Fixup (ms): Min: 0.0, Avg: 0.0, Max: 0.2, Diff: 0.2, Sum: 0.8]
      [Table Fixup (ms): Min: 0.9, Avg: 1.5, Max: 1.9, Diff: 0.9, Sum: 62.8]
   [Clear CT: 6.4 ms]
   [Other: 29.6 ms]
      [Choose CSet: 0.0 ms]
      [Ref Proc: 20.4 ms]
      [Ref Enq: 1.3 ms]
      [Redirty Cards: 1.3 ms]
      [Humongous Register: 0.2 ms]
      [Humongous Reclaim: 0.1 ms]
      [Free CSet: 5.6 ms]
   [Eden: 1124.0M(1124.0M)->0.0B(1116.0M) Survivors: 104.0M->112.0M Heap: 1653.9M(2048.0M)->536.9M(2048.0M)]
 [Times: user=2.96 sys=0.03, real=0.11 secs] 
2016-11-15T08:15:54.051+0100: 9951.243: Total time for which application threads were stopped: 0.1066200 seconds, Stopping threads took: 0.0001533 seconds
2016-11-15T08:15:54.052+0100: 9951.245: Total time for which application threads were stopped: 0.0010569 seconds, Stopping threads took: 0.0001701 seconds
2016-11-15T08:15:54.053+0100: 9951.245: Total time for which application threads were stopped: 0.0005179 seconds, Stopping threads took: 0.0000816 seconds
2016-11-15T08:15:54.054+0100: 9951.246: Total time for which application threads were stopped: 0.0005082 seconds, Stopping threads took: 0.0000605 seconds
2016-11-15T08:15:54.054+0100: 9951.247: Total time for which application threads were stopped: 0.0004948 seconds, Stopping threads took: 0.0000577 seconds
2016-11-15T08:15:54.055+0100: 9951.247: Total time for which application threads were stopped: 0.0005128 seconds, Stopping threads took: 0.0000699 seconds
2016-11-15T08:15:54.055+0100: 9951.248: Total time for which application threads were stopped: 0.0005414 seconds, Stopping threads took: 0.0000739 seconds
2016-11-15T08:15:54.056+0100: 9951.249: Total time for which application threads were stopped: 0.0006216 seconds, Stopping threads took: 0.0000661 seconds
2016-11-15T08:15:54.057+0100: 9951.249: Total time for which application threads were stopped: 0.0005331 seconds, Stopping threads took: 0.0000641 seconds
2016-11-15T08:15:54.057+0100: 9951.250: Total time for which application threads were stopped: 0.0005208 seconds, Stopping threads took: 0.0000666 seconds
2016-11-15T08:15:54.058+0100: 9951.250: Total time for which application threads were stopped: 0.0005174 seconds, Stopping threads took: 0.0000625 seconds
2016-11-15T08:15:54.059+0100: 9951.251: Total time for which application threads were stopped: 0.0004933 seconds, Stopping threads took: 0.0000350 seconds
2016-11-15T08:15:54.059+0100: 9951.252: Total time for which application threads were stopped: 0.0005592 seconds, Stopping threads took: 0.0001022 seconds
2016-11-15T08:15:54.060+0100: 9951.252: Total time for which application threads were stopped: 0.0005265 seconds, Stopping threads took: 0.0000810 seconds
2016-11-15T08:15:54.061+0100: 9951.253: Total time for which application threads were stopped: 0.0005171 seconds, Stopping threads took: 0.0000616 seconds
2016-11-15T08:15:54.061+0100: 9951.254: Total time for which application threads were stopped: 0.0005098 seconds, Stopping threads took: 0.0000549 seconds
2016-11-15T08:15:54.062+0100: 9951.254: Total time for which application threads were stopped: 0.0005058 seconds, Stopping threads took: 0.0000484 seconds
2016-11-15T08:15:54.062+0100: 9951.255: Total time for which application threads were stopped: 0.0005193 seconds, Stopping threads took: 0.0000599 seconds
2016-11-15T08:15:54.063+0100: 9951.255: Total time for which application threads were stopped: 0.0005339 seconds, Stopping threads took: 0.0000641 seconds
2016-11-15T08:15:54.064+0100: 9951.256: Total time for which application threads were stopped: 0.0004982 seconds, Stopping threads took: 0.0000360 seconds
2016-11-15T08:15:54.066+0100: 9951.259: Total time for which application threads were stopped: 0.0026488 seconds, Stopping threads took: 0.0000634 seconds
2016-11-15T08:15:54.077+0100: 9951.269: Total time for which application threads were stopped: 0.0023527 seconds, Stopping threads took: 0.0000774 seconds
2016-11-15T08:15:54.079+0100: 9951.271: Total time for which application threads were stopped: 0.0006533 seconds, Stopping threads took: 0.0000518 seconds
2016-11-15T08:15:54.080+0100: 9951.272: [GC concurrent-string-deduplication, 1413.3K->181.4K(1231.9K), avg 59.2%, 0.0117373 secs]
2016-11-15T08:15:54.160+0100: 9951.353: Total time for which application threads were stopped: 0.0026726 seconds, Stopping threads took: 0.0000687 seconds
2016-11-15T08:16:15.163+0100: 9972.356: Total time for which application threads were stopped: 0.0010998 seconds, Stopping threads took: 0.0001474 seconds
2016-11-15T08:16:18.164+0100: 9975.357: Total time for which application threads were stopped: 0.0010814 seconds, Stopping threads took: 0.0001539 seconds
2016-11-15T08:16:22.166+0100: 9979.358: Total time for which application threads were stopped: 0.0009791 seconds, Stopping threads took: 0.0001542 seconds
2016-11-15T08:16:23.303+0100: 9980.495: Total time for which application threads were stopped: 0.0009949 seconds, Stopping threads took: 0.0001434 seconds
2016-11-15T08:16:23.304+0100: 9980.496: Total time for which application threads were stopped: 0.0004495 seconds, Stopping threads took: 0.0000325 seconds
2016-11-15T08:16:23.304+0100: 9980.497: Total time for which application threads were stopped: 0.0004384 seconds, Stopping threads took: 0.0000297 seconds
2016-11-15T08:16:23.368+0100: 9980.561: Total time for which application threads were stopped: 0.0006398 seconds, Stopping threads took: 0.0000622 seconds
2016-11-15T08:16:28.341+0100: 9985.534: Total time for which application threads were stopped: 0.0011352 seconds, Stopping threads took: 0.0001602 seconds
2016-11-15T08:16:28.342+0100: 9985.534: Total time for which application threads were stopped: 0.0004789 seconds, Stopping threads took: 0.0000324 seconds
2016-11-15T08:16:28.343+0100: 9985.535: Total time for which application threads were stopped: 0.0004655 seconds, Stopping threads took: 0.0000304 seconds
2016-11-15T08:16:28.511+0100: 9985.703: Total time for which application threads were stopped: 0.0006598 seconds, Stopping threads took: 0.0000750 seconds
2016-11-15T08:16:38.745+0100: 9995.938: Total time for which application threads were stopped: 0.0011696 seconds, Stopping threads took: 0.0001881 seconds
2016-11-15T08:16:38.746+0100: 9995.939: Total time for which application threads were stopped: 0.0006160 seconds, Stopping threads took: 0.0001609 seconds
2016-11-15T08:16:38.747+0100: 9995.939: Total time for which application threads were stopped: 0.0005291 seconds, Stopping threads took: 0.0000702 seconds
2016-11-15T08:16:38.809+0100: 9996.001: Total time for which application threads were stopped: 0.0006389 seconds, Stopping threads took: 0.0000536 seconds
2016-11-15T08:17:18.610+0100: 10035.802: Total time for which application threads were stopped: 0.0012470 seconds, Stopping threads took: 0.0003170 seconds
2016-11-15T08:17:18.611+0100: 10035.804: Total time for which application threads were stopped: 0.0005839 seconds, Stopping threads took: 0.0001153 seconds
2016-11-15T08:17:18.612+0100: 10035.804: Total time for which application threads were stopped: 0.0005228 seconds, Stopping threads took: 0.0001205 seconds
2016-11-15T08:17:18.838+0100: 10036.030: Total time for which application threads were stopped: 0.0007472 seconds, Stopping threads took: 0.0000875 seconds
2016-11-15T08:17:24.839+0100: 10042.032: Total time for which application threads were stopped: 0.0011095 seconds, Stopping threads took: 0.0001588 seconds
2016-11-15T08:17:25.840+0100: 10043.033: Total time for which application threads were stopped: 0.0010465 seconds, Stopping threads took: 0.0001649 seconds
2016-11-15T08:17:26.822+0100: 10044.015: Total time for which application threads were stopped: 0.0009618 seconds, Stopping threads took: 0.0001404 seconds
2016-11-15T08:17:26.823+0100: 10044.016: Total time for which application threads were stopped: 0.0004798 seconds, Stopping threads took: 0.0000398 seconds
2016-11-15T08:17:26.824+0100: 10044.016: Total time for which application threads were stopped: 0.0004441 seconds, Stopping threads took: 0.0000342 seconds
2016-11-15T08:17:28.234+0100: 10045.427: Total time for which application threads were stopped: 0.0010457 seconds, Stopping threads took: 0.0001392 seconds
2016-11-15T08:17:39.236+0100: 10056.429: Total time for which application threads were stopped: 0.0009977 seconds, Stopping threads took: 0.0001533 seconds
2016-11-15T08:17:49.767+0100: 10066.959: Total time for which application threads were stopped: 0.0011088 seconds, Stopping threads took: 0.0001519 seconds
2016-11-15T08:17:49.768+0100: 10066.960: Total time for which application threads were stopped: 0.0004518 seconds, Stopping threads took: 0.0000292 seconds
2016-11-15T08:17:49.768+0100: 10066.961: Total time for which application threads were stopped: 0.0004670 seconds, Stopping threads took: 0.0000291 seconds
2016-11-15T08:17:50.024+0100: 10067.217: Total time for which application threads were stopped: 0.0007310 seconds, Stopping threads took: 0.0000819 seconds
2016-11-15T08:17:50.025+0100: 10067.218: Total time for which application threads were stopped: 0.0004591 seconds, Stopping threads took: 0.0000326 seconds
2016-11-15T08:17:50.026+0100: 10067.218: Total time for which application threads were stopped: 0.0004586 seconds, Stopping threads took: 0.0000290 seconds
2016-11-15T08:17:50.139+0100: 10067.331: Total time for which application threads were stopped: 0.0007854 seconds, Stopping threads took: 0.0000936 seconds
2016-11-15T08:17:51.140+0100: 10068.333: Total time for which application threads were stopped: 0.0009584 seconds, Stopping threads took: 0.0001488 seconds
2016-11-15T08:17:51.910+0100: 10069.102: Total time for which application threads were stopped: 0.0009851 seconds, Stopping threads took: 0.0001217 seconds
2016-11-15T08:17:51.914+0100: 10069.107: Total time for which application threads were stopped: 0.0028121 seconds, Stopping threads took: 0.0001425 seconds
2016-11-15T08:17:51.921+0100: 10069.113: Total time for which application threads were stopped: 0.0008065 seconds, Stopping threads took: 0.0001410 seconds
2016-11-15T08:17:51.923+0100: 10069.116: Total time for which application threads were stopped: 0.0024193 seconds, Stopping threads took: 0.0000601 seconds
2016-11-15T08:17:51.924+0100: 10069.117: Total time for which application threads were stopped: 0.0006689 seconds, Stopping threads took: 0.0000995 seconds
2016-11-15T08:17:51.930+0100: 10069.123: Total time for which application threads were stopped: 0.0005277 seconds, Stopping threads took: 0.0000503 seconds
2016-11-15T08:17:51.932+0100: 10069.124: Total time for which application threads were stopped: 0.0005269 seconds, Stopping threads took: 0.0000501 seconds
2016-11-15T08:17:51.932+0100: 10069.125: Total time for which application threads were stopped: 0.0004697 seconds, Stopping threads took: 0.0000337 seconds
2016-11-15T08:17:51.937+0100: 10069.130: Total time for which application threads were stopped: 0.0006197 seconds, Stopping threads took: 0.0001585 seconds
2016-11-15T08:17:51.938+0100: 10069.130: Total time for which application threads were stopped: 0.0005465 seconds, Stopping threads took: 0.0000911 seconds
2016-11-15T08:17:55.939+0100: 10073.132: Total time for which application threads were stopped: 0.0010493 seconds, Stopping threads took: 0.0001520 seconds
2016-11-15T08:17:56.940+0100: 10074.133: Total time for which application threads were stopped: 0.0010798 seconds, Stopping threads took: 0.0001526 seconds
2016-11-15T08:17:57.192+0100: 10074.384: Total time for which application threads were stopped: 0.0010302 seconds, Stopping threads took: 0.0001373 seconds
2016-11-15T08:17:59.193+0100: 10076.386: Total time for which application threads were stopped: 0.0011899 seconds, Stopping threads took: 0.0001519 seconds
2016-11-15T08:18:01.195+0100: 10078.387: Total time for which application threads were stopped: 0.0014271 seconds, Stopping threads took: 0.0001915 seconds
2016-11-15T08:18:03.586+0100: 10080.778: Total time for which application threads were stopped: 0.0011267 seconds, Stopping threads took: 0.0001556 seconds
2016-11-15T08:18:03.587+0100: 10080.779: Total time for which application threads were stopped: 0.0004854 seconds, Stopping threads took: 0.0000355 seconds
2016-11-15T08:18:03.587+0100: 10080.780: Total time for which application threads were stopped: 0.0004786 seconds, Stopping threads took: 0.0000283 seconds
2016-11-15T08:18:03.733+0100: 10080.926: Total time for which application threads were stopped: 0.0009247 seconds, Stopping threads took: 0.0001031 seconds
2016-11-15T08:18:07.193+0100: 10084.386: Total time for which application threads were stopped: 0.0011309 seconds, Stopping threads took: 0.0001539 seconds
2016-11-15T08:18:07.194+0100: 10084.387: Total time for which application threads were stopped: 0.0005146 seconds, Stopping threads took: 0.0000318 seconds
2016-11-15T08:18:10.528+0100: 10087.721: Total time for which application threads were stopped: 0.0030940 seconds, Stopping threads took: 0.0001520 seconds
2016-11-15T08:18:10.531+0100: 10087.724: Total time for which application threads were stopped: 0.0023214 seconds, Stopping threads took: 0.0001450 seconds
2016-11-15T08:18:10.533+0100: 10087.726: Total time for which application threads were stopped: 0.0020388 seconds, Stopping threads took: 0.0000930 seconds
2016-11-15T08:18:10.572+0100: 10087.765: Total time for which application threads were stopped: 0.0006454 seconds, Stopping threads took: 0.0000642 seconds
2016-11-15T08:18:10.573+0100: 10087.765: Total time for which application threads were stopped: 0.0004257 seconds, Stopping threads took: 0.0000298 seconds
2016-11-15T08:18:10.573+0100: 10087.766: Total time for which application threads were stopped: 0.0004445 seconds, Stopping threads took: 0.0000282 seconds
2016-11-15T08:18:10.754+0100: 10087.947: Total time for which application threads were stopped: 0.0005897 seconds, Stopping threads took: 0.0000647 seconds
2016-11-15T08:18:12.720+0100: 10089.912: Total time for which application threads were stopped: 0.0010893 seconds, Stopping threads took: 0.0001546 seconds
2016-11-15T08:18:12.720+0100: 10089.913: Total time for which application threads were stopped: 0.0004547 seconds, Stopping threads took: 0.0000343 seconds
2016-11-15T08:18:12.721+0100: 10089.913: Total time for which application threads were stopped: 0.0005150 seconds, Stopping threads took: 0.0000304 seconds
2016-11-15T08:18:12.740+0100: 10089.932: Total time for which application threads were stopped: 0.0005219 seconds, Stopping threads took: 0.0000489 seconds
2016-11-15T08:18:12.740+0100: 10089.933: Total time for which application threads were stopped: 0.0004365 seconds, Stopping threads took: 0.0000305 seconds
2016-11-15T08:18:12.741+0100: 10089.933: Total time for which application threads were stopped: 0.0004523 seconds, Stopping threads took: 0.0000306 seconds
2016-11-15T08:18:12.781+0100: 10089.973: Total time for which application threads were stopped: 0.0009786 seconds, Stopping threads took: 0.0001478 seconds
2016-11-15T08:18:12.782+0100: 10089.974: Total time for which application threads were stopped: 0.0004582 seconds, Stopping threads took: 0.0000478 seconds
2016-11-15T08:18:12.782+0100: 10089.975: Total time for which application threads were stopped: 0.0004406 seconds, Stopping threads took: 0.0000290 seconds
2016-11-15T08:18:12.802+0100: 10089.994: Total time for which application threads were stopped: 0.0005314 seconds, Stopping threads took: 0.0000596 seconds
2016-11-15T08:18:12.875+0100: 10090.067: Total time for which application threads were stopped: 0.0010235 seconds, Stopping threads took: 0.0001435 seconds
2016-11-15T08:18:19.876+0100: 10097.069: Total time for which application threads were stopped: 0.0010192 seconds, Stopping threads took: 0.0001559 seconds
2016-11-15T08:18:26.132+0100: 10103.325: Total time for which application threads were stopped: 0.0010729 seconds, Stopping threads took: 0.0001530 seconds
2016-11-15T08:18:26.133+0100: 10103.325: Total time for which application threads were stopped: 0.0004787 seconds, Stopping threads took: 0.0000333 seconds
2016-11-15T08:18:26.133+0100: 10103.326: Total time for which application threads were stopped: 0.0004542 seconds, Stopping threads took: 0.0000335 seconds
2016-11-15T08:18:26.142+0100: 10103.335: Total time for which application threads were stopped: 0.0005127 seconds, Stopping threads took: 0.0000611 seconds
2016-11-15T08:18:26.143+0100: 10103.336: Total time for which application threads were stopped: 0.0004377 seconds, Stopping threads took: 0.0000352 seconds
2016-11-15T08:18:26.144+0100: 10103.336: Total time for which application threads were stopped: 0.0004369 seconds, Stopping threads took: 0.0000275 seconds
2016-11-15T08:18:26.185+0100: 10103.377: Total time for which application threads were stopped: 0.0005843 seconds, Stopping threads took: 0.0000615 seconds
2016-11-15T08:18:26.309+0100: 10103.502: Total time for which application threads were stopped: 0.0007081 seconds, Stopping threads took: 0.0001224 seconds
2016-11-15T08:18:26.411+0100: 10103.604: Total time for which application threads were stopped: 0.0007475 seconds, Stopping threads took: 0.0000967 seconds
2016-11-15T08:18:26.412+0100: 10103.605: Total time for which application threads were stopped: 0.0004687 seconds, Stopping threads took: 0.0000351 seconds
2016-11-15T08:18:26.413+0100: 10103.605: Total time for which application threads were stopped: 0.0004335 seconds, Stopping threads took: 0.0000280 seconds
2016-11-15T08:18:26.759+0100: 10103.951: Total time for which application threads were stopped: 0.0007907 seconds, Stopping threads took: 0.0001044 seconds
2016-11-15T08:18:30.554+0100: 10107.746: Total time for which application threads were stopped: 0.0012091 seconds, Stopping threads took: 0.0001493 seconds
2016-11-15T08:18:30.554+0100: 10107.747: Total time for which application threads were stopped: 0.0005273 seconds, Stopping threads took: 0.0000428 seconds
2016-11-15T08:18:30.555+0100: 10107.747: Total time for which application threads were stopped: 0.0005156 seconds, Stopping threads took: 0.0000331 seconds
2016-11-15T08:18:30.728+0100: 10107.921: Total time for which application threads were stopped: 0.0007610 seconds, Stopping threads took: 0.0000990 seconds
2016-11-15T08:18:31.337+0100: 10108.529: Total time for which application threads were stopped: 0.0010987 seconds, Stopping threads took: 0.0001445 seconds
2016-11-15T08:18:31.337+0100: 10108.530: Total time for which application threads were stopped: 0.0004693 seconds, Stopping threads took: 0.0000340 seconds
2016-11-15T08:18:31.338+0100: 10108.530: Total time for which application threads were stopped: 0.0004789 seconds, Stopping threads took: 0.0000354 seconds
2016-11-15T08:18:31.475+0100: 10108.668: Total time for which application threads were stopped: 0.0006110 seconds, Stopping threads took: 0.0000633 seconds
2016-11-15T08:18:47.875+0100: 10125.067: Total time for which application threads were stopped: 0.0010954 seconds, Stopping threads took: 0.0001536 seconds
2016-11-15T08:18:47.875+0100: 10125.068: Total time for which application threads were stopped: 0.0004416 seconds, Stopping threads took: 0.0000314 seconds
2016-11-15T08:18:47.876+0100: 10125.068: Total time for which application threads were stopped: 0.0004506 seconds, Stopping threads took: 0.0000344 seconds
2016-11-15T08:18:48.016+0100: 10125.209: Total time for which application threads were stopped: 0.0007356 seconds, Stopping threads took: 0.0000870 seconds
2016-11-15T08:18:54.272+0100: 10131.464: Total time for which application threads were stopped: 0.0011263 seconds, Stopping threads took: 0.0001498 seconds
2016-11-15T08:18:54.273+0100: 10131.465: Total time for which application threads were stopped: 0.0005040 seconds, Stopping threads took: 0.0000367 seconds
2016-11-15T08:18:54.273+0100: 10131.466: Total time for which application threads were stopped: 0.0004718 seconds, Stopping threads took: 0.0000287 seconds
2016-11-15T08:18:54.412+0100: 10131.605: Total time for which application threads were stopped: 0.0009946 seconds, Stopping threads took: 0.0001186 seconds
2016-11-15T08:18:56.414+0100: 10133.606: Total time for which application threads were stopped: 0.0009788 seconds, Stopping threads took: 0.0001566 seconds
2016-11-15T08:19:09.175+0100: 10146.368: Total time for which application threads were stopped: 0.0010410 seconds, Stopping threads took: 0.0001522 seconds
2016-11-15T08:19:09.176+0100: 10146.368: Total time for which application threads were stopped: 0.0004441 seconds, Stopping threads took: 0.0000321 seconds
2016-11-15T08:19:09.176+0100: 10146.369: Total time for which application threads were stopped: 0.0004380 seconds, Stopping threads took: 0.0000299 seconds
2016-11-15T08:19:09.779+0100: 10146.972: Total time for which application threads were stopped: 0.0011172 seconds, Stopping threads took: 0.0001457 seconds
2016-11-15T08:19:10.510+0100: 10147.702: [GC pause (G1 Evacuation Pause) (young)
Desired survivor size 80740352 bytes, new threshold 15 (max 15)
- age   1:    4853760 bytes,    4853760 total
- age   2:    7169504 bytes,   12023264 total
- age   3:   13013496 bytes,   25036760 total
- age   4:    3027208 bytes,   28063968 total
- age   5:    8543496 bytes,   36607464 total
- age   6:   18409624 bytes,   55017088 total
- age   7:   12651488 bytes,   67668576 total
- age   8:   12890864 bytes,   80559440 total
2016-11-15T08:19:10.564+0100: 10147.757: [SoftReference, 877 refs, 0.0055521 secs]2016-11-15T08:19:10.570+0100: 10147.762: [WeakReference, 943 refs, 0.0033620 secs]2016-11-15T08:19:10.573+0100: 10147.766: [FinalReference, 2008 refs, 0.0034180 secs]2016-11-15T08:19:10.577+0100: 10147.769: [PhantomReference, 0 refs, 11 refs, 0.0062006 secs]2016-11-15T08:19:10.583+0100: 10147.775: [JNI Weak Reference, 0.0000607 secs], 0.0915144 secs]
   [Parallel Time: 48.1 ms, GC Workers: 43]
      [GC Worker Start (ms): Min: 10147703.0, Avg: 10147703.5, Max: 10147704.0, Diff: 1.0]
      [Ext Root Scanning (ms): Min: 1.4, Avg: 2.3, Max: 10.1, Diff: 8.6, Sum: 100.5]
      [Update RS (ms): Min: 0.0, Avg: 4.3, Max: 6.0, Diff: 6.0, Sum: 184.6]
         [Processed Buffers: Min: 0, Avg: 3.1, Max: 12, Diff: 12, Sum: 135]
      [Scan RS (ms): Min: 0.1, Avg: 0.6, Max: 1.5, Diff: 1.4, Sum: 26.9]
      [Code Root Scanning (ms): Min: 0.0, Avg: 1.3, Max: 2.6, Diff: 2.6, Sum: 55.6]
      [Object Copy (ms): Min: 36.3, Avg: 37.4, Max: 39.1, Diff: 2.7, Sum: 1609.5]
      [Termination (ms): Min: 0.0, Avg: 0.2, Max: 0.2, Diff: 0.2, Sum: 6.7]
         [Termination Attempts: Min: 1, Avg: 32.4, Max: 61, Diff: 60, Sum: 1393]
      [GC Worker Other (ms): Min: 0.0, Avg: 0.4, Max: 0.9, Diff: 0.8, Sum: 17.6]
      [GC Worker Total (ms): Min: 45.9, Avg: 46.5, Max: 47.4, Diff: 1.6, Sum: 2001.5]
      [GC Worker End (ms): Min: 10147749.7, Avg: 10147750.1, Max: 10147750.6, Diff: 0.8]
   [Code Root Fixup: 3.7 ms]
   [Code Root Purge: 0.2 ms]
   [String Dedup Fixup: 2.6 ms, GC Workers: 43]
      [Queue Fixup (ms): Min: 0.0, Avg: 0.0, Max: 0.1, Diff: 0.1, Sum: 0.7]
      [Table Fixup (ms): Min: 1.0, Avg: 1.5, Max: 1.9, Diff: 0.9, Sum: 63.6]
   [Clear CT: 6.9 ms]
   [Other: 30.0 ms]
      [Choose CSet: 0.0 ms]
      [Ref Proc: 20.8 ms]
      [Ref Enq: 1.3 ms]
      [Redirty Cards: 1.3 ms]
      [Humongous Register: 0.2 ms]
      [Humongous Reclaim: 0.1 ms]
      [Free CSet: 5.6 ms]
   [Eden: 1116.0M(1116.0M)->0.0B(1122.0M) Survivors: 112.0M->106.0M Heap: 1654.9M(2048.0M)->531.9M(2048.0M)]
 [Times: user=2.36 sys=0.05, real=0.09 secs] 
2016-11-15T08:19:10.602+0100: 10147.794: Total time for which application threads were stopped: 0.0932696 seconds, Stopping threads took: 0.0001600 seconds
2016-11-15T08:19:10.603+0100: 10147.796: Total time for which application threads were stopped: 0.0010495 seconds, Stopping threads took: 0.0001335 seconds
2016-11-15T08:19:10.604+0100: 10147.797: Total time for which application threads were stopped: 0.0005676 seconds, Stopping threads took: 0.0000894 seconds
2016-11-15T08:19:10.605+0100: 10147.797: Total time for which application threads were stopped: 0.0005422 seconds, Stopping threads took: 0.0000757 seconds
2016-11-15T08:19:10.605+0100: 10147.798: Total time for which application threads were stopped: 0.0005245 seconds, Stopping threads took: 0.0000670 seconds
2016-11-15T08:19:10.606+0100: 10147.798: Total time for which application threads were stopped: 0.0005265 seconds, Stopping threads took: 0.0000660 seconds
2016-11-15T08:19:10.607+0100: 10147.799: Total time for which application threads were stopped: 0.0005317 seconds, Stopping threads took: 0.0000690 seconds
2016-11-15T08:19:10.607+0100: 10147.800: Total time for which application threads were stopped: 0.0005255 seconds, Stopping threads took: 0.0000625 seconds
2016-11-15T08:19:10.614+0100: 10147.806: [GC concurrent-string-deduplication, 1060.0K->34.4K(1025.5K), avg 60.3%, 0.0070923 secs]
2016-11-15T08:19:11.608+0100: 10148.801: Total time for which application threads were stopped: 0.0011633 seconds, Stopping threads took: 0.0002033 seconds
2016-11-15T08:19:12.436+0100: 10149.629: [GC pause (G1 Evacuation Pause) (young)
Desired survivor size 80740352 bytes, new threshold 9 (max 15)
- age   1:    2756688 bytes,    2756688 total
- age   2:    4560928 bytes,    7317616 total
- age   3:    7168984 bytes,   14486600 total
- age   4:   11748120 bytes,   26234720 total
- age   5:    2870024 bytes,   29104744 total
- age   6:    8505552 bytes,   37610296 total
- age   7:   18403456 bytes,   56013752 total
- age   8:   12603184 bytes,   68616936 total
- age   9:   12593432 bytes,   81210368 total
2016-11-15T08:19:12.497+0100: 10149.689: [SoftReference, 369 refs, 0.0055886 secs]2016-11-15T08:19:12.503+0100: 10149.695: [WeakReference, 984 refs, 0.0034868 secs]2016-11-15T08:19:12.506+0100: 10149.698: [FinalReference, 1611 refs, 0.0033313 secs]2016-11-15T08:19:12.509+0100: 10149.702: [PhantomReference, 0 refs, 12 refs, 0.0062546 secs]2016-11-15T08:19:12.516+0100: 10149.708: [JNI Weak Reference, 0.0000547 secs], 0.0980358 secs]
   [Parallel Time: 54.8 ms, GC Workers: 43]
      [GC Worker Start (ms): Min: 10149629.1, Avg: 10149629.8, Max: 10149630.3, Diff: 1.2]
      [Ext Root Scanning (ms): Min: 1.3, Avg: 2.3, Max: 12.7, Diff: 11.4, Sum: 99.4]
      [Update RS (ms): Min: 0.0, Avg: 4.1, Max: 5.9, Diff: 5.9, Sum: 178.3]
         [Processed Buffers: Min: 0, Avg: 1.9, Max: 8, Diff: 8, Sum: 81]
      [Scan RS (ms): Min: 0.1, Avg: 0.7, Max: 1.8, Diff: 1.7, Sum: 29.8]
      [Code Root Scanning (ms): Min: 0.0, Avg: 2.4, Max: 5.7, Diff: 5.7, Sum: 105.2]
      [Object Copy (ms): Min: 39.9, Avg: 43.0, Max: 45.8, Diff: 5.9, Sum: 1850.8]
      [Termination (ms): Min: 0.0, Avg: 0.4, Max: 0.6, Diff: 0.6, Sum: 19.3]
         [Termination Attempts: Min: 1, Avg: 91.2, Max: 129, Diff: 128, Sum: 3920]
      [GC Worker Other (ms): Min: 0.0, Avg: 0.4, Max: 0.9, Diff: 0.9, Sum: 18.3]
      [GC Worker Total (ms): Min: 52.7, Avg: 53.5, Max: 54.5, Diff: 1.9, Sum: 2301.0]
      [GC Worker End (ms): Min: 10149682.9, Avg: 10149683.3, Max: 10149683.8, Diff: 0.9]
   [Code Root Fixup: 3.7 ms]
   [Code Root Purge: 0.2 ms]
   [String Dedup Fixup: 2.4 ms, GC Workers: 43]
      [Queue Fixup (ms): Min: 0.0, Avg: 0.0, Max: 0.1, Diff: 0.1, Sum: 0.3]
      [Table Fixup (ms): Min: 0.9, Avg: 1.4, Max: 1.9, Diff: 1.0, Sum: 61.8]
   [Clear CT: 7.3 ms]
   [Other: 29.7 ms]
      [Choose CSet: 0.0 ms]
      [Ref Proc: 20.6 ms]
      [Ref Enq: 1.3 ms]
      [Redirty Cards: 1.4 ms]
      [Humongous Register: 0.1 ms]
      [Humongous Reclaim: 0.0 ms]
      [Free CSet: 5.6 ms]
   [Eden: 1122.0M(1122.0M)->0.0B(1151.0M) Survivors: 106.0M->77.0M Heap: 1653.9M(2048.0M)->515.2M(2048.0M)]
 [Times: user=2.63 sys=0.04, real=0.09 secs] 
2016-11-15T08:19:12.535+0100: 10149.727: Total time for which application threads were stopped: 0.0997430 seconds, Stopping threads took: 0.0001532 seconds
2016-11-15T08:19:12.537+0100: 10149.729: [GC concurrent-string-deduplication, 206.6K->19.1K(187.6K), avg 60.4%, 0.0021515 secs]
2016-11-15T08:19:12.758+0100: 10149.951: Total time for which application threads were stopped: 0.0011860 seconds, Stopping threads took: 0.0001988 seconds
2016-11-15T08:19:12.765+0100: 10149.958: Total time for which application threads were stopped: 0.0006620 seconds, Stopping threads took: 0.0001294 seconds
2016-11-15T08:19:12.778+0100: 10149.970: Total time for which application threads were stopped: 0.0008242 seconds, Stopping threads took: 0.0001084 seconds
2016-11-15T08:19:13.664+0100: 10150.856: Total time for which application threads were stopped: 0.0011882 seconds, Stopping threads took: 0.0001944 seconds
2016-11-15T08:19:13.665+0100: 10150.857: Total time for which application threads were stopped: 0.0005351 seconds, Stopping threads took: 0.0000804 seconds
2016-11-15T08:19:13.665+0100: 10150.858: Total time for which application threads were stopped: 0.0005374 seconds, Stopping threads took: 0.0000760 seconds
2016-11-15T08:19:13.819+0100: 10151.011: Total time for which application threads were stopped: 0.0012711 seconds, Stopping threads took: 0.0001926 seconds
2016-11-15T08:19:14.422+0100: 10151.615: [GC pause (G1 Evacuation Pause) (young)
Desired survivor size 80740352 bytes, new threshold 15 (max 15)
- age   1:     238312 bytes,     238312 total
- age   2:    2694632 bytes,    2932944 total
- age   3:    4560928 bytes,    7493872 total
- age   4:    6118848 bytes,   13612720 total
- age   5:   11748120 bytes,   25360840 total
- age   6:    2870024 bytes,   28230864 total
- age   7:    8505552 bytes,   36736416 total
- age   8:   18403416 bytes,   55139832 total
- age   9:   12603184 bytes,   67743016 total
2016-11-15T08:19:14.475+0100: 10151.667: [SoftReference, 312 refs, 0.0050200 secs]2016-11-15T08:19:14.480+0100: 10151.672: [WeakReference, 318 refs, 0.0033698 secs]2016-11-15T08:19:14.483+0100: 10151.676: [FinalReference, 1487 refs, 0.0033722 secs]2016-11-15T08:19:14.487+0100: 10151.679: [PhantomReference, 0 refs, 8 refs, 0.0066061 secs]2016-11-15T08:19:14.493+0100: 10151.686: [JNI Weak Reference, 0.0000491 secs], 0.0888288 secs]
   [Parallel Time: 48.5 ms, GC Workers: 43]
      [GC Worker Start (ms): Min: 10151615.3, Avg: 10151615.9, Max: 10151616.4, Diff: 1.1]
      [Ext Root Scanning (ms): Min: 1.5, Avg: 2.4, Max: 7.7, Diff: 6.2, Sum: 103.9]
      [Update RS (ms): Min: 3.4, Avg: 7.1, Max: 8.6, Diff: 5.2, Sum: 304.5]
         [Processed Buffers: Min: 2, Avg: 3.8, Max: 10, Diff: 8, Sum: 162]
      [Scan RS (ms): Min: 0.1, Avg: 0.8, Max: 1.7, Diff: 1.6, Sum: 34.2]
      [Code Root Scanning (ms): Min: 0.0, Avg: 0.5, Max: 1.3, Diff: 1.3, Sum: 21.5]
      [Object Copy (ms): Min: 35.2, Avg: 35.8, Max: 36.5, Diff: 1.2, Sum: 1538.5]
      [Termination (ms): Min: 0.0, Avg: 0.2, Max: 0.3, Diff: 0.3, Sum: 9.5]
         [Termination Attempts: Min: 1, Avg: 45.1, Max: 68, Diff: 67, Sum: 1941]
      [GC Worker Other (ms): Min: 0.0, Avg: 0.4, Max: 1.0, Diff: 1.0, Sum: 18.7]
      [GC Worker Total (ms): Min: 46.4, Avg: 47.2, Max: 48.2, Diff: 1.7, Sum: 2030.8]
      [GC Worker End (ms): Min: 10151662.7, Avg: 10151663.1, Max: 10151663.7, Diff: 1.0]
   [Code Root Fixup: 1.6 ms]
   [Code Root Purge: 0.1 ms]
   [String Dedup Fixup: 2.7 ms, GC Workers: 43]
      [Queue Fixup (ms): Min: 0.0, Avg: 0.0, Max: 0.1, Diff: 0.1, Sum: 0.4]
      [Table Fixup (ms): Min: 0.8, Avg: 1.4, Max: 1.8, Diff: 1.0, Sum: 60.8]
   [Clear CT: 7.0 ms]
   [Other: 29.0 ms]
      [Choose CSet: 0.0 ms]
      [Ref Proc: 20.4 ms]
      [Ref Enq: 1.3 ms]
      [Redirty Cards: 1.3 ms]
      [Humongous Register: 0.2 ms]
      [Humongous Reclaim: 0.0 ms]
      [Free CSet: 5.0 ms]
   [Eden: 1151.0M(1151.0M)->0.0B(1141.0M) Survivors: 77.0M->87.0M Heap: 1666.2M(2048.0M)->525.2M(2048.0M)]
 [Times: user=2.40 sys=0.02, real=0.09 secs] 
2016-11-15T08:19:14.512+0100: 10151.704: Total time for which application threads were stopped: 0.0905607 seconds, Stopping threads took: 0.0001537 seconds
2016-11-15T08:19:14.514+0100: 10151.707: [GC concurrent-string-deduplication, 283.3K->4984.0B(278.5K), avg 60.7%, 0.0023360 secs]
2016-11-15T08:19:14.578+0100: 10151.770: Total time for which application threads were stopped: 0.0010944 seconds, Stopping threads took: 0.0001413 seconds
2016-11-15T08:19:14.579+0100: 10151.771: Total time for which application threads were stopped: 0.0005383 seconds, Stopping threads took: 0.0000857 seconds
2016-11-15T08:19:14.579+0100: 10151.772: Total time for which application threads were stopped: 0.0005295 seconds, Stopping threads took: 0.0000685 seconds
2016-11-15T08:19:14.818+0100: 10152.011: Total time for which application threads were stopped: 0.0033542 seconds, Stopping threads took: 0.0001961 seconds
2016-11-15T08:19:15.230+0100: 10152.422: Total time for which application threads were stopped: 0.0012009 seconds, Stopping threads took: 0.0001988 seconds
2016-11-15T08:19:16.410+0100: 10153.602: [GC pause (G1 Evacuation Pause) (young)
Desired survivor size 80740352 bytes, new threshold 15 (max 15)
- age   1:     476272 bytes,     476272 total
- age   2:     185312 bytes,     661584 total
- age   3:    2678496 bytes,    3340080 total
- age   4:    4368856 bytes,    7708936 total
- age   5:    6118824 bytes,   13827760 total
- age   6:   11747808 bytes,   25575568 total
- age   7:    2870024 bytes,   28445592 total
- age   8:    8505552 bytes,   36951144 total
- age   9:   18403304 bytes,   55354448 total
- age  10:   12603184 bytes,   67957632 total
2016-11-15T08:19:16.449+0100: 10153.642: [SoftReference, 402 refs, 0.0051419 secs]2016-11-15T08:19:16.454+0100: 10153.647: [WeakReference, 336 refs, 0.0040713 secs]2016-11-15T08:19:16.458+0100: 10153.651: [FinalReference, 1490 refs, 0.0033063 secs]2016-11-15T08:19:16.462+0100: 10153.654: [PhantomReference, 0 refs, 8 refs, 0.0070639 secs]2016-11-15T08:19:16.469+0100: 10153.661: [JNI Weak Reference, 0.0000439 secs], 0.0774828 secs]
   [Parallel Time: 35.3 ms, GC Workers: 43]
      [GC Worker Start (ms): Min: 10153602.8, Avg: 10153603.4, Max: 10153603.9, Diff: 1.0]
      [Ext Root Scanning (ms): Min: 1.7, Avg: 2.4, Max: 11.8, Diff: 10.1, Sum: 104.6]
      [Update RS (ms): Min: 0.0, Avg: 4.0, Max: 5.6, Diff: 5.6, Sum: 170.3]
         [Processed Buffers: Min: 0, Avg: 2.9, Max: 16, Diff: 16, Sum: 124]
      [Scan RS (ms): Min: 0.1, Avg: 0.7, Max: 1.8, Diff: 1.7, Sum: 28.0]
      [Code Root Scanning (ms): Min: 0.0, Avg: 0.5, Max: 1.2, Diff: 1.2, Sum: 22.3]
      [Object Copy (ms): Min: 21.6, Avg: 25.4, Max: 26.1, Diff: 4.5, Sum: 1093.0]
      [Termination (ms): Min: 0.0, Avg: 0.1, Max: 0.1, Diff: 0.1, Sum: 2.4]
         [Termination Attempts: Min: 1, Avg: 10.7, Max: 26, Diff: 25, Sum: 461]
      [GC Worker Other (ms): Min: 0.0, Avg: 0.4, Max: 1.0, Diff: 0.9, Sum: 19.3]
      [GC Worker Total (ms): Min: 32.6, Avg: 33.5, Max: 34.4, Diff: 1.8, Sum: 1439.9]
      [GC Worker End (ms): Min: 10153636.5, Avg: 10153636.9, Max: 10153637.4, Diff: 0.9]
   [Code Root Fixup: 1.6 ms]
   [Code Root Purge: 0.2 ms]
   [String Dedup Fixup: 2.3 ms, GC Workers: 43]
      [Queue Fixup (ms): Min: 0.0, Avg: 0.0, Max: 0.0, Diff: 0.0, Sum: 0.2]
      [Table Fixup (ms): Min: 0.9, Avg: 1.4, Max: 1.8, Diff: 0.9, Sum: 61.0]
   [Clear CT: 7.8 ms]
   [Other: 30.4 ms]
      [Choose CSet: 0.0 ms]
      [Ref Proc: 21.7 ms]
      [Ref Enq: 1.4 ms]
      [Redirty Cards: 1.4 ms]
      [Humongous Register: 0.1 ms]
      [Humongous Reclaim: 0.0 ms]
      [Free CSet: 5.1 ms]
   [Eden: 1141.0M(1141.0M)->0.0B(1150.0M) Survivors: 87.0M->78.0M Heap: 1666.2M(2048.0M)->516.7M(2048.0M)]
 [Times: user=1.85 sys=0.01, real=0.08 secs] 
2016-11-15T08:19:16.488+0100: 10153.680: Total time for which application threads were stopped: 0.0791759 seconds, Stopping threads took: 0.0001575 seconds
2016-11-15T08:19:16.489+0100: 10153.682: Total time for which application threads were stopped: 0.0011027 seconds, Stopping threads took: 0.0001947 seconds
2016-11-15T08:19:16.489+0100: 10153.682: [GC concurrent-string-deduplication, 52.6K->0.0B(52.6K), avg 60.8%, 0.0004210 secs]
2016-11-15T08:19:17.951+0100: 10155.143: Total time for which application threads were stopped: 0.0011507 seconds, Stopping threads took: 0.0001951 seconds
2016-11-15T08:19:18.952+0100: 10156.144: Total time for which application threads were stopped: 0.0010726 seconds, Stopping threads took: 0.0001566 seconds
2016-11-15T08:19:27.952+0100: 10165.145: Total time for which application threads were stopped: 0.0011111 seconds, Stopping threads took: 0.0001573 seconds
2016-11-15T08:19:27.953+0100: 10165.145: Total time for which application threads were stopped: 0.0004557 seconds, Stopping threads took: 0.0000324 seconds
2016-11-15T08:19:33.243+0100: 10170.436: [GC pause (G1 Evacuation Pause) (young)
Desired survivor size 80740352 bytes, new threshold 15 (max 15)
- age   1:     298496 bytes,     298496 total
- age   2:     381248 bytes,     679744 total
- age   3:     184624 bytes,     864368 total
- age   4:    2383088 bytes,    3247456 total
- age   5:    4368856 bytes,    7616312 total
- age   6:    6118824 bytes,   13735136 total
- age   7:   11747768 bytes,   25482904 total
- age   8:    2870024 bytes,   28352928 total
- age   9:    8505552 bytes,   36858480 total
- age  10:   18403304 bytes,   55261784 total
- age  11:   12603184 bytes,   67864968 total
2016-11-15T08:19:33.288+0100: 10170.480: [SoftReference, 302 refs, 0.0052174 secs]2016-11-15T08:19:33.293+0100: 10170.485: [WeakReference, 352 refs, 0.0035515 secs]2016-11-15T08:19:33.296+0100: 10170.489: [FinalReference, 1403 refs, 0.0031856 secs]2016-11-15T08:19:33.300+0100: 10170.492: [PhantomReference, 0 refs, 8 refs, 0.0059128 secs]2016-11-15T08:19:33.306+0100: 10170.498: [JNI Weak Reference, 0.0000473 secs], 0.0800305 secs]
   [Parallel Time: 40.0 ms, GC Workers: 43]
      [GC Worker Start (ms): Min: 10170436.4, Avg: 10170437.0, Max: 10170437.5, Diff: 1.0]
      [Ext Root Scanning (ms): Min: 1.6, Avg: 2.5, Max: 9.0, Diff: 7.4, Sum: 108.7]
      [Update RS (ms): Min: 0.0, Avg: 4.2, Max: 5.7, Diff: 5.7, Sum: 182.4]
         [Processed Buffers: Min: 0, Avg: 4.7, Max: 21, Diff: 21, Sum: 204]
      [Scan RS (ms): Min: 0.1, Avg: 0.7, Max: 1.2, Diff: 1.1, Sum: 28.3]
      [Code Root Scanning (ms): Min: 0.0, Avg: 0.5, Max: 1.2, Diff: 1.2, Sum: 22.5]
      [Object Copy (ms): Min: 29.6, Avg: 30.5, Max: 31.4, Diff: 1.7, Sum: 1311.4]
      [Termination (ms): Min: 0.0, Avg: 0.0, Max: 0.0, Diff: 0.0, Sum: 0.9]
         [Termination Attempts: Min: 1, Avg: 1.3, Max: 3, Diff: 2, Sum: 58]
      [GC Worker Other (ms): Min: 0.0, Avg: 0.4, Max: 1.0, Diff: 0.9, Sum: 18.8]
      [GC Worker Total (ms): Min: 38.1, Avg: 38.9, Max: 39.7, Diff: 1.6, Sum: 1673.1]
      [GC Worker End (ms): Min: 10170475.5, Avg: 10170475.9, Max: 10170476.4, Diff: 0.9]
   [Code Root Fixup: 1.7 ms]
   [Code Root Purge: 0.2 ms]
   [String Dedup Fixup: 2.9 ms, GC Workers: 43]
      [Queue Fixup (ms): Min: 0.0, Avg: 0.0, Max: 0.0, Diff: 0.0, Sum: 0.2]
      [Table Fixup (ms): Min: 0.0, Avg: 1.4, Max: 1.9, Diff: 1.9, Sum: 58.1]
   [Clear CT: 6.6 ms]
   [Other: 28.7 ms]
      [Choose CSet: 0.0 ms]
      [Ref Proc: 19.9 ms]
      [Ref Enq: 1.3 ms]
      [Redirty Cards: 1.3 ms]
      [Humongous Register: 0.2 ms]
      [Humongous Reclaim: 0.1 ms]
      [Free CSet: 5.1 ms]
   [Eden: 1150.0M(1150.0M)->0.0B(1151.0M) Survivors: 78.0M->77.0M Heap: 1667.7M(2048.0M)->516.2M(2048.0M)]
 [Times: user=2.01 sys=0.05, real=0.08 secs] 
2016-11-15T08:19:33.324+0100: 10170.516: Total time for which application threads were stopped: 0.0817858 seconds, Stopping threads took: 0.0001974 seconds
2016-11-15T08:19:33.324+0100: 10170.517: [GC concurrent-string-deduplication, 55.6K->1744.0B(53.9K), avg 60.8%, 0.0004249 secs]
2016-11-15T08:19:38.325+0100: 10175.518: Total time for which application threads were stopped: 0.0010947 seconds, Stopping threads took: 0.0001610 seconds
2016-11-15T08:19:40.327+0100: 10177.519: Total time for which application threads were stopped: 0.0010681 seconds, Stopping threads took: 0.0001499 seconds
2016-11-15T08:19:47.328+0100: 10184.521: Total time for which application threads were stopped: 0.0010477 seconds, Stopping threads took: 0.0001537 seconds
2016-11-15T08:19:48.329+0100: 10185.522: Total time for which application threads were stopped: 0.0010476 seconds, Stopping threads took: 0.0001692 seconds
2016-11-15T08:19:49.382+0100: 10186.574: Total time for which application threads were stopped: 0.0010517 seconds, Stopping threads took: 0.0001479 seconds
2016-11-15T08:19:49.382+0100: 10186.575: Total time for which application threads were stopped: 0.0004463 seconds, Stopping threads took: 0.0000289 seconds
2016-11-15T08:19:49.383+0100: 10186.575: Total time for which application threads were stopped: 0.0004478 seconds, Stopping threads took: 0.0000277 seconds
2016-11-15T08:19:49.469+0100: 10186.661: Total time for which application threads were stopped: 0.0005632 seconds, Stopping threads took: 0.0000541 seconds
2016-11-15T08:19:49.470+0100: 10186.662: Total time for which application threads were stopped: 0.0004453 seconds, Stopping threads took: 0.0000335 seconds
2016-11-15T08:19:49.470+0100: 10186.663: Total time for which application threads were stopped: 0.0004493 seconds, Stopping threads took: 0.0000315 seconds
2016-11-15T08:19:49.507+0100: 10186.700: Total time for which application threads were stopped: 0.0006479 seconds, Stopping threads took: 0.0000674 seconds
2016-11-15T08:19:58.509+0100: 10195.702: Total time for which application threads were stopped: 0.0012352 seconds, Stopping threads took: 0.0001994 seconds
2016-11-15T08:20:04.511+0100: 10201.703: Total time for which application threads were stopped: 0.0012259 seconds, Stopping threads took: 0.0001658 seconds
2016-11-15T08:20:05.512+0100: 10202.705: Total time for which application threads were stopped: 0.0010884 seconds, Stopping threads took: 0.0001476 seconds
2016-11-15T08:20:06.513+0100: 10203.706: Total time for which application threads were stopped: 0.0010890 seconds, Stopping threads took: 0.0001585 seconds
2016-11-15T08:20:07.515+0100: 10204.707: Total time for which application threads were stopped: 0.0010836 seconds, Stopping threads took: 0.0001469 seconds
2016-11-15T08:20:12.516+0100: 10209.708: Total time for which application threads were stopped: 0.0011443 seconds, Stopping threads took: 0.0001937 seconds
2016-11-15T08:20:14.648+0100: 10211.841: Total time for which application threads were stopped: 0.0011663 seconds, Stopping threads took: 0.0001545 seconds
2016-11-15T08:20:14.879+0100: 10212.071: Total time for which application threads were stopped: 0.0006907 seconds, Stopping threads took: 0.0000694 seconds
2016-11-15T08:20:14.881+0100: 10212.073: Total time for which application threads were stopped: 0.0006437 seconds, Stopping threads took: 0.0001078 seconds
2016-11-15T08:20:14.882+0100: 10212.074: Total time for which application threads were stopped: 0.0010135 seconds, Stopping threads took: 0.0001668 seconds
2016-11-15T08:20:14.883+0100: 10212.076: Total time for which application threads were stopped: 0.0005922 seconds, Stopping threads took: 0.0000802 seconds
2016-11-15T08:20:14.884+0100: 10212.076: Total time for which application threads were stopped: 0.0005618 seconds, Stopping threads took: 0.0000704 seconds
2016-11-15T08:20:14.885+0100: 10212.077: Total time for which application threads were stopped: 0.0005611 seconds, Stopping threads took: 0.0000662 seconds
2016-11-15T08:20:14.885+0100: 10212.078: Total time for which application threads were stopped: 0.0005150 seconds, Stopping threads took: 0.0000433 seconds
2016-11-15T08:20:14.886+0100: 10212.078: Total time for which application threads were stopped: 0.0005526 seconds, Stopping threads took: 0.0000587 seconds
2016-11-15T08:20:14.890+0100: 10212.082: Total time for which application threads were stopped: 0.0005226 seconds, Stopping threads took: 0.0000540 seconds
2016-11-15T08:20:19.888+0100: 10217.080: Total time for which application threads were stopped: 0.0012967 seconds, Stopping threads took: 0.0001561 seconds
2016-11-15T08:20:21.889+0100: 10219.082: Total time for which application threads were stopped: 0.0011158 seconds, Stopping threads took: 0.0001533 seconds
2016-11-15T08:20:22.890+0100: 10220.083: Total time for which application threads were stopped: 0.0009647 seconds, Stopping threads took: 0.0001439 seconds
2016-11-15T08:20:25.892+0100: 10223.084: Total time for which application threads were stopped: 0.0010618 seconds, Stopping threads took: 0.0001478 seconds
2016-11-15T08:20:33.892+0100: 10231.084: Total time for which application threads were stopped: 0.0011888 seconds, Stopping threads took: 0.0001518 seconds
2016-11-15T08:20:33.893+0100: 10231.085: Total time for which application threads were stopped: 0.0004891 seconds, Stopping threads took: 0.0000333 seconds
2016-11-15T08:20:33.893+0100: 10231.086: Total time for which application threads were stopped: 0.0005082 seconds, Stopping threads took: 0.0000310 seconds
2016-11-15T08:20:34.118+0100: 10231.310: Total time for which application threads were stopped: 0.0007759 seconds, Stopping threads took: 0.0000845 seconds
2016-11-15T08:20:40.119+0100: 10237.312: Total time for which application threads were stopped: 0.0010122 seconds, Stopping threads took: 0.0001597 seconds
2016-11-15T08:20:44.890+0100: 10242.083: Total time for which application threads were stopped: 0.0009965 seconds, Stopping threads took: 0.0001512 seconds
2016-11-15T08:20:45.839+0100: 10243.031: Total time for which application threads were stopped: 0.0011036 seconds, Stopping threads took: 0.0001473 seconds
2016-11-15T08:20:45.840+0100: 10243.032: Total time for which application threads were stopped: 0.0004919 seconds, Stopping threads took: 0.0000342 seconds
2016-11-15T08:20:45.840+0100: 10243.033: Total time for which application threads were stopped: 0.0004674 seconds, Stopping threads took: 0.0000299 seconds
2016-11-15T08:20:45.979+0100: 10243.171: Total time for which application threads were stopped: 0.0006221 seconds, Stopping threads took: 0.0000694 seconds
2016-11-15T08:20:47.980+0100: 10245.173: Total time for which application threads were stopped: 0.0011303 seconds, Stopping threads took: 0.0001630 seconds
2016-11-15T08:20:48.870+0100: 10246.062: Total time for which application threads were stopped: 0.0012781 seconds, Stopping threads took: 0.0002174 seconds
2016-11-15T08:20:50.027+0100: 10247.219: Total time for which application threads were stopped: 0.0010195 seconds, Stopping threads took: 0.0001558 seconds
2016-11-15T08:20:50.028+0100: 10247.220: Total time for which application threads were stopped: 0.0004897 seconds, Stopping threads took: 0.0000426 seconds
2016-11-15T08:20:50.028+0100: 10247.221: Total time for which application threads were stopped: 0.0004368 seconds, Stopping threads took: 0.0000298 seconds
2016-11-15T08:20:50.281+0100: 10247.474: Total time for which application threads were stopped: 0.0008450 seconds, Stopping threads took: 0.0001113 seconds
2016-11-15T08:20:54.229+0100: 10251.422: Total time for which application threads were stopped: 0.0010165 seconds, Stopping threads took: 0.0001518 seconds
2016-11-15T08:21:04.231+0100: 10261.423: Total time for which application threads were stopped: 0.0010970 seconds, Stopping threads took: 0.0002011 seconds
2016-11-15T08:21:04.232+0100: 10261.424: Total time for which application threads were stopped: 0.0004415 seconds, Stopping threads took: 0.0000338 seconds
2016-11-15T08:21:04.448+0100: 10261.640: Total time for which application threads were stopped: 0.0011967 seconds, Stopping threads took: 0.0001771 seconds
2016-11-15T08:21:09.776+0100: 10266.968: Total time for which application threads were stopped: 0.0011958 seconds, Stopping threads took: 0.0001663 seconds
2016-11-15T08:21:11.137+0100: 10268.329: Total time for which application threads were stopped: 0.0011340 seconds, Stopping threads took: 0.0001459 seconds
2016-11-15T08:21:11.138+0100: 10268.330: Total time for which application threads were stopped: 0.0007691 seconds, Stopping threads took: 0.0000339 seconds
2016-11-15T08:21:11.139+0100: 10268.331: Total time for which application threads were stopped: 0.0004794 seconds, Stopping threads took: 0.0000327 seconds
2016-11-15T08:21:11.276+0100: 10268.469: Total time for which application threads were stopped: 0.0007736 seconds, Stopping threads took: 0.0000878 seconds
2016-11-15T08:21:19.777+0100: 10276.969: Total time for which application threads were stopped: 0.0010516 seconds, Stopping threads took: 0.0001577 seconds
2016-11-15T08:21:19.778+0100: 10276.970: Total time for which application threads were stopped: 0.0004450 seconds, Stopping threads took: 0.0000348 seconds
2016-11-15T08:21:21.103+0100: 10278.296: Total time for which application threads were stopped: 0.0010319 seconds, Stopping threads took: 0.0001560 seconds
2016-11-15T08:21:26.365+0100: 10283.558: Total time for which application threads were stopped: 0.0010774 seconds, Stopping threads took: 0.0001583 seconds
2016-11-15T08:21:30.367+0100: 10287.559: Total time for which application threads were stopped: 0.0010002 seconds, Stopping threads took: 0.0001570 seconds
2016-11-15T08:21:30.397+0100: 10287.589: Total time for which application threads were stopped: 0.0005650 seconds, Stopping threads took: 0.0000542 seconds
2016-11-15T08:21:30.397+0100: 10287.590: Total time for which application threads were stopped: 0.0004498 seconds, Stopping threads took: 0.0000315 seconds
2016-11-15T08:21:30.398+0100: 10287.590: Total time for which application threads were stopped: 0.0004463 seconds, Stopping threads took: 0.0000288 seconds
2016-11-15T08:21:30.572+0100: 10287.764: Total time for which application threads were stopped: 0.0006417 seconds, Stopping threads took: 0.0000694 seconds
2016-11-15T08:21:33.573+0100: 10290.766: Total time for which application threads were stopped: 0.0010018 seconds, Stopping threads took: 0.0001462 seconds
2016-11-15T08:21:34.574+0100: 10291.766: Total time for which application threads were stopped: 0.0008756 seconds, Stopping threads took: 0.0001217 seconds
2016-11-15T08:21:36.367+0100: 10293.559: Total time for which application threads were stopped: 0.0010414 seconds, Stopping threads took: 0.0001590 seconds
2016-11-15T08:21:36.367+0100: 10293.560: Total time for which application threads were stopped: 0.0004354 seconds, Stopping threads took: 0.0000334 seconds
2016-11-15T08:21:39.943+0100: 10297.136: Total time for which application threads were stopped: 0.0012194 seconds, Stopping threads took: 0.0001869 seconds
2016-11-15T08:21:44.306+0100: 10301.498: Total time for which application threads were stopped: 0.0011307 seconds, Stopping threads took: 0.0001505 seconds
2016-11-15T08:21:44.307+0100: 10301.499: Total time for which application threads were stopped: 0.0005008 seconds, Stopping threads took: 0.0000404 seconds
2016-11-15T08:21:44.307+0100: 10301.500: Total time for which application threads were stopped: 0.0004402 seconds, Stopping threads took: 0.0000318 seconds
2016-11-15T08:21:44.455+0100: 10301.648: Total time for which application threads were stopped: 0.0006376 seconds, Stopping threads took: 0.0000679 seconds
2016-11-15T08:21:45.245+0100: 10302.438: Total time for which application threads were stopped: 0.0010884 seconds, Stopping threads took: 0.0001437 seconds
2016-11-15T08:21:46.854+0100: 10304.046: Total time for which application threads were stopped: 0.0010313 seconds, Stopping threads took: 0.0001557 seconds
2016-11-15T08:21:46.855+0100: 10304.047: Total time for which application threads were stopped: 0.0004509 seconds, Stopping threads took: 0.0000329 seconds
2016-11-15T08:21:46.855+0100: 10304.048: Total time for which application threads were stopped: 0.0004529 seconds, Stopping threads took: 0.0000303 seconds
2016-11-15T08:21:46.942+0100: 10304.135: Total time for which application threads were stopped: 0.0007402 seconds, Stopping threads took: 0.0001238 seconds
2016-11-15T08:21:47.943+0100: 10305.136: Total time for which application threads were stopped: 0.0010367 seconds, Stopping threads took: 0.0001464 seconds
2016-11-15T08:21:47.961+0100: 10305.154: Total time for which application threads were stopped: 0.0005589 seconds, Stopping threads took: 0.0000519 seconds
2016-11-15T08:21:47.962+0100: 10305.155: Total time for which application threads were stopped: 0.0004556 seconds, Stopping threads took: 0.0000324 seconds
2016-11-15T08:21:47.963+0100: 10305.155: Total time for which application threads were stopped: 0.0004541 seconds, Stopping threads took: 0.0000309 seconds
2016-11-15T08:21:48.181+0100: 10305.373: Total time for which application threads were stopped: 0.0007891 seconds, Stopping threads took: 0.0000807 seconds
2016-11-15T08:21:49.182+0100: 10306.374: Total time for which application threads were stopped: 0.0010772 seconds, Stopping threads took: 0.0001637 seconds
2016-11-15T08:21:49.697+0100: 10306.889: Total time for which application threads were stopped: 0.0009666 seconds, Stopping threads took: 0.0001197 seconds
2016-11-15T08:21:49.698+0100: 10306.891: Total time for which application threads were stopped: 0.0005567 seconds, Stopping threads took: 0.0000809 seconds
2016-11-15T08:21:49.699+0100: 10306.891: Total time for which application threads were stopped: 0.0004925 seconds, Stopping threads took: 0.0000779 seconds
2016-11-15T08:21:49.729+0100: 10306.922: Total time for which application threads were stopped: 0.0005667 seconds, Stopping threads took: 0.0000626 seconds
2016-11-15T08:21:54.130+0100: 10311.322: Total time for which application threads were stopped: 0.0011149 seconds, Stopping threads took: 0.0002024 seconds
2016-11-15T08:21:54.131+0100: 10311.323: Total time for which application threads were stopped: 0.0004974 seconds, Stopping threads took: 0.0000724 seconds
2016-11-15T08:21:54.131+0100: 10311.324: Total time for which application threads were stopped: 0.0004998 seconds, Stopping threads took: 0.0000745 seconds
2016-11-15T08:21:54.207+0100: 10311.399: Total time for which application threads were stopped: 0.0005796 seconds, Stopping threads took: 0.0000624 seconds
2016-11-15T08:22:00.208+0100: 10317.401: Total time for which application threads were stopped: 0.0010182 seconds, Stopping threads took: 0.0001530 seconds
2016-11-15T08:22:00.987+0100: 10318.179: Total time for which application threads were stopped: 0.0012925 seconds, Stopping threads took: 0.0001846 seconds
2016-11-15T08:22:00.988+0100: 10318.180: Total time for which application threads were stopped: 0.0005862 seconds, Stopping threads took: 0.0000481 seconds
2016-11-15T08:22:00.988+0100: 10318.181: Total time for which application threads were stopped: 0.0005594 seconds, Stopping threads took: 0.0000370 seconds
2016-11-15T08:22:01.091+0100: 10318.283: Total time for which application threads were stopped: 0.0011081 seconds, Stopping threads took: 0.0001535 seconds
2016-11-15T08:22:03.092+0100: 10320.285: Total time for which application threads were stopped: 0.0010471 seconds, Stopping threads took: 0.0001544 seconds
2016-11-15T08:22:04.202+0100: 10321.395: Total time for which application threads were stopped: 0.0010284 seconds, Stopping threads took: 0.0001591 seconds
2016-11-15T08:22:04.204+0100: 10321.396: Total time for which application threads were stopped: 0.0004764 seconds, Stopping threads took: 0.0000357 seconds
2016-11-15T08:22:04.204+0100: 10321.396: Total time for which application threads were stopped: 0.0004364 seconds, Stopping threads took: 0.0000294 seconds
2016-11-15T08:22:04.236+0100: 10321.428: Total time for which application threads were stopped: 0.0005535 seconds, Stopping threads took: 0.0000561 seconds
2016-11-15T08:22:05.738+0100: 10322.931: Total time for which application threads were stopped: 0.0031699 seconds, Stopping threads took: 0.0001480 seconds
2016-11-15T08:22:05.741+0100: 10322.933: Total time for which application threads were stopped: 0.0021192 seconds, Stopping threads took: 0.0000428 seconds
2016-11-15T08:22:05.743+0100: 10322.935: Total time for which application threads were stopped: 0.0019562 seconds, Stopping threads took: 0.0000388 seconds
2016-11-15T08:22:05.747+0100: 10322.939: Total time for which application threads were stopped: 0.0006495 seconds, Stopping threads took: 0.0000606 seconds
2016-11-15T08:22:05.748+0100: 10322.940: Total time for which application threads were stopped: 0.0004326 seconds, Stopping threads took: 0.0000310 seconds
2016-11-15T08:22:05.748+0100: 10322.941: Total time for which application threads were stopped: 0.0004620 seconds, Stopping threads took: 0.0000343 seconds
2016-11-15T08:22:05.785+0100: 10322.977: Total time for which application threads were stopped: 0.0006291 seconds, Stopping threads took: 0.0000644 seconds
2016-11-15T08:22:13.786+0100: 10330.979: Total time for which application threads were stopped: 0.0011106 seconds, Stopping threads took: 0.0001568 seconds
2016-11-15T08:22:14.788+0100: 10331.980: Total time for which application threads were stopped: 0.0010274 seconds, Stopping threads took: 0.0001465 seconds
2016-11-15T08:22:15.862+0100: 10333.054: Total time for which application threads were stopped: 0.0010649 seconds, Stopping threads took: 0.0001558 seconds
2016-11-15T08:22:15.862+0100: 10333.055: Total time for which application threads were stopped: 0.0004512 seconds, Stopping threads took: 0.0000321 seconds
2016-11-15T08:22:15.863+0100: 10333.055: Total time for which application threads were stopped: 0.0004502 seconds, Stopping threads took: 0.0000322 seconds
2016-11-15T08:22:16.095+0100: 10333.287: Total time for which application threads were stopped: 0.0008552 seconds, Stopping threads took: 0.0001188 seconds
2016-11-15T08:22:20.248+0100: 10337.440: Total time for which application threads were stopped: 0.0011260 seconds, Stopping threads took: 0.0001571 seconds
2016-11-15T08:22:20.248+0100: 10337.441: Total time for which application threads were stopped: 0.0004719 seconds, Stopping threads took: 0.0000319 seconds
2016-11-15T08:22:30.250+0100: 10347.443: Total time for which application threads were stopped: 0.0011278 seconds, Stopping threads took: 0.0002003 seconds
2016-11-15T08:22:31.251+0100: 10348.444: Total time for which application threads were stopped: 0.0011278 seconds, Stopping threads took: 0.0002511 seconds
2016-11-15T08:22:32.253+0100: 10349.445: Total time for which application threads were stopped: 0.0011595 seconds, Stopping threads took: 0.0001516 seconds
2016-11-15T08:22:33.183+0100: 10350.375: Total time for which application threads were stopped: 0.0012256 seconds, Stopping threads took: 0.0001957 seconds
2016-11-15T08:22:38.636+0100: 10355.829: Total time for which application threads were stopped: 0.0010512 seconds, Stopping threads took: 0.0001678 seconds
2016-11-15T08:22:40.638+0100: 10357.830: Total time for which application threads were stopped: 0.0010707 seconds, Stopping threads took: 0.0001495 seconds
2016-11-15T08:22:48.638+0100: 10365.830: Total time for which application threads were stopped: 0.0010511 seconds, Stopping threads took: 0.0001609 seconds
2016-11-15T08:22:48.639+0100: 10365.831: Total time for which application threads were stopped: 0.0007202 seconds, Stopping threads took: 0.0000329 seconds
2016-11-15T08:23:05.641+0100: 10382.833: Total time for which application threads were stopped: 0.0010544 seconds, Stopping threads took: 0.0001519 seconds
2016-11-15T08:23:11.643+0100: 10388.835: Total time for which application threads were stopped: 0.0010860 seconds, Stopping threads took: 0.0001461 seconds
2016-11-15T08:23:13.644+0100: 10390.836: Total time for which application threads were stopped: 0.0009948 seconds, Stopping threads took: 0.0001522 seconds
2016-11-15T08:23:14.645+0100: 10391.837: Total time for which application threads were stopped: 0.0010233 seconds, Stopping threads took: 0.0001433 seconds
2016-11-15T08:23:18.646+0100: 10395.839: Total time for which application threads were stopped: 0.0010850 seconds, Stopping threads took: 0.0001608 seconds
2016-11-15T08:23:19.647+0100: 10396.840: Total time for which application threads were stopped: 0.0010968 seconds, Stopping threads took: 0.0001629 seconds
2016-11-15T08:23:20.649+0100: 10397.841: Total time for which application threads were stopped: 0.0010443 seconds, Stopping threads took: 0.0001440 seconds
2016-11-15T08:23:35.412+0100: 10412.604: Total time for which application threads were stopped: 0.0011785 seconds, Stopping threads took: 0.0001476 seconds
2016-11-15T08:23:40.748+0100: 10417.941: Total time for which application threads were stopped: 0.0010273 seconds, Stopping threads took: 0.0001504 seconds
2016-11-15T08:23:40.749+0100: 10417.942: Total time for which application threads were stopped: 0.0004511 seconds, Stopping threads took: 0.0000333 seconds
2016-11-15T08:23:40.750+0100: 10417.942: Total time for which application threads were stopped: 0.0004480 seconds, Stopping threads took: 0.0000292 seconds
2016-11-15T08:23:40.796+0100: 10417.988: Total time for which application threads were stopped: 0.0006268 seconds, Stopping threads took: 0.0001284 seconds
2016-11-15T08:23:40.893+0100: 10418.085: Total time for which application threads were stopped: 0.0008098 seconds, Stopping threads took: 0.0000852 seconds
2016-11-15T08:23:50.797+0100: 10427.990: Total time for which application threads were stopped: 0.0011588 seconds, Stopping threads took: 0.0001542 seconds
2016-11-15T08:23:50.798+0100: 10427.991: Total time for which application threads were stopped: 0.0004453 seconds, Stopping threads took: 0.0000348 seconds
2016-11-15T08:23:54.706+0100: 10431.898: Total time for which application threads were stopped: 0.0011031 seconds, Stopping threads took: 0.0001843 seconds
2016-11-15T08:23:54.706+0100: 10431.899: Total time for which application threads were stopped: 0.0004860 seconds, Stopping threads took: 0.0000594 seconds
2016-11-15T08:23:54.707+0100: 10431.900: Total time for which application threads were stopped: 0.0005086 seconds, Stopping threads took: 0.0000655 seconds
2016-11-15T08:23:54.708+0100: 10431.900: Total time for which application threads were stopped: 0.0005243 seconds, Stopping threads took: 0.0000754 seconds
2016-11-15T08:23:54.709+0100: 10431.901: Total time for which application threads were stopped: 0.0004850 seconds, Stopping threads took: 0.0000406 seconds
2016-11-15T08:23:54.728+0100: 10431.921: Total time for which application threads were stopped: 0.0005493 seconds, Stopping threads took: 0.0000553 seconds
2016-11-15T08:23:54.734+0100: 10431.926: Total time for which application threads were stopped: 0.0005561 seconds, Stopping threads took: 0.0000481 seconds
2016-11-15T08:23:55.735+0100: 10432.927: Total time for which application threads were stopped: 0.0009754 seconds, Stopping threads took: 0.0001395 seconds
2016-11-15T08:24:00.736+0100: 10437.928: Total time for which application threads were stopped: 0.0010232 seconds, Stopping threads took: 0.0001628 seconds
2016-11-15T08:24:07.049+0100: 10444.241: Total time for which application threads were stopped: 0.0010790 seconds, Stopping threads took: 0.0001594 seconds
2016-11-15T08:24:07.050+0100: 10444.242: Total time for which application threads were stopped: 0.0004623 seconds, Stopping threads took: 0.0000319 seconds
2016-11-15T08:24:07.050+0100: 10444.243: Total time for which application threads were stopped: 0.0004514 seconds, Stopping threads took: 0.0000294 seconds
2016-11-15T08:24:07.289+0100: 10444.482: Total time for which application threads were stopped: 0.0010340 seconds, Stopping threads took: 0.0001477 seconds
2016-11-15T08:24:10.010+0100: 10447.202: Total time for which application threads were stopped: 0.0011286 seconds, Stopping threads took: 0.0001518 seconds
2016-11-15T08:24:10.010+0100: 10447.203: Total time for which application threads were stopped: 0.0004941 seconds, Stopping threads took: 0.0000339 seconds
2016-11-15T08:24:10.011+0100: 10447.203: Total time for which application threads were stopped: 0.0004854 seconds, Stopping threads took: 0.0000314 seconds
2016-11-15T08:24:10.162+0100: 10447.354: Total time for which application threads were stopped: 0.0030118 seconds, Stopping threads took: 0.0000884 seconds
2016-11-15T08:24:14.227+0100: 10451.419: Total time for which application threads were stopped: 0.0011503 seconds, Stopping threads took: 0.0001472 seconds
2016-11-15T08:24:14.228+0100: 10451.420: Total time for which application threads were stopped: 0.0004837 seconds, Stopping threads took: 0.0000315 seconds
2016-11-15T08:24:14.228+0100: 10451.421: Total time for which application threads were stopped: 0.0004795 seconds, Stopping threads took: 0.0000285 seconds
2016-11-15T08:24:14.282+0100: 10451.474: Total time for which application threads were stopped: 0.0006623 seconds, Stopping threads took: 0.0000611 seconds
2016-11-15T08:24:16.869+0100: 10454.061: Total time for which application threads were stopped: 0.0010524 seconds, Stopping threads took: 0.0001534 seconds
2016-11-15T08:24:16.870+0100: 10454.062: Total time for which application threads were stopped: 0.0004536 seconds, Stopping threads took: 0.0000307 seconds
2016-11-15T08:24:16.870+0100: 10454.063: Total time for which application threads were stopped: 0.0004497 seconds, Stopping threads took: 0.0000287 seconds
2016-11-15T08:24:16.925+0100: 10454.118: Total time for which application threads were stopped: 0.0005550 seconds, Stopping threads took: 0.0000510 seconds
2016-11-15T08:24:23.927+0100: 10461.119: Total time for which application threads were stopped: 0.0011057 seconds, Stopping threads took: 0.0001611 seconds
2016-11-15T08:24:28.771+0100: 10465.963: Total time for which application threads were stopped: 0.0010558 seconds, Stopping threads took: 0.0001480 seconds
2016-11-15T08:24:28.771+0100: 10465.964: Total time for which application threads were stopped: 0.0004776 seconds, Stopping threads took: 0.0000381 seconds
2016-11-15T08:24:28.772+0100: 10465.964: Total time for which application threads were stopped: 0.0004497 seconds, Stopping threads took: 0.0000293 seconds
2016-11-15T08:24:28.931+0100: 10466.124: Total time for which application threads were stopped: 0.0010470 seconds, Stopping threads took: 0.0001453 seconds
2016-11-15T08:24:29.824+0100: 10467.017: Total time for which application threads were stopped: 0.0010445 seconds, Stopping threads took: 0.0001513 seconds
2016-11-15T08:24:29.825+0100: 10467.017: Total time for which application threads were stopped: 0.0004577 seconds, Stopping threads took: 0.0000347 seconds
2016-11-15T08:24:29.825+0100: 10467.018: Total time for which application threads were stopped: 0.0004564 seconds, Stopping threads took: 0.0000312 seconds
2016-11-15T08:24:29.858+0100: 10467.051: Total time for which application threads were stopped: 0.0007784 seconds, Stopping threads took: 0.0000892 seconds
2016-11-15T08:24:29.859+0100: 10467.052: Total time for which application threads were stopped: 0.0004517 seconds, Stopping threads took: 0.0000329 seconds
2016-11-15T08:24:29.860+0100: 10467.052: Total time for which application threads were stopped: 0.0004543 seconds, Stopping threads took: 0.0000316 seconds
2016-11-15T08:24:29.878+0100: 10467.070: Total time for which application threads were stopped: 0.0005720 seconds, Stopping threads took: 0.0000593 seconds
2016-11-15T08:24:35.830+0100: 10473.022: Total time for which application threads were stopped: 0.0011419 seconds, Stopping threads took: 0.0001598 seconds
2016-11-15T08:24:36.831+0100: 10474.023: Total time for which application threads were stopped: 0.0010684 seconds, Stopping threads took: 0.0001540 seconds
2016-11-15T08:24:48.304+0100: 10485.497: Total time for which application threads were stopped: 0.0011959 seconds, Stopping threads took: 0.0001568 seconds
2016-11-15T08:24:48.305+0100: 10485.498: Total time for which application threads were stopped: 0.0005580 seconds, Stopping threads took: 0.0000370 seconds
2016-11-15T08:24:48.306+0100: 10485.498: Total time for which application threads were stopped: 0.0005398 seconds, Stopping threads took: 0.0000708 seconds
2016-11-15T08:24:48.535+0100: 10485.727: Total time for which application threads were stopped: 0.0010932 seconds, Stopping threads took: 0.0001557 seconds
2016-11-15T08:24:49.536+0100: 10486.729: Total time for which application threads were stopped: 0.0011076 seconds, Stopping threads took: 0.0001589 seconds
2016-11-15T08:24:57.723+0100: 10494.915: Total time for which application threads were stopped: 0.0011390 seconds, Stopping threads took: 0.0001620 seconds
2016-11-15T08:24:57.724+0100: 10494.916: Total time for which application threads were stopped: 0.0004824 seconds, Stopping threads took: 0.0000347 seconds
2016-11-15T08:24:57.724+0100: 10494.917: Total time for which application threads were stopped: 0.0004890 seconds, Stopping threads took: 0.0000351 seconds
2016-11-15T08:24:57.836+0100: 10495.028: Total time for which application threads were stopped: 0.0006458 seconds, Stopping threads took: 0.0000670 seconds
2016-11-15T08:25:01.763+0100: 10498.955: Total time for which application threads were stopped: 0.0011309 seconds, Stopping threads took: 0.0001645 seconds
2016-11-15T08:25:01.764+0100: 10498.956: Total time for which application threads were stopped: 0.0004845 seconds, Stopping threads took: 0.0000369 seconds
2016-11-15T08:25:01.765+0100: 10498.957: Total time for which application threads were stopped: 0.0004548 seconds, Stopping threads took: 0.0000291 seconds
2016-11-15T08:25:01.815+0100: 10499.007: Total time for which application threads were stopped: 0.0011835 seconds, Stopping threads took: 0.0001987 seconds
2016-11-15T08:25:13.343+0100: 10510.536: Total time for which application threads were stopped: 0.0010699 seconds, Stopping threads took: 0.0001583 seconds
2016-11-15T08:25:13.344+0100: 10510.536: Total time for which application threads were stopped: 0.0004546 seconds, Stopping threads took: 0.0000341 seconds
2016-11-15T08:25:13.344+0100: 10510.537: Total time for which application threads were stopped: 0.0004457 seconds, Stopping threads took: 0.0000302 seconds
2016-11-15T08:25:13.446+0100: 10510.638: Total time for which application threads were stopped: 0.0005957 seconds, Stopping threads took: 0.0000569 seconds
2016-11-15T08:25:14.012+0100: 10511.205: Total time for which application threads were stopped: 0.0010284 seconds, Stopping threads took: 0.0001405 seconds
2016-11-15T08:25:14.013+0100: 10511.206: Total time for which application threads were stopped: 0.0004506 seconds, Stopping threads took: 0.0000333 seconds
2016-11-15T08:25:14.014+0100: 10511.206: Total time for which application threads were stopped: 0.0004500 seconds, Stopping threads took: 0.0000293 seconds
2016-11-15T08:25:14.059+0100: 10511.251: Total time for which application threads were stopped: 0.0008088 seconds, Stopping threads took: 0.0000967 seconds
2016-11-15T08:25:15.958+0100: 10513.151: Total time for which application threads were stopped: 0.0010945 seconds, Stopping threads took: 0.0002069 seconds
2016-11-15T08:25:16.973+0100: 10514.166: Total time for which application threads were stopped: 0.0012104 seconds, Stopping threads took: 0.0001573 seconds
2016-11-15T08:25:16.974+0100: 10514.167: Total time for which application threads were stopped: 0.0005699 seconds, Stopping threads took: 0.0000488 seconds
2016-11-15T08:25:16.975+0100: 10514.168: Total time for which application threads were stopped: 0.0005534 seconds, Stopping threads took: 0.0000916 seconds
2016-11-15T08:25:17.010+0100: 10514.203: Total time for which application threads were stopped: 0.0007793 seconds, Stopping threads took: 0.0000802 seconds
2016-11-15T08:25:20.012+0100: 10517.204: Total time for which application threads were stopped: 0.0011308 seconds, Stopping threads took: 0.0001588 seconds
2016-11-15T08:25:21.274+0100: 10518.467: Total time for which application threads were stopped: 0.0011405 seconds, Stopping threads took: 0.0001553 seconds
2016-11-15T08:25:21.511+0100: 10518.703: Total time for which application threads were stopped: 0.0010387 seconds, Stopping threads took: 0.0001316 seconds
2016-11-15T08:25:21.512+0100: 10518.704: Total time for which application threads were stopped: 0.0004639 seconds, Stopping threads took: 0.0000327 seconds
2016-11-15T08:25:21.512+0100: 10518.705: Total time for which application threads were stopped: 0.0004635 seconds, Stopping threads took: 0.0000298 seconds
2016-11-15T08:25:21.701+0100: 10518.893: Total time for which application threads were stopped: 0.0006725 seconds, Stopping threads took: 0.0000734 seconds
2016-11-15T08:25:26.520+0100: 10523.713: [GC pause (G1 Evacuation Pause) (young)
Desired survivor size 80740352 bytes, new threshold 15 (max 15)
- age   1:     252400 bytes,     252400 total
- age   2:     193728 bytes,     446128 total
- age   3:     255448 bytes,     701576 total
- age   4:      85704 bytes,     787280 total
- age   5:    1468424 bytes,    2255704 total
- age   6:    4368112 bytes,    6623816 total
- age   7:    6118824 bytes,   12742640 total
- age   8:   11747768 bytes,   24490408 total
- age   9:    2870024 bytes,   27360432 total
- age  10:    8505552 bytes,   35865984 total
- age  11:   18403304 bytes,   54269288 total
- age  12:   12603184 bytes,   66872472 total
2016-11-15T08:25:26.568+0100: 10523.761: [SoftReference, 356 refs, 0.0047592 secs]2016-11-15T08:25:26.573+0100: 10523.765: [WeakReference, 353 refs, 0.0031674 secs]2016-11-15T08:25:26.576+0100: 10523.768: [FinalReference, 2348 refs, 0.0035665 secs]2016-11-15T08:25:26.580+0100: 10523.772: [PhantomReference, 0 refs, 8 refs, 0.0057689 secs]2016-11-15T08:25:26.585+0100: 10523.778: [JNI Weak Reference, 0.0000472 secs], 0.0828374 secs]
   [Parallel Time: 43.5 ms, GC Workers: 43]
      [GC Worker Start (ms): Min: 10523713.3, Avg: 10523713.9, Max: 10523714.3, Diff: 1.0]
      [Ext Root Scanning (ms): Min: 1.5, Avg: 2.3, Max: 9.8, Diff: 8.3, Sum: 96.8]
      [Update RS (ms): Min: 0.0, Avg: 4.2, Max: 5.7, Diff: 5.7, Sum: 181.5]
         [Processed Buffers: Min: 0, Avg: 4.8, Max: 17, Diff: 17, Sum: 207]
      [Scan RS (ms): Min: 0.1, Avg: 0.7, Max: 1.2, Diff: 1.1, Sum: 31.3]
      [Code Root Scanning (ms): Min: 0.0, Avg: 0.5, Max: 1.2, Diff: 1.2, Sum: 23.1]
      [Object Copy (ms): Min: 32.5, Avg: 34.0, Max: 34.7, Diff: 2.2, Sum: 1461.7]
      [Termination (ms): Min: 0.0, Avg: 0.2, Max: 0.3, Diff: 0.3, Sum: 8.9]
         [Termination Attempts: Min: 1, Avg: 39.6, Max: 62, Diff: 61, Sum: 1701]
      [GC Worker Other (ms): Min: 0.1, Avg: 0.4, Max: 0.9, Diff: 0.8, Sum: 18.8]
      [GC Worker Total (ms): Min: 41.7, Avg: 42.4, Max: 43.2, Diff: 1.5, Sum: 1822.1]
      [GC Worker End (ms): Min: 10523755.9, Avg: 10523756.2, Max: 10523756.7, Diff: 0.9]
   [Code Root Fixup: 1.8 ms]
   [Code Root Purge: 0.2 ms]
   [String Dedup Fixup: 2.4 ms, GC Workers: 43]
      [Queue Fixup (ms): Min: 0.0, Avg: 0.0, Max: 0.0, Diff: 0.0, Sum: 0.1]
      [Table Fixup (ms): Min: 1.0, Avg: 1.4, Max: 1.8, Diff: 0.8, Sum: 61.8]
   [Clear CT: 6.7 ms]
   [Other: 28.3 ms]
      [Choose CSet: 0.0 ms]
      [Ref Proc: 19.4 ms]
      [Ref Enq: 1.4 ms]
      [Redirty Cards: 1.2 ms]
      [Humongous Register: 0.2 ms]
      [Humongous Reclaim: 0.0 ms]
      [Free CSet: 5.3 ms]
   [Eden: 1151.0M(1151.0M)->0.0B(1130.0M) Survivors: 77.0M->98.0M Heap: 1667.2M(2048.0M)->536.7M(2048.0M)]
 [Times: user=2.21 sys=0.02, real=0.08 secs] 
2016-11-15T08:25:26.604+0100: 10523.796: Total time for which application threads were stopped: 0.0846701 seconds, Stopping threads took: 0.0001617 seconds
2016-11-15T08:25:26.605+0100: 10523.798: Total time for which application threads were stopped: 0.0011656 seconds, Stopping threads took: 0.0001659 seconds
2016-11-15T08:25:26.605+0100: 10523.798: [GC concurrent-string-deduplication, 56.9K->128.0B(56.7K), avg 60.9%, 0.0004549 secs]
2016-11-15T08:25:26.606+0100: 10523.798: Total time for which application threads were stopped: 0.0006380 seconds, Stopping threads took: 0.0001328 seconds
2016-11-15T08:25:26.607+0100: 10523.799: Total time for which application threads were stopped: 0.0006268 seconds, Stopping threads took: 0.0001258 seconds
2016-11-15T08:25:26.607+0100: 10523.800: Total time for which application threads were stopped: 0.0006335 seconds, Stopping threads took: 0.0001340 seconds
2016-11-15T08:25:26.608+0100: 10523.800: Total time for which application threads were stopped: 0.0005891 seconds, Stopping threads took: 0.0000974 seconds
2016-11-15T08:25:26.609+0100: 10523.801: Total time for which application threads were stopped: 0.0005648 seconds, Stopping threads took: 0.0000804 seconds
2016-11-15T08:25:26.609+0100: 10523.802: Total time for which application threads were stopped: 0.0005749 seconds, Stopping threads took: 0.0000822 seconds
2016-11-15T08:25:26.610+0100: 10523.802: Total time for which application threads were stopped: 0.0005716 seconds, Stopping threads took: 0.0000826 seconds
2016-11-15T08:25:26.611+0100: 10523.803: Total time for which application threads were stopped: 0.0005182 seconds, Stopping threads took: 0.0000393 seconds
2016-11-15T08:25:26.611+0100: 10523.804: Total time for which application threads were stopped: 0.0005132 seconds, Stopping threads took: 0.0000352 seconds
2016-11-15T08:25:26.612+0100: 10523.804: Total time for which application threads were stopped: 0.0005134 seconds, Stopping threads took: 0.0000368 seconds
2016-11-15T08:25:26.615+0100: 10523.807: Total time for which application threads were stopped: 0.0028491 seconds, Stopping threads took: 0.0000358 seconds
2016-11-15T08:25:36.617+0100: 10533.809: Total time for which application threads were stopped: 0.0011857 seconds, Stopping threads took: 0.0001559 seconds
2016-11-15T08:25:37.618+0100: 10534.810: Total time for which application threads were stopped: 0.0010518 seconds, Stopping threads took: 0.0001530 seconds
2016-11-15T08:25:40.095+0100: 10537.288: Total time for which application threads were stopped: 0.0010564 seconds, Stopping threads took: 0.0001564 seconds
2016-11-15T08:25:40.096+0100: 10537.288: Total time for which application threads were stopped: 0.0004579 seconds, Stopping threads took: 0.0000329 seconds
2016-11-15T08:25:40.096+0100: 10537.289: Total time for which application threads were stopped: 0.0004539 seconds, Stopping threads took: 0.0000287 seconds
2016-11-15T08:25:40.196+0100: 10537.388: Total time for which application threads were stopped: 0.0007133 seconds, Stopping threads took: 0.0000797 seconds
2016-11-15T08:25:41.197+0100: 10538.390: Total time for which application threads were stopped: 0.0010744 seconds, Stopping threads took: 0.0001522 seconds
2016-11-15T08:25:45.838+0100: 10543.031: Total time for which application threads were stopped: 0.0010586 seconds, Stopping threads took: 0.0001656 seconds
2016-11-15T08:25:45.839+0100: 10543.032: Total time for which application threads were stopped: 0.0004573 seconds, Stopping threads took: 0.0000328 seconds
2016-11-15T08:25:45.840+0100: 10543.032: Total time for which application threads were stopped: 0.0004576 seconds, Stopping threads took: 0.0000301 seconds
2016-11-15T08:25:46.276+0100: 10543.468: Total time for which application threads were stopped: 0.0010278 seconds, Stopping threads took: 0.0001450 seconds
2016-11-15T08:25:46.277+0100: 10543.469: Total time for which application threads were stopped: 0.0004491 seconds, Stopping threads took: 0.0000337 seconds
2016-11-15T08:25:46.308+0100: 10543.500: Total time for which application threads were stopped: 0.0005483 seconds, Stopping threads took: 0.0000612 seconds
2016-11-15T08:25:47.552+0100: 10544.745: Total time for which application threads were stopped: 0.0011712 seconds, Stopping threads took: 0.0002547 seconds
2016-11-15T08:25:47.751+0100: 10544.943: Total time for which application threads were stopped: 0.0028709 seconds, Stopping threads took: 0.0000867 seconds
2016-11-15T08:25:47.753+0100: 10544.946: Total time for which application threads were stopped: 0.0021129 seconds, Stopping threads took: 0.0000393 seconds
2016-11-15T08:25:47.755+0100: 10544.948: Total time for which application threads were stopped: 0.0019739 seconds, Stopping threads took: 0.0000385 seconds
2016-11-15T08:25:47.808+0100: 10545.000: Total time for which application threads were stopped: 0.0006980 seconds, Stopping threads took: 0.0000637 seconds
2016-11-15T08:25:47.808+0100: 10545.001: Total time for which application threads were stopped: 0.0004487 seconds, Stopping threads took: 0.0000287 seconds
2016-11-15T08:25:47.809+0100: 10545.001: Total time for which application threads were stopped: 0.0004731 seconds, Stopping threads took: 0.0000305 seconds
2016-11-15T08:25:47.915+0100: 10545.108: Total time for which application threads were stopped: 0.0007120 seconds, Stopping threads took: 0.0000782 seconds
2016-11-15T08:25:52.194+0100: 10549.387: Total time for which application threads were stopped: 0.0010382 seconds, Stopping threads took: 0.0001534 seconds
2016-11-15T08:25:52.195+0100: 10549.388: Total time for which application threads were stopped: 0.0004800 seconds, Stopping threads took: 0.0000351 seconds
2016-11-15T08:25:52.196+0100: 10549.388: Total time for which application threads were stopped: 0.0004410 seconds, Stopping threads took: 0.0000309 seconds
2016-11-15T08:25:52.455+0100: 10549.647: Total time for which application threads were stopped: 0.0011549 seconds, Stopping threads took: 0.0001587 seconds
2016-11-15T08:25:52.818+0100: 10550.010: Total time for which application threads were stopped: 0.0012580 seconds, Stopping threads took: 0.0001544 seconds
2016-11-15T08:25:54.720+0100: 10551.912: Total time for which application threads were stopped: 0.0012243 seconds, Stopping threads took: 0.0002111 seconds
2016-11-15T08:25:54.721+0100: 10551.913: Total time for which application threads were stopped: 0.0011965 seconds, Stopping threads took: 0.0006862 seconds
2016-11-15T08:25:54.721+0100: 10551.914: Total time for which application threads were stopped: 0.0005612 seconds, Stopping threads took: 0.0000846 seconds
2016-11-15T08:25:54.779+0100: 10551.972: Total time for which application threads were stopped: 0.0011756 seconds, Stopping threads took: 0.0001551 seconds
2016-11-15T08:25:54.780+0100: 10551.973: Total time for which application threads were stopped: 0.0004900 seconds, Stopping threads took: 0.0000322 seconds
2016-11-15T08:25:54.781+0100: 10551.973: Total time for which application threads were stopped: 0.0004912 seconds, Stopping threads took: 0.0000315 seconds
2016-11-15T08:25:54.805+0100: 10551.997: Total time for which application threads were stopped: 0.0006388 seconds, Stopping threads took: 0.0000641 seconds
2016-11-15T08:25:59.909+0100: 10557.101: Total time for which application threads were stopped: 0.0010551 seconds, Stopping threads took: 0.0001586 seconds
2016-11-15T08:25:59.910+0100: 10557.102: Total time for which application threads were stopped: 0.0004723 seconds, Stopping threads took: 0.0000327 seconds
2016-11-15T08:25:59.910+0100: 10557.103: Total time for which application threads were stopped: 0.0004523 seconds, Stopping threads took: 0.0000281 seconds
2016-11-15T08:25:59.942+0100: 10557.135: Total time for which application threads were stopped: 0.0010590 seconds, Stopping threads took: 0.0001368 seconds
2016-11-15T08:26:02.819+0100: 10560.012: Total time for which application threads were stopped: 0.0012458 seconds, Stopping threads took: 0.0001654 seconds
2016-11-15T08:26:02.820+0100: 10560.013: Total time for which application threads were stopped: 0.0006220 seconds, Stopping threads took: 0.0000404 seconds
2016-11-15T08:26:03.678+0100: 10560.870: Total time for which application threads were stopped: 0.0011903 seconds, Stopping threads took: 0.0001588 seconds
2016-11-15T08:26:03.679+0100: 10560.871: Total time for which application threads were stopped: 0.0005037 seconds, Stopping threads took: 0.0000406 seconds
2016-11-15T08:26:03.679+0100: 10560.872: Total time for which application threads were stopped: 0.0004916 seconds, Stopping threads took: 0.0000330 seconds
2016-11-15T08:26:03.848+0100: 10561.041: Total time for which application threads were stopped: 0.0011720 seconds, Stopping threads took: 0.0001540 seconds
2016-11-15T08:26:46.594+0100: 10603.786: Total time for which application threads were stopped: 0.0014382 seconds, Stopping threads took: 0.0001765 seconds
2016-11-15T08:26:46.595+0100: 10603.787: Total time for which application threads were stopped: 0.0006270 seconds, Stopping threads took: 0.0000506 seconds
2016-11-15T08:26:46.595+0100: 10603.788: Total time for which application threads were stopped: 0.0005355 seconds, Stopping threads took: 0.0000377 seconds
2016-11-15T08:26:46.728+0100: 10603.920: Total time for which application threads were stopped: 0.0012171 seconds, Stopping threads took: 0.0001630 seconds
2016-11-15T08:26:54.730+0100: 10611.922: Total time for which application threads were stopped: 0.0011243 seconds, Stopping threads took: 0.0001715 seconds
2016-11-15T08:27:00.537+0100: 10617.730: Total time for which application threads were stopped: 0.0015545 seconds, Stopping threads took: 0.0002109 seconds
2016-11-15T08:27:00.539+0100: 10617.731: Total time for which application threads were stopped: 0.0008419 seconds, Stopping threads took: 0.0001945 seconds
2016-11-15T08:27:00.540+0100: 10617.732: Total time for which application threads were stopped: 0.0007363 seconds, Stopping threads took: 0.0001373 seconds
2016-11-15T08:27:00.988+0100: 10618.181: Total time for which application threads were stopped: 0.0013592 seconds, Stopping threads took: 0.0001882 seconds
2016-11-15T08:27:02.132+0100: 10619.325: Total time for which application threads were stopped: 0.0014693 seconds, Stopping threads took: 0.0001883 seconds
2016-11-15T08:27:02.134+0100: 10619.326: Total time for which application threads were stopped: 0.0009984 seconds, Stopping threads took: 0.0001316 seconds
2016-11-15T08:27:02.134+0100: 10619.327: Total time for which application threads were stopped: 0.0005639 seconds, Stopping threads took: 0.0000504 seconds
2016-11-15T08:27:02.170+0100: 10619.362: Total time for which application threads were stopped: 0.0013748 seconds, Stopping threads took: 0.0001885 seconds
2016-11-15T08:27:02.170+0100: 10619.363: Total time for which application threads were stopped: 0.0005940 seconds, Stopping threads took: 0.0000477 seconds
2016-11-15T08:27:02.171+0100: 10619.363: Total time for which application threads were stopped: 0.0004992 seconds, Stopping threads took: 0.0000364 seconds
2016-11-15T08:27:02.189+0100: 10619.382: Total time for which application threads were stopped: 0.0012173 seconds, Stopping threads took: 0.0001682 seconds
2016-11-15T08:27:09.194+0100: 10626.386: Total time for which application threads were stopped: 0.0012379 seconds, Stopping threads took: 0.0002042 seconds
2016-11-15T08:27:09.195+0100: 10626.387: Total time for which application threads were stopped: 0.0005495 seconds, Stopping threads took: 0.0000359 seconds
2016-11-15T08:27:09.195+0100: 10626.388: Total time for which application threads were stopped: 0.0006321 seconds, Stopping threads took: 0.0001284 seconds
2016-11-15T08:27:09.233+0100: 10626.425: Total time for which application threads were stopped: 0.0011862 seconds, Stopping threads took: 0.0001635 seconds
2016-11-15T08:27:12.234+0100: 10629.426: Total time for which application threads were stopped: 0.0012106 seconds, Stopping threads took: 0.0001617 seconds
2016-11-15T08:27:18.943+0100: 10636.135: Total time for which application threads were stopped: 0.0013158 seconds, Stopping threads took: 0.0001666 seconds
2016-11-15T08:27:18.944+0100: 10636.136: Total time for which application threads were stopped: 0.0005830 seconds, Stopping threads took: 0.0000425 seconds
2016-11-15T08:27:18.944+0100: 10636.137: Total time for which application threads were stopped: 0.0005467 seconds, Stopping threads took: 0.0000384 seconds
2016-11-15T08:27:19.128+0100: 10636.320: Total time for which application threads were stopped: 0.0012256 seconds, Stopping threads took: 0.0001579 seconds
2016-11-15T08:27:20.129+0100: 10637.321: Total time for which application threads were stopped: 0.0012570 seconds, Stopping threads took: 0.0001678 seconds
2016-11-15T08:27:22.130+0100: 10639.323: Total time for which application threads were stopped: 0.0010681 seconds, Stopping threads took: 0.0001615 seconds
2016-11-15T08:27:25.294+0100: 10642.486: Total time for which application threads were stopped: 0.0013128 seconds, Stopping threads took: 0.0001698 seconds
2016-11-15T08:27:25.295+0100: 10642.487: Total time for which application threads were stopped: 0.0006277 seconds, Stopping threads took: 0.0000544 seconds
2016-11-15T08:27:25.296+0100: 10642.488: Total time for which application threads were stopped: 0.0005068 seconds, Stopping threads took: 0.0000399 seconds
2016-11-15T08:27:25.539+0100: 10642.732: Total time for which application threads were stopped: 0.0036087 seconds, Stopping threads took: 0.0001664 seconds
2016-11-15T08:27:25.789+0100: 10642.981: Total time for which application threads were stopped: 0.0012037 seconds, Stopping threads took: 0.0001669 seconds
2016-11-15T08:27:49.179+0100: 10666.372: Total time for which application threads were stopped: 0.0011201 seconds, Stopping threads took: 0.0001540 seconds
2016-11-15T08:27:49.180+0100: 10666.372: Total time for which application threads were stopped: 0.0005011 seconds, Stopping threads took: 0.0000427 seconds
2016-11-15T08:27:49.181+0100: 10666.373: Total time for which application threads were stopped: 0.0004743 seconds, Stopping threads took: 0.0000302 seconds
2016-11-15T08:27:49.386+0100: 10666.579: Total time for which application threads were stopped: 0.0011067 seconds, Stopping threads took: 0.0001627 seconds
2016-11-15T08:27:50.388+0100: 10667.580: Total time for which application threads were stopped: 0.0010299 seconds, Stopping threads took: 0.0001507 seconds
2016-11-15T08:27:54.989+0100: 10672.181: Total time for which application threads were stopped: 0.0010914 seconds, Stopping threads took: 0.0001537 seconds
2016-11-15T08:27:54.990+0100: 10672.182: Total time for which application threads were stopped: 0.0005457 seconds, Stopping threads took: 0.0000504 seconds
2016-11-15T08:27:54.990+0100: 10672.183: Total time for which application threads were stopped: 0.0004442 seconds, Stopping threads took: 0.0000295 seconds
2016-11-15T08:27:55.117+0100: 10672.309: Total time for which application threads were stopped: 0.0011183 seconds, Stopping threads took: 0.0001508 seconds
2016-11-15T08:28:12.119+0100: 10689.312: Total time for which application threads were stopped: 0.0011673 seconds, Stopping threads took: 0.0001599 seconds
2016-11-15T08:28:15.827+0100: 10693.019: Total time for which application threads were stopped: 0.0011882 seconds, Stopping threads took: 0.0001636 seconds
2016-11-15T08:28:20.998+0100: 10698.191: Total time for which application threads were stopped: 0.0010725 seconds, Stopping threads took: 0.0001591 seconds
2016-11-15T08:28:21.469+0100: 10698.661: Total time for which application threads were stopped: 0.0010827 seconds, Stopping threads took: 0.0001649 seconds
2016-11-15T08:28:21.470+0100: 10698.662: Total time for which application threads were stopped: 0.0004741 seconds, Stopping threads took: 0.0000357 seconds
2016-11-15T08:28:21.470+0100: 10698.663: Total time for which application threads were stopped: 0.0004766 seconds, Stopping threads took: 0.0000313 seconds
2016-11-15T08:28:21.594+0100: 10698.787: Total time for which application threads were stopped: 0.0010976 seconds, Stopping threads took: 0.0001578 seconds
2016-11-15T08:28:29.978+0100: 10707.170: Total time for which application threads were stopped: 0.0010940 seconds, Stopping threads took: 0.0001563 seconds
2016-11-15T08:28:29.979+0100: 10707.172: Total time for which application threads were stopped: 0.0004772 seconds, Stopping threads took: 0.0000338 seconds
2016-11-15T08:28:29.980+0100: 10707.172: Total time for which application threads were stopped: 0.0004577 seconds, Stopping threads took: 0.0000281 seconds
2016-11-15T08:28:30.127+0100: 10707.319: Total time for which application threads were stopped: 0.0006604 seconds, Stopping threads took: 0.0000653 seconds
2016-11-15T08:28:31.000+0100: 10708.192: Total time for which application threads were stopped: 0.0010149 seconds, Stopping threads took: 0.0001470 seconds
2016-11-15T08:28:31.001+0100: 10708.193: Total time for which application threads were stopped: 0.0004737 seconds, Stopping threads took: 0.0000350 seconds
2016-11-15T08:28:36.547+0100: 10713.739: Total time for which application threads were stopped: 0.0011453 seconds, Stopping threads took: 0.0001951 seconds
2016-11-15T08:28:40.450+0100: 10717.643: Total time for which application threads were stopped: 0.0011571 seconds, Stopping threads took: 0.0001563 seconds
2016-11-15T08:28:40.451+0100: 10717.644: Total time for which application threads were stopped: 0.0004861 seconds, Stopping threads took: 0.0000321 seconds
2016-11-15T08:28:40.452+0100: 10717.644: Total time for which application threads were stopped: 0.0004878 seconds, Stopping threads took: 0.0000306 seconds
2016-11-15T08:28:40.600+0100: 10717.792: Total time for which application threads were stopped: 0.0010513 seconds, Stopping threads took: 0.0001518 seconds
2016-11-15T08:28:41.805+0100: 10718.998: Total time for which application threads were stopped: 0.0010531 seconds, Stopping threads took: 0.0001710 seconds
2016-11-15T08:28:51.807+0100: 10728.999: Total time for which application threads were stopped: 0.0011461 seconds, Stopping threads took: 0.0001517 seconds
2016-11-15T08:28:51.808+0100: 10729.000: Total time for which application threads were stopped: 0.0004860 seconds, Stopping threads took: 0.0000357 seconds
2016-11-15T08:28:55.648+0100: 10732.840: Total time for which application threads were stopped: 0.0011165 seconds, Stopping threads took: 0.0001551 seconds
2016-11-15T08:28:55.649+0100: 10732.841: Total time for which application threads were stopped: 0.0005324 seconds, Stopping threads took: 0.0000368 seconds
2016-11-15T08:28:55.650+0100: 10732.842: Total time for which application threads were stopped: 0.0004919 seconds, Stopping threads took: 0.0000309 seconds
2016-11-15T08:28:55.690+0100: 10732.883: Total time for which application threads were stopped: 0.0009910 seconds, Stopping threads took: 0.0001166 seconds
2016-11-15T08:28:57.691+0100: 10734.884: Total time for which application threads were stopped: 0.0011364 seconds, Stopping threads took: 0.0001583 seconds
2016-11-15T08:29:00.399+0100: 10737.591: Total time for which application threads were stopped: 0.0012374 seconds, Stopping threads took: 0.0001849 seconds
2016-11-15T08:29:00.400+0100: 10737.592: Total time for which application threads were stopped: 0.0005639 seconds, Stopping threads took: 0.0000399 seconds
2016-11-15T08:29:00.400+0100: 10737.593: Total time for which application threads were stopped: 0.0005243 seconds, Stopping threads took: 0.0000357 seconds
2016-11-15T08:29:00.720+0100: 10737.913: Total time for which application threads were stopped: 0.0010926 seconds, Stopping threads took: 0.0001355 seconds
2016-11-15T08:29:04.722+0100: 10741.914: Total time for which application threads were stopped: 0.0011626 seconds, Stopping threads took: 0.0001472 seconds
2016-11-15T08:29:21.869+0100: 10759.062: Total time for which application threads were stopped: 0.0012057 seconds, Stopping threads took: 0.0001528 seconds
2016-11-15T08:29:21.870+0100: 10759.063: Total time for which application threads were stopped: 0.0004934 seconds, Stopping threads took: 0.0000353 seconds
2016-11-15T08:29:21.871+0100: 10759.063: Total time for which application threads were stopped: 0.0004885 seconds, Stopping threads took: 0.0000294 seconds
2016-11-15T08:29:22.049+0100: 10759.241: Total time for which application threads were stopped: 0.0010323 seconds, Stopping threads took: 0.0001273 seconds
2016-11-15T08:29:25.602+0100: 10762.795: Total time for which application threads were stopped: 0.0011650 seconds, Stopping threads took: 0.0001497 seconds
2016-11-15T08:29:25.603+0100: 10762.795: Total time for which application threads were stopped: 0.0005070 seconds, Stopping threads took: 0.0000347 seconds
2016-11-15T08:29:25.604+0100: 10762.796: Total time for which application threads were stopped: 0.0005006 seconds, Stopping threads took: 0.0000329 seconds
2016-11-15T08:29:26.035+0100: 10763.227: Total time for which application threads were stopped: 0.0011218 seconds, Stopping threads took: 0.0001421 seconds
2016-11-15T08:29:26.250+0100: 10763.443: Total time for which application threads were stopped: 0.0009082 seconds, Stopping threads took: 0.0001059 seconds
2016-11-15T08:29:26.251+0100: 10763.444: Total time for which application threads were stopped: 0.0005037 seconds, Stopping threads took: 0.0000361 seconds
2016-11-15T08:29:26.252+0100: 10763.444: Total time for which application threads were stopped: 0.0005061 seconds, Stopping threads took: 0.0000296 seconds
2016-11-15T08:29:26.426+0100: 10763.619: Total time for which application threads were stopped: 0.0010162 seconds, Stopping threads took: 0.0001247 seconds
2016-11-15T08:29:27.427+0100: 10764.620: Total time for which application threads were stopped: 0.0011040 seconds, Stopping threads took: 0.0001515 seconds
2016-11-15T08:29:31.758+0100: 10768.950: Total time for which application threads were stopped: 0.0011515 seconds, Stopping threads took: 0.0001491 seconds
2016-11-15T08:29:31.759+0100: 10768.952: Total time for which application threads were stopped: 0.0005826 seconds, Stopping threads took: 0.0000474 seconds
2016-11-15T08:29:31.760+0100: 10768.952: Total time for which application threads were stopped: 0.0004766 seconds, Stopping threads took: 0.0000294 seconds
2016-11-15T08:29:31.958+0100: 10769.150: Total time for which application threads were stopped: 0.0011773 seconds, Stopping threads took: 0.0001708 seconds
2016-11-15T08:29:51.961+0100: 10789.153: Total time for which application threads were stopped: 0.0012565 seconds, Stopping threads took: 0.0002034 seconds
2016-11-15T08:29:52.962+0100: 10790.154: Total time for which application threads were stopped: 0.0011161 seconds, Stopping threads took: 0.0001525 seconds
2016-11-15T08:30:06.202+0100: 10803.394: Total time for which application threads were stopped: 0.0012492 seconds, Stopping threads took: 0.0001625 seconds
2016-11-15T08:30:06.202+0100: 10803.395: Total time for which application threads were stopped: 0.0005473 seconds, Stopping threads took: 0.0000513 seconds
2016-11-15T08:30:06.207+0100: 10803.399: Total time for which application threads were stopped: 0.0006803 seconds, Stopping threads took: 0.0000687 seconds
2016-11-15T08:30:06.209+0100: 10803.402: Total time for which application threads were stopped: 0.0006271 seconds, Stopping threads took: 0.0000747 seconds
2016-11-15T08:30:06.213+0100: 10803.406: Total time for which application threads were stopped: 0.0009318 seconds, Stopping threads took: 0.0001522 seconds
2016-11-15T08:30:06.214+0100: 10803.406: Total time for which application threads were stopped: 0.0006748 seconds, Stopping threads took: 0.0000842 seconds
2016-11-15T08:30:06.215+0100: 10803.407: Total time for which application threads were stopped: 0.0005770 seconds, Stopping threads took: 0.0000831 seconds
2016-11-15T08:30:06.216+0100: 10803.408: Total time for which application threads were stopped: 0.0005977 seconds, Stopping threads took: 0.0001081 seconds
2016-11-15T08:30:06.216+0100: 10803.409: Total time for which application threads were stopped: 0.0006062 seconds, Stopping threads took: 0.0001040 seconds
2016-11-15T08:30:07.218+0100: 10804.410: Total time for which application threads were stopped: 0.0011462 seconds, Stopping threads took: 0.0001561 seconds
2016-11-15T08:30:35.588+0100: 10832.781: Total time for which application threads were stopped: 0.0011323 seconds, Stopping threads took: 0.0001549 seconds
2016-11-15T08:30:35.589+0100: 10832.782: Total time for which application threads were stopped: 0.0006015 seconds, Stopping threads took: 0.0001164 seconds
2016-11-15T08:30:35.590+0100: 10832.782: Total time for which application threads were stopped: 0.0005922 seconds, Stopping threads took: 0.0001005 seconds
2016-11-15T08:30:35.795+0100: 10832.987: Total time for which application threads were stopped: 0.0009916 seconds, Stopping threads took: 0.0001325 seconds
2016-11-15T08:30:35.800+0100: 10832.993: [GC pause (G1 Evacuation Pause) (young)
Desired survivor size 80740352 bytes, new threshold 15 (max 15)
- age   1:    2717952 bytes,    2717952 total
- age   2:     133576 bytes,    2851528 total
- age   3:     191616 bytes,    3043144 total
- age   4:     192960 bytes,    3236104 total
- age   5:      85704 bytes,    3321808 total
- age   6:    1443224 bytes,    4765032 total
- age   7:    4077304 bytes,    8842336 total
- age   8:    6118168 bytes,   14960504 total
- age   9:   11649496 bytes,   26610000 total
- age  10:    2804456 bytes,   29414456 total
- age  11:    8504488 bytes,   37918944 total
- age  12:   18400720 bytes,   56319664 total
- age  13:   12599232 bytes,   68918896 total
2016-11-15T08:30:35.845+0100: 10833.037: [SoftReference, 545 refs, 0.0058895 secs]2016-11-15T08:30:35.850+0100: 10833.043: [WeakReference, 352 refs, 0.0031016 secs]2016-11-15T08:30:35.854+0100: 10833.046: [FinalReference, 2121 refs, 0.0032793 secs]2016-11-15T08:30:35.857+0100: 10833.049: [PhantomReference, 0 refs, 9 refs, 0.0065779 secs]2016-11-15T08:30:35.863+0100: 10833.056: [JNI Weak Reference, 0.0000467 secs], 0.0815766 secs]
   [Parallel Time: 39.9 ms, GC Workers: 43]
      [GC Worker Start (ms): Min: 10832993.3, Avg: 10832993.8, Max: 10832994.3, Diff: 1.0]
      [Ext Root Scanning (ms): Min: 1.4, Avg: 2.4, Max: 12.4, Diff: 11.0, Sum: 104.1]
      [Update RS (ms): Min: 0.0, Avg: 4.0, Max: 6.1, Diff: 6.1, Sum: 173.8]
         [Processed Buffers: Min: 0, Avg: 4.8, Max: 20, Diff: 20, Sum: 207]
      [Scan RS (ms): Min: 0.1, Avg: 0.7, Max: 1.2, Diff: 1.2, Sum: 29.8]
      [Code Root Scanning (ms): Min: 0.0, Avg: 0.6, Max: 1.6, Diff: 1.6, Sum: 27.1]
      [Object Copy (ms): Min: 25.7, Avg: 29.9, Max: 30.8, Diff: 5.0, Sum: 1286.9]
      [Termination (ms): Min: 0.0, Avg: 0.1, Max: 0.2, Diff: 0.2, Sum: 4.8]
         [Termination Attempts: Min: 1, Avg: 22.9, Max: 34, Diff: 33, Sum: 983]
      [GC Worker Other (ms): Min: 0.0, Avg: 0.4, Max: 0.9, Diff: 0.8, Sum: 16.7]
      [GC Worker Total (ms): Min: 37.5, Avg: 38.2, Max: 39.1, Diff: 1.6, Sum: 1643.3]
      [GC Worker End (ms): Min: 10833031.7, Avg: 10833032.0, Max: 10833032.5, Diff: 0.8]
   [Code Root Fixup: 1.9 ms]
   [Code Root Purge: 0.1 ms]
   [String Dedup Fixup: 3.2 ms, GC Workers: 43]
      [Queue Fixup (ms): Min: 0.0, Avg: 0.0, Max: 0.0, Diff: 0.0, Sum: 0.2]
      [Table Fixup (ms): Min: 0.9, Avg: 1.5, Max: 1.9, Diff: 0.9, Sum: 62.8]
   [Clear CT: 6.8 ms]
   [Other: 29.7 ms]
      [Choose CSet: 0.0 ms]
      [Ref Proc: 20.8 ms]
      [Ref Enq: 1.3 ms]
      [Redirty Cards: 1.3 ms]
      [Humongous Register: 0.2 ms]
      [Humongous Reclaim: 0.0 ms]
      [Free CSet: 5.2 ms]
   [Eden: 1130.0M(1130.0M)->0.0B(1128.0M) Survivors: 98.0M->100.0M Heap: 1666.7M(2048.0M)->539.2M(2048.0M)]
 [Times: user=2.01 sys=0.03, real=0.08 secs] 
2016-11-15T08:30:35.882+0100: 10833.075: Total time for which application threads were stopped: 0.0828731 seconds, Stopping threads took: 0.0000544 seconds
2016-11-15T08:30:35.884+0100: 10833.076: Total time for which application threads were stopped: 0.0011961 seconds, Stopping threads took: 0.0001686 seconds
2016-11-15T08:30:35.884+0100: 10833.077: [GC concurrent-string-deduplication, 50.3K->0.0B(50.3K), avg 61.0%, 0.0004058 secs]
2016-11-15T08:30:35.885+0100: 10833.077: Total time for which application threads were stopped: 0.0006748 seconds, Stopping threads took: 0.0001005 seconds
2016-11-15T08:30:35.886+0100: 10833.078: Total time for which application threads were stopped: 0.0006386 seconds, Stopping threads took: 0.0001161 seconds
2016-11-15T08:30:35.886+0100: 10833.079: Total time for which application threads were stopped: 0.0006305 seconds, Stopping threads took: 0.0001103 seconds
2016-11-15T08:30:35.887+0100: 10833.079: Total time for which application threads were stopped: 0.0006024 seconds, Stopping threads took: 0.0000855 seconds
2016-11-15T08:30:35.888+0100: 10833.080: Total time for which application threads were stopped: 0.0006217 seconds, Stopping threads took: 0.0001001 seconds
2016-11-15T08:30:35.888+0100: 10833.081: Total time for which application threads were stopped: 0.0006137 seconds, Stopping threads took: 0.0001014 seconds
2016-11-15T08:30:41.655+0100: 10838.847: Total time for which application threads were stopped: 0.0031888 seconds, Stopping threads took: 0.0001599 seconds
2016-11-15T08:30:41.657+0100: 10838.850: Total time for which application threads were stopped: 0.0021523 seconds, Stopping threads took: 0.0000411 seconds
2016-11-15T08:30:41.659+0100: 10838.852: Total time for which application threads were stopped: 0.0019700 seconds, Stopping threads took: 0.0000363 seconds
2016-11-15T08:30:41.664+0100: 10838.856: Total time for which application threads were stopped: 0.0006376 seconds, Stopping threads took: 0.0000518 seconds
2016-11-15T08:30:41.665+0100: 10838.857: Total time for which application threads were stopped: 0.0004610 seconds, Stopping threads took: 0.0000299 seconds
2016-11-15T08:30:41.665+0100: 10838.858: Total time for which application threads were stopped: 0.0004701 seconds, Stopping threads took: 0.0000299 seconds
2016-11-15T08:30:41.715+0100: 10838.907: Total time for which application threads were stopped: 0.0005494 seconds, Stopping threads took: 0.0000568 seconds
2016-11-15T08:30:46.716+0100: 10843.909: Total time for which application threads were stopped: 0.0010165 seconds, Stopping threads took: 0.0001520 seconds
2016-11-15T08:30:57.718+0100: 10854.910: Total time for which application threads were stopped: 0.0010428 seconds, Stopping threads took: 0.0001507 seconds
2016-11-15T08:31:02.265+0100: 10859.458: Total time for which application threads were stopped: 0.0011061 seconds, Stopping threads took: 0.0001884 seconds
2016-11-15T08:31:02.266+0100: 10859.459: Total time for which application threads were stopped: 0.0004618 seconds, Stopping threads took: 0.0000314 seconds
2016-11-15T08:31:02.267+0100: 10859.459: Total time for which application threads were stopped: 0.0004633 seconds, Stopping threads took: 0.0000298 seconds
2016-11-15T08:31:02.413+0100: 10859.605: Total time for which application threads were stopped: 0.0007346 seconds, Stopping threads took: 0.0000788 seconds
2016-11-15T08:31:10.239+0100: 10867.431: Total time for which application threads were stopped: 0.0011611 seconds, Stopping threads took: 0.0001670 seconds
2016-11-15T08:31:10.239+0100: 10867.432: Total time for which application threads were stopped: 0.0004881 seconds, Stopping threads took: 0.0000358 seconds
2016-11-15T08:31:10.240+0100: 10867.432: Total time for which application threads were stopped: 0.0004837 seconds, Stopping threads took: 0.0000303 seconds
2016-11-15T08:31:10.302+0100: 10867.494: Total time for which application threads were stopped: 0.0006561 seconds, Stopping threads took: 0.0000683 seconds
2016-11-15T08:31:10.302+0100: 10867.495: Total time for which application threads were stopped: 0.0004789 seconds, Stopping threads took: 0.0000326 seconds
2016-11-15T08:31:10.303+0100: 10867.495: Total time for which application threads were stopped: 0.0004905 seconds, Stopping threads took: 0.0000324 seconds
2016-11-15T08:31:10.321+0100: 10867.513: Total time for which application threads were stopped: 0.0006650 seconds, Stopping threads took: 0.0000635 seconds
2016-11-15T08:31:11.322+0100: 10868.514: Total time for which application threads were stopped: 0.0010646 seconds, Stopping threads took: 0.0001504 seconds
2016-11-15T08:31:14.323+0100: 10871.516: Total time for which application threads were stopped: 0.0011007 seconds, Stopping threads took: 0.0001502 seconds
2016-11-15T08:31:15.171+0100: 10872.364: Total time for which application threads were stopped: 0.0012058 seconds, Stopping threads took: 0.0001692 seconds
2016-11-15T08:31:15.172+0100: 10872.365: Total time for which application threads were stopped: 0.0005954 seconds, Stopping threads took: 0.0000816 seconds
2016-11-15T08:31:15.173+0100: 10872.365: Total time for which application threads were stopped: 0.0006896 seconds, Stopping threads took: 0.0001755 seconds
2016-11-15T08:31:15.216+0100: 10872.409: Total time for which application threads were stopped: 0.0006320 seconds, Stopping threads took: 0.0000683 seconds
2016-11-15T08:31:16.217+0100: 10873.410: Total time for which application threads were stopped: 0.0009850 seconds, Stopping threads took: 0.0001371 seconds
2016-11-15T08:31:29.808+0100: 10887.000: Total time for which application threads were stopped: 0.0011397 seconds, Stopping threads took: 0.0001587 seconds
2016-11-15T08:31:29.808+0100: 10887.001: Total time for which application threads were stopped: 0.0005036 seconds, Stopping threads took: 0.0000316 seconds
2016-11-15T08:31:29.809+0100: 10887.001: Total time for which application threads were stopped: 0.0006026 seconds, Stopping threads took: 0.0000330 seconds
2016-11-15T08:31:29.912+0100: 10887.104: Total time for which application threads were stopped: 0.0011582 seconds, Stopping threads took: 0.0001501 seconds
2016-11-15T08:31:33.261+0100: 10890.454: Total time for which application threads were stopped: 0.0011337 seconds, Stopping threads took: 0.0001646 seconds
2016-11-15T08:31:33.262+0100: 10890.454: Total time for which application threads were stopped: 0.0005035 seconds, Stopping threads took: 0.0000762 seconds
2016-11-15T08:31:33.262+0100: 10890.455: Total time for which application threads were stopped: 0.0005076 seconds, Stopping threads took: 0.0000782 seconds
2016-11-15T08:31:33.312+0100: 10890.504: Total time for which application threads were stopped: 0.0005575 seconds, Stopping threads took: 0.0000587 seconds
2016-11-15T08:31:33.312+0100: 10890.505: Total time for which application threads were stopped: 0.0004538 seconds, Stopping threads took: 0.0000324 seconds
2016-11-15T08:31:33.313+0100: 10890.505: Total time for which application threads were stopped: 0.0004687 seconds, Stopping threads took: 0.0000367 seconds
2016-11-15T08:31:33.342+0100: 10890.534: Total time for which application threads were stopped: 0.0006330 seconds, Stopping threads took: 0.0000667 seconds
2016-11-15T08:31:40.273+0100: 10897.465: Total time for which application threads were stopped: 0.0010963 seconds, Stopping threads took: 0.0001520 seconds
2016-11-15T08:31:40.273+0100: 10897.466: Total time for which application threads were stopped: 0.0004840 seconds, Stopping threads took: 0.0000320 seconds
2016-11-15T08:31:40.274+0100: 10897.466: Total time for which application threads were stopped: 0.0004938 seconds, Stopping threads took: 0.0000280 seconds
2016-11-15T08:31:40.333+0100: 10897.525: Total time for which application threads were stopped: 0.0005879 seconds, Stopping threads took: 0.0000534 seconds
2016-11-15T08:31:44.334+0100: 10901.526: Total time for which application threads were stopped: 0.0010491 seconds, Stopping threads took: 0.0001559 seconds
2016-11-15T08:31:53.336+0100: 10910.528: Total time for which application threads were stopped: 0.0010675 seconds, Stopping threads took: 0.0001777 seconds
2016-11-15T08:32:16.338+0100: 10933.531: Total time for which application threads were stopped: 0.0010568 seconds, Stopping threads took: 0.0001610 seconds
2016-11-15T08:32:16.697+0100: 10933.890: Total time for which application threads were stopped: 0.0008735 seconds, Stopping threads took: 0.0001087 seconds
2016-11-15T08:32:16.698+0100: 10933.890: Total time for which application threads were stopped: 0.0004632 seconds, Stopping threads took: 0.0000337 seconds
2016-11-15T08:32:16.698+0100: 10933.891: Total time for which application threads were stopped: 0.0004583 seconds, Stopping threads took: 0.0000324 seconds
2016-11-15T08:32:17.045+0100: 10934.237: Total time for which application threads were stopped: 0.0008109 seconds, Stopping threads took: 0.0001021 seconds
2016-11-15T08:32:17.315+0100: 10934.508: Total time for which application threads were stopped: 0.0009159 seconds, Stopping threads took: 0.0001244 seconds
2016-11-15T08:32:17.316+0100: 10934.508: Total time for which application threads were stopped: 0.0004595 seconds, Stopping threads took: 0.0000337 seconds
2016-11-15T08:32:17.317+0100: 10934.509: Total time for which application threads were stopped: 0.0004596 seconds, Stopping threads took: 0.0000304 seconds
2016-11-15T08:32:17.865+0100: 10935.057: Total time for which application threads were stopped: 0.0031495 seconds, Stopping threads took: 0.0001089 seconds
2016-11-15T08:32:18.866+0100: 10936.059: Total time for which application threads were stopped: 0.0010159 seconds, Stopping threads took: 0.0001366 seconds
2016-11-15T08:32:19.528+0100: 10936.720: Total time for which application threads were stopped: 0.0010681 seconds, Stopping threads took: 0.0001412 seconds
2016-11-15T08:32:20.529+0100: 10937.722: Total time for which application threads were stopped: 0.0011114 seconds, Stopping threads took: 0.0001454 seconds
2016-11-15T08:32:23.457+0100: 10940.649: Total time for which application threads were stopped: 0.0011073 seconds, Stopping threads took: 0.0001450 seconds
2016-11-15T08:32:23.458+0100: 10940.650: Total time for which application threads were stopped: 0.0004931 seconds, Stopping threads took: 0.0000369 seconds
2016-11-15T08:32:23.458+0100: 10940.651: Total time for which application threads were stopped: 0.0004453 seconds, Stopping threads took: 0.0000281 seconds
2016-11-15T08:32:23.778+0100: 10940.970: Total time for which application threads were stopped: 0.0010482 seconds, Stopping threads took: 0.0001575 seconds
2016-11-15T08:32:32.780+0100: 10949.972: Total time for which application threads were stopped: 0.0011910 seconds, Stopping threads took: 0.0001597 seconds
2016-11-15T08:32:32.781+0100: 10949.974: Total time for which application threads were stopped: 0.0007887 seconds, Stopping threads took: 0.0001154 seconds
2016-11-15T08:32:32.782+0100: 10949.974: Total time for which application threads were stopped: 0.0005802 seconds, Stopping threads took: 0.0000973 seconds
2016-11-15T08:32:32.831+0100: 10950.023: Total time for which application threads were stopped: 0.0008281 seconds, Stopping threads took: 0.0001075 seconds
2016-11-15T08:32:38.728+0100: 10955.921: Total time for which application threads were stopped: 0.0034426 seconds, Stopping threads took: 0.0001542 seconds
2016-11-15T08:32:39.028+0100: 10956.221: Total time for which application threads were stopped: 0.0012280 seconds, Stopping threads took: 0.0001622 seconds
2016-11-15T08:32:39.348+0100: 10956.540: Total time for which application threads were stopped: 0.0013243 seconds, Stopping threads took: 0.0002232 seconds
2016-11-15T08:32:39.354+0100: 10956.546: Total time for which application threads were stopped: 0.0008534 seconds, Stopping threads took: 0.0002280 seconds
2016-11-15T08:32:39.366+0100: 10956.558: Total time for which application threads were stopped: 0.0046289 seconds, Stopping threads took: 0.0000851 seconds
2016-11-15T08:32:40.367+0100: 10957.560: Total time for which application threads were stopped: 0.0011982 seconds, Stopping threads took: 0.0001605 seconds
2016-11-15T08:32:41.227+0100: 10958.419: Total time for which application threads were stopped: 0.0012871 seconds, Stopping threads took: 0.0001354 seconds
2016-11-15T08:32:41.229+0100: 10958.421: Total time for which application threads were stopped: 0.0007431 seconds, Stopping threads took: 0.0000485 seconds
2016-11-15T08:32:41.427+0100: 10958.620: Total time for which application threads were stopped: 0.0013212 seconds, Stopping threads took: 0.0002409 seconds
2016-11-15T08:32:41.507+0100: 10958.699: Total time for which application threads were stopped: 0.0010495 seconds, Stopping threads took: 0.0001269 seconds
2016-11-15T08:32:41.508+0100: 10958.700: Total time for which application threads were stopped: 0.0006080 seconds, Stopping threads took: 0.0000423 seconds
2016-11-15T08:32:41.509+0100: 10958.702: Total time for which application threads were stopped: 0.0006396 seconds, Stopping threads took: 0.0000489 seconds
2016-11-15T08:32:41.510+0100: 10958.702: Total time for which application threads were stopped: 0.0005854 seconds, Stopping threads took: 0.0000357 seconds
2016-11-15T08:32:42.511+0100: 10959.704: Total time for which application threads were stopped: 0.0011411 seconds, Stopping threads took: 0.0001604 seconds
2016-11-15T08:32:43.512+0100: 10960.705: Total time for which application threads were stopped: 0.0009939 seconds, Stopping threads took: 0.0001407 seconds
2016-11-15T08:32:45.513+0100: 10962.706: Total time for which application threads were stopped: 0.0010214 seconds, Stopping threads took: 0.0001527 seconds
2016-11-15T08:32:46.242+0100: 10963.434: Total time for which application threads were stopped: 0.0010709 seconds, Stopping threads took: 0.0001558 seconds
2016-11-15T08:32:46.243+0100: 10963.435: Total time for which application threads were stopped: 0.0004646 seconds, Stopping threads took: 0.0000335 seconds
2016-11-15T08:32:46.243+0100: 10963.435: Total time for which application threads were stopped: 0.0004600 seconds, Stopping threads took: 0.0000297 seconds
2016-11-15T08:32:46.501+0100: 10963.694: Total time for which application threads were stopped: 0.0007673 seconds, Stopping threads took: 0.0000963 seconds
2016-11-15T08:32:49.502+0100: 10966.695: Total time for which application threads were stopped: 0.0010992 seconds, Stopping threads took: 0.0001618 seconds
2016-11-15T08:32:50.504+0100: 10967.696: Total time for which application threads were stopped: 0.0011032 seconds, Stopping threads took: 0.0001683 seconds
2016-11-15T08:32:50.754+0100: 10967.946: Total time for which application threads were stopped: 0.0011110 seconds, Stopping threads took: 0.0001463 seconds
2016-11-15T08:32:50.755+0100: 10967.947: Total time for which application threads were stopped: 0.0005600 seconds, Stopping threads took: 0.0000685 seconds
2016-11-15T08:32:50.755+0100: 10967.948: Total time for which application threads were stopped: 0.0005928 seconds, Stopping threads took: 0.0001008 seconds
2016-11-15T08:32:50.756+0100: 10967.949: Total time for which application threads were stopped: 0.0005601 seconds, Stopping threads took: 0.0000760 seconds
2016-11-15T08:32:50.757+0100: 10967.949: Total time for which application threads were stopped: 0.0005657 seconds, Stopping threads took: 0.0000848 seconds
2016-11-15T08:32:50.757+0100: 10967.950: Total time for which application threads were stopped: 0.0005716 seconds, Stopping threads took: 0.0000673 seconds
2016-11-15T08:32:51.113+0100: 10968.305: Total time for which application threads were stopped: 0.0010485 seconds, Stopping threads took: 0.0001243 seconds
2016-11-15T08:32:51.114+0100: 10968.306: Total time for which application threads were stopped: 0.0006080 seconds, Stopping threads took: 0.0001072 seconds
2016-11-15T08:32:52.031+0100: 10969.224: Total time for which application threads were stopped: 0.0010179 seconds, Stopping threads took: 0.0001380 seconds
2016-11-15T08:32:52.032+0100: 10969.225: Total time for which application threads were stopped: 0.0004674 seconds, Stopping threads took: 0.0000327 seconds
2016-11-15T08:32:52.033+0100: 10969.225: Total time for which application threads were stopped: 0.0005259 seconds, Stopping threads took: 0.0000277 seconds
2016-11-15T08:32:52.286+0100: 10969.479: Total time for which application threads were stopped: 0.0007687 seconds, Stopping threads took: 0.0000966 seconds
2016-11-15T08:32:57.288+0100: 10974.480: Total time for which application threads were stopped: 0.0011130 seconds, Stopping threads took: 0.0001760 seconds
2016-11-15T08:33:01.289+0100: 10978.482: Total time for which application threads were stopped: 0.0015757 seconds, Stopping threads took: 0.0002379 seconds
2016-11-15T08:33:02.291+0100: 10979.483: Total time for which application threads were stopped: 0.0010895 seconds, Stopping threads took: 0.0001606 seconds
2016-11-15T08:33:04.292+0100: 10981.484: Total time for which application threads were stopped: 0.0011263 seconds, Stopping threads took: 0.0001561 seconds
2016-11-15T08:33:05.293+0100: 10982.486: Total time for which application threads were stopped: 0.0011267 seconds, Stopping threads took: 0.0001462 seconds
2016-11-15T08:33:09.295+0100: 10986.487: Total time for which application threads were stopped: 0.0011258 seconds, Stopping threads took: 0.0001511 seconds
2016-11-15T08:33:15.296+0100: 10992.489: Total time for which application threads were stopped: 0.0011666 seconds, Stopping threads took: 0.0001679 seconds
2016-11-15T08:33:15.561+0100: 10992.754: Total time for which application threads were stopped: 0.0012534 seconds, Stopping threads took: 0.0002124 seconds
2016-11-15T08:33:16.562+0100: 10993.755: Total time for which application threads were stopped: 0.0012172 seconds, Stopping threads took: 0.0001626 seconds
2016-11-15T08:33:17.564+0100: 10994.756: Total time for which application threads were stopped: 0.0011957 seconds, Stopping threads took: 0.0001631 seconds
2016-11-15T08:33:32.566+0100: 11009.758: Total time for which application threads were stopped: 0.0011281 seconds, Stopping threads took: 0.0001556 seconds
2016-11-15T08:33:39.270+0100: 11016.462: Total time for which application threads were stopped: 0.0012160 seconds, Stopping threads took: 0.0001732 seconds
2016-11-15T08:33:39.271+0100: 11016.463: Total time for which application threads were stopped: 0.0005282 seconds, Stopping threads took: 0.0000419 seconds
2016-11-15T08:33:39.272+0100: 11016.465: Total time for which application threads were stopped: 0.0015519 seconds, Stopping threads took: 0.0001686 seconds
2016-11-15T08:33:39.402+0100: 11016.594: Total time for which application threads were stopped: 0.0012913 seconds, Stopping threads took: 0.0002044 seconds
2016-11-15T08:33:43.404+0100: 11020.596: Total time for which application threads were stopped: 0.0014021 seconds, Stopping threads took: 0.0001665 seconds
2016-11-15T08:33:44.920+0100: 11022.112: Total time for which application threads were stopped: 0.0014106 seconds, Stopping threads took: 0.0001647 seconds
2016-11-15T08:33:44.921+0100: 11022.113: Total time for which application threads were stopped: 0.0009262 seconds, Stopping threads took: 0.0000709 seconds
2016-11-15T08:33:44.922+0100: 11022.114: Total time for which application threads were stopped: 0.0007342 seconds, Stopping threads took: 0.0000450 seconds
2016-11-15T08:33:45.104+0100: 11022.297: Total time for which application threads were stopped: 0.0013492 seconds, Stopping threads took: 0.0001600 seconds
2016-11-15T08:33:46.106+0100: 11023.298: Total time for which application threads were stopped: 0.0013715 seconds, Stopping threads took: 0.0001717 seconds
2016-11-15T08:33:50.748+0100: 11027.941: Total time for which application threads were stopped: 0.0012073 seconds, Stopping threads took: 0.0001618 seconds
2016-11-15T08:33:51.175+0100: 11028.368: Total time for which application threads were stopped: 0.0012156 seconds, Stopping threads took: 0.0001514 seconds
2016-11-15T08:33:51.176+0100: 11028.369: Total time for which application threads were stopped: 0.0006324 seconds, Stopping threads took: 0.0000366 seconds
2016-11-15T08:33:51.177+0100: 11028.369: Total time for which application threads were stopped: 0.0005590 seconds, Stopping threads took: 0.0000382 seconds
2016-11-15T08:33:51.364+0100: 11028.556: Total time for which application threads were stopped: 0.0012015 seconds, Stopping threads took: 0.0001613 seconds
2016-11-15T08:33:52.365+0100: 11029.558: Total time for which application threads were stopped: 0.0012438 seconds, Stopping threads took: 0.0001506 seconds
2016-11-15T08:33:53.366+0100: 11030.559: Total time for which application threads were stopped: 0.0011529 seconds, Stopping threads took: 0.0001442 seconds
2016-11-15T08:33:54.729+0100: 11031.922: Total time for which application threads were stopped: 0.0011411 seconds, Stopping threads took: 0.0001617 seconds
2016-11-15T08:33:54.732+0100: 11031.924: Total time for which application threads were stopped: 0.0025043 seconds, Stopping threads took: 0.0000353 seconds
2016-11-15T08:33:54.733+0100: 11031.925: Total time for which application threads were stopped: 0.0009004 seconds, Stopping threads took: 0.0001085 seconds
2016-11-15T08:33:54.782+0100: 11031.975: Total time for which application threads were stopped: 0.0011865 seconds, Stopping threads took: 0.0001558 seconds
2016-11-15T08:33:54.880+0100: 11032.073: Total time for which application threads were stopped: 0.0011792 seconds, Stopping threads took: 0.0001448 seconds
2016-11-15T08:33:55.882+0100: 11033.074: Total time for which application threads were stopped: 0.0011413 seconds, Stopping threads took: 0.0001551 seconds
2016-11-15T08:34:00.883+0100: 11038.076: Total time for which application threads were stopped: 0.0011892 seconds, Stopping threads took: 0.0001537 seconds
2016-11-15T08:34:02.494+0100: 11039.687: Total time for which application threads were stopped: 0.0032783 seconds, Stopping threads took: 0.0001608 seconds
2016-11-15T08:34:02.496+0100: 11039.688: Total time for which application threads were stopped: 0.0007240 seconds, Stopping threads took: 0.0000800 seconds
2016-11-15T08:34:02.498+0100: 11039.690: Total time for which application threads were stopped: 0.0021953 seconds, Stopping threads took: 0.0000999 seconds
2016-11-15T08:34:02.529+0100: 11039.721: Total time for which application threads were stopped: 0.0008135 seconds, Stopping threads took: 0.0000821 seconds
2016-11-15T08:34:02.530+0100: 11039.722: Total time for which application threads were stopped: 0.0004828 seconds, Stopping threads took: 0.0000288 seconds
2016-11-15T08:34:02.559+0100: 11039.751: Total time for which application threads were stopped: 0.0012749 seconds, Stopping threads took: 0.0002297 seconds
2016-11-15T08:34:02.560+0100: 11039.752: Total time for which application threads were stopped: 0.0007735 seconds, Stopping threads took: 0.0001626 seconds
2016-11-15T08:34:02.561+0100: 11039.753: Total time for which application threads were stopped: 0.0007906 seconds, Stopping threads took: 0.0001184 seconds
2016-11-15T08:34:02.628+0100: 11039.820: Total time for which application threads were stopped: 0.0011709 seconds, Stopping threads took: 0.0001816 seconds
2016-11-15T08:34:02.639+0100: 11039.831: Total time for which application threads were stopped: 0.0007168 seconds, Stopping threads took: 0.0000715 seconds
2016-11-15T08:34:03.037+0100: 11040.229: Total time for which application threads were stopped: 0.0011957 seconds, Stopping threads took: 0.0001579 seconds
2016-11-15T08:34:03.037+0100: 11040.230: Total time for which application threads were stopped: 0.0005069 seconds, Stopping threads took: 0.0000324 seconds
2016-11-15T08:34:03.038+0100: 11040.231: Total time for which application threads were stopped: 0.0005587 seconds, Stopping threads took: 0.0000837 seconds
2016-11-15T08:34:03.111+0100: 11040.304: Total time for which application threads were stopped: 0.0011173 seconds, Stopping threads took: 0.0001247 seconds
2016-11-15T08:34:06.113+0100: 11043.305: Total time for which application threads were stopped: 0.0011578 seconds, Stopping threads took: 0.0001745 seconds
2016-11-15T08:34:06.143+0100: 11043.335: Total time for which application threads were stopped: 0.0010863 seconds, Stopping threads took: 0.0001199 seconds
2016-11-15T08:34:06.144+0100: 11043.336: Total time for which application threads were stopped: 0.0005481 seconds, Stopping threads took: 0.0000412 seconds
2016-11-15T08:34:06.144+0100: 11043.337: Total time for which application threads were stopped: 0.0004907 seconds, Stopping threads took: 0.0000309 seconds
2016-11-15T08:34:06.173+0100: 11043.366: Total time for which application threads were stopped: 0.0007564 seconds, Stopping threads took: 0.0000772 seconds
2016-11-15T08:34:06.406+0100: 11043.598: Total time for which application threads were stopped: 0.0011611 seconds, Stopping threads took: 0.0001506 seconds
2016-11-15T08:34:06.407+0100: 11043.599: Total time for which application threads were stopped: 0.0005478 seconds, Stopping threads took: 0.0000750 seconds
2016-11-15T08:34:06.407+0100: 11043.600: Total time for which application threads were stopped: 0.0005058 seconds, Stopping threads took: 0.0000422 seconds
2016-11-15T08:34:06.456+0100: 11043.648: Total time for which application threads were stopped: 0.0009915 seconds, Stopping threads took: 0.0001707 seconds
2016-11-15T08:34:07.278+0100: 11044.470: Total time for which application threads were stopped: 0.0011060 seconds, Stopping threads took: 0.0001440 seconds
2016-11-15T08:34:07.278+0100: 11044.471: Total time for which application threads were stopped: 0.0004811 seconds, Stopping threads took: 0.0000326 seconds
2016-11-15T08:34:07.279+0100: 11044.471: Total time for which application threads were stopped: 0.0004736 seconds, Stopping threads took: 0.0000295 seconds
2016-11-15T08:34:07.445+0100: 11044.637: Total time for which application threads were stopped: 0.0010498 seconds, Stopping threads took: 0.0001314 seconds
2016-11-15T08:34:10.446+0100: 11047.638: Total time for which application threads were stopped: 0.0010368 seconds, Stopping threads took: 0.0001511 seconds
2016-11-15T08:34:11.371+0100: 11048.563: Total time for which application threads were stopped: 0.0010671 seconds, Stopping threads took: 0.0001329 seconds
2016-11-15T08:34:11.372+0100: 11048.564: Total time for which application threads were stopped: 0.0005347 seconds, Stopping threads took: 0.0000535 seconds
2016-11-15T08:34:11.372+0100: 11048.565: Total time for which application threads were stopped: 0.0004655 seconds, Stopping threads took: 0.0000325 seconds
2016-11-15T08:34:11.513+0100: 11048.705: Total time for which application threads were stopped: 0.0009923 seconds, Stopping threads took: 0.0001198 seconds
2016-11-15T08:34:12.997+0100: 11050.190: Total time for which application threads were stopped: 0.0011077 seconds, Stopping threads took: 0.0001503 seconds
2016-11-15T08:34:12.999+0100: 11050.191: Total time for which application threads were stopped: 0.0005257 seconds, Stopping threads took: 0.0000472 seconds
2016-11-15T08:34:12.999+0100: 11050.192: Total time for which application threads were stopped: 0.0004457 seconds, Stopping threads took: 0.0000281 seconds
2016-11-15T08:34:13.088+0100: 11050.281: Total time for which application threads were stopped: 0.0006261 seconds, Stopping threads took: 0.0000578 seconds
2016-11-15T08:34:16.089+0100: 11053.282: Total time for which application threads were stopped: 0.0010184 seconds, Stopping threads took: 0.0001481 seconds
2016-11-15T08:34:18.142+0100: 11055.334: [GC pause (G1 Evacuation Pause) (young)
Desired survivor size 80740352 bytes, new threshold 15 (max 15)
- age   1:    2250632 bytes,    2250632 total
- age   2:    2400792 bytes,    4651424 total
- age   3:     133576 bytes,    4785000 total
- age   4:     133528 bytes,    4918528 total
- age   5:     192760 bytes,    5111288 total
- age   6:      85704 bytes,    5196992 total
- age   7:    1406432 bytes,    6603424 total
- age   8:    3977840 bytes,   10581264 total
- age   9:    6052120 bytes,   16633384 total
- age  10:   11253536 bytes,   27886920 total
- age  11:    2799048 bytes,   30685968 total
- age  12:    8466608 bytes,   39152576 total
- age  13:   18315816 bytes,   57468392 total
- age  14:   12599016 bytes,   70067408 total
2016-11-15T08:34:18.189+0100: 11055.381: [SoftReference, 244 refs, 0.0057388 secs]2016-11-15T08:34:18.195+0100: 11055.387: [WeakReference, 420 refs, 0.0034393 secs]2016-11-15T08:34:18.198+0100: 11055.391: [FinalReference, 2736 refs, 0.0034618 secs]2016-11-15T08:34:18.202+0100: 11055.394: [PhantomReference, 0 refs, 9 refs, 0.0072029 secs]2016-11-15T08:34:18.209+0100: 11055.401: [JNI Weak Reference, 0.0000508 secs], 0.0852695 secs]
   [Parallel Time: 41.9 ms, GC Workers: 43]
      [GC Worker Start (ms): Min: 11055335.1, Avg: 11055335.6, Max: 11055336.1, Diff: 1.0]
      [Ext Root Scanning (ms): Min: 1.5, Avg: 2.5, Max: 12.0, Diff: 10.6, Sum: 105.6]
      [Update RS (ms): Min: 0.0, Avg: 4.2, Max: 6.9, Diff: 6.9, Sum: 182.3]
         [Processed Buffers: Min: 0, Avg: 4.7, Max: 20, Diff: 20, Sum: 200]
      [Scan RS (ms): Min: 0.1, Avg: 0.7, Max: 1.5, Diff: 1.4, Sum: 29.6]
      [Code Root Scanning (ms): Min: 0.0, Avg: 0.7, Max: 1.8, Diff: 1.8, Sum: 32.0]
      [Object Copy (ms): Min: 28.1, Avg: 31.5, Max: 32.6, Diff: 4.5, Sum: 1355.9]
      [Termination (ms): Min: 0.0, Avg: 0.0, Max: 0.1, Diff: 0.1, Sum: 1.4]
         [Termination Attempts: Min: 1, Avg: 6.0, Max: 19, Diff: 18, Sum: 257]
      [GC Worker Other (ms): Min: 0.0, Avg: 0.4, Max: 0.9, Diff: 0.8, Sum: 16.7]
      [GC Worker Total (ms): Min: 39.3, Avg: 40.1, Max: 40.9, Diff: 1.5, Sum: 1723.6]
      [GC Worker End (ms): Min: 11055375.3, Avg: 11055375.7, Max: 11055376.2, Diff: 0.9]
   [Code Root Fixup: 2.2 ms]
   [Code Root Purge: 0.2 ms]
   [String Dedup Fixup: 2.6 ms, GC Workers: 43]
      [Queue Fixup (ms): Min: 0.0, Avg: 0.0, Max: 0.1, Diff: 0.1, Sum: 0.2]
      [Table Fixup (ms): Min: 0.9, Avg: 1.4, Max: 1.9, Diff: 1.0, Sum: 61.6]
   [Clear CT: 6.9 ms]
   [Other: 31.5 ms]
      [Choose CSet: 0.3 ms]
      [Ref Proc: 22.2 ms]
      [Ref Enq: 1.3 ms]
      [Redirty Cards: 1.3 ms]
      [Humongous Register: 0.2 ms]
      [Humongous Reclaim: 0.0 ms]
      [Free CSet: 5.3 ms]
   [Eden: 1128.0M(1128.0M)->0.0B(1128.0M) Survivors: 100.0M->100.0M Heap: 1667.2M(2048.0M)->539.2M(2048.0M)]
 [Times: user=2.13 sys=0.00, real=0.08 secs] 
2016-11-15T08:34:18.227+0100: 11055.420: Total time for which application threads were stopped: 0.0871087 seconds, Stopping threads took: 0.0001687 seconds
2016-11-15T08:34:18.230+0100: 11055.422: Total time for which application threads were stopped: 0.0011540 seconds, Stopping threads took: 0.0000898 seconds
2016-11-15T08:34:18.230+0100: 11055.423: Total time for which application threads were stopped: 0.0007168 seconds, Stopping threads took: 0.0001745 seconds
2016-11-15T08:34:18.231+0100: 11055.424: Total time for which application threads were stopped: 0.0006961 seconds, Stopping threads took: 0.0001404 seconds
2016-11-15T08:34:18.232+0100: 11055.425: Total time for which application threads were stopped: 0.0006149 seconds, Stopping threads took: 0.0000441 seconds
2016-11-15T08:34:18.232+0100: 11055.425: [GC concurrent-string-deduplication, 121.8K->19.5K(102.2K), avg 61.0%, 0.0013402 secs]
2016-11-15T08:34:18.233+0100: 11055.425: Total time for which application threads were stopped: 0.0007100 seconds, Stopping threads took: 0.0001335 seconds
2016-11-15T08:34:18.234+0100: 11055.426: Total time for which application threads were stopped: 0.0006528 seconds, Stopping threads took: 0.0000835 seconds
2016-11-15T08:34:18.235+0100: 11055.427: Total time for which application threads were stopped: 0.0006469 seconds, Stopping threads took: 0.0001023 seconds
2016-11-15T08:34:18.235+0100: 11055.428: Total time for which application threads were stopped: 0.0006874 seconds, Stopping threads took: 0.0001411 seconds
2016-11-15T08:34:18.236+0100: 11055.429: Total time for which application threads were stopped: 0.0006574 seconds, Stopping threads took: 0.0001135 seconds
2016-11-15T08:34:18.237+0100: 11055.429: Total time for which application threads were stopped: 0.0006080 seconds, Stopping threads took: 0.0000797 seconds
2016-11-15T08:34:18.237+0100: 11055.430: Total time for which application threads were stopped: 0.0006242 seconds, Stopping threads took: 0.0000942 seconds
2016-11-15T08:34:18.238+0100: 11055.431: Total time for which application threads were stopped: 0.0006546 seconds, Stopping threads took: 0.0001086 seconds
2016-11-15T08:34:18.241+0100: 11055.434: Total time for which application threads were stopped: 0.0029981 seconds, Stopping threads took: 0.0001247 seconds
2016-11-15T08:34:29.243+0100: 11066.436: Total time for which application threads were stopped: 0.0010546 seconds, Stopping threads took: 0.0001587 seconds
2016-11-15T08:34:29.982+0100: 11067.175: Total time for which application threads were stopped: 0.0010202 seconds, Stopping threads took: 0.0001368 seconds
2016-11-15T08:34:29.983+0100: 11067.175: Total time for which application threads were stopped: 0.0004642 seconds, Stopping threads took: 0.0000328 seconds
2016-11-15T08:34:29.983+0100: 11067.176: Total time for which application threads were stopped: 0.0004652 seconds, Stopping threads took: 0.0000293 seconds
2016-11-15T08:34:30.025+0100: 11067.218: Total time for which application threads were stopped: 0.0009978 seconds, Stopping threads took: 0.0001320 seconds
2016-11-15T08:34:34.941+0100: 11072.133: Total time for which application threads were stopped: 0.0011076 seconds, Stopping threads took: 0.0001402 seconds
2016-11-15T08:34:34.942+0100: 11072.134: Total time for which application threads were stopped: 0.0004666 seconds, Stopping threads took: 0.0000327 seconds
2016-11-15T08:34:34.942+0100: 11072.135: Total time for which application threads were stopped: 0.0004689 seconds, Stopping threads took: 0.0000301 seconds
2016-11-15T08:34:35.083+0100: 11072.276: Total time for which application threads were stopped: 0.0006406 seconds, Stopping threads took: 0.0000693 seconds
2016-11-15T08:34:42.366+0100: 11079.558: Total time for which application threads were stopped: 0.0010711 seconds, Stopping threads took: 0.0001405 seconds
2016-11-15T08:34:42.367+0100: 11079.560: Total time for which application threads were stopped: 0.0005274 seconds, Stopping threads took: 0.0000460 seconds
2016-11-15T08:34:42.368+0100: 11079.560: Total time for which application threads were stopped: 0.0004507 seconds, Stopping threads took: 0.0000338 seconds
2016-11-15T08:34:42.484+0100: 11079.676: Total time for which application threads were stopped: 0.0010287 seconds, Stopping threads took: 0.0001221 seconds
2016-11-15T08:34:45.786+0100: 11082.978: Total time for which application threads were stopped: 0.0010659 seconds, Stopping threads took: 0.0001510 seconds
2016-11-15T08:34:45.786+0100: 11082.979: Total time for which application threads were stopped: 0.0004629 seconds, Stopping threads took: 0.0000328 seconds
2016-11-15T08:34:45.787+0100: 11082.979: Total time for which application threads were stopped: 0.0004705 seconds, Stopping threads took: 0.0000335 seconds
2016-11-15T08:34:45.957+0100: 11083.150: Total time for which application threads were stopped: 0.0027595 seconds, Stopping threads took: 0.0000817 seconds
2016-11-15T08:34:49.115+0100: 11086.308: Total time for which application threads were stopped: 0.0010645 seconds, Stopping threads took: 0.0001433 seconds
2016-11-15T08:34:49.117+0100: 11086.309: Total time for which application threads were stopped: 0.0005709 seconds, Stopping threads took: 0.0000361 seconds
2016-11-15T08:34:49.117+0100: 11086.309: Total time for which application threads were stopped: 0.0004603 seconds, Stopping threads took: 0.0000307 seconds
2016-11-15T08:34:49.237+0100: 11086.430: Total time for which application threads were stopped: 0.0006875 seconds, Stopping threads took: 0.0000705 seconds
2016-11-15T08:34:55.239+0100: 11092.431: Total time for which application threads were stopped: 0.0010073 seconds, Stopping threads took: 0.0001388 seconds
2016-11-15T08:34:56.240+0100: 11093.432: Total time for which application threads were stopped: 0.0010333 seconds, Stopping threads took: 0.0001396 seconds
2016-11-15T08:35:03.271+0100: 11100.464: Total time for which application threads were stopped: 0.0010786 seconds, Stopping threads took: 0.0001505 seconds
2016-11-15T08:35:03.272+0100: 11100.464: Total time for which application threads were stopped: 0.0004653 seconds, Stopping threads took: 0.0000326 seconds
2016-11-15T08:35:03.272+0100: 11100.465: Total time for which application threads were stopped: 0.0004844 seconds, Stopping threads took: 0.0000291 seconds
2016-11-15T08:35:03.402+0100: 11100.594: Total time for which application threads were stopped: 0.0006673 seconds, Stopping threads took: 0.0000726 seconds
2016-11-15T08:35:06.280+0100: 11103.472: Total time for which application threads were stopped: 0.0010557 seconds, Stopping threads took: 0.0001449 seconds
2016-11-15T08:35:06.281+0100: 11103.474: Total time for which application threads were stopped: 0.0004927 seconds, Stopping threads took: 0.0000481 seconds
2016-11-15T08:35:06.282+0100: 11103.474: Total time for which application threads were stopped: 0.0005183 seconds, Stopping threads took: 0.0000757 seconds
2016-11-15T08:35:06.365+0100: 11103.557: Total time for which application threads were stopped: 0.0010173 seconds, Stopping threads took: 0.0001278 seconds
2016-11-15T08:35:12.062+0100: 11109.254: Total time for which application threads were stopped: 0.0010638 seconds, Stopping threads took: 0.0001376 seconds
2016-11-15T08:35:12.062+0100: 11109.255: Total time for which application threads were stopped: 0.0004597 seconds, Stopping threads took: 0.0000323 seconds
2016-11-15T08:35:12.063+0100: 11109.255: Total time for which application threads were stopped: 0.0004632 seconds, Stopping threads took: 0.0000311 seconds
2016-11-15T08:35:12.136+0100: 11109.329: Total time for which application threads were stopped: 0.0007837 seconds, Stopping threads took: 0.0001267 seconds
2016-11-15T08:35:15.180+0100: 11112.373: Total time for which application threads were stopped: 0.0010776 seconds, Stopping threads took: 0.0001371 seconds
2016-11-15T08:35:15.182+0100: 11112.374: Total time for which application threads were stopped: 0.0005339 seconds, Stopping threads took: 0.0000488 seconds
2016-11-15T08:35:15.182+0100: 11112.375: Total time for which application threads were stopped: 0.0004649 seconds, Stopping threads took: 0.0000281 seconds
2016-11-15T08:35:15.233+0100: 11112.425: Total time for which application threads were stopped: 0.0008905 seconds, Stopping threads took: 0.0001094 seconds
2016-11-15T08:35:16.275+0100: 11113.467: Total time for which application threads were stopped: 0.0011337 seconds, Stopping threads took: 0.0001405 seconds
2016-11-15T08:35:16.396+0100: 11113.588: Total time for which application threads were stopped: 0.0010708 seconds, Stopping threads took: 0.0001330 seconds
2016-11-15T08:35:17.397+0100: 11114.589: Total time for which application threads were stopped: 0.0010162 seconds, Stopping threads took: 0.0001419 seconds
2016-11-15T08:35:19.091+0100: 11116.283: Total time for which application threads were stopped: 0.0010701 seconds, Stopping threads took: 0.0001400 seconds
2016-11-15T08:35:19.092+0100: 11116.284: Total time for which application threads were stopped: 0.0004639 seconds, Stopping threads took: 0.0000311 seconds
2016-11-15T08:35:19.092+0100: 11116.285: Total time for which application threads were stopped: 0.0005408 seconds, Stopping threads took: 0.0000287 seconds
2016-11-15T08:35:19.218+0100: 11116.411: Total time for which application threads were stopped: 0.0009601 seconds, Stopping threads took: 0.0001159 seconds
2016-11-15T08:35:22.751+0100: 11119.943: Total time for which application threads were stopped: 0.0010638 seconds, Stopping threads took: 0.0001436 seconds
2016-11-15T08:35:22.752+0100: 11119.944: Total time for which application threads were stopped: 0.0004847 seconds, Stopping threads took: 0.0000341 seconds
2016-11-15T08:35:22.753+0100: 11119.945: Total time for which application threads were stopped: 0.0005487 seconds, Stopping threads took: 0.0001124 seconds
2016-11-15T08:35:22.876+0100: 11120.069: Total time for which application threads were stopped: 0.0006274 seconds, Stopping threads took: 0.0000622 seconds
2016-11-15T08:35:40.878+0100: 11138.071: Total time for which application threads were stopped: 0.0011366 seconds, Stopping threads took: 0.0001497 seconds
2016-11-15T08:35:42.129+0100: 11139.321: Total time for which application threads were stopped: 0.0011536 seconds, Stopping threads took: 0.0001472 seconds
2016-11-15T08:35:42.130+0100: 11139.322: Total time for which application threads were stopped: 0.0005389 seconds, Stopping threads took: 0.0000358 seconds
2016-11-15T08:35:42.130+0100: 11139.323: Total time for which application threads were stopped: 0.0005228 seconds, Stopping threads took: 0.0000393 seconds
2016-11-15T08:35:42.186+0100: 11139.378: Total time for which application threads were stopped: 0.0005919 seconds, Stopping threads took: 0.0000547 seconds
2016-11-15T08:35:53.065+0100: 11150.257: Total time for which application threads were stopped: 0.0011731 seconds, Stopping threads took: 0.0001453 seconds
2016-11-15T08:35:53.066+0100: 11150.258: Total time for which application threads were stopped: 0.0005058 seconds, Stopping threads took: 0.0000341 seconds
2016-11-15T08:35:53.067+0100: 11150.259: Total time for which application threads were stopped: 0.0004945 seconds, Stopping threads took: 0.0000289 seconds
2016-11-15T08:35:53.109+0100: 11150.302: Total time for which application threads were stopped: 0.0006781 seconds, Stopping threads took: 0.0000686 seconds
2016-11-15T08:36:00.111+0100: 11157.303: Total time for which application threads were stopped: 0.0010376 seconds, Stopping threads took: 0.0001459 seconds
2016-11-15T08:36:06.098+0100: 11163.291: Total time for which application threads were stopped: 0.0010665 seconds, Stopping threads took: 0.0001423 seconds
2016-11-15T08:36:06.099+0100: 11163.292: Total time for which application threads were stopped: 0.0004862 seconds, Stopping threads took: 0.0000332 seconds
2016-11-15T08:36:06.100+0100: 11163.292: Total time for which application threads were stopped: 0.0004563 seconds, Stopping threads took: 0.0000292 seconds
2016-11-15T08:36:06.143+0100: 11163.335: Total time for which application threads were stopped: 0.0008504 seconds, Stopping threads took: 0.0000518 seconds
2016-11-15T08:36:09.144+0100: 11166.337: Total time for which application threads were stopped: 0.0011747 seconds, Stopping threads took: 0.0001305 seconds
2016-11-15T08:36:25.145+0100: 11182.337: Total time for which application threads were stopped: 0.0012489 seconds, Stopping threads took: 0.0001918 seconds
2016-11-15T08:36:25.146+0100: 11182.338: Total time for which application threads were stopped: 0.0005962 seconds, Stopping threads took: 0.0000979 seconds
2016-11-15T08:36:25.146+0100: 11182.339: Total time for which application threads were stopped: 0.0005758 seconds, Stopping threads took: 0.0000843 seconds
2016-11-15T08:36:25.184+0100: 11182.377: Total time for which application threads were stopped: 0.0006517 seconds, Stopping threads took: 0.0000724 seconds
2016-11-15T08:36:28.849+0100: 11186.042: Total time for which application threads were stopped: 0.0011216 seconds, Stopping threads took: 0.0001617 seconds
2016-11-15T08:36:28.850+0100: 11186.043: Total time for which application threads were stopped: 0.0004695 seconds, Stopping threads took: 0.0000355 seconds
2016-11-15T08:36:28.851+0100: 11186.043: Total time for which application threads were stopped: 0.0004656 seconds, Stopping threads took: 0.0000290 seconds
2016-11-15T08:36:29.020+0100: 11186.213: Total time for which application threads were stopped: 0.0010119 seconds, Stopping threads took: 0.0001350 seconds
2016-11-15T08:36:34.567+0100: 11191.759: Total time for which application threads were stopped: 0.0010746 seconds, Stopping threads took: 0.0001513 seconds
2016-11-15T08:36:34.567+0100: 11191.760: Total time for which application threads were stopped: 0.0005081 seconds, Stopping threads took: 0.0000348 seconds
2016-11-15T08:36:34.568+0100: 11191.760: Total time for which application threads were stopped: 0.0004992 seconds, Stopping threads took: 0.0000378 seconds
2016-11-15T08:36:34.611+0100: 11191.804: Total time for which application threads were stopped: 0.0005577 seconds, Stopping threads took: 0.0000519 seconds
2016-11-15T08:36:38.613+0100: 11195.805: Total time for which application threads were stopped: 0.0010452 seconds, Stopping threads took: 0.0001456 seconds
2016-11-15T08:36:56.522+0100: 11213.715: Total time for which application threads were stopped: 0.0011963 seconds, Stopping threads took: 0.0001457 seconds
2016-11-15T08:36:56.523+0100: 11213.716: Total time for which application threads were stopped: 0.0005158 seconds, Stopping threads took: 0.0000361 seconds
2016-11-15T08:36:56.524+0100: 11213.716: Total time for which application threads were stopped: 0.0005049 seconds, Stopping threads took: 0.0000308 seconds
2016-11-15T08:36:56.787+0100: 11213.980: Total time for which application threads were stopped: 0.0007049 seconds, Stopping threads took: 0.0000734 seconds
2016-11-15T08:36:57.789+0100: 11214.981: Total time for which application threads were stopped: 0.0011334 seconds, Stopping threads took: 0.0001424 seconds
2016-11-15T08:37:02.966+0100: 11220.159: Total time for which application threads were stopped: 0.0010739 seconds, Stopping threads took: 0.0001520 seconds
2016-11-15T08:37:02.967+0100: 11220.160: Total time for which application threads were stopped: 0.0004678 seconds, Stopping threads took: 0.0000339 seconds
2016-11-15T08:37:02.968+0100: 11220.160: Total time for which application threads were stopped: 0.0004606 seconds, Stopping threads took: 0.0000305 seconds
2016-11-15T08:37:03.024+0100: 11220.217: Total time for which application threads were stopped: 0.0005873 seconds, Stopping threads took: 0.0000530 seconds
2016-11-15T08:37:14.027+0100: 11231.219: Total time for which application threads were stopped: 0.0016155 seconds, Stopping threads took: 0.0001725 seconds
2016-11-15T08:37:16.028+0100: 11233.221: Total time for which application threads were stopped: 0.0013239 seconds, Stopping threads took: 0.0001675 seconds
2016-11-15T08:37:17.030+0100: 11234.222: Total time for which application threads were stopped: 0.0013732 seconds, Stopping threads took: 0.0001739 seconds
2016-11-15T08:37:19.031+0100: 11236.224: Total time for which application threads were stopped: 0.0013676 seconds, Stopping threads took: 0.0002089 seconds
2016-11-15T08:37:23.033+0100: 11240.225: Total time for which application threads were stopped: 0.0013049 seconds, Stopping threads took: 0.0001774 seconds
2016-11-15T08:37:24.034+0100: 11241.226: Total time for which application threads were stopped: 0.0012011 seconds, Stopping threads took: 0.0001751 seconds
2016-11-15T08:37:28.036+0100: 11245.228: Total time for which application threads were stopped: 0.0012083 seconds, Stopping threads took: 0.0001586 seconds
2016-11-15T08:37:31.037+0100: 11248.230: Total time for which application threads were stopped: 0.0013262 seconds, Stopping threads took: 0.0001736 seconds
2016-11-15T08:37:33.038+0100: 11250.231: Total time for which application threads were stopped: 0.0011149 seconds, Stopping threads took: 0.0001987 seconds
2016-11-15T08:37:35.238+0100: 11252.430: Total time for which application threads were stopped: 0.0030594 seconds, Stopping threads took: 0.0001463 seconds
2016-11-15T08:37:35.240+0100: 11252.433: Total time for which application threads were stopped: 0.0021824 seconds, Stopping threads took: 0.0000447 seconds
2016-11-15T08:37:35.242+0100: 11252.435: Total time for which application threads were stopped: 0.0020025 seconds, Stopping threads took: 0.0000401 seconds
2016-11-15T08:37:35.335+0100: 11252.527: Total time for which application threads were stopped: 0.0010808 seconds, Stopping threads took: 0.0001427 seconds
2016-11-15T08:37:35.336+0100: 11252.528: Total time for which application threads were stopped: 0.0004590 seconds, Stopping threads took: 0.0000302 seconds
2016-11-15T08:37:35.336+0100: 11252.529: Total time for which application threads were stopped: 0.0004796 seconds, Stopping threads took: 0.0000288 seconds
2016-11-15T08:37:35.477+0100: 11252.670: Total time for which application threads were stopped: 0.0011437 seconds, Stopping threads took: 0.0001525 seconds
2016-11-15T08:37:41.479+0100: 11258.671: Total time for which application threads were stopped: 0.0010809 seconds, Stopping threads took: 0.0001580 seconds
2016-11-15T08:37:42.842+0100: 11260.035: Total time for which application threads were stopped: 0.0011823 seconds, Stopping threads took: 0.0001529 seconds
2016-11-15T08:37:42.843+0100: 11260.036: Total time for which application threads were stopped: 0.0005445 seconds, Stopping threads took: 0.0000359 seconds
2016-11-15T08:37:42.844+0100: 11260.036: Total time for which application threads were stopped: 0.0005156 seconds, Stopping threads took: 0.0000335 seconds
2016-11-15T08:37:42.999+0100: 11260.191: Total time for which application threads were stopped: 0.0011807 seconds, Stopping threads took: 0.0001548 seconds
2016-11-15T08:37:51.000+0100: 11268.193: Total time for which application threads were stopped: 0.0011344 seconds, Stopping threads took: 0.0001479 seconds
2016-11-15T08:37:52.001+0100: 11269.194: Total time for which application threads were stopped: 0.0011395 seconds, Stopping threads took: 0.0001443 seconds
2016-11-15T08:37:59.003+0100: 11276.195: Total time for which application threads were stopped: 0.0010414 seconds, Stopping threads took: 0.0001362 seconds
2016-11-15T08:38:10.005+0100: 11287.197: Total time for which application threads were stopped: 0.0011483 seconds, Stopping threads took: 0.0001681 seconds
2016-11-15T08:38:12.006+0100: 11289.199: Total time for which application threads were stopped: 0.0012369 seconds, Stopping threads took: 0.0001610 seconds
2016-11-15T08:38:14.008+0100: 11291.200: Total time for which application threads were stopped: 0.0011493 seconds, Stopping threads took: 0.0001451 seconds
2016-11-15T08:38:21.010+0100: 11298.202: Total time for which application threads were stopped: 0.0011532 seconds, Stopping threads took: 0.0001489 seconds
2016-11-15T08:38:28.011+0100: 11305.204: Total time for which application threads were stopped: 0.0012585 seconds, Stopping threads took: 0.0001472 seconds
2016-11-15T08:38:29.013+0100: 11306.205: Total time for which application threads were stopped: 0.0011983 seconds, Stopping threads took: 0.0001393 seconds
2016-11-15T08:38:32.755+0100: 11309.947: Total time for which application threads were stopped: 0.0012187 seconds, Stopping threads took: 0.0001364 seconds
2016-11-15T08:38:32.756+0100: 11309.948: Total time for which application threads were stopped: 0.0005566 seconds, Stopping threads took: 0.0000351 seconds
2016-11-15T08:38:32.757+0100: 11309.949: Total time for which application threads were stopped: 0.0010162 seconds, Stopping threads took: 0.0001749 seconds
2016-11-15T08:38:32.889+0100: 11310.082: Total time for which application threads were stopped: 0.0011495 seconds, Stopping threads took: 0.0001412 seconds
2016-11-15T08:38:33.891+0100: 11311.083: Total time for which application threads were stopped: 0.0011274 seconds, Stopping threads took: 0.0001426 seconds
2016-11-15T08:38:34.892+0100: 11312.084: Total time for which application threads were stopped: 0.0011341 seconds, Stopping threads took: 0.0001448 seconds
2016-11-15T08:38:41.894+0100: 11319.086: Total time for which application threads were stopped: 0.0014718 seconds, Stopping threads took: 0.0001579 seconds
2016-11-15T08:38:44.895+0100: 11322.088: Total time for which application threads were stopped: 0.0010991 seconds, Stopping threads took: 0.0001377 seconds
2016-11-15T08:38:45.896+0100: 11323.089: Total time for which application threads were stopped: 0.0010258 seconds, Stopping threads took: 0.0001461 seconds
2016-11-15T08:38:47.628+0100: 11324.820: Total time for which application threads were stopped: 0.0011129 seconds, Stopping threads took: 0.0001791 seconds
2016-11-15T08:38:47.628+0100: 11324.821: Total time for which application threads were stopped: 0.0005601 seconds, Stopping threads took: 0.0001014 seconds
2016-11-15T08:38:47.629+0100: 11324.821: Total time for which application threads were stopped: 0.0004969 seconds, Stopping threads took: 0.0000434 seconds
2016-11-15T08:38:47.630+0100: 11324.822: Total time for which application threads were stopped: 0.0005603 seconds, Stopping threads took: 0.0000743 seconds
2016-11-15T08:38:47.631+0100: 11324.823: Total time for which application threads were stopped: 0.0009098 seconds, Stopping threads took: 0.0001635 seconds
2016-11-15T08:38:47.631+0100: 11324.824: Total time for which application threads were stopped: 0.0005506 seconds, Stopping threads took: 0.0000823 seconds
2016-11-15T08:38:48.017+0100: 11325.210: Total time for which application threads were stopped: 0.0011210 seconds, Stopping threads took: 0.0001626 seconds
2016-11-15T08:38:48.083+0100: 11325.275: Total time for which application threads were stopped: 0.0049952 seconds, Stopping threads took: 0.0000635 seconds
2016-11-15T08:38:49.084+0100: 11326.276: Total time for which application threads were stopped: 0.0011333 seconds, Stopping threads took: 0.0001412 seconds
2016-11-15T08:38:49.743+0100: 11326.936: Total time for which application threads were stopped: 0.0011151 seconds, Stopping threads took: 0.0001385 seconds
2016-11-15T08:38:49.744+0100: 11326.937: Total time for which application threads were stopped: 0.0005766 seconds, Stopping threads took: 0.0000753 seconds
2016-11-15T08:38:54.715+0100: 11331.908: Total time for which application threads were stopped: 0.0010476 seconds, Stopping threads took: 0.0001359 seconds
2016-11-15T08:38:54.716+0100: 11331.909: Total time for which application threads were stopped: 0.0004757 seconds, Stopping threads took: 0.0000325 seconds
2016-11-15T08:38:54.717+0100: 11331.910: Total time for which application threads were stopped: 0.0007931 seconds, Stopping threads took: 0.0001168 seconds
2016-11-15T08:38:54.782+0100: 11331.975: Total time for which application threads were stopped: 0.0006876 seconds, Stopping threads took: 0.0000635 seconds
2016-11-15T08:39:00.784+0100: 11337.976: Total time for which application threads were stopped: 0.0011581 seconds, Stopping threads took: 0.0001470 seconds
2016-11-15T08:39:09.786+0100: 11346.978: Total time for which application threads were stopped: 0.0011297 seconds, Stopping threads took: 0.0001312 seconds
2016-11-15T08:39:11.828+0100: 11349.021: Total time for which application threads were stopped: 0.0011430 seconds, Stopping threads took: 0.0001530 seconds
2016-11-15T08:39:11.830+0100: 11349.022: Total time for which application threads were stopped: 0.0005556 seconds, Stopping threads took: 0.0000462 seconds
2016-11-15T08:39:11.830+0100: 11349.023: Total time for which application threads were stopped: 0.0004816 seconds, Stopping threads took: 0.0000281 seconds
2016-11-15T08:39:12.467+0100: 11349.659: Total time for which application threads were stopped: 0.0011303 seconds, Stopping threads took: 0.0001446 seconds
2016-11-15T08:39:17.468+0100: 11354.661: Total time for which application threads were stopped: 0.0011690 seconds, Stopping threads took: 0.0001573 seconds
2016-11-15T08:39:19.813+0100: 11357.006: Total time for which application threads were stopped: 0.0012976 seconds, Stopping threads took: 0.0001554 seconds
2016-11-15T08:39:19.815+0100: 11357.007: Total time for which application threads were stopped: 0.0006251 seconds, Stopping threads took: 0.0000526 seconds
2016-11-15T08:39:19.815+0100: 11357.008: Total time for which application threads were stopped: 0.0005291 seconds, Stopping threads took: 0.0000324 seconds
2016-11-15T08:39:19.945+0100: 11357.137: Total time for which application threads were stopped: 0.0032621 seconds, Stopping threads took: 0.0001528 seconds
2016-11-15T08:39:20.054+0100: 11357.246: [GC pause (G1 Evacuation Pause) (young)
Desired survivor size 80740352 bytes, new threshold 15 (max 15)
- age   1:    6816512 bytes,    6816512 total
- age   2:    2082328 bytes,    8898840 total
- age   3:    2395784 bytes,   11294624 total
- age   4:      82096 bytes,   11376720 total
- age   5:     133528 bytes,   11510248 total
- age   6:     192760 bytes,   11703008 total
- age   7:      85704 bytes,   11788712 total
- age   8:    1399520 bytes,   13188232 total
- age   9:    3972408 bytes,   17160640 total
- age  10:    5903040 bytes,   23063680 total
- age  11:   11242208 bytes,   34305888 total
- age  12:    2798032 bytes,   37103920 total
- age  13:    8460160 bytes,   45564080 total
- age  14:   18308360 bytes,   63872440 total
- age  15:   12483680 bytes,   76356120 total
2016-11-15T08:39:20.110+0100: 11357.302: [SoftReference, 433 refs, 0.0055470 secs]2016-11-15T08:39:20.115+0100: 11357.308: [WeakReference, 381 refs, 0.0030508 secs]2016-11-15T08:39:20.118+0100: 11357.311: [FinalReference, 2295 refs, 0.0031232 secs]2016-11-15T08:39:20.122+0100: 11357.314: [PhantomReference, 0 refs, 10 refs, 0.0058012 secs]2016-11-15T08:39:20.127+0100: 11357.320: [JNI Weak Reference, 0.0000653 secs], 0.0921441 secs]
   [Parallel Time: 51.0 ms, GC Workers: 43]
      [GC Worker Start (ms): Min: 11357246.9, Avg: 11357247.5, Max: 11357248.0, Diff: 1.1]
      [Ext Root Scanning (ms): Min: 1.7, Avg: 2.7, Max: 11.7, Diff: 10.0, Sum: 116.9]
      [Update RS (ms): Min: 0.0, Avg: 5.4, Max: 7.4, Diff: 7.4, Sum: 232.8]
         [Processed Buffers: Min: 0, Avg: 5.7, Max: 22, Diff: 22, Sum: 243]
      [Scan RS (ms): Min: 0.1, Avg: 0.7, Max: 1.0, Diff: 0.9, Sum: 29.8]
      [Code Root Scanning (ms): Min: 0.0, Avg: 2.1, Max: 6.4, Diff: 6.4, Sum: 88.6]
      [Object Copy (ms): Min: 32.9, Avg: 37.4, Max: 39.8, Diff: 6.9, Sum: 1607.7]
      [Termination (ms): Min: 0.1, Avg: 0.9, Max: 1.1, Diff: 0.9, Sum: 38.9]
         [Termination Attempts: Min: 1, Avg: 37.8, Max: 77, Diff: 76, Sum: 1627]
      [GC Worker Other (ms): Min: 0.0, Avg: 0.4, Max: 0.8, Diff: 0.8, Sum: 16.7]
      [GC Worker Total (ms): Min: 48.8, Avg: 49.6, Max: 50.4, Diff: 1.6, Sum: 2131.6]
      [GC Worker End (ms): Min: 11357296.7, Avg: 11357297.0, Max: 11357297.5, Diff: 0.8]
   [Code Root Fixup: 2.5 ms]
   [Code Root Purge: 0.2 ms]
   [String Dedup Fixup: 2.8 ms, GC Workers: 43]
      [Queue Fixup (ms): Min: 0.0, Avg: 0.0, Max: 0.1, Diff: 0.1, Sum: 0.2]
      [Table Fixup (ms): Min: 0.9, Avg: 1.5, Max: 1.9, Diff: 1.0, Sum: 64.4]
   [Clear CT: 6.8 ms]
   [Other: 28.9 ms]
      [Choose CSet: 0.0 ms]
      [Ref Proc: 19.5 ms]
      [Ref Enq: 1.1 ms]
      [Redirty Cards: 1.2 ms]
      [Humongous Register: 0.2 ms]
      [Humongous Reclaim: 0.1 ms]
      [Free CSet: 5.9 ms]
   [Eden: 1128.0M(1128.0M)->0.0B(1136.0M) Survivors: 100.0M->92.0M Heap: 1672.2M(2048.0M)->545.4M(2048.0M)]
 [Times: user=2.27 sys=0.09, real=0.09 secs] 
2016-11-15T08:39:20.147+0100: 11357.339: Total time for which application threads were stopped: 0.0941021 seconds, Stopping threads took: 0.0001511 seconds
2016-11-15T08:39:20.149+0100: 11357.341: Total time for which application threads were stopped: 0.0015425 seconds, Stopping threads took: 0.0002440 seconds
2016-11-15T08:39:20.150+0100: 11357.342: Total time for which application threads were stopped: 0.0007824 seconds, Stopping threads took: 0.0001180 seconds
2016-11-15T08:39:20.151+0100: 11357.343: Total time for which application threads were stopped: 0.0008608 seconds, Stopping threads took: 0.0002084 seconds
2016-11-15T08:39:20.151+0100: 11357.343: [GC concurrent-string-deduplication, 79.0K->3904.0B(75.2K), avg 61.1%, 0.0009403 secs]
2016-11-15T08:39:20.152+0100: 11357.344: Total time for which application threads were stopped: 0.0008099 seconds, Stopping threads took: 0.0001353 seconds
2016-11-15T08:39:20.153+0100: 11357.345: Total time for which application threads were stopped: 0.0007560 seconds, Stopping threads took: 0.0001387 seconds
2016-11-15T08:39:20.154+0100: 11357.346: Total time for which application threads were stopped: 0.0007076 seconds, Stopping threads took: 0.0001402 seconds
2016-11-15T08:39:20.154+0100: 11357.347: Total time for which application threads were stopped: 0.0007325 seconds, Stopping threads took: 0.0001819 seconds
2016-11-15T08:39:20.155+0100: 11357.347: Total time for which application threads were stopped: 0.0006663 seconds, Stopping threads took: 0.0001159 seconds
2016-11-15T08:39:20.156+0100: 11357.348: Total time for which application threads were stopped: 0.0006667 seconds, Stopping threads took: 0.0001217 seconds
2016-11-15T08:39:23.150+0100: 11360.342: Total time for which application threads were stopped: 0.0011362 seconds, Stopping threads took: 0.0001544 seconds
2016-11-15T08:39:23.151+0100: 11360.343: Total time for which application threads were stopped: 0.0005171 seconds, Stopping threads took: 0.0000391 seconds
2016-11-15T08:39:23.151+0100: 11360.343: Total time for which application threads were stopped: 0.0004709 seconds, Stopping threads took: 0.0000316 seconds
2016-11-15T08:39:23.298+0100: 11360.490: Total time for which application threads were stopped: 0.0011794 seconds, Stopping threads took: 0.0001493 seconds
2016-11-15T08:39:41.052+0100: 11378.245: Total time for which application threads were stopped: 0.0013339 seconds, Stopping threads took: 0.0002102 seconds
2016-11-15T08:39:41.053+0100: 11378.246: Total time for which application threads were stopped: 0.0006259 seconds, Stopping threads took: 0.0001166 seconds
2016-11-15T08:39:41.054+0100: 11378.246: Total time for which application threads were stopped: 0.0005979 seconds, Stopping threads took: 0.0000825 seconds
2016-11-15T08:39:41.239+0100: 11378.432: Total time for which application threads were stopped: 0.0011643 seconds, Stopping threads took: 0.0001460 seconds
2016-11-15T08:39:46.772+0100: 11383.965: Total time for which application threads were stopped: 0.0012235 seconds, Stopping threads took: 0.0001640 seconds
2016-11-15T08:39:46.773+0100: 11383.966: Total time for which application threads were stopped: 0.0006652 seconds, Stopping threads took: 0.0001311 seconds
2016-11-15T08:39:46.774+0100: 11383.966: Total time for which application threads were stopped: 0.0006216 seconds, Stopping threads took: 0.0001246 seconds
2016-11-15T08:39:46.820+0100: 11384.012: Total time for which application threads were stopped: 0.0011857 seconds, Stopping threads took: 0.0001498 seconds
2016-11-15T08:39:47.821+0100: 11385.014: Total time for which application threads were stopped: 0.0012042 seconds, Stopping threads took: 0.0001394 seconds
2016-11-15T08:39:57.823+0100: 11395.016: Total time for which application threads were stopped: 0.0013013 seconds, Stopping threads took: 0.0001457 seconds
2016-11-15T08:40:22.827+0100: 11420.019: Total time for which application threads were stopped: 0.0012839 seconds, Stopping threads took: 0.0001454 seconds
2016-11-15T08:40:30.829+0100: 11428.021: Total time for which application threads were stopped: 0.0012389 seconds, Stopping threads took: 0.0001441 seconds
2016-11-15T08:40:44.831+0100: 11442.023: Total time for which application threads were stopped: 0.0012303 seconds, Stopping threads took: 0.0001579 seconds
2016-11-15T08:40:59.834+0100: 11457.026: Total time for which application threads were stopped: 0.0012271 seconds, Stopping threads took: 0.0001569 seconds
2016-11-15T08:41:00.835+0100: 11458.027: Total time for which application threads were stopped: 0.0011289 seconds, Stopping threads took: 0.0001456 seconds
2016-11-15T08:41:27.265+0100: 11484.457: Total time for which application threads were stopped: 0.0013146 seconds, Stopping threads took: 0.0001535 seconds
2016-11-15T08:41:27.266+0100: 11484.458: Total time for which application threads were stopped: 0.0006046 seconds, Stopping threads took: 0.0000408 seconds
2016-11-15T08:41:27.266+0100: 11484.459: Total time for which application threads were stopped: 0.0005399 seconds, Stopping threads took: 0.0000300 seconds
2016-11-15T08:41:27.442+0100: 11484.634: Total time for which application threads were stopped: 0.0012452 seconds, Stopping threads took: 0.0001804 seconds
2016-11-15T08:41:37.416+0100: 11494.608: Total time for which application threads were stopped: 0.0012533 seconds, Stopping threads took: 0.0001379 seconds
2016-11-15T08:41:37.417+0100: 11494.609: Total time for which application threads were stopped: 0.0005621 seconds, Stopping threads took: 0.0000307 seconds
2016-11-15T08:41:37.417+0100: 11494.610: Total time for which application threads were stopped: 0.0005637 seconds, Stopping threads took: 0.0000335 seconds
2016-11-15T08:41:37.470+0100: 11494.663: Total time for which application threads were stopped: 0.0007266 seconds, Stopping threads took: 0.0000698 seconds
2016-11-15T08:41:38.472+0100: 11495.664: Total time for which application threads were stopped: 0.0012030 seconds, Stopping threads took: 0.0001440 seconds
2016-11-15T08:41:45.142+0100: 11502.334: Total time for which application threads were stopped: 0.0012059 seconds, Stopping threads took: 0.0001393 seconds
2016-11-15T08:41:45.143+0100: 11502.335: Total time for which application threads were stopped: 0.0005314 seconds, Stopping threads took: 0.0000346 seconds
2016-11-15T08:41:45.143+0100: 11502.336: Total time for which application threads were stopped: 0.0005344 seconds, Stopping threads took: 0.0000317 seconds
2016-11-15T08:41:45.302+0100: 11502.495: Total time for which application threads were stopped: 0.0006940 seconds, Stopping threads took: 0.0000634 seconds
2016-11-15T08:41:58.727+0100: 11515.919: Total time for which application threads were stopped: 0.0012009 seconds, Stopping threads took: 0.0001445 seconds
2016-11-15T08:41:58.728+0100: 11515.920: Total time for which application threads were stopped: 0.0005049 seconds, Stopping threads took: 0.0000334 seconds
2016-11-15T08:41:58.728+0100: 11515.921: Total time for which application threads were stopped: 0.0005143 seconds, Stopping threads took: 0.0000299 seconds
2016-11-15T08:41:58.773+0100: 11515.966: Total time for which application threads were stopped: 0.0007113 seconds, Stopping threads took: 0.0000663 seconds
2016-11-15T08:42:13.968+0100: 11531.160: Total time for which application threads were stopped: 0.0012591 seconds, Stopping threads took: 0.0001424 seconds
2016-11-15T08:42:13.969+0100: 11531.161: Total time for which application threads were stopped: 0.0009333 seconds, Stopping threads took: 0.0001322 seconds
2016-11-15T08:42:13.970+0100: 11531.162: Total time for which application threads were stopped: 0.0005617 seconds, Stopping threads took: 0.0000426 seconds
2016-11-15T08:42:14.067+0100: 11531.259: Total time for which application threads were stopped: 0.0009718 seconds, Stopping threads took: 0.0001089 seconds
2016-11-15T08:42:17.585+0100: 11534.778: Total time for which application threads were stopped: 0.0011855 seconds, Stopping threads took: 0.0001619 seconds
2016-11-15T08:42:17.586+0100: 11534.779: Total time for which application threads were stopped: 0.0005364 seconds, Stopping threads took: 0.0000360 seconds
2016-11-15T08:42:17.587+0100: 11534.779: Total time for which application threads were stopped: 0.0005050 seconds, Stopping threads took: 0.0000299 seconds
2016-11-15T08:42:17.628+0100: 11534.820: Total time for which application threads were stopped: 0.0006969 seconds, Stopping threads took: 0.0000708 seconds
2016-11-15T08:42:23.629+0100: 11540.822: Total time for which application threads were stopped: 0.0011233 seconds, Stopping threads took: 0.0001299 seconds
2016-11-15T08:42:25.867+0100: 11543.060: Total time for which application threads were stopped: 0.0012274 seconds, Stopping threads took: 0.0001458 seconds
2016-11-15T08:42:25.868+0100: 11543.060: Total time for which application threads were stopped: 0.0005439 seconds, Stopping threads took: 0.0000316 seconds
2016-11-15T08:42:25.869+0100: 11543.061: Total time for which application threads were stopped: 0.0005613 seconds, Stopping threads took: 0.0000302 seconds
2016-11-15T08:42:25.932+0100: 11543.125: Total time for which application threads were stopped: 0.0008296 seconds, Stopping threads took: 0.0000846 seconds
2016-11-15T08:42:27.997+0100: 11545.189: Total time for which application threads were stopped: 0.0011733 seconds, Stopping threads took: 0.0001547 seconds
2016-11-15T08:42:27.997+0100: 11545.190: Total time for which application threads were stopped: 0.0005152 seconds, Stopping threads took: 0.0000332 seconds
2016-11-15T08:42:27.998+0100: 11545.190: Total time for which application threads were stopped: 0.0005090 seconds, Stopping threads took: 0.0000309 seconds
2016-11-15T08:42:28.037+0100: 11545.230: Total time for which application threads were stopped: 0.0006468 seconds, Stopping threads took: 0.0000559 seconds
2016-11-15T08:42:38.442+0100: 11555.634: Total time for which application threads were stopped: 0.0011736 seconds, Stopping threads took: 0.0001551 seconds
2016-11-15T08:42:42.473+0100: 11559.666: Total time for which application threads were stopped: 0.0011543 seconds, Stopping threads took: 0.0001431 seconds
2016-11-15T08:42:42.474+0100: 11559.666: Total time for which application threads were stopped: 0.0005262 seconds, Stopping threads took: 0.0000376 seconds
2016-11-15T08:42:42.475+0100: 11559.667: Total time for which application threads were stopped: 0.0004765 seconds, Stopping threads took: 0.0000320 seconds
2016-11-15T08:42:42.540+0100: 11559.733: Total time for which application threads were stopped: 0.0011517 seconds, Stopping threads took: 0.0001633 seconds
2016-11-15T08:42:46.542+0100: 11563.734: Total time for which application threads were stopped: 0.0010363 seconds, Stopping threads took: 0.0001454 seconds
2016-11-15T08:42:46.726+0100: 11563.918: Total time for which application threads were stopped: 0.0011728 seconds, Stopping threads took: 0.0001417 seconds
2016-11-15T08:42:47.385+0100: 11564.577: Total time for which application threads were stopped: 0.0010739 seconds, Stopping threads took: 0.0001442 seconds
2016-11-15T08:42:47.386+0100: 11564.578: Total time for which application threads were stopped: 0.0005222 seconds, Stopping threads took: 0.0000400 seconds
2016-11-15T08:42:47.386+0100: 11564.579: Total time for which application threads were stopped: 0.0004762 seconds, Stopping threads took: 0.0000340 seconds
2016-11-15T08:42:47.412+0100: 11564.604: Total time for which application threads were stopped: 0.0007142 seconds, Stopping threads took: 0.0000714 seconds
2016-11-15T08:42:50.243+0100: 11567.435: [GC pause (G1 Evacuation Pause) (young)
Desired survivor size 80740352 bytes, new threshold 15 (max 15)
- age   1:    3126424 bytes,    3126424 total
- age   2:    4509232 bytes,    7635656 total
- age   3:    2079760 bytes,    9715416 total
- age   4:    2285672 bytes,   12001088 total
- age   5:      82096 bytes,   12083184 total
- age   6:     133528 bytes,   12216712 total
- age   7:     192760 bytes,   12409472 total
- age   8:      85704 bytes,   12495176 total
- age   9:    1399520 bytes,   13894696 total
- age  10:    3834256 bytes,   17728952 total
- age  11:    5795568 bytes,   23524520 total
- age  12:   11206304 bytes,   34730824 total
- age  13:    2797600 bytes,   37528424 total
- age  14:    8459928 bytes,   45988352 total
- age  15:   18308328 bytes,   64296680 total
2016-11-15T08:42:50.294+0100: 11567.486: [SoftReference, 336 refs, 0.0053388 secs]2016-11-15T08:42:50.299+0100: 11567.492: [WeakReference, 262 refs, 0.0031400 secs]2016-11-15T08:42:50.302+0100: 11567.495: [FinalReference, 1324 refs, 0.0042162 secs]2016-11-15T08:42:50.307+0100: 11567.499: [PhantomReference, 0 refs, 11 refs, 0.0077770 secs]2016-11-15T08:42:50.314+0100: 11567.507: [JNI Weak Reference, 0.0000604 secs], 0.0891113 secs]
   [Parallel Time: 46.3 ms, GC Workers: 43]
      [GC Worker Start (ms): Min: 11567435.9, Avg: 11567436.5, Max: 11567437.0, Diff: 1.0]
      [Ext Root Scanning (ms): Min: 1.8, Avg: 2.7, Max: 8.5, Diff: 6.8, Sum: 115.2]
      [Update RS (ms): Min: 3.8, Avg: 9.0, Max: 10.3, Diff: 6.6, Sum: 385.0]
         [Processed Buffers: Min: 2, Avg: 6.7, Max: 23, Diff: 21, Sum: 290]
      [Scan RS (ms): Min: 0.1, Avg: 0.8, Max: 1.2, Diff: 1.1, Sum: 33.7]
      [Code Root Scanning (ms): Min: 0.0, Avg: 0.3, Max: 1.1, Diff: 1.1, Sum: 14.1]
      [Object Copy (ms): Min: 30.5, Avg: 31.4, Max: 32.3, Diff: 1.8, Sum: 1349.4]
      [Termination (ms): Min: 0.0, Avg: 0.1, Max: 0.2, Diff: 0.1, Sum: 3.5]
         [Termination Attempts: Min: 2, Avg: 15.0, Max: 31, Diff: 29, Sum: 643]
      [GC Worker Other (ms): Min: 0.0, Avg: 0.4, Max: 0.9, Diff: 0.9, Sum: 18.8]
      [GC Worker Total (ms): Min: 43.9, Avg: 44.6, Max: 45.4, Diff: 1.6, Sum: 1919.7]
      [GC Worker End (ms): Min: 11567480.7, Avg: 11567481.1, Max: 11567481.6, Diff: 0.9]
   [Code Root Fixup: 1.2 ms]
   [Code Root Purge: 0.1 ms]
   [String Dedup Fixup: 2.7 ms, GC Workers: 43]
      [Queue Fixup (ms): Min: 0.0, Avg: 0.0, Max: 0.1, Diff: 0.1, Sum: 0.3]
      [Table Fixup (ms): Min: 0.4, Avg: 1.3, Max: 2.0, Diff: 1.6, Sum: 57.3]
   [Clear CT: 5.8 ms]
   [Other: 32.9 ms]
      [Choose CSet: 0.0 ms]
      [Ref Proc: 23.4 ms]
      [Ref Enq: 1.6 ms]
      [Redirty Cards: 1.2 ms]
      [Humongous Register: 0.2 ms]
      [Humongous Reclaim: 0.1 ms]
      [Free CSet: 5.5 ms]
   [Eden: 1136.0M(1136.0M)->0.0B(1153.0M) Survivors: 92.0M->75.0M Heap: 1683.4M(2048.0M)->553.4M(2048.0M)]
 [Times: user=2.21 sys=0.07, real=0.09 secs] 
2016-11-15T08:42:50.332+0100: 11567.525: Total time for which application threads were stopped: 0.0911256 seconds, Stopping threads took: 0.0001810 seconds
2016-11-15T08:42:50.334+0100: 11567.526: Total time for which application threads were stopped: 0.0011948 seconds, Stopping threads took: 0.0001416 seconds
2016-11-15T08:42:50.335+0100: 11567.527: Total time for which application threads were stopped: 0.0006276 seconds, Stopping threads took: 0.0001048 seconds
2016-11-15T08:42:50.335+0100: 11567.528: Total time for which application threads were stopped: 0.0005897 seconds, Stopping threads took: 0.0000917 seconds
2016-11-15T08:42:50.336+0100: 11567.529: Total time for which application threads were stopped: 0.0006292 seconds, Stopping threads took: 0.0001392 seconds
2016-11-15T08:42:50.337+0100: 11567.529: Total time for which application threads were stopped: 0.0005756 seconds, Stopping threads took: 0.0000771 seconds
2016-11-15T08:42:50.340+0100: 11567.533: [GC concurrent-string-deduplication, 429.9K->120.0K(309.9K), avg 61.2%, 0.0040766 secs]
2016-11-15T08:42:52.156+0100: 11569.348: Total time for which application threads were stopped: 0.0013357 seconds, Stopping threads took: 0.0002012 seconds
2016-11-15T08:42:56.157+0100: 11573.350: Total time for which application threads were stopped: 0.0012794 seconds, Stopping threads took: 0.0001711 seconds
2016-11-15T08:42:56.280+0100: 11573.472: Total time for which application threads were stopped: 0.0034305 seconds, Stopping threads took: 0.0001218 seconds
2016-11-15T08:42:56.283+0100: 11573.475: Total time for which application threads were stopped: 0.0024283 seconds, Stopping threads took: 0.0000531 seconds
2016-11-15T08:42:56.285+0100: 11573.477: Total time for which application threads were stopped: 0.0022571 seconds, Stopping threads took: 0.0000407 seconds
2016-11-15T08:42:56.293+0100: 11573.486: Total time for which application threads were stopped: 0.0009281 seconds, Stopping threads took: 0.0000807 seconds
2016-11-15T08:42:56.294+0100: 11573.486: Total time for which application threads were stopped: 0.0005115 seconds, Stopping threads took: 0.0000338 seconds
2016-11-15T08:42:56.295+0100: 11573.487: Total time for which application threads were stopped: 0.0005267 seconds, Stopping threads took: 0.0000305 seconds
2016-11-15T08:42:56.328+0100: 11573.521: Total time for which application threads were stopped: 0.0010247 seconds, Stopping threads took: 0.0001195 seconds
2016-11-15T08:43:02.157+0100: 11579.350: Total time for which application threads were stopped: 0.0012080 seconds, Stopping threads took: 0.0001698 seconds
2016-11-15T08:43:02.158+0100: 11579.351: Total time for which application threads were stopped: 0.0004892 seconds, Stopping threads took: 0.0000374 seconds
2016-11-15T08:43:03.723+0100: 11580.916: Total time for which application threads were stopped: 0.0013030 seconds, Stopping threads took: 0.0001739 seconds
2016-11-15T08:43:03.724+0100: 11580.917: Total time for which application threads were stopped: 0.0005470 seconds, Stopping threads took: 0.0000449 seconds
2016-11-15T08:43:03.725+0100: 11580.917: Total time for which application threads were stopped: 0.0005179 seconds, Stopping threads took: 0.0000328 seconds
2016-11-15T08:43:03.880+0100: 11581.072: Total time for which application threads were stopped: 0.0011879 seconds, Stopping threads took: 0.0001661 seconds
2016-11-15T08:43:07.208+0100: 11584.400: Total time for which application threads were stopped: 0.0012639 seconds, Stopping threads took: 0.0001664 seconds
2016-11-15T08:43:16.506+0100: 11593.698: Total time for which application threads were stopped: 0.0012740 seconds, Stopping threads took: 0.0001782 seconds
2016-11-15T08:43:16.507+0100: 11593.699: Total time for which application threads were stopped: 0.0005661 seconds, Stopping threads took: 0.0000537 seconds
2016-11-15T08:43:16.508+0100: 11593.700: Total time for which application threads were stopped: 0.0004780 seconds, Stopping threads took: 0.0000336 seconds
2016-11-15T08:43:16.548+0100: 11593.740: Total time for which application threads were stopped: 0.0008110 seconds, Stopping threads took: 0.0000891 seconds
2016-11-15T08:43:31.550+0100: 11608.743: Total time for which application threads were stopped: 0.0013452 seconds, Stopping threads took: 0.0001725 seconds
2016-11-15T08:43:32.552+0100: 11609.744: Total time for which application threads were stopped: 0.0012576 seconds, Stopping threads took: 0.0001594 seconds
2016-11-15T08:43:35.553+0100: 11612.746: Total time for which application threads were stopped: 0.0013543 seconds, Stopping threads took: 0.0001717 seconds
2016-11-15T08:43:45.555+0100: 11622.748: Total time for which application threads were stopped: 0.0013126 seconds, Stopping threads took: 0.0001839 seconds
2016-11-15T08:43:48.557+0100: 11625.749: Total time for which application threads were stopped: 0.0013059 seconds, Stopping threads took: 0.0001839 seconds
2016-11-15T08:43:53.558+0100: 11630.751: Total time for which application threads were stopped: 0.0012958 seconds, Stopping threads took: 0.0001809 seconds
2016-11-15T08:43:56.560+0100: 11633.753: Total time for which application threads were stopped: 0.0014663 seconds, Stopping threads took: 0.0001829 seconds
2016-11-15T08:43:57.562+0100: 11634.754: Total time for which application threads were stopped: 0.0012922 seconds, Stopping threads took: 0.0001736 seconds
2016-11-15T08:43:58.563+0100: 11635.755: Total time for which application threads were stopped: 0.0013503 seconds, Stopping threads took: 0.0002092 seconds
2016-11-15T08:43:59.564+0100: 11636.757: Total time for which application threads were stopped: 0.0013431 seconds, Stopping threads took: 0.0001923 seconds
2016-11-15T08:44:01.566+0100: 11638.758: Total time for which application threads were stopped: 0.0012940 seconds, Stopping threads took: 0.0001633 seconds
2016-11-15T08:44:03.567+0100: 11640.760: Total time for which application threads were stopped: 0.0013760 seconds, Stopping threads took: 0.0001804 seconds
2016-11-15T08:44:04.569+0100: 11641.761: Total time for which application threads were stopped: 0.0014791 seconds, Stopping threads took: 0.0001725 seconds
2016-11-15T08:44:05.570+0100: 11642.763: Total time for which application threads were stopped: 0.0013786 seconds, Stopping threads took: 0.0002033 seconds
2016-11-15T08:44:07.572+0100: 11644.764: Total time for which application threads were stopped: 0.0012698 seconds, Stopping threads took: 0.0001691 seconds
2016-11-15T08:44:11.573+0100: 11648.766: Total time for which application threads were stopped: 0.0012750 seconds, Stopping threads took: 0.0001656 seconds
2016-11-15T08:44:35.348+0100: 11672.541: Total time for which application threads were stopped: 0.0012263 seconds, Stopping threads took: 0.0001626 seconds
2016-11-15T08:44:35.349+0100: 11672.541: Total time for which application threads were stopped: 0.0004899 seconds, Stopping threads took: 0.0000347 seconds
2016-11-15T08:44:35.349+0100: 11672.542: Total time for which application threads were stopped: 0.0004885 seconds, Stopping threads took: 0.0000306 seconds
2016-11-15T08:44:35.442+0100: 11672.634: Total time for which application threads were stopped: 0.0008458 seconds, Stopping threads took: 0.0000890 seconds
2016-11-15T08:44:36.443+0100: 11673.636: Total time for which application threads were stopped: 0.0011326 seconds, Stopping threads took: 0.0001648 seconds
2016-11-15T08:44:43.586+0100: 11680.778: Total time for which application threads were stopped: 0.0011837 seconds, Stopping threads took: 0.0001737 seconds
2016-11-15T08:44:43.586+0100: 11680.779: Total time for which application threads were stopped: 0.0004790 seconds, Stopping threads took: 0.0000334 seconds
2016-11-15T08:44:43.587+0100: 11680.779: Total time for which application threads were stopped: 0.0004735 seconds, Stopping threads took: 0.0000314 seconds
2016-11-15T08:44:44.182+0100: 11681.375: Total time for which application threads were stopped: 0.0009781 seconds, Stopping threads took: 0.0001214 seconds
2016-11-15T08:44:44.718+0100: 11681.911: Total time for which application threads were stopped: 0.0011852 seconds, Stopping threads took: 0.0001610 seconds
2016-11-15T08:44:44.719+0100: 11681.912: Total time for which application threads were stopped: 0.0005072 seconds, Stopping threads took: 0.0000373 seconds
2016-11-15T08:44:44.720+0100: 11681.912: Total time for which application threads were stopped: 0.0004870 seconds, Stopping threads took: 0.0000322 seconds
2016-11-15T08:44:44.788+0100: 11681.981: Total time for which application threads were stopped: 0.0008051 seconds, Stopping threads took: 0.0000829 seconds
2016-11-15T08:44:45.789+0100: 11682.982: Total time for which application threads were stopped: 0.0011308 seconds, Stopping threads took: 0.0001594 seconds
2016-11-15T08:44:52.054+0100: 11689.247: Total time for which application threads were stopped: 0.0013074 seconds, Stopping threads took: 0.0001689 seconds
2016-11-15T08:44:52.055+0100: 11689.247: Total time for which application threads were stopped: 0.0005119 seconds, Stopping threads took: 0.0000354 seconds
2016-11-15T08:44:52.055+0100: 11689.248: Total time for which application threads were stopped: 0.0005183 seconds, Stopping threads took: 0.0000340 seconds
2016-11-15T08:44:52.279+0100: 11689.472: Total time for which application threads were stopped: 0.0007627 seconds, Stopping threads took: 0.0000846 seconds
2016-11-15T08:44:52.280+0100: 11689.473: Total time for which application threads were stopped: 0.0005025 seconds, Stopping threads took: 0.0000330 seconds
2016-11-15T08:44:52.281+0100: 11689.473: Total time for which application threads were stopped: 0.0005063 seconds, Stopping threads took: 0.0000321 seconds
2016-11-15T08:44:52.380+0100: 11689.573: Total time for which application threads were stopped: 0.0007882 seconds, Stopping threads took: 0.0001552 seconds
2016-11-15T08:44:56.586+0100: 11693.779: Total time for which application threads were stopped: 0.0012138 seconds, Stopping threads took: 0.0001621 seconds
2016-11-15T08:44:56.587+0100: 11693.780: Total time for which application threads were stopped: 0.0005154 seconds, Stopping threads took: 0.0000363 seconds
2016-11-15T08:44:56.588+0100: 11693.780: Total time for which application threads were stopped: 0.0004934 seconds, Stopping threads took: 0.0000293 seconds
2016-11-15T08:44:56.825+0100: 11694.018: Total time for which application threads were stopped: 0.0010448 seconds, Stopping threads took: 0.0001259 seconds
2016-11-15T08:45:03.827+0100: 11701.020: Total time for which application threads were stopped: 0.0012427 seconds, Stopping threads took: 0.0001719 seconds
2016-11-15T08:45:06.652+0100: 11703.844: Total time for which application threads were stopped: 0.0013108 seconds, Stopping threads took: 0.0001683 seconds
2016-11-15T08:45:12.671+0100: 11709.863: Total time for which application threads were stopped: 0.0012346 seconds, Stopping threads took: 0.0001600 seconds
2016-11-15T08:45:12.672+0100: 11709.864: Total time for which application threads were stopped: 0.0004969 seconds, Stopping threads took: 0.0000304 seconds
2016-11-15T08:45:12.672+0100: 11709.865: Total time for which application threads were stopped: 0.0005044 seconds, Stopping threads took: 0.0000344 seconds
2016-11-15T08:45:12.850+0100: 11710.042: Total time for which application threads were stopped: 0.0028795 seconds, Stopping threads took: 0.0000982 seconds
2016-11-15T08:45:15.163+0100: 11712.355: Total time for which application threads were stopped: 0.0013341 seconds, Stopping threads took: 0.0001879 seconds
2016-11-15T08:45:15.163+0100: 11712.356: Total time for which application threads were stopped: 0.0005230 seconds, Stopping threads took: 0.0000368 seconds
2016-11-15T08:45:15.164+0100: 11712.356: Total time for which application threads were stopped: 0.0005166 seconds, Stopping threads took: 0.0000322 seconds
2016-11-15T08:45:15.237+0100: 11712.429: Total time for which application threads were stopped: 0.0012373 seconds, Stopping threads took: 0.0001645 seconds
2016-11-15T08:45:19.085+0100: 11716.277: Total time for which application threads were stopped: 0.0013696 seconds, Stopping threads took: 0.0002189 seconds
2016-11-15T08:45:19.086+0100: 11716.278: Total time for which application threads were stopped: 0.0005890 seconds, Stopping threads took: 0.0000886 seconds
2016-11-15T08:45:19.086+0100: 11716.279: Total time for which application threads were stopped: 0.0005892 seconds, Stopping threads took: 0.0000819 seconds
2016-11-15T08:45:19.157+0100: 11716.349: Total time for which application threads were stopped: 0.0005774 seconds, Stopping threads took: 0.0000562 seconds
2016-11-15T08:45:19.157+0100: 11716.350: Total time for which application threads were stopped: 0.0004660 seconds, Stopping threads took: 0.0000318 seconds
2016-11-15T08:45:19.158+0100: 11716.350: Total time for which application threads were stopped: 0.0004828 seconds, Stopping threads took: 0.0000335 seconds
2016-11-15T08:45:19.187+0100: 11716.379: Total time for which application threads were stopped: 0.0006684 seconds, Stopping threads took: 0.0000709 seconds
2016-11-15T08:45:28.189+0100: 11725.381: Total time for which application threads were stopped: 0.0012800 seconds, Stopping threads took: 0.0002075 seconds
2016-11-15T08:45:33.190+0100: 11730.383: Total time for which application threads were stopped: 0.0011332 seconds, Stopping threads took: 0.0001714 seconds
2016-11-15T08:45:47.090+0100: 11744.283: Total time for which application threads were stopped: 0.0012013 seconds, Stopping threads took: 0.0001700 seconds
2016-11-15T08:45:47.092+0100: 11744.284: Total time for which application threads were stopped: 0.0005436 seconds, Stopping threads took: 0.0000476 seconds
2016-11-15T08:45:47.092+0100: 11744.284: Total time for which application threads were stopped: 0.0004677 seconds, Stopping threads took: 0.0000303 seconds
2016-11-15T08:45:47.157+0100: 11744.349: Total time for which application threads were stopped: 0.0006124 seconds, Stopping threads took: 0.0000598 seconds
2016-11-15T08:46:04.276+0100: 11761.468: [GC pause (G1 Evacuation Pause) (young)
Desired survivor size 80740352 bytes, new threshold 15 (max 15)
- age   1:    4595792 bytes,    4595792 total
- age   2:    2941224 bytes,    7537016 total
- age   3:    4506400 bytes,   12043416 total
- age   4:    1998544 bytes,   14041960 total
- age   5:    2285640 bytes,   16327600 total
- age   6:      82096 bytes,   16409696 total
- age   7:     133528 bytes,   16543224 total
- age   8:     192760 bytes,   16735984 total
- age   9:      85704 bytes,   16821688 total
- age  10:    1399520 bytes,   18221208 total
- age  11:    3831272 bytes,   22052480 total
- age  12:    5794648 bytes,   27847128 total
- age  13:   11206208 bytes,   39053336 total
- age  14:    2797392 bytes,   41850728 total
- age  15:    8459928 bytes,   50310656 total
2016-11-15T08:46:04.312+0100: 11761.504: [SoftReference, 363 refs, 0.0052073 secs]2016-11-15T08:46:04.317+0100: 11761.509: [WeakReference, 221 refs, 0.0036035 secs]2016-11-15T08:46:04.321+0100: 11761.513: [FinalReference, 1795 refs, 0.0035042 secs]2016-11-15T08:46:04.324+0100: 11761.517: [PhantomReference, 0 refs, 10 refs, 0.0059551 secs]2016-11-15T08:46:04.330+0100: 11761.523: [JNI Weak Reference, 0.0000400 secs], 0.0718058 secs]
   [Parallel Time: 32.1 ms, GC Workers: 43]
      [GC Worker Start (ms): Min: 11761468.9, Avg: 11761469.4, Max: 11761469.8, Diff: 1.0]
      [Ext Root Scanning (ms): Min: 1.2, Avg: 2.1, Max: 7.3, Diff: 6.1, Sum: 90.8]
      [Update RS (ms): Min: 5.3, Avg: 8.8, Max: 10.3, Diff: 5.0, Sum: 376.8]
         [Processed Buffers: Min: 2, Avg: 7.2, Max: 25, Diff: 23, Sum: 310]
      [Scan RS (ms): Min: 0.1, Avg: 0.7, Max: 1.1, Diff: 1.0, Sum: 28.8]
      [Code Root Scanning (ms): Min: 0.0, Avg: 0.3, Max: 1.1, Diff: 1.1, Sum: 13.1]
      [Object Copy (ms): Min: 17.5, Avg: 18.2, Max: 19.4, Diff: 2.0, Sum: 781.7]
      [Termination (ms): Min: 0.0, Avg: 0.1, Max: 0.2, Diff: 0.2, Sum: 6.2]
         [Termination Attempts: Min: 1, Avg: 32.5, Max: 46, Diff: 45, Sum: 1397]
      [GC Worker Other (ms): Min: 0.0, Avg: 0.4, Max: 0.9, Diff: 0.8, Sum: 17.1]
      [GC Worker Total (ms): Min: 29.8, Avg: 30.6, Max: 31.5, Diff: 1.6, Sum: 1314.5]
      [GC Worker End (ms): Min: 11761499.6, Avg: 11761500.0, Max: 11761500.4, Diff: 0.8]
   [Code Root Fixup: 1.0 ms]
   [Code Root Purge: 0.1 ms]
   [String Dedup Fixup: 2.2 ms, GC Workers: 43]
      [Queue Fixup (ms): Min: 0.0, Avg: 0.0, Max: 0.0, Diff: 0.0, Sum: 0.2]
      [Table Fixup (ms): Min: 0.8, Avg: 1.3, Max: 1.8, Diff: 0.9, Sum: 56.4]
   [Clear CT: 6.8 ms]
   [Other: 29.5 ms]
      [Choose CSet: 0.0 ms]
      [Ref Proc: 20.7 ms]
      [Ref Enq: 1.2 ms]
      [Redirty Cards: 1.2 ms]
      [Humongous Register: 0.2 ms]
      [Humongous Reclaim: 0.1 ms]
      [Free CSet: 5.3 ms]
   [Eden: 1153.0M(1153.0M)->0.0B(1172.0M) Survivors: 75.0M->56.0M Heap: 1708.4M(2048.0M)->551.7M(2048.0M)]
 [Times: user=1.60 sys=0.06, real=0.07 secs] 
2016-11-15T08:46:04.348+0100: 11761.540: Total time for which application threads were stopped: 0.0736115 seconds, Stopping threads took: 0.0001695 seconds
2016-11-15T08:46:04.350+0100: 11761.542: Total time for which application threads were stopped: 0.0011116 seconds, Stopping threads took: 0.0001242 seconds
2016-11-15T08:46:04.350+0100: 11761.543: Total time for which application threads were stopped: 0.0005525 seconds, Stopping threads took: 0.0000603 seconds
2016-11-15T08:46:04.351+0100: 11761.543: Total time for which application threads were stopped: 0.0005849 seconds, Stopping threads took: 0.0000898 seconds
2016-11-15T08:46:04.351+0100: 11761.544: Total time for which application threads were stopped: 0.0005396 seconds, Stopping threads took: 0.0000524 seconds
2016-11-15T08:46:04.352+0100: 11761.545: Total time for which application threads were stopped: 0.0005089 seconds, Stopping threads took: 0.0000442 seconds
2016-11-15T08:46:04.353+0100: 11761.545: [GC concurrent-string-deduplication, 118.8K->34.3K(84.5K), avg 61.3%, 0.0012209 secs]
2016-11-15T08:46:05.546+0100: 11762.738: Total time for which application threads were stopped: 0.0012942 seconds, Stopping threads took: 0.0002013 seconds
2016-11-15T08:46:05.547+0100: 11762.739: Total time for which application threads were stopped: 0.0005085 seconds, Stopping threads took: 0.0000343 seconds
2016-11-15T08:46:05.547+0100: 11762.740: Total time for which application threads were stopped: 0.0005008 seconds, Stopping threads took: 0.0000304 seconds
2016-11-15T08:46:05.674+0100: 11762.867: Total time for which application threads were stopped: 0.0007087 seconds, Stopping threads took: 0.0000784 seconds
2016-11-15T08:46:19.677+0100: 11776.869: Total time for which application threads were stopped: 0.0011359 seconds, Stopping threads took: 0.0001686 seconds
2016-11-15T08:48:04.031+0100: 11881.223: Total time for which application threads were stopped: 0.0015057 seconds, Stopping threads took: 0.0001790 seconds
2016-11-15T08:48:04.032+0100: 11881.224: Total time for which application threads were stopped: 0.0005687 seconds, Stopping threads took: 0.0000327 seconds
2016-11-15T08:48:04.032+0100: 11881.225: Total time for which application threads were stopped: 0.0005559 seconds, Stopping threads took: 0.0000303 seconds
2016-11-15T08:48:04.205+0100: 11881.397: Total time for which application threads were stopped: 0.0008720 seconds, Stopping threads took: 0.0000938 seconds
2016-11-15T08:48:12.080+0100: 11889.272: Total time for which application threads were stopped: 0.0012808 seconds, Stopping threads took: 0.0001898 seconds
2016-11-15T08:48:13.081+0100: 11890.274: Total time for which application threads were stopped: 0.0011797 seconds, Stopping threads took: 0.0001697 seconds
2016-11-15T08:48:15.615+0100: 11892.807: Total time for which application threads were stopped: 0.0012594 seconds, Stopping threads took: 0.0001618 seconds
2016-11-15T08:48:15.615+0100: 11892.808: Total time for which application threads were stopped: 0.0005121 seconds, Stopping threads took: 0.0000333 seconds
2016-11-15T08:48:15.616+0100: 11892.808: Total time for which application threads were stopped: 0.0005076 seconds, Stopping threads took: 0.0000303 seconds
2016-11-15T08:48:15.864+0100: 11893.057: Total time for which application threads were stopped: 0.0010354 seconds, Stopping threads took: 0.0001193 seconds
2016-11-15T08:48:15.865+0100: 11893.058: Total time for which application threads were stopped: 0.0005104 seconds, Stopping threads took: 0.0000321 seconds
2016-11-15T08:48:15.866+0100: 11893.058: Total time for which application threads were stopped: 0.0005159 seconds, Stopping threads took: 0.0000313 seconds
2016-11-15T08:48:15.957+0100: 11893.150: Total time for which application threads were stopped: 0.0011672 seconds, Stopping threads took: 0.0001578 seconds
2016-11-15T08:48:16.229+0100: 11893.421: Total time for which application threads were stopped: 0.0009337 seconds, Stopping threads took: 0.0001034 seconds
2016-11-15T08:48:19.937+0100: 11897.129: Total time for which application threads were stopped: 0.0011311 seconds, Stopping threads took: 0.0001517 seconds
2016-11-15T08:48:19.938+0100: 11897.130: Total time for which application threads were stopped: 0.0004833 seconds, Stopping threads took: 0.0000342 seconds
2016-11-15T08:48:19.938+0100: 11897.131: Total time for which application threads were stopped: 0.0004864 seconds, Stopping threads took: 0.0000293 seconds
2016-11-15T08:48:20.014+0100: 11897.207: Total time for which application threads were stopped: 0.0010292 seconds, Stopping threads took: 0.0001285 seconds
2016-11-15T08:48:25.981+0100: 11903.173: Total time for which application threads were stopped: 0.0011684 seconds, Stopping threads took: 0.0001651 seconds
2016-11-15T08:48:25.982+0100: 11903.174: Total time for which application threads were stopped: 0.0004735 seconds, Stopping threads took: 0.0000308 seconds
2016-11-15T08:48:25.982+0100: 11903.175: Total time for which application threads were stopped: 0.0004825 seconds, Stopping threads took: 0.0000293 seconds
2016-11-15T08:48:26.184+0100: 11903.376: Total time for which application threads were stopped: 0.0009356 seconds, Stopping threads took: 0.0001104 seconds
2016-11-15T08:48:42.408+0100: 11919.601: Total time for which application threads were stopped: 0.0012374 seconds, Stopping threads took: 0.0002328 seconds
2016-11-15T08:48:43.409+0100: 11920.602: Total time for which application threads were stopped: 0.0009535 seconds, Stopping threads took: 0.0001355 seconds
2016-11-15T08:48:43.668+0100: 11920.861: Total time for which application threads were stopped: 0.0010070 seconds, Stopping threads took: 0.0001090 seconds
2016-11-15T08:48:43.669+0100: 11920.861: Total time for which application threads were stopped: 0.0005326 seconds, Stopping threads took: 0.0000317 seconds
2016-11-15T08:48:43.669+0100: 11920.862: Total time for which application threads were stopped: 0.0005413 seconds, Stopping threads took: 0.0000310 seconds
2016-11-15T08:48:43.830+0100: 11921.022: Total time for which application threads were stopped: 0.0008149 seconds, Stopping threads took: 0.0000714 seconds
2016-11-15T08:48:56.756+0100: 11933.949: Total time for which application threads were stopped: 0.0012953 seconds, Stopping threads took: 0.0001719 seconds
2016-11-15T08:48:56.757+0100: 11933.950: Total time for which application threads were stopped: 0.0005055 seconds, Stopping threads took: 0.0000308 seconds
2016-11-15T08:48:56.758+0100: 11933.950: Total time for which application threads were stopped: 0.0005208 seconds, Stopping threads took: 0.0000309 seconds
2016-11-15T08:48:56.800+0100: 11933.993: Total time for which application threads were stopped: 0.0006294 seconds, Stopping threads took: 0.0000617 seconds
2016-11-15T08:49:03.802+0100: 11940.995: Total time for which application threads were stopped: 0.0013520 seconds, Stopping threads took: 0.0001655 seconds
2016-11-15T08:49:04.804+0100: 11941.996: Total time for which application threads were stopped: 0.0013285 seconds, Stopping threads took: 0.0001527 seconds
2016-11-15T08:49:13.805+0100: 11950.998: Total time for which application threads were stopped: 0.0012095 seconds, Stopping threads took: 0.0001677 seconds
2016-11-15T08:49:17.807+0100: 11954.999: Total time for which application threads were stopped: 0.0013219 seconds, Stopping threads took: 0.0002056 seconds
2016-11-15T08:49:23.809+0100: 11961.001: Total time for which application threads were stopped: 0.0011715 seconds, Stopping threads took: 0.0001819 seconds
2016-11-15T08:49:25.967+0100: 11963.160: Total time for which application threads were stopped: 0.0033417 seconds, Stopping threads took: 0.0001608 seconds
2016-11-15T08:49:25.970+0100: 11963.162: Total time for which application threads were stopped: 0.0022968 seconds, Stopping threads took: 0.0000425 seconds
2016-11-15T08:49:25.972+0100: 11963.164: Total time for which application threads were stopped: 0.0020599 seconds, Stopping threads took: 0.0000420 seconds
2016-11-15T08:49:26.025+0100: 11963.218: Total time for which application threads were stopped: 0.0007595 seconds, Stopping threads took: 0.0000643 seconds
2016-11-15T08:49:26.026+0100: 11963.218: Total time for which application threads were stopped: 0.0004796 seconds, Stopping threads took: 0.0000280 seconds
2016-11-15T08:49:26.026+0100: 11963.219: Total time for which application threads were stopped: 0.0004985 seconds, Stopping threads took: 0.0000296 seconds
2016-11-15T08:49:26.143+0100: 11963.335: Total time for which application threads were stopped: 0.0007970 seconds, Stopping threads took: 0.0000840 seconds
2016-11-15T08:49:27.144+0100: 11964.336: Total time for which application threads were stopped: 0.0012326 seconds, Stopping threads took: 0.0001696 seconds
2016-11-15T08:49:30.145+0100: 11967.338: Total time for which application threads were stopped: 0.0012647 seconds, Stopping threads took: 0.0001688 seconds
2016-11-15T08:49:44.148+0100: 11981.340: Total time for which application threads were stopped: 0.0014732 seconds, Stopping threads took: 0.0001658 seconds
2016-11-15T08:50:30.667+0100: 12027.859: Total time for which application threads were stopped: 0.0012425 seconds, Stopping threads took: 0.0001620 seconds
2016-11-15T08:50:30.668+0100: 12027.860: Total time for which application threads were stopped: 0.0004967 seconds, Stopping threads took: 0.0000338 seconds
2016-11-15T08:50:30.668+0100: 12027.861: Total time for which application threads were stopped: 0.0004829 seconds, Stopping threads took: 0.0000300 seconds
2016-11-15T08:50:30.714+0100: 12027.907: Total time for which application threads were stopped: 0.0005999 seconds, Stopping threads took: 0.0000557 seconds
2016-11-15T08:50:38.716+0100: 12035.909: Total time for which application threads were stopped: 0.0014544 seconds, Stopping threads took: 0.0001842 seconds
2016-11-15T08:50:39.718+0100: 12036.910: Total time for which application threads were stopped: 0.0011542 seconds, Stopping threads took: 0.0001543 seconds
2016-11-15T08:50:41.719+0100: 12038.911: Total time for which application threads were stopped: 0.0012856 seconds, Stopping threads took: 0.0001900 seconds
2016-11-15T08:50:44.721+0100: 12041.913: Total time for which application threads were stopped: 0.0013365 seconds, Stopping threads took: 0.0002138 seconds
2016-11-15T08:50:45.071+0100: 12042.263: Total time for which application threads were stopped: 0.0013511 seconds, Stopping threads took: 0.0001712 seconds
2016-11-15T08:50:45.072+0100: 12042.264: Total time for which application threads were stopped: 0.0005476 seconds, Stopping threads took: 0.0000313 seconds
2016-11-15T08:50:45.072+0100: 12042.265: Total time for which application threads were stopped: 0.0005561 seconds, Stopping threads took: 0.0000444 seconds
2016-11-15T08:50:45.238+0100: 12042.430: Total time for which application threads were stopped: 0.0013109 seconds, Stopping threads took: 0.0001677 seconds
2016-11-15T08:50:47.239+0100: 12044.431: Total time for which application threads were stopped: 0.0011327 seconds, Stopping threads took: 0.0001656 seconds
2016-11-15T08:50:48.115+0100: 12045.308: [GC pause (G1 Evacuation Pause) (young)
Desired survivor size 80740352 bytes, new threshold 15 (max 15)
- age   1:    1853872 bytes,    1853872 total
- age   2:    1197720 bytes,    3051592 total
- age   3:    2927616 bytes,    5979208 total
- age   4:    4185528 bytes,   10164736 total
- age   5:    1998504 bytes,   12163240 total
- age   6:    2284288 bytes,   14447528 total
- age   7:      82096 bytes,   14529624 total
- age   8:     133528 bytes,   14663152 total
- age   9:     192760 bytes,   14855912 total
- age  10:      85704 bytes,   14941616 total
- age  11:    1374008 bytes,   16315624 total
- age  12:    3831024 bytes,   20146648 total
- age  13:    5793000 bytes,   25939648 total
- age  14:   11202912 bytes,   37142560 total
- age  15:    2797392 bytes,   39939952 total
2016-11-15T08:50:48.143+0100: 12045.335: [SoftReference, 358 refs, 0.0054386 secs]2016-11-15T08:50:48.148+0100: 12045.340: [WeakReference, 136 refs, 0.0029937 secs]2016-11-15T08:50:48.151+0100: 12045.343: [FinalReference, 193 refs, 0.0030287 secs]2016-11-15T08:50:48.154+0100: 12045.346: [PhantomReference, 0 refs, 8 refs, 0.0057791 secs]2016-11-15T08:50:48.160+0100: 12045.352: [JNI Weak Reference, 0.0000417 secs], 0.0617798 secs]
   [Parallel Time: 23.8 ms, GC Workers: 43]
      [GC Worker Start (ms): Min: 12045308.4, Avg: 12045308.9, Max: 12045309.4, Diff: 1.0]
      [Ext Root Scanning (ms): Min: 1.0, Avg: 2.1, Max: 7.0, Diff: 6.0, Sum: 89.8]
      [Update RS (ms): Min: 1.2, Avg: 4.9, Max: 6.0, Diff: 4.8, Sum: 211.7]
         [Processed Buffers: Min: 1, Avg: 5.8, Max: 17, Diff: 16, Sum: 251]
      [Scan RS (ms): Min: 0.1, Avg: 0.6, Max: 0.8, Diff: 0.7, Sum: 24.4]
      [Code Root Scanning (ms): Min: 0.0, Avg: 0.3, Max: 0.6, Diff: 0.6, Sum: 11.0]
      [Object Copy (ms): Min: 13.4, Avg: 14.0, Max: 16.2, Diff: 2.9, Sum: 601.0]
      [Termination (ms): Min: 0.0, Avg: 0.1, Max: 0.2, Diff: 0.2, Sum: 2.9]
         [Termination Attempts: Min: 1, Avg: 6.3, Max: 12, Diff: 11, Sum: 271]
      [GC Worker Other (ms): Min: 0.0, Avg: 0.4, Max: 0.8, Diff: 0.8, Sum: 16.4]
      [GC Worker Total (ms): Min: 21.5, Avg: 22.3, Max: 23.0, Diff: 1.4, Sum: 957.2]
      [GC Worker End (ms): Min: 12045330.8, Avg: 12045331.2, Max: 12045331.6, Diff: 0.8]
   [Code Root Fixup: 1.1 ms]
   [Code Root Purge: 0.2 ms]
   [String Dedup Fixup: 2.2 ms, GC Workers: 43]
      [Queue Fixup (ms): Min: 0.0, Avg: 0.0, Max: 0.0, Diff: 0.0, Sum: 0.2]
      [Table Fixup (ms): Min: 0.9, Avg: 1.3, Max: 1.6, Diff: 0.7, Sum: 55.1]
   [Clear CT: 6.4 ms]
   [Other: 28.0 ms]
      [Choose CSet: 0.0 ms]
      [Ref Proc: 19.1 ms]
      [Ref Enq: 1.2 ms]
      [Redirty Cards: 1.2 ms]
      [Humongous Register: 0.2 ms]
      [Humongous Reclaim: 0.1 ms]
      [Free CSet: 5.3 ms]
   [Eden: 1172.0M(1172.0M)->0.0B(1161.0M) Survivors: 56.0M->67.0M Heap: 1727.7M(2048.0M)->573.0M(2048.0M)]
 [Times: user=1.36 sys=0.01, real=0.07 secs] 
2016-11-15T08:50:48.178+0100: 12045.370: Total time for which application threads were stopped: 0.0638386 seconds, Stopping threads took: 0.0002818 seconds
2016-11-15T08:50:48.181+0100: 12045.374: Total time for which application threads were stopped: 0.0036410 seconds, Stopping threads took: 0.0002458 seconds
2016-11-15T08:50:48.182+0100: 12045.374: [GC concurrent-string-deduplication, 40.6K->8280.0B(32.5K), avg 61.3%, 0.0005843 secs]
2016-11-15T08:50:49.183+0100: 12046.375: Total time for which application threads were stopped: 0.0012459 seconds, Stopping threads took: 0.0001965 seconds
2016-11-15T08:50:51.322+0100: 12048.514: Total time for which application threads were stopped: 0.0011471 seconds, Stopping threads took: 0.0001574 seconds
2016-11-15T08:50:51.323+0100: 12048.515: Total time for which application threads were stopped: 0.0004865 seconds, Stopping threads took: 0.0000336 seconds
2016-11-15T08:50:51.323+0100: 12048.516: Total time for which application threads were stopped: 0.0004817 seconds, Stopping threads took: 0.0000287 seconds
2016-11-15T08:50:51.364+0100: 12048.556: Total time for which application threads were stopped: 0.0005819 seconds, Stopping threads took: 0.0000519 seconds
2016-11-15T08:50:52.365+0100: 12049.558: Total time for which application threads were stopped: 0.0012315 seconds, Stopping threads took: 0.0001540 seconds
2016-11-15T08:50:53.366+0100: 12050.559: Total time for which application threads were stopped: 0.0011559 seconds, Stopping threads took: 0.0001610 seconds
2016-11-15T08:50:58.742+0100: 12055.934: Total time for which application threads were stopped: 0.0057570 seconds, Stopping threads took: 0.0001721 seconds
2016-11-15T08:50:59.743+0100: 12056.936: Total time for which application threads were stopped: 0.0012594 seconds, Stopping threads took: 0.0001700 seconds
2016-11-15T08:51:03.745+0100: 12060.937: Total time for which application threads were stopped: 0.0013053 seconds, Stopping threads took: 0.0002025 seconds
2016-11-15T08:51:10.747+0100: 12067.939: Total time for which application threads were stopped: 0.0012061 seconds, Stopping threads took: 0.0001684 seconds
2016-11-15T08:51:44.988+0100: 12102.180: Total time for which application threads were stopped: 0.0012194 seconds, Stopping threads took: 0.0001461 seconds
2016-11-15T08:51:44.992+0100: 12102.184: Total time for which application threads were stopped: 0.0005736 seconds, Stopping threads took: 0.0000540 seconds
2016-11-15T08:51:44.993+0100: 12102.185: Total time for which application threads were stopped: 0.0004997 seconds, Stopping threads took: 0.0000305 seconds
2016-11-15T08:51:44.993+0100: 12102.186: Total time for which application threads were stopped: 0.0004861 seconds, Stopping threads took: 0.0000290 seconds
2016-11-15T08:51:45.549+0100: 12102.741: Total time for which application threads were stopped: 0.0011594 seconds, Stopping threads took: 0.0001528 seconds
2016-11-15T08:51:50.235+0100: 12107.427: Total time for which application threads were stopped: 0.0011341 seconds, Stopping threads took: 0.0001593 seconds
2016-11-15T08:52:00.236+0100: 12117.429: Total time for which application threads were stopped: 0.0012265 seconds, Stopping threads took: 0.0001725 seconds
2016-11-15T08:52:00.237+0100: 12117.430: Total time for which application threads were stopped: 0.0004949 seconds, Stopping threads took: 0.0000408 seconds
2016-11-15T08:52:05.355+0100: 12122.547: Total time for which application threads were stopped: 0.0013077 seconds, Stopping threads took: 0.0001746 seconds
2016-11-15T08:52:05.356+0100: 12122.548: Total time for which application threads were stopped: 0.0005543 seconds, Stopping threads took: 0.0000395 seconds
2016-11-15T08:52:05.356+0100: 12122.549: Total time for which application threads were stopped: 0.0006146 seconds, Stopping threads took: 0.0000968 seconds
2016-11-15T08:52:05.547+0100: 12122.739: Total time for which application threads were stopped: 0.0008565 seconds, Stopping threads took: 0.0000949 seconds
2016-11-15T08:52:10.739+0100: 12127.931: Total time for which application threads were stopped: 0.0011944 seconds, Stopping threads took: 0.0001598 seconds
2016-11-15T08:52:10.740+0100: 12127.932: Total time for which application threads were stopped: 0.0005006 seconds, Stopping threads took: 0.0000333 seconds
2016-11-15T08:52:10.740+0100: 12127.933: Total time for which application threads were stopped: 0.0005117 seconds, Stopping threads took: 0.0000338 seconds
2016-11-15T08:52:10.933+0100: 12128.126: Total time for which application threads were stopped: 0.0011794 seconds, Stopping threads took: 0.0001398 seconds
2016-11-15T08:52:12.531+0100: 12129.724: Total time for which application threads were stopped: 0.0011508 seconds, Stopping threads took: 0.0001558 seconds
2016-11-15T08:52:12.532+0100: 12129.725: Total time for which application threads were stopped: 0.0005160 seconds, Stopping threads took: 0.0000387 seconds
2016-11-15T08:52:12.533+0100: 12129.725: Total time for which application threads were stopped: 0.0005279 seconds, Stopping threads took: 0.0000322 seconds
2016-11-15T08:52:12.625+0100: 12129.817: Total time for which application threads were stopped: 0.0009843 seconds, Stopping threads took: 0.0001533 seconds
2016-11-15T08:52:13.626+0100: 12130.819: Total time for which application threads were stopped: 0.0012944 seconds, Stopping threads took: 0.0001645 seconds
2016-11-15T08:52:19.026+0100: 12136.218: Total time for which application threads were stopped: 0.0011747 seconds, Stopping threads took: 0.0001663 seconds
2016-11-15T08:52:19.026+0100: 12136.219: Total time for which application threads were stopped: 0.0004861 seconds, Stopping threads took: 0.0000363 seconds
2016-11-15T08:52:19.027+0100: 12136.219: Total time for which application threads were stopped: 0.0004862 seconds, Stopping threads took: 0.0000309 seconds
2016-11-15T08:52:19.235+0100: 12136.428: Total time for which application threads were stopped: 0.0006611 seconds, Stopping threads took: 0.0000629 seconds
2016-11-15T08:52:20.236+0100: 12137.429: Total time for which application threads were stopped: 0.0009915 seconds, Stopping threads took: 0.0001284 seconds
2016-11-15T08:52:20.741+0100: 12137.934: Total time for which application threads were stopped: 0.0010300 seconds, Stopping threads took: 0.0001430 seconds
2016-11-15T08:52:20.742+0100: 12137.935: Total time for which application threads were stopped: 0.0005149 seconds, Stopping threads took: 0.0000314 seconds
2016-11-15T08:52:20.743+0100: 12137.935: Total time for which application threads were stopped: 0.0004874 seconds, Stopping threads took: 0.0000289 seconds
2016-11-15T08:52:20.917+0100: 12138.110: Total time for which application threads were stopped: 0.0008656 seconds, Stopping threads took: 0.0001081 seconds
2016-11-15T08:52:27.919+0100: 12145.112: Total time for which application threads were stopped: 0.0011129 seconds, Stopping threads took: 0.0001576 seconds
2016-11-15T08:52:29.920+0100: 12147.113: Total time for which application threads were stopped: 0.0011191 seconds, Stopping threads took: 0.0001571 seconds
2016-11-15T08:52:37.030+0100: 12154.223: Total time for which application threads were stopped: 0.0011608 seconds, Stopping threads took: 0.0001547 seconds
2016-11-15T08:52:37.031+0100: 12154.224: Total time for which application threads were stopped: 0.0004788 seconds, Stopping threads took: 0.0000314 seconds
2016-11-15T08:52:37.032+0100: 12154.224: Total time for which application threads were stopped: 0.0004829 seconds, Stopping threads took: 0.0000288 seconds
2016-11-15T08:52:37.219+0100: 12154.412: Total time for which application threads were stopped: 0.0029273 seconds, Stopping threads took: 0.0000896 seconds
2016-11-15T08:52:39.412+0100: 12156.605: Total time for which application threads were stopped: 0.0012277 seconds, Stopping threads took: 0.0001522 seconds
2016-11-15T08:52:39.413+0100: 12156.605: Total time for which application threads were stopped: 0.0004896 seconds, Stopping threads took: 0.0000303 seconds
2016-11-15T08:52:39.414+0100: 12156.606: Total time for which application threads were stopped: 0.0004951 seconds, Stopping threads took: 0.0000294 seconds
2016-11-15T08:52:39.437+0100: 12156.629: Total time for which application threads were stopped: 0.0005749 seconds, Stopping threads took: 0.0000556 seconds
2016-11-15T08:52:39.438+0100: 12156.630: Total time for which application threads were stopped: 0.0004830 seconds, Stopping threads took: 0.0000318 seconds
2016-11-15T08:52:39.438+0100: 12156.631: Total time for which application threads were stopped: 0.0004887 seconds, Stopping threads took: 0.0000301 seconds
2016-11-15T08:52:39.543+0100: 12156.735: Total time for which application threads were stopped: 0.0012030 seconds, Stopping threads took: 0.0001659 seconds
2016-11-15T08:52:39.642+0100: 12156.835: Total time for which application threads were stopped: 0.0010326 seconds, Stopping threads took: 0.0001369 seconds
2016-11-15T08:52:40.644+0100: 12157.836: Total time for which application threads were stopped: 0.0010706 seconds, Stopping threads took: 0.0001480 seconds
2016-11-15T08:52:43.011+0100: 12160.203: Total time for which application threads were stopped: 0.0011393 seconds, Stopping threads took: 0.0001535 seconds
2016-11-15T08:52:43.012+0100: 12160.204: Total time for which application threads were stopped: 0.0005213 seconds, Stopping threads took: 0.0000365 seconds
2016-11-15T08:52:43.012+0100: 12160.205: Total time for which application threads were stopped: 0.0004732 seconds, Stopping threads took: 0.0000298 seconds
2016-11-15T08:52:43.150+0100: 12160.342: Total time for which application threads were stopped: 0.0012240 seconds, Stopping threads took: 0.0001723 seconds
2016-11-15T08:52:44.961+0100: 12162.153: Total time for which application threads were stopped: 0.0012621 seconds, Stopping threads took: 0.0001690 seconds
2016-11-15T08:52:44.961+0100: 12162.154: Total time for which application threads were stopped: 0.0005040 seconds, Stopping threads took: 0.0000342 seconds
2016-11-15T08:52:44.962+0100: 12162.154: Total time for which application threads were stopped: 0.0004934 seconds, Stopping threads took: 0.0000294 seconds
2016-11-15T08:52:45.109+0100: 12162.302: Total time for which application threads were stopped: 0.0010741 seconds, Stopping threads took: 0.0001428 seconds
2016-11-15T08:52:48.983+0100: 12166.176: Total time for which application threads were stopped: 0.0011835 seconds, Stopping threads took: 0.0001738 seconds
2016-11-15T08:52:48.984+0100: 12166.177: Total time for which application threads were stopped: 0.0005510 seconds, Stopping threads took: 0.0000405 seconds
2016-11-15T08:52:48.985+0100: 12166.177: Total time for which application threads were stopped: 0.0005123 seconds, Stopping threads took: 0.0000377 seconds
2016-11-15T08:52:49.026+0100: 12166.218: Total time for which application threads were stopped: 0.0008417 seconds, Stopping threads took: 0.0000965 seconds
2016-11-15T08:53:20.180+0100: 12197.372: Total time for which application threads were stopped: 0.0012080 seconds, Stopping threads took: 0.0001662 seconds
2016-11-15T08:53:20.181+0100: 12197.373: Total time for which application threads were stopped: 0.0004964 seconds, Stopping threads took: 0.0000325 seconds
2016-11-15T08:53:20.181+0100: 12197.374: Total time for which application threads were stopped: 0.0004864 seconds, Stopping threads took: 0.0000309 seconds
2016-11-15T08:53:20.354+0100: 12197.547: Total time for which application threads were stopped: 0.0011421 seconds, Stopping threads took: 0.0001447 seconds
2016-11-15T08:53:20.775+0100: 12197.968: Total time for which application threads were stopped: 0.0012011 seconds, Stopping threads took: 0.0001630 seconds
2016-11-15T08:53:20.776+0100: 12197.969: Total time for which application threads were stopped: 0.0004845 seconds, Stopping threads took: 0.0000307 seconds
2016-11-15T08:53:20.777+0100: 12197.969: Total time for which application threads were stopped: 0.0005060 seconds, Stopping threads took: 0.0000293 seconds
2016-11-15T08:53:20.933+0100: 12198.125: Total time for which application threads were stopped: 0.0011819 seconds, Stopping threads took: 0.0001485 seconds
2016-11-15T08:53:24.101+0100: 12201.293: Total time for which application threads were stopped: 0.0011980 seconds, Stopping threads took: 0.0001746 seconds
2016-11-15T08:53:24.102+0100: 12201.295: Total time for which application threads were stopped: 0.0006638 seconds, Stopping threads took: 0.0000396 seconds
2016-11-15T08:53:24.103+0100: 12201.295: Total time for which application threads were stopped: 0.0005596 seconds, Stopping threads took: 0.0000348 seconds
2016-11-15T08:53:24.236+0100: 12201.429: Total time for which application threads were stopped: 0.0011197 seconds, Stopping threads took: 0.0001457 seconds
2016-11-15T08:53:32.238+0100: 12209.430: Total time for which application threads were stopped: 0.0012803 seconds, Stopping threads took: 0.0001608 seconds
2016-11-15T08:53:53.975+0100: 12231.168: Total time for which application threads were stopped: 0.0012968 seconds, Stopping threads took: 0.0001645 seconds
2016-11-15T08:53:53.976+0100: 12231.169: Total time for which application threads were stopped: 0.0005217 seconds, Stopping threads took: 0.0000313 seconds
2016-11-15T08:53:53.977+0100: 12231.169: Total time for which application threads were stopped: 0.0005352 seconds, Stopping threads took: 0.0000345 seconds
2016-11-15T08:53:54.178+0100: 12231.370: Total time for which application threads were stopped: 0.0010974 seconds, Stopping threads took: 0.0001323 seconds
2016-11-15T08:54:00.603+0100: 12237.796: Total time for which application threads were stopped: 0.0032598 seconds, Stopping threads took: 0.0001692 seconds
2016-11-15T08:54:00.606+0100: 12237.798: Total time for which application threads were stopped: 0.0022832 seconds, Stopping threads took: 0.0000483 seconds
2016-11-15T08:54:00.608+0100: 12237.801: Total time for which application threads were stopped: 0.0027641 seconds, Stopping threads took: 0.0001401 seconds
2016-11-15T08:54:00.629+0100: 12237.821: Total time for which application threads were stopped: 0.0008306 seconds, Stopping threads took: 0.0000678 seconds
2016-11-15T08:54:00.629+0100: 12237.822: Total time for which application threads were stopped: 0.0005263 seconds, Stopping threads took: 0.0000306 seconds
2016-11-15T08:54:00.630+0100: 12237.822: Total time for which application threads were stopped: 0.0005196 seconds, Stopping threads took: 0.0000375 seconds
2016-11-15T08:54:00.811+0100: 12238.003: Total time for which application threads were stopped: 0.0010658 seconds, Stopping threads took: 0.0001265 seconds
2016-11-15T08:54:00.812+0100: 12238.004: Total time for which application threads were stopped: 0.0006129 seconds, Stopping threads took: 0.0000812 seconds
2016-11-15T08:54:00.813+0100: 12238.005: Total time for which application threads were stopped: 0.0006848 seconds, Stopping threads took: 0.0000987 seconds
2016-11-15T08:54:00.909+0100: 12238.102: Total time for which application threads were stopped: 0.0009950 seconds, Stopping threads took: 0.0001206 seconds
2016-11-15T08:54:11.911+0100: 12249.104: Total time for which application threads were stopped: 0.0011300 seconds, Stopping threads took: 0.0001606 seconds
2016-11-15T08:54:13.220+0100: 12250.412: Total time for which application threads were stopped: 0.0011584 seconds, Stopping threads took: 0.0001601 seconds
2016-11-15T08:54:13.221+0100: 12250.413: Total time for which application threads were stopped: 0.0004988 seconds, Stopping threads took: 0.0000318 seconds
2016-11-15T08:54:13.221+0100: 12250.414: Total time for which application threads were stopped: 0.0004851 seconds, Stopping threads took: 0.0000305 seconds
2016-11-15T08:54:13.337+0100: 12250.530: Total time for which application threads were stopped: 0.0008159 seconds, Stopping threads took: 0.0000920 seconds
2016-11-15T08:54:24.604+0100: 12261.797: Total time for which application threads were stopped: 0.0013286 seconds, Stopping threads took: 0.0001609 seconds
2016-11-15T08:54:24.605+0100: 12261.797: Total time for which application threads were stopped: 0.0005582 seconds, Stopping threads took: 0.0000306 seconds
2016-11-15T08:54:24.606+0100: 12261.798: Total time for which application threads were stopped: 0.0005983 seconds, Stopping threads took: 0.0000310 seconds
2016-11-15T08:54:24.800+0100: 12261.992: Total time for which application threads were stopped: 0.0008557 seconds, Stopping threads took: 0.0000945 seconds
2016-11-15T08:54:30.477+0100: 12267.670: Total time for which application threads were stopped: 0.0011571 seconds, Stopping threads took: 0.0001690 seconds
2016-11-15T08:54:30.478+0100: 12267.671: Total time for which application threads were stopped: 0.0004874 seconds, Stopping threads took: 0.0000383 seconds
2016-11-15T08:54:30.479+0100: 12267.671: Total time for which application threads were stopped: 0.0004840 seconds, Stopping threads took: 0.0000282 seconds
2016-11-15T08:54:30.523+0100: 12267.716: Total time for which application threads were stopped: 0.0005940 seconds, Stopping threads took: 0.0000578 seconds
2016-11-15T08:54:33.408+0100: 12270.600: Total time for which application threads were stopped: 0.0013201 seconds, Stopping threads took: 0.0001660 seconds
2016-11-15T08:54:33.409+0100: 12270.601: Total time for which application threads were stopped: 0.0005326 seconds, Stopping threads took: 0.0000305 seconds
2016-11-15T08:54:33.409+0100: 12270.602: Total time for which application threads were stopped: 0.0005365 seconds, Stopping threads took: 0.0000295 seconds
2016-11-15T08:54:33.541+0100: 12270.733: Total time for which application threads were stopped: 0.0010697 seconds, Stopping threads took: 0.0001295 seconds
2016-11-15T08:54:34.542+0100: 12271.735: Total time for which application threads were stopped: 0.0011893 seconds, Stopping threads took: 0.0001513 seconds
2016-11-15T08:54:37.741+0100: 12274.934: Total time for which application threads were stopped: 0.0011625 seconds, Stopping threads took: 0.0001715 seconds
2016-11-15T08:54:37.742+0100: 12274.935: Total time for which application threads were stopped: 0.0004821 seconds, Stopping threads took: 0.0000322 seconds
2016-11-15T08:54:37.743+0100: 12274.935: Total time for which application threads were stopped: 0.0004842 seconds, Stopping threads took: 0.0000323 seconds
2016-11-15T08:54:37.811+0100: 12275.004: Total time for which application threads were stopped: 0.0007481 seconds, Stopping threads took: 0.0000743 seconds
2016-11-15T08:55:21.816+0100: 12319.008: Total time for which application threads were stopped: 0.0012652 seconds, Stopping threads took: 0.0001587 seconds
2016-11-15T08:55:29.152+0100: 12326.344: [GC pause (G1 Evacuation Pause) (young)
Desired survivor size 80740352 bytes, new threshold 15 (max 15)
- age   1:    1561560 bytes,    1561560 total
- age   2:    1354728 bytes,    2916288 total
- age   3:    1190392 bytes,    4106680 total
- age   4:    2835248 bytes,    6941928 total
- age   5:    4182832 bytes,   11124760 total
- age   6:    1998240 bytes,   13123000 total
- age   7:    2269272 bytes,   15392272 total
- age   8:      82096 bytes,   15474368 total
- age   9:     133528 bytes,   15607896 total
- age  10:     192680 bytes,   15800576 total
- age  11:      85704 bytes,   15886280 total
- age  12:    1371936 bytes,   17258216 total
- age  13:    3830552 bytes,   21088768 total
- age  14:    5793000 bytes,   26881768 total
- age  15:   11202800 bytes,   38084568 total
2016-11-15T08:55:29.174+0100: 12326.366: [SoftReference, 281 refs, 0.0051262 secs]2016-11-15T08:55:29.179+0100: 12326.371: [WeakReference, 112 refs, 0.0030929 secs]2016-11-15T08:55:29.182+0100: 12326.374: [FinalReference, 1375 refs, 0.0030758 secs]2016-11-15T08:55:29.185+0100: 12326.377: [PhantomReference, 0 refs, 8 refs, 0.0062341 secs]2016-11-15T08:55:29.191+0100: 12326.384: [JNI Weak Reference, 0.0000393 secs], 0.0560926 secs]
   [Parallel Time: 18.1 ms, GC Workers: 43]
      [GC Worker Start (ms): Min: 12326345.1, Avg: 12326345.7, Max: 12326346.2, Diff: 1.1]
      [Ext Root Scanning (ms): Min: 1.7, Avg: 2.3, Max: 5.7, Diff: 4.0, Sum: 98.1]
      [Update RS (ms): Min: 0.0, Avg: 2.8, Max: 4.2, Diff: 4.2, Sum: 119.6]
         [Processed Buffers: Min: 0, Avg: 4.3, Max: 20, Diff: 20, Sum: 186]
      [Scan RS (ms): Min: 0.1, Avg: 0.8, Max: 1.6, Diff: 1.6, Sum: 32.7]
      [Code Root Scanning (ms): Min: 0.0, Avg: 0.3, Max: 1.4, Diff: 1.4, Sum: 11.4]
      [Object Copy (ms): Min: 9.2, Avg: 10.0, Max: 10.4, Diff: 1.2, Sum: 430.2]
      [Termination (ms): Min: 0.0, Avg: 0.0, Max: 0.0, Diff: 0.0, Sum: 0.9]
         [Termination Attempts: Min: 1, Avg: 2.3, Max: 4, Diff: 3, Sum: 100]
      [GC Worker Other (ms): Min: 0.0, Avg: 0.4, Max: 0.8, Diff: 0.8, Sum: 16.8]
      [GC Worker Total (ms): Min: 15.7, Avg: 16.5, Max: 17.4, Diff: 1.7, Sum: 709.8]
      [GC Worker End (ms): Min: 12326361.9, Avg: 12326362.2, Max: 12326362.6, Diff: 0.8]
   [Code Root Fixup: 1.0 ms]
   [Code Root Purge: 0.1 ms]
   [String Dedup Fixup: 2.2 ms, GC Workers: 43]
      [Queue Fixup (ms): Min: 0.0, Avg: 0.0, Max: 0.0, Diff: 0.0, Sum: 0.2]
      [Table Fixup (ms): Min: 0.8, Avg: 1.3, Max: 1.8, Diff: 0.9, Sum: 55.6]
   [Clear CT: 6.5 ms]
   [Other: 28.2 ms]
      [Choose CSet: 0.0 ms]
      [Ref Proc: 19.5 ms]
      [Ref Enq: 1.2 ms]
      [Redirty Cards: 1.3 ms]
      [Humongous Register: 0.2 ms]
      [Humongous Reclaim: 0.0 ms]
      [Free CSet: 5.2 ms]
   [Eden: 1161.0M(1161.0M)->0.0B(1179.0M) Survivors: 67.0M->49.0M Heap: 1734.0M(2048.0M)->566.7M(2048.0M)]
 [Times: user=1.06 sys=0.04, real=0.06 secs] 
2016-11-15T08:55:29.209+0100: 12326.401: Total time for which application threads were stopped: 0.0580210 seconds, Stopping threads took: 0.0001633 seconds
2016-11-15T08:55:29.210+0100: 12326.403: Total time for which application threads were stopped: 0.0011622 seconds, Stopping threads took: 0.0000633 seconds
2016-11-15T08:55:29.211+0100: 12326.403: Total time for which application threads were stopped: 0.0006955 seconds, Stopping threads took: 0.0001125 seconds
2016-11-15T08:55:29.212+0100: 12326.404: Total time for which application threads were stopped: 0.0006271 seconds, Stopping threads took: 0.0000751 seconds
2016-11-15T08:55:29.212+0100: 12326.405: Total time for which application threads were stopped: 0.0006361 seconds, Stopping threads took: 0.0000717 seconds
2016-11-15T08:55:29.213+0100: 12326.406: Total time for which application threads were stopped: 0.0005897 seconds, Stopping threads took: 0.0000353 seconds
2016-11-15T08:55:29.214+0100: 12326.406: Total time for which application threads were stopped: 0.0006155 seconds, Stopping threads took: 0.0000640 seconds
2016-11-15T08:55:29.215+0100: 12326.407: Total time for which application threads were stopped: 0.0006151 seconds, Stopping threads took: 0.0000624 seconds
2016-11-15T08:55:29.215+0100: 12326.408: Total time for which application threads were stopped: 0.0005819 seconds, Stopping threads took: 0.0000364 seconds
2016-11-15T08:55:29.216+0100: 12326.408: [GC concurrent-string-deduplication, 94.1K->37.0K(57.1K), avg 61.3%, 0.0013409 secs]
2016-11-15T08:55:47.218+0100: 12344.410: Total time for which application threads were stopped: 0.0012899 seconds, Stopping threads took: 0.0002128 seconds
2016-11-15T08:55:47.253+0100: 12344.446: Total time for which application threads were stopped: 0.0012521 seconds, Stopping threads took: 0.0002601 seconds
2016-11-15T08:55:48.255+0100: 12345.447: Total time for which application threads were stopped: 0.0011374 seconds, Stopping threads took: 0.0001585 seconds
2016-11-15T08:55:49.924+0100: 12347.117: Total time for which application threads were stopped: 0.0014067 seconds, Stopping threads took: 0.0001813 seconds
2016-11-15T08:55:49.925+0100: 12347.118: Total time for which application threads were stopped: 0.0006330 seconds, Stopping threads took: 0.0000984 seconds
2016-11-15T08:55:49.926+0100: 12347.118: Total time for which application threads were stopped: 0.0005998 seconds, Stopping threads took: 0.0000760 seconds
2016-11-15T08:55:53.966+0100: 12351.159: Total time for which application threads were stopped: 0.0011563 seconds, Stopping threads took: 0.0001548 seconds
2016-11-15T08:55:53.967+0100: 12351.160: Total time for which application threads were stopped: 0.0005028 seconds, Stopping threads took: 0.0000313 seconds
2016-11-15T08:55:53.968+0100: 12351.160: Total time for which application threads were stopped: 0.0004988 seconds, Stopping threads took: 0.0000301 seconds
2016-11-15T08:55:55.192+0100: 12352.384: Total time for which application threads were stopped: 0.0012886 seconds, Stopping threads took: 0.0001598 seconds
2016-11-15T08:56:07.079+0100: 12364.272: Total time for which application threads were stopped: 0.0012307 seconds, Stopping threads took: 0.0001573 seconds
2016-11-15T08:56:07.081+0100: 12364.273: Total time for which application threads were stopped: 0.0005518 seconds, Stopping threads took: 0.0000362 seconds
2016-11-15T08:56:07.082+0100: 12364.274: Total time for which application threads were stopped: 0.0008951 seconds, Stopping threads took: 0.0001259 seconds
2016-11-15T08:56:07.436+0100: 12364.628: Total time for which application threads were stopped: 0.0010198 seconds, Stopping threads took: 0.0001259 seconds
2016-11-15T08:56:13.724+0100: 12370.917: Total time for which application threads were stopped: 0.0012739 seconds, Stopping threads took: 0.0001607 seconds
2016-11-15T08:56:13.725+0100: 12370.917: Total time for which application threads were stopped: 0.0005500 seconds, Stopping threads took: 0.0000339 seconds
2016-11-15T08:56:13.726+0100: 12370.918: Total time for which application threads were stopped: 0.0005531 seconds, Stopping threads took: 0.0000332 seconds
2016-11-15T08:56:13.804+0100: 12370.996: Total time for which application threads were stopped: 0.0011483 seconds, Stopping threads took: 0.0001325 seconds
2016-11-15T08:56:16.567+0100: 12373.760: Total time for which application threads were stopped: 0.0012811 seconds, Stopping threads took: 0.0001688 seconds
2016-11-15T08:56:16.569+0100: 12373.761: Total time for which application threads were stopped: 0.0006429 seconds, Stopping threads took: 0.0000618 seconds
2016-11-15T08:56:16.569+0100: 12373.762: Total time for which application threads were stopped: 0.0005311 seconds, Stopping threads took: 0.0000308 seconds
2016-11-15T08:56:16.629+0100: 12373.821: Total time for which application threads were stopped: 0.0006903 seconds, Stopping threads took: 0.0000696 seconds
2016-11-15T08:56:16.774+0100: 12373.967: Total time for which application threads were stopped: 0.0008399 seconds, Stopping threads took: 0.0000838 seconds
2016-11-15T08:56:25.776+0100: 12382.969: Total time for which application threads were stopped: 0.0012652 seconds, Stopping threads took: 0.0001634 seconds
2016-11-15T08:57:14.638+0100: 12431.830: Total time for which application threads were stopped: 0.0013710 seconds, Stopping threads took: 0.0001681 seconds
2016-11-15T08:57:14.639+0100: 12431.831: Total time for which application threads were stopped: 0.0005295 seconds, Stopping threads took: 0.0000340 seconds
2016-11-15T08:57:14.639+0100: 12431.832: Total time for which application threads were stopped: 0.0005296 seconds, Stopping threads took: 0.0000314 seconds
2016-11-15T08:57:14.701+0100: 12431.893: Total time for which application threads were stopped: 0.0007776 seconds, Stopping threads took: 0.0000866 seconds
2016-11-15T08:57:23.703+0100: 12440.895: Total time for which application threads were stopped: 0.0013210 seconds, Stopping threads took: 0.0001962 seconds
2016-11-15T08:57:40.706+0100: 12457.898: Total time for which application threads were stopped: 0.0013813 seconds, Stopping threads took: 0.0002596 seconds
2016-11-15T08:58:00.709+0100: 12477.901: Total time for which application threads were stopped: 0.0019702 seconds, Stopping threads took: 0.0002083 seconds
2016-11-15T08:58:06.166+0100: 12483.359: Total time for which application threads were stopped: 0.0013582 seconds, Stopping threads took: 0.0001647 seconds
2016-11-15T08:58:07.168+0100: 12484.360: Total time for which application threads were stopped: 0.0012039 seconds, Stopping threads took: 0.0001703 seconds
2016-11-15T08:58:17.331+0100: 12494.524: Total time for which application threads were stopped: 0.0011973 seconds, Stopping threads took: 0.0001686 seconds
2016-11-15T08:58:17.332+0100: 12494.524: Total time for which application threads were stopped: 0.0005110 seconds, Stopping threads took: 0.0000373 seconds
2016-11-15T08:58:17.333+0100: 12494.525: Total time for which application threads were stopped: 0.0005116 seconds, Stopping threads took: 0.0000364 seconds
2016-11-15T08:58:17.405+0100: 12494.597: Total time for which application threads were stopped: 0.0006259 seconds, Stopping threads took: 0.0000600 seconds
2016-11-15T08:58:19.406+0100: 12496.598: Total time for which application threads were stopped: 0.0012156 seconds, Stopping threads took: 0.0001484 seconds
2016-11-15T08:58:23.529+0100: 12500.721: Total time for which application threads were stopped: 0.0011953 seconds, Stopping threads took: 0.0001766 seconds
2016-11-15T08:58:23.530+0100: 12500.722: Total time for which application threads were stopped: 0.0004960 seconds, Stopping threads took: 0.0000305 seconds
2016-11-15T08:58:23.530+0100: 12500.723: Total time for which application threads were stopped: 0.0004878 seconds, Stopping threads took: 0.0000281 seconds
2016-11-15T08:58:23.560+0100: 12500.753: Total time for which application threads were stopped: 0.0006235 seconds, Stopping threads took: 0.0000605 seconds
2016-11-15T08:59:00.261+0100: 12537.454: Total time for which application threads were stopped: 0.0015009 seconds, Stopping threads took: 0.0002347 seconds
2016-11-15T08:59:00.262+0100: 12537.454: Total time for which application threads were stopped: 0.0006172 seconds, Stopping threads took: 0.0000884 seconds
2016-11-15T08:59:00.263+0100: 12537.455: Total time for which application threads were stopped: 0.0006316 seconds, Stopping threads took: 0.0001017 seconds
2016-11-15T08:59:00.463+0100: 12537.656: Total time for which application threads were stopped: 0.0012920 seconds, Stopping threads took: 0.0001620 seconds
2016-11-15T08:59:03.465+0100: 12540.657: Total time for which application threads were stopped: 0.0012616 seconds, Stopping threads took: 0.0001550 seconds
2016-11-15T08:59:03.608+0100: 12540.800: Total time for which application threads were stopped: 0.0008883 seconds, Stopping threads took: 0.0000979 seconds
2016-11-15T08:59:03.609+0100: 12540.802: Total time for which application threads were stopped: 0.0006097 seconds, Stopping threads took: 0.0000458 seconds
2016-11-15T08:59:03.610+0100: 12540.802: Total time for which application threads were stopped: 0.0006021 seconds, Stopping threads took: 0.0000833 seconds
2016-11-15T08:59:03.736+0100: 12540.928: Total time for which application threads were stopped: 0.0029520 seconds, Stopping threads took: 0.0000682 seconds
2016-11-15T08:59:03.884+0100: 12541.077: Total time for which application threads were stopped: 0.0010581 seconds, Stopping threads took: 0.0000806 seconds
2016-11-15T08:59:04.885+0100: 12542.078: Total time for which application threads were stopped: 0.0011823 seconds, Stopping threads took: 0.0001592 seconds
2016-11-15T08:59:05.523+0100: 12542.715: Total time for which application threads were stopped: 0.0012038 seconds, Stopping threads took: 0.0001396 seconds
2016-11-15T08:59:05.524+0100: 12542.716: Total time for which application threads were stopped: 0.0005274 seconds, Stopping threads took: 0.0000328 seconds
2016-11-15T08:59:05.524+0100: 12542.717: Total time for which application threads were stopped: 0.0006303 seconds, Stopping threads took: 0.0000992 seconds
2016-11-15T08:59:05.724+0100: 12542.916: Total time for which application threads were stopped: 0.0012720 seconds, Stopping threads took: 0.0001527 seconds
2016-11-15T08:59:06.725+0100: 12543.917: Total time for which application threads were stopped: 0.0012639 seconds, Stopping threads took: 0.0001453 seconds
2016-11-15T08:59:08.727+0100: 12545.919: Total time for which application threads were stopped: 0.0014001 seconds, Stopping threads took: 0.0002212 seconds
2016-11-15T08:59:08.773+0100: 12545.965: Total time for which application threads were stopped: 0.0007949 seconds, Stopping threads took: 0.0000888 seconds
2016-11-15T08:59:08.774+0100: 12545.966: Total time for which application threads were stopped: 0.0006602 seconds, Stopping threads took: 0.0001222 seconds
2016-11-15T08:59:08.775+0100: 12545.967: Total time for which application threads were stopped: 0.0005812 seconds, Stopping threads took: 0.0000884 seconds
2016-11-15T08:59:08.941+0100: 12546.133: Total time for which application threads were stopped: 0.0008882 seconds, Stopping threads took: 0.0000883 seconds
2016-11-15T08:59:09.942+0100: 12547.134: Total time for which application threads were stopped: 0.0012538 seconds, Stopping threads took: 0.0001611 seconds
2016-11-15T08:59:10.162+0100: 12547.355: [GC pause (G1 Evacuation Pause) (young)
Desired survivor size 80740352 bytes, new threshold 15 (max 15)
- age   1:    2065680 bytes,    2065680 total
- age   2:    1389160 bytes,    3454840 total
- age   3:    1352152 bytes,    4806992 total
- age   4:    1150872 bytes,    5957864 total
- age   5:    2835248 bytes,    8793112 total
- age   6:    4182832 bytes,   12975944 total
- age   7:    1992744 bytes,   14968688 total
- age   8:    2269072 bytes,   17237760 total
- age   9:      82096 bytes,   17319856 total
- age  10:     133528 bytes,   17453384 total
- age  11:     192680 bytes,   17646064 total
- age  12:      85704 bytes,   17731768 total
- age  13:    1371824 bytes,   19103592 total
- age  14:    3830552 bytes,   22934144 total
- age  15:    5792976 bytes,   28727120 total
2016-11-15T08:59:10.185+0100: 12547.378: [SoftReference, 377 refs, 0.0049380 secs]2016-11-15T08:59:10.190+0100: 12547.382: [WeakReference, 89 refs, 0.0031537 secs]2016-11-15T08:59:10.193+0100: 12547.386: [FinalReference, 1050 refs, 0.0035734 secs]2016-11-15T08:59:10.197+0100: 12547.389: [PhantomReference, 0 refs, 6 refs, 0.0065110 secs]2016-11-15T08:59:10.203+0100: 12547.396: [JNI Weak Reference, 0.0000375 secs], 0.0584474 secs]
   [Parallel Time: 19.3 ms, GC Workers: 43]
      [GC Worker Start (ms): Min: 12547355.4, Avg: 12547355.9, Max: 12547356.4, Diff: 1.0]
      [Ext Root Scanning (ms): Min: 1.5, Avg: 2.4, Max: 5.7, Diff: 4.2, Sum: 101.3]
      [Update RS (ms): Min: 2.6, Avg: 5.2, Max: 5.7, Diff: 3.1, Sum: 223.7]
         [Processed Buffers: Min: 3, Avg: 6.3, Max: 17, Diff: 14, Sum: 270]
      [Scan RS (ms): Min: 0.3, Avg: 0.6, Max: 0.8, Diff: 0.5, Sum: 25.6]
      [Code Root Scanning (ms): Min: 0.0, Avg: 0.2, Max: 0.7, Diff: 0.7, Sum: 9.0]
      [Object Copy (ms): Min: 8.9, Avg: 9.2, Max: 9.6, Diff: 0.7, Sum: 395.4]
      [Termination (ms): Min: 0.0, Avg: 0.0, Max: 0.1, Diff: 0.1, Sum: 2.0]
         [Termination Attempts: Min: 1, Avg: 8.3, Max: 14, Diff: 13, Sum: 357]
      [GC Worker Other (ms): Min: 0.0, Avg: 0.4, Max: 0.8, Diff: 0.7, Sum: 16.1]
      [GC Worker Total (ms): Min: 17.2, Avg: 18.0, Max: 18.7, Diff: 1.5, Sum: 773.1]
      [GC Worker End (ms): Min: 12547373.6, Avg: 12547373.9, Max: 12547374.3, Diff: 0.7]
   [Code Root Fixup: 0.9 ms]
   [Code Root Purge: 0.1 ms]
   [String Dedup Fixup: 2.4 ms, GC Workers: 43]
      [Queue Fixup (ms): Min: 0.0, Avg: 0.0, Max: 0.0, Diff: 0.0, Sum: 0.2]
      [Table Fixup (ms): Min: 0.9, Avg: 1.3, Max: 1.7, Diff: 0.9, Sum: 56.9]
   [Clear CT: 6.4 ms]
   [Other: 29.4 ms]
      [Choose CSet: 0.0 ms]
      [Ref Proc: 20.2 ms]
      [Ref Enq: 1.6 ms]
      [Redirty Cards: 1.3 ms]
      [Humongous Register: 0.2 ms]
      [Humongous Reclaim: 0.1 ms]
      [Free CSet: 5.2 ms]
   [Eden: 1179.0M(1179.0M)->0.0B(1170.0M) Survivors: 49.0M->57.0M Heap: 1751.7M(2048.0M)->588.9M(2048.0M)]
 [Times: user=1.13 sys=0.05, real=0.06 secs] 
2016-11-15T08:59:10.221+0100: 12547.414: Total time for which application threads were stopped: 0.0600265 seconds, Stopping threads took: 0.0001065 seconds
2016-11-15T08:59:10.223+0100: 12547.415: Total time for which application threads were stopped: 0.0011617 seconds, Stopping threads took: 0.0001063 seconds
2016-11-15T08:59:10.223+0100: 12547.416: Total time for which application threads were stopped: 0.0006683 seconds, Stopping threads took: 0.0001095 seconds
2016-11-15T08:59:10.224+0100: 12547.416: Total time for which application threads were stopped: 0.0006006 seconds, Stopping threads took: 0.0000738 seconds
2016-11-15T08:59:10.225+0100: 12547.417: Total time for which application threads were stopped: 0.0006216 seconds, Stopping threads took: 0.0000874 seconds
2016-11-15T08:59:10.225+0100: 12547.418: Total time for which application threads were stopped: 0.0005986 seconds, Stopping threads took: 0.0000789 seconds
2016-11-15T08:59:10.226+0100: 12547.419: Total time for which application threads were stopped: 0.0005868 seconds, Stopping threads took: 0.0000724 seconds
2016-11-15T08:59:10.227+0100: 12547.419: Total time for which application threads were stopped: 0.0005851 seconds, Stopping threads took: 0.0000636 seconds
2016-11-15T08:59:10.227+0100: 12547.420: Total time for which application threads were stopped: 0.0005509 seconds, Stopping threads took: 0.0000349 seconds
2016-11-15T08:59:10.228+0100: 12547.420: [GC concurrent-string-deduplication, 57.8K->16.6K(41.1K), avg 61.3%, 0.0007825 secs]
2016-11-15T08:59:12.007+0100: 12549.199: Total time for which application threads were stopped: 0.0013498 seconds, Stopping threads took: 0.0002128 seconds
2016-11-15T08:59:12.007+0100: 12549.200: Total time for which application threads were stopped: 0.0005619 seconds, Stopping threads took: 0.0000657 seconds
2016-11-15T08:59:12.008+0100: 12549.200: Total time for which application threads were stopped: 0.0005903 seconds, Stopping threads took: 0.0000763 seconds
2016-11-15T08:59:12.187+0100: 12549.379: Total time for which application threads were stopped: 0.0007466 seconds, Stopping threads took: 0.0000654 seconds
2016-11-15T08:59:13.188+0100: 12550.381: Total time for which application threads were stopped: 0.0011994 seconds, Stopping threads took: 0.0001472 seconds
2016-11-15T08:59:14.190+0100: 12551.382: Total time for which application threads were stopped: 0.0013441 seconds, Stopping threads took: 0.0002326 seconds
2016-11-15T08:59:16.127+0100: 12553.319: Total time for which application threads were stopped: 0.0011801 seconds, Stopping threads took: 0.0001682 seconds
2016-11-15T08:59:16.128+0100: 12553.320: Total time for which application threads were stopped: 0.0005104 seconds, Stopping threads took: 0.0000325 seconds
2016-11-15T08:59:16.128+0100: 12553.321: Total time for which application threads were stopped: 0.0005122 seconds, Stopping threads took: 0.0000314 seconds
2016-11-15T08:59:16.245+0100: 12553.438: Total time for which application threads were stopped: 0.0011698 seconds, Stopping threads took: 0.0001439 seconds
2016-11-15T08:59:49.157+0100: 12586.349: Total time for which application threads were stopped: 0.0012204 seconds, Stopping threads took: 0.0001556 seconds
2016-11-15T08:59:49.157+0100: 12586.350: Total time for which application threads were stopped: 0.0005096 seconds, Stopping threads took: 0.0000363 seconds
2016-11-15T08:59:49.158+0100: 12586.350: Total time for which application threads were stopped: 0.0005000 seconds, Stopping threads took: 0.0000290 seconds
2016-11-15T08:59:49.244+0100: 12586.436: Total time for which application threads were stopped: 0.0010771 seconds, Stopping threads took: 0.0001287 seconds
2016-11-15T08:59:54.120+0100: 12591.313: Total time for which application threads were stopped: 0.0013094 seconds, Stopping threads took: 0.0001724 seconds
2016-11-15T08:59:54.121+0100: 12591.314: Total time for which application threads were stopped: 0.0005692 seconds, Stopping threads took: 0.0000370 seconds
2016-11-15T08:59:54.122+0100: 12591.314: Total time for which application threads were stopped: 0.0005541 seconds, Stopping threads took: 0.0000408 seconds
2016-11-15T08:59:54.150+0100: 12591.342: Total time for which application threads were stopped: 0.0006209 seconds, Stopping threads took: 0.0000597 seconds
2016-11-15T09:00:03.976+0100: 12601.169: Total time for which application threads were stopped: 0.0014180 seconds, Stopping threads took: 0.0002190 seconds
2016-11-15T09:00:04.002+0100: 12601.194: Total time for which application threads were stopped: 0.0014914 seconds, Stopping threads took: 0.0001795 seconds
2016-11-15T09:00:04.003+0100: 12601.195: Total time for which application threads were stopped: 0.0008763 seconds, Stopping threads took: 0.0000526 seconds
2016-11-15T09:00:05.004+0100: 12602.197: Total time for which application threads were stopped: 0.0011559 seconds, Stopping threads took: 0.0001611 seconds
2016-11-15T09:00:31.320+0100: 12628.512: Total time for which application threads were stopped: 0.0032427 seconds, Stopping threads took: 0.0001592 seconds
2016-11-15T09:00:31.322+0100: 12628.515: Total time for which application threads were stopped: 0.0021936 seconds, Stopping threads took: 0.0000398 seconds
2016-11-15T09:00:31.324+0100: 12628.517: Total time for which application threads were stopped: 0.0020567 seconds, Stopping threads took: 0.0000401 seconds
2016-11-15T09:00:31.383+0100: 12628.575: Total time for which application threads were stopped: 0.0007726 seconds, Stopping threads took: 0.0000629 seconds
2016-11-15T09:00:31.383+0100: 12628.576: Total time for which application threads were stopped: 0.0004776 seconds, Stopping threads took: 0.0000281 seconds
2016-11-15T09:00:31.384+0100: 12628.576: Total time for which application threads were stopped: 0.0005051 seconds, Stopping threads took: 0.0000320 seconds
2016-11-15T09:00:31.500+0100: 12628.692: Total time for which application threads were stopped: 0.0006480 seconds, Stopping threads took: 0.0000655 seconds
2016-11-15T09:00:33.501+0100: 12630.693: Total time for which application threads were stopped: 0.0011405 seconds, Stopping threads took: 0.0001464 seconds
2016-11-15T09:00:34.502+0100: 12631.694: Total time for which application threads were stopped: 0.0011060 seconds, Stopping threads took: 0.0001461 seconds
2016-11-15T09:00:46.184+0100: 12643.376: Total time for which application threads were stopped: 0.0011965 seconds, Stopping threads took: 0.0001754 seconds
2016-11-15T09:00:46.185+0100: 12643.377: Total time for which application threads were stopped: 0.0005037 seconds, Stopping threads took: 0.0000344 seconds
2016-11-15T09:00:46.185+0100: 12643.378: Total time for which application threads were stopped: 0.0004917 seconds, Stopping threads took: 0.0000280 seconds
2016-11-15T09:00:46.296+0100: 12643.488: Total time for which application threads were stopped: 0.0007477 seconds, Stopping threads took: 0.0000742 seconds
2016-11-15T09:00:47.297+0100: 12644.489: Total time for which application threads were stopped: 0.0011731 seconds, Stopping threads took: 0.0001636 seconds
2016-11-15T09:01:32.986+0100: 12690.178: Total time for which application threads were stopped: 0.0012548 seconds, Stopping threads took: 0.0001717 seconds
2016-11-15T09:01:32.986+0100: 12690.179: Total time for which application threads were stopped: 0.0005240 seconds, Stopping threads took: 0.0000393 seconds
2016-11-15T09:01:32.987+0100: 12690.179: Total time for which application threads were stopped: 0.0005069 seconds, Stopping threads took: 0.0000323 seconds
2016-11-15T09:01:33.153+0100: 12690.345: Total time for which application threads were stopped: 0.0006321 seconds, Stopping threads took: 0.0000586 seconds
2016-11-15T09:01:54.833+0100: 12712.025: Total time for which application threads were stopped: 0.0013178 seconds, Stopping threads took: 0.0001671 seconds
2016-11-15T09:01:54.834+0100: 12712.027: Total time for which application threads were stopped: 0.0007226 seconds, Stopping threads took: 0.0001647 seconds
2016-11-15T09:01:54.835+0100: 12712.027: Total time for which application threads were stopped: 0.0006587 seconds, Stopping threads took: 0.0001331 seconds
2016-11-15T09:01:54.993+0100: 12712.186: Total time for which application threads were stopped: 0.0009515 seconds, Stopping threads took: 0.0001174 seconds
2016-11-15T09:01:58.995+0100: 12716.187: Total time for which application threads were stopped: 0.0012013 seconds, Stopping threads took: 0.0001471 seconds
2016-11-15T09:02:09.361+0100: 12726.554: Total time for which application threads were stopped: 0.0011957 seconds, Stopping threads took: 0.0001655 seconds
2016-11-15T09:02:09.362+0100: 12726.554: Total time for which application threads were stopped: 0.0004962 seconds, Stopping threads took: 0.0000308 seconds
2016-11-15T09:02:09.363+0100: 12726.555: Total time for which application threads were stopped: 0.0004983 seconds, Stopping threads took: 0.0000285 seconds
2016-11-15T09:02:09.494+0100: 12726.686: Total time for which application threads were stopped: 0.0006838 seconds, Stopping threads took: 0.0000686 seconds
2016-11-15T09:02:16.496+0100: 12733.688: Total time for which application threads were stopped: 0.0012887 seconds, Stopping threads took: 0.0001639 seconds
2016-11-15T09:02:19.913+0100: 12737.106: Total time for which application threads were stopped: 0.0012157 seconds, Stopping threads took: 0.0001766 seconds
2016-11-15T09:02:19.914+0100: 12737.107: Total time for which application threads were stopped: 0.0005017 seconds, Stopping threads took: 0.0000330 seconds
2016-11-15T09:02:19.915+0100: 12737.107: Total time for which application threads were stopped: 0.0004957 seconds, Stopping threads took: 0.0000286 seconds
2016-11-15T09:02:19.989+0100: 12737.182: Total time for which application threads were stopped: 0.0011370 seconds, Stopping threads took: 0.0001309 seconds
2016-11-15T09:03:26.995+0100: 12804.188: Total time for which application threads were stopped: 0.0011811 seconds, Stopping threads took: 0.0001568 seconds
2016-11-15T09:03:45.774+0100: 12822.967: Total time for which application threads were stopped: 0.0011736 seconds, Stopping threads took: 0.0001511 seconds
2016-11-15T09:03:45.775+0100: 12822.968: Total time for which application threads were stopped: 0.0004859 seconds, Stopping threads took: 0.0000300 seconds
2016-11-15T09:03:45.776+0100: 12822.968: Total time for which application threads were stopped: 0.0004876 seconds, Stopping threads took: 0.0000295 seconds
2016-11-15T09:03:45.804+0100: 12822.996: Total time for which application threads were stopped: 0.0006665 seconds, Stopping threads took: 0.0000623 seconds
2016-11-15T09:03:57.587+0100: 12834.779: Total time for which application threads were stopped: 0.0011897 seconds, Stopping threads took: 0.0001647 seconds
2016-11-15T09:03:57.587+0100: 12834.780: Total time for which application threads were stopped: 0.0004939 seconds, Stopping threads took: 0.0000304 seconds
2016-11-15T09:03:57.588+0100: 12834.780: Total time for which application threads were stopped: 0.0004964 seconds, Stopping threads took: 0.0000288 seconds
2016-11-15T09:03:57.819+0100: 12835.012: Total time for which application threads were stopped: 0.0008498 seconds, Stopping threads took: 0.0000895 seconds
2016-11-15T09:05:09.029+0100: 12906.221: Total time for which application threads were stopped: 0.0013053 seconds, Stopping threads took: 0.0001614 seconds
2016-11-15T09:05:09.030+0100: 12906.222: Total time for which application threads were stopped: 0.0005395 seconds, Stopping threads took: 0.0000392 seconds
2016-11-15T09:05:09.030+0100: 12906.223: Total time for which application threads were stopped: 0.0005238 seconds, Stopping threads took: 0.0000298 seconds
2016-11-15T09:05:45.034+0100: 12942.227: Total time for which application threads were stopped: 0.0013485 seconds, Stopping threads took: 0.0001663 seconds
2016-11-15T09:05:45.162+0100: 12942.354: Total time for which application threads were stopped: 0.0007879 seconds, Stopping threads took: 0.0000810 seconds
2016-11-15T09:05:45.163+0100: 12942.356: Total time for which application threads were stopped: 0.0006108 seconds, Stopping threads took: 0.0000479 seconds
2016-11-15T09:05:46.165+0100: 12943.357: Total time for which application threads were stopped: 0.0012808 seconds, Stopping threads took: 0.0001602 seconds
2016-11-15T09:06:01.167+0100: 12958.359: Total time for which application threads were stopped: 0.0012674 seconds, Stopping threads took: 0.0001635 seconds
2016-11-15T09:06:01.827+0100: 12959.019: Total time for which application threads were stopped: 0.0013021 seconds, Stopping threads took: 0.0001462 seconds
2016-11-15T09:06:02.828+0100: 12960.020: Total time for which application threads were stopped: 0.0011520 seconds, Stopping threads took: 0.0001592 seconds
2016-11-15T09:06:07.258+0100: 12964.450: Total time for which application threads were stopped: 0.0012603 seconds, Stopping threads took: 0.0002391 seconds
2016-11-15T09:06:11.259+0100: 12968.451: Total time for which application threads were stopped: 0.0012509 seconds, Stopping threads took: 0.0001597 seconds
2016-11-15T09:06:13.911+0100: 12971.103: [GC pause (G1 Evacuation Pause) (young)
Desired survivor size 80740352 bytes, new threshold 15 (max 15)
- age   1:    1940000 bytes,    1940000 total
- age   2:    1749280 bytes,    3689280 total
- age   3:    1381248 bytes,    5070528 total
- age   4:    1287624 bytes,    6358152 total
- age   5:    1147536 bytes,    7505688 total
- age   6:    2835248 bytes,   10340936 total
- age   7:    4011648 bytes,   14352584 total
- age   8:    1990208 bytes,   16342792 total
- age   9:    2269072 bytes,   18611864 total
- age  10:      82096 bytes,   18693960 total
- age  11:     133528 bytes,   18827488 total
- age  12:     192680 bytes,   19020168 total
- age  13:      85640 bytes,   19105808 total
- age  14:    1371760 bytes,   20477568 total
- age  15:    3830360 bytes,   24307928 total
2016-11-15T09:06:13.928+0100: 12971.121: [SoftReference, 305 refs, 0.0049651 secs]2016-11-15T09:06:13.933+0100: 12971.126: [WeakReference, 78 refs, 0.0030560 secs]2016-11-15T09:06:13.936+0100: 12971.129: [FinalReference, 950 refs, 0.0032435 secs]2016-11-15T09:06:13.939+0100: 12971.132: [PhantomReference, 0 refs, 6 refs, 0.0063945 secs]2016-11-15T09:06:13.946+0100: 12971.138: [JNI Weak Reference, 0.0000339 secs], 0.0521998 secs]
   [Parallel Time: 14.1 ms, GC Workers: 43]
      [GC Worker Start (ms): Min: 12971103.8, Avg: 12971104.4, Max: 12971104.9, Diff: 1.1]
      [Ext Root Scanning (ms): Min: 1.5, Avg: 2.3, Max: 5.7, Diff: 4.1, Sum: 101.0]
      [Update RS (ms): Min: 0.0, Avg: 2.8, Max: 4.7, Diff: 4.7, Sum: 121.9]
         [Processed Buffers: Min: 0, Avg: 4.6, Max: 17, Diff: 17, Sum: 198]
      [Scan RS (ms): Min: 0.1, Avg: 0.7, Max: 1.1, Diff: 1.0, Sum: 31.7]
      [Code Root Scanning (ms): Min: 0.0, Avg: 0.4, Max: 6.4, Diff: 6.4, Sum: 16.9]
      [Object Copy (ms): Min: 0.2, Avg: 5.8, Max: 6.6, Diff: 6.3, Sum: 251.0]
      [Termination (ms): Min: 0.0, Avg: 0.2, Max: 0.3, Diff: 0.3, Sum: 10.5]
         [Termination Attempts: Min: 1, Avg: 1.0, Max: 2, Diff: 1, Sum: 44]
      [GC Worker Other (ms): Min: 0.0, Avg: 0.3, Max: 0.7, Diff: 0.7, Sum: 14.1]
      [GC Worker Total (ms): Min: 12.1, Avg: 12.7, Max: 13.7, Diff: 1.5, Sum: 547.1]
      [GC Worker End (ms): Min: 12971116.8, Avg: 12971117.1, Max: 12971117.5, Diff: 0.7]
   [Code Root Fixup: 0.9 ms]
   [Code Root Purge: 0.1 ms]
   [String Dedup Fixup: 2.0 ms, GC Workers: 43]
      [Queue Fixup (ms): Min: 0.0, Avg: 0.0, Max: 0.0, Diff: 0.0, Sum: 0.2]
      [Table Fixup (ms): Min: 0.8, Avg: 1.3, Max: 1.7, Diff: 0.9, Sum: 55.5]
   [Clear CT: 6.8 ms]
   [Other: 28.3 ms]
      [Choose CSet: 0.0 ms]
      [Ref Proc: 19.5 ms]
      [Ref Enq: 1.3 ms]
      [Redirty Cards: 1.3 ms]
      [Humongous Register: 0.2 ms]
      [Humongous Reclaim: 0.0 ms]
      [Free CSet: 5.1 ms]
   [Eden: 1170.0M(1170.0M)->0.0B(1186.0M) Survivors: 57.0M->42.0M Heap: 1758.9M(2048.0M)->579.8M(2048.0M)]
 [Times: user=0.92 sys=0.01, real=0.05 secs] 
2016-11-15T09:06:13.963+0100: 12971.156: Total time for which application threads were stopped: 0.0540637 seconds, Stopping threads took: 0.0001652 seconds
2016-11-15T09:06:13.965+0100: 12971.157: Total time for which application threads were stopped: 0.0012399 seconds, Stopping threads took: 0.0001259 seconds
2016-11-15T09:06:13.966+0100: 12971.158: Total time for which application threads were stopped: 0.0006819 seconds, Stopping threads took: 0.0001380 seconds
2016-11-15T09:06:13.966+0100: 12971.159: Total time for which application threads were stopped: 0.0006584 seconds, Stopping threads took: 0.0001268 seconds
2016-11-15T09:06:13.970+0100: 12971.162: Total time for which application threads were stopped: 0.0029820 seconds, Stopping threads took: 0.0001102 seconds
2016-11-15T09:06:13.970+0100: 12971.162: [GC concurrent-string-deduplication, 45.1K->6888.0B(38.3K), avg 61.3%, 0.0006038 secs]
2016-11-15T09:06:16.971+0100: 12974.163: Total time for which application threads were stopped: 0.0012576 seconds, Stopping threads took: 0.0001634 seconds
2016-11-15T09:06:17.259+0100: 12974.452: Total time for which application threads were stopped: 0.0012789 seconds, Stopping threads took: 0.0001553 seconds
2016-11-15T09:06:17.260+0100: 12974.452: Total time for which application threads were stopped: 0.0005263 seconds, Stopping threads took: 0.0000339 seconds
2016-11-15T09:06:30.262+0100: 12987.455: Total time for which application threads were stopped: 0.0013192 seconds, Stopping threads took: 0.0001629 seconds
2016-11-15T09:06:38.289+0100: 12995.481: Total time for which application threads were stopped: 0.0012971 seconds, Stopping threads took: 0.0001578 seconds
2016-11-15T09:06:38.289+0100: 12995.482: Total time for which application threads were stopped: 0.0005491 seconds, Stopping threads took: 0.0000315 seconds
2016-11-15T09:06:38.290+0100: 12995.482: Total time for which application threads were stopped: 0.0005350 seconds, Stopping threads took: 0.0000291 seconds
2016-11-15T09:06:38.452+0100: 12995.644: Total time for which application threads were stopped: 0.0010478 seconds, Stopping threads took: 0.0001234 seconds
2016-11-15T09:06:41.257+0100: 12998.449: Total time for which application threads were stopped: 0.0012369 seconds, Stopping threads took: 0.0001611 seconds
2016-11-15T09:06:41.258+0100: 12998.450: Total time for which application threads were stopped: 0.0006063 seconds, Stopping threads took: 0.0000496 seconds
2016-11-15T09:06:41.259+0100: 12998.451: Total time for which application threads were stopped: 0.0005341 seconds, Stopping threads took: 0.0000342 seconds
2016-11-15T09:06:41.358+0100: 12998.551: Total time for which application threads were stopped: 0.0006902 seconds, Stopping threads took: 0.0000650 seconds
2016-11-15T09:06:45.360+0100: 13002.552: Total time for which application threads were stopped: 0.0012698 seconds, Stopping threads took: 0.0001604 seconds
2016-11-15T09:06:47.361+0100: 13004.553: Total time for which application threads were stopped: 0.0011402 seconds, Stopping threads took: 0.0001527 seconds
2016-11-15T09:07:41.366+0100: 13058.559: Total time for which application threads were stopped: 0.0012009 seconds, Stopping threads took: 0.0001589 seconds
2016-11-15T09:08:10.370+0100: 13087.562: Total time for which application threads were stopped: 0.0013518 seconds, Stopping threads took: 0.0001860 seconds
2016-11-15T09:08:22.372+0100: 13099.564: Total time for which application threads were stopped: 0.0012578 seconds, Stopping threads took: 0.0001462 seconds
2016-11-15T09:08:29.374+0100: 13106.566: Total time for which application threads were stopped: 0.0012448 seconds, Stopping threads took: 0.0001587 seconds
2016-11-15T09:08:30.375+0100: 13107.567: Total time for which application threads were stopped: 0.0011319 seconds, Stopping threads took: 0.0001499 seconds
2016-11-15T09:08:32.376+0100: 13109.569: Total time for which application threads were stopped: 0.0012112 seconds, Stopping threads took: 0.0001487 seconds
2016-11-15T09:08:33.049+0100: 13110.242: Total time for which application threads were stopped: 0.0011609 seconds, Stopping threads took: 0.0001558 seconds
2016-11-15T09:08:33.050+0100: 13110.242: Total time for which application threads were stopped: 0.0005122 seconds, Stopping threads took: 0.0000324 seconds
2016-11-15T09:08:33.051+0100: 13110.243: Total time for which application threads were stopped: 0.0005052 seconds, Stopping threads took: 0.0000309 seconds
2016-11-15T09:08:33.134+0100: 13110.327: Total time for which application threads were stopped: 0.0007171 seconds, Stopping threads took: 0.0000649 seconds
2016-11-15T09:08:40.136+0100: 13117.328: Total time for which application threads were stopped: 0.0011524 seconds, Stopping threads took: 0.0001550 seconds
2016-11-15T09:08:41.137+0100: 13118.330: Total time for which application threads were stopped: 0.0012412 seconds, Stopping threads took: 0.0001793 seconds
2016-11-15T09:09:23.142+0100: 13160.334: Total time for which application threads were stopped: 0.0014076 seconds, Stopping threads took: 0.0001555 seconds
2016-11-15T09:09:24.143+0100: 13161.335: Total time for which application threads were stopped: 0.0012982 seconds, Stopping threads took: 0.0001721 seconds
2016-11-15T09:09:25.144+0100: 13162.337: Total time for which application threads were stopped: 0.0013194 seconds, Stopping threads took: 0.0002451 seconds
2016-11-15T09:09:25.665+0100: 13162.858: Total time for which application threads were stopped: 0.0011623 seconds, Stopping threads took: 0.0001753 seconds
2016-11-15T09:09:25.666+0100: 13162.859: Total time for which application threads were stopped: 0.0006533 seconds, Stopping threads took: 0.0000974 seconds
2016-11-15T09:09:25.667+0100: 13162.860: Total time for which application threads were stopped: 0.0006466 seconds, Stopping threads took: 0.0001223 seconds
2016-11-15T09:09:25.698+0100: 13162.891: Total time for which application threads were stopped: 0.0006528 seconds, Stopping threads took: 0.0000601 seconds
2016-11-15T09:09:26.699+0100: 13163.892: Total time for which application threads were stopped: 0.0011812 seconds, Stopping threads took: 0.0001451 seconds
2016-11-15T09:09:27.701+0100: 13164.893: Total time for which application threads were stopped: 0.0011522 seconds, Stopping threads took: 0.0001349 seconds
2016-11-15T09:09:38.703+0100: 13175.895: Total time for which application threads were stopped: 0.0013079 seconds, Stopping threads took: 0.0001692 seconds
2016-11-15T09:09:39.092+0100: 13176.284: Total time for which application threads were stopped: 0.0011662 seconds, Stopping threads took: 0.0001690 seconds
2016-11-15T09:09:40.093+0100: 13177.285: Total time for which application threads were stopped: 0.0012442 seconds, Stopping threads took: 0.0001574 seconds
2016-11-15T09:09:48.305+0100: 13185.497: Total time for which application threads were stopped: 0.0012141 seconds, Stopping threads took: 0.0001644 seconds
2016-11-15T09:09:48.305+0100: 13185.498: Total time for which application threads were stopped: 0.0005205 seconds, Stopping threads took: 0.0000336 seconds
2016-11-15T09:09:48.306+0100: 13185.498: Total time for which application threads were stopped: 0.0005016 seconds, Stopping threads took: 0.0000297 seconds
2016-11-15T09:09:48.491+0100: 13185.683: Total time for which application threads were stopped: 0.0010578 seconds, Stopping threads took: 0.0001283 seconds
2016-11-15T09:09:58.493+0100: 13195.685: Total time for which application threads were stopped: 0.0012626 seconds, Stopping threads took: 0.0001557 seconds
2016-11-15T09:10:06.662+0100: 13203.855: Total time for which application threads were stopped: 0.0011971 seconds, Stopping threads took: 0.0001616 seconds
2016-11-15T09:10:06.663+0100: 13203.855: Total time for which application threads were stopped: 0.0005081 seconds, Stopping threads took: 0.0000344 seconds
2016-11-15T09:10:06.663+0100: 13203.856: Total time for which application threads were stopped: 0.0005025 seconds, Stopping threads took: 0.0000327 seconds
2016-11-15T09:10:06.703+0100: 13203.896: Total time for which application threads were stopped: 0.0006007 seconds, Stopping threads took: 0.0000515 seconds
2016-11-15T09:10:07.083+0100: 13204.275: Total time for which application threads were stopped: 0.0009309 seconds, Stopping threads took: 0.0001018 seconds
2016-11-15T09:10:07.086+0100: 13204.278: Total time for which application threads were stopped: 0.0027037 seconds, Stopping threads took: 0.0000300 seconds
2016-11-15T09:10:08.087+0100: 13205.279: Total time for which application threads were stopped: 0.0012784 seconds, Stopping threads took: 0.0001581 seconds
2016-11-15T09:10:15.089+0100: 13212.281: Total time for which application threads were stopped: 0.0011857 seconds, Stopping threads took: 0.0001645 seconds
2016-11-15T09:10:49.437+0100: 13246.629: [GC pause (G1 Evacuation Pause) (young)
Desired survivor size 80740352 bytes, new threshold 15 (max 15)
- age   1:    1391016 bytes,    1391016 total
- age   2:    1779328 bytes,    3170344 total
- age   3:    1732560 bytes,    4902904 total
- age   4:    1338832 bytes,    6241736 total
- age   5:    1287552 bytes,    7529288 total
- age   6:    1147480 bytes,    8676768 total
- age   7:    2687328 bytes,   11364096 total
- age   8:    4009456 bytes,   15373552 total
- age   9:    1989896 bytes,   17363448 total
- age  10:    2269072 bytes,   19632520 total
- age  11:      82096 bytes,   19714616 total
- age  12:     133528 bytes,   19848144 total
- age  13:     192680 bytes,   20040824 total
- age  14:      85640 bytes,   20126464 total
- age  15:    1371760 bytes,   21498224 total
2016-11-15T09:10:49.457+0100: 13246.650: [SoftReference, 180 refs, 0.0053129 secs]2016-11-15T09:10:49.462+0100: 13246.655: [WeakReference, 84 refs, 0.0030757 secs]2016-11-15T09:10:49.465+0100: 13246.658: [FinalReference, 794 refs, 0.0036411 secs]2016-11-15T09:10:49.469+0100: 13246.662: [PhantomReference, 0 refs, 4 refs, 0.0059255 secs]2016-11-15T09:10:49.475+0100: 13246.667: [JNI Weak Reference, 0.0000336 secs], 0.0553425 secs]
   [Parallel Time: 16.8 ms, GC Workers: 43]
      [GC Worker Start (ms): Min: 13246630.0, Avg: 13246630.5, Max: 13246631.0, Diff: 1.0]
      [Ext Root Scanning (ms): Min: 1.6, Avg: 2.4, Max: 8.3, Diff: 6.7, Sum: 103.8]
      [Update RS (ms): Min: 0.0, Avg: 1.9, Max: 3.2, Diff: 3.2, Sum: 81.6]
         [Processed Buffers: Min: 0, Avg: 4.2, Max: 19, Diff: 19, Sum: 180]
      [Scan RS (ms): Min: 0.1, Avg: 0.7, Max: 1.3, Diff: 1.2, Sum: 31.6]
      [Code Root Scanning (ms): Min: 0.0, Avg: 0.2, Max: 0.8, Diff: 0.8, Sum: 9.6]
      [Object Copy (ms): Min: 6.7, Avg: 9.4, Max: 9.8, Diff: 3.1, Sum: 402.5]
      [Termination (ms): Min: 0.0, Avg: 0.2, Max: 0.2, Diff: 0.2, Sum: 6.5]
         [Termination Attempts: Min: 1, Avg: 30.0, Max: 42, Diff: 41, Sum: 1290]
      [GC Worker Other (ms): Min: 0.1, Avg: 0.4, Max: 0.8, Diff: 0.8, Sum: 16.1]
      [GC Worker Total (ms): Min: 14.5, Avg: 15.2, Max: 15.8, Diff: 1.3, Sum: 651.7]
      [GC Worker End (ms): Min: 13246645.3, Avg: 13246645.7, Max: 13246646.1, Diff: 0.8]
   [Code Root Fixup: 0.8 ms]
   [Code Root Purge: 0.1 ms]
   [String Dedup Fixup: 2.4 ms, GC Workers: 43]
      [Queue Fixup (ms): Min: 0.0, Avg: 0.0, Max: 0.1, Diff: 0.1, Sum: 0.2]
      [Table Fixup (ms): Min: 0.8, Avg: 1.3, Max: 1.7, Diff: 0.9, Sum: 55.6]
   [Clear CT: 6.5 ms]
   [Other: 28.8 ms]
      [Choose CSet: 0.0 ms]
      [Ref Proc: 20.0 ms]
      [Ref Enq: 1.2 ms]
      [Redirty Cards: 1.3 ms]
      [Humongous Register: 0.2 ms]
      [Humongous Reclaim: 0.0 ms]
      [Free CSet: 5.2 ms]
   [Eden: 1186.0M(1186.0M)->0.0B(1180.0M) Survivors: 42.0M->47.0M Heap: 1765.8M(2048.0M)->588.9M(2048.0M)]
 [Times: user=1.01 sys=0.02, real=0.06 secs] 
2016-11-15T09:10:49.493+0100: 13246.685: Total time for which application threads were stopped: 0.0572471 seconds, Stopping threads took: 0.0001699 seconds
2016-11-15T09:10:49.494+0100: 13246.687: Total time for which application threads were stopped: 0.0012665 seconds, Stopping threads took: 0.0001267 seconds
2016-11-15T09:10:49.495+0100: 13246.688: Total time for which application threads were stopped: 0.0006808 seconds, Stopping threads took: 0.0001106 seconds
2016-11-15T09:10:49.497+0100: 13246.690: [GC concurrent-string-deduplication, 232.7K->10.2K(222.5K), avg 61.5%, 0.0022676 secs]
2016-11-15T09:10:49.736+0100: 13246.929: Total time for which application threads were stopped: 0.0012682 seconds, Stopping threads took: 0.0001330 seconds
2016-11-15T09:10:49.737+0100: 13246.930: Total time for which application threads were stopped: 0.0005406 seconds, Stopping threads took: 0.0000322 seconds
2016-11-15T09:10:49.738+0100: 13246.930: Total time for which application threads were stopped: 0.0005421 seconds, Stopping threads took: 0.0000325 seconds
2016-11-15T09:10:49.922+0100: 13247.115: Total time for which application threads were stopped: 0.0008822 seconds, Stopping threads took: 0.0000939 seconds
2016-11-15T09:10:50.923+0100: 13248.116: Total time for which application threads were stopped: 0.0011179 seconds, Stopping threads took: 0.0001485 seconds
2016-11-15T09:10:53.157+0100: 13250.349: Total time for which application threads were stopped: 0.0012046 seconds, Stopping threads took: 0.0001597 seconds
2016-11-15T09:10:53.158+0100: 13250.350: Total time for which application threads were stopped: 0.0005646 seconds, Stopping threads took: 0.0000472 seconds
2016-11-15T09:10:53.158+0100: 13250.351: Total time for which application threads were stopped: 0.0005579 seconds, Stopping threads took: 0.0000431 seconds
2016-11-15T09:10:53.321+0100: 13250.514: Total time for which application threads were stopped: 0.0011607 seconds, Stopping threads took: 0.0001416 seconds
2016-11-15T09:11:25.551+0100: 13282.743: Total time for which application threads were stopped: 0.0013329 seconds, Stopping threads took: 0.0001633 seconds
2016-11-15T09:11:25.552+0100: 13282.744: Total time for which application threads were stopped: 0.0005330 seconds, Stopping threads took: 0.0000329 seconds
2016-11-15T09:11:25.552+0100: 13282.745: Total time for which application threads were stopped: 0.0005381 seconds, Stopping threads took: 0.0000323 seconds
2016-11-15T09:11:25.742+0100: 13282.935: Total time for which application threads were stopped: 0.0030055 seconds, Stopping threads took: 0.0000808 seconds
2016-11-15T09:11:33.744+0100: 13290.937: Total time for which application threads were stopped: 0.0012734 seconds, Stopping threads took: 0.0001661 seconds
2016-11-15T09:11:34.746+0100: 13291.938: Total time for which application threads were stopped: 0.0012704 seconds, Stopping threads took: 0.0001692 seconds
2016-11-15T09:11:47.748+0100: 13304.940: Total time for which application threads were stopped: 0.0013106 seconds, Stopping threads took: 0.0001582 seconds
2016-11-15T09:11:50.273+0100: 13307.466: Total time for which application threads were stopped: 0.0012784 seconds, Stopping threads took: 0.0001627 seconds
2016-11-15T09:11:50.274+0100: 13307.467: Total time for which application threads were stopped: 0.0005401 seconds, Stopping threads took: 0.0000329 seconds
2016-11-15T09:11:50.275+0100: 13307.467: Total time for which application threads were stopped: 0.0005372 seconds, Stopping threads took: 0.0000315 seconds
2016-11-15T09:11:50.875+0100: 13308.067: Total time for which application threads were stopped: 0.0012405 seconds, Stopping threads took: 0.0001573 seconds
2016-11-15T09:11:53.876+0100: 13311.069: Total time for which application threads were stopped: 0.0012513 seconds, Stopping threads took: 0.0001614 seconds
2016-11-15T09:11:54.015+0100: 13311.208: Total time for which application threads were stopped: 0.0007321 seconds, Stopping threads took: 0.0000665 seconds
2016-11-15T09:11:54.016+0100: 13311.208: Total time for which application threads were stopped: 0.0005290 seconds, Stopping threads took: 0.0000311 seconds
2016-11-15T09:11:54.017+0100: 13311.209: Total time for which application threads were stopped: 0.0005782 seconds, Stopping threads took: 0.0000303 seconds
2016-11-15T09:11:54.225+0100: 13311.417: Total time for which application threads were stopped: 0.0008149 seconds, Stopping threads took: 0.0000871 seconds
2016-11-15T09:11:55.226+0100: 13312.418: Total time for which application threads were stopped: 0.0013572 seconds, Stopping threads took: 0.0001637 seconds
2016-11-15T09:11:59.228+0100: 13316.420: Total time for which application threads were stopped: 0.0012679 seconds, Stopping threads took: 0.0001668 seconds
2016-11-15T09:12:00.420+0100: 13317.612: Total time for which application threads were stopped: 0.0013508 seconds, Stopping threads took: 0.0001517 seconds
2016-11-15T09:12:00.421+0100: 13317.613: Total time for which application threads were stopped: 0.0006164 seconds, Stopping threads took: 0.0000409 seconds
2016-11-15T09:12:00.421+0100: 13317.614: Total time for which application threads were stopped: 0.0006747 seconds, Stopping threads took: 0.0000394 seconds
2016-11-15T09:12:00.623+0100: 13317.815: Total time for which application threads were stopped: 0.0013848 seconds, Stopping threads took: 0.0001668 seconds
2016-11-15T09:12:10.625+0100: 13327.817: Total time for which application threads were stopped: 0.0013292 seconds, Stopping threads took: 0.0001779 seconds
2016-11-15T09:12:11.626+0100: 13328.818: Total time for which application threads were stopped: 0.0012421 seconds, Stopping threads took: 0.0001574 seconds
2016-11-15T09:12:16.158+0100: 13333.351: Total time for which application threads were stopped: 0.0012488 seconds, Stopping threads took: 0.0001680 seconds
2016-11-15T09:12:16.159+0100: 13333.351: Total time for which application threads were stopped: 0.0005179 seconds, Stopping threads took: 0.0000348 seconds
2016-11-15T09:12:16.159+0100: 13333.352: Total time for which application threads were stopped: 0.0005138 seconds, Stopping threads took: 0.0000347 seconds
2016-11-15T09:12:16.317+0100: 13333.509: Total time for which application threads were stopped: 0.0007791 seconds, Stopping threads took: 0.0000772 seconds
2016-11-15T09:12:38.385+0100: 13355.577: Total time for which application threads were stopped: 0.0036809 seconds, Stopping threads took: 0.0001545 seconds
2016-11-15T09:12:38.388+0100: 13355.580: Total time for which application threads were stopped: 0.0026283 seconds, Stopping threads took: 0.0000447 seconds
2016-11-15T09:12:38.390+0100: 13355.583: Total time for which application threads were stopped: 0.0025361 seconds, Stopping threads took: 0.0001017 seconds
2016-11-15T09:12:38.433+0100: 13355.626: Total time for which application threads were stopped: 0.0009602 seconds, Stopping threads took: 0.0000815 seconds
2016-11-15T09:12:38.434+0100: 13355.626: Total time for which application threads were stopped: 0.0005340 seconds, Stopping threads took: 0.0000318 seconds
2016-11-15T09:12:38.434+0100: 13355.627: Total time for which application threads were stopped: 0.0005572 seconds, Stopping threads took: 0.0000317 seconds
2016-11-15T09:12:38.550+0100: 13355.742: Total time for which application threads were stopped: 0.0012479 seconds, Stopping threads took: 0.0001663 seconds
2016-11-15T09:12:43.467+0100: 13360.660: Total time for which application threads were stopped: 0.0013980 seconds, Stopping threads took: 0.0001496 seconds
2016-11-15T09:12:43.468+0100: 13360.660: Total time for which application threads were stopped: 0.0006200 seconds, Stopping threads took: 0.0000317 seconds
2016-11-15T09:12:43.469+0100: 13360.661: Total time for which application threads were stopped: 0.0006192 seconds, Stopping threads took: 0.0000356 seconds
2016-11-15T09:12:43.469+0100: 13360.662: Total time for which application threads were stopped: 0.0006118 seconds, Stopping threads took: 0.0000316 seconds
2016-11-15T09:12:43.470+0100: 13360.662: Total time for which application threads were stopped: 0.0006115 seconds, Stopping threads took: 0.0000317 seconds
2016-11-15T09:12:43.471+0100: 13360.663: Total time for which application threads were stopped: 0.0006172 seconds, Stopping threads took: 0.0000306 seconds
2016-11-15T09:12:43.475+0100: 13360.667: Total time for which application threads were stopped: 0.0031024 seconds, Stopping threads took: 0.0000533 seconds
2016-11-15T09:12:43.570+0100: 13360.763: Total time for which application threads were stopped: 0.0011223 seconds, Stopping threads took: 0.0000963 seconds
2016-11-15T09:12:44.571+0100: 13361.764: Total time for which application threads were stopped: 0.0011779 seconds, Stopping threads took: 0.0001427 seconds
2016-11-15T09:12:46.573+0100: 13363.765: Total time for which application threads were stopped: 0.0012754 seconds, Stopping threads took: 0.0001606 seconds
2016-11-15T09:12:47.574+0100: 13364.767: Total time for which application threads were stopped: 0.0012463 seconds, Stopping threads took: 0.0001517 seconds
2016-11-15T09:12:50.210+0100: 13367.402: Total time for which application threads were stopped: 0.0013753 seconds, Stopping threads took: 0.0001566 seconds
2016-11-15T09:12:50.210+0100: 13367.403: Total time for which application threads were stopped: 0.0005729 seconds, Stopping threads took: 0.0000316 seconds
2016-11-15T09:12:50.211+0100: 13367.403: Total time for which application threads were stopped: 0.0005758 seconds, Stopping threads took: 0.0000308 seconds
2016-11-15T09:12:50.252+0100: 13367.445: Total time for which application threads were stopped: 0.0010481 seconds, Stopping threads took: 0.0001069 seconds
2016-11-15T09:12:50.253+0100: 13367.446: Total time for which application threads were stopped: 0.0005810 seconds, Stopping threads took: 0.0000323 seconds
2016-11-15T09:12:50.254+0100: 13367.446: Total time for which application threads were stopped: 0.0005750 seconds, Stopping threads took: 0.0000305 seconds
2016-11-15T09:12:50.273+0100: 13367.466: Total time for which application threads were stopped: 0.0006414 seconds, Stopping threads took: 0.0000556 seconds
2016-11-15T09:12:52.830+0100: 13370.023: Total time for which application threads were stopped: 0.0013257 seconds, Stopping threads took: 0.0001595 seconds
2016-11-15T09:12:52.831+0100: 13370.024: Total time for which application threads were stopped: 0.0005617 seconds, Stopping threads took: 0.0000332 seconds
2016-11-15T09:12:52.832+0100: 13370.024: Total time for which application threads were stopped: 0.0005438 seconds, Stopping threads took: 0.0000295 seconds
2016-11-15T09:12:53.058+0100: 13370.250: Total time for which application threads were stopped: 0.0012751 seconds, Stopping threads took: 0.0001515 seconds
2016-11-15T09:12:57.060+0100: 13374.252: Total time for which application threads were stopped: 0.0013252 seconds, Stopping threads took: 0.0001698 seconds
2016-11-15T09:13:02.620+0100: 13379.813: Total time for which application threads were stopped: 0.0013030 seconds, Stopping threads took: 0.0001593 seconds
2016-11-15T09:13:02.621+0100: 13379.813: Total time for which application threads were stopped: 0.0005331 seconds, Stopping threads took: 0.0000302 seconds
2016-11-15T09:13:02.621+0100: 13379.814: Total time for which application threads were stopped: 0.0005372 seconds, Stopping threads took: 0.0000315 seconds
2016-11-15T09:13:02.678+0100: 13379.871: Total time for which application threads were stopped: 0.0009246 seconds, Stopping threads took: 0.0001058 seconds
2016-11-15T09:13:03.679+0100: 13380.872: Total time for which application threads were stopped: 0.0011340 seconds, Stopping threads took: 0.0001561 seconds
2016-11-15T09:13:15.682+0100: 13392.874: Total time for which application threads were stopped: 0.0012825 seconds, Stopping threads took: 0.0001988 seconds
2016-11-15T09:13:22.812+0100: 13400.004: Total time for which application threads were stopped: 0.0011957 seconds, Stopping threads took: 0.0001603 seconds
2016-11-15T09:13:22.812+0100: 13400.005: Total time for which application threads were stopped: 0.0005142 seconds, Stopping threads took: 0.0000300 seconds
2016-11-15T09:13:22.813+0100: 13400.005: Total time for which application threads were stopped: 0.0005118 seconds, Stopping threads took: 0.0000304 seconds
2016-11-15T09:13:23.034+0100: 13400.227: Total time for which application threads were stopped: 0.0010007 seconds, Stopping threads took: 0.0001182 seconds
2016-11-15T09:13:23.035+0100: 13400.228: Total time for which application threads were stopped: 0.0005246 seconds, Stopping threads took: 0.0000335 seconds
2016-11-15T09:13:23.036+0100: 13400.228: Total time for which application threads were stopped: 0.0005125 seconds, Stopping threads took: 0.0000310 seconds
2016-11-15T09:13:23.127+0100: 13400.319: Total time for which application threads were stopped: 0.0006685 seconds, Stopping threads took: 0.0000591 seconds
2016-11-15T09:13:26.519+0100: 13403.711: Total time for which application threads were stopped: 0.0013237 seconds, Stopping threads took: 0.0001525 seconds
2016-11-15T09:13:26.519+0100: 13403.712: Total time for which application threads were stopped: 0.0005589 seconds, Stopping threads took: 0.0000329 seconds
2016-11-15T09:13:26.520+0100: 13403.713: Total time for which application threads were stopped: 0.0005762 seconds, Stopping threads took: 0.0000365 seconds
2016-11-15T09:13:27.156+0100: 13404.348: Total time for which application threads were stopped: 0.0015281 seconds, Stopping threads took: 0.0001506 seconds
2016-11-15T09:13:34.220+0100: 13411.412: Total time for which application threads were stopped: 0.0013044 seconds, Stopping threads took: 0.0001620 seconds
2016-11-15T09:13:34.221+0100: 13411.413: Total time for which application threads were stopped: 0.0005398 seconds, Stopping threads took: 0.0000342 seconds
2016-11-15T09:13:34.222+0100: 13411.414: Total time for which application threads were stopped: 0.0008970 seconds, Stopping threads took: 0.0001282 seconds
2016-11-15T09:13:34.262+0100: 13411.454: Total time for which application threads were stopped: 0.0006353 seconds, Stopping threads took: 0.0000576 seconds
2016-11-15T09:13:38.263+0100: 13415.456: Total time for which application threads were stopped: 0.0011490 seconds, Stopping threads took: 0.0001611 seconds
2016-11-15T09:13:41.905+0100: 13419.098: Total time for which application threads were stopped: 0.0016112 seconds, Stopping threads took: 0.0001670 seconds
2016-11-15T09:13:41.906+0100: 13419.099: Total time for which application threads were stopped: 0.0005505 seconds, Stopping threads took: 0.0000352 seconds
2016-11-15T09:13:41.907+0100: 13419.099: Total time for which application threads were stopped: 0.0005401 seconds, Stopping threads took: 0.0000281 seconds
2016-11-15T09:13:41.925+0100: 13419.117: Total time for which application threads were stopped: 0.0006725 seconds, Stopping threads took: 0.0000647 seconds
2016-11-15T09:13:41.926+0100: 13419.118: Total time for which application threads were stopped: 0.0005649 seconds, Stopping threads took: 0.0000347 seconds
2016-11-15T09:13:41.926+0100: 13419.119: Total time for which application threads were stopped: 0.0006232 seconds, Stopping threads took: 0.0000979 seconds
2016-11-15T09:13:42.079+0100: 13419.272: Total time for which application threads were stopped: 0.0009080 seconds, Stopping threads took: 0.0001075 seconds
2016-11-15T09:13:42.211+0100: 13419.403: Total time for which application threads were stopped: 0.0011572 seconds, Stopping threads took: 0.0001448 seconds
2016-11-15T09:13:42.549+0100: 13419.742: Total time for which application threads were stopped: 0.0012463 seconds, Stopping threads took: 0.0001768 seconds
2016-11-15T09:13:42.550+0100: 13419.743: Total time for which application threads were stopped: 0.0005218 seconds, Stopping threads took: 0.0000360 seconds
2016-11-15T09:13:42.551+0100: 13419.743: Total time for which application threads were stopped: 0.0005220 seconds, Stopping threads took: 0.0000320 seconds
2016-11-15T09:13:42.759+0100: 13419.952: Total time for which application threads were stopped: 0.0009388 seconds, Stopping threads took: 0.0001100 seconds
2016-11-15T09:13:47.012+0100: 13424.204: Total time for which application threads were stopped: 0.0013366 seconds, Stopping threads took: 0.0001652 seconds
2016-11-15T09:13:47.013+0100: 13424.205: Total time for which application threads were stopped: 0.0005496 seconds, Stopping threads took: 0.0000347 seconds
2016-11-15T09:13:47.014+0100: 13424.206: Total time for which application threads were stopped: 0.0005425 seconds, Stopping threads took: 0.0000312 seconds
2016-11-15T09:13:47.124+0100: 13424.316: Total time for which application threads were stopped: 0.0008802 seconds, Stopping threads took: 0.0000888 seconds
2016-11-15T09:13:49.125+0100: 13426.317: Total time for which application threads were stopped: 0.0012073 seconds, Stopping threads took: 0.0001562 seconds
2016-11-15T09:14:04.127+0100: 13441.320: Total time for which application threads were stopped: 0.0012504 seconds, Stopping threads took: 0.0001679 seconds
2016-11-15T09:14:24.130+0100: 13461.323: Total time for which application threads were stopped: 0.0013552 seconds, Stopping threads took: 0.0001693 seconds
2016-11-15T09:14:45.463+0100: 13482.655: Total time for which application threads were stopped: 0.0013287 seconds, Stopping threads took: 0.0001638 seconds
2016-11-15T09:14:45.464+0100: 13482.656: Total time for which application threads were stopped: 0.0005653 seconds, Stopping threads took: 0.0000352 seconds
2016-11-15T09:14:45.464+0100: 13482.657: Total time for which application threads were stopped: 0.0005674 seconds, Stopping threads took: 0.0000345 seconds
2016-11-15T09:14:46.048+0100: 13483.240: Total time for which application threads were stopped: 0.0011666 seconds, Stopping threads took: 0.0001331 seconds
2016-11-15T09:14:51.151+0100: 13488.344: Total time for which application threads were stopped: 0.0012151 seconds, Stopping threads took: 0.0001779 seconds
2016-11-15T09:14:51.152+0100: 13488.345: Total time for which application threads were stopped: 0.0005272 seconds, Stopping threads took: 0.0000350 seconds
2016-11-15T09:14:51.153+0100: 13488.345: Total time for which application threads were stopped: 0.0005113 seconds, Stopping threads took: 0.0000342 seconds
2016-11-15T09:14:51.333+0100: 13488.525: Total time for which application threads were stopped: 0.0006545 seconds, Stopping threads took: 0.0000592 seconds
2016-11-15T09:14:56.979+0100: 13494.171: Total time for which application threads were stopped: 0.0012066 seconds, Stopping threads took: 0.0001661 seconds
2016-11-15T09:14:56.979+0100: 13494.172: Total time for which application threads were stopped: 0.0005049 seconds, Stopping threads took: 0.0000301 seconds
2016-11-15T09:14:56.980+0100: 13494.172: Total time for which application threads were stopped: 0.0005039 seconds, Stopping threads took: 0.0000287 seconds
2016-11-15T09:14:57.153+0100: 13494.345: Total time for which application threads were stopped: 0.0007949 seconds, Stopping threads took: 0.0000930 seconds
2016-11-15T09:15:03.465+0100: 13500.658: [GC pause (G1 Evacuation Pause) (young)
Desired survivor size 80740352 bytes, new threshold 15 (max 15)
- age   1:    1104016 bytes,    1104016 total
- age   2:    1168728 bytes,    2272744 total
- age   3:    1774896 bytes,    4047640 total
- age   4:    1690656 bytes,    5738296 total
- age   5:    1333544 bytes,    7071840 total
- age   6:    1282872 bytes,    8354712 total
- age   7:    1095520 bytes,    9450232 total
- age   8:    2687144 bytes,   12137376 total
- age   9:    4009456 bytes,   16146832 total
- age  10:    1988248 bytes,   18135080 total
- age  11:    2269048 bytes,   20404128 total
- age  12:      82096 bytes,   20486224 total
- age  13:     133528 bytes,   20619752 total
- age  14:     192680 bytes,   20812432 total
- age  15:      85640 bytes,   20898072 total
2016-11-15T09:15:03.486+0100: 13500.679: [SoftReference, 328 refs, 0.0052518 secs]2016-11-15T09:15:03.492+0100: 13500.684: [WeakReference, 85 refs, 0.0029868 secs]2016-11-15T09:15:03.495+0100: 13500.687: [FinalReference, 1003 refs, 0.0045876 secs]2016-11-15T09:15:03.499+0100: 13500.692: [PhantomReference, 0 refs, 3 refs, 0.0059253 secs]2016-11-15T09:15:03.505+0100: 13500.698: [JNI Weak Reference, 0.0000329 secs], 0.0570616 secs]
   [Parallel Time: 17.4 ms, GC Workers: 43]
      [GC Worker Start (ms): Min: 13500658.4, Avg: 13500658.9, Max: 13500659.4, Diff: 1.0]
      [Ext Root Scanning (ms): Min: 1.6, Avg: 2.4, Max: 11.2, Diff: 9.7, Sum: 103.6]
      [Update RS (ms): Min: 0.0, Avg: 1.5, Max: 3.1, Diff: 3.1, Sum: 63.4]
         [Processed Buffers: Min: 0, Avg: 4.2, Max: 20, Diff: 20, Sum: 180]
      [Scan RS (ms): Min: 0.1, Avg: 0.7, Max: 2.2, Diff: 2.1, Sum: 31.7]
      [Code Root Scanning (ms): Min: 0.0, Avg: 0.3, Max: 1.1, Diff: 1.1, Sum: 11.1]
      [Object Copy (ms): Min: 4.7, Avg: 10.5, Max: 11.1, Diff: 6.4, Sum: 452.0]
      [Termination (ms): Min: 0.0, Avg: 0.2, Max: 0.3, Diff: 0.3, Sum: 7.6]
         [Termination Attempts: Min: 1, Avg: 34.7, Max: 50, Diff: 49, Sum: 1490]
      [GC Worker Other (ms): Min: 0.0, Avg: 0.4, Max: 0.8, Diff: 0.8, Sum: 16.1]
      [GC Worker Total (ms): Min: 15.3, Avg: 15.9, Max: 16.7, Diff: 1.5, Sum: 685.5]
      [GC Worker End (ms): Min: 13500674.5, Avg: 13500674.9, Max: 13500675.3, Diff: 0.8]
   [Code Root Fixup: 0.8 ms]
   [Code Root Purge: 0.1 ms]
   [String Dedup Fixup: 2.6 ms, GC Workers: 43]
      [Queue Fixup (ms): Min: 0.0, Avg: 0.0, Max: 0.0, Diff: 0.0, Sum: 0.1]
      [Table Fixup (ms): Min: 0.8, Avg: 1.3, Max: 1.7, Diff: 0.9, Sum: 55.9]
   [Clear CT: 6.5 ms]
   [Other: 29.7 ms]
      [Choose CSet: 0.0 ms]
      [Ref Proc: 21.1 ms]
      [Ref Enq: 1.2 ms]
      [Redirty Cards: 1.2 ms]
      [Humongous Register: 0.2 ms]
      [Humongous Reclaim: 0.0 ms]
      [Free CSet: 5.2 ms]
   [Eden: 1180.0M(1180.0M)->0.0B(1190.0M) Survivors: 47.0M->38.0M Heap: 1768.9M(2048.0M)->580.8M(2048.0M)]
 [Times: user=1.12 sys=0.01, real=0.05 secs] 
2016-11-15T09:15:03.523+0100: 13500.715: Total time for which application threads were stopped: 0.0588605 seconds, Stopping threads took: 0.0001544 seconds
2016-11-15T09:15:03.524+0100: 13500.717: Total time for which application threads were stopped: 0.0013009 seconds, Stopping threads took: 0.0002172 seconds
2016-11-15T09:15:03.525+0100: 13500.718: Total time for which application threads were stopped: 0.0006622 seconds, Stopping threads took: 0.0001164 seconds
2016-11-15T09:15:03.526+0100: 13500.718: Total time for which application threads were stopped: 0.0006390 seconds, Stopping threads took: 0.0000997 seconds
2016-11-15T09:15:03.527+0100: 13500.719: Total time for which application threads were stopped: 0.0006582 seconds, Stopping threads took: 0.0001141 seconds
2016-11-15T09:15:03.527+0100: 13500.719: [GC concurrent-string-deduplication, 36.4K->9848.0B(26.8K), avg 61.5%, 0.0004786 secs]
2016-11-15T09:15:03.527+0100: 13500.720: Total time for which application threads were stopped: 0.0006813 seconds, Stopping threads took: 0.0001276 seconds
2016-11-15T09:15:03.528+0100: 13500.721: Total time for which application threads were stopped: 0.0006295 seconds, Stopping threads took: 0.0000925 seconds
2016-11-15T09:15:03.529+0100: 13500.721: Total time for which application threads were stopped: 0.0006394 seconds, Stopping threads took: 0.0000858 seconds
2016-11-15T09:15:03.530+0100: 13500.722: Total time for which application threads were stopped: 0.0006673 seconds, Stopping threads took: 0.0001263 seconds
2016-11-15T09:15:03.530+0100: 13500.723: Total time for which application threads were stopped: 0.0006384 seconds, Stopping threads took: 0.0000995 seconds
2016-11-15T09:15:03.531+0100: 13500.724: Total time for which application threads were stopped: 0.0006146 seconds, Stopping threads took: 0.0000739 seconds
2016-11-15T09:15:03.532+0100: 13500.724: Total time for which application threads were stopped: 0.0006139 seconds, Stopping threads took: 0.0000663 seconds
2016-11-15T09:15:05.134+0100: 13502.326: Total time for which application threads were stopped: 0.0011969 seconds, Stopping threads took: 0.0001616 seconds
2016-11-15T09:15:05.135+0100: 13502.327: Total time for which application threads were stopped: 0.0005041 seconds, Stopping threads took: 0.0000298 seconds
2016-11-15T09:15:05.135+0100: 13502.328: Total time for which application threads were stopped: 0.0005097 seconds, Stopping threads took: 0.0000333 seconds
2016-11-15T09:15:05.179+0100: 13502.371: Total time for which application threads were stopped: 0.0008154 seconds, Stopping threads took: 0.0000833 seconds
2016-11-15T09:15:10.180+0100: 13507.373: Total time for which application threads were stopped: 0.0012529 seconds, Stopping threads took: 0.0001592 seconds
2016-11-15T09:15:15.182+0100: 13512.374: Total time for which application threads were stopped: 0.0012917 seconds, Stopping threads took: 0.0001536 seconds
2016-11-15T09:15:16.183+0100: 13513.376: Total time for which application threads were stopped: 0.0011515 seconds, Stopping threads took: 0.0001603 seconds
2016-11-15T09:15:36.186+0100: 13533.378: Total time for which application threads were stopped: 0.0013991 seconds, Stopping threads took: 0.0001848 seconds
2016-11-15T09:15:46.188+0100: 13543.380: Total time for which application threads were stopped: 0.0011868 seconds, Stopping threads took: 0.0001678 seconds
2016-11-15T09:15:49.189+0100: 13546.382: Total time for which application threads were stopped: 0.0011714 seconds, Stopping threads took: 0.0001631 seconds
2016-11-15T09:15:58.632+0100: 13555.824: Total time for which application threads were stopped: 0.0013305 seconds, Stopping threads took: 0.0001601 seconds
2016-11-15T09:15:59.633+0100: 13556.825: Total time for which application threads were stopped: 0.0011654 seconds, Stopping threads took: 0.0001360 seconds
2016-11-15T09:16:00.634+0100: 13557.827: Total time for which application threads were stopped: 0.0011671 seconds, Stopping threads took: 0.0001606 seconds
2016-11-15T09:16:03.636+0100: 13560.828: Total time for which application threads were stopped: 0.0011600 seconds, Stopping threads took: 0.0001615 seconds
2016-11-15T09:16:07.993+0100: 13565.186: Total time for which application threads were stopped: 0.0013051 seconds, Stopping threads took: 0.0001590 seconds
2016-11-15T09:16:15.995+0100: 13573.187: Total time for which application threads were stopped: 0.0011732 seconds, Stopping threads took: 0.0001647 seconds
2016-11-15T09:16:17.997+0100: 13575.189: Total time for which application threads were stopped: 0.0033950 seconds, Stopping threads took: 0.0001701 seconds
2016-11-15T09:16:18.000+0100: 13575.192: Total time for which application threads were stopped: 0.0023172 seconds, Stopping threads took: 0.0000437 seconds
2016-11-15T09:16:22.368+0100: 13579.561: Total time for which application threads were stopped: 0.0011811 seconds, Stopping threads took: 0.0001575 seconds
2016-11-15T09:16:22.369+0100: 13579.561: Total time for which application threads were stopped: 0.0005149 seconds, Stopping threads took: 0.0000394 seconds
2016-11-15T09:16:22.369+0100: 13579.562: Total time for which application threads were stopped: 0.0005073 seconds, Stopping threads took: 0.0000291 seconds
2016-11-15T09:16:22.458+0100: 13579.650: Total time for which application threads were stopped: 0.0034308 seconds, Stopping threads took: 0.0001164 seconds
2016-11-15T09:16:24.286+0100: 13581.479: Total time for which application threads were stopped: 0.0012606 seconds, Stopping threads took: 0.0001459 seconds
2016-11-15T09:16:25.287+0100: 13582.480: Total time for which application threads were stopped: 0.0011490 seconds, Stopping threads took: 0.0001565 seconds
2016-11-15T09:16:27.825+0100: 13585.017: Total time for which application threads were stopped: 0.0012538 seconds, Stopping threads took: 0.0001660 seconds
2016-11-15T09:16:27.826+0100: 13585.018: Total time for which application threads were stopped: 0.0005772 seconds, Stopping threads took: 0.0000725 seconds
2016-11-15T09:16:27.826+0100: 13585.019: Total time for which application threads were stopped: 0.0005736 seconds, Stopping threads took: 0.0000837 seconds
2016-11-15T09:16:28.025+0100: 13585.218: Total time for which application threads were stopped: 0.0011718 seconds, Stopping threads took: 0.0001538 seconds
2016-11-15T09:16:31.846+0100: 13589.038: Total time for which application threads were stopped: 0.0012791 seconds, Stopping threads took: 0.0001538 seconds
2016-11-15T09:16:31.847+0100: 13589.039: Total time for which application threads were stopped: 0.0005376 seconds, Stopping threads took: 0.0000342 seconds
2016-11-15T09:16:31.847+0100: 13589.040: Total time for which application threads were stopped: 0.0005368 seconds, Stopping threads took: 0.0000301 seconds
2016-11-15T09:16:32.073+0100: 13589.265: Total time for which application threads were stopped: 0.0009989 seconds, Stopping threads took: 0.0001132 seconds
2016-11-15T09:16:35.075+0100: 13592.267: Total time for which application threads were stopped: 0.0012714 seconds, Stopping threads took: 0.0001620 seconds
2016-11-15T09:16:48.255+0100: 13605.448: Total time for which application threads were stopped: 0.0013558 seconds, Stopping threads took: 0.0001739 seconds
2016-11-15T09:16:48.256+0100: 13605.448: Total time for which application threads were stopped: 0.0006292 seconds, Stopping threads took: 0.0000954 seconds
2016-11-15T09:16:48.257+0100: 13605.449: Total time for which application threads were stopped: 0.0005646 seconds, Stopping threads took: 0.0000440 seconds
2016-11-15T09:16:48.406+0100: 13605.599: Total time for which application threads were stopped: 0.0011259 seconds, Stopping threads took: 0.0000867 seconds
2016-11-15T09:16:49.408+0100: 13606.600: Total time for which application threads were stopped: 0.0011033 seconds, Stopping threads took: 0.0001412 seconds
2016-11-15T09:16:52.147+0100: 13609.340: Total time for which application threads were stopped: 0.0012425 seconds, Stopping threads took: 0.0001519 seconds
2016-11-15T09:16:52.148+0100: 13609.340: Total time for which application threads were stopped: 0.0005437 seconds, Stopping threads took: 0.0000328 seconds
2016-11-15T09:16:52.149+0100: 13609.341: Total time for which application threads were stopped: 0.0006066 seconds, Stopping threads took: 0.0000898 seconds
2016-11-15T09:16:52.280+0100: 13609.472: Total time for which application threads were stopped: 0.0009802 seconds, Stopping threads took: 0.0001035 seconds
2016-11-15T09:16:55.281+0100: 13612.474: Total time for which application threads were stopped: 0.0012415 seconds, Stopping threads took: 0.0001618 seconds
2016-11-15T09:17:04.518+0100: 13621.710: Total time for which application threads were stopped: 0.0012266 seconds, Stopping threads took: 0.0001676 seconds
2016-11-15T09:17:04.519+0100: 13621.711: Total time for which application threads were stopped: 0.0005536 seconds, Stopping threads took: 0.0000410 seconds
2016-11-15T09:17:04.520+0100: 13621.712: Total time for which application threads were stopped: 0.0005199 seconds, Stopping threads took: 0.0000330 seconds
2016-11-15T09:17:04.673+0100: 13621.865: Total time for which application threads were stopped: 0.0008737 seconds, Stopping threads took: 0.0000952 seconds
2016-11-15T09:17:11.412+0100: 13628.604: Total time for which application threads were stopped: 0.0013085 seconds, Stopping threads took: 0.0001616 seconds
2016-11-15T09:17:21.414+0100: 13638.606: Total time for which application threads were stopped: 0.0013347 seconds, Stopping threads took: 0.0001656 seconds
2016-11-15T09:17:24.416+0100: 13641.608: Total time for which application threads were stopped: 0.0012861 seconds, Stopping threads took: 0.0001706 seconds
2016-11-15T09:17:28.417+0100: 13645.610: Total time for which application threads were stopped: 0.0012480 seconds, Stopping threads took: 0.0001508 seconds
2016-11-15T09:17:45.420+0100: 13662.612: Total time for which application threads were stopped: 0.0013047 seconds, Stopping threads took: 0.0001631 seconds
2016-11-15T09:17:52.422+0100: 13669.614: Total time for which application threads were stopped: 0.0013022 seconds, Stopping threads took: 0.0001606 seconds
2016-11-15T09:18:10.424+0100: 13687.617: Total time for which application threads were stopped: 0.0013367 seconds, Stopping threads took: 0.0001608 seconds
2016-11-15T09:18:17.149+0100: 13694.341: Total time for which application threads were stopped: 0.0012447 seconds, Stopping threads took: 0.0001542 seconds
2016-11-15T09:18:17.150+0100: 13694.342: Total time for which application threads were stopped: 0.0005238 seconds, Stopping threads took: 0.0000307 seconds
2016-11-15T09:18:17.150+0100: 13694.343: Total time for which application threads were stopped: 0.0005263 seconds, Stopping threads took: 0.0000316 seconds
2016-11-15T09:18:17.196+0100: 13694.388: Total time for which application threads were stopped: 0.0011223 seconds, Stopping threads took: 0.0001357 seconds
2016-11-15T09:18:19.456+0100: 13696.649: Total time for which application threads were stopped: 0.0033017 seconds, Stopping threads took: 0.0001572 seconds
2016-11-15T09:18:19.459+0100: 13696.651: Total time for which application threads were stopped: 0.0022989 seconds, Stopping threads took: 0.0000405 seconds
2016-11-15T09:18:19.461+0100: 13696.654: Total time for which application threads were stopped: 0.0021388 seconds, Stopping threads took: 0.0000384 seconds
2016-11-15T09:18:19.500+0100: 13696.693: Total time for which application threads were stopped: 0.0009230 seconds, Stopping threads took: 0.0000778 seconds
2016-11-15T09:18:19.501+0100: 13696.693: Total time for which application threads were stopped: 0.0005153 seconds, Stopping threads took: 0.0000299 seconds
2016-11-15T09:18:19.502+0100: 13696.694: Total time for which application threads were stopped: 0.0005295 seconds, Stopping threads took: 0.0000373 seconds
2016-11-15T09:18:19.585+0100: 13696.777: Total time for which application threads were stopped: 0.0010903 seconds, Stopping threads took: 0.0001177 seconds
2016-11-15T09:18:28.021+0100: 13705.213: Total time for which application threads were stopped: 0.0013536 seconds, Stopping threads took: 0.0002679 seconds
2016-11-15T09:18:28.022+0100: 13705.214: Total time for which application threads were stopped: 0.0006726 seconds, Stopping threads took: 0.0000775 seconds
2016-11-15T09:18:28.023+0100: 13705.215: Total time for which application threads were stopped: 0.0005376 seconds, Stopping threads took: 0.0000561 seconds
2016-11-15T09:18:28.099+0100: 13705.292: Total time for which application threads were stopped: 0.0012688 seconds, Stopping threads took: 0.0001611 seconds
2016-11-15T09:18:34.320+0100: 13711.512: Total time for which application threads were stopped: 0.0013483 seconds, Stopping threads took: 0.0001602 seconds
2016-11-15T09:18:34.321+0100: 13711.514: Total time for which application threads were stopped: 0.0005887 seconds, Stopping threads took: 0.0000409 seconds
2016-11-15T09:18:34.322+0100: 13711.514: Total time for which application threads were stopped: 0.0005771 seconds, Stopping threads took: 0.0000306 seconds
2016-11-15T09:18:34.398+0100: 13711.590: Total time for which application threads were stopped: 0.0008960 seconds, Stopping threads took: 0.0000862 seconds
2016-11-15T09:18:39.017+0100: 13716.209: Total time for which application threads were stopped: 0.0013099 seconds, Stopping threads took: 0.0001766 seconds
2016-11-15T09:18:39.018+0100: 13716.210: Total time for which application threads were stopped: 0.0005787 seconds, Stopping threads took: 0.0000524 seconds
2016-11-15T09:18:40.019+0100: 13717.211: Total time for which application threads were stopped: 0.0011702 seconds, Stopping threads took: 0.0001594 seconds
2016-11-15T09:18:47.021+0100: 13724.213: Total time for which application threads were stopped: 0.0012110 seconds, Stopping threads took: 0.0001704 seconds
2016-11-15T09:18:52.157+0100: 13729.350: Total time for which application threads were stopped: 0.0014936 seconds, Stopping threads took: 0.0001471 seconds
2016-11-15T09:18:52.159+0100: 13729.351: Total time for which application threads were stopped: 0.0005777 seconds, Stopping threads took: 0.0000426 seconds
2016-11-15T09:18:52.159+0100: 13729.352: Total time for which application threads were stopped: 0.0004972 seconds, Stopping threads took: 0.0000306 seconds
2016-11-15T09:18:52.242+0100: 13729.435: Total time for which application threads were stopped: 0.0010527 seconds, Stopping threads took: 0.0001197 seconds
2016-11-15T09:18:54.729+0100: 13731.922: Total time for which application threads were stopped: 0.0012966 seconds, Stopping threads took: 0.0001592 seconds
2016-11-15T09:18:54.730+0100: 13731.923: Total time for which application threads were stopped: 0.0005692 seconds, Stopping threads took: 0.0000425 seconds
2016-11-15T09:18:54.731+0100: 13731.923: Total time for which application threads were stopped: 0.0005397 seconds, Stopping threads took: 0.0000441 seconds
2016-11-15T09:18:54.905+0100: 13732.097: Total time for which application threads were stopped: 0.0011366 seconds, Stopping threads took: 0.0001275 seconds
2016-11-15T09:18:58.932+0100: 13736.124: Total time for which application threads were stopped: 0.0012097 seconds, Stopping threads took: 0.0001671 seconds
2016-11-15T09:18:58.933+0100: 13736.125: Total time for which application threads were stopped: 0.0005232 seconds, Stopping threads took: 0.0000320 seconds
2016-11-15T09:18:58.933+0100: 13736.126: Total time for which application threads were stopped: 0.0005188 seconds, Stopping threads took: 0.0000316 seconds
2016-11-15T09:18:59.072+0100: 13736.264: Total time for which application threads were stopped: 0.0011464 seconds, Stopping threads took: 0.0001450 seconds
2016-11-15T09:19:01.990+0100: 13739.182: Total time for which application threads were stopped: 0.0012086 seconds, Stopping threads took: 0.0001569 seconds
2016-11-15T09:19:01.991+0100: 13739.183: Total time for which application threads were stopped: 0.0005430 seconds, Stopping threads took: 0.0000350 seconds
2016-11-15T09:19:01.991+0100: 13739.184: Total time for which application threads were stopped: 0.0006060 seconds, Stopping threads took: 0.0000779 seconds
2016-11-15T09:19:02.140+0100: 13739.333: Total time for which application threads were stopped: 0.0007505 seconds, Stopping threads took: 0.0000630 seconds
2016-11-15T09:19:05.215+0100: 13742.407: Total time for which application threads were stopped: 0.0012590 seconds, Stopping threads took: 0.0001542 seconds
2016-11-15T09:19:05.216+0100: 13742.409: Total time for which application threads were stopped: 0.0006126 seconds, Stopping threads took: 0.0000485 seconds
2016-11-15T09:19:05.217+0100: 13742.409: Total time for which application threads were stopped: 0.0005235 seconds, Stopping threads took: 0.0000289 seconds
2016-11-15T09:19:05.290+0100: 13742.483: Total time for which application threads were stopped: 0.0007423 seconds, Stopping threads took: 0.0000705 seconds
2016-11-15T09:19:06.582+0100: 13743.775: Total time for which application threads were stopped: 0.0011834 seconds, Stopping threads took: 0.0001481 seconds
2016-11-15T09:19:06.584+0100: 13743.776: Total time for which application threads were stopped: 0.0005459 seconds, Stopping threads took: 0.0000393 seconds
2016-11-15T09:19:06.584+0100: 13743.777: Total time for which application threads were stopped: 0.0005082 seconds, Stopping threads took: 0.0000344 seconds
2016-11-15T09:19:06.739+0100: 13743.931: Total time for which application threads were stopped: 0.0011223 seconds, Stopping threads took: 0.0001320 seconds
2016-11-15T09:19:15.647+0100: 13752.839: [GC pause (G1 Evacuation Pause) (young)
Desired survivor size 80740352 bytes, new threshold 15 (max 15)
- age   1:    2025440 bytes,    2025440 total
- age   2:     811728 bytes,    2837168 total
- age   3:    1154768 bytes,    3991936 total
- age   4:    1541016 bytes,    5532952 total
- age   5:    1690656 bytes,    7223608 total
- age   6:    1225960 bytes,    8449568 total
- age   7:    1266728 bytes,    9716296 total
- age   8:    1095456 bytes,   10811752 total
- age   9:    2683352 bytes,   13495104 total
- age  10:    3687336 bytes,   17182440 total
- age  11:    1984992 bytes,   19167432 total
- age  12:    2264880 bytes,   21432312 total
- age  13:      82096 bytes,   21514408 total
- age  14:     133528 bytes,   21647936 total
- age  15:     192680 bytes,   21840616 total
2016-11-15T09:19:15.669+0100: 13752.861: [SoftReference, 138 refs, 0.0051365 secs]2016-11-15T09:19:15.674+0100: 13752.866: [WeakReference, 100 refs, 0.0031911 secs]2016-11-15T09:19:15.677+0100: 13752.869: [FinalReference, 946 refs, 0.0034191 secs]2016-11-15T09:19:15.680+0100: 13752.873: [PhantomReference, 0 refs, 4 refs, 0.0062228 secs]2016-11-15T09:19:15.687+0100: 13752.879: [JNI Weak Reference, 0.0000373 secs], 0.0571543 secs]
   [Parallel Time: 18.3 ms, GC Workers: 43]
      [GC Worker Start (ms): Min: 13752840.0, Avg: 13752840.5, Max: 13752841.0, Diff: 1.0]
      [Ext Root Scanning (ms): Min: 1.7, Avg: 2.5, Max: 11.5, Diff: 9.8, Sum: 109.1]
      [Update RS (ms): Min: 0.0, Avg: 1.5, Max: 4.3, Diff: 4.3, Sum: 63.3]
         [Processed Buffers: Min: 0, Avg: 4.2, Max: 16, Diff: 16, Sum: 180]
      [Scan RS (ms): Min: 0.1, Avg: 0.6, Max: 1.0, Diff: 0.9, Sum: 27.5]
      [Code Root Scanning (ms): Min: 0.0, Avg: 0.2, Max: 0.8, Diff: 0.8, Sum: 8.3]
      [Object Copy (ms): Min: 5.1, Avg: 11.2, Max: 11.9, Diff: 6.7, Sum: 483.0]
      [Termination (ms): Min: 0.1, Avg: 0.2, Max: 0.3, Diff: 0.2, Sum: 9.5]
         [Termination Attempts: Min: 1, Avg: 39.2, Max: 55, Diff: 54, Sum: 1684]
      [GC Worker Other (ms): Min: 0.0, Avg: 0.4, Max: 0.8, Diff: 0.8, Sum: 16.9]
      [GC Worker Total (ms): Min: 15.9, Avg: 16.7, Max: 17.5, Diff: 1.6, Sum: 717.6]
      [GC Worker End (ms): Min: 13752856.9, Avg: 13752857.2, Max: 13752857.7, Diff: 0.8]
   [Code Root Fixup: 0.9 ms]
   [Code Root Purge: 0.1 ms]
   [String Dedup Fixup: 2.7 ms, GC Workers: 43]
      [Queue Fixup (ms): Min: 0.0, Avg: 0.0, Max: 0.0, Diff: 0.0, Sum: 0.2]
      [Table Fixup (ms): Min: 0.9, Avg: 1.3, Max: 1.8, Diff: 0.9, Sum: 56.7]
   [Clear CT: 6.5 ms]
   [Other: 28.7 ms]
      [Choose CSet: 0.0 ms]
      [Ref Proc: 20.0 ms]
      [Ref Enq: 1.3 ms]
      [Redirty Cards: 1.2 ms]
      [Humongous Register: 0.2 ms]
      [Humongous Reclaim: 0.0 ms]
      [Free CSet: 5.1 ms]
   [Eden: 1190.0M(1190.0M)->0.0B(1188.0M) Survivors: 38.0M->40.0M Heap: 1770.8M(2048.0M)->582.5M(2048.0M)]
 [Times: user=1.09 sys=0.01, real=0.06 secs] 
2016-11-15T09:19:15.705+0100: 13752.897: Total time for which application threads were stopped: 0.0591747 seconds, Stopping threads took: 0.0001597 seconds
2016-11-15T09:19:15.706+0100: 13752.899: Total time for which application threads were stopped: 0.0013482 seconds, Stopping threads took: 0.0001971 seconds
2016-11-15T09:19:15.707+0100: 13752.900: Total time for which application threads were stopped: 0.0007335 seconds, Stopping threads took: 0.0001123 seconds
2016-11-15T09:19:15.708+0100: 13752.900: Total time for which application threads were stopped: 0.0007336 seconds, Stopping threads took: 0.0001584 seconds
2016-11-15T09:19:15.709+0100: 13752.901: Total time for which application threads were stopped: 0.0007098 seconds, Stopping threads took: 0.0001419 seconds
2016-11-15T09:19:15.709+0100: 13752.901: [GC concurrent-string-deduplication, 38.9K->6608.0B(32.4K), avg 61.6%, 0.0005894 secs]
2016-11-15T09:19:15.710+0100: 13752.902: Total time for which application threads were stopped: 0.0007230 seconds, Stopping threads took: 0.0001610 seconds
2016-11-15T09:19:15.711+0100: 13752.903: Total time for which application threads were stopped: 0.0007010 seconds, Stopping threads took: 0.0001392 seconds
2016-11-15T09:19:15.714+0100: 13752.906: Total time for which application threads were stopped: 0.0029736 seconds, Stopping threads took: 0.0000929 seconds
2016-11-15T09:19:52.718+0100: 13789.910: Total time for which application threads were stopped: 0.0014204 seconds, Stopping threads took: 0.0001934 seconds
2016-11-15T09:20:03.042+0100: 13800.235: Total time for which application threads were stopped: 0.0012691 seconds, Stopping threads took: 0.0001643 seconds
2016-11-15T09:20:03.043+0100: 13800.236: Total time for which application threads were stopped: 0.0006033 seconds, Stopping threads took: 0.0000407 seconds
2016-11-15T09:20:03.044+0100: 13800.236: Total time for which application threads were stopped: 0.0005305 seconds, Stopping threads took: 0.0000333 seconds
2016-11-15T09:20:03.215+0100: 13800.408: Total time for which application threads were stopped: 0.0012243 seconds, Stopping threads took: 0.0001503 seconds
2016-11-15T09:20:08.876+0100: 13806.068: Total time for which application threads were stopped: 0.0013296 seconds, Stopping threads took: 0.0001620 seconds
2016-11-15T09:20:16.486+0100: 13813.678: Total time for which application threads were stopped: 0.0012222 seconds, Stopping threads took: 0.0001780 seconds
2016-11-15T09:20:16.487+0100: 13813.679: Total time for which application threads were stopped: 0.0005070 seconds, Stopping threads took: 0.0000319 seconds
2016-11-15T09:20:16.487+0100: 13813.680: Total time for which application threads were stopped: 0.0005166 seconds, Stopping threads took: 0.0000304 seconds
2016-11-15T09:20:16.726+0100: 13813.918: Total time for which application threads were stopped: 0.0011713 seconds, Stopping threads took: 0.0001535 seconds
2016-11-15T09:20:16.726+0100: 13813.919: Total time for which application threads were stopped: 0.0005513 seconds, Stopping threads took: 0.0000469 seconds
2016-11-15T09:20:16.727+0100: 13813.920: Total time for which application threads were stopped: 0.0006194 seconds, Stopping threads took: 0.0000913 seconds
2016-11-15T09:20:16.833+0100: 13814.025: Total time for which application threads were stopped: 0.0007845 seconds, Stopping threads took: 0.0000730 seconds
2016-11-15T09:20:29.129+0100: 13826.321: Total time for which application threads were stopped: 0.0013364 seconds, Stopping threads took: 0.0001545 seconds
2016-11-15T09:20:36.130+0100: 13833.323: Total time for which application threads were stopped: 0.0012169 seconds, Stopping threads took: 0.0001697 seconds
2016-11-15T09:20:39.660+0100: 13836.852: Total time for which application threads were stopped: 0.0012821 seconds, Stopping threads took: 0.0002079 seconds
2016-11-15T09:20:39.661+0100: 13836.853: Total time for which application threads were stopped: 0.0005734 seconds, Stopping threads took: 0.0000731 seconds
2016-11-15T09:20:39.662+0100: 13836.854: Total time for which application threads were stopped: 0.0005671 seconds, Stopping threads took: 0.0000698 seconds
2016-11-15T09:20:39.811+0100: 13837.004: Total time for which application threads were stopped: 0.0008265 seconds, Stopping threads took: 0.0000915 seconds
2016-11-15T09:20:45.813+0100: 13843.006: Total time for which application threads were stopped: 0.0011958 seconds, Stopping threads took: 0.0001736 seconds
2016-11-15T09:20:49.738+0100: 13846.930: Total time for which application threads were stopped: 0.0013819 seconds, Stopping threads took: 0.0001975 seconds
2016-11-15T09:20:49.741+0100: 13846.933: Total time for which application threads were stopped: 0.0007528 seconds, Stopping threads took: 0.0001363 seconds
2016-11-15T09:20:55.742+0100: 13852.935: Total time for which application threads were stopped: 0.0012789 seconds, Stopping threads took: 0.0001589 seconds
2016-11-15T09:21:08.571+0100: 13865.764: Total time for which application threads were stopped: 0.0033612 seconds, Stopping threads took: 0.0001581 seconds
2016-11-15T09:21:08.578+0100: 13865.771: Total time for which application threads were stopped: 0.0024877 seconds, Stopping threads took: 0.0000610 seconds
2016-11-15T09:21:12.804+0100: 13869.996: Total time for which application threads were stopped: 0.0013865 seconds, Stopping threads took: 0.0001645 seconds
2016-11-15T09:21:13.955+0100: 13871.147: Total time for which application threads were stopped: 0.0034453 seconds, Stopping threads took: 0.0001538 seconds
2016-11-15T09:21:15.956+0100: 13873.148: Total time for which application threads were stopped: 0.0011897 seconds, Stopping threads took: 0.0001711 seconds
2016-11-15T09:21:17.929+0100: 13875.122: Total time for which application threads were stopped: 0.0014491 seconds, Stopping threads took: 0.0002460 seconds
2016-11-15T09:21:17.930+0100: 13875.122: Total time for which application threads were stopped: 0.0006764 seconds, Stopping threads took: 0.0001113 seconds
2016-11-15T09:21:17.931+0100: 13875.123: Total time for which application threads were stopped: 0.0006783 seconds, Stopping threads took: 0.0000923 seconds
2016-11-15T09:21:17.931+0100: 13875.124: Total time for which application threads were stopped: 0.0006209 seconds, Stopping threads took: 0.0000697 seconds
2016-11-15T09:21:17.932+0100: 13875.125: Total time for which application threads were stopped: 0.0007216 seconds, Stopping threads took: 0.0001274 seconds
2016-11-15T09:21:17.933+0100: 13875.125: Total time for which application threads were stopped: 0.0007047 seconds, Stopping threads took: 0.0001303 seconds
2016-11-15T09:21:17.934+0100: 13875.126: Total time for which application threads were stopped: 0.0006335 seconds, Stopping threads took: 0.0000768 seconds
2016-11-15T09:21:17.935+0100: 13875.127: Total time for which application threads were stopped: 0.0008544 seconds, Stopping threads took: 0.0001395 seconds
2016-11-15T09:21:17.935+0100: 13875.128: Total time for which application threads were stopped: 0.0006452 seconds, Stopping threads took: 0.0000925 seconds
2016-11-15T09:21:22.144+0100: 13879.336: Total time for which application threads were stopped: 0.0012365 seconds, Stopping threads took: 0.0001615 seconds
2016-11-15T09:21:22.144+0100: 13879.337: Total time for which application threads were stopped: 0.0005590 seconds, Stopping threads took: 0.0000384 seconds
2016-11-15T09:21:22.145+0100: 13879.337: Total time for which application threads were stopped: 0.0005276 seconds, Stopping threads took: 0.0000347 seconds
2016-11-15T09:21:22.319+0100: 13879.511: Total time for which application threads were stopped: 0.0030693 seconds, Stopping threads took: 0.0000775 seconds
2016-11-15T09:21:22.517+0100: 13879.709: Total time for which application threads were stopped: 0.0010896 seconds, Stopping threads took: 0.0001029 seconds
2016-11-15T09:21:23.518+0100: 13880.710: Total time for which application threads were stopped: 0.0010803 seconds, Stopping threads took: 0.0001422 seconds
2016-11-15T09:21:24.915+0100: 13882.108: Total time for which application threads were stopped: 0.0059921 seconds, Stopping threads took: 0.0001552 seconds
2016-11-15T09:21:24.974+0100: 13882.166: Total time for which application threads were stopped: 0.0060131 seconds, Stopping threads took: 0.0001503 seconds
2016-11-15T09:21:25.975+0100: 13883.167: Total time for which application threads were stopped: 0.0011757 seconds, Stopping threads took: 0.0001629 seconds
2016-11-15T09:21:33.957+0100: 13891.149: Total time for which application threads were stopped: 0.0013202 seconds, Stopping threads took: 0.0001578 seconds
2016-11-15T09:21:45.959+0100: 13903.151: Total time for which application threads were stopped: 0.0012111 seconds, Stopping threads took: 0.0001615 seconds
2016-11-15T09:21:50.960+0100: 13908.153: Total time for which application threads were stopped: 0.0012634 seconds, Stopping threads took: 0.0001586 seconds
2016-11-15T09:21:51.476+0100: 13908.668: Total time for which application threads were stopped: 0.0013200 seconds, Stopping threads took: 0.0001652 seconds
2016-11-15T09:21:51.477+0100: 13908.669: Total time for which application threads were stopped: 0.0005879 seconds, Stopping threads took: 0.0000361 seconds
2016-11-15T09:21:51.477+0100: 13908.670: Total time for which application threads were stopped: 0.0005584 seconds, Stopping threads took: 0.0000340 seconds
2016-11-15T09:21:51.625+0100: 13908.818: Total time for which application threads were stopped: 0.0007427 seconds, Stopping threads took: 0.0000733 seconds
2016-11-15T09:21:56.279+0100: 13913.472: Total time for which application threads were stopped: 0.0012111 seconds, Stopping threads took: 0.0001651 seconds
2016-11-15T09:21:56.280+0100: 13913.472: Total time for which application threads were stopped: 0.0005067 seconds, Stopping threads took: 0.0000319 seconds
2016-11-15T09:21:56.280+0100: 13913.473: Total time for which application threads were stopped: 0.0005246 seconds, Stopping threads took: 0.0000304 seconds
2016-11-15T09:21:56.504+0100: 13913.696: Total time for which application threads were stopped: 0.0011147 seconds, Stopping threads took: 0.0001419 seconds
2016-11-15T09:21:56.505+0100: 13913.697: Total time for which application threads were stopped: 0.0005122 seconds, Stopping threads took: 0.0000318 seconds
2016-11-15T09:21:56.505+0100: 13913.698: Total time for which application threads were stopped: 0.0005209 seconds, Stopping threads took: 0.0000313 seconds
2016-11-15T09:21:56.594+0100: 13913.786: Total time for which application threads were stopped: 0.0007042 seconds, Stopping threads took: 0.0000695 seconds
2016-11-15T09:22:12.800+0100: 13929.992: Total time for which application threads were stopped: 0.0013381 seconds, Stopping threads took: 0.0001574 seconds
2016-11-15T09:22:12.801+0100: 13929.993: Total time for which application threads were stopped: 0.0005461 seconds, Stopping threads took: 0.0000322 seconds
2016-11-15T09:22:12.801+0100: 13929.994: Total time for which application threads were stopped: 0.0005538 seconds, Stopping threads took: 0.0000407 seconds
2016-11-15T09:22:13.480+0100: 13930.672: Total time for which application threads were stopped: 0.0013884 seconds, Stopping threads took: 0.0002646 seconds
2016-11-15T09:22:13.482+0100: 13930.674: Total time for which application threads were stopped: 0.0010444 seconds, Stopping threads took: 0.0004729 seconds
2016-11-15T09:22:13.483+0100: 13930.675: Total time for which application threads were stopped: 0.0009468 seconds, Stopping threads took: 0.0004366 seconds
2016-11-15T09:22:13.582+0100: 13930.774: Total time for which application threads were stopped: 0.0006957 seconds, Stopping threads took: 0.0000656 seconds
2016-11-15T09:22:13.976+0100: 13931.168: Total time for which application threads were stopped: 0.0011138 seconds, Stopping threads took: 0.0001371 seconds
2016-11-15T09:22:14.977+0100: 13932.169: Total time for which application threads were stopped: 0.0012282 seconds, Stopping threads took: 0.0001508 seconds
2016-11-15T09:22:21.058+0100: 13938.250: Total time for which application threads were stopped: 0.0013583 seconds, Stopping threads took: 0.0001660 seconds
2016-11-15T09:22:21.059+0100: 13938.251: Total time for which application threads were stopped: 0.0006051 seconds, Stopping threads took: 0.0000382 seconds
2016-11-15T09:22:21.060+0100: 13938.252: Total time for which application threads were stopped: 0.0005641 seconds, Stopping threads took: 0.0000305 seconds
2016-11-15T09:22:21.205+0100: 13938.397: Total time for which application threads were stopped: 0.0011521 seconds, Stopping threads took: 0.0001305 seconds
2016-11-15T09:22:22.939+0100: 13940.131: Total time for which application threads were stopped: 0.0012095 seconds, Stopping threads took: 0.0001619 seconds
2016-11-15T09:22:22.940+0100: 13940.132: Total time for which application threads were stopped: 0.0005229 seconds, Stopping threads took: 0.0000355 seconds
2016-11-15T09:22:22.940+0100: 13940.133: Total time for which application threads were stopped: 0.0005050 seconds, Stopping threads took: 0.0000286 seconds
2016-11-15T09:22:23.235+0100: 13940.427: Total time for which application threads were stopped: 0.0009869 seconds, Stopping threads took: 0.0001012 seconds
2016-11-15T09:22:24.451+0100: 13941.643: Total time for which application threads were stopped: 0.0012292 seconds, Stopping threads took: 0.0001640 seconds
2016-11-15T09:22:24.452+0100: 13941.645: Total time for which application threads were stopped: 0.0005725 seconds, Stopping threads took: 0.0000594 seconds
2016-11-15T09:22:24.453+0100: 13941.645: Total time for which application threads were stopped: 0.0006215 seconds, Stopping threads took: 0.0000782 seconds
2016-11-15T09:22:24.551+0100: 13941.744: Total time for which application threads were stopped: 0.0008243 seconds, Stopping threads took: 0.0000898 seconds
2016-11-15T09:22:29.553+0100: 13946.745: Total time for which application threads were stopped: 0.0012654 seconds, Stopping threads took: 0.0001607 seconds
2016-11-15T09:22:31.554+0100: 13948.747: Total time for which application threads were stopped: 0.0012567 seconds, Stopping threads took: 0.0001570 seconds
2016-11-15T09:22:32.556+0100: 13949.748: Total time for which application threads were stopped: 0.0012018 seconds, Stopping threads took: 0.0001538 seconds
2016-11-15T09:22:34.557+0100: 13951.749: Total time for which application threads were stopped: 0.0011774 seconds, Stopping threads took: 0.0001550 seconds
2016-11-15T09:22:34.563+0100: 13951.755: Total time for which application threads were stopped: 0.0027054 seconds, Stopping threads took: 0.0000501 seconds
2016-11-15T09:22:34.565+0100: 13951.758: Total time for which application threads were stopped: 0.0023056 seconds, Stopping threads took: 0.0000413 seconds
2016-11-15T09:22:34.567+0100: 13951.760: Total time for which application threads were stopped: 0.0020957 seconds, Stopping threads took: 0.0000376 seconds
2016-11-15T09:22:34.615+0100: 13951.807: Total time for which application threads were stopped: 0.0008101 seconds, Stopping threads took: 0.0000638 seconds
2016-11-15T09:22:34.616+0100: 13951.808: Total time for which application threads were stopped: 0.0005035 seconds, Stopping threads took: 0.0000295 seconds
2016-11-15T09:22:34.616+0100: 13951.809: Total time for which application threads were stopped: 0.0005287 seconds, Stopping threads took: 0.0000307 seconds
2016-11-15T09:22:34.699+0100: 13951.892: Total time for which application threads were stopped: 0.0009890 seconds, Stopping threads took: 0.0001434 seconds
2016-11-15T09:22:34.715+0100: 13951.908: Total time for which application threads were stopped: 0.0006215 seconds, Stopping threads took: 0.0000565 seconds
2016-11-15T09:22:36.717+0100: 13953.909: Total time for which application threads were stopped: 0.0012802 seconds, Stopping threads took: 0.0001578 seconds
2016-11-15T09:22:37.604+0100: 13954.796: Total time for which application threads were stopped: 0.0014711 seconds, Stopping threads took: 0.0003761 seconds
2016-11-15T09:22:37.620+0100: 13954.812: Total time for which application threads were stopped: 0.0008577 seconds, Stopping threads took: 0.0000819 seconds
2016-11-15T09:22:37.621+0100: 13954.813: Total time for which application threads were stopped: 0.0006771 seconds, Stopping threads took: 0.0000305 seconds
2016-11-15T09:22:37.621+0100: 13954.814: Total time for which application threads were stopped: 0.0005991 seconds, Stopping threads took: 0.0000797 seconds
2016-11-15T09:22:37.850+0100: 13955.042: Total time for which application threads were stopped: 0.0011995 seconds, Stopping threads took: 0.0001462 seconds
2016-11-15T09:22:37.851+0100: 13955.043: Total time for which application threads were stopped: 0.0005202 seconds, Stopping threads took: 0.0000316 seconds
2016-11-15T09:22:37.851+0100: 13955.044: Total time for which application threads were stopped: 0.0005245 seconds, Stopping threads took: 0.0000290 seconds
2016-11-15T09:22:37.944+0100: 13955.136: Total time for which application threads were stopped: 0.0006894 seconds, Stopping threads took: 0.0000659 seconds
2016-11-15T09:22:39.996+0100: 13957.188: Total time for which application threads were stopped: 0.0012143 seconds, Stopping threads took: 0.0001519 seconds
2016-11-15T09:22:42.998+0100: 13960.191: Total time for which application threads were stopped: 0.0011960 seconds, Stopping threads took: 0.0001540 seconds
2016-11-15T09:22:43.000+0100: 13960.192: Total time for which application threads were stopped: 0.0005707 seconds, Stopping threads took: 0.0000432 seconds
2016-11-15T09:22:43.000+0100: 13960.193: Total time for which application threads were stopped: 0.0005030 seconds, Stopping threads took: 0.0000287 seconds
2016-11-15T09:22:43.121+0100: 13960.313: Total time for which application threads were stopped: 0.0013657 seconds, Stopping threads took: 0.0001737 seconds
2016-11-15T09:22:44.122+0100: 13961.315: Total time for which application threads were stopped: 0.0012490 seconds, Stopping threads took: 0.0001658 seconds
2016-11-15T09:22:46.124+0100: 13963.316: Total time for which application threads were stopped: 0.0011762 seconds, Stopping threads took: 0.0001580 seconds
2016-11-15T09:22:49.450+0100: 13966.642: Total time for which application threads were stopped: 0.0012129 seconds, Stopping threads took: 0.0001612 seconds
2016-11-15T09:22:49.450+0100: 13966.643: Total time for which application threads were stopped: 0.0005156 seconds, Stopping threads took: 0.0000305 seconds
2016-11-15T09:22:49.451+0100: 13966.643: Total time for which application threads were stopped: 0.0005157 seconds, Stopping threads took: 0.0000313 seconds
2016-11-15T09:22:49.616+0100: 13966.809: Total time for which application threads were stopped: 0.0010168 seconds, Stopping threads took: 0.0001120 seconds
2016-11-15T09:22:49.997+0100: 13967.190: Total time for which application threads were stopped: 0.0012116 seconds, Stopping threads took: 0.0001756 seconds
2016-11-15T09:22:49.998+0100: 13967.191: Total time for which application threads were stopped: 0.0005112 seconds, Stopping threads took: 0.0000350 seconds
2016-11-15T09:22:52.999+0100: 13970.192: Total time for which application threads were stopped: 0.0012655 seconds, Stopping threads took: 0.0001631 seconds
2016-11-15T09:22:53.000+0100: 13970.193: Total time for which application threads were stopped: 0.0005930 seconds, Stopping threads took: 0.0000455 seconds
2016-11-15T09:22:53.001+0100: 13970.193: Total time for which application threads were stopped: 0.0005047 seconds, Stopping threads took: 0.0000297 seconds
2016-11-15T09:22:53.117+0100: 13970.310: Total time for which application threads were stopped: 0.0012473 seconds, Stopping threads took: 0.0001500 seconds
2016-11-15T09:22:56.119+0100: 13973.311: Total time for which application threads were stopped: 0.0011856 seconds, Stopping threads took: 0.0001607 seconds
2016-11-15T09:22:57.120+0100: 13974.313: Total time for which application threads were stopped: 0.0011793 seconds, Stopping threads took: 0.0001645 seconds
2016-11-15T09:23:00.687+0100: 13977.879: [GC pause (G1 Evacuation Pause) (young)
Desired survivor size 80740352 bytes, new threshold 15 (max 15)
- age   1:    1893520 bytes,    1893520 total
- age   2:    1872224 bytes,    3765744 total
- age   3:     811408 bytes,    4577152 total
- age   4:    1123552 bytes,    5700704 total
- age   5:    1534040 bytes,    7234744 total
- age   6:    1690432 bytes,    8925176 total
- age   7:    1225568 bytes,   10150744 total
- age   8:    1266672 bytes,   11417416 total
- age   9:    1094696 bytes,   12512112 total
- age  10:    2681512 bytes,   15193624 total
- age  11:    3685224 bytes,   18878848 total
- age  12:    1984992 bytes,   20863840 total
- age  13:    2264856 bytes,   23128696 total
- age  14:      82096 bytes,   23210792 total
- age  15:     133528 bytes,   23344320 total
2016-11-15T09:23:00.713+0100: 13977.905: [SoftReference, 200 refs, 0.0068571 secs]2016-11-15T09:23:00.720+0100: 13977.912: [WeakReference, 111 refs, 0.0027476 secs]2016-11-15T09:23:00.723+0100: 13977.915: [FinalReference, 854 refs, 0.0037635 secs]2016-11-15T09:23:00.726+0100: 13977.919: [PhantomReference, 0 refs, 4 refs, 0.0058365 secs]2016-11-15T09:23:00.732+0100: 13977.925: [JNI Weak Reference, 0.0000465 secs], 0.0623980 secs]
   [Parallel Time: 21.3 ms, GC Workers: 43]
      [GC Worker Start (ms): Min: 13977880.2, Avg: 13977880.9, Max: 13977883.3, Diff: 3.1]
      [Ext Root Scanning (ms): Min: 0.1, Avg: 2.5, Max: 7.4, Diff: 7.4, Sum: 107.1]
      [Update RS (ms): Min: 0.0, Avg: 2.6, Max: 4.2, Diff: 4.2, Sum: 111.7]
         [Processed Buffers: Min: 0, Avg: 5.1, Max: 18, Diff: 18, Sum: 221]
      [Scan RS (ms): Min: 0.1, Avg: 0.7, Max: 1.0, Diff: 0.9, Sum: 30.1]
      [Code Root Scanning (ms): Min: 0.0, Avg: 0.4, Max: 2.9, Diff: 2.9, Sum: 16.5]
      [Object Copy (ms): Min: 10.2, Avg: 12.8, Max: 14.4, Diff: 4.3, Sum: 551.7]
      [Termination (ms): Min: 0.0, Avg: 0.2, Max: 0.3, Diff: 0.3, Sum: 10.5]
         [Termination Attempts: Min: 1, Avg: 53.9, Max: 67, Diff: 66, Sum: 2316]
      [GC Worker Other (ms): Min: 0.0, Avg: 0.5, Max: 1.0, Diff: 1.0, Sum: 21.0]
      [GC Worker Total (ms): Min: 17.1, Avg: 19.7, Max: 20.7, Diff: 3.6, Sum: 848.5]
      [GC Worker End (ms): Min: 13977900.2, Avg: 13977900.7, Max: 13977901.2, Diff: 1.0]
   [Code Root Fixup: 0.9 ms]
   [Code Root Purge: 0.1 ms]
   [String Dedup Fixup: 2.8 ms, GC Workers: 43]
      [Queue Fixup (ms): Min: 0.0, Avg: 0.0, Max: 0.0, Diff: 0.0, Sum: 0.2]
      [Table Fixup (ms): Min: 0.0, Avg: 1.2, Max: 2.1, Diff: 2.1, Sum: 52.9]
   [Clear CT: 5.3 ms]
   [Other: 32.0 ms]
      [Choose CSet: 0.0 ms]
      [Ref Proc: 22.3 ms]
      [Ref Enq: 1.6 ms]
      [Redirty Cards: 1.1 ms]
      [Humongous Register: 0.2 ms]
      [Humongous Reclaim: 0.1 ms]
      [Free CSet: 5.4 ms]
   [Eden: 1188.0M(1188.0M)->0.0B(1152.0M) Survivors: 40.0M->58.0M Heap: 1775.5M(2048.0M)->603.4M(2048.0M)]
 [Times: user=1.23 sys=0.01, real=0.06 secs] 
2016-11-15T09:23:00.750+0100: 13977.942: Total time for which application threads were stopped: 0.0648423 seconds, Stopping threads took: 0.0002024 seconds
2016-11-15T09:23:00.752+0100: 13977.944: Total time for which application threads were stopped: 0.0014145 seconds, Stopping threads took: 0.0000720 seconds
2016-11-15T09:23:00.752+0100: 13977.945: Total time for which application threads were stopped: 0.0006843 seconds, Stopping threads took: 0.0001012 seconds
2016-11-15T09:23:00.753+0100: 13977.946: Total time for which application threads were stopped: 0.0006616 seconds, Stopping threads took: 0.0000806 seconds
2016-11-15T09:23:00.754+0100: 13977.946: Total time for which application threads were stopped: 0.0006484 seconds, Stopping threads took: 0.0000461 seconds
2016-11-15T09:23:00.755+0100: 13977.947: Total time for which application threads were stopped: 0.0006723 seconds, Stopping threads took: 0.0000877 seconds
2016-11-15T09:23:00.756+0100: 13977.948: Total time for which application threads were stopped: 0.0006325 seconds, Stopping threads took: 0.0000728 seconds
2016-11-15T09:23:00.756+0100: 13977.948: [GC concurrent-string-deduplication, 76.1K->15.8K(60.4K), avg 61.6%, 0.0010315 secs]
2016-11-15T09:23:00.757+0100: 13977.949: Total time for which application threads were stopped: 0.0010104 seconds, Stopping threads took: 0.0001300 seconds
2016-11-15T09:23:00.757+0100: 13977.950: Total time for which application threads were stopped: 0.0006856 seconds, Stopping threads took: 0.0001005 seconds
2016-11-15T09:23:00.883+0100: 13978.076: Total time for which application threads were stopped: 0.0017755 seconds, Stopping threads took: 0.0002553 seconds
2016-11-15T09:23:01.885+0100: 13979.077: Total time for which application threads were stopped: 0.0013150 seconds, Stopping threads took: 0.0001737 seconds
2016-11-15T09:23:06.217+0100: 13983.409: Total time for which application threads were stopped: 0.0013518 seconds, Stopping threads took: 0.0001667 seconds
2016-11-15T09:23:16.219+0100: 13993.411: Total time for which application threads were stopped: 0.0013804 seconds, Stopping threads took: 0.0001908 seconds
2016-11-15T09:23:16.220+0100: 13993.412: Total time for which application threads were stopped: 0.0005429 seconds, Stopping threads took: 0.0000462 seconds
2016-11-15T09:23:21.368+0100: 13998.561: Total time for which application threads were stopped: 0.0014325 seconds, Stopping threads took: 0.0001718 seconds
2016-11-15T09:23:26.753+0100: 14003.946: Total time for which application threads were stopped: 0.0013735 seconds, Stopping threads took: 0.0001777 seconds
2016-11-15T09:23:36.755+0100: 14013.947: Total time for which application threads were stopped: 0.0013978 seconds, Stopping threads took: 0.0001852 seconds
2016-11-15T09:23:36.756+0100: 14013.948: Total time for which application threads were stopped: 0.0005101 seconds, Stopping threads took: 0.0000335 seconds
2016-11-15T09:23:59.759+0100: 14036.951: Total time for which application threads were stopped: 0.0014388 seconds, Stopping threads took: 0.0001826 seconds
2016-11-15T09:24:00.962+0100: 14038.154: Total time for which application threads were stopped: 0.0012474 seconds, Stopping threads took: 0.0001429 seconds
2016-11-15T09:24:01.963+0100: 14039.156: Total time for which application threads were stopped: 0.0013427 seconds, Stopping threads took: 0.0001628 seconds
2016-11-15T09:24:04.965+0100: 14042.157: Total time for which application threads were stopped: 0.0014595 seconds, Stopping threads took: 0.0001852 seconds
2016-11-15T09:24:10.967+0100: 14048.159: Total time for which application threads were stopped: 0.0014471 seconds, Stopping threads took: 0.0001814 seconds
2016-11-15T09:24:15.969+0100: 14053.161: Total time for which application threads were stopped: 0.0014048 seconds, Stopping threads took: 0.0001715 seconds
2016-11-15T09:24:39.972+0100: 14077.164: Total time for which application threads were stopped: 0.0013586 seconds, Stopping threads took: 0.0001813 seconds
2016-11-15T09:25:25.485+0100: 14122.677: Total time for which application threads were stopped: 0.0015513 seconds, Stopping threads took: 0.0001624 seconds
2016-11-15T09:25:30.828+0100: 14128.020: Total time for which application threads were stopped: 0.0014752 seconds, Stopping threads took: 0.0001819 seconds
2016-11-15T09:25:40.830+0100: 14138.022: Total time for which application threads were stopped: 0.0013991 seconds, Stopping threads took: 0.0001722 seconds
2016-11-15T09:25:40.831+0100: 14138.023: Total time for which application threads were stopped: 0.0005442 seconds, Stopping threads took: 0.0000332 seconds
2016-11-15T09:25:43.832+0100: 14141.025: Total time for which application threads were stopped: 0.0014863 seconds, Stopping threads took: 0.0001791 seconds
2016-11-15T09:25:46.470+0100: 14143.663: Total time for which application threads were stopped: 0.0014032 seconds, Stopping threads took: 0.0001786 seconds
2016-11-15T09:25:46.471+0100: 14143.663: Total time for which application threads were stopped: 0.0005316 seconds, Stopping threads took: 0.0000319 seconds
2016-11-15T09:25:46.472+0100: 14143.664: Total time for which application threads were stopped: 0.0005307 seconds, Stopping threads took: 0.0000306 seconds
2016-11-15T09:25:46.633+0100: 14143.825: Total time for which application threads were stopped: 0.0006996 seconds, Stopping threads took: 0.0000754 seconds
2016-11-15T09:25:48.634+0100: 14145.826: Total time for which application threads were stopped: 0.0013476 seconds, Stopping threads took: 0.0001614 seconds
2016-11-15T09:25:56.636+0100: 14153.829: Total time for which application threads were stopped: 0.0015790 seconds, Stopping threads took: 0.0002257 seconds
2016-11-15T09:25:56.952+0100: 14154.144: Total time for which application threads were stopped: 0.0010176 seconds, Stopping threads took: 0.0001376 seconds
2016-11-15T09:25:56.953+0100: 14154.145: Total time for which application threads were stopped: 0.0005735 seconds, Stopping threads took: 0.0000376 seconds
2016-11-15T09:25:56.953+0100: 14154.146: Total time for which application threads were stopped: 0.0005565 seconds, Stopping threads took: 0.0000297 seconds
2016-11-15T09:25:57.000+0100: 14154.192: Total time for which application threads were stopped: 0.0006778 seconds, Stopping threads took: 0.0000684 seconds
2016-11-15T09:25:59.459+0100: 14156.652: Total time for which application threads were stopped: 0.0013458 seconds, Stopping threads took: 0.0001753 seconds
2016-11-15T09:25:59.460+0100: 14156.652: Total time for which application threads were stopped: 0.0005352 seconds, Stopping threads took: 0.0000354 seconds
2016-11-15T09:25:59.461+0100: 14156.653: Total time for which application threads were stopped: 0.0005231 seconds, Stopping threads took: 0.0000301 seconds
2016-11-15T09:25:59.509+0100: 14156.701: Total time for which application threads were stopped: 0.0006750 seconds, Stopping threads took: 0.0000657 seconds
2016-11-15T09:26:00.510+0100: 14157.703: Total time for which application threads were stopped: 0.0013960 seconds, Stopping threads took: 0.0001558 seconds
2016-11-15T09:26:03.512+0100: 14160.704: Total time for which application threads were stopped: 0.0013688 seconds, Stopping threads took: 0.0001756 seconds
2016-11-15T09:26:04.765+0100: 14161.958: Total time for which application threads were stopped: 0.0017985 seconds, Stopping threads took: 0.0005029 seconds
2016-11-15T09:26:05.767+0100: 14162.959: Total time for which application threads were stopped: 0.0013879 seconds, Stopping threads took: 0.0001831 seconds
2016-11-15T09:26:09.769+0100: 14166.961: Total time for which application threads were stopped: 0.0013681 seconds, Stopping threads took: 0.0001661 seconds
2016-11-15T09:26:10.112+0100: 14167.304: Total time for which application threads were stopped: 0.0007802 seconds, Stopping threads took: 0.0000722 seconds
2016-11-15T09:26:15.114+0100: 14172.306: Total time for which application threads were stopped: 0.0013548 seconds, Stopping threads took: 0.0001742 seconds
2016-11-15T09:26:20.114+0100: 14177.306: Total time for which application threads were stopped: 0.0013964 seconds, Stopping threads took: 0.0001777 seconds
2016-11-15T09:26:20.115+0100: 14177.307: Total time for which application threads were stopped: 0.0005276 seconds, Stopping threads took: 0.0000347 seconds
2016-11-15T09:26:24.116+0100: 14181.309: Total time for which application threads were stopped: 0.0013836 seconds, Stopping threads took: 0.0001823 seconds
2016-11-15T09:26:32.118+0100: 14189.311: Total time for which application threads were stopped: 0.0013730 seconds, Stopping threads took: 0.0001713 seconds
2016-11-15T09:27:04.122+0100: 14221.314: Total time for which application threads were stopped: 0.0013707 seconds, Stopping threads took: 0.0001744 seconds
2016-11-15T09:27:08.124+0100: 14225.316: Total time for which application threads were stopped: 0.0014411 seconds, Stopping threads took: 0.0001781 seconds
2016-11-15T09:27:12.125+0100: 14229.318: Total time for which application threads were stopped: 0.0013564 seconds, Stopping threads took: 0.0001804 seconds
2016-11-15T09:27:13.814+0100: 14231.006: [GC pause (G1 Evacuation Pause) (young)
Desired survivor size 79691776 bytes, new threshold 15 (max 15)
- age   1:    2191848 bytes,    2191848 total
- age   2:    1707440 bytes,    3899288 total
- age   3:    1870256 bytes,    5769544 total
- age   4:     778184 bytes,    6547728 total
- age   5:    1122264 bytes,    7669992 total
- age   6:    1533640 bytes,    9203632 total
- age   7:    1671592 bytes,   10875224 total
- age   8:    1225328 bytes,   12100552 total
- age   9:    1266672 bytes,   13367224 total
- age  10:    1094504 bytes,   14461728 total
- age  11:    2681512 bytes,   17143240 total
- age  12:    3682520 bytes,   20825760 total
- age  13:    1984056 bytes,   22809816 total
- age  14:    2264664 bytes,   25074480 total
- age  15:      82096 bytes,   25156576 total
2016-11-15T09:27:13.837+0100: 14231.030: [SoftReference, 356 refs, 0.0050353 secs]2016-11-15T09:27:13.842+0100: 14231.035: [WeakReference, 114 refs, 0.0041253 secs]2016-11-15T09:27:13.846+0100: 14231.039: [FinalReference, 462 refs, 0.0030611 secs]2016-11-15T09:27:13.849+0100: 14231.042: [PhantomReference, 0 refs, 4 refs, 0.0058972 secs]2016-11-15T09:27:13.855+0100: 14231.048: [JNI Weak Reference, 0.0000371 secs], 0.0586016 secs]
   [Parallel Time: 19.9 ms, GC Workers: 43]
      [GC Worker Start (ms): Min: 14231006.8, Avg: 14231007.3, Max: 14231007.8, Diff: 1.0]
      [Ext Root Scanning (ms): Min: 1.6, Avg: 2.2, Max: 8.6, Diff: 7.0, Sum: 96.7]
      [Update RS (ms): Min: 0.0, Avg: 2.4, Max: 4.3, Diff: 4.2, Sum: 101.8]
         [Processed Buffers: Min: 0, Avg: 5.0, Max: 18, Diff: 18, Sum: 214]
      [Scan RS (ms): Min: 0.1, Avg: 0.7, Max: 0.9, Diff: 0.8, Sum: 28.2]
      [Code Root Scanning (ms): Min: 0.0, Avg: 0.3, Max: 6.0, Diff: 6.0, Sum: 14.7]
      [Object Copy (ms): Min: 7.7, Avg: 12.8, Max: 13.4, Diff: 5.6, Sum: 548.5]
      [Termination (ms): Min: 0.0, Avg: 0.1, Max: 0.1, Diff: 0.1, Sum: 2.3]
         [Termination Attempts: Min: 1, Avg: 7.3, Max: 22, Diff: 21, Sum: 316]
      [GC Worker Other (ms): Min: 0.0, Avg: 0.4, Max: 0.9, Diff: 0.8, Sum: 17.6]
      [GC Worker Total (ms): Min: 18.1, Avg: 18.8, Max: 19.7, Diff: 1.6, Sum: 809.9]
      [GC Worker End (ms): Min: 14231025.8, Avg: 14231026.1, Max: 14231026.6, Diff: 0.8]
   [Code Root Fixup: 0.9 ms]
   [Code Root Purge: 0.1 ms]
   [String Dedup Fixup: 2.3 ms, GC Workers: 43]
      [Queue Fixup (ms): Min: 0.0, Avg: 0.0, Max: 0.0, Diff: 0.0, Sum: 0.2]
      [Table Fixup (ms): Min: 0.8, Avg: 1.3, Max: 1.7, Diff: 1.0, Sum: 57.1]
   [Clear CT: 6.5 ms]
   [Other: 28.9 ms]
      [Choose CSet: 0.0 ms]
      [Ref Proc: 20.1 ms]
      [Ref Enq: 1.3 ms]
      [Redirty Cards: 1.2 ms]
      [Humongous Register: 0.2 ms]
      [Humongous Reclaim: 0.1 ms]
      [Free CSet: 5.1 ms]
   [Eden: 1152.0M(1152.0M)->0.0B(1166.0M) Survivors: 58.0M->49.0M Heap: 1759.4M(2048.0M)->596.7M(2048.0M)]
 [Times: user=1.14 sys=0.04, real=0.06 secs] 
2016-11-15T09:27:13.873+0100: 14231.065: Total time for which application threads were stopped: 0.0607876 seconds, Stopping threads took: 0.0001747 seconds
2016-11-15T09:27:13.875+0100: 14231.067: Total time for which application threads were stopped: 0.0014656 seconds, Stopping threads took: 0.0001167 seconds
2016-11-15T09:27:13.875+0100: 14231.068: Total time for which application threads were stopped: 0.0006835 seconds, Stopping threads took: 0.0000749 seconds
2016-11-15T09:27:13.876+0100: 14231.069: Total time for which application threads were stopped: 0.0006784 seconds, Stopping threads took: 0.0000794 seconds
2016-11-15T09:27:13.877+0100: 14231.069: [GC concurrent-string-deduplication, 76.6K->14.6K(62.0K), avg 61.6%, 0.0008643 secs]
2016-11-15T09:27:14.878+0100: 14232.070: Total time for which application threads were stopped: 0.0013989 seconds, Stopping threads took: 0.0001583 seconds
2016-11-15T09:27:18.879+0100: 14236.072: Total time for which application threads were stopped: 0.0013649 seconds, Stopping threads took: 0.0001687 seconds
2016-11-15T09:27:35.965+0100: 14253.157: Total time for which application threads were stopped: 0.0017956 seconds, Stopping threads took: 0.0004786 seconds
2016-11-15T09:27:38.547+0100: 14255.740: Total time for which application threads were stopped: 0.0014274 seconds, Stopping threads took: 0.0001813 seconds
2016-11-15T09:27:42.254+0100: 14259.446: Total time for which application threads were stopped: 0.0018253 seconds, Stopping threads took: 0.0003405 seconds
2016-11-15T09:27:42.255+0100: 14259.448: Total time for which application threads were stopped: 0.0010208 seconds, Stopping threads took: 0.0002074 seconds
2016-11-15T09:27:42.256+0100: 14259.449: Total time for which application threads were stopped: 0.0008629 seconds, Stopping threads took: 0.0001855 seconds
2016-11-15T09:27:42.258+0100: 14259.450: Total time for which application threads were stopped: 0.0008017 seconds, Stopping threads took: 0.0001626 seconds
2016-11-15T09:27:42.258+0100: 14259.451: Total time for which application threads were stopped: 0.0006692 seconds, Stopping threads took: 0.0001072 seconds
2016-11-15T09:27:42.259+0100: 14259.452: Total time for which application threads were stopped: 0.0006579 seconds, Stopping threads took: 0.0000843 seconds
2016-11-15T09:27:42.260+0100: 14259.453: Total time for which application threads were stopped: 0.0010840 seconds, Stopping threads took: 0.0002751 seconds
2016-11-15T09:27:42.262+0100: 14259.454: Total time for which application threads were stopped: 0.0010411 seconds, Stopping threads took: 0.0003847 seconds
2016-11-15T09:27:42.262+0100: 14259.455: Total time for which application threads were stopped: 0.0007489 seconds, Stopping threads took: 0.0001493 seconds
2016-11-15T09:27:48.264+0100: 14265.457: Total time for which application threads were stopped: 0.0014493 seconds, Stopping threads took: 0.0001725 seconds
2016-11-15T09:28:08.267+0100: 14285.460: Total time for which application threads were stopped: 0.0014878 seconds, Stopping threads took: 0.0001968 seconds
2016-11-15T09:28:12.044+0100: 14289.237: Total time for which application threads were stopped: 0.0013864 seconds, Stopping threads took: 0.0001794 seconds
2016-11-15T09:28:12.045+0100: 14289.237: Total time for which application threads were stopped: 0.0005300 seconds, Stopping threads took: 0.0000323 seconds
2016-11-15T09:28:12.046+0100: 14289.238: Total time for which application threads were stopped: 0.0005307 seconds, Stopping threads took: 0.0000321 seconds
2016-11-15T09:28:12.221+0100: 14289.414: Total time for which application threads were stopped: 0.0007023 seconds, Stopping threads took: 0.0000712 seconds
2016-11-15T09:28:24.306+0100: 14301.499: Total time for which application threads were stopped: 0.0015436 seconds, Stopping threads took: 0.0002096 seconds
2016-11-15T09:28:30.308+0100: 14307.501: Total time for which application threads were stopped: 0.0014834 seconds, Stopping threads took: 0.0001811 seconds
2016-11-15T09:28:34.310+0100: 14311.502: Total time for which application threads were stopped: 0.0014718 seconds, Stopping threads took: 0.0001793 seconds
2016-11-15T09:28:45.037+0100: 14322.230: Total time for which application threads were stopped: 0.0015405 seconds, Stopping threads took: 0.0001731 seconds
2016-11-15T09:28:45.038+0100: 14322.230: Total time for which application threads were stopped: 0.0005909 seconds, Stopping threads took: 0.0000316 seconds
2016-11-15T09:28:45.039+0100: 14322.231: Total time for which application threads were stopped: 0.0005745 seconds, Stopping threads took: 0.0000315 seconds
2016-11-15T09:28:45.188+0100: 14322.380: Total time for which application threads were stopped: 0.0007131 seconds, Stopping threads took: 0.0000606 seconds
2016-11-15T09:28:46.189+0100: 14323.381: Total time for which application threads were stopped: 0.0011212 seconds, Stopping threads took: 0.0001222 seconds
2016-11-15T09:28:48.902+0100: 14326.094: Total time for which application threads were stopped: 0.0015453 seconds, Stopping threads took: 0.0001781 seconds
2016-11-15T09:28:48.903+0100: 14326.095: Total time for which application threads were stopped: 0.0005780 seconds, Stopping threads took: 0.0000318 seconds
2016-11-15T09:28:48.904+0100: 14326.096: Total time for which application threads were stopped: 0.0005723 seconds, Stopping threads took: 0.0000313 seconds
2016-11-15T09:28:49.009+0100: 14326.201: Total time for which application threads were stopped: 0.0008207 seconds, Stopping threads took: 0.0000869 seconds
2016-11-15T09:28:49.260+0100: 14326.453: Total time for which application threads were stopped: 0.0007828 seconds, Stopping threads took: 0.0000700 seconds
2016-11-15T09:28:49.261+0100: 14326.453: Total time for which application threads were stopped: 0.0005564 seconds, Stopping threads took: 0.0000309 seconds
2016-11-15T09:28:49.261+0100: 14326.454: Total time for which application threads were stopped: 0.0005647 seconds, Stopping threads took: 0.0000309 seconds
2016-11-15T09:28:49.419+0100: 14326.612: Total time for which application threads were stopped: 0.0033192 seconds, Stopping threads took: 0.0000672 seconds
2016-11-15T09:28:52.421+0100: 14329.613: Total time for which application threads were stopped: 0.0014806 seconds, Stopping threads took: 0.0001727 seconds
2016-11-15T09:29:09.424+0100: 14346.616: Total time for which application threads were stopped: 0.0015126 seconds, Stopping threads took: 0.0001760 seconds
2016-11-15T09:29:22.556+0100: 14359.748: Total time for which application threads were stopped: 0.0013941 seconds, Stopping threads took: 0.0001659 seconds
2016-11-15T09:29:22.557+0100: 14359.749: Total time for which application threads were stopped: 0.0005291 seconds, Stopping threads took: 0.0000313 seconds
2016-11-15T09:29:22.557+0100: 14359.750: Total time for which application threads were stopped: 0.0005329 seconds, Stopping threads took: 0.0000307 seconds
2016-11-15T09:29:22.707+0100: 14359.900: Total time for which application threads were stopped: 0.0006988 seconds, Stopping threads took: 0.0000663 seconds
2016-11-15T09:29:24.709+0100: 14361.901: Total time for which application threads were stopped: 0.0013445 seconds, Stopping threads took: 0.0001762 seconds
2016-11-15T09:29:28.299+0100: 14365.492: Total time for which application threads were stopped: 0.0015251 seconds, Stopping threads took: 0.0002065 seconds
2016-11-15T09:29:33.727+0100: 14370.920: Total time for which application threads were stopped: 0.0015104 seconds, Stopping threads took: 0.0001747 seconds
2016-11-15T09:29:33.810+0100: 14371.003: Total time for which application threads were stopped: 0.0006959 seconds, Stopping threads took: 0.0000602 seconds
2016-11-15T09:29:33.811+0100: 14371.004: Total time for which application threads were stopped: 0.0005526 seconds, Stopping threads took: 0.0000308 seconds
2016-11-15T09:29:33.812+0100: 14371.004: Total time for which application threads were stopped: 0.0005596 seconds, Stopping threads took: 0.0000320 seconds
2016-11-15T09:29:33.941+0100: 14371.134: Total time for which application threads were stopped: 0.0006887 seconds, Stopping threads took: 0.0000603 seconds
2016-11-15T09:29:39.943+0100: 14377.136: Total time for which application threads were stopped: 0.0014512 seconds, Stopping threads took: 0.0001685 seconds
2016-11-15T09:29:40.176+0100: 14377.368: Total time for which application threads were stopped: 0.0008568 seconds, Stopping threads took: 0.0001694 seconds
2016-11-15T09:29:40.177+0100: 14377.369: Total time for which application threads were stopped: 0.0005814 seconds, Stopping threads took: 0.0000492 seconds
2016-11-15T09:29:40.177+0100: 14377.370: Total time for which application threads were stopped: 0.0005493 seconds, Stopping threads took: 0.0000424 seconds
2016-11-15T09:29:40.178+0100: 14377.370: Total time for which application threads were stopped: 0.0005718 seconds, Stopping threads took: 0.0000298 seconds
2016-11-15T09:29:40.179+0100: 14377.371: Total time for which application threads were stopped: 0.0005427 seconds, Stopping threads took: 0.0000320 seconds
2016-11-15T09:29:40.179+0100: 14377.372: Total time for which application threads were stopped: 0.0005464 seconds, Stopping threads took: 0.0000340 seconds
2016-11-15T09:29:40.180+0100: 14377.372: Total time for which application threads were stopped: 0.0005507 seconds, Stopping threads took: 0.0000332 seconds
2016-11-15T09:29:40.180+0100: 14377.373: Total time for which application threads were stopped: 0.0005496 seconds, Stopping threads took: 0.0000357 seconds
2016-11-15T09:29:48.730+0100: 14385.922: Total time for which application threads were stopped: 0.0014050 seconds, Stopping threads took: 0.0001690 seconds
2016-11-15T09:29:49.731+0100: 14386.923: Total time for which application threads were stopped: 0.0012058 seconds, Stopping threads took: 0.0001447 seconds
2016-11-15T09:29:53.970+0100: 14391.163: Total time for which application threads were stopped: 0.0013745 seconds, Stopping threads took: 0.0001803 seconds
2016-11-15T09:30:02.940+0100: 14400.132: Total time for which application threads were stopped: 0.0015219 seconds, Stopping threads took: 0.0001792 seconds
2016-11-15T09:30:02.941+0100: 14400.133: Total time for which application threads were stopped: 0.0005700 seconds, Stopping threads took: 0.0000334 seconds
2016-11-15T09:30:02.941+0100: 14400.134: Total time for which application threads were stopped: 0.0005615 seconds, Stopping threads took: 0.0000309 seconds
2016-11-15T09:30:03.110+0100: 14400.303: Total time for which application threads were stopped: 0.0007032 seconds, Stopping threads took: 0.0000638 seconds
2016-11-15T09:30:13.973+0100: 14411.165: Total time for which application threads were stopped: 0.0014523 seconds, Stopping threads took: 0.0002493 seconds
2016-11-15T09:30:16.974+0100: 14414.167: Total time for which application threads were stopped: 0.0013886 seconds, Stopping threads took: 0.0001773 seconds
2016-11-15T09:30:19.976+0100: 14417.168: Total time for which application threads were stopped: 0.0013902 seconds, Stopping threads took: 0.0001777 seconds
2016-11-15T09:30:21.507+0100: 14418.700: Total time for which application threads were stopped: 0.0012719 seconds, Stopping threads took: 0.0001434 seconds
2016-11-15T09:30:21.508+0100: 14418.701: Total time for which application threads were stopped: 0.0005568 seconds, Stopping threads took: 0.0000323 seconds
2016-11-15T09:30:21.509+0100: 14418.702: Total time for which application threads were stopped: 0.0005602 seconds, Stopping threads took: 0.0000311 seconds
2016-11-15T09:30:21.553+0100: 14418.745: Total time for which application threads were stopped: 0.0006585 seconds, Stopping threads took: 0.0000608 seconds
2016-11-15T09:30:30.555+0100: 14427.747: Total time for which application threads were stopped: 0.0013625 seconds, Stopping threads took: 0.0001665 seconds
2016-11-15T09:30:35.969+0100: 14433.162: Total time for which application threads were stopped: 0.0014126 seconds, Stopping threads took: 0.0001723 seconds
2016-11-15T09:30:35.970+0100: 14433.163: Total time for which application threads were stopped: 0.0005535 seconds, Stopping threads took: 0.0000396 seconds
2016-11-15T09:30:35.971+0100: 14433.163: Total time for which application threads were stopped: 0.0005394 seconds, Stopping threads took: 0.0000334 seconds
2016-11-15T09:30:36.175+0100: 14433.368: Total time for which application threads were stopped: 0.0007679 seconds, Stopping threads took: 0.0000784 seconds
2016-11-15T09:30:41.048+0100: 14438.241: Total time for which application threads were stopped: 0.0013824 seconds, Stopping threads took: 0.0001774 seconds
2016-11-15T09:30:41.049+0100: 14438.241: Total time for which application threads were stopped: 0.0005275 seconds, Stopping threads took: 0.0000326 seconds
2016-11-15T09:30:41.050+0100: 14438.242: Total time for which application threads were stopped: 0.0005239 seconds, Stopping threads took: 0.0000295 seconds
2016-11-15T09:30:41.156+0100: 14438.349: Total time for which application threads were stopped: 0.0007759 seconds, Stopping threads took: 0.0001463 seconds
2016-11-15T09:30:44.158+0100: 14441.350: Total time for which application threads were stopped: 0.0015214 seconds, Stopping threads took: 0.0001796 seconds
2016-11-15T09:30:46.696+0100: 14443.888: Total time for which application threads were stopped: 0.0016099 seconds, Stopping threads took: 0.0001855 seconds
2016-11-15T09:30:47.697+0100: 14444.890: Total time for which application threads were stopped: 0.0014613 seconds, Stopping threads took: 0.0001761 seconds
2016-11-15T09:30:48.702+0100: 14445.895: Total time for which application threads were stopped: 0.0048728 seconds, Stopping threads took: 0.0008203 seconds
2016-11-15T09:30:49.704+0100: 14446.896: Total time for which application threads were stopped: 0.0014342 seconds, Stopping threads took: 0.0001766 seconds
2016-11-15T09:30:49.880+0100: 14447.072: Total time for which application threads were stopped: 0.0015326 seconds, Stopping threads took: 0.0001714 seconds
2016-11-15T09:30:50.881+0100: 14448.074: Total time for which application threads were stopped: 0.0014876 seconds, Stopping threads took: 0.0001812 seconds
2016-11-15T09:30:51.883+0100: 14449.075: Total time for which application threads were stopped: 0.0014621 seconds, Stopping threads took: 0.0001826 seconds
2016-11-15T09:30:54.885+0100: 14452.077: Total time for which application threads were stopped: 0.0015305 seconds, Stopping threads took: 0.0001766 seconds
2016-11-15T09:30:55.679+0100: 14452.872: Total time for which application threads were stopped: 0.0015026 seconds, Stopping threads took: 0.0001785 seconds
2016-11-15T09:30:58.946+0100: 14456.139: Total time for which application threads were stopped: 0.0015055 seconds, Stopping threads took: 0.0001728 seconds
2016-11-15T09:30:58.947+0100: 14456.139: Total time for which application threads were stopped: 0.0005607 seconds, Stopping threads took: 0.0000329 seconds
2016-11-15T09:30:58.948+0100: 14456.140: Total time for which application threads were stopped: 0.0005629 seconds, Stopping threads took: 0.0000310 seconds
2016-11-15T09:30:59.132+0100: 14456.324: Total time for which application threads were stopped: 0.0007954 seconds, Stopping threads took: 0.0000785 seconds
2016-11-15T09:31:03.133+0100: 14460.326: Total time for which application threads were stopped: 0.0014837 seconds, Stopping threads took: 0.0001866 seconds
2016-11-15T09:31:05.681+0100: 14462.874: Total time for which application threads were stopped: 0.0014814 seconds, Stopping threads took: 0.0001704 seconds
2016-11-15T09:31:05.682+0100: 14462.875: Total time for which application threads were stopped: 0.0005752 seconds, Stopping threads took: 0.0000362 seconds
2016-11-15T09:31:06.407+0100: 14463.599: Total time for which application threads were stopped: 0.0015407 seconds, Stopping threads took: 0.0001702 seconds
2016-11-15T09:31:06.408+0100: 14463.600: Total time for which application threads were stopped: 0.0005803 seconds, Stopping threads took: 0.0000329 seconds
2016-11-15T09:31:06.408+0100: 14463.601: Total time for which application threads were stopped: 0.0005777 seconds, Stopping threads took: 0.0000312 seconds
2016-11-15T09:31:06.864+0100: 14464.057: Total time for which application threads were stopped: 0.0014089 seconds, Stopping threads took: 0.0001451 seconds
2016-11-15T09:31:10.922+0100: 14468.114: [GC pause (G1 Evacuation Pause) (young)
Desired survivor size 79691776 bytes, new threshold 15 (max 15)
- age   1:    5965592 bytes,    5965592 total
- age   2:    1970864 bytes,    7936456 total
- age   3:    1703656 bytes,    9640112 total
- age   4:    1805080 bytes,   11445192 total
- age   5:     775560 bytes,   12220752 total
- age   6:    1122224 bytes,   13342976 total
- age   7:    1442832 bytes,   14785808 total
- age   8:    1565432 bytes,   16351240 total
- age   9:    1225288 bytes,   17576528 total
- age  10:    1266408 bytes,   18842936 total
- age  11:    1094504 bytes,   19937440 total
- age  12:    2680928 bytes,   22618368 total
- age  13:    3635080 bytes,   26253448 total
- age  14:    1984016 bytes,   28237464 total
- age  15:    2264624 bytes,   30502088 total
2016-11-15T09:31:10.945+0100: 14468.137: [SoftReference, 261 refs, 0.0054925 secs]2016-11-15T09:31:10.950+0100: 14468.143: [WeakReference, 112 refs, 0.0030735 secs]2016-11-15T09:31:10.953+0100: 14468.146: [FinalReference, 900 refs, 0.0036469 secs]2016-11-15T09:31:10.957+0100: 14468.149: [PhantomReference, 0 refs, 5 refs, 0.0060997 secs]2016-11-15T09:31:10.963+0100: 14468.156: [JNI Weak Reference, 0.0000396 secs], 0.0585426 secs]
   [Parallel Time: 19.6 ms, GC Workers: 43]
      [GC Worker Start (ms): Min: 14468114.9, Avg: 14468115.4, Max: 14468115.9, Diff: 1.0]
      [Ext Root Scanning (ms): Min: 1.5, Avg: 2.4, Max: 8.7, Diff: 7.2, Sum: 101.1]
      [Update RS (ms): Min: 0.0, Avg: 1.7, Max: 2.9, Diff: 2.9, Sum: 73.3]
         [Processed Buffers: Min: 0, Avg: 4.3, Max: 19, Diff: 19, Sum: 184]
      [Scan RS (ms): Min: 0.1, Avg: 0.6, Max: 1.0, Diff: 1.0, Sum: 27.0]
      [Code Root Scanning (ms): Min: 0.0, Avg: 0.2, Max: 1.0, Diff: 1.0, Sum: 9.5]
      [Object Copy (ms): Min: 9.4, Avg: 12.8, Max: 13.2, Diff: 3.8, Sum: 548.4]
      [Termination (ms): Min: 0.1, Avg: 0.2, Max: 0.3, Diff: 0.2, Sum: 10.6]
         [Termination Attempts: Min: 1, Avg: 30.2, Max: 44, Diff: 43, Sum: 1300]
      [GC Worker Other (ms): Min: 0.0, Avg: 0.4, Max: 0.8, Diff: 0.8, Sum: 16.4]
      [GC Worker Total (ms): Min: 17.5, Avg: 18.3, Max: 19.1, Diff: 1.6, Sum: 786.3]
      [GC Worker End (ms): Min: 14468133.4, Avg: 14468133.7, Max: 14468134.1, Diff: 0.8]
   [Code Root Fixup: 1.0 ms]
   [Code Root Purge: 0.2 ms]
   [String Dedup Fixup: 2.3 ms, GC Workers: 43]
      [Queue Fixup (ms): Min: 0.0, Avg: 0.0, Max: 0.1, Diff: 0.1, Sum: 0.2]
      [Table Fixup (ms): Min: 0.8, Avg: 1.3, Max: 1.7, Diff: 0.9, Sum: 56.3]
   [Clear CT: 6.6 ms]
   [Other: 28.9 ms]
      [Choose CSet: 0.0 ms]
      [Ref Proc: 20.3 ms]
      [Ref Enq: 1.2 ms]
      [Redirty Cards: 1.2 ms]
      [Humongous Register: 0.2 ms]
      [Humongous Reclaim: 0.0 ms]
      [Free CSet: 5.2 ms]
   [Eden: 1166.0M(1166.0M)->0.0B(1144.0M) Survivors: 49.0M->59.0M Heap: 1762.7M(2048.0M)->609.3M(2048.0M)]
 [Times: user=1.14 sys=0.02, real=0.06 secs] 
2016-11-15T09:31:10.981+0100: 14468.173: Total time for which application threads were stopped: 0.0607604 seconds, Stopping threads took: 0.0001752 seconds
2016-11-15T09:31:10.983+0100: 14468.175: Total time for which application threads were stopped: 0.0015522 seconds, Stopping threads took: 0.0001862 seconds
2016-11-15T09:31:10.983+0100: 14468.176: Total time for which application threads were stopped: 0.0006818 seconds, Stopping threads took: 0.0000858 seconds
2016-11-15T09:31:10.985+0100: 14468.177: Total time for which application threads were stopped: 0.0007608 seconds, Stopping threads took: 0.0001635 seconds
2016-11-15T09:31:10.986+0100: 14468.178: [GC concurrent-string-deduplication, 169.3K->35.7K(133.6K), avg 61.7%, 0.0019172 secs]
2016-11-15T09:31:11.986+0100: 14469.179: Total time for which application threads were stopped: 0.0014215 seconds, Stopping threads took: 0.0001626 seconds
2016-11-15T09:31:14.988+0100: 14472.180: Total time for which application threads were stopped: 0.0014970 seconds, Stopping threads took: 0.0001788 seconds
2016-11-15T09:31:17.990+0100: 14475.182: Total time for which application threads were stopped: 0.0015093 seconds, Stopping threads took: 0.0001750 seconds
2016-11-15T09:31:18.991+0100: 14476.184: Total time for which application threads were stopped: 0.0014855 seconds, Stopping threads took: 0.0001738 seconds
2016-11-15T09:31:19.993+0100: 14477.185: Total time for which application threads were stopped: 0.0014371 seconds, Stopping threads took: 0.0001714 seconds
2016-11-15T09:31:22.994+0100: 14480.187: Total time for which application threads were stopped: 0.0014952 seconds, Stopping threads took: 0.0001739 seconds
2016-11-15T09:31:27.901+0100: 14485.093: Total time for which application threads were stopped: 0.0014522 seconds, Stopping threads took: 0.0001757 seconds
2016-11-15T09:31:27.902+0100: 14485.094: Total time for which application threads were stopped: 0.0005349 seconds, Stopping threads took: 0.0000367 seconds
2016-11-15T09:31:27.902+0100: 14485.095: Total time for which application threads were stopped: 0.0005365 seconds, Stopping threads took: 0.0000292 seconds
2016-11-15T09:31:28.086+0100: 14485.278: Total time for which application threads were stopped: 0.0009561 seconds, Stopping threads took: 0.0001017 seconds
2016-11-15T09:31:31.087+0100: 14488.280: Total time for which application threads were stopped: 0.0013764 seconds, Stopping threads took: 0.0001739 seconds
2016-11-15T09:31:36.089+0100: 14493.282: Total time for which application threads were stopped: 0.0013706 seconds, Stopping threads took: 0.0001913 seconds
2016-11-15T09:33:07.774+0100: 14584.967: Total time for which application threads were stopped: 0.0016147 seconds, Stopping threads took: 0.0001782 seconds
2016-11-15T09:33:07.775+0100: 14584.968: Total time for which application threads were stopped: 0.0005677 seconds, Stopping threads took: 0.0000305 seconds
2016-11-15T09:33:07.776+0100: 14584.968: Total time for which application threads were stopped: 0.0005602 seconds, Stopping threads took: 0.0000293 seconds
2016-11-15T09:33:07.863+0100: 14585.056: Total time for which application threads were stopped: 0.0006791 seconds, Stopping threads took: 0.0000633 seconds
2016-11-15T09:33:18.727+0100: 14595.919: Total time for which application threads were stopped: 0.0015016 seconds, Stopping threads took: 0.0001845 seconds
2016-11-15T09:33:18.728+0100: 14595.920: Total time for which application threads were stopped: 0.0005607 seconds, Stopping threads took: 0.0000312 seconds
2016-11-15T09:33:18.728+0100: 14595.921: Total time for which application threads were stopped: 0.0005658 seconds, Stopping threads took: 0.0000306 seconds
2016-11-15T09:33:18.780+0100: 14595.972: Total time for which application threads were stopped: 0.0007809 seconds, Stopping threads took: 0.0001485 seconds
2016-11-15T09:33:18.781+0100: 14595.973: Total time for which application threads were stopped: 0.0006162 seconds, Stopping threads took: 0.0000711 seconds
2016-11-15T09:33:18.781+0100: 14595.974: Total time for which application threads were stopped: 0.0006201 seconds, Stopping threads took: 0.0000714 seconds
2016-11-15T09:33:18.803+0100: 14595.995: Total time for which application threads were stopped: 0.0006316 seconds, Stopping threads took: 0.0000586 seconds
2016-11-15T09:33:37.806+0100: 14614.998: Total time for which application threads were stopped: 0.0014724 seconds, Stopping threads took: 0.0001606 seconds
2016-11-15T09:34:21.810+0100: 14659.003: Total time for which application threads were stopped: 0.0015217 seconds, Stopping threads took: 0.0001721 seconds
2016-11-15T09:34:36.813+0100: 14674.005: Total time for which application threads were stopped: 0.0015020 seconds, Stopping threads took: 0.0001875 seconds
2016-11-15T09:34:40.815+0100: 14678.007: Total time for which application threads were stopped: 0.0015021 seconds, Stopping threads took: 0.0001707 seconds
2016-11-15T09:34:45.817+0100: 14683.009: Total time for which application threads were stopped: 0.0014784 seconds, Stopping threads took: 0.0001725 seconds
2016-11-15T09:35:03.819+0100: 14701.012: Total time for which application threads were stopped: 0.0013739 seconds, Stopping threads took: 0.0001768 seconds
2016-11-15T09:35:45.549+0100: 14742.741: Total time for which application threads were stopped: 0.0037928 seconds, Stopping threads took: 0.0001799 seconds
2016-11-15T09:35:45.551+0100: 14742.744: Total time for which application threads were stopped: 0.0024621 seconds, Stopping threads took: 0.0000417 seconds
2016-11-15T09:35:45.554+0100: 14742.746: Total time for which application threads were stopped: 0.0022013 seconds, Stopping threads took: 0.0000417 seconds
2016-11-15T09:35:45.567+0100: 14742.760: Total time for which application threads were stopped: 0.0008242 seconds, Stopping threads took: 0.0000571 seconds
2016-11-15T09:35:45.568+0100: 14742.761: Total time for which application threads were stopped: 0.0005369 seconds, Stopping threads took: 0.0000312 seconds
2016-11-15T09:35:45.614+0100: 14742.807: Total time for which application threads were stopped: 0.0007062 seconds, Stopping threads took: 0.0000514 seconds
2016-11-15T09:35:45.615+0100: 14742.807: Total time for which application threads were stopped: 0.0005489 seconds, Stopping threads took: 0.0000284 seconds
2016-11-15T09:35:45.615+0100: 14742.808: Total time for which application threads were stopped: 0.0005836 seconds, Stopping threads took: 0.0000346 seconds
2016-11-15T09:35:45.623+0100: 14742.816: Total time for which application threads were stopped: 0.0006150 seconds, Stopping threads took: 0.0000531 seconds
2016-11-15T09:35:45.735+0100: 14742.928: Total time for which application threads were stopped: 0.0011669 seconds, Stopping threads took: 0.0001174 seconds
2016-11-15T09:35:45.744+0100: 14742.936: Total time for which application threads were stopped: 0.0006151 seconds, Stopping threads took: 0.0000496 seconds
2016-11-15T09:35:58.822+0100: 14756.015: Total time for which application threads were stopped: 0.0016009 seconds, Stopping threads took: 0.0001938 seconds
2016-11-15T09:35:58.823+0100: 14756.016: Total time for which application threads were stopped: 0.0005973 seconds, Stopping threads took: 0.0000346 seconds
2016-11-15T09:35:58.824+0100: 14756.016: Total time for which application threads were stopped: 0.0005687 seconds, Stopping threads took: 0.0000311 seconds
2016-11-15T09:35:58.872+0100: 14756.064: Total time for which application threads were stopped: 0.0006737 seconds, Stopping threads took: 0.0000603 seconds
2016-11-15T09:35:59.265+0100: 14756.458: [GC pause (G1 Evacuation Pause) (young)
Desired survivor size 79167488 bytes, new threshold 15 (max 15)
- age   1:    1275848 bytes,    1275848 total
- age   2:    5699120 bytes,    6974968 total
- age   3:    1970592 bytes,    8945560 total
- age   4:    1525520 bytes,   10471080 total
- age   5:    1803768 bytes,   12274848 total
- age   6:     772936 bytes,   13047784 total
- age   7:    1060096 bytes,   14107880 total
- age   8:    1442456 bytes,   15550336 total
- age   9:    1564816 bytes,   17115152 total
- age  10:    1223816 bytes,   18338968 total
- age  11:    1252800 bytes,   19591768 total
- age  12:    1094504 bytes,   20686272 total
- age  13:    2680928 bytes,   23367200 total
- age  14:    3631296 bytes,   26998496 total
- age  15:    1984016 bytes,   28982512 total
2016-11-15T09:35:59.288+0100: 14756.481: [SoftReference, 205 refs, 0.0050170 secs]2016-11-15T09:35:59.293+0100: 14756.486: [WeakReference, 100 refs, 0.0030977 secs]2016-11-15T09:35:59.296+0100: 14756.489: [FinalReference, 716 refs, 0.0030805 secs]2016-11-15T09:35:59.299+0100: 14756.492: [PhantomReference, 0 refs, 5 refs, 0.0059877 secs]2016-11-15T09:35:59.305+0100: 14756.498: [JNI Weak Reference, 0.0000393 secs], 0.0572038 secs]
   [Parallel Time: 19.2 ms, GC Workers: 43]
      [GC Worker Start (ms): Min: 14756458.6, Avg: 14756459.1, Max: 14756459.6, Diff: 1.0]
      [Ext Root Scanning (ms): Min: 1.6, Avg: 2.3, Max: 8.0, Diff: 6.4, Sum: 99.5]
      [Update RS (ms): Min: 0.0, Avg: 2.1, Max: 3.4, Diff: 3.4, Sum: 92.2]
         [Processed Buffers: Min: 0, Avg: 4.4, Max: 14, Diff: 14, Sum: 189]
      [Scan RS (ms): Min: 0.1, Avg: 0.7, Max: 1.0, Diff: 0.9, Sum: 28.8]
      [Code Root Scanning (ms): Min: 0.0, Avg: 0.3, Max: 0.6, Diff: 0.6, Sum: 11.3]
      [Object Copy (ms): Min: 10.1, Avg: 12.2, Max: 13.0, Diff: 2.8, Sum: 526.7]
      [Termination (ms): Min: 0.0, Avg: 0.1, Max: 0.1, Diff: 0.1, Sum: 2.8]
         [Termination Attempts: Min: 1, Avg: 14.2, Max: 28, Diff: 27, Sum: 612]
      [GC Worker Other (ms): Min: 0.0, Avg: 0.4, Max: 0.8, Diff: 0.8, Sum: 17.2]
      [GC Worker Total (ms): Min: 17.5, Avg: 18.1, Max: 18.7, Diff: 1.2, Sum: 778.6]
      [GC Worker End (ms): Min: 14756476.8, Avg: 14756477.2, Max: 14756477.7, Diff: 0.8]
   [Code Root Fixup: 1.0 ms]
   [Code Root Purge: 0.1 ms]
   [String Dedup Fixup: 2.4 ms, GC Workers: 43]
      [Queue Fixup (ms): Min: 0.0, Avg: 0.0, Max: 0.2, Diff: 0.2, Sum: 1.2]
      [Table Fixup (ms): Min: 0.9, Avg: 1.3, Max: 1.6, Diff: 0.7, Sum: 57.9]
   [Clear CT: 6.1 ms]
   [Other: 28.4 ms]
      [Choose CSet: 0.0 ms]
      [Ref Proc: 19.2 ms]
      [Ref Enq: 1.4 ms]
      [Redirty Cards: 1.3 ms]
      [Humongous Register: 0.2 ms]
      [Humongous Reclaim: 0.1 ms]
      [Free CSet: 5.4 ms]
   [Eden: 1144.0M(1144.0M)->0.0B(1130.0M) Survivors: 59.0M->64.0M Heap: 1754.3M(2048.0M)->616.5M(2048.0M)]
 [Times: user=1.15 sys=0.02, real=0.06 secs] 
2016-11-15T09:35:59.323+0100: 14756.516: Total time for which application threads were stopped: 0.0590476 seconds, Stopping threads took: 0.0001580 seconds
2016-11-15T09:35:59.325+0100: 14756.517: Total time for which application threads were stopped: 0.0015676 seconds, Stopping threads took: 0.0001587 seconds
2016-11-15T09:35:59.326+0100: 14756.519: Total time for which application threads were stopped: 0.0009302 seconds, Stopping threads took: 0.0002664 seconds
2016-11-15T09:35:59.343+0100: 14756.536: [GC concurrent-string-deduplication, 1958.1K->347.5K(1610.5K), avg 62.7%, 0.0176125 secs]
2016-11-15T09:35:59.748+0100: 14756.941: Total time for which application threads were stopped: 0.0014414 seconds, Stopping threads took: 0.0001506 seconds
2016-11-15T09:35:59.749+0100: 14756.941: Total time for which application threads were stopped: 0.0005691 seconds, Stopping threads took: 0.0000306 seconds
2016-11-15T09:35:59.749+0100: 14756.942: Total time for which application threads were stopped: 0.0005769 seconds, Stopping threads took: 0.0000291 seconds
2016-11-15T09:35:59.750+0100: 14756.942: Total time for which application threads were stopped: 0.0006038 seconds, Stopping threads took: 0.0000294 seconds
2016-11-15T09:35:59.751+0100: 14756.943: Total time for which application threads were stopped: 0.0005822 seconds, Stopping threads took: 0.0000298 seconds
2016-11-15T09:35:59.751+0100: 14756.944: Total time for which application threads were stopped: 0.0005795 seconds, Stopping threads took: 0.0000287 seconds
2016-11-15T09:35:59.753+0100: 14756.945: Total time for which application threads were stopped: 0.0006104 seconds, Stopping threads took: 0.0000495 seconds
2016-11-15T09:36:23.623+0100: 14780.816: Total time for which application threads were stopped: 0.0015215 seconds, Stopping threads took: 0.0001784 seconds
2016-11-15T09:36:23.624+0100: 14780.817: Total time for which application threads were stopped: 0.0005708 seconds, Stopping threads took: 0.0000326 seconds
2016-11-15T09:36:23.625+0100: 14780.817: Total time for which application threads were stopped: 0.0005686 seconds, Stopping threads took: 0.0000316 seconds
2016-11-15T09:36:23.727+0100: 14780.920: Total time for which application threads were stopped: 0.0007100 seconds, Stopping threads took: 0.0000792 seconds
2016-11-15T09:36:27.496+0100: 14784.688: Total time for which application threads were stopped: 0.0014994 seconds, Stopping threads took: 0.0002112 seconds
2016-11-15T09:36:27.497+0100: 14784.689: Total time for which application threads were stopped: 0.0006009 seconds, Stopping threads took: 0.0000448 seconds
2016-11-15T09:36:27.497+0100: 14784.690: Total time for which application threads were stopped: 0.0005758 seconds, Stopping threads took: 0.0000448 seconds
2016-11-15T09:36:27.544+0100: 14784.737: Total time for which application threads were stopped: 0.0007780 seconds, Stopping threads took: 0.0001103 seconds
2016-11-15T09:36:55.548+0100: 14812.740: Total time for which application threads were stopped: 0.0014027 seconds, Stopping threads took: 0.0001873 seconds
2016-11-15T09:37:00.550+0100: 14817.742: Total time for which application threads were stopped: 0.0014785 seconds, Stopping threads took: 0.0001816 seconds
2016-11-15T09:37:13.126+0100: 14830.319: Total time for which application threads were stopped: 0.0014161 seconds, Stopping threads took: 0.0001775 seconds
2016-11-15T09:37:13.127+0100: 14830.320: Total time for which application threads were stopped: 0.0005351 seconds, Stopping threads took: 0.0000317 seconds
2016-11-15T09:37:13.128+0100: 14830.320: Total time for which application threads were stopped: 0.0005715 seconds, Stopping threads took: 0.0000410 seconds
2016-11-15T09:37:13.317+0100: 14830.510: Total time for which application threads were stopped: 0.0007587 seconds, Stopping threads took: 0.0000672 seconds
2016-11-15T09:37:16.319+0100: 14833.512: Total time for which application threads were stopped: 0.0015260 seconds, Stopping threads took: 0.0001912 seconds
2016-11-15T09:37:23.500+0100: 14840.692: Total time for which application threads were stopped: 0.0014558 seconds, Stopping threads took: 0.0001846 seconds
2016-11-15T09:37:23.501+0100: 14840.693: Total time for which application threads were stopped: 0.0005532 seconds, Stopping threads took: 0.0000376 seconds
2016-11-15T09:37:23.501+0100: 14840.694: Total time for which application threads were stopped: 0.0005379 seconds, Stopping threads took: 0.0000301 seconds
2016-11-15T09:37:23.655+0100: 14840.848: Total time for which application threads were stopped: 0.0009359 seconds, Stopping threads took: 0.0000929 seconds
2016-11-15T09:37:30.977+0100: 14848.170: Total time for which application threads were stopped: 0.0014137 seconds, Stopping threads took: 0.0001602 seconds
2016-11-15T09:37:36.798+0100: 14853.990: Total time for which application threads were stopped: 0.0013874 seconds, Stopping threads took: 0.0001814 seconds
2016-11-15T09:37:46.799+0100: 14863.992: Total time for which application threads were stopped: 0.0014148 seconds, Stopping threads took: 0.0001788 seconds
2016-11-15T09:37:46.800+0100: 14863.993: Total time for which application threads were stopped: 0.0005310 seconds, Stopping threads took: 0.0000354 seconds
2016-11-15T09:37:52.096+0100: 14869.288: Total time for which application threads were stopped: 0.0013992 seconds, Stopping threads took: 0.0001712 seconds
2016-11-15T09:37:52.097+0100: 14869.289: Total time for which application threads were stopped: 0.0005518 seconds, Stopping threads took: 0.0000317 seconds
2016-11-15T09:37:52.097+0100: 14869.290: Total time for which application threads were stopped: 0.0005377 seconds, Stopping threads took: 0.0000312 seconds
2016-11-15T09:37:52.266+0100: 14869.458: Total time for which application threads were stopped: 0.0007232 seconds, Stopping threads took: 0.0000728 seconds
2016-11-15T09:38:00.268+0100: 14877.460: Total time for which application threads were stopped: 0.0014071 seconds, Stopping threads took: 0.0001791 seconds
2016-11-15T09:38:14.270+0100: 14891.463: Total time for which application threads were stopped: 0.0014986 seconds, Stopping threads took: 0.0001874 seconds
2016-11-15T09:38:34.273+0100: 14911.466: Total time for which application threads were stopped: 0.0013876 seconds, Stopping threads took: 0.0001896 seconds
2016-11-15T09:38:34.511+0100: 14911.704: Total time for which application threads were stopped: 0.0008752 seconds, Stopping threads took: 0.0000881 seconds
2016-11-15T09:38:34.512+0100: 14911.704: Total time for which application threads were stopped: 0.0005412 seconds, Stopping threads took: 0.0000308 seconds
2016-11-15T09:38:34.513+0100: 14911.705: Total time for which application threads were stopped: 0.0005902 seconds, Stopping threads took: 0.0000368 seconds
2016-11-15T09:38:34.671+0100: 14911.863: Total time for which application threads were stopped: 0.0030969 seconds, Stopping threads took: 0.0000718 seconds
2016-11-15T09:39:05.675+0100: 14942.867: Total time for which application threads were stopped: 0.0014140 seconds, Stopping threads took: 0.0001858 seconds
2016-11-15T09:39:15.677+0100: 14952.869: Total time for which application threads were stopped: 0.0014723 seconds, Stopping threads took: 0.0001777 seconds
2016-11-15T09:39:16.678+0100: 14953.871: Total time for which application threads were stopped: 0.0014024 seconds, Stopping threads took: 0.0001706 seconds
2016-11-15T09:39:29.681+0100: 14966.873: Total time for which application threads were stopped: 0.0014795 seconds, Stopping threads took: 0.0001756 seconds
2016-11-15T09:40:20.461+0100: 15017.653: Total time for which application threads were stopped: 0.0015512 seconds, Stopping threads took: 0.0001755 seconds
2016-11-15T09:40:20.462+0100: 15017.654: Total time for which application threads were stopped: 0.0005965 seconds, Stopping threads took: 0.0000338 seconds
2016-11-15T09:40:20.462+0100: 15017.655: Total time for which application threads were stopped: 0.0005710 seconds, Stopping threads took: 0.0000314 seconds
2016-11-15T09:40:20.621+0100: 15017.814: Total time for which application threads were stopped: 0.0007118 seconds, Stopping threads took: 0.0000713 seconds
2016-11-15T09:41:41.629+0100: 15098.821: Total time for which application threads were stopped: 0.0014669 seconds, Stopping threads took: 0.0001752 seconds
2016-11-15T09:41:46.848+0100: 15104.041: Total time for which application threads were stopped: 0.0014350 seconds, Stopping threads took: 0.0001853 seconds
2016-11-15T09:41:46.849+0100: 15104.041: Total time for which application threads were stopped: 0.0005479 seconds, Stopping threads took: 0.0000349 seconds
2016-11-15T09:41:46.850+0100: 15104.042: Total time for which application threads were stopped: 0.0005439 seconds, Stopping threads took: 0.0000312 seconds
2016-11-15T09:41:47.024+0100: 15104.217: Total time for which application threads were stopped: 0.0007031 seconds, Stopping threads took: 0.0000611 seconds
2016-11-15T09:41:48.026+0100: 15105.218: Total time for which application threads were stopped: 0.0013274 seconds, Stopping threads took: 0.0001598 seconds
2016-11-15T09:41:56.028+0100: 15113.220: Total time for which application threads were stopped: 0.0015461 seconds, Stopping threads took: 0.0002329 seconds
2016-11-15T09:41:57.029+0100: 15114.222: Total time for which application threads were stopped: 0.0013853 seconds, Stopping threads took: 0.0001613 seconds
2016-11-15T09:41:57.811+0100: 15115.003: Total time for which application threads were stopped: 0.0012804 seconds, Stopping threads took: 0.0001472 seconds
2016-11-15T09:41:57.812+0100: 15115.004: Total time for which application threads were stopped: 0.0009753 seconds, Stopping threads took: 0.0004246 seconds
2016-11-15T09:41:57.813+0100: 15115.005: Total time for which application threads were stopped: 0.0005887 seconds, Stopping threads took: 0.0000403 seconds
2016-11-15T09:41:57.847+0100: 15115.040: Total time for which application threads were stopped: 0.0006608 seconds, Stopping threads took: 0.0000537 seconds
2016-11-15T09:41:57.848+0100: 15115.041: Total time for which application threads were stopped: 0.0005732 seconds, Stopping threads took: 0.0000311 seconds
2016-11-15T09:41:57.849+0100: 15115.041: Total time for which application threads were stopped: 0.0005758 seconds, Stopping threads took: 0.0000316 seconds
2016-11-15T09:41:57.887+0100: 15115.080: Total time for which application threads were stopped: 0.0006642 seconds, Stopping threads took: 0.0000715 seconds
2016-11-15T09:42:02.745+0100: 15119.938: [GC pause (G1 Evacuation Pause) (young)
Desired survivor size 78643200 bytes, new threshold 15 (max 15)
- age   1:     596920 bytes,     596920 total
- age   2:     938040 bytes,    1534960 total
- age   3:    5691640 bytes,    7226600 total
- age   4:    1818680 bytes,    9045280 total
- age   5:    1525280 bytes,   10570560 total
- age   6:    1803768 bytes,   12374328 total
- age   7:     743280 bytes,   13117608 total
- age   8:    1060096 bytes,   14177704 total
- age   9:    1442456 bytes,   15620160 total
- age  10:    1564816 bytes,   17184976 total
- age  11:    1223360 bytes,   18408336 total
- age  12:    1251488 bytes,   19659824 total
- age  13:    1094424 bytes,   20754248 total
- age  14:    2680928 bytes,   23435176 total
- age  15:    3631296 bytes,   27066472 total
2016-11-15T09:42:02.773+0100: 15119.966: [SoftReference, 165 refs, 0.0050992 secs]2016-11-15T09:42:02.779+0100: 15119.971: [WeakReference, 97 refs, 0.0032709 secs]2016-11-15T09:42:02.782+0100: 15119.974: [FinalReference, 645 refs, 0.0032982 secs]2016-11-15T09:42:02.785+0100: 15119.978: [PhantomReference, 0 refs, 3 refs, 0.0063484 secs]2016-11-15T09:42:02.791+0100: 15119.984: [JNI Weak Reference, 0.0000408 secs], 0.0636941 secs]
   [Parallel Time: 24.9 ms, GC Workers: 43]
      [GC Worker Start (ms): Min: 15119938.2, Avg: 15119938.8, Max: 15119939.3, Diff: 1.1]
      [Ext Root Scanning (ms): Min: 1.7, Avg: 2.4, Max: 8.2, Diff: 6.6, Sum: 103.6]
      [Update RS (ms): Min: 0.0, Avg: 3.4, Max: 7.0, Diff: 7.0, Sum: 147.4]
         [Processed Buffers: Min: 0, Avg: 5.1, Max: 14, Diff: 14, Sum: 221]
      [Scan RS (ms): Min: 0.1, Avg: 0.7, Max: 1.2, Diff: 1.1, Sum: 28.0]
      [Code Root Scanning (ms): Min: 0.0, Avg: 0.2, Max: 0.7, Diff: 0.7, Sum: 10.3]
      [Object Copy (ms): Min: 13.8, Avg: 16.3, Max: 16.9, Diff: 3.1, Sum: 701.4]
      [Termination (ms): Min: 0.1, Avg: 0.1, Max: 0.2, Diff: 0.2, Sum: 6.2]
         [Termination Attempts: Min: 1, Avg: 20.0, Max: 35, Diff: 34, Sum: 858]
      [GC Worker Other (ms): Min: 0.0, Avg: 0.4, Max: 0.9, Diff: 0.8, Sum: 18.5]
      [GC Worker Total (ms): Min: 22.8, Avg: 23.6, Max: 24.5, Diff: 1.7, Sum: 1015.4]
      [GC Worker End (ms): Min: 15119962.0, Avg: 15119962.4, Max: 15119962.9, Diff: 0.8]
   [Code Root Fixup: 1.0 ms]
   [Code Root Purge: 0.1 ms]
   [String Dedup Fixup: 2.4 ms, GC Workers: 43]
      [Queue Fixup (ms): Min: 0.0, Avg: 0.0, Max: 0.0, Diff: 0.0, Sum: 0.2]
      [Table Fixup (ms): Min: 0.9, Avg: 1.4, Max: 1.9, Diff: 1.0, Sum: 60.9]
   [Clear CT: 6.7 ms]
   [Other: 28.7 ms]
      [Choose CSet: 0.0 ms]
      [Ref Proc: 19.9 ms]
      [Ref Enq: 1.2 ms]
      [Redirty Cards: 1.3 ms]
      [Humongous Register: 0.2 ms]
      [Humongous Reclaim: 0.1 ms]
      [Free CSet: 5.1 ms]
   [Eden: 1130.0M(1130.0M)->0.0B(1151.0M) Survivors: 64.0M->49.0M Heap: 1751.5M(2048.0M)->608.0M(2048.0M)]
 [Times: user=1.37 sys=0.04, real=0.06 secs] 
2016-11-15T09:42:02.809+0100: 15120.002: Total time for which application threads were stopped: 0.0659029 seconds, Stopping threads took: 0.0001821 seconds
2016-11-15T09:42:02.811+0100: 15120.004: Total time for which application threads were stopped: 0.0015230 seconds, Stopping threads took: 0.0001631 seconds
2016-11-15T09:42:02.812+0100: 15120.004: Total time for which application threads were stopped: 0.0007720 seconds, Stopping threads took: 0.0001462 seconds
2016-11-15T09:42:02.812+0100: 15120.005: [GC concurrent-string-deduplication, 40.1K->10.4K(29.6K), avg 62.7%, 0.0006280 secs]
2016-11-15T09:42:06.814+0100: 15124.006: Total time for which application threads were stopped: 0.0013615 seconds, Stopping threads took: 0.0001710 seconds
2016-11-15T09:42:50.818+0100: 15168.011: Total time for which application threads were stopped: 0.0015668 seconds, Stopping threads took: 0.0001836 seconds
2016-11-15T09:44:00.825+0100: 15238.017: Total time for which application threads were stopped: 0.0014375 seconds, Stopping threads took: 0.0001779 seconds
2016-11-15T09:44:37.828+0100: 15275.021: Total time for which application threads were stopped: 0.0015235 seconds, Stopping threads took: 0.0001847 seconds
2016-11-15T09:44:43.830+0100: 15281.023: Total time for which application threads were stopped: 0.0014482 seconds, Stopping threads took: 0.0001771 seconds
2016-11-15T09:45:45.277+0100: 15342.470: Total time for which application threads were stopped: 0.0015231 seconds, Stopping threads took: 0.0001706 seconds
2016-11-15T09:45:45.279+0100: 15342.471: Total time for which application threads were stopped: 0.0006023 seconds, Stopping threads took: 0.0000420 seconds
2016-11-15T09:45:45.279+0100: 15342.472: Total time for which application threads were stopped: 0.0005348 seconds, Stopping threads took: 0.0000319 seconds
2016-11-15T09:45:45.309+0100: 15342.502: Total time for which application threads were stopped: 0.0009840 seconds, Stopping threads took: 0.0000955 seconds
2016-11-15T09:46:00.312+0100: 15357.504: Total time for which application threads were stopped: 0.0013721 seconds, Stopping threads took: 0.0001760 seconds
2016-11-15T09:46:20.315+0100: 15377.507: Total time for which application threads were stopped: 0.0014016 seconds, Stopping threads took: 0.0001760 seconds
2016-11-15T09:46:28.562+0100: 15385.754: Total time for which application threads were stopped: 0.0015634 seconds, Stopping threads took: 0.0001812 seconds
2016-11-15T09:46:28.563+0100: 15385.755: Total time for which application threads were stopped: 0.0005966 seconds, Stopping threads took: 0.0000336 seconds
2016-11-15T09:46:28.563+0100: 15385.756: Total time for which application threads were stopped: 0.0005816 seconds, Stopping threads took: 0.0000304 seconds
2016-11-15T09:46:28.727+0100: 15385.919: Total time for which application threads were stopped: 0.0007471 seconds, Stopping threads took: 0.0000729 seconds
2016-11-15T09:46:29.728+0100: 15386.921: Total time for which application threads were stopped: 0.0013748 seconds, Stopping threads took: 0.0001494 seconds
2016-11-15T09:46:31.730+0100: 15388.922: Total time for which application threads were stopped: 0.0014557 seconds, Stopping threads took: 0.0001618 seconds
2016-11-15T09:46:37.768+0100: 15394.961: Total time for which application threads were stopped: 0.0017859 seconds, Stopping threads took: 0.0003797 seconds
2016-11-15T09:46:38.579+0100: 15395.771: Total time for which application threads were stopped: 0.0015599 seconds, Stopping threads took: 0.0001742 seconds
2016-11-15T09:46:38.888+0100: 15396.081: Total time for which application threads were stopped: 0.0014188 seconds, Stopping threads took: 0.0001484 seconds
2016-11-15T09:46:38.889+0100: 15396.082: Total time for which application threads were stopped: 0.0006182 seconds, Stopping threads took: 0.0000353 seconds
2016-11-15T09:46:38.890+0100: 15396.083: Total time for which application threads were stopped: 0.0006157 seconds, Stopping threads took: 0.0000322 seconds
2016-11-15T09:46:38.932+0100: 15396.124: Total time for which application threads were stopped: 0.0007467 seconds, Stopping threads took: 0.0000642 seconds
2016-11-15T09:46:39.933+0100: 15397.126: Total time for which application threads were stopped: 0.0014834 seconds, Stopping threads took: 0.0001672 seconds
2016-11-15T09:46:41.935+0100: 15399.127: Total time for which application threads were stopped: 0.0016498 seconds, Stopping threads took: 0.0002523 seconds
2016-11-15T09:46:42.937+0100: 15400.129: Total time for which application threads were stopped: 0.0015026 seconds, Stopping threads took: 0.0001699 seconds
2016-11-15T09:46:43.938+0100: 15401.131: Total time for which application threads were stopped: 0.0015126 seconds, Stopping threads took: 0.0001576 seconds
2016-11-15T09:46:44.940+0100: 15402.132: Total time for which application threads were stopped: 0.0015136 seconds, Stopping threads took: 0.0001805 seconds
2016-11-15T09:46:46.941+0100: 15404.134: Total time for which application threads were stopped: 0.0014490 seconds, Stopping threads took: 0.0001497 seconds
2016-11-15T09:46:47.943+0100: 15405.135: Total time for which application threads were stopped: 0.0015015 seconds, Stopping threads took: 0.0001667 seconds
2016-11-15T09:46:49.945+0100: 15407.137: Total time for which application threads were stopped: 0.0015170 seconds, Stopping threads took: 0.0001689 seconds
2016-11-15T09:46:50.447+0100: 15407.639: [GC pause (G1 Evacuation Pause) (young)
Desired survivor size 78643200 bytes, new threshold 15 (max 15)
- age   1:    5800648 bytes,    5800648 total
- age   2:     329448 bytes,    6130096 total
- age   3:     930192 bytes,    7060288 total
- age   4:    4039584 bytes,   11099872 total
- age   5:    1814328 bytes,   12914200 total
- age   6:    1525280 bytes,   14439480 total
- age   7:    1791952 bytes,   16231432 total
- age   8:     743280 bytes,   16974712 total
- age   9:    1060096 bytes,   18034808 total
- age  10:    1442456 bytes,   19477264 total
- age  11:    1564816 bytes,   21042080 total
- age  12:    1223360 bytes,   22265440 total
- age  13:    1251488 bytes,   23516928 total
- age  14:    1094424 bytes,   24611352 total
- age  15:    2680928 bytes,   27292280 total
2016-11-15T09:46:50.485+0100: 15407.677: [SoftReference, 227 refs, 0.0052683 secs]2016-11-15T09:46:50.490+0100: 15407.683: [WeakReference, 15 refs, 0.0032080 secs]2016-11-15T09:46:50.493+0100: 15407.686: [FinalReference, 608 refs, 0.0033301 secs]2016-11-15T09:46:50.497+0100: 15407.689: [PhantomReference, 0 refs, 4 refs, 0.0062780 secs]2016-11-15T09:46:50.503+0100: 15407.695: [JNI Weak Reference, 0.0000611 secs], 0.0739152 secs]
   [Parallel Time: 34.6 ms, GC Workers: 43]
      [GC Worker Start (ms): Min: 15407639.8, Avg: 15407640.3, Max: 15407640.8, Diff: 1.0]
      [Ext Root Scanning (ms): Min: 1.7, Avg: 2.3, Max: 5.3, Diff: 3.7, Sum: 98.4]
      [Update RS (ms): Min: 3.8, Avg: 6.7, Max: 9.9, Diff: 6.1, Sum: 288.3]
         [Processed Buffers: Min: 2, Avg: 6.7, Max: 22, Diff: 20, Sum: 290]
      [Scan RS (ms): Min: 0.1, Avg: 0.7, Max: 1.1, Diff: 1.1, Sum: 29.7]
      [Code Root Scanning (ms): Min: 0.0, Avg: 0.2, Max: 0.7, Diff: 0.7, Sum: 7.6]
      [Object Copy (ms): Min: 20.6, Avg: 22.8, Max: 23.4, Diff: 2.7, Sum: 981.6]
      [Termination (ms): Min: 0.0, Avg: 0.1, Max: 0.3, Diff: 0.3, Sum: 4.8]
         [Termination Attempts: Min: 1, Avg: 18.4, Max: 55, Diff: 54, Sum: 790]
      [GC Worker Other (ms): Min: 0.0, Avg: 0.4, Max: 0.8, Diff: 0.8, Sum: 17.2]
      [GC Worker Total (ms): Min: 32.5, Avg: 33.2, Max: 33.7, Diff: 1.2, Sum: 1427.6]
      [GC Worker End (ms): Min: 15407673.2, Avg: 15407673.5, Max: 15407674.0, Diff: 0.8]
   [Code Root Fixup: 0.9 ms]
   [Code Root Purge: 0.1 ms]
   [String Dedup Fixup: 2.4 ms, GC Workers: 43]
      [Queue Fixup (ms): Min: 0.0, Avg: 0.0, Max: 0.0, Diff: 0.0, Sum: 0.2]
      [Table Fixup (ms): Min: 0.9, Avg: 1.4, Max: 1.8, Diff: 1.0, Sum: 61.0]
   [Clear CT: 6.9 ms]
   [Other: 29.0 ms]
      [Choose CSet: 0.0 ms]
      [Ref Proc: 20.1 ms]
      [Ref Enq: 1.3 ms]
      [Redirty Cards: 1.3 ms]
      [Humongous Register: 0.2 ms]
      [Humongous Reclaim: 0.2 ms]
      [Free CSet: 5.1 ms]
   [Eden: 1151.0M(1151.0M)->0.0B(1111.0M) Survivors: 49.0M->61.0M Heap: 1771.0M(2048.0M)->630.4M(2048.0M)]
 [Times: user=1.80 sys=0.04, real=0.07 secs] 
2016-11-15T09:46:50.521+0100: 15407.714: Total time for which application threads were stopped: 0.0760483 seconds, Stopping threads took: 0.0002062 seconds
2016-11-15T09:46:50.523+0100: 15407.715: Total time for which application threads were stopped: 0.0015496 seconds, Stopping threads took: 0.0001575 seconds
2016-11-15T09:46:50.523+0100: 15407.715: [GC concurrent-string-deduplication, 12.9K->2456.0B(10.5K), avg 62.7%, 0.0002502 secs]
2016-11-15T09:46:51.524+0100: 15408.717: Total time for which application threads were stopped: 0.0015178 seconds, Stopping threads took: 0.0001611 seconds
2016-11-15T09:46:52.526+0100: 15409.718: Total time for which application threads were stopped: 0.0013800 seconds, Stopping threads took: 0.0001484 seconds
2016-11-15T09:46:53.527+0100: 15410.720: Total time for which application threads were stopped: 0.0013257 seconds, Stopping threads took: 0.0001445 seconds
2016-11-15T09:46:55.529+0100: 15412.721: Total time for which application threads were stopped: 0.0014791 seconds, Stopping threads took: 0.0001579 seconds
2016-11-15T09:46:58.531+0100: 15415.723: Total time for which application threads were stopped: 0.0014781 seconds, Stopping threads took: 0.0001613 seconds
2016-11-15T09:46:59.532+0100: 15416.725: Total time for which application threads were stopped: 0.0014872 seconds, Stopping threads took: 0.0001778 seconds
2016-11-15T09:47:00.120+0100: 15417.312: Total time for which application threads were stopped: 0.0015889 seconds, Stopping threads took: 0.0001616 seconds
2016-11-15T09:47:01.121+0100: 15418.314: Total time for which application threads were stopped: 0.0017702 seconds, Stopping threads took: 0.0002440 seconds
2016-11-15T09:47:02.123+0100: 15419.316: Total time for which application threads were stopped: 0.0015313 seconds, Stopping threads took: 0.0001655 seconds
2016-11-15T09:47:04.125+0100: 15421.317: Total time for which application threads were stopped: 0.0014972 seconds, Stopping threads took: 0.0001694 seconds
2016-11-15T09:47:05.126+0100: 15422.319: Total time for which application threads were stopped: 0.0012980 seconds, Stopping threads took: 0.0001354 seconds
2016-11-15T09:47:05.508+0100: 15422.700: Total time for which application threads were stopped: 0.0009665 seconds, Stopping threads took: 0.0000928 seconds
2016-11-15T09:47:06.509+0100: 15423.702: Total time for which application threads were stopped: 0.0014516 seconds, Stopping threads took: 0.0001564 seconds
2016-11-15T09:47:20.510+0100: 15437.702: Total time for which application threads were stopped: 0.0016122 seconds, Stopping threads took: 0.0001774 seconds
2016-11-15T09:47:20.511+0100: 15437.703: Total time for which application threads were stopped: 0.0005953 seconds, Stopping threads took: 0.0000366 seconds
2016-11-15T09:47:30.770+0100: 15447.962: Total time for which application threads were stopped: 0.0016116 seconds, Stopping threads took: 0.0001867 seconds
2016-11-15T09:47:30.770+0100: 15447.963: Total time for which application threads were stopped: 0.0006330 seconds, Stopping threads took: 0.0000357 seconds
2016-11-15T09:47:30.771+0100: 15447.964: Total time for which application threads were stopped: 0.0006582 seconds, Stopping threads took: 0.0000455 seconds
2016-11-15T09:47:30.858+0100: 15448.051: Total time for which application threads were stopped: 0.0008004 seconds, Stopping threads took: 0.0000649 seconds
2016-11-15T09:47:34.860+0100: 15452.052: Total time for which application threads were stopped: 0.0015662 seconds, Stopping threads took: 0.0001749 seconds
2016-11-15T09:47:38.119+0100: 15455.311: Total time for which application threads were stopped: 0.0015892 seconds, Stopping threads took: 0.0001842 seconds
2016-11-15T09:47:38.120+0100: 15455.312: Total time for which application threads were stopped: 0.0006221 seconds, Stopping threads took: 0.0000403 seconds
2016-11-15T09:47:38.120+0100: 15455.313: Total time for which application threads were stopped: 0.0006109 seconds, Stopping threads took: 0.0000300 seconds
2016-11-15T09:47:38.156+0100: 15455.348: Total time for which application threads were stopped: 0.0007747 seconds, Stopping threads took: 0.0000688 seconds
2016-11-15T09:47:40.157+0100: 15457.350: Total time for which application threads were stopped: 0.0014838 seconds, Stopping threads took: 0.0001627 seconds
2016-11-15T09:47:44.743+0100: 15461.935: Total time for which application threads were stopped: 0.0015267 seconds, Stopping threads took: 0.0001847 seconds
2016-11-15T09:47:44.744+0100: 15461.936: Total time for which application threads were stopped: 0.0006189 seconds, Stopping threads took: 0.0000358 seconds
2016-11-15T09:47:44.745+0100: 15461.937: Total time for which application threads were stopped: 0.0006709 seconds, Stopping threads took: 0.0001104 seconds
2016-11-15T09:47:44.915+0100: 15462.107: Total time for which application threads were stopped: 0.0007187 seconds, Stopping threads took: 0.0000618 seconds
2016-11-15T09:47:53.565+0100: 15470.758: Total time for which application threads were stopped: 0.0015825 seconds, Stopping threads took: 0.0001957 seconds
2016-11-15T09:47:54.422+0100: 15471.614: Total time for which application threads were stopped: 0.0012930 seconds, Stopping threads took: 0.0001445 seconds
2016-11-15T09:47:54.423+0100: 15471.615: Total time for which application threads were stopped: 0.0005658 seconds, Stopping threads took: 0.0000343 seconds
2016-11-15T09:47:54.423+0100: 15471.616: Total time for which application threads were stopped: 0.0005650 seconds, Stopping threads took: 0.0000358 seconds
2016-11-15T09:47:54.471+0100: 15471.664: Total time for which application threads were stopped: 0.0006627 seconds, Stopping threads took: 0.0000628 seconds
2016-11-15T09:47:58.968+0100: 15476.161: Total time for which application threads were stopped: 0.0013711 seconds, Stopping threads took: 0.0001695 seconds
2016-11-15T09:48:08.970+0100: 15486.163: Total time for which application threads were stopped: 0.0014487 seconds, Stopping threads took: 0.0001800 seconds
2016-11-15T09:48:08.971+0100: 15486.164: Total time for which application threads were stopped: 0.0005489 seconds, Stopping threads took: 0.0000345 seconds
2016-11-15T09:48:11.973+0100: 15489.165: Total time for which application threads were stopped: 0.0013814 seconds, Stopping threads took: 0.0001716 seconds
2016-11-15T09:48:32.976+0100: 15510.168: Total time for which application threads were stopped: 0.0015247 seconds, Stopping threads took: 0.0001857 seconds
2016-11-15T09:48:43.978+0100: 15521.170: Total time for which application threads were stopped: 0.0014150 seconds, Stopping threads took: 0.0001798 seconds
2016-11-15T09:48:50.096+0100: 15527.289: Total time for which application threads were stopped: 0.0014338 seconds, Stopping threads took: 0.0001786 seconds
2016-11-15T09:48:50.097+0100: 15527.290: Total time for which application threads were stopped: 0.0005521 seconds, Stopping threads took: 0.0000347 seconds
2016-11-15T09:48:50.098+0100: 15527.290: Total time for which application threads were stopped: 0.0005628 seconds, Stopping threads took: 0.0000319 seconds
2016-11-15T09:48:50.249+0100: 15527.442: Total time for which application threads were stopped: 0.0007228 seconds, Stopping threads took: 0.0000648 seconds
2016-11-15T09:49:17.253+0100: 15554.445: Total time for which application threads were stopped: 0.0015474 seconds, Stopping threads took: 0.0001906 seconds
2016-11-15T09:49:17.956+0100: 15555.149: Total time for which application threads were stopped: 0.0015483 seconds, Stopping threads took: 0.0001876 seconds
2016-11-15T09:49:17.970+0100: 15555.162: Total time for which application threads were stopped: 0.0007948 seconds, Stopping threads took: 0.0001151 seconds
2016-11-15T09:49:18.798+0100: 15555.991: Total time for which application threads were stopped: 0.0066095 seconds, Stopping threads took: 0.0001618 seconds
2016-11-15T09:49:19.800+0100: 15556.992: Total time for which application threads were stopped: 0.0015507 seconds, Stopping threads took: 0.0001673 seconds
2016-11-15T09:49:23.757+0100: 15560.949: Total time for which application threads were stopped: 0.0015383 seconds, Stopping threads took: 0.0001749 seconds
2016-11-15T09:49:33.758+0100: 15570.951: Total time for which application threads were stopped: 0.0015426 seconds, Stopping threads took: 0.0001779 seconds
2016-11-15T09:49:33.759+0100: 15570.952: Total time for which application threads were stopped: 0.0005954 seconds, Stopping threads took: 0.0000338 seconds
2016-11-15T09:49:43.005+0100: 15580.198: Total time for which application threads were stopped: 0.0015375 seconds, Stopping threads took: 0.0001706 seconds
2016-11-15T09:49:43.006+0100: 15580.199: Total time for which application threads were stopped: 0.0006120 seconds, Stopping threads took: 0.0000368 seconds
2016-11-15T09:49:43.007+0100: 15580.199: Total time for which application threads were stopped: 0.0006042 seconds, Stopping threads took: 0.0000314 seconds
2016-11-15T09:49:43.193+0100: 15580.386: Total time for which application threads were stopped: 0.0008159 seconds, Stopping threads took: 0.0000680 seconds
2016-11-15T09:49:49.589+0100: 15586.782: Total time for which application threads were stopped: 0.0040442 seconds, Stopping threads took: 0.0002081 seconds
2016-11-15T09:49:49.593+0100: 15586.785: Total time for which application threads were stopped: 0.0029075 seconds, Stopping threads took: 0.0000547 seconds
2016-11-15T09:49:49.595+0100: 15586.788: Total time for which application threads were stopped: 0.0025170 seconds, Stopping threads took: 0.0000502 seconds
2016-11-15T09:49:49.600+0100: 15586.792: Total time for which application threads were stopped: 0.0010297 seconds, Stopping threads took: 0.0000828 seconds
2016-11-15T09:49:49.600+0100: 15586.793: Total time for which application threads were stopped: 0.0006231 seconds, Stopping threads took: 0.0000431 seconds
2016-11-15T09:49:49.601+0100: 15586.793: Total time for which application threads were stopped: 0.0006123 seconds, Stopping threads took: 0.0000454 seconds
2016-11-15T09:49:49.642+0100: 15586.835: Total time for which application threads were stopped: 0.0013164 seconds, Stopping threads took: 0.0001394 seconds
2016-11-15T09:49:53.411+0100: 15590.604: Total time for which application threads were stopped: 0.0016045 seconds, Stopping threads took: 0.0001727 seconds
2016-11-15T09:49:58.747+0100: 15595.939: Total time for which application threads were stopped: 0.0015408 seconds, Stopping threads took: 0.0001878 seconds
2016-11-15T09:50:05.749+0100: 15602.941: Total time for which application threads were stopped: 0.0014418 seconds, Stopping threads took: 0.0001854 seconds
2016-11-15T09:50:08.749+0100: 15605.941: Total time for which application threads were stopped: 0.0014619 seconds, Stopping threads took: 0.0001790 seconds
2016-11-15T09:50:08.750+0100: 15605.942: Total time for which application threads were stopped: 0.0005758 seconds, Stopping threads took: 0.0000369 seconds
2016-11-15T09:50:11.905+0100: 15609.097: Total time for which application threads were stopped: 0.0015746 seconds, Stopping threads took: 0.0001715 seconds
2016-11-15T09:50:11.906+0100: 15609.098: Total time for which application threads were stopped: 0.0006168 seconds, Stopping threads took: 0.0000333 seconds
2016-11-15T09:50:11.906+0100: 15609.099: Total time for which application threads were stopped: 0.0006018 seconds, Stopping threads took: 0.0000325 seconds
2016-11-15T09:50:12.942+0100: 15610.135: Total time for which application threads were stopped: 0.0014816 seconds, Stopping threads took: 0.0001686 seconds
2016-11-15T09:50:17.495+0100: 15614.688: Total time for which application threads were stopped: 0.0014747 seconds, Stopping threads took: 0.0001767 seconds
2016-11-15T09:50:17.496+0100: 15614.689: Total time for which application threads were stopped: 0.0005724 seconds, Stopping threads took: 0.0000376 seconds
2016-11-15T09:50:17.497+0100: 15614.689: Total time for which application threads were stopped: 0.0005674 seconds, Stopping threads took: 0.0000464 seconds
2016-11-15T09:50:17.877+0100: 15615.070: Total time for which application threads were stopped: 0.0008497 seconds, Stopping threads took: 0.0000825 seconds
2016-11-15T09:50:22.987+0100: 15620.179: [GC pause (G1 Evacuation Pause) (young)
Desired survivor size 77070336 bytes, new threshold 15 (max 15)
- age   1:   15176760 bytes,   15176760 total
- age   2:    5446544 bytes,   20623304 total
- age   3:     326216 bytes,   20949520 total
- age   4:     899480 bytes,   21849000 total
- age   5:    4039536 bytes,   25888536 total
- age   6:    1812680 bytes,   27701216 total
- age   7:    1456160 bytes,   29157376 total
- age   8:    1791920 bytes,   30949296 total
- age   9:     741736 bytes,   31691032 total
- age  10:    1060096 bytes,   32751128 total
- age  11:    1436632 bytes,   34187760 total
- age  12:    1564816 bytes,   35752576 total
- age  13:    1223360 bytes,   36975936 total
- age  14:    1251376 bytes,   38227312 total
- age  15:    1094424 bytes,   39321736 total
2016-11-15T09:50:23.030+0100: 15620.222: [SoftReference, 163 refs, 0.0053898 secs]2016-11-15T09:50:23.035+0100: 15620.228: [WeakReference, 36 refs, 0.0031692 secs]2016-11-15T09:50:23.038+0100: 15620.231: [FinalReference, 1082 refs, 0.0037114 secs]2016-11-15T09:50:23.042+0100: 15620.235: [PhantomReference, 1 refs, 4 refs, 0.0069385 secs]2016-11-15T09:50:23.049+0100: 15620.242: [JNI Weak Reference, 0.0000344 secs], 0.0801960 secs]
   [Parallel Time: 39.4 ms, GC Workers: 43]
      [GC Worker Start (ms): Min: 15620179.9, Avg: 15620180.5, Max: 15620181.0, Diff: 1.1]
      [Ext Root Scanning (ms): Min: 1.7, Avg: 2.4, Max: 6.0, Diff: 4.3, Sum: 104.1]
      [Update RS (ms): Min: 3.9, Avg: 7.2, Max: 12.4, Diff: 8.5, Sum: 310.1]
         [Processed Buffers: Min: 2, Avg: 6.7, Max: 21, Diff: 19, Sum: 290]
      [Scan RS (ms): Min: 0.1, Avg: 0.7, Max: 0.9, Diff: 0.8, Sum: 30.1]
      [Code Root Scanning (ms): Min: 0.0, Avg: 0.2, Max: 0.6, Diff: 0.6, Sum: 8.0]
      [Object Copy (ms): Min: 22.4, Avg: 26.6, Max: 27.2, Diff: 4.8, Sum: 1143.8]
      [Termination (ms): Min: 0.0, Avg: 0.1, Max: 0.2, Diff: 0.2, Sum: 5.4]
         [Termination Attempts: Min: 1, Avg: 29.0, Max: 54, Diff: 53, Sum: 1249]
      [GC Worker Other (ms): Min: 0.0, Avg: 0.4, Max: 0.9, Diff: 0.9, Sum: 17.6]
      [GC Worker Total (ms): Min: 36.8, Avg: 37.7, Max: 38.5, Diff: 1.6, Sum: 1619.2]
      [GC Worker End (ms): Min: 15620217.8, Avg: 15620218.2, Max: 15620218.7, Diff: 0.9]
   [Code Root Fixup: 0.9 ms]
   [Code Root Purge: 0.1 ms]
   [String Dedup Fixup: 2.6 ms, GC Workers: 43]
      [Queue Fixup (ms): Min: 0.0, Avg: 0.0, Max: 0.3, Diff: 0.3, Sum: 1.0]
      [Table Fixup (ms): Min: 1.0, Avg: 1.5, Max: 1.8, Diff: 0.9, Sum: 62.4]
   [Clear CT: 6.8 ms]
   [Other: 30.4 ms]
      [Choose CSet: 0.0 ms]
      [Ref Proc: 21.4 ms]
      [Ref Enq: 1.3 ms]
      [Redirty Cards: 1.4 ms]
      [Humongous Register: 0.2 ms]
      [Humongous Reclaim: 0.2 ms]
      [Free CSet: 5.0 ms]
   [Eden: 1111.0M(1111.0M)->0.0B(1056.0M) Survivors: 61.0M->81.0M Heap: 1753.4M(2048.0M)->659.1M(2048.0M)]
 [Times: user=2.00 sys=0.03, real=0.08 secs] 
2016-11-15T09:50:23.067+0100: 15620.260: Total time for which application threads were stopped: 0.0823938 seconds, Stopping threads took: 0.0001807 seconds
2016-11-15T09:50:23.069+0100: 15620.262: Total time for which application threads were stopped: 0.0015290 seconds, Stopping threads took: 0.0001532 seconds
2016-11-15T09:50:23.070+0100: 15620.263: Total time for which application threads were stopped: 0.0007584 seconds, Stopping threads took: 0.0000962 seconds
2016-11-15T09:50:23.074+0100: 15620.267: Total time for which application threads were stopped: 0.0031147 seconds, Stopping threads took: 0.0000609 seconds
2016-11-15T09:50:23.087+0100: 15620.280: [GC concurrent-string-deduplication, 1930.1K->4424.0B(1925.8K), avg 64.4%, 0.0140405 secs]
2016-11-15T09:50:25.338+0100: 15622.530: Total time for which application threads were stopped: 0.0016086 seconds, Stopping threads took: 0.0001775 seconds
2016-11-15T09:50:25.339+0100: 15622.531: Total time for which application threads were stopped: 0.0006599 seconds, Stopping threads took: 0.0000411 seconds
2016-11-15T09:50:25.340+0100: 15622.532: Total time for which application threads were stopped: 0.0006256 seconds, Stopping threads took: 0.0000418 seconds
2016-11-15T09:50:25.384+0100: 15622.576: Total time for which application threads were stopped: 0.0010878 seconds, Stopping threads took: 0.0001008 seconds
2016-11-15T09:50:36.087+0100: 15633.279: Total time for which application threads were stopped: 0.0016294 seconds, Stopping threads took: 0.0001787 seconds
2016-11-15T09:50:36.088+0100: 15633.280: Total time for which application threads were stopped: 0.0006039 seconds, Stopping threads took: 0.0000344 seconds
2016-11-15T09:50:36.088+0100: 15633.281: Total time for which application threads were stopped: 0.0005895 seconds, Stopping threads took: 0.0000314 seconds
2016-11-15T09:50:36.217+0100: 15633.409: Total time for which application threads were stopped: 0.0008158 seconds, Stopping threads took: 0.0000724 seconds
2016-11-15T09:50:49.543+0100: 15646.736: Total time for which application threads were stopped: 0.0015506 seconds, Stopping threads took: 0.0001886 seconds
2016-11-15T09:50:49.544+0100: 15646.737: Total time for which application threads were stopped: 0.0005853 seconds, Stopping threads took: 0.0000394 seconds
2016-11-15T09:50:49.545+0100: 15646.737: Total time for which application threads were stopped: 0.0005562 seconds, Stopping threads took: 0.0000300 seconds
2016-11-15T09:50:49.650+0100: 15646.843: Total time for which application threads were stopped: 0.0007432 seconds, Stopping threads took: 0.0000675 seconds
2016-11-15T09:50:59.652+0100: 15656.845: Total time for which application threads were stopped: 0.0014303 seconds, Stopping threads took: 0.0001715 seconds
2016-11-15T09:51:02.227+0100: 15659.420: Total time for which application threads were stopped: 0.0015977 seconds, Stopping threads took: 0.0002865 seconds
2016-11-15T09:51:07.539+0100: 15664.731: Total time for which application threads were stopped: 0.0014778 seconds, Stopping threads took: 0.0001827 seconds
2016-11-15T09:51:15.541+0100: 15672.733: Total time for which application threads were stopped: 0.0015185 seconds, Stopping threads took: 0.0001727 seconds
2016-11-15T09:51:32.541+0100: 15689.733: Total time for which application threads were stopped: 0.0015986 seconds, Stopping threads took: 0.0001774 seconds
2016-11-15T09:51:32.542+0100: 15689.734: Total time for which application threads were stopped: 0.0006120 seconds, Stopping threads took: 0.0000357 seconds
2016-11-15T09:51:45.544+0100: 15702.737: Total time for which application threads were stopped: 0.0015485 seconds, Stopping threads took: 0.0001725 seconds
2016-11-15T09:51:52.546+0100: 15709.739: Total time for which application threads were stopped: 0.0015456 seconds, Stopping threads took: 0.0001740 seconds
2016-11-15T09:51:56.548+0100: 15713.740: Total time for which application threads were stopped: 0.0014120 seconds, Stopping threads took: 0.0001750 seconds
2016-11-15T09:52:03.418+0100: 15720.610: Total time for which application threads were stopped: 0.0016816 seconds, Stopping threads took: 0.0001810 seconds
2016-11-15T09:52:04.420+0100: 15721.612: Total time for which application threads were stopped: 0.0018072 seconds, Stopping threads took: 0.0001907 seconds
2016-11-15T09:52:12.422+0100: 15729.614: Total time for which application threads were stopped: 0.0016242 seconds, Stopping threads took: 0.0001846 seconds
2016-11-15T09:52:18.124+0100: 15735.316: Total time for which application threads were stopped: 0.0015850 seconds, Stopping threads took: 0.0001762 seconds
2016-11-15T09:52:18.124+0100: 15735.317: Total time for which application threads were stopped: 0.0006129 seconds, Stopping threads took: 0.0000336 seconds
2016-11-15T09:52:18.125+0100: 15735.317: Total time for which application threads were stopped: 0.0005959 seconds, Stopping threads took: 0.0000303 seconds
2016-11-15T09:52:18.320+0100: 15735.512: Total time for which application threads were stopped: 0.0009556 seconds, Stopping threads took: 0.0000921 seconds
2016-11-15T09:52:21.708+0100: 15738.901: Total time for which application threads were stopped: 0.0015830 seconds, Stopping threads took: 0.0001688 seconds
2016-11-15T09:52:21.709+0100: 15738.901: Total time for which application threads were stopped: 0.0006039 seconds, Stopping threads took: 0.0000326 seconds
2016-11-15T09:52:21.710+0100: 15738.902: Total time for which application threads were stopped: 0.0006001 seconds, Stopping threads took: 0.0000307 seconds
2016-11-15T09:52:21.894+0100: 15739.086: Total time for which application threads were stopped: 0.0036614 seconds, Stopping threads took: 0.0001175 seconds
2016-11-15T09:52:23.896+0100: 15741.088: Total time for which application threads were stopped: 0.0016938 seconds, Stopping threads took: 0.0002285 seconds
2016-11-15T09:52:30.725+0100: 15747.917: Total time for which application threads were stopped: 0.0015959 seconds, Stopping threads took: 0.0001841 seconds
2016-11-15T09:52:30.726+0100: 15747.918: Total time for which application threads were stopped: 0.0006273 seconds, Stopping threads took: 0.0000364 seconds
2016-11-15T09:52:30.726+0100: 15747.919: Total time for which application threads were stopped: 0.0006755 seconds, Stopping threads took: 0.0000318 seconds
2016-11-15T09:52:30.771+0100: 15747.963: Total time for which application threads were stopped: 0.0007079 seconds, Stopping threads took: 0.0000577 seconds
2016-11-15T09:52:31.814+0100: 15749.007: Total time for which application threads were stopped: 0.0014710 seconds, Stopping threads took: 0.0001903 seconds
2016-11-15T09:52:32.063+0100: 15749.255: Total time for which application threads were stopped: 0.0014728 seconds, Stopping threads took: 0.0002117 seconds
2016-11-15T09:52:32.063+0100: 15749.256: Total time for which application threads were stopped: 0.0005880 seconds, Stopping threads took: 0.0000338 seconds
2016-11-15T09:52:32.064+0100: 15749.256: Total time for which application threads were stopped: 0.0006044 seconds, Stopping threads took: 0.0000331 seconds
2016-11-15T09:52:32.065+0100: 15749.257: Total time for which application threads were stopped: 0.0005972 seconds, Stopping threads took: 0.0000344 seconds
2016-11-15T09:52:32.066+0100: 15749.258: Total time for which application threads were stopped: 0.0006024 seconds, Stopping threads took: 0.0000338 seconds
2016-11-15T09:52:32.066+0100: 15749.259: Total time for which application threads were stopped: 0.0005990 seconds, Stopping threads took: 0.0000347 seconds
2016-11-15T09:52:32.067+0100: 15749.260: Total time for which application threads were stopped: 0.0005950 seconds, Stopping threads took: 0.0000318 seconds
2016-11-15T09:52:32.068+0100: 15749.260: Total time for which application threads were stopped: 0.0005927 seconds, Stopping threads took: 0.0000313 seconds
2016-11-15T09:52:32.068+0100: 15749.261: Total time for which application threads were stopped: 0.0005939 seconds, Stopping threads took: 0.0000317 seconds
2016-11-15T09:52:32.071+0100: 15749.264: Total time for which application threads were stopped: 0.0011303 seconds, Stopping threads took: 0.0005089 seconds
2016-11-15T09:52:36.073+0100: 15753.266: Total time for which application threads were stopped: 0.0016966 seconds, Stopping threads took: 0.0002278 seconds
2016-11-15T09:52:37.064+0100: 15754.257: Total time for which application threads were stopped: 0.0015728 seconds, Stopping threads took: 0.0001721 seconds
2016-11-15T09:52:47.066+0100: 15764.259: Total time for which application threads were stopped: 0.0016466 seconds, Stopping threads took: 0.0001705 seconds
2016-11-15T09:52:47.067+0100: 15764.260: Total time for which application threads were stopped: 0.0006072 seconds, Stopping threads took: 0.0000407 seconds
2016-11-15T09:52:48.589+0100: 15765.781: Total time for which application threads were stopped: 0.0015469 seconds, Stopping threads took: 0.0002281 seconds
2016-11-15T09:52:48.836+0100: 15766.028: Total time for which application threads were stopped: 0.0016014 seconds, Stopping threads took: 0.0002297 seconds
2016-11-15T09:52:49.837+0100: 15767.030: Total time for which application threads were stopped: 0.0015385 seconds, Stopping threads took: 0.0001718 seconds
2016-11-15T09:52:53.833+0100: 15771.025: Total time for which application threads were stopped: 0.0015665 seconds, Stopping threads took: 0.0001774 seconds
2016-11-15T09:53:08.835+0100: 15786.027: Total time for which application threads were stopped: 0.0015934 seconds, Stopping threads took: 0.0001733 seconds
2016-11-15T09:53:08.836+0100: 15786.028: Total time for which application threads were stopped: 0.0006036 seconds, Stopping threads took: 0.0000376 seconds
2016-11-15T09:53:22.838+0100: 15800.031: Total time for which application threads were stopped: 0.0015772 seconds, Stopping threads took: 0.0001744 seconds
2016-11-15T09:53:26.937+0100: 15804.130: Total time for which application threads were stopped: 0.0014756 seconds, Stopping threads took: 0.0001671 seconds
2016-11-15T09:53:31.678+0100: 15808.871: Total time for which application threads were stopped: 0.0014525 seconds, Stopping threads took: 0.0001697 seconds
2016-11-15T09:53:31.679+0100: 15808.872: Total time for which application threads were stopped: 0.0005731 seconds, Stopping threads took: 0.0000324 seconds
2016-11-15T09:53:31.680+0100: 15808.872: Total time for which application threads were stopped: 0.0005631 seconds, Stopping threads took: 0.0000294 seconds
2016-11-15T09:53:31.837+0100: 15809.029: Total time for which application threads were stopped: 0.0007179 seconds, Stopping threads took: 0.0000606 seconds
2016-11-15T09:53:32.391+0100: 15809.583: Total time for which application threads were stopped: 0.0014588 seconds, Stopping threads took: 0.0001717 seconds
2016-11-15T09:53:36.016+0100: 15813.208: Total time for which application threads were stopped: 0.0014685 seconds, Stopping threads took: 0.0001760 seconds
2016-11-15T09:53:36.017+0100: 15813.210: Total time for which application threads were stopped: 0.0006516 seconds, Stopping threads took: 0.0000836 seconds
2016-11-15T09:53:36.018+0100: 15813.210: Total time for which application threads were stopped: 0.0005583 seconds, Stopping threads took: 0.0000348 seconds
2016-11-15T09:53:36.146+0100: 15813.339: Total time for which application threads were stopped: 0.0013388 seconds, Stopping threads took: 0.0001516 seconds
2016-11-15T09:53:42.148+0100: 15819.341: Total time for which application threads were stopped: 0.0014492 seconds, Stopping threads took: 0.0001817 seconds
2016-11-15T09:53:47.858+0100: 15825.050: [GC pause (G1 Evacuation Pause) (young)
Desired survivor size 74973184 bytes, new threshold 15 (max 15)
- age   1:   15439872 bytes,   15439872 total
- age   2:   14650448 bytes,   30090320 total
- age   3:    5438888 bytes,   35529208 total
- age   4:     302392 bytes,   35831600 total
- age   5:     897904 bytes,   36729504 total
- age   6:    4039536 bytes,   40769040 total
- age   7:    1763664 bytes,   42532704 total
- age   8:    1455408 bytes,   43988112 total
- age   9:    1791920 bytes,   45780032 total
- age  10:     738504 bytes,   46518536 total
- age  11:    1060096 bytes,   47578632 total
- age  12:    1434064 bytes,   49012696 total
- age  13:    1564816 bytes,   50577512 total
- age  14:    1223360 bytes,   51800872 total
- age  15:    1251296 bytes,   53052168 total
2016-11-15T09:53:47.901+0100: 15825.094: [SoftReference, 187 refs, 0.0051338 secs]2016-11-15T09:53:47.906+0100: 15825.099: [WeakReference, 27 refs, 0.0036522 secs]2016-11-15T09:53:47.910+0100: 15825.103: [FinalReference, 712 refs, 0.0033056 secs]2016-11-15T09:53:47.913+0100: 15825.106: [PhantomReference, 3 refs, 5 refs, 0.0069110 secs]2016-11-15T09:53:47.920+0100: 15825.113: [JNI Weak Reference, 0.0000340 secs], 0.0803369 secs]
   [Parallel Time: 39.8 ms, GC Workers: 43]
      [GC Worker Start (ms): Min: 15825051.1, Avg: 15825051.6, Max: 15825052.1, Diff: 1.0]
      [Ext Root Scanning (ms): Min: 1.8, Avg: 2.6, Max: 8.0, Diff: 6.1, Sum: 111.3]
      [Update RS (ms): Min: 0.0, Avg: 4.6, Max: 8.3, Diff: 8.3, Sum: 198.8]
         [Processed Buffers: Min: 0, Avg: 5.2, Max: 16, Diff: 16, Sum: 222]
      [Scan RS (ms): Min: 0.1, Avg: 0.6, Max: 1.0, Diff: 1.0, Sum: 27.6]
      [Code Root Scanning (ms): Min: 0.0, Avg: 0.3, Max: 0.9, Diff: 0.9, Sum: 11.9]
      [Object Copy (ms): Min: 26.7, Avg: 29.5, Max: 30.0, Diff: 3.3, Sum: 1269.1]
      [Termination (ms): Min: 0.0, Avg: 0.0, Max: 0.1, Diff: 0.0, Sum: 1.2]
         [Termination Attempts: Min: 1, Avg: 4.3, Max: 14, Diff: 13, Sum: 186]
      [GC Worker Other (ms): Min: 0.0, Avg: 0.4, Max: 1.0, Diff: 0.9, Sum: 17.7]
      [GC Worker Total (ms): Min: 37.2, Avg: 38.1, Max: 38.9, Diff: 1.7, Sum: 1637.7]
      [GC Worker End (ms): Min: 15825089.3, Avg: 15825089.7, Max: 15825090.2, Diff: 0.9]
   [Code Root Fixup: 0.9 ms]
   [Code Root Purge: 0.1 ms]
   [String Dedup Fixup: 2.7 ms, GC Workers: 43]
      [Queue Fixup (ms): Min: 0.0, Avg: 0.1, Max: 0.9, Diff: 0.9, Sum: 3.5]
      [Table Fixup (ms): Min: 1.0, Avg: 1.5, Max: 1.8, Diff: 0.9, Sum: 63.9]
   [Clear CT: 6.5 ms]
   [Other: 30.2 ms]
      [Choose CSet: 0.0 ms]
      [Ref Proc: 21.1 ms]
      [Ref Enq: 1.6 ms]
      [Redirty Cards: 1.4 ms]
      [Humongous Register: 0.2 ms]
      [Humongous Reclaim: 0.1 ms]
      [Free CSet: 4.9 ms]
   [Eden: 1056.0M(1056.0M)->0.0B(1066.0M) Survivors: 81.0M->75.0M Heap: 1716.1M(2048.0M)->655.9M(2048.0M)]
 [Times: user=2.01 sys=0.04, real=0.08 secs] 
2016-11-15T09:53:47.939+0100: 15825.131: Total time for which application threads were stopped: 0.0824517 seconds, Stopping threads took: 0.0001723 seconds
2016-11-15T09:53:47.940+0100: 15825.133: Total time for which application threads were stopped: 0.0014489 seconds, Stopping threads took: 0.0001171 seconds
2016-11-15T09:53:47.941+0100: 15825.134: Total time for which application threads were stopped: 0.0007127 seconds, Stopping threads took: 0.0000940 seconds
2016-11-15T09:53:47.942+0100: 15825.135: Total time for which application threads were stopped: 0.0007346 seconds, Stopping threads took: 0.0001243 seconds
2016-11-15T09:53:47.943+0100: 15825.135: Total time for which application threads were stopped: 0.0006705 seconds, Stopping threads took: 0.0000820 seconds
2016-11-15T09:53:47.944+0100: 15825.136: Total time for which application threads were stopped: 0.0006804 seconds, Stopping threads took: 0.0000851 seconds
2016-11-15T09:53:47.980+0100: 15825.173: [GC concurrent-string-deduplication, 5618.8K->6112.0B(5612.8K), avg 68.6%, 0.0368393 secs]
2016-11-15T09:53:57.393+0100: 15834.586: Total time for which application threads were stopped: 0.0015865 seconds, Stopping threads took: 0.0001830 seconds
2016-11-15T09:53:57.394+0100: 15834.587: Total time for which application threads were stopped: 0.0006061 seconds, Stopping threads took: 0.0000334 seconds
2016-11-15T09:53:59.396+0100: 15836.588: Total time for which application threads were stopped: 0.0015890 seconds, Stopping threads took: 0.0001862 seconds
2016-11-15T09:54:04.398+0100: 15841.590: Total time for which application threads were stopped: 0.0014163 seconds, Stopping threads took: 0.0001788 seconds
2016-11-15T09:54:33.357+0100: 15870.550: Total time for which application threads were stopped: 0.0015716 seconds, Stopping threads took: 0.0001779 seconds
2016-11-15T09:54:33.358+0100: 15870.551: Total time for which application threads were stopped: 0.0005766 seconds, Stopping threads took: 0.0000327 seconds
2016-11-15T09:54:33.359+0100: 15870.551: Total time for which application threads were stopped: 0.0005635 seconds, Stopping threads took: 0.0000306 seconds
2016-11-15T09:54:33.574+0100: 15870.766: Total time for which application threads were stopped: 0.0007283 seconds, Stopping threads took: 0.0000735 seconds
2016-11-15T09:54:41.621+0100: 15878.813: Total time for which application threads were stopped: 0.0014665 seconds, Stopping threads took: 0.0001763 seconds
2016-11-15T09:54:41.622+0100: 15878.814: Total time for which application threads were stopped: 0.0005602 seconds, Stopping threads took: 0.0000331 seconds
2016-11-15T09:54:41.622+0100: 15878.815: Total time for which application threads were stopped: 0.0005685 seconds, Stopping threads took: 0.0000303 seconds
2016-11-15T09:54:41.798+0100: 15878.991: Total time for which application threads were stopped: 0.0008245 seconds, Stopping threads took: 0.0000720 seconds
2016-11-15T09:54:43.800+0100: 15880.992: Total time for which application threads were stopped: 0.0015449 seconds, Stopping threads took: 0.0001792 seconds
2016-11-15T09:54:44.801+0100: 15881.994: Total time for which application threads were stopped: 0.0013991 seconds, Stopping threads took: 0.0001621 seconds
2016-11-15T09:55:06.132+0100: 15903.325: Total time for which application threads were stopped: 0.0014880 seconds, Stopping threads took: 0.0001786 seconds
2016-11-15T09:55:06.133+0100: 15903.326: Total time for which application threads were stopped: 0.0005671 seconds, Stopping threads took: 0.0000334 seconds
2016-11-15T09:55:06.134+0100: 15903.326: Total time for which application threads were stopped: 0.0005707 seconds, Stopping threads took: 0.0000316 seconds
2016-11-15T09:55:06.743+0100: 15903.936: Total time for which application threads were stopped: 0.0014720 seconds, Stopping threads took: 0.0001667 seconds
2016-11-15T09:55:13.447+0100: 15910.640: Total time for which application threads were stopped: 0.0014728 seconds, Stopping threads took: 0.0001879 seconds
2016-11-15T09:55:13.448+0100: 15910.641: Total time for which application threads were stopped: 0.0005577 seconds, Stopping threads took: 0.0000322 seconds
2016-11-15T09:55:13.449+0100: 15910.641: Total time for which application threads were stopped: 0.0005647 seconds, Stopping threads took: 0.0000302 seconds
2016-11-15T09:55:13.533+0100: 15910.725: Total time for which application threads were stopped: 0.0006672 seconds, Stopping threads took: 0.0000546 seconds
2016-11-15T09:55:44.820+0100: 15942.012: Total time for which application threads were stopped: 0.0015117 seconds, Stopping threads took: 0.0001955 seconds
2016-11-15T09:55:44.821+0100: 15942.014: Total time for which application threads were stopped: 0.0006505 seconds, Stopping threads took: 0.0000500 seconds
2016-11-15T09:55:44.822+0100: 15942.014: Total time for which application threads were stopped: 0.0005585 seconds, Stopping threads took: 0.0000293 seconds
2016-11-15T09:55:44.940+0100: 15942.132: Total time for which application threads were stopped: 0.0007626 seconds, Stopping threads took: 0.0000668 seconds
2016-11-15T09:55:58.943+0100: 15956.135: Total time for which application threads were stopped: 0.0016268 seconds, Stopping threads took: 0.0001869 seconds
2016-11-15T09:56:13.948+0100: 15971.141: Total time for which application threads were stopped: 0.0014562 seconds, Stopping threads took: 0.0001740 seconds
2016-11-15T09:56:18.950+0100: 15976.143: Total time for which application threads were stopped: 0.0014475 seconds, Stopping threads took: 0.0001709 seconds
2016-11-15T09:56:21.952+0100: 15979.144: Total time for which application threads were stopped: 0.0014005 seconds, Stopping threads took: 0.0001721 seconds
2016-11-15T09:56:31.624+0100: 15988.816: Total time for which application threads were stopped: 0.0015799 seconds, Stopping threads took: 0.0001772 seconds
2016-11-15T09:56:32.626+0100: 15989.818: Total time for which application threads were stopped: 0.0016111 seconds, Stopping threads took: 0.0001873 seconds
2016-11-15T09:56:37.627+0100: 15994.820: Total time for which application threads were stopped: 0.0014290 seconds, Stopping threads took: 0.0001745 seconds
2016-11-15T09:56:55.254+0100: 16012.447: Total time for which application threads were stopped: 0.0016003 seconds, Stopping threads took: 0.0001842 seconds
2016-11-15T09:56:59.256+0100: 16016.449: Total time for which application threads were stopped: 0.0015419 seconds, Stopping threads took: 0.0001791 seconds
2016-11-15T09:57:02.981+0100: 16020.174: Total time for which application threads were stopped: 0.0015329 seconds, Stopping threads took: 0.0002098 seconds
2016-11-15T09:57:08.263+0100: 16025.455: Total time for which application threads were stopped: 0.0014589 seconds, Stopping threads took: 0.0001769 seconds
2016-11-15T09:57:18.265+0100: 16035.457: Total time for which application threads were stopped: 0.0015303 seconds, Stopping threads took: 0.0001837 seconds
2016-11-15T09:57:18.268+0100: 16035.461: Total time for which application threads were stopped: 0.0029883 seconds, Stopping threads took: 0.0000372 seconds
2016-11-15T09:57:34.828+0100: 16052.020: [GC pause (G1 Evacuation Pause) (young)
Desired survivor size 74973184 bytes, new threshold 15 (max 15)
- age   1:     937072 bytes,     937072 total
- age   2:   15128728 bytes,   16065800 total
- age   3:   14647904 bytes,   30713704 total
- age   4:    3462328 bytes,   34176032 total
- age   5:     301016 bytes,   34477048 total
- age   6:     896072 bytes,   35373120 total
- age   7:    3901216 bytes,   39274336 total
- age   8:    1763664 bytes,   41038000 total
- age   9:    1455016 bytes,   42493016 total
- age  10:    1791920 bytes,   44284936 total
- age  11:     733848 bytes,   45018784 total
- age  12:    1059800 bytes,   46078584 total
- age  13:    1433576 bytes,   47512160 total
- age  14:    1564816 bytes,   49076976 total
- age  15:    1223360 bytes,   50300336 total
2016-11-15T09:57:34.871+0100: 16052.064: [SoftReference, 77 refs, 0.0052454 secs]2016-11-15T09:57:34.877+0100: 16052.069: [WeakReference, 25 refs, 0.0027236 secs]2016-11-15T09:57:34.879+0100: 16052.072: [FinalReference, 587 refs, 0.0035816 secs]2016-11-15T09:57:34.883+0100: 16052.075: [PhantomReference, 0 refs, 4 refs, 0.0070170 secs]2016-11-15T09:57:34.890+0100: 16052.082: [JNI Weak Reference, 0.0000445 secs], 0.0789541 secs]
   [Parallel Time: 40.1 ms, GC Workers: 43]
      [GC Worker Start (ms): Min: 16052021.1, Avg: 16052021.6, Max: 16052022.1, Diff: 1.0]
      [Ext Root Scanning (ms): Min: 1.8, Avg: 2.5, Max: 6.0, Diff: 4.2, Sum: 106.4]
      [Update RS (ms): Min: 2.4, Avg: 5.2, Max: 6.3, Diff: 3.9, Sum: 222.8]
         [Processed Buffers: Min: 1, Avg: 5.5, Max: 16, Diff: 15, Sum: 238]
      [Scan RS (ms): Min: 0.1, Avg: 0.7, Max: 1.0, Diff: 0.9, Sum: 29.2]
      [Code Root Scanning (ms): Min: 0.0, Avg: 0.2, Max: 0.5, Diff: 0.5, Sum: 7.4]
      [Object Copy (ms): Min: 28.7, Avg: 29.1, Max: 29.6, Diff: 0.9, Sum: 1252.9]
      [Termination (ms): Min: 0.0, Avg: 0.2, Max: 0.4, Diff: 0.4, Sum: 8.7]
         [Termination Attempts: Min: 1, Avg: 20.3, Max: 36, Diff: 35, Sum: 871]
      [GC Worker Other (ms): Min: 0.1, Avg: 0.4, Max: 0.9, Diff: 0.8, Sum: 16.4]
      [GC Worker Total (ms): Min: 37.7, Avg: 38.2, Max: 39.1, Diff: 1.4, Sum: 1643.9]
      [GC Worker End (ms): Min: 16052059.5, Avg: 16052059.9, Max: 16052060.4, Diff: 0.8]
   [Code Root Fixup: 0.7 ms]
   [Code Root Purge: 0.1 ms]
   [String Dedup Fixup: 2.6 ms, GC Workers: 43]
      [Queue Fixup (ms): Min: 0.0, Avg: 0.1, Max: 0.4, Diff: 0.4, Sum: 3.2]
      [Table Fixup (ms): Min: 1.0, Avg: 1.4, Max: 1.7, Diff: 0.8, Sum: 61.4]
   [Clear CT: 6.2 ms]
   [Other: 29.2 ms]
      [Choose CSet: 0.0 ms]
      [Ref Proc: 20.6 ms]
      [Ref Enq: 1.3 ms]
      [Redirty Cards: 1.3 ms]
      [Humongous Register: 0.2 ms]
      [Humongous Reclaim: 0.1 ms]
      [Free CSet: 4.8 ms]
   [Eden: 1066.0M(1066.0M)->0.0B(1091.0M) Survivors: 75.0M->60.0M Heap: 1724.9M(2048.0M)->643.5M(2048.0M)]
 [Times: user=2.00 sys=0.03, real=0.08 secs] 
2016-11-15T09:57:34.907+0100: 16052.100: Total time for which application threads were stopped: 0.0812165 seconds, Stopping threads took: 0.0001843 seconds
2016-11-15T09:57:34.909+0100: 16052.102: Total time for which application threads were stopped: 0.0014553 seconds, Stopping threads took: 0.0001229 seconds
2016-11-15T09:57:34.910+0100: 16052.102: Total time for which application threads were stopped: 0.0006819 seconds, Stopping threads took: 0.0000871 seconds
2016-11-15T09:57:34.911+0100: 16052.103: Total time for which application threads were stopped: 0.0006516 seconds, Stopping threads took: 0.0000720 seconds
2016-11-15T09:57:34.948+0100: 16052.140: [GC concurrent-string-deduplication, 5629.5K->6392.0B(5623.3K), avg 71.9%, 0.0374641 secs]
2016-11-15T09:57:41.913+0100: 16059.105: Total time for which application threads were stopped: 0.0015514 seconds, Stopping threads took: 0.0001702 seconds
2016-11-15T09:57:58.198+0100: 16075.391: Total time for which application threads were stopped: 0.0015650 seconds, Stopping threads took: 0.0001797 seconds
2016-11-15T09:57:58.199+0100: 16075.391: Total time for which application threads were stopped: 0.0006037 seconds, Stopping threads took: 0.0000356 seconds
2016-11-15T09:57:58.200+0100: 16075.392: Total time for which application threads were stopped: 0.0005879 seconds, Stopping threads took: 0.0000313 seconds
2016-11-15T09:57:58.348+0100: 16075.540: Total time for which application threads were stopped: 0.0015325 seconds, Stopping threads took: 0.0001800 seconds
2016-11-15T09:58:02.349+0100: 16079.542: Total time for which application threads were stopped: 0.0016141 seconds, Stopping threads took: 0.0001834 seconds
2016-11-15T09:58:10.051+0100: 16087.244: Total time for which application threads were stopped: 0.0017003 seconds, Stopping threads took: 0.0002738 seconds
2016-11-15T09:58:10.052+0100: 16087.245: Total time for which application threads were stopped: 0.0006364 seconds, Stopping threads took: 0.0000357 seconds
2016-11-15T09:58:10.053+0100: 16087.245: Total time for which application threads were stopped: 0.0006250 seconds, Stopping threads took: 0.0000434 seconds
2016-11-15T09:58:10.092+0100: 16087.284: Total time for which application threads were stopped: 0.0010446 seconds, Stopping threads took: 0.0000992 seconds
2016-11-15T09:58:17.236+0100: 16094.428: Total time for which application threads were stopped: 0.0068357 seconds, Stopping threads took: 0.0001843 seconds
2016-11-15T09:58:36.380+0100: 16113.572: Total time for which application threads were stopped: 0.0015937 seconds, Stopping threads took: 0.0001754 seconds
2016-11-15T09:58:36.381+0100: 16113.573: Total time for which application threads were stopped: 0.0006112 seconds, Stopping threads took: 0.0000334 seconds
2016-11-15T09:58:36.381+0100: 16113.574: Total time for which application threads were stopped: 0.0005960 seconds, Stopping threads took: 0.0000304 seconds
2016-11-15T09:58:36.629+0100: 16113.821: Total time for which application threads were stopped: 0.0014687 seconds, Stopping threads took: 0.0001608 seconds
2016-11-15T09:58:39.157+0100: 16116.350: Total time for which application threads were stopped: 0.0016485 seconds, Stopping threads took: 0.0001768 seconds
2016-11-15T09:58:39.760+0100: 16116.952: Total time for which application threads were stopped: 0.0016415 seconds, Stopping threads took: 0.0001793 seconds
2016-11-15T09:58:39.761+0100: 16116.953: Total time for which application threads were stopped: 0.0007014 seconds, Stopping threads took: 0.0000528 seconds
2016-11-15T09:58:39.762+0100: 16116.954: Total time for which application threads were stopped: 0.0006008 seconds, Stopping threads took: 0.0000307 seconds
2016-11-15T09:58:39.929+0100: 16117.121: Total time for which application threads were stopped: 0.0007989 seconds, Stopping threads took: 0.0000733 seconds
2016-11-15T09:58:44.472+0100: 16121.664: Total time for which application threads were stopped: 0.0041854 seconds, Stopping threads took: 0.0001756 seconds
2016-11-15T09:58:54.476+0100: 16131.669: Total time for which application threads were stopped: 0.0042609 seconds, Stopping threads took: 0.0001846 seconds
2016-11-15T09:58:54.478+0100: 16131.670: Total time for which application threads were stopped: 0.0009711 seconds, Stopping threads took: 0.0000482 seconds
2016-11-15T09:59:14.481+0100: 16151.673: Total time for which application threads were stopped: 0.0016697 seconds, Stopping threads took: 0.0001887 seconds
2016-11-15T09:59:15.483+0100: 16152.675: Total time for which application threads were stopped: 0.0016029 seconds, Stopping threads took: 0.0001782 seconds
2016-11-15T09:59:15.983+0100: 16153.176: Total time for which application threads were stopped: 0.0041871 seconds, Stopping threads took: 0.0002153 seconds
2016-11-15T09:59:15.991+0100: 16153.183: Total time for which application threads were stopped: 0.0031846 seconds, Stopping threads took: 0.0000715 seconds
2016-11-15T09:59:19.371+0100: 16156.564: Total time for which application threads were stopped: 0.0017058 seconds, Stopping threads took: 0.0002502 seconds
2016-11-15T09:59:19.372+0100: 16156.564: Total time for which application threads were stopped: 0.0007639 seconds, Stopping threads took: 0.0001476 seconds
2016-11-15T09:59:19.373+0100: 16156.565: Total time for which application threads were stopped: 0.0007280 seconds, Stopping threads took: 0.0001169 seconds
2016-11-15T09:59:19.374+0100: 16156.566: Total time for which application threads were stopped: 0.0007445 seconds, Stopping threads took: 0.0001386 seconds
2016-11-15T09:59:19.375+0100: 16156.567: Total time for which application threads were stopped: 0.0008212 seconds, Stopping threads took: 0.0002034 seconds
2016-11-15T09:59:19.375+0100: 16156.568: Total time for which application threads were stopped: 0.0006852 seconds, Stopping threads took: 0.0000812 seconds
2016-11-15T09:59:19.376+0100: 16156.568: Total time for which application threads were stopped: 0.0006677 seconds, Stopping threads took: 0.0000718 seconds
2016-11-15T09:59:19.377+0100: 16156.569: Total time for which application threads were stopped: 0.0006725 seconds, Stopping threads took: 0.0000700 seconds
2016-11-15T09:59:19.378+0100: 16156.570: Total time for which application threads were stopped: 0.0006857 seconds, Stopping threads took: 0.0000864 seconds
2016-11-15T09:59:36.334+0100: 16173.526: Total time for which application threads were stopped: 0.0016127 seconds, Stopping threads took: 0.0001878 seconds
2016-11-15T09:59:49.336+0100: 16186.529: Total time for which application threads were stopped: 0.0017662 seconds, Stopping threads took: 0.0001793 seconds
2016-11-15T09:59:50.338+0100: 16187.531: Total time for which application threads were stopped: 0.0017235 seconds, Stopping threads took: 0.0001755 seconds
2016-11-15T10:00:04.500+0100: 16201.693: Total time for which application threads were stopped: 0.0017886 seconds, Stopping threads took: 0.0002045 seconds
2016-11-15T10:00:05.502+0100: 16202.694: Total time for which application threads were stopped: 0.0016466 seconds, Stopping threads took: 0.0001769 seconds
2016-11-15T10:00:07.504+0100: 16204.696: Total time for which application threads were stopped: 0.0015509 seconds, Stopping threads took: 0.0001782 seconds
2016-11-15T10:00:08.505+0100: 16205.698: Total time for which application threads were stopped: 0.0016398 seconds, Stopping threads took: 0.0001851 seconds
2016-11-15T10:00:10.507+0100: 16207.700: Total time for which application threads were stopped: 0.0016167 seconds, Stopping threads took: 0.0001754 seconds
2016-11-15T10:00:11.509+0100: 16208.701: Total time for which application threads were stopped: 0.0016175 seconds, Stopping threads took: 0.0001822 seconds
2016-11-15T10:00:16.511+0100: 16213.703: Total time for which application threads were stopped: 0.0016864 seconds, Stopping threads took: 0.0001816 seconds
2016-11-15T10:00:19.513+0100: 16216.706: Total time for which application threads were stopped: 0.0019487 seconds, Stopping threads took: 0.0001728 seconds
2016-11-15T10:00:20.515+0100: 16217.707: Total time for which application threads were stopped: 0.0017287 seconds, Stopping threads took: 0.0001845 seconds
2016-11-15T10:00:21.020+0100: 16218.212: Total time for which application threads were stopped: 0.0016336 seconds, Stopping threads took: 0.0001754 seconds
2016-11-15T10:00:22.022+0100: 16219.214: Total time for which application threads were stopped: 0.0016835 seconds, Stopping threads took: 0.0002079 seconds
2016-11-15T10:00:24.023+0100: 16221.216: Total time for which application threads were stopped: 0.0015717 seconds, Stopping threads took: 0.0001887 seconds
2016-11-15T10:00:24.189+0100: 16221.382: Total time for which application threads were stopped: 0.0012030 seconds, Stopping threads took: 0.0001145 seconds
2016-11-15T10:00:25.191+0100: 16222.383: Total time for which application threads were stopped: 0.0015251 seconds, Stopping threads took: 0.0001585 seconds
2016-11-15T10:00:26.193+0100: 16223.385: Total time for which application threads were stopped: 0.0015178 seconds, Stopping threads took: 0.0001561 seconds
2016-11-15T10:00:26.428+0100: 16223.620: Total time for which application threads were stopped: 0.0008835 seconds, Stopping threads took: 0.0000780 seconds
2016-11-15T10:00:27.429+0100: 16224.622: Total time for which application threads were stopped: 0.0015034 seconds, Stopping threads took: 0.0001666 seconds
2016-11-15T10:00:28.431+0100: 16225.623: Total time for which application threads were stopped: 0.0016012 seconds, Stopping threads took: 0.0001804 seconds
2016-11-15T10:00:29.432+0100: 16226.625: Total time for which application threads were stopped: 0.0014663 seconds, Stopping threads took: 0.0001625 seconds
2016-11-15T10:00:30.434+0100: 16227.626: Total time for which application threads were stopped: 0.0014902 seconds, Stopping threads took: 0.0001617 seconds
2016-11-15T10:00:32.436+0100: 16229.628: Total time for which application threads were stopped: 0.0015485 seconds, Stopping threads took: 0.0001779 seconds
2016-11-15T10:00:33.437+0100: 16230.630: Total time for which application threads were stopped: 0.0015860 seconds, Stopping threads took: 0.0001981 seconds
2016-11-15T10:00:35.439+0100: 16232.631: Total time for which application threads were stopped: 0.0015769 seconds, Stopping threads took: 0.0001738 seconds
2016-11-15T10:00:36.429+0100: 16233.622: Total time for which application threads were stopped: 0.0014352 seconds, Stopping threads took: 0.0001497 seconds
2016-11-15T10:00:36.430+0100: 16233.623: Total time for which application threads were stopped: 0.0006261 seconds, Stopping threads took: 0.0000371 seconds
2016-11-15T10:00:37.432+0100: 16234.624: Total time for which application threads were stopped: 0.0012641 seconds, Stopping threads took: 0.0001374 seconds
2016-11-15T10:00:38.740+0100: 16235.933: [GC pause (G1 Evacuation Pause) (young)
Desired survivor size 75497472 bytes, new threshold 15 (max 15)
- age   1:     789904 bytes,     789904 total
- age   2:     721224 bytes,    1511128 total
- age   3:   15127904 bytes,   16639032 total
- age   4:    8897160 bytes,   25536192 total
- age   5:    3460504 bytes,   28996696 total
- age   6:     301016 bytes,   29297712 total
- age   7:     857672 bytes,   30155384 total
- age   8:    3899568 bytes,   34054952 total
- age   9:    1763624 bytes,   35818576 total
- age  10:    1454624 bytes,   37273200 total
- age  11:    1791920 bytes,   39065120 total
- age  12:     733816 bytes,   39798936 total
- age  13:    1059800 bytes,   40858736 total
- age  14:    1433576 bytes,   42292312 total
- age  15:    1564816 bytes,   43857128 total
2016-11-15T10:00:38.778+0100: 16235.970: [SoftReference, 100 refs, 0.0054606 secs]2016-11-15T10:00:38.783+0100: 16235.976: [WeakReference, 33 refs, 0.0035974 secs]2016-11-15T10:00:38.787+0100: 16235.979: [FinalReference, 641 refs, 0.0040442 secs]2016-11-15T10:00:38.791+0100: 16235.983: [PhantomReference, 0 refs, 4 refs, 0.0063746 secs]2016-11-15T10:00:38.797+0100: 16235.990: [JNI Weak Reference, 0.0000352 secs], 0.0744337 secs]
   [Parallel Time: 34.1 ms, GC Workers: 43]
      [GC Worker Start (ms): Min: 16235933.5, Avg: 16235934.0, Max: 16235934.5, Diff: 1.0]
      [Ext Root Scanning (ms): Min: 1.8, Avg: 2.4, Max: 6.1, Diff: 4.3, Sum: 105.1]
      [Update RS (ms): Min: 2.4, Avg: 4.6, Max: 7.0, Diff: 4.6, Sum: 197.1]
         [Processed Buffers: Min: 1, Avg: 5.1, Max: 16, Diff: 15, Sum: 218]
      [Scan RS (ms): Min: 0.1, Avg: 0.7, Max: 1.3, Diff: 1.2, Sum: 29.3]
      [Code Root Scanning (ms): Min: 0.0, Avg: 0.2, Max: 0.8, Diff: 0.8, Sum: 8.9]
      [Object Copy (ms): Min: 23.1, Avg: 24.6, Max: 25.0, Diff: 1.9, Sum: 1055.8]
      [Termination (ms): Min: 0.0, Avg: 0.1, Max: 0.1, Diff: 0.1, Sum: 2.8]
         [Termination Attempts: Min: 1, Avg: 11.0, Max: 16, Diff: 15, Sum: 475]
      [GC Worker Other (ms): Min: 0.0, Avg: 0.4, Max: 0.9, Diff: 0.9, Sum: 17.8]
      [GC Worker Total (ms): Min: 32.2, Avg: 33.0, Max: 33.8, Diff: 1.6, Sum: 1416.9]
      [GC Worker End (ms): Min: 16235966.6, Avg: 16235967.0, Max: 16235967.5, Diff: 0.9]
   [Code Root Fixup: 0.7 ms]
   [Code Root Purge: 0.2 ms]
   [String Dedup Fixup: 2.6 ms, GC Workers: 43]
      [Queue Fixup (ms): Min: 0.0, Avg: 0.0, Max: 0.0, Diff: 0.0, Sum: 0.2]
      [Table Fixup (ms): Min: 1.0, Avg: 1.4, Max: 1.9, Diff: 0.9, Sum: 60.5]
   [Clear CT: 6.4 ms]
   [Other: 30.5 ms]
      [Choose CSet: 0.0 ms]
      [Ref Proc: 21.5 ms]
      [Ref Enq: 1.6 ms]
      [Redirty Cards: 1.4 ms]
      [Humongous Register: 0.2 ms]
      [Humongous Reclaim: 0.0 ms]
      [Free CSet: 4.9 ms]
   [Eden: 1091.0M(1091.0M)->0.0B(1087.0M) Survivors: 60.0M->61.0M Heap: 1734.5M(2048.0M)->647.0M(2048.0M)]
 [Times: user=1.77 sys=0.04, real=0.08 secs] 
2016-11-15T10:00:38.815+0100: 16236.008: Total time for which application threads were stopped: 0.0764300 seconds, Stopping threads took: 0.0001481 seconds
2016-11-15T10:00:38.817+0100: 16236.010: Total time for which application threads were stopped: 0.0014214 seconds, Stopping threads took: 0.0000741 seconds
2016-11-15T10:00:38.817+0100: 16236.010: [GC concurrent-string-deduplication, 27.7K->6256.0B(21.6K), avg 71.9%, 0.0004306 secs]
2016-11-15T10:00:40.819+0100: 16238.011: Total time for which application threads were stopped: 0.0014673 seconds, Stopping threads took: 0.0001617 seconds
2016-11-15T10:00:41.820+0100: 16239.013: Total time for which application threads were stopped: 0.0014401 seconds, Stopping threads took: 0.0001979 seconds
2016-11-15T10:00:42.822+0100: 16240.014: Total time for which application threads were stopped: 0.0014530 seconds, Stopping threads took: 0.0001610 seconds
2016-11-15T10:00:43.823+0100: 16241.016: Total time for which application threads were stopped: 0.0013858 seconds, Stopping threads took: 0.0001464 seconds
2016-11-15T10:00:46.825+0100: 16244.018: Total time for which application threads were stopped: 0.0016317 seconds, Stopping threads took: 0.0001946 seconds
2016-11-15T10:00:47.827+0100: 16245.019: Total time for which application threads were stopped: 0.0015376 seconds, Stopping threads took: 0.0001703 seconds
2016-11-15T10:00:49.829+0100: 16247.021: Total time for which application threads were stopped: 0.0015654 seconds, Stopping threads took: 0.0001770 seconds
2016-11-15T10:00:53.645+0100: 16250.838: Total time for which application threads were stopped: 0.0015790 seconds, Stopping threads took: 0.0001860 seconds
2016-11-15T10:00:54.647+0100: 16251.839: Total time for which application threads were stopped: 0.0014066 seconds, Stopping threads took: 0.0001390 seconds
2016-11-15T10:00:56.648+0100: 16253.841: Total time for which application threads were stopped: 0.0015692 seconds, Stopping threads took: 0.0001813 seconds
2016-11-15T10:00:57.511+0100: 16254.703: Total time for which application threads were stopped: 0.0014711 seconds, Stopping threads took: 0.0001818 seconds
2016-11-15T10:00:57.512+0100: 16254.704: Total time for which application threads were stopped: 0.0007554 seconds, Stopping threads took: 0.0001202 seconds
2016-11-15T10:00:58.514+0100: 16255.706: Total time for which application threads were stopped: 0.0016338 seconds, Stopping threads took: 0.0001866 seconds
2016-11-15T10:00:59.515+0100: 16256.708: Total time for which application threads were stopped: 0.0014748 seconds, Stopping threads took: 0.0001683 seconds
2016-11-15T10:01:02.517+0100: 16259.709: Total time for which application threads were stopped: 0.0015121 seconds, Stopping threads took: 0.0001766 seconds
2016-11-15T10:01:07.601+0100: 16264.793: Total time for which application threads were stopped: 0.0015812 seconds, Stopping threads took: 0.0001725 seconds
2016-11-15T10:01:07.602+0100: 16264.794: Total time for which application threads were stopped: 0.0006195 seconds, Stopping threads took: 0.0000344 seconds
2016-11-15T10:01:07.602+0100: 16264.795: Total time for which application threads were stopped: 0.0006124 seconds, Stopping threads took: 0.0000348 seconds
2016-11-15T10:01:07.725+0100: 16264.917: Total time for which application threads were stopped: 0.0007602 seconds, Stopping threads took: 0.0000622 seconds
2016-11-15T10:01:08.727+0100: 16265.919: Total time for which application threads were stopped: 0.0015402 seconds, Stopping threads took: 0.0001783 seconds
2016-11-15T10:01:09.728+0100: 16266.921: Total time for which application threads were stopped: 0.0015816 seconds, Stopping threads took: 0.0001759 seconds
2016-11-15T10:01:13.730+0100: 16270.922: Total time for which application threads were stopped: 0.0014657 seconds, Stopping threads took: 0.0001805 seconds
2016-11-15T10:01:17.384+0100: 16274.576: Total time for which application threads were stopped: 0.0039657 seconds, Stopping threads took: 0.0001858 seconds
2016-11-15T10:01:17.387+0100: 16274.580: Total time for which application threads were stopped: 0.0027334 seconds, Stopping threads took: 0.0000608 seconds
2016-11-15T10:01:17.390+0100: 16274.582: Total time for which application threads were stopped: 0.0023026 seconds, Stopping threads took: 0.0000435 seconds
2016-11-15T10:01:17.399+0100: 16274.591: Total time for which application threads were stopped: 0.0009965 seconds, Stopping threads took: 0.0000650 seconds
2016-11-15T10:01:17.399+0100: 16274.592: Total time for which application threads were stopped: 0.0005609 seconds, Stopping threads took: 0.0000351 seconds
2016-11-15T10:01:17.400+0100: 16274.592: Total time for which application threads were stopped: 0.0005782 seconds, Stopping threads took: 0.0000341 seconds
2016-11-15T10:01:17.457+0100: 16274.650: Total time for which application threads were stopped: 0.0011931 seconds, Stopping threads took: 0.0001300 seconds
2016-11-15T10:01:33.516+0100: 16290.708: Total time for which application threads were stopped: 0.0015903 seconds, Stopping threads took: 0.0001801 seconds
2016-11-15T10:01:33.517+0100: 16290.709: Total time for which application threads were stopped: 0.0006062 seconds, Stopping threads took: 0.0000392 seconds
2016-11-15T10:01:33.518+0100: 16290.710: Total time for which application threads were stopped: 0.0005918 seconds, Stopping threads took: 0.0000302 seconds
2016-11-15T10:01:33.639+0100: 16290.831: Total time for which application threads were stopped: 0.0015189 seconds, Stopping threads took: 0.0001808 seconds
2016-11-15T10:01:37.565+0100: 16294.757: Total time for which application threads were stopped: 0.0014614 seconds, Stopping threads took: 0.0001814 seconds
2016-11-15T10:01:37.566+0100: 16294.758: Total time for which application threads were stopped: 0.0006552 seconds, Stopping threads took: 0.0000498 seconds
2016-11-15T10:01:37.567+0100: 16294.759: Total time for which application threads were stopped: 0.0008559 seconds, Stopping threads took: 0.0001359 seconds
2016-11-15T10:01:37.636+0100: 16294.828: Total time for which application threads were stopped: 0.0007322 seconds, Stopping threads took: 0.0000607 seconds
2016-11-15T10:01:48.114+0100: 16305.307: Total time for which application threads were stopped: 0.0015458 seconds, Stopping threads took: 0.0001746 seconds
2016-11-15T10:01:49.116+0100: 16306.309: Total time for which application threads were stopped: 0.0015060 seconds, Stopping threads took: 0.0001782 seconds
2016-11-15T10:01:53.394+0100: 16310.587: Total time for which application threads were stopped: 0.0016163 seconds, Stopping threads took: 0.0001815 seconds
2016-11-15T10:02:03.397+0100: 16320.589: Total time for which application threads were stopped: 0.0018726 seconds, Stopping threads took: 0.0004360 seconds
2016-11-15T10:02:03.398+0100: 16320.591: Total time for which application threads were stopped: 0.0010893 seconds, Stopping threads took: 0.0001943 seconds
2016-11-15T10:02:19.590+0100: 16336.782: Total time for which application threads were stopped: 0.0019851 seconds, Stopping threads took: 0.0002590 seconds
2016-11-15T10:02:40.998+0100: 16358.191: Total time for which application threads were stopped: 0.0017914 seconds, Stopping threads took: 0.0001826 seconds
2016-11-15T10:02:41.000+0100: 16358.192: Total time for which application threads were stopped: 0.0009242 seconds, Stopping threads took: 0.0000536 seconds
2016-11-15T10:02:41.001+0100: 16358.193: Total time for which application threads were stopped: 0.0008194 seconds, Stopping threads took: 0.0000433 seconds
2016-11-15T10:02:41.043+0100: 16358.236: Total time for which application threads were stopped: 0.0017537 seconds, Stopping threads took: 0.0001817 seconds
2016-11-15T10:02:45.045+0100: 16362.238: Total time for which application threads were stopped: 0.0016804 seconds, Stopping threads took: 0.0001889 seconds
2016-11-15T10:02:46.047+0100: 16363.240: Total time for which application threads were stopped: 0.0017717 seconds, Stopping threads took: 0.0002039 seconds
2016-11-15T10:03:13.173+0100: 16390.365: Total time for which application threads were stopped: 0.0017037 seconds, Stopping threads took: 0.0001608 seconds
2016-11-15T10:03:13.287+0100: 16390.479: [GC pause (G1 Evacuation Pause) (young)
Desired survivor size 75497472 bytes, new threshold 15 (max 15)
- age   1:    2122392 bytes,    2122392 total
- age   2:     629216 bytes,    2751608 total
- age   3:     717784 bytes,    3469392 total
- age   4:    9360496 bytes,   12829888 total
- age   5:    8894536 bytes,   21724424 total
- age   6:    3460408 bytes,   25184832 total
- age   7:     295160 bytes,   25479992 total
- age   8:     857040 bytes,   26337032 total
- age   9:    3896904 bytes,   30233936 total
- age  10:    1762600 bytes,   31996536 total
- age  11:    1454488 bytes,   33451024 total
- age  12:    1791920 bytes,   35242944 total
- age  13:     731088 bytes,   35974032 total
- age  14:    1056264 bytes,   37030296 total
- age  15:    1433496 bytes,   38463792 total
2016-11-15T10:03:13.334+0100: 16390.527: [SoftReference, 106 refs, 0.0053985 secs]2016-11-15T10:03:13.340+0100: 16390.532: [WeakReference, 51 refs, 0.0031080 secs]2016-11-15T10:03:13.343+0100: 16390.535: [FinalReference, 229 refs, 0.0031808 secs]2016-11-15T10:03:13.346+0100: 16390.539: [PhantomReference, 0 refs, 4 refs, 0.0071996 secs]2016-11-15T10:03:13.353+0100: 16390.546: [JNI Weak Reference, 0.0000368 secs], 0.0853166 secs]
   [Parallel Time: 44.2 ms, GC Workers: 43]
      [GC Worker Start (ms): Min: 16390480.0, Avg: 16390480.5, Max: 16390481.1, Diff: 1.1]
      [Ext Root Scanning (ms): Min: 1.8, Avg: 5.2, Max: 11.1, Diff: 9.3, Sum: 225.0]
      [Update RS (ms): Min: 0.0, Avg: 4.7, Max: 8.0, Diff: 8.0, Sum: 202.3]
         [Processed Buffers: Min: 0, Avg: 5.3, Max: 20, Diff: 20, Sum: 230]
      [Scan RS (ms): Min: 0.1, Avg: 0.6, Max: 1.1, Diff: 1.0, Sum: 24.5]
      [Code Root Scanning (ms): Min: 0.0, Avg: 0.5, Max: 3.7, Diff: 3.7, Sum: 22.2]
      [Object Copy (ms): Min: 28.1, Avg: 31.0, Max: 32.0, Diff: 3.9, Sum: 1332.2]
      [Termination (ms): Min: 0.0, Avg: 0.1, Max: 0.2, Diff: 0.2, Sum: 4.6]
         [Termination Attempts: Min: 1, Avg: 19.5, Max: 37, Diff: 36, Sum: 839]
      [GC Worker Other (ms): Min: 0.1, Avg: 0.4, Max: 0.9, Diff: 0.9, Sum: 18.3]
      [GC Worker Total (ms): Min: 41.7, Avg: 42.5, Max: 43.3, Diff: 1.6, Sum: 1829.1]
      [GC Worker End (ms): Min: 16390522.7, Avg: 16390523.1, Max: 16390523.5, Diff: 0.9]
   [Code Root Fixup: 0.7 ms]
   [Code Root Purge: 0.1 ms]
   [String Dedup Fixup: 2.7 ms, GC Workers: 43]
      [Queue Fixup (ms): Min: 0.0, Avg: 0.0, Max: 0.0, Diff: 0.0, Sum: 0.1]
      [Table Fixup (ms): Min: 0.0, Avg: 1.2, Max: 2.1, Diff: 2.1, Sum: 52.8]
   [Clear CT: 7.6 ms]
   [Other: 29.9 ms]
      [Choose CSet: 0.0 ms]
      [Ref Proc: 20.9 ms]
      [Ref Enq: 1.3 ms]
      [Redirty Cards: 1.4 ms]
      [Humongous Register: 0.2 ms]
      [Humongous Reclaim: 0.1 ms]
      [Free CSet: 5.1 ms]
   [Eden: 1087.0M(1087.0M)->0.0B(1077.0M) Survivors: 61.0M->64.0M Heap: 1736.0M(2048.0M)->652.4M(2048.0M)]
 [Times: user=2.03 sys=0.01, real=0.08 secs] 
2016-11-15T10:03:13.373+0100: 16390.565: Total time for which application threads were stopped: 0.0875575 seconds, Stopping threads took: 0.0001798 seconds
2016-11-15T10:03:13.374+0100: 16390.567: Total time for which application threads were stopped: 0.0013748 seconds, Stopping threads took: 0.0000900 seconds
2016-11-15T10:03:13.375+0100: 16390.567: [GC concurrent-string-deduplication, 31.8K->3480.0B(28.4K), avg 71.9%, 0.0004282 secs]
2016-11-15T10:03:13.375+0100: 16390.568: Total time for which application threads were stopped: 0.0006556 seconds, Stopping threads took: 0.0000376 seconds
2016-11-15T10:03:18.465+0100: 16395.657: Total time for which application threads were stopped: 0.0015100 seconds, Stopping threads took: 0.0002171 seconds
2016-11-15T10:03:28.467+0100: 16405.659: Total time for which application threads were stopped: 0.0016370 seconds, Stopping threads took: 0.0001926 seconds
2016-11-15T10:03:28.468+0100: 16405.660: Total time for which application threads were stopped: 0.0007518 seconds, Stopping threads took: 0.0000565 seconds
2016-11-15T10:03:45.525+0100: 16422.717: Total time for which application threads were stopped: 0.0017492 seconds, Stopping threads took: 0.0002057 seconds
2016-11-15T10:03:45.526+0100: 16422.718: Total time for which application threads were stopped: 0.0008239 seconds, Stopping threads took: 0.0000449 seconds
2016-11-15T10:03:45.527+0100: 16422.719: Total time for which application threads were stopped: 0.0007580 seconds, Stopping threads took: 0.0000472 seconds
2016-11-15T10:03:45.815+0100: 16423.007: Total time for which application threads were stopped: 0.0017607 seconds, Stopping threads took: 0.0002129 seconds
2016-11-15T10:03:53.246+0100: 16430.438: Total time for which application threads were stopped: 0.0015769 seconds, Stopping threads took: 0.0001798 seconds
2016-11-15T10:03:53.247+0100: 16430.440: Total time for which application threads were stopped: 0.0007505 seconds, Stopping threads took: 0.0000519 seconds
2016-11-15T10:03:53.249+0100: 16430.441: Total time for which application threads were stopped: 0.0011223 seconds, Stopping threads took: 0.0004512 seconds
2016-11-15T10:03:53.301+0100: 16430.493: Total time for which application threads were stopped: 0.0017235 seconds, Stopping threads took: 0.0001910 seconds
2016-11-15T10:04:04.303+0100: 16441.496: Total time for which application threads were stopped: 0.0016562 seconds, Stopping threads took: 0.0002020 seconds
2016-11-15T10:04:31.892+0100: 16469.084: Total time for which application threads were stopped: 0.0017066 seconds, Stopping threads took: 0.0001871 seconds
2016-11-15T10:04:31.892+0100: 16469.085: Total time for which application threads were stopped: 0.0007543 seconds, Stopping threads took: 0.0000398 seconds
2016-11-15T10:04:36.313+0100: 16473.505: Total time for which application threads were stopped: 0.0014689 seconds, Stopping threads took: 0.0001578 seconds
2016-11-15T10:04:36.314+0100: 16473.506: Total time for which application threads were stopped: 0.0006996 seconds, Stopping threads took: 0.0000391 seconds
2016-11-15T10:04:36.314+0100: 16473.507: Total time for which application threads were stopped: 0.0006154 seconds, Stopping threads took: 0.0000321 seconds
2016-11-15T10:04:36.543+0100: 16473.735: Total time for which application threads were stopped: 0.0037371 seconds, Stopping threads took: 0.0001614 seconds
2016-11-15T10:04:42.610+0100: 16479.802: Total time for which application threads were stopped: 0.0016795 seconds, Stopping threads took: 0.0001810 seconds
2016-11-15T10:04:42.611+0100: 16479.803: Total time for which application threads were stopped: 0.0007635 seconds, Stopping threads took: 0.0000523 seconds
2016-11-15T10:04:42.612+0100: 16479.804: Total time for which application threads were stopped: 0.0006173 seconds, Stopping threads took: 0.0000373 seconds
2016-11-15T10:04:42.779+0100: 16479.972: Total time for which application threads were stopped: 0.0015393 seconds, Stopping threads took: 0.0001632 seconds
2016-11-15T10:04:50.110+0100: 16487.302: Total time for which application threads were stopped: 0.0015978 seconds, Stopping threads took: 0.0001728 seconds
2016-11-15T10:04:50.111+0100: 16487.303: Total time for which application threads were stopped: 0.0006882 seconds, Stopping threads took: 0.0000420 seconds
2016-11-15T10:04:50.111+0100: 16487.304: Total time for which application threads were stopped: 0.0006443 seconds, Stopping threads took: 0.0000366 seconds
2016-11-15T10:04:50.214+0100: 16487.407: Total time for which application threads were stopped: 0.0015833 seconds, Stopping threads took: 0.0001650 seconds
2016-11-15T10:04:53.915+0100: 16491.108: Total time for which application threads were stopped: 0.0015560 seconds, Stopping threads took: 0.0001698 seconds
2016-11-15T10:04:53.917+0100: 16491.109: Total time for which application threads were stopped: 0.0007602 seconds, Stopping threads took: 0.0000569 seconds
2016-11-15T10:04:53.918+0100: 16491.110: Total time for which application threads were stopped: 0.0006223 seconds, Stopping threads took: 0.0000357 seconds
2016-11-15T10:04:53.985+0100: 16491.177: Total time for which application threads were stopped: 0.0015056 seconds, Stopping threads took: 0.0001664 seconds
2016-11-15T10:05:05.987+0100: 16503.180: Total time for which application threads were stopped: 0.0014798 seconds, Stopping threads took: 0.0001630 seconds
2016-11-15T10:05:12.989+0100: 16510.182: Total time for which application threads were stopped: 0.0013053 seconds, Stopping threads took: 0.0001640 seconds
2016-11-15T10:05:16.991+0100: 16514.184: Total time for which application threads were stopped: 0.0015278 seconds, Stopping threads took: 0.0001713 seconds
2016-11-15T10:05:48.417+0100: 16545.609: Total time for which application threads were stopped: 0.0018403 seconds, Stopping threads took: 0.0001819 seconds
2016-11-15T10:05:48.456+0100: 16545.648: Total time for which application threads were stopped: 0.0016472 seconds, Stopping threads took: 0.0001674 seconds
2016-11-15T10:05:48.463+0100: 16545.655: Total time for which application threads were stopped: 0.0010103 seconds, Stopping threads took: 0.0000749 seconds
2016-11-15T10:05:48.464+0100: 16545.656: Total time for which application threads were stopped: 0.0006003 seconds, Stopping threads took: 0.0000333 seconds
2016-11-15T10:05:48.467+0100: 16545.659: Total time for which application threads were stopped: 0.0009754 seconds, Stopping threads took: 0.0001205 seconds
2016-11-15T10:05:48.467+0100: 16545.660: Total time for which application threads were stopped: 0.0006167 seconds, Stopping threads took: 0.0000381 seconds
2016-11-15T10:05:48.468+0100: 16545.661: Total time for which application threads were stopped: 0.0006894 seconds, Stopping threads took: 0.0000349 seconds
2016-11-15T10:05:48.469+0100: 16545.662: Total time for which application threads were stopped: 0.0006423 seconds, Stopping threads took: 0.0000518 seconds
2016-11-15T10:05:48.471+0100: 16545.664: Total time for which application threads were stopped: 0.0007215 seconds, Stopping threads took: 0.0000772 seconds
2016-11-15T10:05:49.473+0100: 16546.665: Total time for which application threads were stopped: 0.0016078 seconds, Stopping threads took: 0.0001706 seconds
2016-11-15T10:06:17.477+0100: 16574.669: Total time for which application threads were stopped: 0.0015283 seconds, Stopping threads took: 0.0001786 seconds
2016-11-15T10:06:26.562+0100: 16583.754: Total time for which application threads were stopped: 0.0016074 seconds, Stopping threads took: 0.0001861 seconds
2016-11-15T10:06:27.563+0100: 16584.756: Total time for which application threads were stopped: 0.0015197 seconds, Stopping threads took: 0.0001773 seconds
2016-11-15T10:06:47.725+0100: 16604.917: Total time for which application threads were stopped: 0.0017000 seconds, Stopping threads took: 0.0001752 seconds
2016-11-15T10:06:47.726+0100: 16604.918: Total time for which application threads were stopped: 0.0006442 seconds, Stopping threads took: 0.0000341 seconds
2016-11-15T10:06:47.726+0100: 16604.919: Total time for which application threads were stopped: 0.0006776 seconds, Stopping threads took: 0.0000963 seconds
2016-11-15T10:06:47.870+0100: 16605.062: Total time for which application threads were stopped: 0.0015456 seconds, Stopping threads took: 0.0001650 seconds
2016-11-15T10:06:53.142+0100: 16610.334: Total time for which application threads were stopped: 0.0017018 seconds, Stopping threads took: 0.0001755 seconds
2016-11-15T10:06:53.143+0100: 16610.335: Total time for which application threads were stopped: 0.0006736 seconds, Stopping threads took: 0.0000399 seconds
2016-11-15T10:06:53.144+0100: 16610.336: Total time for which application threads were stopped: 0.0007508 seconds, Stopping threads took: 0.0001410 seconds
2016-11-15T10:06:53.243+0100: 16610.435: Total time for which application threads were stopped: 0.0016202 seconds, Stopping threads took: 0.0001616 seconds
2016-11-15T10:06:55.801+0100: 16612.993: Total time for which application threads were stopped: 0.0015508 seconds, Stopping threads took: 0.0001735 seconds
2016-11-15T10:06:55.802+0100: 16612.994: Total time for which application threads were stopped: 0.0006305 seconds, Stopping threads took: 0.0000499 seconds
2016-11-15T10:06:55.802+0100: 16612.995: Total time for which application threads were stopped: 0.0006188 seconds, Stopping threads took: 0.0000420 seconds
2016-11-15T10:06:56.014+0100: 16613.206: Total time for which application threads were stopped: 0.0015766 seconds, Stopping threads took: 0.0001752 seconds
2016-11-15T10:07:04.806+0100: 16621.999: Total time for which application threads were stopped: 0.0015349 seconds, Stopping threads took: 0.0001650 seconds
2016-11-15T10:07:04.807+0100: 16622.000: Total time for which application threads were stopped: 0.0006098 seconds, Stopping threads took: 0.0000371 seconds
2016-11-15T10:07:04.808+0100: 16622.000: Total time for which application threads were stopped: 0.0005752 seconds, Stopping threads took: 0.0000310 seconds
2016-11-15T10:07:04.920+0100: 16622.112: Total time for which application threads were stopped: 0.0015453 seconds, Stopping threads took: 0.0001713 seconds
2016-11-15T10:07:07.967+0100: 16625.160: Total time for which application threads were stopped: 0.0015940 seconds, Stopping threads took: 0.0001667 seconds
2016-11-15T10:07:07.968+0100: 16625.161: Total time for which application threads were stopped: 0.0006740 seconds, Stopping threads took: 0.0000440 seconds
2016-11-15T10:07:07.969+0100: 16625.161: Total time for which application threads were stopped: 0.0006013 seconds, Stopping threads took: 0.0000335 seconds
2016-11-15T10:07:08.209+0100: 16625.402: Total time for which application threads were stopped: 0.0016957 seconds, Stopping threads took: 0.0001698 seconds
2016-11-15T10:07:13.211+0100: 16630.404: Total time for which application threads were stopped: 0.0016117 seconds, Stopping threads took: 0.0001607 seconds
2016-11-15T10:07:15.652+0100: 16632.845: Total time for which application threads were stopped: 0.0017442 seconds, Stopping threads took: 0.0002268 seconds
2016-11-15T10:07:15.653+0100: 16632.846: Total time for which application threads were stopped: 0.0007044 seconds, Stopping threads took: 0.0000815 seconds
2016-11-15T10:07:15.656+0100: 16632.848: Total time for which application threads were stopped: 0.0009454 seconds, Stopping threads took: 0.0001590 seconds
2016-11-15T10:07:15.657+0100: 16632.849: Total time for which application threads were stopped: 0.0007185 seconds, Stopping threads took: 0.0001585 seconds
2016-11-15T10:07:15.659+0100: 16632.851: Total time for which application threads were stopped: 0.0007118 seconds, Stopping threads took: 0.0000722 seconds
2016-11-15T10:07:18.743+0100: 16635.935: Total time for which application threads were stopped: 0.0017441 seconds, Stopping threads took: 0.0002291 seconds
2016-11-15T10:07:18.744+0100: 16635.936: Total time for which application threads were stopped: 0.0007250 seconds, Stopping threads took: 0.0001287 seconds
2016-11-15T10:07:18.744+0100: 16635.937: Total time for which application threads were stopped: 0.0007107 seconds, Stopping threads took: 0.0001104 seconds
2016-11-15T10:07:18.996+0100: 16636.188: Total time for which application threads were stopped: 0.0016603 seconds, Stopping threads took: 0.0001670 seconds
2016-11-15T10:07:18.997+0100: 16636.189: Total time for which application threads were stopped: 0.0006787 seconds, Stopping threads took: 0.0000367 seconds
2016-11-15T10:07:18.997+0100: 16636.190: Total time for which application threads were stopped: 0.0006378 seconds, Stopping threads took: 0.0000459 seconds
2016-11-15T10:07:19.105+0100: 16636.297: Total time for which application threads were stopped: 0.0016624 seconds, Stopping threads took: 0.0001531 seconds
2016-11-15T10:07:24.279+0100: 16641.471: Total time for which application threads were stopped: 0.0015847 seconds, Stopping threads took: 0.0001891 seconds
2016-11-15T10:07:24.280+0100: 16641.472: Total time for which application threads were stopped: 0.0007752 seconds, Stopping threads took: 0.0000469 seconds
2016-11-15T10:07:24.281+0100: 16641.473: Total time for which application threads were stopped: 0.0006175 seconds, Stopping threads took: 0.0000382 seconds
2016-11-15T10:07:24.459+0100: 16641.651: Total time for which application threads were stopped: 0.0015811 seconds, Stopping threads took: 0.0001672 seconds
2016-11-15T10:07:38.461+0100: 16655.654: Total time for which application threads were stopped: 0.0016079 seconds, Stopping threads took: 0.0001703 seconds
2016-11-15T10:07:44.392+0100: 16661.585: [GC pause (G1 Evacuation Pause) (young)
Desired survivor size 74973184 bytes, new threshold 15 (max 15)
- age   1:    1186448 bytes,    1186448 total
- age   2:     715328 bytes,    1901776 total
- age   3:     629056 bytes,    2530832 total
- age   4:     695304 bytes,    3226136 total
- age   5:    9347416 bytes,   12573552 total
- age   6:    8894264 bytes,   21467816 total
- age   7:    3453976 bytes,   24921792 total
- age   8:     294408 bytes,   25216200 total
- age   9:     856872 bytes,   26073072 total
- age  10:    3888272 bytes,   29961344 total
- age  11:    1760960 bytes,   31722304 total
- age  12:    1436384 bytes,   33158688 total
- age  13:    1791920 bytes,   34950608 total
- age  14:     730248 bytes,   35680856 total
- age  15:    1056224 bytes,   36737080 total
2016-11-15T10:07:44.430+0100: 16661.623: [SoftReference, 68 refs, 0.0050545 secs]2016-11-15T10:07:44.435+0100: 16661.628: [WeakReference, 33 refs, 0.0030660 secs]2016-11-15T10:07:44.438+0100: 16661.631: [FinalReference, 202 refs, 0.0033021 secs]2016-11-15T10:07:44.442+0100: 16661.634: [PhantomReference, 0 refs, 4 refs, 0.0061360 secs]2016-11-15T10:07:44.448+0100: 16661.640: [JNI Weak Reference, 0.0000357 secs], 0.0716373 secs]
   [Parallel Time: 34.3 ms, GC Workers: 43]
      [GC Worker Start (ms): Min: 16661585.2, Avg: 16661585.7, Max: 16661586.2, Diff: 1.0]
      [Ext Root Scanning (ms): Min: 1.7, Avg: 2.4, Max: 5.7, Diff: 4.0, Sum: 101.7]
      [Update RS (ms): Min: 3.1, Avg: 4.8, Max: 7.4, Diff: 4.3, Sum: 205.4]
         [Processed Buffers: Min: 1, Avg: 5.1, Max: 19, Diff: 18, Sum: 219]
      [Scan RS (ms): Min: 0.1, Avg: 0.7, Max: 1.2, Diff: 1.1, Sum: 30.2]
      [Code Root Scanning (ms): Min: 0.0, Avg: 0.2, Max: 0.7, Diff: 0.7, Sum: 7.3]
      [Object Copy (ms): Min: 22.7, Avg: 24.6, Max: 25.3, Diff: 2.6, Sum: 1059.8]
      [Termination (ms): Min: 0.0, Avg: 0.1, Max: 0.1, Diff: 0.1, Sum: 4.2]
         [Termination Attempts: Min: 1, Avg: 16.8, Max: 26, Diff: 25, Sum: 722]
      [GC Worker Other (ms): Min: 0.0, Avg: 0.4, Max: 0.9, Diff: 0.9, Sum: 17.6]
      [GC Worker Total (ms): Min: 32.5, Avg: 33.2, Max: 34.0, Diff: 1.5, Sum: 1426.3]
      [GC Worker End (ms): Min: 16661618.5, Avg: 16661618.9, Max: 16661619.4, Diff: 0.9]
   [Code Root Fixup: 0.7 ms]
   [Code Root Purge: 0.1 ms]
   [String Dedup Fixup: 2.3 ms, GC Workers: 43]
      [Queue Fixup (ms): Min: 0.0, Avg: 0.0, Max: 0.0, Diff: 0.0, Sum: 0.2]
      [Table Fixup (ms): Min: 0.9, Avg: 1.4, Max: 1.8, Diff: 0.9, Sum: 60.7]
   [Clear CT: 6.2 ms]
   [Other: 28.0 ms]
      [Choose CSet: 0.0 ms]
      [Ref Proc: 20.0 ms]
      [Ref Enq: 1.2 ms]
      [Redirty Cards: 1.2 ms]
      [Humongous Register: 0.2 ms]
      [Humongous Reclaim: 0.0 ms]
      [Free CSet: 4.6 ms]
   [Eden: 1077.0M(1077.0M)->0.0B(1071.0M) Survivors: 64.0M->66.0M Heap: 1729.4M(2048.0M)->656.3M(2048.0M)]
 [Times: user=1.78 sys=0.03, real=0.07 secs] 
2016-11-15T10:07:44.464+0100: 16661.657: Total time for which application threads were stopped: 0.0738664 seconds, Stopping threads took: 0.0001811 seconds
2016-11-15T10:07:44.466+0100: 16661.658: Total time for which application threads were stopped: 0.0015549 seconds, Stopping threads took: 0.0001169 seconds
2016-11-15T10:07:44.467+0100: 16661.659: Total time for which application threads were stopped: 0.0008049 seconds, Stopping threads took: 0.0001696 seconds
2016-11-15T10:07:44.468+0100: 16661.660: Total time for which application threads were stopped: 0.0007893 seconds, Stopping threads took: 0.0001564 seconds
2016-11-15T10:07:44.468+0100: 16661.661: [GC concurrent-string-deduplication, 34.9K->11.3K(23.6K), avg 71.9%, 0.0005985 secs]
2016-11-15T10:07:59.760+0100: 16676.953: Total time for which application threads were stopped: 0.0016844 seconds, Stopping threads took: 0.0001685 seconds
2016-11-15T10:07:59.762+0100: 16676.954: Total time for which application threads were stopped: 0.0009823 seconds, Stopping threads took: 0.0001359 seconds
2016-11-15T10:07:59.762+0100: 16676.955: Total time for which application threads were stopped: 0.0007595 seconds, Stopping threads took: 0.0000743 seconds
2016-11-15T10:07:59.763+0100: 16676.956: Total time for which application threads were stopped: 0.0008129 seconds, Stopping threads took: 0.0000385 seconds
2016-11-15T10:07:59.764+0100: 16676.957: Total time for which application threads were stopped: 0.0007091 seconds, Stopping threads took: 0.0000419 seconds
2016-11-15T10:08:00.088+0100: 16677.280: Total time for which application threads were stopped: 0.0015932 seconds, Stopping threads took: 0.0001747 seconds
2016-11-15T10:08:00.127+0100: 16677.319: Total time for which application threads were stopped: 0.0017929 seconds, Stopping threads took: 0.0001606 seconds
2016-11-15T10:08:03.129+0100: 16680.321: Total time for which application threads were stopped: 0.0015400 seconds, Stopping threads took: 0.0001694 seconds
2016-11-15T10:08:18.131+0100: 16695.324: Total time for which application threads were stopped: 0.0016565 seconds, Stopping threads took: 0.0001959 seconds
2016-11-15T10:08:19.133+0100: 16696.326: Total time for which application threads were stopped: 0.0018097 seconds, Stopping threads took: 0.0001808 seconds
2016-11-15T10:08:20.135+0100: 16697.327: Total time for which application threads were stopped: 0.0016004 seconds, Stopping threads took: 0.0001757 seconds
2016-11-15T10:08:22.137+0100: 16699.329: Total time for which application threads were stopped: 0.0016942 seconds, Stopping threads took: 0.0001735 seconds
2016-11-15T10:08:38.140+0100: 16715.333: Total time for which application threads were stopped: 0.0020511 seconds, Stopping threads took: 0.0002012 seconds
2016-11-15T10:08:40.142+0100: 16717.335: Total time for which application threads were stopped: 0.0019639 seconds, Stopping threads took: 0.0002230 seconds
2016-11-15T10:08:54.145+0100: 16731.337: Total time for which application threads were stopped: 0.0015621 seconds, Stopping threads took: 0.0001555 seconds
2016-11-15T10:08:55.146+0100: 16732.339: Total time for which application threads were stopped: 0.0013837 seconds, Stopping threads took: 0.0001585 seconds
2016-11-15T10:09:03.149+0100: 16740.341: Total time for which application threads were stopped: 0.0017573 seconds, Stopping threads took: 0.0002007 seconds
2016-11-15T10:09:04.150+0100: 16741.343: Total time for which application threads were stopped: 0.0014109 seconds, Stopping threads took: 0.0001562 seconds
2016-11-15T10:09:08.152+0100: 16745.345: Total time for which application threads were stopped: 0.0014072 seconds, Stopping threads took: 0.0001621 seconds
2016-11-15T10:09:24.155+0100: 16761.348: Total time for which application threads were stopped: 0.0017044 seconds, Stopping threads took: 0.0001649 seconds
2016-11-15T10:09:28.157+0100: 16765.349: Total time for which application threads were stopped: 0.0014455 seconds, Stopping threads took: 0.0001611 seconds
2016-11-15T10:09:44.160+0100: 16781.352: Total time for which application threads were stopped: 0.0014159 seconds, Stopping threads took: 0.0001732 seconds
2016-11-15T10:09:56.162+0100: 16793.355: Total time for which application threads were stopped: 0.0015778 seconds, Stopping threads took: 0.0001631 seconds
2016-11-15T10:10:03.164+0100: 16800.357: Total time for which application threads were stopped: 0.0014393 seconds, Stopping threads took: 0.0001612 seconds
2016-11-15T10:10:06.166+0100: 16803.358: Total time for which application threads were stopped: 0.0015014 seconds, Stopping threads took: 0.0001634 seconds
2016-11-15T10:10:07.167+0100: 16804.360: Total time for which application threads were stopped: 0.0013983 seconds, Stopping threads took: 0.0001485 seconds
2016-11-15T10:10:08.169+0100: 16805.361: Total time for which application threads were stopped: 0.0014038 seconds, Stopping threads took: 0.0001664 seconds
2016-11-15T10:10:14.469+0100: 16811.661: [GC pause (G1 Evacuation Pause) (young)
Desired survivor size 74973184 bytes, new threshold 15 (max 15)
- age   1:    1460072 bytes,    1460072 total
- age   2:     920024 bytes,    2380096 total
- age   3:     711360 bytes,    3091456 total
- age   4:     598456 bytes,    3689912 total
- age   5:     694944 bytes,    4384856 total
- age   6:    9347176 bytes,   13732032 total
- age   7:    8894216 bytes,   22626248 total
- age   8:    3420064 bytes,   26046312 total
- age   9:     294408 bytes,   26340720 total
- age  10:     856592 bytes,   27197312 total
- age  11:    3888272 bytes,   31085584 total
- age  12:    1760960 bytes,   32846544 total
- age  13:    1436304 bytes,   34282848 total
- age  14:    1791920 bytes,   36074768 total
- age  15:     730248 bytes,   36805016 total
2016-11-15T10:10:14.506+0100: 16811.699: [SoftReference, 77 refs, 0.0049210 secs]2016-11-15T10:10:14.511+0100: 16811.704: [WeakReference, 19 refs, 0.0032700 secs]2016-11-15T10:10:14.514+0100: 16811.707: [FinalReference, 84 refs, 0.0032669 secs]2016-11-15T10:10:14.518+0100: 16811.710: [PhantomReference, 0 refs, 4 refs, 0.0075111 secs]2016-11-15T10:10:14.525+0100: 16811.718: [JNI Weak Reference, 0.0000338 secs], 0.0734445 secs]
   [Parallel Time: 34.3 ms, GC Workers: 43]
      [GC Worker Start (ms): Min: 16811661.7, Avg: 16811662.2, Max: 16811662.7, Diff: 1.0]
      [Ext Root Scanning (ms): Min: 1.9, Avg: 2.5, Max: 5.8, Diff: 3.9, Sum: 105.4]
      [Update RS (ms): Min: 1.3, Avg: 4.6, Max: 7.4, Diff: 6.1, Sum: 199.1]
         [Processed Buffers: Min: 1, Avg: 4.9, Max: 20, Diff: 19, Sum: 210]
      [Scan RS (ms): Min: 0.1, Avg: 0.7, Max: 1.3, Diff: 1.2, Sum: 28.7]
      [Code Root Scanning (ms): Min: 0.0, Avg: 0.3, Max: 4.2, Diff: 4.2, Sum: 11.4]
      [Object Copy (ms): Min: 21.0, Avg: 24.5, Max: 25.1, Diff: 4.1, Sum: 1052.7]
      [Termination (ms): Min: 0.0, Avg: 0.1, Max: 0.1, Diff: 0.1, Sum: 2.2]
         [Termination Attempts: Min: 1, Avg: 6.8, Max: 15, Diff: 14, Sum: 293]
      [GC Worker Other (ms): Min: 0.0, Avg: 0.4, Max: 0.9, Diff: 0.9, Sum: 18.7]
      [GC Worker Total (ms): Min: 32.2, Avg: 33.0, Max: 33.8, Diff: 1.6, Sum: 1418.3]
      [GC Worker End (ms): Min: 16811694.8, Avg: 16811695.2, Max: 16811695.7, Diff: 0.9]
   [Code Root Fixup: 0.7 ms]
   [Code Root Purge: 0.0 ms]
   [String Dedup Fixup: 2.8 ms, GC Workers: 43]
      [Queue Fixup (ms): Min: 0.0, Avg: 0.0, Max: 0.0, Diff: 0.0, Sum: 0.2]
      [Table Fixup (ms): Min: 0.9, Avg: 1.4, Max: 1.8, Diff: 0.9, Sum: 61.2]
   [Clear CT: 6.2 ms]
   [Other: 29.3 ms]
      [Choose CSet: 0.0 ms]
      [Ref Proc: 21.0 ms]
      [Ref Enq: 1.3 ms]
      [Redirty Cards: 1.4 ms]
      [Humongous Register: 0.2 ms]
      [Humongous Reclaim: 0.0 ms]
      [Free CSet: 4.7 ms]
   [Eden: 1071.0M(1071.0M)->0.0B(1066.0M) Survivors: 66.0M->68.0M Heap: 1727.3M(2048.0M)->659.7M(2048.0M)]
 [Times: user=1.78 sys=0.01, real=0.07 secs] 
2016-11-15T10:10:14.543+0100: 16811.735: Total time for which application threads were stopped: 0.0753896 seconds, Stopping threads took: 0.0001467 seconds
2016-11-15T10:10:14.544+0100: 16811.736: [GC concurrent-string-deduplication, 91.6K->16.8K(74.8K), avg 71.9%, 0.0012226 secs]
2016-11-15T10:10:15.544+0100: 16812.736: Total time for which application threads were stopped: 0.0013190 seconds, Stopping threads took: 0.0001545 seconds
2016-11-15T10:10:16.189+0100: 16813.381: Total time for which application threads were stopped: 0.0013289 seconds, Stopping threads took: 0.0001495 seconds
2016-11-15T10:10:16.189+0100: 16813.382: Total time for which application threads were stopped: 0.0006160 seconds, Stopping threads took: 0.0000349 seconds
2016-11-15T10:10:16.190+0100: 16813.383: Total time for which application threads were stopped: 0.0006076 seconds, Stopping threads took: 0.0000312 seconds
2016-11-15T10:10:16.320+0100: 16813.513: Total time for which application threads were stopped: 0.0012880 seconds, Stopping threads took: 0.0001315 seconds
2016-11-15T10:10:18.322+0100: 16815.514: Total time for which application threads were stopped: 0.0012996 seconds, Stopping threads took: 0.0001836 seconds
2016-11-15T10:10:19.323+0100: 16816.516: Total time for which application threads were stopped: 0.0013621 seconds, Stopping threads took: 0.0001769 seconds
2016-11-15T10:10:22.325+0100: 16819.517: Total time for which application threads were stopped: 0.0013637 seconds, Stopping threads took: 0.0002058 seconds
2016-11-15T10:10:23.326+0100: 16820.519: Total time for which application threads were stopped: 0.0013362 seconds, Stopping threads took: 0.0001489 seconds
2016-11-15T10:10:24.328+0100: 16821.520: Total time for which application threads were stopped: 0.0013318 seconds, Stopping threads took: 0.0001460 seconds
2016-11-15T10:10:25.221+0100: 16822.414: Total time for which application threads were stopped: 0.0013073 seconds, Stopping threads took: 0.0001499 seconds
2016-11-15T10:10:25.223+0100: 16822.415: Total time for which application threads were stopped: 0.0006630 seconds, Stopping threads took: 0.0000503 seconds
2016-11-15T10:10:25.223+0100: 16822.416: Total time for which application threads were stopped: 0.0005930 seconds, Stopping threads took: 0.0000300 seconds
2016-11-15T10:10:25.286+0100: 16822.479: Total time for which application threads were stopped: 0.0008403 seconds, Stopping threads took: 0.0000780 seconds
2016-11-15T10:10:28.288+0100: 16825.480: Total time for which application threads were stopped: 0.0013412 seconds, Stopping threads took: 0.0001402 seconds
2016-11-15T10:10:29.289+0100: 16826.482: Total time for which application threads were stopped: 0.0013902 seconds, Stopping threads took: 0.0002033 seconds
2016-11-15T10:10:29.733+0100: 16826.925: Total time for which application threads were stopped: 0.0041418 seconds, Stopping threads took: 0.0001917 seconds
2016-11-15T10:10:29.737+0100: 16826.929: Total time for which application threads were stopped: 0.0037411 seconds, Stopping threads took: 0.0002184 seconds
2016-11-15T10:10:29.740+0100: 16826.933: Total time for which application threads were stopped: 0.0033594 seconds, Stopping threads took: 0.0001329 seconds
2016-11-15T10:10:29.823+0100: 16827.015: Total time for which application threads were stopped: 0.0013842 seconds, Stopping threads took: 0.0001494 seconds
2016-11-15T10:10:29.824+0100: 16827.016: Total time for which application threads were stopped: 0.0007231 seconds, Stopping threads took: 0.0000973 seconds
2016-11-15T10:10:29.825+0100: 16827.017: Total time for which application threads were stopped: 0.0007969 seconds, Stopping threads took: 0.0001447 seconds
2016-11-15T10:10:29.983+0100: 16827.176: Total time for which application threads were stopped: 0.0013329 seconds, Stopping threads took: 0.0001410 seconds
2016-11-15T10:10:31.871+0100: 16829.064: Total time for which application threads were stopped: 0.0014339 seconds, Stopping threads took: 0.0001568 seconds
2016-11-15T10:10:31.872+0100: 16829.065: Total time for which application threads were stopped: 0.0006326 seconds, Stopping threads took: 0.0000363 seconds
2016-11-15T10:10:31.873+0100: 16829.065: Total time for which application threads were stopped: 0.0006494 seconds, Stopping threads took: 0.0000599 seconds
2016-11-15T10:10:32.077+0100: 16829.269: Total time for which application threads were stopped: 0.0010171 seconds, Stopping threads took: 0.0000998 seconds
2016-11-15T10:10:34.078+0100: 16831.271: Total time for which application threads were stopped: 0.0012340 seconds, Stopping threads took: 0.0001467 seconds
2016-11-15T10:10:37.080+0100: 16834.272: Total time for which application threads were stopped: 0.0012721 seconds, Stopping threads took: 0.0001418 seconds
2016-11-15T10:10:38.081+0100: 16835.274: Total time for which application threads were stopped: 0.0013207 seconds, Stopping threads took: 0.0001514 seconds
2016-11-15T10:11:16.085+0100: 16873.278: Total time for which application threads were stopped: 0.0013418 seconds, Stopping threads took: 0.0001408 seconds
2016-11-15T10:11:49.571+0100: 16906.763: [GC pause (G1 Evacuation Pause) (young)
Desired survivor size 74448896 bytes, new threshold 15 (max 15)
- age   1:    1337128 bytes,    1337128 total
- age   2:    1098328 bytes,    2435456 total
- age   3:     855008 bytes,    3290464 total
- age   4:     682288 bytes,    3972752 total
- age   5:     565672 bytes,    4538424 total
- age   6:     694536 bytes,    5232960 total
- age   7:    9347176 bytes,   14580136 total
- age   8:    8881248 bytes,   23461384 total
- age   9:    3419992 bytes,   26881376 total
- age  10:     294408 bytes,   27175784 total
- age  11:     856592 bytes,   28032376 total
- age  12:    3888272 bytes,   31920648 total
- age  13:    1759848 bytes,   33680496 total
- age  14:    1436304 bytes,   35116800 total
- age  15:    1790272 bytes,   36907072 total
2016-11-15T10:11:49.608+0100: 16906.800: [SoftReference, 103 refs, 0.0054430 secs]2016-11-15T10:11:49.613+0100: 16906.806: [WeakReference, 18 refs, 0.0032627 secs]2016-11-15T10:11:49.616+0100: 16906.809: [FinalReference, 462 refs, 0.0030936 secs]2016-11-15T10:11:49.620+0100: 16906.812: [PhantomReference, 0 refs, 4 refs, 0.0063229 secs]2016-11-15T10:11:49.626+0100: 16906.818: [JNI Weak Reference, 0.0000297 secs], 0.0711116 secs]
   [Parallel Time: 33.7 ms, GC Workers: 43]
      [GC Worker Start (ms): Min: 16906763.9, Avg: 16906764.4, Max: 16906764.9, Diff: 1.0]
      [Ext Root Scanning (ms): Min: 1.7, Avg: 2.4, Max: 5.8, Diff: 4.1, Sum: 105.2]
      [Update RS (ms): Min: 2.5, Avg: 4.4, Max: 7.2, Diff: 4.7, Sum: 190.7]
         [Processed Buffers: Min: 1, Avg: 4.9, Max: 19, Diff: 18, Sum: 212]
      [Scan RS (ms): Min: 0.1, Avg: 0.7, Max: 1.0, Diff: 0.9, Sum: 29.2]
      [Code Root Scanning (ms): Min: 0.0, Avg: 0.2, Max: 0.5, Diff: 0.5, Sum: 8.5]
      [Object Copy (ms): Min: 21.6, Avg: 23.7, Max: 24.3, Diff: 2.7, Sum: 1019.4]
      [Termination (ms): Min: 0.0, Avg: 0.1, Max: 0.1, Diff: 0.1, Sum: 4.0]
         [Termination Attempts: Min: 1, Avg: 15.1, Max: 25, Diff: 24, Sum: 649]
      [GC Worker Other (ms): Min: 0.0, Avg: 0.4, Max: 0.9, Diff: 0.9, Sum: 16.7]
      [GC Worker Total (ms): Min: 31.3, Avg: 31.9, Max: 32.7, Diff: 1.5, Sum: 1373.6]
      [GC Worker End (ms): Min: 16906796.0, Avg: 16906796.3, Max: 16906796.9, Diff: 0.9]
   [Code Root Fixup: 0.7 ms]
   [Code Root Purge: 0.1 ms]
   [String Dedup Fixup: 2.1 ms, GC Workers: 43]
      [Queue Fixup (ms): Min: 0.0, Avg: 0.0, Max: 0.0, Diff: 0.0, Sum: 0.2]
      [Table Fixup (ms): Min: 0.9, Avg: 1.4, Max: 1.9, Diff: 1.0, Sum: 60.5]
   [Clear CT: 6.3 ms]
   [Other: 28.3 ms]
      [Choose CSet: 0.0 ms]
      [Ref Proc: 20.1 ms]
      [Ref Enq: 1.2 ms]
      [Redirty Cards: 1.3 ms]
      [Humongous Register: 0.2 ms]
      [Humongous Reclaim: 0.0 ms]
      [Free CSet: 4.7 ms]
   [Eden: 1066.0M(1066.0M)->0.0B(1090.0M) Survivors: 68.0M->55.0M Heap: 1725.7M(2048.0M)->648.1M(2048.0M)]
 [Times: user=1.72 sys=0.04, real=0.08 secs] 
2016-11-15T10:11:49.642+0100: 16906.835: Total time for which application threads were stopped: 0.0730997 seconds, Stopping threads took: 0.0001447 seconds
2016-11-15T10:11:49.643+0100: 16906.835: [GC concurrent-string-deduplication, 22.5K->7088.0B(15.6K), avg 71.9%, 0.0003827 secs]
2016-11-15T10:11:57.644+0100: 16914.837: Total time for which application threads were stopped: 0.0012316 seconds, Stopping threads took: 0.0001475 seconds
2016-11-15T10:11:59.031+0100: 16916.224: Total time for which application threads were stopped: 0.0013622 seconds, Stopping threads took: 0.0002424 seconds
2016-11-15T10:11:59.240+0100: 16916.432: Total time for which application threads were stopped: 0.0013089 seconds, Stopping threads took: 0.0001654 seconds
2016-11-15T10:11:59.241+0100: 16916.433: Total time for which application threads were stopped: 0.0007997 seconds, Stopping threads took: 0.0001806 seconds
2016-11-15T10:11:59.242+0100: 16916.434: Total time for which application threads were stopped: 0.0007303 seconds, Stopping threads took: 0.0000993 seconds
2016-11-15T10:11:59.242+0100: 16916.435: Total time for which application threads were stopped: 0.0007310 seconds, Stopping threads took: 0.0000887 seconds
2016-11-15T10:11:59.243+0100: 16916.436: Total time for which application threads were stopped: 0.0007528 seconds, Stopping threads took: 0.0001100 seconds
2016-11-15T10:11:59.244+0100: 16916.437: Total time for which application threads were stopped: 0.0007933 seconds, Stopping threads took: 0.0001501 seconds
2016-11-15T10:11:59.245+0100: 16916.437: Total time for which application threads were stopped: 0.0007719 seconds, Stopping threads took: 0.0001266 seconds
2016-11-15T10:12:00.246+0100: 16917.439: Total time for which application threads were stopped: 0.0012250 seconds, Stopping threads took: 0.0001425 seconds
2016-11-15T10:12:01.248+0100: 16918.440: Total time for which application threads were stopped: 0.0013932 seconds, Stopping threads took: 0.0001564 seconds
2016-11-15T10:12:04.247+0100: 16921.439: Total time for which application threads were stopped: 0.0012344 seconds, Stopping threads took: 0.0001503 seconds
2016-11-15T10:12:17.224+0100: 16934.417: Total time for which application threads were stopped: 0.0013804 seconds, Stopping threads took: 0.0001615 seconds
2016-11-15T10:12:17.240+0100: 16934.432: Total time for which application threads were stopped: 0.0013554 seconds, Stopping threads took: 0.0001666 seconds
2016-11-15T10:12:17.242+0100: 16934.434: Total time for which application threads were stopped: 0.0008070 seconds, Stopping threads took: 0.0000864 seconds
2016-11-15T10:12:17.308+0100: 16934.500: Total time for which application threads were stopped: 0.0071369 seconds, Stopping threads took: 0.0001598 seconds
2016-11-15T10:12:18.309+0100: 16935.502: Total time for which application threads were stopped: 0.0013220 seconds, Stopping threads took: 0.0001434 seconds
2016-11-15T10:12:18.635+0100: 16935.828: Total time for which application threads were stopped: 0.0015116 seconds, Stopping threads took: 0.0001547 seconds
2016-11-15T10:12:19.637+0100: 16936.829: Total time for which application threads were stopped: 0.0014001 seconds, Stopping threads took: 0.0001561 seconds
2016-11-15T10:12:20.281+0100: 16937.474: Total time for which application threads were stopped: 0.0013041 seconds, Stopping threads took: 0.0001670 seconds
2016-11-15T10:12:20.282+0100: 16937.475: Total time for which application threads were stopped: 0.0006222 seconds, Stopping threads took: 0.0000402 seconds
2016-11-15T10:12:20.283+0100: 16937.475: Total time for which application threads were stopped: 0.0006744 seconds, Stopping threads took: 0.0000524 seconds
2016-11-15T10:12:20.493+0100: 16937.685: Total time for which application threads were stopped: 0.0013194 seconds, Stopping threads took: 0.0001528 seconds
2016-11-15T10:12:25.720+0100: 16942.913: Total time for which application threads were stopped: 0.0012682 seconds, Stopping threads took: 0.0001522 seconds
2016-11-15T10:12:25.721+0100: 16942.914: Total time for which application threads were stopped: 0.0006101 seconds, Stopping threads took: 0.0000372 seconds
2016-11-15T10:12:25.722+0100: 16942.914: Total time for which application threads were stopped: 0.0005735 seconds, Stopping threads took: 0.0000311 seconds
2016-11-15T10:12:25.890+0100: 16943.083: Total time for which application threads were stopped: 0.0010670 seconds, Stopping threads took: 0.0001148 seconds
2016-11-15T10:12:26.892+0100: 16944.084: Total time for which application threads were stopped: 0.0015434 seconds, Stopping threads took: 0.0001766 seconds
2016-11-15T10:12:29.249+0100: 16946.442: Total time for which application threads were stopped: 0.0012667 seconds, Stopping threads took: 0.0001575 seconds
2016-11-15T10:12:33.251+0100: 16950.443: Total time for which application threads were stopped: 0.0014460 seconds, Stopping threads took: 0.0001617 seconds
2016-11-15T10:12:44.253+0100: 16961.446: Total time for which application threads were stopped: 0.0014249 seconds, Stopping threads took: 0.0001650 seconds
2016-11-15T10:12:51.780+0100: 16968.972: Total time for which application threads were stopped: 0.0013905 seconds, Stopping threads took: 0.0001505 seconds
2016-11-15T10:12:51.781+0100: 16968.973: Total time for which application threads were stopped: 0.0007456 seconds, Stopping threads took: 0.0000547 seconds
2016-11-15T10:12:51.782+0100: 16968.974: Total time for which application threads were stopped: 0.0006495 seconds, Stopping threads took: 0.0000408 seconds
2016-11-15T10:12:51.861+0100: 16969.054: Total time for which application threads were stopped: 0.0013899 seconds, Stopping threads took: 0.0001484 seconds
2016-11-15T10:12:57.863+0100: 16975.056: Total time for which application threads were stopped: 0.0014244 seconds, Stopping threads took: 0.0001555 seconds
2016-11-15T10:13:04.865+0100: 16982.058: Total time for which application threads were stopped: 0.0013870 seconds, Stopping threads took: 0.0001533 seconds
2016-11-15T10:13:23.043+0100: 17000.235: Total time for which application threads were stopped: 0.0015447 seconds, Stopping threads took: 0.0002231 seconds
2016-11-15T10:13:24.044+0100: 17001.237: Total time for which application threads were stopped: 0.0014438 seconds, Stopping threads took: 0.0001705 seconds
2016-11-15T10:13:28.378+0100: 17005.570: Total time for which application threads were stopped: 0.0014304 seconds, Stopping threads took: 0.0001610 seconds
2016-11-15T10:13:41.380+0100: 17018.573: Total time for which application threads were stopped: 0.0015160 seconds, Stopping threads took: 0.0001570 seconds
2016-11-15T10:13:43.380+0100: 17020.572: Total time for which application threads were stopped: 0.0017941 seconds, Stopping threads took: 0.0001923 seconds
2016-11-15T10:13:43.382+0100: 17020.574: Total time for which application threads were stopped: 0.0011331 seconds, Stopping threads took: 0.0001398 seconds
2016-11-15T10:13:58.384+0100: 17035.577: Total time for which application threads were stopped: 0.0014386 seconds, Stopping threads took: 0.0001641 seconds
2016-11-15T10:14:00.386+0100: 17037.578: Total time for which application threads were stopped: 0.0015160 seconds, Stopping threads took: 0.0001675 seconds
2016-11-15T10:14:02.978+0100: 17040.170: Total time for which application threads were stopped: 0.0016509 seconds, Stopping threads took: 0.0001691 seconds
2016-11-15T10:14:02.979+0100: 17040.171: Total time for which application threads were stopped: 0.0007270 seconds, Stopping threads took: 0.0000545 seconds
2016-11-15T10:14:02.979+0100: 17040.172: Total time for which application threads were stopped: 0.0006461 seconds, Stopping threads took: 0.0000462 seconds
2016-11-15T10:14:03.306+0100: 17040.498: Total time for which application threads were stopped: 0.0015623 seconds, Stopping threads took: 0.0001720 seconds
2016-11-15T10:14:07.308+0100: 17044.500: Total time for which application threads were stopped: 0.0016006 seconds, Stopping threads took: 0.0001677 seconds
2016-11-15T10:14:14.479+0100: 17051.672: Total time for which application threads were stopped: 0.0015307 seconds, Stopping threads took: 0.0001740 seconds
2016-11-15T10:14:14.481+0100: 17051.673: Total time for which application threads were stopped: 0.0007328 seconds, Stopping threads took: 0.0000545 seconds
2016-11-15T10:14:14.481+0100: 17051.674: Total time for which application threads were stopped: 0.0007543 seconds, Stopping threads took: 0.0001389 seconds
2016-11-15T10:14:14.605+0100: 17051.798: Total time for which application threads were stopped: 0.0037204 seconds, Stopping threads took: 0.0001628 seconds
2016-11-15T10:14:14.739+0100: 17051.931: Total time for which application threads were stopped: 0.0014958 seconds, Stopping threads took: 0.0001638 seconds
2016-11-15T10:14:20.741+0100: 17057.933: Total time for which application threads were stopped: 0.0013540 seconds, Stopping threads took: 0.0001573 seconds
2016-11-15T10:14:28.743+0100: 17065.935: Total time for which application threads were stopped: 0.0013798 seconds, Stopping threads took: 0.0001743 seconds
2016-11-15T10:15:12.748+0100: 17109.940: Total time for which application threads were stopped: 0.0014518 seconds, Stopping threads took: 0.0001575 seconds
2016-11-15T10:15:15.077+0100: 17112.270: Total time for which application threads were stopped: 0.0013715 seconds, Stopping threads took: 0.0001551 seconds
2016-11-15T10:15:15.078+0100: 17112.270: Total time for which application threads were stopped: 0.0005851 seconds, Stopping threads took: 0.0000333 seconds
2016-11-15T10:15:15.079+0100: 17112.271: Total time for which application threads were stopped: 0.0005696 seconds, Stopping threads took: 0.0000307 seconds
2016-11-15T10:15:15.539+0100: 17112.731: Total time for which application threads were stopped: 0.0009796 seconds, Stopping threads took: 0.0000972 seconds
2016-11-15T10:15:29.328+0100: 17126.521: Total time for which application threads were stopped: 0.0014627 seconds, Stopping threads took: 0.0002443 seconds
2016-11-15T10:15:29.329+0100: 17126.521: Total time for which application threads were stopped: 0.0006277 seconds, Stopping threads took: 0.0000771 seconds
2016-11-15T10:15:29.330+0100: 17126.522: Total time for which application threads were stopped: 0.0006424 seconds, Stopping threads took: 0.0001027 seconds
2016-11-15T10:15:29.566+0100: 17126.758: Total time for which application threads were stopped: 0.0013130 seconds, Stopping threads took: 0.0001446 seconds
2016-11-15T10:15:29.567+0100: 17126.759: Total time for which application threads were stopped: 0.0005815 seconds, Stopping threads took: 0.0000331 seconds
2016-11-15T10:15:29.567+0100: 17126.760: Total time for which application threads were stopped: 0.0005705 seconds, Stopping threads took: 0.0000312 seconds
2016-11-15T10:15:29.670+0100: 17126.862: Total time for which application threads were stopped: 0.0012106 seconds, Stopping threads took: 0.0001208 seconds
2016-11-15T10:15:34.057+0100: 17131.249: Total time for which application threads were stopped: 0.0013760 seconds, Stopping threads took: 0.0001752 seconds
2016-11-15T10:15:34.058+0100: 17131.250: Total time for which application threads were stopped: 0.0005774 seconds, Stopping threads took: 0.0000390 seconds
2016-11-15T10:15:34.058+0100: 17131.251: Total time for which application threads were stopped: 0.0005624 seconds, Stopping threads took: 0.0000326 seconds
2016-11-15T10:15:34.248+0100: 17131.440: Total time for which application threads were stopped: 0.0007458 seconds, Stopping threads took: 0.0000662 seconds
2016-11-15T10:15:38.899+0100: 17136.091: Total time for which application threads were stopped: 0.0014336 seconds, Stopping threads took: 0.0001541 seconds
2016-11-15T10:15:38.900+0100: 17136.092: Total time for which application threads were stopped: 0.0005750 seconds, Stopping threads took: 0.0000344 seconds
2016-11-15T10:15:38.900+0100: 17136.093: Total time for which application threads were stopped: 0.0005695 seconds, Stopping threads took: 0.0000318 seconds
2016-11-15T10:15:39.105+0100: 17136.298: Total time for which application threads were stopped: 0.0007963 seconds, Stopping threads took: 0.0000797 seconds
2016-11-15T10:15:48.736+0100: 17145.929: Total time for which application threads were stopped: 0.0013600 seconds, Stopping threads took: 0.0001559 seconds
2016-11-15T10:15:48.737+0100: 17145.930: Total time for which application threads were stopped: 0.0005754 seconds, Stopping threads took: 0.0000332 seconds
2016-11-15T10:15:48.738+0100: 17145.930: Total time for which application threads were stopped: 0.0005678 seconds, Stopping threads took: 0.0000357 seconds
2016-11-15T10:15:48.779+0100: 17145.971: Total time for which application threads were stopped: 0.0006755 seconds, Stopping threads took: 0.0000542 seconds
2016-11-15T10:16:06.781+0100: 17163.974: Total time for which application threads were stopped: 0.0013588 seconds, Stopping threads took: 0.0001539 seconds
2016-11-15T10:17:25.696+0100: 17242.889: [GC pause (G1 Evacuation Pause) (young)
Desired survivor size 75497472 bytes, new threshold 15 (max 15)
- age   1:     352576 bytes,     352576 total
- age   2:     135464 bytes,     488040 total
- age   3:    1095888 bytes,    1583928 total
- age   4:     765048 bytes,    2348976 total
- age   5:     678304 bytes,    3027280 total
- age   6:     565672 bytes,    3592952 total
- age   7:     694536 bytes,    4287488 total
- age   8:    9327824 bytes,   13615312 total
- age   9:    8879680 bytes,   22494992 total
- age  10:    3419992 bytes,   25914984 total
- age  11:     294408 bytes,   26209392 total
- age  12:     856592 bytes,   27065984 total
- age  13:    3888272 bytes,   30954256 total
- age  14:    1759848 bytes,   32714104 total
- age  15:    1436264 bytes,   34150368 total
2016-11-15T10:17:25.735+0100: 17242.928: [SoftReference, 38 refs, 0.0055227 secs]2016-11-15T10:17:25.741+0100: 17242.933: [WeakReference, 49 refs, 0.0031317 secs]2016-11-15T10:17:25.744+0100: 17242.937: [FinalReference, 930 refs, 0.0035455 secs]2016-11-15T10:17:25.748+0100: 17242.940: [PhantomReference, 0 refs, 4 refs, 0.0064464 secs]2016-11-15T10:17:25.754+0100: 17242.947: [JNI Weak Reference, 0.0000316 secs], 0.0749697 secs]
   [Parallel Time: 36.0 ms, GC Workers: 43]
      [GC Worker Start (ms): Min: 17242889.2, Avg: 17242889.8, Max: 17242890.3, Diff: 1.1]
      [Ext Root Scanning (ms): Min: 1.6, Avg: 2.4, Max: 5.8, Diff: 4.2, Sum: 102.6]
      [Update RS (ms): Min: 3.0, Avg: 5.8, Max: 7.4, Diff: 4.5, Sum: 251.0]
         [Processed Buffers: Min: 2, Avg: 5.9, Max: 17, Diff: 15, Sum: 253]
      [Scan RS (ms): Min: 0.1, Avg: 0.6, Max: 0.8, Diff: 0.7, Sum: 25.5]
      [Code Root Scanning (ms): Min: 0.0, Avg: 0.1, Max: 0.6, Diff: 0.6, Sum: 6.4]
      [Object Copy (ms): Min: 23.9, Avg: 24.8, Max: 25.1, Diff: 1.2, Sum: 1064.6]
      [Termination (ms): Min: 0.0, Avg: 0.1, Max: 0.2, Diff: 0.2, Sum: 4.2]
         [Termination Attempts: Min: 1, Avg: 17.4, Max: 29, Diff: 28, Sum: 749]
      [GC Worker Other (ms): Min: 0.0, Avg: 0.4, Max: 0.9, Diff: 0.8, Sum: 18.4]
      [GC Worker Total (ms): Min: 33.5, Avg: 34.3, Max: 35.2, Diff: 1.7, Sum: 1472.8]
      [GC Worker End (ms): Min: 17242923.7, Avg: 17242924.0, Max: 17242924.5, Diff: 0.8]
   [Code Root Fixup: 0.7 ms]
   [Code Root Purge: 0.1 ms]
   [String Dedup Fixup: 2.6 ms, GC Workers: 43]
      [Queue Fixup (ms): Min: 0.0, Avg: 0.0, Max: 0.0, Diff: 0.0, Sum: 0.1]
      [Table Fixup (ms): Min: 0.9, Avg: 1.4, Max: 1.9, Diff: 1.0, Sum: 62.0]
   [Clear CT: 6.7 ms]
   [Other: 28.9 ms]
      [Choose CSet: 0.0 ms]
      [Ref Proc: 20.7 ms]
      [Ref Enq: 1.3 ms]
      [Redirty Cards: 1.3 ms]
      [Humongous Register: 0.2 ms]
      [Humongous Reclaim: 0.1 ms]
      [Free CSet: 4.5 ms]
   [Eden: 1090.0M(1090.0M)->0.0B(1062.0M) Survivors: 55.0M->66.0M Heap: 1742.1M(2048.0M)->663.1M(2048.0M)]
 [Times: user=1.82 sys=0.05, real=0.07 secs] 
2016-11-15T10:17:25.772+0100: 17242.964: Total time for which application threads were stopped: 0.0771613 seconds, Stopping threads took: 0.0001603 seconds
2016-11-15T10:17:25.772+0100: 17242.964: [GC concurrent-string-deduplication, 6056.0B->1248.0B(4808.0B), avg 71.9%, 0.0001497 secs]
2016-11-15T10:17:25.774+0100: 17242.966: Total time for which application threads were stopped: 0.0013417 seconds, Stopping threads took: 0.0000698 seconds
2016-11-15T10:17:25.774+0100: 17242.967: Total time for which application threads were stopped: 0.0007371 seconds, Stopping threads took: 0.0001249 seconds
2016-11-15T10:17:25.775+0100: 17242.968: Total time for which application threads were stopped: 0.0007374 seconds, Stopping threads took: 0.0001173 seconds
2016-11-15T10:17:25.776+0100: 17242.969: Total time for which application threads were stopped: 0.0007069 seconds, Stopping threads took: 0.0001016 seconds
2016-11-15T10:17:25.777+0100: 17242.969: Total time for which application threads were stopped: 0.0006778 seconds, Stopping threads took: 0.0000727 seconds
2016-11-15T10:17:29.550+0100: 17246.742: Total time for which application threads were stopped: 0.0020015 seconds, Stopping threads took: 0.0006919 seconds
2016-11-15T10:17:34.795+0100: 17251.988: Total time for which application threads were stopped: 0.0013907 seconds, Stopping threads took: 0.0001567 seconds
2016-11-15T10:17:44.797+0100: 17261.989: Total time for which application threads were stopped: 0.0013759 seconds, Stopping threads took: 0.0001548 seconds
2016-11-15T10:17:44.798+0100: 17261.990: Total time for which application threads were stopped: 0.0006148 seconds, Stopping threads took: 0.0000429 seconds
2016-11-15T10:17:55.042+0100: 17272.234: Total time for which application threads were stopped: 0.0015460 seconds, Stopping threads took: 0.0001649 seconds
2016-11-15T10:17:55.043+0100: 17272.235: Total time for which application threads were stopped: 0.0007975 seconds, Stopping threads took: 0.0000442 seconds
2016-11-15T10:17:55.044+0100: 17272.236: Total time for which application threads were stopped: 0.0006621 seconds, Stopping threads took: 0.0000464 seconds
2016-11-15T10:17:55.275+0100: 17272.467: Total time for which application threads were stopped: 0.0014444 seconds, Stopping threads took: 0.0001556 seconds
2016-11-15T10:18:00.277+0100: 17277.469: Total time for which application threads were stopped: 0.0013630 seconds, Stopping threads took: 0.0001525 seconds
2016-11-15T10:18:03.975+0100: 17281.167: Total time for which application threads were stopped: 0.0013940 seconds, Stopping threads took: 0.0001657 seconds
2016-11-15T10:18:03.976+0100: 17281.168: Total time for which application threads were stopped: 0.0005939 seconds, Stopping threads took: 0.0000337 seconds
2016-11-15T10:18:03.976+0100: 17281.169: Total time for which application threads were stopped: 0.0005771 seconds, Stopping threads took: 0.0000320 seconds
2016-11-15T10:18:04.191+0100: 17281.383: Total time for which application threads were stopped: 0.0013711 seconds, Stopping threads took: 0.0001638 seconds
2016-11-15T10:18:09.407+0100: 17286.599: Total time for which application threads were stopped: 0.0013799 seconds, Stopping threads took: 0.0001777 seconds
2016-11-15T10:18:09.408+0100: 17286.600: Total time for which application threads were stopped: 0.0005700 seconds, Stopping threads took: 0.0000336 seconds
2016-11-15T10:18:09.408+0100: 17286.601: Total time for which application threads were stopped: 0.0005651 seconds, Stopping threads took: 0.0000301 seconds
2016-11-15T10:18:09.459+0100: 17286.652: Total time for which application threads were stopped: 0.0007206 seconds, Stopping threads took: 0.0000642 seconds
2016-11-15T10:18:20.120+0100: 17297.312: Total time for which application threads were stopped: 0.0014497 seconds, Stopping threads took: 0.0001585 seconds
2016-11-15T10:18:20.121+0100: 17297.313: Total time for which application threads were stopped: 0.0006188 seconds, Stopping threads took: 0.0000360 seconds
2016-11-15T10:18:20.122+0100: 17297.314: Total time for which application threads were stopped: 0.0006237 seconds, Stopping threads took: 0.0000334 seconds
2016-11-15T10:18:20.279+0100: 17297.472: Total time for which application threads were stopped: 0.0014145 seconds, Stopping threads took: 0.0001493 seconds
2016-11-15T10:18:24.281+0100: 17301.473: Total time for which application threads were stopped: 0.0013212 seconds, Stopping threads took: 0.0001612 seconds
2016-11-15T10:18:53.898+0100: 17331.090: Total time for which application threads were stopped: 0.0014242 seconds, Stopping threads took: 0.0001644 seconds
2016-11-15T10:18:53.899+0100: 17331.091: Total time for which application threads were stopped: 0.0005918 seconds, Stopping threads took: 0.0000359 seconds
2016-11-15T10:18:53.900+0100: 17331.092: Total time for which application threads were stopped: 0.0005843 seconds, Stopping threads took: 0.0000345 seconds
2016-11-15T10:18:54.012+0100: 17331.205: Total time for which application threads were stopped: 0.0013891 seconds, Stopping threads took: 0.0001517 seconds
2016-11-15T10:18:59.473+0100: 17336.666: Total time for which application threads were stopped: 0.0015185 seconds, Stopping threads took: 0.0001563 seconds
2016-11-15T10:18:59.474+0100: 17336.666: Total time for which application threads were stopped: 0.0006627 seconds, Stopping threads took: 0.0000696 seconds
2016-11-15T10:18:59.475+0100: 17336.667: Total time for which application threads were stopped: 0.0006845 seconds, Stopping threads took: 0.0000891 seconds
2016-11-15T10:18:59.519+0100: 17336.711: Total time for which application threads were stopped: 0.0008102 seconds, Stopping threads took: 0.0000796 seconds
2016-11-15T10:18:59.520+0100: 17336.712: Total time for which application threads were stopped: 0.0006231 seconds, Stopping threads took: 0.0000402 seconds
2016-11-15T10:18:59.520+0100: 17336.713: Total time for which application threads were stopped: 0.0006218 seconds, Stopping threads took: 0.0000389 seconds
2016-11-15T10:18:59.541+0100: 17336.734: Total time for which application threads were stopped: 0.0010155 seconds, Stopping threads took: 0.0000949 seconds
2016-11-15T10:19:14.702+0100: 17351.894: Total time for which application threads were stopped: 0.0014830 seconds, Stopping threads took: 0.0001674 seconds
2016-11-15T10:19:14.703+0100: 17351.895: Total time for which application threads were stopped: 0.0006014 seconds, Stopping threads took: 0.0000451 seconds
2016-11-15T10:19:14.704+0100: 17351.896: Total time for which application threads were stopped: 0.0009486 seconds, Stopping threads took: 0.0001237 seconds
2016-11-15T10:19:14.765+0100: 17351.958: Total time for which application threads were stopped: 0.0007978 seconds, Stopping threads took: 0.0000614 seconds
2016-11-15T10:19:26.767+0100: 17363.960: Total time for which application threads were stopped: 0.0013851 seconds, Stopping threads took: 0.0001496 seconds
2016-11-15T10:19:51.771+0100: 17388.963: Total time for which application threads were stopped: 0.0014583 seconds, Stopping threads took: 0.0001489 seconds
2016-11-15T10:20:27.457+0100: 17424.649: Total time for which application threads were stopped: 0.0034714 seconds, Stopping threads took: 0.0001507 seconds
2016-11-15T10:20:27.459+0100: 17424.652: Total time for which application threads were stopped: 0.0024222 seconds, Stopping threads took: 0.0000407 seconds
2016-11-15T10:20:27.462+0100: 17424.654: Total time for which application threads were stopped: 0.0025069 seconds, Stopping threads took: 0.0001243 seconds
2016-11-15T10:20:27.605+0100: 17424.797: Total time for which application threads were stopped: 0.0009191 seconds, Stopping threads took: 0.0000718 seconds
2016-11-15T10:20:27.606+0100: 17424.798: Total time for which application threads were stopped: 0.0005569 seconds, Stopping threads took: 0.0000306 seconds
2016-11-15T10:20:27.606+0100: 17424.799: Total time for which application threads were stopped: 0.0005666 seconds, Stopping threads took: 0.0000324 seconds
2016-11-15T10:20:27.870+0100: 17425.063: Total time for which application threads were stopped: 0.0008313 seconds, Stopping threads took: 0.0000840 seconds
2016-11-15T10:20:43.560+0100: 17440.752: Total time for which application threads were stopped: 0.0014895 seconds, Stopping threads took: 0.0001668 seconds
2016-11-15T10:20:43.561+0100: 17440.753: Total time for which application threads were stopped: 0.0007557 seconds, Stopping threads took: 0.0001303 seconds
2016-11-15T10:20:43.561+0100: 17440.754: Total time for which application threads were stopped: 0.0007209 seconds, Stopping threads took: 0.0001009 seconds
2016-11-15T10:20:43.642+0100: 17440.834: Total time for which application threads were stopped: 0.0007388 seconds, Stopping threads took: 0.0000664 seconds
2016-11-15T10:20:48.003+0100: 17445.196: Total time for which application threads were stopped: 0.0014527 seconds, Stopping threads took: 0.0002169 seconds
2016-11-15T10:20:48.007+0100: 17445.200: Total time for which application threads were stopped: 0.0007523 seconds, Stopping threads took: 0.0001244 seconds
2016-11-15T10:20:48.008+0100: 17445.201: Total time for which application threads were stopped: 0.0006575 seconds, Stopping threads took: 0.0001170 seconds
2016-11-15T10:20:48.009+0100: 17445.201: Total time for which application threads were stopped: 0.0006207 seconds, Stopping threads took: 0.0000756 seconds
2016-11-15T10:20:48.064+0100: 17445.257: Total time for which application threads were stopped: 0.0012724 seconds, Stopping threads took: 0.0001318 seconds
2016-11-15T10:20:48.065+0100: 17445.257: Total time for which application threads were stopped: 0.0005744 seconds, Stopping threads took: 0.0000335 seconds
2016-11-15T10:20:48.066+0100: 17445.258: Total time for which application threads were stopped: 0.0005670 seconds, Stopping threads took: 0.0000309 seconds
2016-11-15T10:20:48.093+0100: 17445.285: Total time for which application threads were stopped: 0.0008716 seconds, Stopping threads took: 0.0000752 seconds
2016-11-15T10:20:48.097+0100: 17445.289: Total time for which application threads were stopped: 0.0008524 seconds, Stopping threads took: 0.0000636 seconds
2016-11-15T10:20:48.098+0100: 17445.290: Total time for which application threads were stopped: 0.0006508 seconds, Stopping threads took: 0.0000374 seconds
2016-11-15T10:20:48.099+0100: 17445.291: Total time for which application threads were stopped: 0.0006172 seconds, Stopping threads took: 0.0000482 seconds
2016-11-15T10:20:48.429+0100: 17445.621: Total time for which application threads were stopped: 0.0016205 seconds, Stopping threads took: 0.0001441 seconds
2016-11-15T10:20:54.430+0100: 17451.622: Total time for which application threads were stopped: 0.0017114 seconds, Stopping threads took: 0.0001613 seconds
2016-11-15T10:20:54.431+0100: 17451.623: Total time for which application threads were stopped: 0.0006055 seconds, Stopping threads took: 0.0000379 seconds
2016-11-15T10:20:54.432+0100: 17451.624: Total time for which application threads were stopped: 0.0006282 seconds, Stopping threads took: 0.0000763 seconds
2016-11-15T10:20:54.480+0100: 17451.672: Total time for which application threads were stopped: 0.0007091 seconds, Stopping threads took: 0.0000623 seconds
2016-11-15T10:20:56.298+0100: 17453.491: Total time for which application threads were stopped: 0.0014978 seconds, Stopping threads took: 0.0001677 seconds
2016-11-15T10:21:36.156+0100: 17493.348: [GC pause (G1 Evacuation Pause) (young)
Desired survivor size 73924608 bytes, new threshold 15 (max 15)
- age   1:    1356832 bytes,    1356832 total
- age   2:     105896 bytes,    1462728 total
- age   3:     131728 bytes,    1594456 total
- age   4:    1075216 bytes,    2669672 total
- age   5:     754072 bytes,    3423744 total
- age   6:     677872 bytes,    4101616 total
- age   7:     565672 bytes,    4667288 total
- age   8:     627760 bytes,    5295048 total
- age   9:    9327448 bytes,   14622496 total
- age  10:    8879608 bytes,   23502104 total
- age  11:    3419952 bytes,   26922056 total
- age  12:     290416 bytes,   27212472 total
- age  13:     856592 bytes,   28069064 total
- age  14:    3886960 bytes,   31956024 total
- age  15:    1758200 bytes,   33714224 total
2016-11-15T10:21:36.193+0100: 17493.385: [SoftReference, 77 refs, 0.0056307 secs]2016-11-15T10:21:36.198+0100: 17493.391: [WeakReference, 37 refs, 0.0036191 secs]2016-11-15T10:21:36.202+0100: 17493.394: [FinalReference, 211 refs, 0.0037440 secs]2016-11-15T10:21:36.206+0100: 17493.398: [PhantomReference, 0 refs, 3 refs, 0.0063006 secs]2016-11-15T10:21:36.212+0100: 17493.404: [JNI Weak Reference, 0.0000352 secs], 0.0727932 secs]
   [Parallel Time: 33.5 ms, GC Workers: 43]
      [GC Worker Start (ms): Min: 17493349.0, Avg: 17493349.6, Max: 17493350.1, Diff: 1.0]
      [Ext Root Scanning (ms): Min: 2.0, Avg: 2.6, Max: 5.9, Diff: 4.0, Sum: 110.2]
      [Update RS (ms): Min: 2.2, Avg: 5.0, Max: 7.1, Diff: 4.9, Sum: 215.1]
         [Processed Buffers: Min: 2, Avg: 5.4, Max: 14, Diff: 12, Sum: 232]
      [Scan RS (ms): Min: 0.2, Avg: 0.7, Max: 1.1, Diff: 0.9, Sum: 30.4]
      [Code Root Scanning (ms): Min: 0.0, Avg: 0.2, Max: 0.6, Diff: 0.6, Sum: 9.3]
      [Object Copy (ms): Min: 21.6, Avg: 23.0, Max: 26.2, Diff: 4.6, Sum: 988.9]
      [Termination (ms): Min: 0.0, Avg: 0.1, Max: 0.2, Diff: 0.2, Sum: 4.7]
         [Termination Attempts: Min: 1, Avg: 17.6, Max: 33, Diff: 32, Sum: 756]
      [GC Worker Other (ms): Min: 0.0, Avg: 0.4, Max: 0.8, Diff: 0.8, Sum: 16.6]
      [GC Worker Total (ms): Min: 31.2, Avg: 32.0, Max: 32.8, Diff: 1.6, Sum: 1375.3]
      [GC Worker End (ms): Min: 17493381.2, Avg: 17493381.5, Max: 17493382.0, Diff: 0.8]
   [Code Root Fixup: 0.7 ms]
   [Code Root Purge: 0.1 ms]
   [String Dedup Fixup: 2.6 ms, GC Workers: 43]
      [Queue Fixup (ms): Min: 0.0, Avg: 0.0, Max: 0.0, Diff: 0.0, Sum: 0.2]
      [Table Fixup (ms): Min: 1.0, Avg: 1.4, Max: 2.0, Diff: 1.0, Sum: 62.1]
   [Clear CT: 6.4 ms]
   [Other: 29.5 ms]
      [Choose CSet: 0.0 ms]
      [Ref Proc: 21.3 ms]
      [Ref Enq: 1.3 ms]
      [Redirty Cards: 1.4 ms]
      [Humongous Register: 0.2 ms]
      [Humongous Reclaim: 0.1 ms]
      [Free CSet: 4.4 ms]
   [Eden: 1062.0M(1062.0M)->0.0B(1052.0M) Survivors: 66.0M->69.0M Heap: 1727.1M(2048.0M)->669.7M(2048.0M)]
 [Times: user=1.73 sys=0.04, real=0.08 secs] 
2016-11-15T10:21:36.229+0100: 17493.422: Total time for which application threads were stopped: 0.0748533 seconds, Stopping threads took: 0.0001588 seconds
2016-11-15T10:21:36.229+0100: 17493.422: [GC concurrent-string-deduplication, 8288.0B->1168.0B(7120.0B), avg 71.9%, 0.0002130 secs]
2016-11-15T10:21:36.231+0100: 17493.423: Total time for which application threads were stopped: 0.0012938 seconds, Stopping threads took: 0.0000749 seconds
2016-11-15T10:21:36.232+0100: 17493.424: Total time for which application threads were stopped: 0.0006590 seconds, Stopping threads took: 0.0000702 seconds
2016-11-15T10:21:36.235+0100: 17493.427: Total time for which application threads were stopped: 0.0029581 seconds, Stopping threads took: 0.0000968 seconds
2016-11-15T10:21:49.237+0100: 17506.429: Total time for which application threads were stopped: 0.0013622 seconds, Stopping threads took: 0.0001582 seconds
2016-11-15T10:21:54.636+0100: 17511.829: Total time for which application threads were stopped: 0.0013536 seconds, Stopping threads took: 0.0001532 seconds
2016-11-15T10:21:54.637+0100: 17511.830: Total time for which application threads were stopped: 0.0005862 seconds, Stopping threads took: 0.0000339 seconds
2016-11-15T10:21:54.638+0100: 17511.830: Total time for which application threads were stopped: 0.0005825 seconds, Stopping threads took: 0.0000366 seconds
2016-11-15T10:21:54.756+0100: 17511.949: Total time for which application threads were stopped: 0.0008789 seconds, Stopping threads took: 0.0000854 seconds
2016-11-15T10:21:55.568+0100: 17512.761: Total time for which application threads were stopped: 0.0013184 seconds, Stopping threads took: 0.0001447 seconds
2016-11-15T10:21:56.723+0100: 17513.915: Total time for which application threads were stopped: 0.0013004 seconds, Stopping threads took: 0.0001477 seconds
2016-11-15T10:21:56.724+0100: 17513.916: Total time for which application threads were stopped: 0.0006899 seconds, Stopping threads took: 0.0001019 seconds
2016-11-15T10:21:56.782+0100: 17513.974: Total time for which application threads were stopped: 0.0059437 seconds, Stopping threads took: 0.0000603 seconds
2016-11-15T10:21:57.677+0100: 17514.870: Total time for which application threads were stopped: 0.0014220 seconds, Stopping threads took: 0.0001450 seconds
2016-11-15T10:21:57.678+0100: 17514.871: Total time for which application threads were stopped: 0.0005803 seconds, Stopping threads took: 0.0000330 seconds
2016-11-15T10:21:57.679+0100: 17514.872: Total time for which application threads were stopped: 0.0008532 seconds, Stopping threads took: 0.0000298 seconds
2016-11-15T10:21:58.038+0100: 17515.231: Total time for which application threads were stopped: 0.0030825 seconds, Stopping threads took: 0.0000895 seconds
2016-11-15T10:21:59.040+0100: 17516.232: Total time for which application threads were stopped: 0.0014023 seconds, Stopping threads took: 0.0001411 seconds
2016-11-15T10:22:00.041+0100: 17517.234: Total time for which application threads were stopped: 0.0014257 seconds, Stopping threads took: 0.0001943 seconds
2016-11-15T10:22:01.043+0100: 17518.235: Total time for which application threads were stopped: 0.0015023 seconds, Stopping threads took: 0.0001585 seconds
2016-11-15T10:22:04.229+0100: 17521.421: Total time for which application threads were stopped: 0.0014857 seconds, Stopping threads took: 0.0001492 seconds
2016-11-15T10:22:04.230+0100: 17521.422: Total time for which application threads were stopped: 0.0006380 seconds, Stopping threads took: 0.0000371 seconds
2016-11-15T10:22:04.231+0100: 17521.423: Total time for which application threads were stopped: 0.0006117 seconds, Stopping threads took: 0.0000302 seconds
2016-11-15T10:22:04.284+0100: 17521.476: Total time for which application threads were stopped: 0.0011055 seconds, Stopping threads took: 0.0001020 seconds
2016-11-15T10:22:05.285+0100: 17522.478: Total time for which application threads were stopped: 0.0013401 seconds, Stopping threads took: 0.0001401 seconds
2016-11-15T10:22:08.856+0100: 17526.049: Total time for which application threads were stopped: 0.0013734 seconds, Stopping threads took: 0.0001524 seconds
2016-11-15T10:22:08.858+0100: 17526.050: Total time for which application threads were stopped: 0.0005868 seconds, Stopping threads took: 0.0000398 seconds
2016-11-15T10:22:08.858+0100: 17526.051: Total time for which application threads were stopped: 0.0005778 seconds, Stopping threads took: 0.0000316 seconds
2016-11-15T10:22:09.185+0100: 17526.378: Total time for which application threads were stopped: 0.0011721 seconds, Stopping threads took: 0.0001759 seconds
2016-11-15T10:22:12.187+0100: 17529.379: Total time for which application threads were stopped: 0.0014028 seconds, Stopping threads took: 0.0001767 seconds
2016-11-15T10:22:13.188+0100: 17530.381: Total time for which application threads were stopped: 0.0013975 seconds, Stopping threads took: 0.0001505 seconds
2016-11-15T10:22:14.190+0100: 17531.382: Total time for which application threads were stopped: 0.0014399 seconds, Stopping threads took: 0.0001540 seconds
2016-11-15T10:22:23.742+0100: 17540.935: Total time for which application threads were stopped: 0.0015165 seconds, Stopping threads took: 0.0001613 seconds
2016-11-15T10:22:24.744+0100: 17541.936: Total time for which application threads were stopped: 0.0013717 seconds, Stopping threads took: 0.0001413 seconds
2016-11-15T10:22:27.745+0100: 17544.938: Total time for which application threads were stopped: 0.0013843 seconds, Stopping threads took: 0.0001592 seconds
2016-11-15T10:22:36.918+0100: 17554.110: Total time for which application threads were stopped: 0.0013690 seconds, Stopping threads took: 0.0001507 seconds
2016-11-15T10:22:36.919+0100: 17554.111: Total time for which application threads were stopped: 0.0005792 seconds, Stopping threads took: 0.0000327 seconds
2016-11-15T10:22:36.919+0100: 17554.112: Total time for which application threads were stopped: 0.0005777 seconds, Stopping threads took: 0.0000348 seconds
2016-11-15T10:22:37.053+0100: 17554.246: Total time for which application threads were stopped: 0.0009322 seconds, Stopping threads took: 0.0000778 seconds
2016-11-15T10:22:37.127+0100: 17554.320: Total time for which application threads were stopped: 0.0007244 seconds, Stopping threads took: 0.0000587 seconds
2016-11-15T10:22:37.128+0100: 17554.320: Total time for which application threads were stopped: 0.0005913 seconds, Stopping threads took: 0.0000321 seconds
2016-11-15T10:22:37.129+0100: 17554.321: Total time for which application threads were stopped: 0.0006010 seconds, Stopping threads took: 0.0000307 seconds
2016-11-15T10:22:37.498+0100: 17554.690: Total time for which application threads were stopped: 0.0010875 seconds, Stopping threads took: 0.0001161 seconds
2016-11-15T10:22:38.473+0100: 17555.666: Total time for which application threads were stopped: 0.0011712 seconds, Stopping threads took: 0.0001298 seconds
2016-11-15T10:22:38.474+0100: 17555.666: Total time for which application threads were stopped: 0.0005749 seconds, Stopping threads took: 0.0000318 seconds
2016-11-15T10:22:38.475+0100: 17555.667: Total time for which application threads were stopped: 0.0005681 seconds, Stopping threads took: 0.0000319 seconds
2016-11-15T10:22:38.718+0100: 17555.910: Total time for which application threads were stopped: 0.0012078 seconds, Stopping threads took: 0.0001316 seconds
2016-11-15T10:22:38.719+0100: 17555.911: Total time for which application threads were stopped: 0.0005742 seconds, Stopping threads took: 0.0000314 seconds
2016-11-15T10:22:38.719+0100: 17555.912: Total time for which application threads were stopped: 0.0005681 seconds, Stopping threads took: 0.0000302 seconds
2016-11-15T10:22:38.898+0100: 17556.090: Total time for which application threads were stopped: 0.0008459 seconds, Stopping threads took: 0.0000763 seconds
2016-11-15T10:22:39.003+0100: 17556.195: Total time for which application threads were stopped: 0.0009840 seconds, Stopping threads took: 0.0000962 seconds
2016-11-15T10:22:40.919+0100: 17558.112: Total time for which application threads were stopped: 0.0013424 seconds, Stopping threads took: 0.0001579 seconds
2016-11-15T10:22:40.920+0100: 17558.113: Total time for which application threads were stopped: 0.0005867 seconds, Stopping threads took: 0.0000381 seconds
2016-11-15T10:22:40.921+0100: 17558.113: Total time for which application threads were stopped: 0.0005582 seconds, Stopping threads took: 0.0000300 seconds
2016-11-15T10:22:40.981+0100: 17558.174: Total time for which application threads were stopped: 0.0007324 seconds, Stopping threads took: 0.0000641 seconds
2016-11-15T10:22:42.241+0100: 17559.434: Total time for which application threads were stopped: 0.0013165 seconds, Stopping threads took: 0.0001444 seconds
2016-11-15T10:22:42.242+0100: 17559.435: Total time for which application threads were stopped: 0.0005807 seconds, Stopping threads took: 0.0000379 seconds
2016-11-15T10:22:42.243+0100: 17559.435: Total time for which application threads were stopped: 0.0005681 seconds, Stopping threads took: 0.0000306 seconds
2016-11-15T10:22:42.404+0100: 17559.597: Total time for which application threads were stopped: 0.0008836 seconds, Stopping threads took: 0.0000819 seconds
2016-11-15T10:22:47.406+0100: 17564.599: Total time for which application threads were stopped: 0.0016007 seconds, Stopping threads took: 0.0001552 seconds
2016-11-15T10:23:02.409+0100: 17579.601: Total time for which application threads were stopped: 0.0013559 seconds, Stopping threads took: 0.0001592 seconds
2016-11-15T10:23:03.012+0100: 17580.204: Total time for which application threads were stopped: 0.0014300 seconds, Stopping threads took: 0.0001553 seconds
2016-11-15T10:23:06.014+0100: 17583.206: Total time for which application threads were stopped: 0.0016663 seconds, Stopping threads took: 0.0001785 seconds
2016-11-15T10:23:12.016+0100: 17589.208: Total time for which application threads were stopped: 0.0014424 seconds, Stopping threads took: 0.0001501 seconds
2016-11-15T10:23:13.017+0100: 17590.210: Total time for which application threads were stopped: 0.0013342 seconds, Stopping threads took: 0.0001573 seconds
2016-11-15T10:23:22.019+0100: 17599.212: Total time for which application threads were stopped: 0.0014820 seconds, Stopping threads took: 0.0001575 seconds
2016-11-15T10:23:24.021+0100: 17601.213: Total time for which application threads were stopped: 0.0014422 seconds, Stopping threads took: 0.0001579 seconds
2016-11-15T10:23:33.023+0100: 17610.215: Total time for which application threads were stopped: 0.0013240 seconds, Stopping threads took: 0.0001549 seconds
2016-11-15T10:23:54.123+0100: 17631.315: Total time for which application threads were stopped: 0.0014788 seconds, Stopping threads took: 0.0001594 seconds
2016-11-15T10:24:04.892+0100: 17642.084: Total time for which application threads were stopped: 0.0014780 seconds, Stopping threads took: 0.0001571 seconds
2016-11-15T10:24:13.181+0100: 17650.374: Total time for which application threads were stopped: 0.0013885 seconds, Stopping threads took: 0.0001462 seconds
2016-11-15T10:24:13.183+0100: 17650.375: Total time for which application threads were stopped: 0.0009270 seconds, Stopping threads took: 0.0001321 seconds
2016-11-15T10:24:13.183+0100: 17650.376: Total time for which application threads were stopped: 0.0006192 seconds, Stopping threads took: 0.0000392 seconds
2016-11-15T10:24:13.439+0100: 17650.631: Total time for which application threads were stopped: 0.0013473 seconds, Stopping threads took: 0.0001386 seconds
2016-11-15T10:24:15.419+0100: 17652.612: Total time for which application threads were stopped: 0.0013543 seconds, Stopping threads took: 0.0001609 seconds
2016-11-15T10:24:15.421+0100: 17652.613: Total time for which application threads were stopped: 0.0006363 seconds, Stopping threads took: 0.0000491 seconds
2016-11-15T10:24:15.421+0100: 17652.614: Total time for which application threads were stopped: 0.0005719 seconds, Stopping threads took: 0.0000293 seconds
2016-11-15T10:24:15.589+0100: 17652.782: Total time for which application threads were stopped: 0.0007932 seconds, Stopping threads took: 0.0000733 seconds
2016-11-15T10:24:47.063+0100: 17684.255: Total time for which application threads were stopped: 0.0016220 seconds, Stopping threads took: 0.0002950 seconds
2016-11-15T10:24:48.064+0100: 17685.256: Total time for which application threads were stopped: 0.0013020 seconds, Stopping threads took: 0.0001500 seconds
2016-11-15T10:24:52.322+0100: 17689.514: Total time for which application threads were stopped: 0.0014677 seconds, Stopping threads took: 0.0001566 seconds
2016-11-15T10:25:08.324+0100: 17705.517: Total time for which application threads were stopped: 0.0014771 seconds, Stopping threads took: 0.0001588 seconds
2016-11-15T10:25:12.324+0100: 17709.516: Total time for which application threads were stopped: 0.0013789 seconds, Stopping threads took: 0.0001617 seconds
2016-11-15T10:25:12.325+0100: 17709.517: Total time for which application threads were stopped: 0.0005649 seconds, Stopping threads took: 0.0000341 seconds
2016-11-15T10:25:13.455+0100: 17710.648: Total time for which application threads were stopped: 0.0014077 seconds, Stopping threads took: 0.0001550 seconds
2016-11-15T10:25:25.049+0100: 17722.242: [GC pause (G1 Evacuation Pause) (young)
Desired survivor size 73924608 bytes, new threshold 15 (max 15)
- age   1:    1036984 bytes,    1036984 total
- age   2:    1029496 bytes,    2066480 total
- age   3:      89064 bytes,    2155544 total
- age   4:     126584 bytes,    2282128 total
- age   5:    1008592 bytes,    3290720 total
- age   6:     753960 bytes,    4044680 total
- age   7:     677832 bytes,    4722512 total
- age   8:     560448 bytes,    5282960 total
- age   9:     604536 bytes,    5887496 total
- age  10:    9327448 bytes,   15214944 total
- age  11:    8875168 bytes,   24090112 total
- age  12:    3419952 bytes,   27510064 total
- age  13:     290416 bytes,   27800480 total
- age  14:     856592 bytes,   28657072 total
- age  15:    3886848 bytes,   32543920 total
2016-11-15T10:25:25.087+0100: 17722.279: [SoftReference, 105 refs, 0.0058415 secs]2016-11-15T10:25:25.093+0100: 17722.285: [WeakReference, 28 refs, 0.0036649 secs]2016-11-15T10:25:25.096+0100: 17722.289: [FinalReference, 922 refs, 0.0039250 secs]2016-11-15T10:25:25.100+0100: 17722.293: [PhantomReference, 0 refs, 3 refs, 0.0067824 secs]2016-11-15T10:25:25.107+0100: 17722.299: [JNI Weak Reference, 0.0000280 secs], 0.0745879 secs]
   [Parallel Time: 34.5 ms, GC Workers: 43]
      [GC Worker Start (ms): Min: 17722242.1, Avg: 17722242.6, Max: 17722243.1, Diff: 1.0]
      [Ext Root Scanning (ms): Min: 1.6, Avg: 2.4, Max: 5.9, Diff: 4.3, Sum: 104.9]
      [Update RS (ms): Min: 1.6, Avg: 5.0, Max: 6.6, Diff: 5.0, Sum: 214.2]
         [Processed Buffers: Min: 1, Avg: 5.0, Max: 17, Diff: 16, Sum: 217]
      [Scan RS (ms): Min: 0.1, Avg: 0.7, Max: 1.3, Diff: 1.2, Sum: 30.5]
      [Code Root Scanning (ms): Min: 0.0, Avg: 0.2, Max: 0.6, Diff: 0.6, Sum: 7.5]
      [Object Copy (ms): Min: 23.5, Avg: 24.4, Max: 24.8, Diff: 1.3, Sum: 1051.0]
      [Termination (ms): Min: 0.0, Avg: 0.1, Max: 0.2, Diff: 0.1, Sum: 4.4]
         [Termination Attempts: Min: 1, Avg: 17.1, Max: 32, Diff: 31, Sum: 736]
      [GC Worker Other (ms): Min: 0.0, Avg: 0.4, Max: 0.9, Diff: 0.8, Sum: 17.3]
      [GC Worker Total (ms): Min: 32.6, Avg: 33.2, Max: 34.2, Diff: 1.6, Sum: 1429.7]
      [GC Worker End (ms): Min: 17722275.5, Avg: 17722275.9, Max: 17722276.3, Diff: 0.8]
   [Code Root Fixup: 0.7 ms]
   [Code Root Purge: 0.1 ms]
   [String Dedup Fixup: 2.7 ms, GC Workers: 43]
      [Queue Fixup (ms): Min: 0.0, Avg: 0.0, Max: 0.0, Diff: 0.0, Sum: 0.2]
      [Table Fixup (ms): Min: 0.9, Avg: 1.4, Max: 1.9, Diff: 1.0, Sum: 61.0]
   [Clear CT: 6.3 ms]
   [Other: 30.3 ms]
      [Choose CSet: 0.0 ms]
      [Ref Proc: 22.2 ms]
      [Ref Enq: 1.3 ms]
      [Redirty Cards: 1.4 ms]
      [Humongous Register: 0.2 ms]
      [Humongous Reclaim: 0.0 ms]
      [Free CSet: 4.5 ms]
   [Eden: 1052.0M(1052.0M)->0.0B(1056.0M) Survivors: 69.0M->65.0M Heap: 1721.7M(2048.0M)->669.9M(2048.0M)]
 [Times: user=1.76 sys=0.04, real=0.08 secs] 
2016-11-15T10:25:25.124+0100: 17722.317: Total time for which application threads were stopped: 0.0766600 seconds, Stopping threads took: 0.0001599 seconds
2016-11-15T10:25:25.125+0100: 17722.317: [GC concurrent-string-deduplication, 35.9K->5928.0B(30.1K), avg 71.9%, 0.0007084 secs]
2016-11-15T10:25:25.126+0100: 17722.319: Total time for which application threads were stopped: 0.0013136 seconds, Stopping threads took: 0.0000794 seconds
2016-11-15T10:25:25.127+0100: 17722.319: Total time for which application threads were stopped: 0.0006224 seconds, Stopping threads took: 0.0000493 seconds
2016-11-15T10:25:44.921+0100: 17742.114: Total time for which application threads were stopped: 0.0015362 seconds, Stopping threads took: 0.0001675 seconds
2016-11-15T10:25:44.923+0100: 17742.115: Total time for which application threads were stopped: 0.0006420 seconds, Stopping threads took: 0.0000411 seconds
2016-11-15T10:25:44.923+0100: 17742.116: Total time for which application threads were stopped: 0.0005955 seconds, Stopping threads took: 0.0000311 seconds
2016-11-15T10:25:44.943+0100: 17742.135: Total time for which application threads were stopped: 0.0008284 seconds, Stopping threads took: 0.0000701 seconds
2016-11-15T10:25:54.945+0100: 17752.137: Total time for which application threads were stopped: 0.0014580 seconds, Stopping threads took: 0.0001529 seconds
2016-11-15T10:26:01.947+0100: 17759.139: Total time for which application threads were stopped: 0.0013336 seconds, Stopping threads took: 0.0001512 seconds
2016-11-15T10:26:18.391+0100: 17775.583: Total time for which application threads were stopped: 0.0014592 seconds, Stopping threads took: 0.0001599 seconds
2016-11-15T10:26:22.300+0100: 17779.493: Total time for which application threads were stopped: 0.0014165 seconds, Stopping threads took: 0.0001571 seconds
2016-11-15T10:26:24.302+0100: 17781.494: Total time for which application threads were stopped: 0.0012971 seconds, Stopping threads took: 0.0001379 seconds
2016-11-15T10:26:39.640+0100: 17796.832: Total time for which application threads were stopped: 0.0013962 seconds, Stopping threads took: 0.0001545 seconds
2016-11-15T10:27:33.941+0100: 17851.133: Total time for which application threads were stopped: 0.0015244 seconds, Stopping threads took: 0.0001594 seconds
2016-11-15T10:27:33.942+0100: 17851.134: Total time for which application threads were stopped: 0.0006179 seconds, Stopping threads took: 0.0000319 seconds
2016-11-15T10:27:33.942+0100: 17851.135: Total time for which application threads were stopped: 0.0006085 seconds, Stopping threads took: 0.0000323 seconds
2016-11-15T10:27:34.218+0100: 17851.410: Total time for which application threads were stopped: 0.0008730 seconds, Stopping threads took: 0.0000888 seconds
2016-11-15T10:27:38.369+0100: 17855.562: Total time for which application threads were stopped: 0.0015054 seconds, Stopping threads took: 0.0001525 seconds
2016-11-15T10:27:38.370+0100: 17855.563: Total time for which application threads were stopped: 0.0006444 seconds, Stopping threads took: 0.0000371 seconds
2016-11-15T10:27:38.371+0100: 17855.563: Total time for which application threads were stopped: 0.0006180 seconds, Stopping threads took: 0.0000300 seconds
2016-11-15T10:27:38.547+0100: 17855.739: Total time for which application threads were stopped: 0.0007566 seconds, Stopping threads took: 0.0000597 seconds
2016-11-15T10:27:39.548+0100: 17856.741: Total time for which application threads were stopped: 0.0014429 seconds, Stopping threads took: 0.0001561 seconds
2016-11-15T10:27:57.738+0100: 17874.930: Total time for which application threads were stopped: 0.0015642 seconds, Stopping threads took: 0.0001511 seconds
2016-11-15T10:28:01.886+0100: 17879.078: Total time for which application threads were stopped: 0.0015188 seconds, Stopping threads took: 0.0001517 seconds
2016-11-15T10:28:02.964+0100: 17880.156: Total time for which application threads were stopped: 0.0014621 seconds, Stopping threads took: 0.0001518 seconds
2016-11-15T10:28:07.966+0100: 17885.158: Total time for which application threads were stopped: 0.0014561 seconds, Stopping threads took: 0.0001559 seconds
2016-11-15T10:28:14.647+0100: 17891.839: Total time for which application threads were stopped: 0.0014658 seconds, Stopping threads took: 0.0001596 seconds
2016-11-15T10:28:14.648+0100: 17891.840: Total time for which application threads were stopped: 0.0006209 seconds, Stopping threads took: 0.0000332 seconds
2016-11-15T10:28:14.648+0100: 17891.841: Total time for which application threads were stopped: 0.0006139 seconds, Stopping threads took: 0.0000349 seconds
2016-11-15T10:28:14.854+0100: 17892.047: Total time for which application threads were stopped: 0.0008683 seconds, Stopping threads took: 0.0000693 seconds
2016-11-15T10:28:18.496+0100: 17895.689: Total time for which application threads were stopped: 0.0014698 seconds, Stopping threads took: 0.0001642 seconds
2016-11-15T10:28:18.497+0100: 17895.690: Total time for which application threads were stopped: 0.0006555 seconds, Stopping threads took: 0.0000397 seconds
2016-11-15T10:28:18.498+0100: 17895.690: Total time for which application threads were stopped: 0.0006013 seconds, Stopping threads took: 0.0000313 seconds
2016-11-15T10:28:18.681+0100: 17895.873: Total time for which application threads were stopped: 0.0008307 seconds, Stopping threads took: 0.0000728 seconds
2016-11-15T10:28:22.966+0100: 17900.159: Total time for which application threads were stopped: 0.0014272 seconds, Stopping threads took: 0.0001535 seconds
2016-11-15T10:28:22.967+0100: 17900.159: Total time for which application threads were stopped: 0.0006021 seconds, Stopping threads took: 0.0000343 seconds
2016-11-15T10:28:30.969+0100: 17908.161: Total time for which application threads were stopped: 0.0014907 seconds, Stopping threads took: 0.0001569 seconds
2016-11-15T10:28:37.971+0100: 17915.163: Total time for which application threads were stopped: 0.0014361 seconds, Stopping threads took: 0.0001597 seconds
2016-11-15T10:28:39.772+0100: 17916.964: Total time for which application threads were stopped: 0.0015851 seconds, Stopping threads took: 0.0001974 seconds
2016-11-15T10:28:44.980+0100: 17922.172: Total time for which application threads were stopped: 0.0014774 seconds, Stopping threads took: 0.0001602 seconds
2016-11-15T10:28:54.982+0100: 17932.174: Total time for which application threads were stopped: 0.0014890 seconds, Stopping threads took: 0.0001598 seconds
2016-11-15T10:28:54.982+0100: 17932.175: Total time for which application threads were stopped: 0.0006066 seconds, Stopping threads took: 0.0000365 seconds
2016-11-15T10:28:58.984+0100: 17936.177: Total time for which application threads were stopped: 0.0014500 seconds, Stopping threads took: 0.0001541 seconds
2016-11-15T10:29:06.986+0100: 17944.179: Total time for which application threads were stopped: 0.0016470 seconds, Stopping threads took: 0.0002895 seconds
2016-11-15T10:29:07.988+0100: 17945.180: Total time for which application threads were stopped: 0.0014209 seconds, Stopping threads took: 0.0001439 seconds
2016-11-15T10:29:15.990+0100: 17953.182: Total time for which application threads were stopped: 0.0014350 seconds, Stopping threads took: 0.0001671 seconds
2016-11-15T10:29:24.208+0100: 17961.401: Total time for which application threads were stopped: 0.0014766 seconds, Stopping threads took: 0.0001525 seconds
2016-11-15T10:29:34.879+0100: 17972.071: Total time for which application threads were stopped: 0.0044568 seconds, Stopping threads took: 0.0003183 seconds
2016-11-15T10:29:35.880+0100: 17973.073: Total time for which application threads were stopped: 0.0014015 seconds, Stopping threads took: 0.0001333 seconds
2016-11-15T10:29:36.882+0100: 17974.074: Total time for which application threads were stopped: 0.0013181 seconds, Stopping threads took: 0.0001321 seconds
2016-11-15T10:29:39.884+0100: 17977.076: Total time for which application threads were stopped: 0.0014779 seconds, Stopping threads took: 0.0001424 seconds
2016-11-15T10:29:42.885+0100: 17980.078: Total time for which application threads were stopped: 0.0014762 seconds, Stopping threads took: 0.0001555 seconds
2016-11-15T10:29:42.912+0100: 17980.104: Total time for which application threads were stopped: 0.0007464 seconds, Stopping threads took: 0.0000502 seconds
2016-11-15T10:29:42.913+0100: 17980.105: Total time for which application threads were stopped: 0.0006193 seconds, Stopping threads took: 0.0000324 seconds
2016-11-15T10:29:42.913+0100: 17980.106: Total time for which application threads were stopped: 0.0006225 seconds, Stopping threads took: 0.0000312 seconds
2016-11-15T10:29:43.083+0100: 17980.276: Total time for which application threads were stopped: 0.0007922 seconds, Stopping threads took: 0.0000668 seconds
2016-11-15T10:29:46.085+0100: 17983.277: Total time for which application threads were stopped: 0.0014640 seconds, Stopping threads took: 0.0001565 seconds
2016-11-15T10:29:50.087+0100: 17987.279: Total time for which application threads were stopped: 0.0015530 seconds, Stopping threads took: 0.0002056 seconds
2016-11-15T10:29:51.088+0100: 17988.281: Total time for which application threads were stopped: 0.0012822 seconds, Stopping threads took: 0.0001278 seconds
2016-11-15T10:29:53.338+0100: 17990.530: Total time for which application threads were stopped: 0.0037843 seconds, Stopping threads took: 0.0001687 seconds
2016-11-15T10:29:53.341+0100: 17990.534: Total time for which application threads were stopped: 0.0027249 seconds, Stopping threads took: 0.0000439 seconds
2016-11-15T10:29:53.344+0100: 17990.536: Total time for which application threads were stopped: 0.0024806 seconds, Stopping threads took: 0.0000430 seconds
2016-11-15T10:29:53.349+0100: 17990.541: Total time for which application threads were stopped: 0.0008930 seconds, Stopping threads took: 0.0000587 seconds
2016-11-15T10:29:53.349+0100: 17990.542: Total time for which application threads were stopped: 0.0005944 seconds, Stopping threads took: 0.0000294 seconds
2016-11-15T10:29:53.350+0100: 17990.543: Total time for which application threads were stopped: 0.0006135 seconds, Stopping threads took: 0.0000363 seconds
2016-11-15T10:29:53.485+0100: 17990.677: Total time for which application threads were stopped: 0.0007320 seconds, Stopping threads took: 0.0000657 seconds
2016-11-15T10:29:57.846+0100: 17995.038: [GC pause (G1 Evacuation Pause) (young)
Desired survivor size 73924608 bytes, new threshold 15 (max 15)
- age   1:    2329352 bytes,    2329352 total
- age   2:     896552 bytes,    3225904 total
- age   3:    1027576 bytes,    4253480 total
- age   4:      81944 bytes,    4335424 total
- age   5:     123960 bytes,    4459384 total
- age   6:    1007448 bytes,    5466832 total
- age   7:     753752 bytes,    6220584 total
- age   8:     620968 bytes,    6841552 total
- age   9:     558776 bytes,    7400328 total
- age  10:     604536 bytes,    8004864 total
- age  11:    9327448 bytes,   17332312 total
- age  12:    8875168 bytes,   26207480 total
- age  13:    3419952 bytes,   29627432 total
- age  14:     283992 bytes,   29911424 total
- age  15:     856592 bytes,   30768016 total
2016-11-15T10:29:57.883+0100: 17995.075: [SoftReference, 130 refs, 0.0052360 secs]2016-11-15T10:29:57.888+0100: 17995.080: [WeakReference, 12 refs, 0.0033577 secs]2016-11-15T10:29:57.891+0100: 17995.084: [FinalReference, 240 refs, 0.0034227 secs]2016-11-15T10:29:57.895+0100: 17995.087: [PhantomReference, 0 refs, 4 refs, 0.0071826 secs]2016-11-15T10:29:57.902+0100: 17995.094: [JNI Weak Reference, 0.0000290 secs], 0.0724354 secs]
   [Parallel Time: 33.7 ms, GC Workers: 43]
      [GC Worker Start (ms): Min: 17995038.8, Avg: 17995039.3, Max: 17995039.8, Diff: 1.0]
      [Ext Root Scanning (ms): Min: 1.8, Avg: 2.4, Max: 5.6, Diff: 3.8, Sum: 104.8]
      [Update RS (ms): Min: 4.1, Avg: 6.0, Max: 8.0, Diff: 3.9, Sum: 258.4]
         [Processed Buffers: Min: 1, Avg: 5.7, Max: 21, Diff: 20, Sum: 243]
      [Scan RS (ms): Min: 0.1, Avg: 0.6, Max: 1.2, Diff: 1.1, Sum: 26.6]
      [Code Root Scanning (ms): Min: 0.0, Avg: 0.2, Max: 0.5, Diff: 0.5, Sum: 8.7]
      [Object Copy (ms): Min: 21.2, Avg: 22.1, Max: 22.4, Diff: 1.2, Sum: 951.5]
      [Termination (ms): Min: 0.0, Avg: 0.1, Max: 0.2, Diff: 0.1, Sum: 4.7]
         [Termination Attempts: Min: 1, Avg: 16.7, Max: 28, Diff: 27, Sum: 720]
      [GC Worker Other (ms): Min: 0.0, Avg: 0.4, Max: 0.9, Diff: 0.9, Sum: 17.5]
      [GC Worker Total (ms): Min: 31.1, Avg: 31.9, Max: 32.7, Diff: 1.6, Sum: 1372.1]
      [GC Worker End (ms): Min: 17995070.8, Avg: 17995071.2, Max: 17995071.7, Diff: 0.9]
   [Code Root Fixup: 0.7 ms]
   [Code Root Purge: 0.1 ms]
   [String Dedup Fixup: 2.2 ms, GC Workers: 43]
      [Queue Fixup (ms): Min: 0.0, Avg: 0.0, Max: 0.0, Diff: 0.0, Sum: 0.2]
      [Table Fixup (ms): Min: 0.9, Avg: 1.4, Max: 1.8, Diff: 0.9, Sum: 60.9]
   [Clear CT: 6.2 ms]
   [Other: 29.5 ms]
      [Choose CSet: 0.0 ms]
      [Ref Proc: 21.2 ms]
      [Ref Enq: 1.4 ms]
      [Redirty Cards: 1.3 ms]
      [Humongous Register: 0.2 ms]
      [Humongous Reclaim: 0.1 ms]
      [Free CSet: 4.5 ms]
   [Eden: 1056.0M(1056.0M)->0.0B(1064.0M) Survivors: 65.0M->59.0M Heap: 1726.9M(2048.0M)->667.9M(2048.0M)]
 [Times: user=1.73 sys=0.02, real=0.07 secs] 
2016-11-15T10:29:57.919+0100: 17995.111: Total time for which application threads were stopped: 0.0745633 seconds, Stopping threads took: 0.0001687 seconds
2016-11-15T10:29:57.919+0100: 17995.111: [GC concurrent-string-deduplication, 27.1K->1552.0B(25.6K), avg 71.9%, 0.0002982 secs]
2016-11-15T10:29:57.920+0100: 17995.113: Total time for which application threads were stopped: 0.0014159 seconds, Stopping threads took: 0.0000921 seconds
2016-11-15T10:30:00.922+0100: 17998.115: Total time for which application threads were stopped: 0.0016589 seconds, Stopping threads took: 0.0001614 seconds
2016-11-15T10:30:13.925+0100: 18011.117: Total time for which application threads were stopped: 0.0015745 seconds, Stopping threads took: 0.0001745 seconds
2016-11-15T10:30:58.777+0100: 18055.970: Total time for which application threads were stopped: 0.0014001 seconds, Stopping threads took: 0.0001535 seconds
2016-11-15T10:30:58.778+0100: 18055.971: Total time for which application threads were stopped: 0.0005947 seconds, Stopping threads took: 0.0000343 seconds
2016-11-15T10:30:58.779+0100: 18055.971: Total time for which application threads were stopped: 0.0005682 seconds, Stopping threads took: 0.0000306 seconds
2016-11-15T10:30:59.009+0100: 18056.202: Total time for which application threads were stopped: 0.0008638 seconds, Stopping threads took: 0.0000847 seconds
2016-11-15T10:31:03.265+0100: 18060.457: Total time for which application threads were stopped: 0.0013553 seconds, Stopping threads took: 0.0001532 seconds
2016-11-15T10:31:03.266+0100: 18060.458: Total time for which application threads were stopped: 0.0005818 seconds, Stopping threads took: 0.0000370 seconds
2016-11-15T10:31:03.266+0100: 18060.459: Total time for which application threads were stopped: 0.0005590 seconds, Stopping threads took: 0.0000303 seconds
2016-11-15T10:31:03.417+0100: 18060.609: Total time for which application threads were stopped: 0.0008373 seconds, Stopping threads took: 0.0000767 seconds
2016-11-15T10:31:07.474+0100: 18064.666: Total time for which application threads were stopped: 0.0015568 seconds, Stopping threads took: 0.0001591 seconds
2016-11-15T10:31:12.878+0100: 18070.070: Total time for which application threads were stopped: 0.0013658 seconds, Stopping threads took: 0.0001586 seconds
2016-11-15T10:31:22.880+0100: 18080.072: Total time for which application threads were stopped: 0.0013709 seconds, Stopping threads took: 0.0001612 seconds
2016-11-15T10:31:22.881+0100: 18080.073: Total time for which application threads were stopped: 0.0005730 seconds, Stopping threads took: 0.0000336 seconds
2016-11-15T10:31:23.586+0100: 18080.778: Total time for which application threads were stopped: 0.0011695 seconds, Stopping threads took: 0.0001363 seconds
2016-11-15T10:31:23.587+0100: 18080.780: Total time for which application threads were stopped: 0.0006153 seconds, Stopping threads took: 0.0000438 seconds
2016-11-15T10:31:23.588+0100: 18080.780: Total time for which application threads were stopped: 0.0005537 seconds, Stopping threads took: 0.0000291 seconds
2016-11-15T10:31:23.639+0100: 18080.832: Total time for which application threads were stopped: 0.0006802 seconds, Stopping threads took: 0.0000584 seconds
2016-11-15T10:31:23.643+0100: 18080.836: Total time for which application threads were stopped: 0.0006701 seconds, Stopping threads took: 0.0000482 seconds
2016-11-15T10:31:27.727+0100: 18084.920: Total time for which application threads were stopped: 0.0015035 seconds, Stopping threads took: 0.0002016 seconds
2016-11-15T10:31:27.728+0100: 18084.921: Total time for which application threads were stopped: 0.0006808 seconds, Stopping threads took: 0.0000705 seconds
2016-11-15T10:31:27.729+0100: 18084.921: Total time for which application threads were stopped: 0.0006865 seconds, Stopping threads took: 0.0000740 seconds
2016-11-15T10:31:27.842+0100: 18085.034: Total time for which application threads were stopped: 0.0009214 seconds, Stopping threads took: 0.0001655 seconds
2016-11-15T10:31:32.185+0100: 18089.378: Total time for which application threads were stopped: 0.0014255 seconds, Stopping threads took: 0.0001594 seconds
2016-11-15T10:31:32.187+0100: 18089.379: Total time for which application threads were stopped: 0.0006404 seconds, Stopping threads took: 0.0000431 seconds
2016-11-15T10:31:32.187+0100: 18089.380: Total time for which application threads were stopped: 0.0005618 seconds, Stopping threads took: 0.0000305 seconds
2016-11-15T10:31:32.251+0100: 18089.443: Total time for which application threads were stopped: 0.0028974 seconds, Stopping threads took: 0.0000589 seconds
2016-11-15T10:31:32.309+0100: 18089.502: Total time for which application threads were stopped: 0.0010095 seconds, Stopping threads took: 0.0000657 seconds
2016-11-15T10:31:52.312+0100: 18109.504: Total time for which application threads were stopped: 0.0014681 seconds, Stopping threads took: 0.0001589 seconds
2016-11-15T10:32:03.314+0100: 18120.507: Total time for which application threads were stopped: 0.0013516 seconds, Stopping threads took: 0.0001574 seconds
2016-11-15T10:32:07.316+0100: 18124.508: Total time for which application threads were stopped: 0.0014871 seconds, Stopping threads took: 0.0001604 seconds
2016-11-15T10:32:16.318+0100: 18133.510: Total time for which application threads were stopped: 0.0013573 seconds, Stopping threads took: 0.0001598 seconds
2016-11-15T10:33:37.325+0100: 18214.518: Total time for which application threads were stopped: 0.0014206 seconds, Stopping threads took: 0.0001709 seconds
2016-11-15T10:33:40.412+0100: 18217.604: [GC pause (G1 Evacuation Pause) (young)
Desired survivor size 73924608 bytes, new threshold 15 (max 15)
- age   1:     958656 bytes,     958656 total
- age   2:    2158296 bytes,    3116952 total
- age   3:     887592 bytes,    4004544 total
- age   4:     960712 bytes,    4965256 total
- age   5:      79176 bytes,    5044432 total
- age   6:     122648 bytes,    5167080 total
- age   7:    1007448 bytes,    6174528 total
- age   8:     643344 bytes,    6817872 total
- age   9:     616456 bytes,    7434328 total
- age  10:     557464 bytes,    7991792 total
- age  11:     604536 bytes,    8596328 total
- age  12:    9327408 bytes,   17923736 total
- age  13:    8875168 bytes,   26798904 total
- age  14:    3418264 bytes,   30217168 total
- age  15:     283952 bytes,   30501120 total
2016-11-15T10:33:40.445+0100: 18217.638: [SoftReference, 90 refs, 0.0053501 secs]2016-11-15T10:33:40.451+0100: 18217.643: [WeakReference, 14 refs, 0.0031064 secs]2016-11-15T10:33:40.454+0100: 18217.646: [FinalReference, 168 refs, 0.0031589 secs]2016-11-15T10:33:40.457+0100: 18217.649: [PhantomReference, 0 refs, 3 refs, 0.0067251 secs]2016-11-15T10:33:40.464+0100: 18217.656: [JNI Weak Reference, 0.0000275 secs], 0.0676542 secs]
   [Parallel Time: 29.5 ms, GC Workers: 43]
      [GC Worker Start (ms): Min: 18217605.0, Avg: 18217605.5, Max: 18217606.0, Diff: 1.1]
      [Ext Root Scanning (ms): Min: 1.7, Avg: 2.4, Max: 5.8, Diff: 4.1, Sum: 102.0]
      [Update RS (ms): Min: 1.4, Avg: 4.5, Max: 5.8, Diff: 4.4, Sum: 192.9]
         [Processed Buffers: Min: 1, Avg: 5.0, Max: 19, Diff: 18, Sum: 213]
      [Scan RS (ms): Min: 0.1, Avg: 0.6, Max: 1.0, Diff: 0.9, Sum: 25.1]
      [Code Root Scanning (ms): Min: 0.0, Avg: 0.1, Max: 0.7, Diff: 0.7, Sum: 5.9]
      [Object Copy (ms): Min: 19.3, Avg: 19.7, Max: 20.0, Diff: 0.7, Sum: 848.7]
      [Termination (ms): Min: 0.0, Avg: 0.1, Max: 0.1, Diff: 0.1, Sum: 2.2]
         [Termination Attempts: Min: 1, Avg: 6.0, Max: 11, Diff: 10, Sum: 259]
      [GC Worker Other (ms): Min: 0.0, Avg: 0.4, Max: 0.8, Diff: 0.8, Sum: 16.1]
      [GC Worker Total (ms): Min: 27.1, Avg: 27.7, Max: 28.6, Diff: 1.5, Sum: 1192.9]
      [GC Worker End (ms): Min: 18217632.9, Avg: 18217633.3, Max: 18217633.7, Diff: 0.8]
   [Code Root Fixup: 0.7 ms]
   [Code Root Purge: 0.0 ms]
   [String Dedup Fixup: 2.0 ms, GC Workers: 43]
      [Queue Fixup (ms): Min: 0.0, Avg: 0.0, Max: 0.0, Diff: 0.0, Sum: 0.2]
      [Table Fixup (ms): Min: 1.0, Avg: 1.4, Max: 1.9, Diff: 0.9, Sum: 60.5]
   [Clear CT: 6.3 ms]
   [Other: 29.1 ms]
      [Choose CSet: 0.0 ms]
      [Ref Proc: 21.0 ms]
      [Ref Enq: 1.3 ms]
      [Redirty Cards: 1.3 ms]
      [Humongous Register: 0.2 ms]
      [Humongous Reclaim: 0.0 ms]
      [Free CSet: 4.5 ms]
   [Eden: 1064.0M(1064.0M)->0.0B(1047.0M) Survivors: 59.0M->67.0M Heap: 1731.9M(2048.0M)->676.8M(2048.0M)]
 [Times: user=1.56 sys=0.02, real=0.07 secs] 
2016-11-15T10:33:40.480+0100: 18217.672: Total time for which application threads were stopped: 0.0698675 seconds, Stopping threads took: 0.0002179 seconds
2016-11-15T10:33:40.482+0100: 18217.674: Total time for which application threads were stopped: 0.0016334 seconds, Stopping threads took: 0.0002105 seconds
2016-11-15T10:33:40.483+0100: 18217.675: Total time for which application threads were stopped: 0.0009113 seconds, Stopping threads took: 0.0002055 seconds
2016-11-15T10:33:40.484+0100: 18217.677: [GC concurrent-string-deduplication, 79.7K->39.8K(39.8K), avg 71.9%, 0.0013816 secs]
2016-11-15T10:33:54.806+0100: 18231.999: Total time for which application threads were stopped: 0.0015995 seconds, Stopping threads took: 0.0001680 seconds
2016-11-15T10:34:01.808+0100: 18239.001: Total time for which application threads were stopped: 0.0014951 seconds, Stopping threads took: 0.0001716 seconds
2016-11-15T10:35:38.817+0100: 18336.009: Total time for which application threads were stopped: 0.0015487 seconds, Stopping threads took: 0.0001495 seconds
2016-11-15T10:35:41.818+0100: 18339.011: Total time for which application threads were stopped: 0.0013454 seconds, Stopping threads took: 0.0001708 seconds
2016-11-15T10:36:00.821+0100: 18358.013: Total time for which application threads were stopped: 0.0013790 seconds, Stopping threads took: 0.0001558 seconds
2016-11-15T10:37:25.318+0100: 18442.510: [GC pause (G1 Evacuation Pause) (young)
Desired survivor size 73400320 bytes, new threshold 15 (max 15)
- age   1:    1082152 bytes,    1082152 total
- age   2:     756512 bytes,    1838664 total
- age   3:    1696808 bytes,    3535472 total
- age   4:     852032 bytes,    4387504 total
- age   5:     958920 bytes,    5346424 total
- age   6:      79152 bytes,    5425576 total
- age   7:     122648 bytes,    5548224 total
- age   8:     982048 bytes,    6530272 total
- age   9:     643344 bytes,    7173616 total
- age  10:     615504 bytes,    7789120 total
- age  11:     557464 bytes,    8346584 total
- age  12:     601912 bytes,    8948496 total
- age  13:    9327408 bytes,   18275904 total
- age  14:    8875128 bytes,   27151032 total
- age  15:    3418264 bytes,   30569296 total
2016-11-15T10:37:25.353+0100: 18442.545: [SoftReference, 62 refs, 0.0059040 secs]2016-11-15T10:37:25.359+0100: 18442.551: [WeakReference, 7 refs, 0.0031950 secs]2016-11-15T10:37:25.362+0100: 18442.554: [FinalReference, 16 refs, 0.0032128 secs]2016-11-15T10:37:25.365+0100: 18442.557: [PhantomReference, 0 refs, 3 refs, 0.0070673 secs]2016-11-15T10:37:25.372+0100: 18442.564: [JNI Weak Reference, 0.0000278 secs], 0.0701457 secs]
   [Parallel Time: 31.5 ms, GC Workers: 43]
      [GC Worker Start (ms): Min: 18442511.0, Avg: 18442511.5, Max: 18442512.0, Diff: 1.0]
      [Ext Root Scanning (ms): Min: 1.8, Avg: 2.6, Max: 8.2, Diff: 6.4, Sum: 111.2]
      [Update RS (ms): Min: 0.8, Avg: 6.0, Max: 8.3, Diff: 7.4, Sum: 258.6]
         [Processed Buffers: Min: 2, Avg: 5.9, Max: 18, Diff: 16, Sum: 254]
      [Scan RS (ms): Min: 0.1, Avg: 0.6, Max: 0.8, Diff: 0.7, Sum: 25.5]
      [Code Root Scanning (ms): Min: 0.0, Avg: 0.1, Max: 0.6, Diff: 0.6, Sum: 5.8]
      [Object Copy (ms): Min: 18.7, Avg: 20.1, Max: 20.5, Diff: 1.8, Sum: 863.2]
      [Termination (ms): Min: 0.0, Avg: 0.0, Max: 0.1, Diff: 0.0, Sum: 1.3]
         [Termination Attempts: Min: 1, Avg: 2.3, Max: 5, Diff: 4, Sum: 98]
      [GC Worker Other (ms): Min: 0.1, Avg: 0.4, Max: 0.9, Diff: 0.8, Sum: 17.1]
      [GC Worker Total (ms): Min: 29.1, Avg: 29.8, Max: 30.6, Diff: 1.5, Sum: 1282.7]
      [GC Worker End (ms): Min: 18442541.0, Avg: 18442541.3, Max: 18442541.8, Diff: 0.8]
   [Code Root Fixup: 0.6 ms]
   [Code Root Purge: 0.0 ms]
   [String Dedup Fixup: 2.1 ms, GC Workers: 43]
      [Queue Fixup (ms): Min: 0.0, Avg: 0.0, Max: 0.0, Diff: 0.0, Sum: 0.2]
      [Table Fixup (ms): Min: 0.8, Avg: 1.4, Max: 1.9, Diff: 1.1, Sum: 59.6]
   [Clear CT: 6.3 ms]
   [Other: 29.7 ms]
      [Choose CSet: 0.0 ms]
      [Ref Proc: 21.4 ms]
      [Ref Enq: 1.4 ms]
      [Redirty Cards: 1.3 ms]
      [Humongous Register: 0.2 ms]
      [Humongous Reclaim: 0.1 ms]
      [Free CSet: 4.4 ms]
   [Eden: 1047.0M(1047.0M)->0.0B(1055.0M) Survivors: 67.0M->58.0M Heap: 1729.8M(2048.0M)->673.8M(2048.0M)]
 [Times: user=1.62 sys=0.04, real=0.07 secs] 
2016-11-15T10:37:25.389+0100: 18442.581: Total time for which application threads were stopped: 0.0723162 seconds, Stopping threads took: 0.0001600 seconds
2016-11-15T10:37:25.389+0100: 18442.582: [GC concurrent-string-deduplication, 40.6K->4952.0B(35.8K), avg 71.9%, 0.0006276 secs]
2016-11-15T10:37:35.754+0100: 18452.946: Total time for which application threads were stopped: 0.0013631 seconds, Stopping threads took: 0.0001524 seconds
2016-11-15T10:37:35.754+0100: 18452.947: Total time for which application threads were stopped: 0.0005822 seconds, Stopping threads took: 0.0000340 seconds
2016-11-15T10:37:35.755+0100: 18452.947: Total time for which application threads were stopped: 0.0005774 seconds, Stopping threads took: 0.0000304 seconds
2016-11-15T10:37:35.907+0100: 18453.099: Total time for which application threads were stopped: 0.0007797 seconds, Stopping threads took: 0.0000688 seconds
2016-11-15T10:38:15.911+0100: 18493.104: Total time for which application threads were stopped: 0.0015351 seconds, Stopping threads took: 0.0001711 seconds
2016-11-15T10:38:21.136+0100: 18498.328: Total time for which application threads were stopped: 0.0015848 seconds, Stopping threads took: 0.0002499 seconds
2016-11-15T10:38:21.175+0100: 18498.367: Total time for which application threads were stopped: 0.0011816 seconds, Stopping threads took: 0.0001222 seconds
2016-11-15T10:38:21.539+0100: 18498.731: Total time for which application threads were stopped: 0.0015783 seconds, Stopping threads took: 0.0001574 seconds
2016-11-15T10:38:22.540+0100: 18499.733: Total time for which application threads were stopped: 0.0014831 seconds, Stopping threads took: 0.0001550 seconds
2016-11-15T10:38:27.441+0100: 18504.634: Total time for which application threads were stopped: 0.0014025 seconds, Stopping threads took: 0.0001601 seconds
2016-11-15T10:38:27.442+0100: 18504.635: Total time for which application threads were stopped: 0.0006061 seconds, Stopping threads took: 0.0000457 seconds
2016-11-15T10:38:27.443+0100: 18504.635: Total time for which application threads were stopped: 0.0006001 seconds, Stopping threads took: 0.0000440 seconds
2016-11-15T10:38:27.482+0100: 18504.674: Total time for which application threads were stopped: 0.0007452 seconds, Stopping threads took: 0.0000614 seconds
2016-11-15T10:38:32.245+0100: 18509.438: Total time for which application threads were stopped: 0.0013806 seconds, Stopping threads took: 0.0001568 seconds
2016-11-15T10:38:32.246+0100: 18509.439: Total time for which application threads were stopped: 0.0005843 seconds, Stopping threads took: 0.0000324 seconds
2016-11-15T10:38:32.247+0100: 18509.439: Total time for which application threads were stopped: 0.0005760 seconds, Stopping threads took: 0.0000314 seconds
2016-11-15T10:38:32.322+0100: 18509.515: Total time for which application threads were stopped: 0.0007861 seconds, Stopping threads took: 0.0000699 seconds
2016-11-15T10:38:49.340+0100: 18526.532: Total time for which application threads were stopped: 0.0013953 seconds, Stopping threads took: 0.0001767 seconds
2016-11-15T10:38:49.341+0100: 18526.533: Total time for which application threads were stopped: 0.0005751 seconds, Stopping threads took: 0.0000343 seconds
2016-11-15T10:38:49.341+0100: 18526.534: Total time for which application threads were stopped: 0.0005895 seconds, Stopping threads took: 0.0000318 seconds
2016-11-15T10:38:49.380+0100: 18526.572: Total time for which application threads were stopped: 0.0006897 seconds, Stopping threads took: 0.0000533 seconds
2016-11-15T10:38:51.950+0100: 18529.142: Total time for which application threads were stopped: 0.0013492 seconds, Stopping threads took: 0.0001481 seconds
2016-11-15T10:38:51.951+0100: 18529.143: Total time for which application threads were stopped: 0.0005940 seconds, Stopping threads took: 0.0000347 seconds
2016-11-15T10:38:51.951+0100: 18529.144: Total time for which application threads were stopped: 0.0005791 seconds, Stopping threads took: 0.0000322 seconds
2016-11-15T10:38:52.130+0100: 18529.322: Total time for which application threads were stopped: 0.0010343 seconds, Stopping threads took: 0.0001053 seconds
2016-11-15T10:38:58.132+0100: 18535.324: Total time for which application threads were stopped: 0.0014346 seconds, Stopping threads took: 0.0001540 seconds
2016-11-15T10:39:02.302+0100: 18539.495: Total time for which application threads were stopped: 0.0015157 seconds, Stopping threads took: 0.0001703 seconds
2016-11-15T10:39:03.304+0100: 18540.496: Total time for which application threads were stopped: 0.0013055 seconds, Stopping threads took: 0.0001326 seconds
2016-11-15T10:39:04.843+0100: 18542.035: Total time for which application threads were stopped: 0.0013340 seconds, Stopping threads took: 0.0001346 seconds
2016-11-15T10:39:04.844+0100: 18542.036: Total time for which application threads were stopped: 0.0006135 seconds, Stopping threads took: 0.0000327 seconds
2016-11-15T10:39:04.844+0100: 18542.037: Total time for which application threads were stopped: 0.0006073 seconds, Stopping threads took: 0.0000304 seconds
2016-11-15T10:39:05.040+0100: 18542.233: Total time for which application threads were stopped: 0.0010226 seconds, Stopping threads took: 0.0000921 seconds
2016-11-15T10:39:08.090+0100: 18545.283: Total time for which application threads were stopped: 0.0013693 seconds, Stopping threads took: 0.0001550 seconds
2016-11-15T10:39:08.091+0100: 18545.283: Total time for which application threads were stopped: 0.0005816 seconds, Stopping threads took: 0.0000326 seconds
2016-11-15T10:39:08.092+0100: 18545.284: Total time for which application threads were stopped: 0.0005769 seconds, Stopping threads took: 0.0000308 seconds
2016-11-15T10:39:08.215+0100: 18545.407: Total time for which application threads were stopped: 0.0007719 seconds, Stopping threads took: 0.0000647 seconds
2016-11-15T10:39:08.460+0100: 18545.652: Total time for which application threads were stopped: 0.0009829 seconds, Stopping threads took: 0.0001002 seconds
2016-11-15T10:39:08.461+0100: 18545.653: Total time for which application threads were stopped: 0.0006048 seconds, Stopping threads took: 0.0000297 seconds
2016-11-15T10:39:08.462+0100: 18545.654: Total time for which application threads were stopped: 0.0006876 seconds, Stopping threads took: 0.0000288 seconds
2016-11-15T10:39:08.627+0100: 18545.820: Total time for which application threads were stopped: 0.0007359 seconds, Stopping threads took: 0.0000667 seconds
2016-11-15T10:39:12.629+0100: 18549.822: Total time for which application threads were stopped: 0.0013823 seconds, Stopping threads took: 0.0001583 seconds
2016-11-15T10:39:13.831+0100: 18551.023: Total time for which application threads were stopped: 0.0014326 seconds, Stopping threads took: 0.0001466 seconds
2016-11-15T10:39:13.832+0100: 18551.025: Total time for which application threads were stopped: 0.0006164 seconds, Stopping threads took: 0.0000371 seconds
2016-11-15T10:39:13.833+0100: 18551.025: Total time for which application threads were stopped: 0.0005992 seconds, Stopping threads took: 0.0000309 seconds
2016-11-15T10:39:13.956+0100: 18551.149: Total time for which application threads were stopped: 0.0009852 seconds, Stopping threads took: 0.0000925 seconds
2016-11-15T10:39:14.958+0100: 18552.150: Total time for which application threads were stopped: 0.0014526 seconds, Stopping threads took: 0.0001483 seconds
2016-11-15T10:39:34.961+0100: 18572.153: Total time for which application threads were stopped: 0.0013483 seconds, Stopping threads took: 0.0001572 seconds
2016-11-15T10:39:46.658+0100: 18583.850: Total time for which application threads were stopped: 0.0013959 seconds, Stopping threads took: 0.0001496 seconds
2016-11-15T10:39:46.658+0100: 18583.851: Total time for which application threads were stopped: 0.0005933 seconds, Stopping threads took: 0.0000349 seconds
2016-11-15T10:39:46.659+0100: 18583.851: Total time for which application threads were stopped: 0.0005781 seconds, Stopping threads took: 0.0000301 seconds
2016-11-15T10:39:46.816+0100: 18584.009: Total time for which application threads were stopped: 0.0007711 seconds, Stopping threads took: 0.0000665 seconds
2016-11-15T10:39:47.818+0100: 18585.010: Total time for which application threads were stopped: 0.0012866 seconds, Stopping threads took: 0.0001420 seconds
2016-11-15T10:39:54.107+0100: 18591.299: Total time for which application threads were stopped: 0.0014002 seconds, Stopping threads took: 0.0002040 seconds
2016-11-15T10:39:54.108+0100: 18591.300: Total time for which application threads were stopped: 0.0006181 seconds, Stopping threads took: 0.0000620 seconds
2016-11-15T10:39:54.109+0100: 18591.301: Total time for which application threads were stopped: 0.0006149 seconds, Stopping threads took: 0.0000615 seconds
2016-11-15T10:39:54.407+0100: 18591.600: Total time for which application threads were stopped: 0.0009634 seconds, Stopping threads took: 0.0000868 seconds
2016-11-15T10:39:55.409+0100: 18592.601: Total time for which application threads were stopped: 0.0013245 seconds, Stopping threads took: 0.0001516 seconds
2016-11-15T10:40:28.412+0100: 18625.605: Total time for which application threads were stopped: 0.0013780 seconds, Stopping threads took: 0.0001471 seconds
2016-11-15T10:41:05.417+0100: 18662.609: Total time for which application threads were stopped: 0.0015247 seconds, Stopping threads took: 0.0001587 seconds
2016-11-15T10:41:09.418+0100: 18666.611: Total time for which application threads were stopped: 0.0014072 seconds, Stopping threads took: 0.0001696 seconds
2016-11-15T10:41:37.583+0100: 18694.775: [GC pause (G1 Evacuation Pause) (young)
Desired survivor size 73400320 bytes, new threshold 15 (max 15)
- age   1:    4982112 bytes,    4982112 total
- age   2:     639856 bytes,    5621968 total
- age   3:     721952 bytes,    6343920 total
- age   4:    1262520 bytes,    7606440 total
- age   5:     852032 bytes,    8458472 total
- age   6:     958920 bytes,    9417392 total
- age   7:      76384 bytes,    9493776 total
- age   8:     121560 bytes,    9615336 total
- age   9:     982048 bytes,   10597384 total
- age  10:     640720 bytes,   11238104 total
- age  11:     615504 bytes,   11853608 total
- age  12:     557464 bytes,   12411072 total
- age  13:     601912 bytes,   13012984 total
- age  14:    9327408 bytes,   22340392 total
- age  15:    8872416 bytes,   31212808 total
2016-11-15T10:41:37.622+0100: 18694.815: [SoftReference, 96 refs, 0.0048461 secs]2016-11-15T10:41:37.627+0100: 18694.820: [WeakReference, 50 refs, 0.0030396 secs]2016-11-15T10:41:37.630+0100: 18694.823: [FinalReference, 579 refs, 0.0031391 secs]2016-11-15T10:41:37.633+0100: 18694.826: [PhantomReference, 0 refs, 3 refs, 0.0059333 secs]2016-11-15T10:41:37.639+0100: 18694.832: [JNI Weak Reference, 0.0000373 secs], 0.0725172 secs]
   [Parallel Time: 36.3 ms, GC Workers: 43]
      [GC Worker Start (ms): Min: 18694775.9, Avg: 18694776.5, Max: 18694777.0, Diff: 1.0]
      [Ext Root Scanning (ms): Min: 1.9, Avg: 2.6, Max: 7.9, Diff: 6.0, Sum: 110.9]
      [Update RS (ms): Min: 3.3, Avg: 8.0, Max: 9.3, Diff: 6.0, Sum: 345.5]
         [Processed Buffers: Min: 2, Avg: 7.0, Max: 17, Diff: 15, Sum: 302]
      [Scan RS (ms): Min: 0.1, Avg: 0.6, Max: 0.9, Diff: 0.8, Sum: 25.1]
      [Code Root Scanning (ms): Min: 0.0, Avg: 0.1, Max: 0.4, Diff: 0.4, Sum: 5.8]
      [Object Copy (ms): Min: 22.4, Avg: 22.9, Max: 23.3, Diff: 0.9, Sum: 984.1]
      [Termination (ms): Min: 0.0, Avg: 0.1, Max: 0.1, Diff: 0.1, Sum: 2.8]
         [Termination Attempts: Min: 1, Avg: 11.9, Max: 33, Diff: 32, Sum: 510]
      [GC Worker Other (ms): Min: 0.0, Avg: 0.4, Max: 0.8, Diff: 0.8, Sum: 17.0]
      [GC Worker Total (ms): Min: 33.9, Avg: 34.7, Max: 35.5, Diff: 1.6, Sum: 1491.3]
      [GC Worker End (ms): Min: 18694810.8, Avg: 18694811.1, Max: 18694811.6, Diff: 0.8]
   [Code Root Fixup: 0.7 ms]
   [Code Root Purge: 0.0 ms]
   [String Dedup Fixup: 2.3 ms, GC Workers: 43]
      [Queue Fixup (ms): Min: 0.0, Avg: 0.0, Max: 0.0, Diff: 0.0, Sum: 0.2]
      [Table Fixup (ms): Min: 0.0, Avg: 1.3, Max: 1.9, Diff: 1.9, Sum: 57.8]
   [Clear CT: 6.0 ms]
   [Other: 27.2 ms]
      [Choose CSet: 0.0 ms]
      [Ref Proc: 19.0 ms]
      [Ref Enq: 1.2 ms]
      [Redirty Cards: 1.3 ms]
      [Humongous Register: 0.2 ms]
      [Humongous Reclaim: 0.1 ms]
      [Free CSet: 4.5 ms]
   [Eden: 1055.0M(1055.0M)->0.0B(1028.0M) Survivors: 58.0M->62.0M Heap: 1737.8M(2048.0M)->693.0M(2048.0M)]
 [Times: user=1.82 sys=0.02, real=0.07 secs] 
2016-11-15T10:41:37.656+0100: 18694.848: Total time for which application threads were stopped: 0.0747720 seconds, Stopping threads took: 0.0001955 seconds
2016-11-15T10:41:37.658+0100: 18694.850: Total time for which application threads were stopped: 0.0015091 seconds, Stopping threads took: 0.0001328 seconds
2016-11-15T10:41:37.659+0100: 18694.851: Total time for which application threads were stopped: 0.0008193 seconds, Stopping threads took: 0.0001404 seconds
2016-11-15T10:41:37.659+0100: 18694.851: [GC concurrent-string-deduplication, 41.6K->3864.0B(37.9K), avg 71.9%, 0.0006820 secs]
2016-11-15T10:42:03.300+0100: 18720.493: Total time for which application threads were stopped: 0.0013899 seconds, Stopping threads took: 0.0001484 seconds
2016-11-15T10:42:03.301+0100: 18720.494: Total time for which application threads were stopped: 0.0006030 seconds, Stopping threads took: 0.0000344 seconds
2016-11-15T10:42:03.302+0100: 18720.494: Total time for which application threads were stopped: 0.0006512 seconds, Stopping threads took: 0.0000746 seconds
2016-11-15T10:42:03.499+0100: 18720.691: Total time for which application threads were stopped: 0.0008480 seconds, Stopping threads took: 0.0000830 seconds
2016-11-15T10:42:15.402+0100: 18732.595: Total time for which application threads were stopped: 0.0014053 seconds, Stopping threads took: 0.0001595 seconds
2016-11-15T10:42:15.403+0100: 18732.596: Total time for which application threads were stopped: 0.0005808 seconds, Stopping threads took: 0.0000322 seconds
2016-11-15T10:42:15.404+0100: 18732.596: Total time for which application threads were stopped: 0.0005751 seconds, Stopping threads took: 0.0000317 seconds
2016-11-15T10:42:15.449+0100: 18732.642: Total time for which application threads were stopped: 0.0007043 seconds, Stopping threads took: 0.0000616 seconds
2016-11-15T10:42:27.452+0100: 18744.644: Total time for which application threads were stopped: 0.0014347 seconds, Stopping threads took: 0.0001966 seconds
2016-11-15T10:43:59.030+0100: 18836.222: Total time for which application threads were stopped: 0.0016765 seconds, Stopping threads took: 0.0001499 seconds
2016-11-15T10:44:04.267+0100: 18841.460: Total time for which application threads were stopped: 0.0014601 seconds, Stopping threads took: 0.0001637 seconds
2016-11-15T10:44:11.269+0100: 18848.462: Total time for which application threads were stopped: 0.0013407 seconds, Stopping threads took: 0.0001505 seconds
2016-11-15T10:44:14.269+0100: 18851.461: Total time for which application threads were stopped: 0.0013802 seconds, Stopping threads took: 0.0001663 seconds
2016-11-15T10:44:14.270+0100: 18851.462: Total time for which application threads were stopped: 0.0005909 seconds, Stopping threads took: 0.0000349 seconds
2016-11-15T10:44:30.111+0100: 18867.303: Total time for which application threads were stopped: 0.0015230 seconds, Stopping threads took: 0.0001528 seconds
2016-11-15T10:44:35.294+0100: 18872.486: Total time for which application threads were stopped: 0.0014978 seconds, Stopping threads took: 0.0001542 seconds
2016-11-15T10:44:44.576+0100: 18881.768: Total time for which application threads were stopped: 0.0015386 seconds, Stopping threads took: 0.0002401 seconds
2016-11-15T10:44:44.576+0100: 18881.769: Total time for which application threads were stopped: 0.0006245 seconds, Stopping threads took: 0.0000386 seconds
2016-11-15T10:44:44.577+0100: 18881.769: Total time for which application threads were stopped: 0.0006133 seconds, Stopping threads took: 0.0000346 seconds
2016-11-15T10:44:44.578+0100: 18881.770: Total time for which application threads were stopped: 0.0006489 seconds, Stopping threads took: 0.0000339 seconds
2016-11-15T10:44:44.579+0100: 18881.771: Total time for which application threads were stopped: 0.0009138 seconds, Stopping threads took: 0.0001638 seconds
2016-11-15T10:44:44.579+0100: 18881.772: Total time for which application threads were stopped: 0.0006368 seconds, Stopping threads took: 0.0000400 seconds
2016-11-15T10:44:44.580+0100: 18881.773: Total time for which application threads were stopped: 0.0006188 seconds, Stopping threads took: 0.0000379 seconds
2016-11-15T10:44:44.581+0100: 18881.773: Total time for which application threads were stopped: 0.0006459 seconds, Stopping threads took: 0.0000355 seconds
2016-11-15T10:45:00.296+0100: 18897.489: Total time for which application threads were stopped: 0.0013770 seconds, Stopping threads took: 0.0001597 seconds
2016-11-15T10:45:03.881+0100: 18901.074: Total time for which application threads were stopped: 0.0015360 seconds, Stopping threads took: 0.0001526 seconds
2016-11-15T10:45:06.219+0100: 18903.412: Total time for which application threads were stopped: 0.0014344 seconds, Stopping threads took: 0.0001609 seconds
2016-11-15T10:45:06.220+0100: 18903.413: Total time for which application threads were stopped: 0.0005906 seconds, Stopping threads took: 0.0000347 seconds
2016-11-15T10:45:06.222+0100: 18903.415: Total time for which application threads were stopped: 0.0007291 seconds, Stopping threads took: 0.0001309 seconds
2016-11-15T10:45:06.224+0100: 18903.416: Total time for which application threads were stopped: 0.0007371 seconds, Stopping threads took: 0.0001401 seconds
2016-11-15T10:45:06.226+0100: 18903.418: Total time for which application threads were stopped: 0.0006846 seconds, Stopping threads took: 0.0000928 seconds
2016-11-15T10:45:06.227+0100: 18903.419: Total time for which application threads were stopped: 0.0006355 seconds, Stopping threads took: 0.0000737 seconds
2016-11-15T10:45:09.134+0100: 18906.326: Total time for which application threads were stopped: 0.0014396 seconds, Stopping threads took: 0.0001531 seconds
2016-11-15T10:45:19.135+0100: 18916.328: Total time for which application threads were stopped: 0.0013831 seconds, Stopping threads took: 0.0001582 seconds
2016-11-15T10:45:19.136+0100: 18916.329: Total time for which application threads were stopped: 0.0005627 seconds, Stopping threads took: 0.0000336 seconds
2016-11-15T10:45:20.023+0100: 18917.215: Total time for which application threads were stopped: 0.0012811 seconds, Stopping threads took: 0.0001215 seconds
2016-11-15T10:45:25.258+0100: 18922.450: Total time for which application threads were stopped: 0.0014425 seconds, Stopping threads took: 0.0001758 seconds
2016-11-15T10:45:35.260+0100: 18932.452: Total time for which application threads were stopped: 0.0014959 seconds, Stopping threads took: 0.0001631 seconds
2016-11-15T10:45:35.260+0100: 18932.453: Total time for which application threads were stopped: 0.0005993 seconds, Stopping threads took: 0.0000344 seconds
2016-11-15T10:45:38.733+0100: 18935.925: Total time for which application threads were stopped: 0.0013972 seconds, Stopping threads took: 0.0001499 seconds
2016-11-15T10:45:43.106+0100: 18940.298: [GC pause (G1 Evacuation Pause) (young)
Desired survivor size 71827456 bytes, new threshold 15 (max 15)
- age   1:    8974024 bytes,    8974024 total
- age   2:    4839328 bytes,   13813352 total
- age   3:     633208 bytes,   14446560 total
- age   4:     684496 bytes,   15131056 total
- age   5:    1260808 bytes,   16391864 total
- age   6:     852008 bytes,   17243872 total
- age   7:     935472 bytes,   18179344 total
- age   8:      75632 bytes,   18254976 total
- age   9:     120536 bytes,   18375512 total
- age  10:     931440 bytes,   19306952 total
- age  11:     640656 bytes,   19947608 total
- age  12:     577344 bytes,   20524952 total
- age  13:     557464 bytes,   21082416 total
- age  14:     601912 bytes,   21684328 total
- age  15:    9327288 bytes,   31011616 total
2016-11-15T10:45:43.160+0100: 18940.353: [SoftReference, 39 refs, 0.0056980 secs]2016-11-15T10:45:43.166+0100: 18940.358: [WeakReference, 38 refs, 0.0037875 secs]2016-11-15T10:45:43.170+0100: 18940.362: [FinalReference, 136 refs, 0.0033456 secs]2016-11-15T10:45:43.173+0100: 18940.365: [PhantomReference, 0 refs, 3 refs, 0.0064851 secs]2016-11-15T10:45:43.180+0100: 18940.372: [JNI Weak Reference, 0.0000306 secs], 0.0907559 secs]
   [Parallel Time: 51.3 ms, GC Workers: 43]
      [GC Worker Start (ms): Min: 18940298.8, Avg: 18940299.3, Max: 18940299.8, Diff: 1.0]
      [Ext Root Scanning (ms): Min: 2.0, Avg: 2.6, Max: 7.1, Diff: 5.1, Sum: 113.1]
      [Update RS (ms): Min: 8.8, Avg: 11.3, Max: 13.1, Diff: 4.3, Sum: 484.9]
         [Processed Buffers: Min: 3, Avg: 8.7, Max: 20, Diff: 17, Sum: 372]
      [Scan RS (ms): Min: 0.1, Avg: 0.6, Max: 1.3, Diff: 1.2, Sum: 26.0]
      [Code Root Scanning (ms): Min: 0.0, Avg: 0.2, Max: 0.5, Diff: 0.5, Sum: 7.1]
      [Object Copy (ms): Min: 33.0, Avg: 34.3, Max: 35.2, Diff: 2.2, Sum: 1472.9]
      [Termination (ms): Min: 0.0, Avg: 0.6, Max: 0.8, Diff: 0.8, Sum: 26.7]
         [Termination Attempts: Min: 1, Avg: 118.0, Max: 171, Diff: 170, Sum: 5076]
      [GC Worker Other (ms): Min: 0.0, Avg: 0.4, Max: 0.9, Diff: 0.8, Sum: 17.0]
      [GC Worker Total (ms): Min: 49.1, Avg: 49.9, Max: 50.8, Diff: 1.6, Sum: 2147.6]
      [GC Worker End (ms): Min: 18940348.9, Avg: 18940349.3, Max: 18940349.7, Diff: 0.8]
   [Code Root Fixup: 0.6 ms]
   [Code Root Purge: 0.0 ms]
   [String Dedup Fixup: 2.8 ms, GC Workers: 43]
      [Queue Fixup (ms): Min: 0.0, Avg: 0.0, Max: 0.2, Diff: 0.2, Sum: 1.1]
      [Table Fixup (ms): Min: 0.8, Avg: 1.4, Max: 1.8, Diff: 1.0, Sum: 61.1]
   [Clear CT: 6.6 ms]
   [Other: 29.4 ms]
      [Choose CSet: 0.0 ms]
      [Ref Proc: 21.3 ms]
      [Ref Enq: 1.3 ms]
      [Redirty Cards: 1.3 ms]
      [Humongous Register: 0.2 ms]
      [Humongous Reclaim: 0.1 ms]
      [Free CSet: 4.3 ms]
   [Eden: 1028.0M(1028.0M)->0.0B(982.0M) Survivors: 62.0M->71.0M Heap: 1733.0M(2048.0M)->722.8M(2048.0M)]
 [Times: user=2.48 sys=0.05, real=0.09 secs] 
2016-11-15T10:45:43.197+0100: 18940.389: Total time for which application threads were stopped: 0.0928334 seconds, Stopping threads took: 0.0001564 seconds
2016-11-15T10:45:43.199+0100: 18940.391: Total time for which application threads were stopped: 0.0014629 seconds, Stopping threads took: 0.0001258 seconds
2016-11-15T10:45:43.212+0100: 18940.404: [GC concurrent-string-deduplication, 1870.3K->680.0B(1869.6K), avg 72.9%, 0.0131808 secs]
2016-11-15T10:45:44.125+0100: 18941.317: Total time for which application threads were stopped: 0.0011703 seconds, Stopping threads took: 0.0001240 seconds
2016-11-15T10:45:54.127+0100: 18951.319: Total time for which application threads were stopped: 0.0013879 seconds, Stopping threads took: 0.0001643 seconds
2016-11-15T10:45:54.127+0100: 18951.320: Total time for which application threads were stopped: 0.0005947 seconds, Stopping threads took: 0.0000463 seconds
2016-11-15T10:46:23.851+0100: 18981.044: Total time for which application threads were stopped: 0.0015189 seconds, Stopping threads took: 0.0002116 seconds
2016-11-15T10:46:24.853+0100: 18982.045: Total time for which application threads were stopped: 0.0012104 seconds, Stopping threads took: 0.0001260 seconds
2016-11-15T10:46:29.202+0100: 18986.395: Total time for which application threads were stopped: 0.0014769 seconds, Stopping threads took: 0.0001501 seconds
2016-11-15T10:46:30.795+0100: 18987.987: Total time for which application threads were stopped: 0.0017547 seconds, Stopping threads took: 0.0004373 seconds
2016-11-15T10:46:30.796+0100: 18987.988: Total time for which application threads were stopped: 0.0007184 seconds, Stopping threads took: 0.0001199 seconds
2016-11-15T10:46:30.797+0100: 18987.989: Total time for which application threads were stopped: 0.0006752 seconds, Stopping threads took: 0.0000907 seconds
2016-11-15T10:46:30.797+0100: 18987.990: Total time for which application threads were stopped: 0.0006831 seconds, Stopping threads took: 0.0000729 seconds
2016-11-15T10:46:30.798+0100: 18987.991: Total time for which application threads were stopped: 0.0006742 seconds, Stopping threads took: 0.0000755 seconds
2016-11-15T10:46:30.799+0100: 18987.991: Total time for which application threads were stopped: 0.0006831 seconds, Stopping threads took: 0.0000906 seconds
2016-11-15T10:46:30.800+0100: 18987.992: Total time for which application threads were stopped: 0.0006772 seconds, Stopping threads took: 0.0000734 seconds
2016-11-15T10:46:30.800+0100: 18987.993: Total time for which application threads were stopped: 0.0006640 seconds, Stopping threads took: 0.0000630 seconds
2016-11-15T10:46:59.205+0100: 19016.397: Total time for which application threads were stopped: 0.0014461 seconds, Stopping threads took: 0.0001644 seconds
2016-11-15T10:47:01.035+0100: 19018.228: Total time for which application threads were stopped: 0.0015749 seconds, Stopping threads took: 0.0002171 seconds
2016-11-15T10:47:09.037+0100: 19026.230: Total time for which application threads were stopped: 0.0013591 seconds, Stopping threads took: 0.0001572 seconds
2016-11-15T10:47:17.039+0100: 19034.232: Total time for which application threads were stopped: 0.0014673 seconds, Stopping threads took: 0.0001808 seconds
2016-11-15T10:47:19.573+0100: 19036.766: Total time for which application threads were stopped: 0.0014843 seconds, Stopping threads took: 0.0001574 seconds
2016-11-15T10:47:31.576+0100: 19048.768: Total time for which application threads were stopped: 0.0014201 seconds, Stopping threads took: 0.0001429 seconds
2016-11-15T10:47:44.955+0100: 19062.148: Total time for which application threads were stopped: 0.0016207 seconds, Stopping threads took: 0.0001651 seconds
2016-11-15T10:47:44.957+0100: 19062.149: Total time for which application threads were stopped: 0.0008446 seconds, Stopping threads took: 0.0000525 seconds
2016-11-15T10:47:44.958+0100: 19062.150: Total time for which application threads were stopped: 0.0006836 seconds, Stopping threads took: 0.0000355 seconds
2016-11-15T10:47:45.157+0100: 19062.349: Total time for which application threads were stopped: 0.0016609 seconds, Stopping threads took: 0.0001784 seconds
2016-11-15T10:47:58.159+0100: 19075.352: Total time for which application threads were stopped: 0.0016160 seconds, Stopping threads took: 0.0002185 seconds
2016-11-15T10:48:07.162+0100: 19084.354: Total time for which application threads were stopped: 0.0014819 seconds, Stopping threads took: 0.0001637 seconds
2016-11-15T10:48:09.163+0100: 19086.356: Total time for which application threads were stopped: 0.0015207 seconds, Stopping threads took: 0.0001538 seconds
2016-11-15T10:48:35.167+0100: 19112.359: Total time for which application threads were stopped: 0.0013891 seconds, Stopping threads took: 0.0001669 seconds
2016-11-15T10:48:41.169+0100: 19118.361: Total time for which application threads were stopped: 0.0014991 seconds, Stopping threads took: 0.0001470 seconds
2016-11-15T10:48:58.616+0100: 19135.809: [GC pause (G1 Evacuation Pause) (young)
Desired survivor size 69206016 bytes, new threshold 15 (max 15)
- age   1:   14824456 bytes,   14824456 total
- age   2:    8709752 bytes,   23534208 total
- age   3:    4804576 bytes,   28338784 total
- age   4:     556816 bytes,   28895600 total
- age   5:     683696 bytes,   29579296 total
- age   6:    1260664 bytes,   30839960 total
- age   7:     851912 bytes,   31691872 total
- age   8:     934088 bytes,   32625960 total
- age   9:      75632 bytes,   32701592 total
- age  10:     119976 bytes,   32821568 total
- age  11:     876288 bytes,   33697856 total
- age  12:     640656 bytes,   34338512 total
- age  13:     576648 bytes,   34915160 total
- age  14:     557464 bytes,   35472624 total
- age  15:     601912 bytes,   36074536 total
2016-11-15T10:48:58.657+0100: 19135.850: [SoftReference, 159 refs, 0.0060861 secs]2016-11-15T10:48:58.664+0100: 19135.856: [WeakReference, 32 refs, 0.0032479 secs]2016-11-15T10:48:58.667+0100: 19135.859: [FinalReference, 135 refs, 0.0035774 secs]2016-11-15T10:48:58.670+0100: 19135.863: [PhantomReference, 0 refs, 2 refs, 0.0063807 secs]2016-11-15T10:48:58.677+0100: 19135.869: [JNI Weak Reference, 0.0000325 secs], 0.0761019 secs]
   [Parallel Time: 38.0 ms, GC Workers: 43]
      [GC Worker Start (ms): Min: 19135809.5, Avg: 19135810.1, Max: 19135810.6, Diff: 1.0]
      [Ext Root Scanning (ms): Min: 1.5, Avg: 2.4, Max: 7.1, Diff: 5.5, Sum: 103.8]
      [Update RS (ms): Min: 4.3, Avg: 8.5, Max: 10.6, Diff: 6.3, Sum: 364.9]
         [Processed Buffers: Min: 2, Avg: 7.3, Max: 17, Diff: 15, Sum: 314]
      [Scan RS (ms): Min: 0.1, Avg: 0.6, Max: 0.9, Diff: 0.9, Sum: 27.9]
      [Code Root Scanning (ms): Min: 0.0, Avg: 0.1, Max: 0.4, Diff: 0.4, Sum: 4.7]
      [Object Copy (ms): Min: 23.1, Avg: 24.6, Max: 25.0, Diff: 1.9, Sum: 1057.1]
      [Termination (ms): Min: 0.0, Avg: 0.1, Max: 0.2, Diff: 0.2, Sum: 3.1]
         [Termination Attempts: Min: 1, Avg: 6.6, Max: 28, Diff: 27, Sum: 285]
      [GC Worker Other (ms): Min: 0.0, Avg: 0.4, Max: 0.9, Diff: 0.8, Sum: 16.5]
      [GC Worker Total (ms): Min: 36.0, Avg: 36.7, Max: 37.4, Diff: 1.4, Sum: 1578.1]
      [GC Worker End (ms): Min: 19135846.4, Avg: 19135846.8, Max: 19135847.3, Diff: 0.8]
   [Code Root Fixup: 0.5 ms]
   [Code Root Purge: 0.0 ms]
   [String Dedup Fixup: 2.4 ms, GC Workers: 43]
      [Queue Fixup (ms): Min: 0.0, Avg: 0.0, Max: 0.2, Diff: 0.2, Sum: 1.5]
      [Table Fixup (ms): Min: 1.0, Avg: 1.5, Max: 1.8, Diff: 0.8, Sum: 63.2]
   [Clear CT: 5.9 ms]
   [Other: 29.3 ms]
      [Choose CSet: 0.0 ms]
      [Ref Proc: 21.2 ms]
      [Ref Enq: 1.3 ms]
      [Redirty Cards: 1.3 ms]
      [Humongous Register: 0.2 ms]
      [Humongous Reclaim: 0.1 ms]
      [Free CSet: 4.4 ms]
   [Eden: 982.0M(982.0M)->0.0B(961.0M) Survivors: 71.0M->76.0M Heap: 1708.8M(2048.0M)->737.5M(2048.0M)]
 [Times: user=1.92 sys=0.02, real=0.08 secs] 
2016-11-15T10:48:58.693+0100: 19135.885: Total time for which application threads were stopped: 0.0781386 seconds, Stopping threads took: 0.0001500 seconds
2016-11-15T10:48:58.714+0100: 19135.907: [GC concurrent-string-deduplication, 2865.2K->180.1K(2685.1K), avg 73.9%, 0.0210516 secs]
2016-11-15T10:49:16.696+0100: 19153.888: Total time for which application threads were stopped: 0.0013574 seconds, Stopping threads took: 0.0001605 seconds
2016-11-15T10:49:29.698+0100: 19166.891: Total time for which application threads were stopped: 0.0014832 seconds, Stopping threads took: 0.0001591 seconds
2016-11-15T10:49:39.700+0100: 19176.893: Total time for which application threads were stopped: 0.0014175 seconds, Stopping threads took: 0.0001590 seconds
2016-11-15T10:49:47.729+0100: 19184.922: Total time for which application threads were stopped: 0.0039579 seconds, Stopping threads took: 0.0001470 seconds
2016-11-15T10:49:47.733+0100: 19184.925: Total time for which application threads were stopped: 0.0029159 seconds, Stopping threads took: 0.0001125 seconds
2016-11-15T10:49:47.735+0100: 19184.928: Total time for which application threads were stopped: 0.0026614 seconds, Stopping threads took: 0.0000851 seconds
2016-11-15T10:49:47.798+0100: 19184.991: Total time for which application threads were stopped: 0.0013192 seconds, Stopping threads took: 0.0001149 seconds
2016-11-15T10:49:47.799+0100: 19184.991: Total time for which application threads were stopped: 0.0006043 seconds, Stopping threads took: 0.0000346 seconds
2016-11-15T10:49:47.800+0100: 19184.992: Total time for which application threads were stopped: 0.0006181 seconds, Stopping threads took: 0.0000328 seconds
2016-11-15T10:49:47.902+0100: 19185.095: Total time for which application threads were stopped: 0.0012475 seconds, Stopping threads took: 0.0001214 seconds
2016-11-15T10:49:52.355+0100: 19189.547: Total time for which application threads were stopped: 0.0013553 seconds, Stopping threads took: 0.0001533 seconds
2016-11-15T10:49:52.356+0100: 19189.548: Total time for which application threads were stopped: 0.0005691 seconds, Stopping threads took: 0.0000324 seconds
2016-11-15T10:49:52.356+0100: 19189.549: Total time for which application threads were stopped: 0.0005753 seconds, Stopping threads took: 0.0000328 seconds
2016-11-15T10:49:52.396+0100: 19189.588: Total time for which application threads were stopped: 0.0006868 seconds, Stopping threads took: 0.0000610 seconds
2016-11-15T10:51:00.999+0100: 19258.191: Total time for which application threads were stopped: 0.0014939 seconds, Stopping threads took: 0.0001545 seconds
2016-11-15T10:51:00.999+0100: 19258.192: Total time for which application threads were stopped: 0.0005866 seconds, Stopping threads took: 0.0000310 seconds
2016-11-15T10:51:01.000+0100: 19258.192: Total time for which application threads were stopped: 0.0005730 seconds, Stopping threads took: 0.0000296 seconds
2016-11-15T10:51:01.149+0100: 19258.341: Total time for which application threads were stopped: 0.0007525 seconds, Stopping threads took: 0.0000675 seconds
2016-11-15T10:51:04.213+0100: 19261.406: Total time for which application threads were stopped: 0.0015812 seconds, Stopping threads took: 0.0001839 seconds
2016-11-15T10:51:04.214+0100: 19261.407: Total time for which application threads were stopped: 0.0007408 seconds, Stopping threads took: 0.0000922 seconds
2016-11-15T10:51:04.215+0100: 19261.408: Total time for which application threads were stopped: 0.0007247 seconds, Stopping threads took: 0.0000856 seconds
2016-11-15T10:51:04.401+0100: 19261.594: Total time for which application threads were stopped: 0.0008263 seconds, Stopping threads took: 0.0000728 seconds
2016-11-15T10:51:06.675+0100: 19263.868: Total time for which application threads were stopped: 0.0015003 seconds, Stopping threads took: 0.0001609 seconds
2016-11-15T10:51:06.676+0100: 19263.869: Total time for which application threads were stopped: 0.0006260 seconds, Stopping threads took: 0.0000325 seconds
2016-11-15T10:51:06.677+0100: 19263.869: Total time for which application threads were stopped: 0.0006249 seconds, Stopping threads took: 0.0000356 seconds
2016-11-15T10:51:06.717+0100: 19263.910: Total time for which application threads were stopped: 0.0007206 seconds, Stopping threads took: 0.0000616 seconds
2016-11-15T10:51:26.720+0100: 19283.913: Total time for which application threads were stopped: 0.0015470 seconds, Stopping threads took: 0.0001963 seconds
2016-11-15T10:51:34.674+0100: 19291.866: Total time for which application threads were stopped: 0.0014741 seconds, Stopping threads took: 0.0001539 seconds
2016-11-15T10:51:34.676+0100: 19291.868: Total time for which application threads were stopped: 0.0007841 seconds, Stopping threads took: 0.0001291 seconds
2016-11-15T10:51:34.676+0100: 19291.869: Total time for which application threads were stopped: 0.0006849 seconds, Stopping threads took: 0.0000914 seconds
2016-11-15T10:51:34.794+0100: 19291.987: Total time for which application threads were stopped: 0.0031766 seconds, Stopping threads took: 0.0000766 seconds
2016-11-15T10:51:34.855+0100: 19292.048: Total time for which application threads were stopped: 0.0009551 seconds, Stopping threads took: 0.0000644 seconds
2016-11-15T10:51:52.858+0100: 19310.051: Total time for which application threads were stopped: 0.0015657 seconds, Stopping threads took: 0.0001649 seconds
2016-11-15T10:51:53.860+0100: 19311.052: Total time for which application threads were stopped: 0.0014026 seconds, Stopping threads took: 0.0001414 seconds
2016-11-15T10:51:54.861+0100: 19312.054: Total time for which application threads were stopped: 0.0014134 seconds, Stopping threads took: 0.0001509 seconds
2016-11-15T10:51:55.863+0100: 19313.055: Total time for which application threads were stopped: 0.0013210 seconds, Stopping threads took: 0.0001469 seconds
2016-11-15T10:51:57.586+0100: 19314.779: [GC pause (G1 Evacuation Pause) (young)
Desired survivor size 68157440 bytes, new threshold 15 (max 15)
- age   1:    7514624 bytes,    7514624 total
- age   2:   14561616 bytes,   22076240 total
- age   3:    8706560 bytes,   30782800 total
- age   4:    2890064 bytes,   33672864 total
- age   5:     556664 bytes,   34229528 total
- age   6:     681648 bytes,   34911176 total
- age   7:    1141784 bytes,   36052960 total
- age   8:     851912 bytes,   36904872 total
- age   9:     933808 bytes,   37838680 total
- age  10:      72824 bytes,   37911504 total
- age  11:     119976 bytes,   38031480 total
- age  12:     876208 bytes,   38907688 total
- age  13:     640552 bytes,   39548240 total
- age  14:     575536 bytes,   40123776 total
- age  15:     557464 bytes,   40681240 total
2016-11-15T10:51:57.631+0100: 19314.823: [SoftReference, 130 refs, 0.0054078 secs]2016-11-15T10:51:57.636+0100: 19314.829: [WeakReference, 13 refs, 0.0030063 secs]2016-11-15T10:51:57.639+0100: 19314.832: [FinalReference, 94 refs, 0.0030378 secs]2016-11-15T10:51:57.643+0100: 19314.835: [PhantomReference, 0 refs, 1 refs, 0.0070138 secs]2016-11-15T10:51:57.650+0100: 19314.842: [JNI Weak Reference, 0.0000349 secs], 0.0790182 secs]
   [Parallel Time: 41.8 ms, GC Workers: 43]
      [GC Worker Start (ms): Min: 19314779.4, Avg: 19314779.9, Max: 19314780.4, Diff: 1.0]
      [Ext Root Scanning (ms): Min: 1.7, Avg: 2.5, Max: 7.7, Diff: 6.0, Sum: 107.2]
      [Update RS (ms): Min: 2.1, Avg: 7.1, Max: 10.3, Diff: 8.3, Sum: 304.2]
         [Processed Buffers: Min: 2, Avg: 6.5, Max: 19, Diff: 17, Sum: 280]
      [Scan RS (ms): Min: 0.1, Avg: 0.6, Max: 0.9, Diff: 0.8, Sum: 25.0]
      [Code Root Scanning (ms): Min: 0.0, Avg: 0.1, Max: 0.5, Diff: 0.5, Sum: 3.9]
      [Object Copy (ms): Min: 27.2, Avg: 29.7, Max: 30.3, Diff: 3.1, Sum: 1278.7]
      [Termination (ms): Min: 0.0, Avg: 0.2, Max: 0.3, Diff: 0.2, Sum: 7.3]
         [Termination Attempts: Min: 1, Avg: 31.9, Max: 66, Diff: 65, Sum: 1370]
      [GC Worker Other (ms): Min: 0.1, Avg: 0.4, Max: 0.9, Diff: 0.8, Sum: 16.6]
      [GC Worker Total (ms): Min: 39.9, Avg: 40.5, Max: 41.3, Diff: 1.4, Sum: 1742.8]
      [GC Worker End (ms): Min: 19314820.1, Avg: 19314820.4, Max: 19314820.9, Diff: 0.8]
   [Code Root Fixup: 0.5 ms]
   [Code Root Purge: 0.0 ms]
   [String Dedup Fixup: 2.8 ms, GC Workers: 43]
      [Queue Fixup (ms): Min: 0.0, Avg: 0.1, Max: 0.4, Diff: 0.4, Sum: 2.7]
      [Table Fixup (ms): Min: 1.0, Avg: 1.4, Max: 1.7, Diff: 0.7, Sum: 62.3]
   [Clear CT: 5.7 ms]
   [Other: 28.2 ms]
      [Choose CSet: 0.0 ms]
      [Ref Proc: 20.4 ms]
      [Ref Enq: 1.3 ms]
      [Redirty Cards: 1.3 ms]
      [Humongous Register: 0.2 ms]
      [Humongous Reclaim: 0.1 ms]
      [Free CSet: 4.1 ms]
   [Eden: 961.0M(961.0M)->0.0B(953.0M) Survivors: 76.0M->74.0M Heap: 1708.5M(2048.0M)->743.0M(2048.0M)]
 [Times: user=2.08 sys=0.03, real=0.08 secs] 
2016-11-15T10:51:57.666+0100: 19314.858: Total time for which application threads were stopped: 0.0812318 seconds, Stopping threads took: 0.0001544 seconds
2016-11-15T10:51:57.702+0100: 19314.894: [GC concurrent-string-deduplication, 5607.9K->864.0B(5607.1K), avg 76.2%, 0.0359889 secs]
2016-11-15T10:52:02.668+0100: 19319.860: Total time for which application threads were stopped: 0.0014530 seconds, Stopping threads took: 0.0001677 seconds
2016-11-15T10:52:04.669+0100: 19321.862: Total time for which application threads were stopped: 0.0014013 seconds, Stopping threads took: 0.0001516 seconds
2016-11-15T10:52:06.671+0100: 19323.863: Total time for which application threads were stopped: 0.0013955 seconds, Stopping threads took: 0.0001477 seconds
2016-11-15T10:52:08.672+0100: 19325.865: Total time for which application threads were stopped: 0.0014458 seconds, Stopping threads took: 0.0001583 seconds
2016-11-15T10:52:09.674+0100: 19326.866: Total time for which application threads were stopped: 0.0012322 seconds, Stopping threads took: 0.0001437 seconds
2016-11-15T10:52:10.675+0100: 19327.868: Total time for which application threads were stopped: 0.0014332 seconds, Stopping threads took: 0.0001656 seconds
2016-11-15T10:52:26.678+0100: 19343.870: Total time for which application threads were stopped: 0.0014682 seconds, Stopping threads took: 0.0001618 seconds
2016-11-15T10:52:40.680+0100: 19357.873: Total time for which application threads were stopped: 0.0014676 seconds, Stopping threads took: 0.0001602 seconds
2016-11-15T10:52:58.683+0100: 19375.875: Total time for which application threads were stopped: 0.0013527 seconds, Stopping threads took: 0.0001633 seconds
2016-11-15T10:53:03.820+0100: 19381.012: Total time for which application threads were stopped: 0.0014860 seconds, Stopping threads took: 0.0001510 seconds
2016-11-15T10:53:03.821+0100: 19381.013: Total time for which application threads were stopped: 0.0006233 seconds, Stopping threads took: 0.0000388 seconds
2016-11-15T10:53:03.821+0100: 19381.014: Total time for which application threads were stopped: 0.0006198 seconds, Stopping threads took: 0.0000307 seconds
2016-11-15T10:53:03.973+0100: 19381.165: Total time for which application threads were stopped: 0.0012762 seconds, Stopping threads took: 0.0001392 seconds
2016-11-15T10:53:10.232+0100: 19387.425: Total time for which application threads were stopped: 0.0014865 seconds, Stopping threads took: 0.0001569 seconds
2016-11-15T10:53:10.234+0100: 19387.426: Total time for which application threads were stopped: 0.0006278 seconds, Stopping threads took: 0.0000379 seconds
2016-11-15T10:53:10.234+0100: 19387.427: Total time for which application threads were stopped: 0.0006140 seconds, Stopping threads took: 0.0000324 seconds
2016-11-15T10:53:10.282+0100: 19387.475: Total time for which application threads were stopped: 0.0007205 seconds, Stopping threads took: 0.0000621 seconds
2016-11-15T10:53:13.284+0100: 19390.476: Total time for which application threads were stopped: 0.0013196 seconds, Stopping threads took: 0.0001585 seconds
2016-11-15T10:53:33.286+0100: 19410.479: Total time for which application threads were stopped: 0.0013507 seconds, Stopping threads took: 0.0001643 seconds
2016-11-15T10:53:35.288+0100: 19412.480: Total time for which application threads were stopped: 0.0013129 seconds, Stopping threads took: 0.0001416 seconds
2016-11-15T10:53:40.290+0100: 19417.482: Total time for which application threads were stopped: 0.0014392 seconds, Stopping threads took: 0.0001557 seconds
2016-11-15T10:53:43.291+0100: 19420.484: Total time for which application threads were stopped: 0.0014609 seconds, Stopping threads took: 0.0001583 seconds
2016-11-15T10:53:48.293+0100: 19425.486: Total time for which application threads were stopped: 0.0014605 seconds, Stopping threads took: 0.0001577 seconds
2016-11-15T10:53:50.295+0100: 19427.487: Total time for which application threads were stopped: 0.0013677 seconds, Stopping threads took: 0.0001542 seconds
2016-11-15T10:53:51.261+0100: 19428.454: Total time for which application threads were stopped: 0.0014946 seconds, Stopping threads took: 0.0001691 seconds
2016-11-15T10:53:52.791+0100: 19429.983: [GC pause (G1 Evacuation Pause) (young)
Desired survivor size 67633152 bytes, new threshold 15 (max 15)
- age   1:   15136856 bytes,   15136856 total
- age   2:    4888928 bytes,   20025784 total
- age   3:   14558632 bytes,   34584416 total
- age   4:    5956736 bytes,   40541152 total
- age   5:    2886016 bytes,   43427168 total
- age   6:     547792 bytes,   43974960 total
- age   7:     589544 bytes,   44564504 total
- age   8:    1141408 bytes,   45705912 total
- age   9:     851912 bytes,   46557824 total
- age  10:     933808 bytes,   47491632 total
- age  11:      70200 bytes,   47561832 total
- age  12:     119976 bytes,   47681808 total
- age  13:     874560 bytes,   48556368 total
- age  14:     640552 bytes,   49196920 total
- age  15:     575456 bytes,   49772376 total
2016-11-15T10:53:52.841+0100: 19430.033: [SoftReference, 98 refs, 0.0050849 secs]2016-11-15T10:53:52.846+0100: 19430.038: [WeakReference, 27 refs, 0.0031992 secs]2016-11-15T10:53:52.849+0100: 19430.042: [FinalReference, 174 refs, 0.0033639 secs]2016-11-15T10:53:52.853+0100: 19430.045: [PhantomReference, 0 refs, 1 refs, 0.0074402 secs]2016-11-15T10:53:52.860+0100: 19430.052: [JNI Weak Reference, 0.0000314 secs], 0.0855039 secs]
   [Parallel Time: 46.9 ms, GC Workers: 43]
      [GC Worker Start (ms): Min: 19429983.9, Avg: 19429984.5, Max: 19429985.0, Diff: 1.0]
      [Ext Root Scanning (ms): Min: 1.7, Avg: 2.4, Max: 7.3, Diff: 5.6, Sum: 104.9]
      [Update RS (ms): Min: 4.3, Avg: 7.9, Max: 10.7, Diff: 6.4, Sum: 339.3]
         [Processed Buffers: Min: 1, Avg: 6.8, Max: 20, Diff: 19, Sum: 292]
      [Scan RS (ms): Min: 0.1, Avg: 0.6, Max: 1.0, Diff: 0.9, Sum: 24.1]
      [Code Root Scanning (ms): Min: 0.0, Avg: 0.1, Max: 0.4, Diff: 0.4, Sum: 4.7]
      [Object Copy (ms): Min: 31.9, Avg: 33.9, Max: 34.5, Diff: 2.5, Sum: 1458.9]
      [Termination (ms): Min: 0.0, Avg: 0.1, Max: 0.1, Diff: 0.1, Sum: 3.3]
         [Termination Attempts: Min: 1, Avg: 15.5, Max: 40, Diff: 39, Sum: 668]
      [GC Worker Other (ms): Min: 0.0, Avg: 0.4, Max: 0.9, Diff: 0.9, Sum: 18.1]
      [GC Worker Total (ms): Min: 44.8, Avg: 45.4, Max: 46.4, Diff: 1.6, Sum: 1953.3]
      [GC Worker End (ms): Min: 19430029.5, Avg: 19430029.9, Max: 19430030.4, Diff: 0.9]
   [Code Root Fixup: 0.6 ms]
   [Code Root Purge: 0.0 ms]
   [String Dedup Fixup: 2.9 ms, GC Workers: 43]
      [Queue Fixup (ms): Min: 0.0, Avg: 0.0, Max: 0.2, Diff: 0.2, Sum: 1.0]
      [Table Fixup (ms): Min: 0.9, Avg: 1.4, Max: 1.8, Diff: 0.9, Sum: 61.4]
   [Clear CT: 6.0 ms]
   [Other: 29.0 ms]
      [Choose CSet: 0.0 ms]
      [Ref Proc: 21.0 ms]
      [Ref Enq: 1.4 ms]
      [Redirty Cards: 1.4 ms]
      [Humongous Register: 0.2 ms]
      [Humongous Reclaim: 0.1 ms]
      [Free CSet: 4.0 ms]
   [Eden: 953.0M(953.0M)->0.0B(920.0M) Survivors: 74.0M->85.0M Heap: 1706.0M(2048.0M)->760.1M(2048.0M)]
 [Times: user=2.30 sys=0.02, real=0.09 secs] 
2016-11-15T10:53:52.877+0100: 19430.069: Total time for which application threads were stopped: 0.0876870 seconds, Stopping threads took: 0.0001795 seconds
2016-11-15T10:53:52.890+0100: 19430.082: [GC concurrent-string-deduplication, 1874.8K->1568.0B(1873.3K), avg 76.8%, 0.0129246 secs]
2016-11-15T10:53:56.491+0100: 19433.683: Total time for which application threads were stopped: 0.0015962 seconds, Stopping threads took: 0.0002386 seconds
2016-11-15T10:54:06.495+0100: 19443.687: Total time for which application threads were stopped: 0.0041433 seconds, Stopping threads took: 0.0001655 seconds
2016-11-15T10:54:06.498+0100: 19443.691: Total time for which application threads were stopped: 0.0029286 seconds, Stopping threads took: 0.0000463 seconds
2016-11-15T10:55:07.268+0100: 19504.460: Total time for which application threads were stopped: 0.0015741 seconds, Stopping threads took: 0.0001592 seconds
2016-11-15T10:55:07.269+0100: 19504.461: Total time for which application threads were stopped: 0.0006238 seconds, Stopping threads took: 0.0000327 seconds
2016-11-15T10:55:07.269+0100: 19504.462: Total time for which application threads were stopped: 0.0007017 seconds, Stopping threads took: 0.0000718 seconds
2016-11-15T10:55:07.444+0100: 19504.636: Total time for which application threads were stopped: 0.0008781 seconds, Stopping threads took: 0.0000891 seconds
2016-11-15T10:55:23.086+0100: 19520.279: Total time for which application threads were stopped: 0.0013995 seconds, Stopping threads took: 0.0001758 seconds
2016-11-15T10:55:23.087+0100: 19520.279: Total time for which application threads were stopped: 0.0005818 seconds, Stopping threads took: 0.0000317 seconds
2016-11-15T10:55:23.088+0100: 19520.280: Total time for which application threads were stopped: 0.0007120 seconds, Stopping threads took: 0.0000955 seconds
2016-11-15T10:55:23.122+0100: 19520.315: Total time for which application threads were stopped: 0.0007560 seconds, Stopping threads took: 0.0000736 seconds
2016-11-15T10:55:23.123+0100: 19520.315: Total time for which application threads were stopped: 0.0005740 seconds, Stopping threads took: 0.0000314 seconds
2016-11-15T10:55:23.124+0100: 19520.316: Total time for which application threads were stopped: 0.0005808 seconds, Stopping threads took: 0.0000326 seconds
2016-11-15T10:55:23.142+0100: 19520.335: Total time for which application threads were stopped: 0.0006534 seconds, Stopping threads took: 0.0000569 seconds
2016-11-15T10:55:34.676+0100: 19531.868: Total time for which application threads were stopped: 0.0015193 seconds, Stopping threads took: 0.0001750 seconds
2016-11-15T10:55:34.676+0100: 19531.869: Total time for which application threads were stopped: 0.0006109 seconds, Stopping threads took: 0.0000339 seconds
2016-11-15T10:55:34.677+0100: 19531.869: Total time for which application threads were stopped: 0.0006086 seconds, Stopping threads took: 0.0000313 seconds
2016-11-15T10:55:34.703+0100: 19531.895: Total time for which application threads were stopped: 0.0006952 seconds, Stopping threads took: 0.0000591 seconds
2016-11-15T10:55:34.704+0100: 19531.896: Total time for which application threads were stopped: 0.0005987 seconds, Stopping threads took: 0.0000317 seconds
2016-11-15T10:55:34.704+0100: 19531.897: Total time for which application threads were stopped: 0.0006205 seconds, Stopping threads took: 0.0000320 seconds
2016-11-15T10:55:34.721+0100: 19531.913: Total time for which application threads were stopped: 0.0006932 seconds, Stopping threads took: 0.0000630 seconds
2016-11-15T10:55:53.723+0100: 19550.916: Total time for which application threads were stopped: 0.0013740 seconds, Stopping threads took: 0.0001670 seconds
2016-11-15T10:56:16.726+0100: 19573.919: Total time for which application threads were stopped: 0.0013855 seconds, Stopping threads took: 0.0001726 seconds
2016-11-15T10:57:06.647+0100: 19623.839: Total time for which application threads were stopped: 0.0015512 seconds, Stopping threads took: 0.0001726 seconds
2016-11-15T10:57:06.648+0100: 19623.840: Total time for which application threads were stopped: 0.0008938 seconds, Stopping threads took: 0.0001300 seconds
2016-11-15T10:57:23.567+0100: 19640.760: Total time for which application threads were stopped: 0.0015102 seconds, Stopping threads took: 0.0001490 seconds
2016-11-15T10:57:23.568+0100: 19640.761: Total time for which application threads were stopped: 0.0006291 seconds, Stopping threads took: 0.0000351 seconds
2016-11-15T10:57:23.569+0100: 19640.761: Total time for which application threads were stopped: 0.0006206 seconds, Stopping threads took: 0.0000307 seconds
2016-11-15T10:57:23.614+0100: 19640.806: Total time for which application threads were stopped: 0.0010702 seconds, Stopping threads took: 0.0000967 seconds
2016-11-15T10:57:28.471+0100: 19645.663: [GC pause (G1 Evacuation Pause) (young)
Desired survivor size 66060288 bytes, new threshold 15 (max 15)
- age   1:   15006112 bytes,   15006112 total
- age   2:   14532448 bytes,   29538560 total
- age   3:    4884920 bytes,   34423480 total
- age   4:    8817008 bytes,   43240488 total
- age   5:    5956736 bytes,   49197224 total
- age   6:    2886016 bytes,   52083240 total
- age   7:     530320 bytes,   52613560 total
- age   8:     589200 bytes,   53202760 total
- age   9:    1141408 bytes,   54344168 total
- age  10:     851912 bytes,   55196080 total
- age  11:     933808 bytes,   56129888 total
- age  12:      70200 bytes,   56200088 total
- age  13:     118408 bytes,   56318496 total
- age  14:     874560 bytes,   57193056 total
- age  15:     640368 bytes,   57833424 total
2016-11-15T10:57:28.523+0100: 19645.716: [SoftReference, 43 refs, 0.0053307 secs]2016-11-15T10:57:28.529+0100: 19645.721: [WeakReference, 27 refs, 0.0032973 secs]2016-11-15T10:57:28.532+0100: 19645.724: [FinalReference, 144 refs, 0.0040610 secs]2016-11-15T10:57:28.536+0100: 19645.728: [PhantomReference, 0 refs, 1 refs, 0.0065267 secs]2016-11-15T10:57:28.542+0100: 19645.735: [JNI Weak Reference, 0.0000332 secs], 0.0873031 secs]
   [Parallel Time: 49.1 ms, GC Workers: 43]
      [GC Worker Start (ms): Min: 19645664.0, Avg: 19645664.6, Max: 19645665.1, Diff: 1.0]
      [Ext Root Scanning (ms): Min: 1.5, Avg: 2.4, Max: 6.8, Diff: 5.3, Sum: 104.7]
      [Update RS (ms): Min: 4.9, Avg: 8.7, Max: 10.8, Diff: 6.0, Sum: 373.2]
         [Processed Buffers: Min: 2, Avg: 6.9, Max: 18, Diff: 16, Sum: 297]
      [Scan RS (ms): Min: 0.1, Avg: 0.6, Max: 0.8, Diff: 0.7, Sum: 24.1]
      [Code Root Scanning (ms): Min: 0.0, Avg: 0.1, Max: 0.3, Diff: 0.3, Sum: 2.9]
      [Object Copy (ms): Min: 33.8, Avg: 35.0, Max: 35.3, Diff: 1.5, Sum: 1505.6]
      [Termination (ms): Min: 0.0, Avg: 0.2, Max: 0.2, Diff: 0.2, Sum: 7.0]
         [Termination Attempts: Min: 1, Avg: 29.9, Max: 46, Diff: 45, Sum: 1286]
      [GC Worker Other (ms): Min: 0.1, Avg: 0.4, Max: 1.0, Diff: 0.9, Sum: 19.0]
      [GC Worker Total (ms): Min: 46.6, Avg: 47.4, Max: 48.3, Diff: 1.6, Sum: 2036.4]
      [GC Worker End (ms): Min: 19645711.5, Avg: 19645711.9, Max: 19645712.5, Diff: 0.9]
   [Code Root Fixup: 0.4 ms]
   [Code Root Purge: 0.0 ms]
   [String Dedup Fixup: 2.4 ms, GC Workers: 43]
      [Queue Fixup (ms): Min: 0.0, Avg: 0.1, Max: 2.0, Diff: 2.0, Sum: 5.2]
      [Table Fixup (ms): Min: 0.0, Avg: 1.4, Max: 1.9, Diff: 1.9, Sum: 62.1]
   [Clear CT: 5.9 ms]
   [Other: 29.4 ms]
      [Choose CSet: 0.0 ms]
      [Ref Proc: 21.3 ms]
      [Ref Enq: 1.6 ms]
      [Redirty Cards: 1.4 ms]
      [Humongous Register: 0.2 ms]
      [Humongous Reclaim: 0.1 ms]
      [Free CSet: 3.9 ms]
   [Eden: 920.0M(920.0M)->0.0B(910.0M) Survivors: 85.0M->85.0M Heap: 1689.1M(2048.0M)->765.3M(2048.0M)]
 [Times: user=2.37 sys=0.04, real=0.09 secs] 
2016-11-15T10:57:28.559+0100: 19645.751: Total time for which application threads were stopped: 0.0895021 seconds, Stopping threads took: 0.0001728 seconds
2016-11-15T10:57:28.560+0100: 19645.753: Total time for which application threads were stopped: 0.0015107 seconds, Stopping threads took: 0.0001486 seconds
2016-11-15T10:57:28.561+0100: 19645.754: Total time for which application threads were stopped: 0.0008429 seconds, Stopping threads took: 0.0001722 seconds
2016-11-15T10:57:28.562+0100: 19645.755: Total time for which application threads were stopped: 0.0008357 seconds, Stopping threads took: 0.0001635 seconds
2016-11-15T10:57:28.598+0100: 19645.790: [GC concurrent-string-deduplication, 5603.3K->3608.0B(5599.8K), avg 78.6%, 0.0356952 secs]
2016-11-15T10:57:51.566+0100: 19668.758: Total time for which application threads were stopped: 0.0015458 seconds, Stopping threads took: 0.0001588 seconds
2016-11-15T10:58:02.243+0100: 19679.435: Total time for which application threads were stopped: 0.0016530 seconds, Stopping threads took: 0.0001512 seconds
2016-11-15T10:58:03.244+0100: 19680.436: Total time for which application threads were stopped: 0.0013728 seconds, Stopping threads took: 0.0001369 seconds
2016-11-15T10:58:07.542+0100: 19684.734: Total time for which application threads were stopped: 0.0041545 seconds, Stopping threads took: 0.0001732 seconds
2016-11-15T10:58:17.544+0100: 19694.736: Total time for which application threads were stopped: 0.0015344 seconds, Stopping threads took: 0.0001598 seconds
2016-11-15T10:58:17.545+0100: 19694.737: Total time for which application threads were stopped: 0.0006433 seconds, Stopping threads took: 0.0000345 seconds
2016-11-15T10:58:42.548+0100: 19719.741: Total time for which application threads were stopped: 0.0015681 seconds, Stopping threads took: 0.0001594 seconds
2016-11-15T10:58:53.550+0100: 19730.743: Total time for which application threads were stopped: 0.0014412 seconds, Stopping threads took: 0.0001684 seconds
2016-11-15T10:59:20.554+0100: 19757.746: Total time for which application threads were stopped: 0.0014656 seconds, Stopping threads took: 0.0001563 seconds
2016-11-15T10:59:47.557+0100: 19784.750: Total time for which application threads were stopped: 0.0015805 seconds, Stopping threads took: 0.0001750 seconds
2016-11-15T11:00:03.997+0100: 19801.189: Total time for which application threads were stopped: 0.0015642 seconds, Stopping threads took: 0.0001737 seconds
2016-11-15T11:00:04.999+0100: 19802.191: Total time for which application threads were stopped: 0.0014830 seconds, Stopping threads took: 0.0001698 seconds
2016-11-15T11:00:15.001+0100: 19812.193: Total time for which application threads were stopped: 0.0014155 seconds, Stopping threads took: 0.0001612 seconds
2016-11-15T11:00:25.046+0100: 19822.239: [GC pause (G1 Evacuation Pause) (young)
Desired survivor size 65536000 bytes, new threshold 15 (max 15)
- age   1:   10794840 bytes,   10794840 total
- age   2:   14682360 bytes,   25477200 total
- age   3:   14529784 bytes,   40006984 total
- age   4:    2966512 bytes,   42973496 total
- age   5:    8814248 bytes,   51787744 total
- age   6:    5956736 bytes,   57744480 total
- age   7:    2886016 bytes,   60630496 total
- age   8:     497536 bytes,   61128032 total
- age   9:     588880 bytes,   61716912 total
- age  10:    1141336 bytes,   62858248 total
- age  11:     851912 bytes,   63710160 total
- age  12:     933744 bytes,   64643904 total
- age  13:      70168 bytes,   64714072 total
- age  14:     118408 bytes,   64832480 total
- age  15:     874560 bytes,   65707040 total
2016-11-15T11:00:25.109+0100: 19822.302: [SoftReference, 56 refs, 0.0060531 secs]2016-11-15T11:00:25.115+0100: 19822.308: [WeakReference, 17 refs, 0.0039623 secs]2016-11-15T11:00:25.119+0100: 19822.312: [FinalReference, 54 refs, 0.0033555 secs]2016-11-15T11:00:25.123+0100: 19822.315: [PhantomReference, 0 refs, 1 refs, 0.0065789 secs]2016-11-15T11:00:25.129+0100: 19822.322: [JNI Weak Reference, 0.0000345 secs], 0.0985930 secs]
   [Parallel Time: 60.4 ms, GC Workers: 43]
      [GC Worker Start (ms): Min: 19822239.2, Avg: 19822239.8, Max: 19822240.2, Diff: 1.0]
      [Ext Root Scanning (ms): Min: 1.9, Avg: 2.5, Max: 6.0, Diff: 4.1, Sum: 108.3]
      [Update RS (ms): Min: 8.5, Avg: 11.7, Max: 13.7, Diff: 5.3, Sum: 501.6]
         [Processed Buffers: Min: 3, Avg: 8.2, Max: 18, Diff: 15, Sum: 354]
      [Scan RS (ms): Min: 0.1, Avg: 0.5, Max: 0.8, Diff: 0.8, Sum: 23.2]
      [Code Root Scanning (ms): Min: 0.0, Avg: 0.1, Max: 0.3, Diff: 0.3, Sum: 3.1]
      [Object Copy (ms): Min: 42.5, Avg: 43.9, Max: 44.3, Diff: 1.8, Sum: 1886.5]
      [Termination (ms): Min: 0.0, Avg: 0.1, Max: 0.1, Diff: 0.1, Sum: 3.2]
         [Termination Attempts: Min: 1, Avg: 11.7, Max: 22, Diff: 21, Sum: 501]
      [GC Worker Other (ms): Min: 0.0, Avg: 0.4, Max: 0.9, Diff: 0.8, Sum: 17.2]
      [GC Worker Total (ms): Min: 58.3, Avg: 59.1, Max: 60.0, Diff: 1.7, Sum: 2543.1]
      [GC Worker End (ms): Min: 19822298.5, Avg: 19822298.9, Max: 19822299.4, Diff: 0.8]
   [Code Root Fixup: 0.4 ms]
   [Code Root Purge: 0.0 ms]
   [String Dedup Fixup: 2.6 ms, GC Workers: 43]
      [Queue Fixup (ms): Min: 0.0, Avg: 0.1, Max: 0.6, Diff: 0.6, Sum: 2.5]
      [Table Fixup (ms): Min: 1.0, Avg: 1.4, Max: 1.8, Diff: 0.9, Sum: 61.6]
   [Clear CT: 5.5 ms]
   [Other: 29.7 ms]
      [Choose CSet: 0.0 ms]
      [Ref Proc: 22.0 ms]
      [Ref Enq: 1.3 ms]
      [Redirty Cards: 1.3 ms]
      [Humongous Register: 0.1 ms]
      [Humongous Reclaim: 0.2 ms]
      [Free CSet: 3.9 ms]
   [Eden: 910.0M(910.0M)->0.0B(890.0M) Survivors: 85.0M->88.0M Heap: 1690.3M(2048.0M)->777.0M(2048.0M)]
 [Times: user=2.89 sys=0.01, real=0.10 secs] 
2016-11-15T11:00:25.145+0100: 19822.338: Total time for which application threads were stopped: 0.1006904 seconds, Stopping threads took: 0.0001624 seconds
2016-11-15T11:00:25.181+0100: 19822.374: [GC concurrent-string-deduplication, 5678.6K->6968.0B(5671.8K), avg 80.2%, 0.0361929 secs]
2016-11-15T11:00:29.147+0100: 19826.339: Total time for which application threads were stopped: 0.0013938 seconds, Stopping threads took: 0.0001657 seconds
2016-11-15T11:01:08.151+0100: 19865.344: Total time for which application threads were stopped: 0.0014126 seconds, Stopping threads took: 0.0001585 seconds
2016-11-15T11:01:10.787+0100: 19867.979: Total time for which application threads were stopped: 0.0014046 seconds, Stopping threads took: 0.0001587 seconds
2016-11-15T11:01:10.788+0100: 19867.980: Total time for which application threads were stopped: 0.0006437 seconds, Stopping threads took: 0.0000331 seconds
2016-11-15T11:01:10.788+0100: 19867.981: Total time for which application threads were stopped: 0.0006398 seconds, Stopping threads took: 0.0000307 seconds
2016-11-15T11:01:11.245+0100: 19868.438: Total time for which application threads were stopped: 0.0015057 seconds, Stopping threads took: 0.0001579 seconds
2016-11-15T11:01:21.247+0100: 19878.440: Total time for which application threads were stopped: 0.0013675 seconds, Stopping threads took: 0.0001610 seconds
2016-11-15T11:01:23.402+0100: 19880.595: Total time for which application threads were stopped: 0.0015320 seconds, Stopping threads took: 0.0002012 seconds
2016-11-15T11:01:23.403+0100: 19880.596: Total time for which application threads were stopped: 0.0006917 seconds, Stopping threads took: 0.0000412 seconds
2016-11-15T11:01:23.404+0100: 19880.597: Total time for which application threads were stopped: 0.0006710 seconds, Stopping threads took: 0.0000452 seconds
2016-11-15T11:01:23.571+0100: 19880.764: Total time for which application threads were stopped: 0.0011366 seconds, Stopping threads took: 0.0001227 seconds
2016-11-15T11:01:48.444+0100: 19905.636: Total time for which application threads were stopped: 0.0016906 seconds, Stopping threads took: 0.0001508 seconds
2016-11-15T11:02:30.448+0100: 19947.641: Total time for which application threads were stopped: 0.0013421 seconds, Stopping threads took: 0.0001593 seconds
2016-11-15T11:02:31.561+0100: 19948.754: Total time for which application threads were stopped: 0.0013581 seconds, Stopping threads took: 0.0001750 seconds
2016-11-15T11:02:36.756+0100: 19953.948: Total time for which application threads were stopped: 0.0012671 seconds, Stopping threads took: 0.0001529 seconds
2016-11-15T11:02:46.757+0100: 19963.950: Total time for which application threads were stopped: 0.0013965 seconds, Stopping threads took: 0.0001716 seconds
2016-11-15T11:02:46.758+0100: 19963.951: Total time for which application threads were stopped: 0.0006059 seconds, Stopping threads took: 0.0000345 seconds
2016-11-15T11:02:48.244+0100: 19965.437: Total time for which application threads were stopped: 0.0013617 seconds, Stopping threads took: 0.0001599 seconds
2016-11-15T11:02:48.245+0100: 19965.437: Total time for which application threads were stopped: 0.0006449 seconds, Stopping threads took: 0.0000476 seconds
2016-11-15T11:02:48.246+0100: 19965.438: Total time for which application threads were stopped: 0.0006162 seconds, Stopping threads took: 0.0000371 seconds
2016-11-15T11:02:48.495+0100: 19965.687: Total time for which application threads were stopped: 0.0010456 seconds, Stopping threads took: 0.0000976 seconds
2016-11-15T11:02:49.496+0100: 19966.689: Total time for which application threads were stopped: 0.0013420 seconds, Stopping threads took: 0.0001545 seconds
2016-11-15T11:02:52.314+0100: 19969.507: Total time for which application threads were stopped: 0.0013984 seconds, Stopping threads took: 0.0002019 seconds
2016-11-15T11:02:52.316+0100: 19969.508: Total time for which application threads were stopped: 0.0007050 seconds, Stopping threads took: 0.0001063 seconds
2016-11-15T11:02:52.316+0100: 19969.509: Total time for which application threads were stopped: 0.0007106 seconds, Stopping threads took: 0.0001187 seconds
2016-11-15T11:02:52.374+0100: 19969.567: Total time for which application threads were stopped: 0.0009093 seconds, Stopping threads took: 0.0000843 seconds
2016-11-15T11:03:01.377+0100: 19978.569: Total time for which application threads were stopped: 0.0015152 seconds, Stopping threads took: 0.0001824 seconds
2016-11-15T11:03:08.378+0100: 19985.571: Total time for which application threads were stopped: 0.0013094 seconds, Stopping threads took: 0.0001553 seconds
2016-11-15T11:03:13.380+0100: 19990.572: Total time for which application threads were stopped: 0.0012337 seconds, Stopping threads took: 0.0001483 seconds
2016-11-15T11:03:18.382+0100: 19995.574: Total time for which application threads were stopped: 0.0013682 seconds, Stopping threads took: 0.0001525 seconds
2016-11-15T11:03:40.385+0100: 20017.577: Total time for which application threads were stopped: 0.0012941 seconds, Stopping threads took: 0.0001587 seconds
2016-11-15T11:03:40.966+0100: 20018.159: [GC pause (G1 Evacuation Pause) (young)
Desired survivor size 64487424 bytes, new threshold 8 (max 15)
- age   1:   10565936 bytes,   10565936 total
- age   2:   10430272 bytes,   20996208 total
- age   3:   14678736 bytes,   35674944 total
- age   4:    8795360 bytes,   44470304 total
- age   5:    2965776 bytes,   47436080 total
- age   6:    8814248 bytes,   56250328 total
- age   7:    5914376 bytes,   62164704 total
- age   8:    2884264 bytes,   65048968 total
- age   9:     497424 bytes,   65546392 total
- age  10:     588840 bytes,   66135232 total
- age  11:    1141336 bytes,   67276568 total
- age  12:     851800 bytes,   68128368 total
- age  13:     933744 bytes,   69062112 total
- age  14:      70168 bytes,   69132280 total
- age  15:     118408 bytes,   69250688 total
2016-11-15T11:03:41.026+0100: 20018.219: [SoftReference, 987 refs, 0.0052626 secs]2016-11-15T11:03:41.032+0100: 20018.224: [WeakReference, 28 refs, 0.0030546 secs]2016-11-15T11:03:41.035+0100: 20018.227: [FinalReference, 130 refs, 0.0032173 secs]2016-11-15T11:03:41.038+0100: 20018.230: [PhantomReference, 0 refs, 0 refs, 0.0062173 secs]2016-11-15T11:03:41.044+0100: 20018.237: [JNI Weak Reference, 0.0000317 secs], 0.0933575 secs]
   [Parallel Time: 57.2 ms, GC Workers: 43]
      [GC Worker Start (ms): Min: 20018159.3, Avg: 20018159.8, Max: 20018160.3, Diff: 1.0]
      [Ext Root Scanning (ms): Min: 1.8, Avg: 2.5, Max: 8.7, Diff: 6.9, Sum: 107.0]
      [Update RS (ms): Min: 4.0, Avg: 9.7, Max: 11.1, Diff: 7.1, Sum: 418.1]
         [Processed Buffers: Min: 2, Avg: 6.3, Max: 16, Diff: 14, Sum: 271]
      [Scan RS (ms): Min: 0.1, Avg: 0.6, Max: 1.1, Diff: 1.0, Sum: 25.8]
      [Code Root Scanning (ms): Min: 0.0, Avg: 0.2, Max: 0.9, Diff: 0.9, Sum: 7.2]
      [Object Copy (ms): Min: 41.6, Avg: 42.2, Max: 42.7, Diff: 1.2, Sum: 1815.8]
      [Termination (ms): Min: 0.0, Avg: 0.1, Max: 0.3, Diff: 0.2, Sum: 5.8]
         [Termination Attempts: Min: 1, Avg: 27.6, Max: 66, Diff: 65, Sum: 1187]
      [GC Worker Other (ms): Min: 0.1, Avg: 0.4, Max: 0.9, Diff: 0.9, Sum: 17.8]
      [GC Worker Total (ms): Min: 55.1, Avg: 55.8, Max: 56.5, Diff: 1.4, Sum: 2397.5]
      [GC Worker End (ms): Min: 20018215.2, Avg: 20018215.5, Max: 20018216.0, Diff: 0.9]
   [Code Root Fixup: 0.4 ms]
   [Code Root Purge: 0.0 ms]
   [String Dedup Fixup: 2.6 ms, GC Workers: 43]
      [Queue Fixup (ms): Min: 0.0, Avg: 0.0, Max: 0.5, Diff: 0.5, Sum: 2.0]
      [Table Fixup (ms): Min: 0.9, Avg: 1.4, Max: 1.8, Diff: 0.9, Sum: 62.1]
   [Clear CT: 5.6 ms]
   [Other: 27.5 ms]
      [Choose CSet: 0.0 ms]
      [Ref Proc: 19.8 ms]
      [Ref Enq: 1.2 ms]
      [Redirty Cards: 1.3 ms]
      [Humongous Register: 0.2 ms]
      [Humongous Reclaim: 0.1 ms]
      [Free CSet: 4.0 ms]
   [Eden: 890.0M(890.0M)->0.0B(897.0M) Survivors: 88.0M->80.0M Heap: 1669.0M(2048.0M)->776.9M(2048.0M)]
 [Times: user=2.74 sys=0.02, real=0.10 secs] 
2016-11-15T11:03:41.060+0100: 20018.252: Total time for which application threads were stopped: 0.0954379 seconds, Stopping threads took: 0.0002018 seconds
2016-11-15T11:03:41.087+0100: 20018.279: [GC concurrent-string-deduplication, 3913.7K->1488.0B(3912.2K), avg 81.1%, 0.0268511 secs]
2016-11-15T11:03:44.062+0100: 20021.254: Total time for which application threads were stopped: 0.0013781 seconds, Stopping threads took: 0.0001613 seconds
2016-11-15T11:03:45.063+0100: 20022.256: Total time for which application threads were stopped: 0.0013387 seconds, Stopping threads took: 0.0001595 seconds
2016-11-15T11:03:58.065+0100: 20035.258: Total time for which application threads were stopped: 0.0013851 seconds, Stopping threads took: 0.0001545 seconds
2016-11-15T11:04:00.067+0100: 20037.259: Total time for which application threads were stopped: 0.0013456 seconds, Stopping threads took: 0.0001541 seconds
2016-11-15T11:04:03.068+0100: 20040.261: Total time for which application threads were stopped: 0.0012568 seconds, Stopping threads took: 0.0001625 seconds
2016-11-15T11:04:15.071+0100: 20052.263: Total time for which application threads were stopped: 0.0013403 seconds, Stopping threads took: 0.0001541 seconds
2016-11-15T11:04:48.659+0100: 20085.852: Total time for which application threads were stopped: 0.0014054 seconds, Stopping threads took: 0.0001997 seconds
2016-11-15T11:04:50.093+0100: 20087.285: Total time for which application threads were stopped: 0.0013929 seconds, Stopping threads took: 0.0001523 seconds
2016-11-15T11:04:51.094+0100: 20088.286: Total time for which application threads were stopped: 0.0012332 seconds, Stopping threads took: 0.0001536 seconds
2016-11-15T11:04:54.095+0100: 20091.288: Total time for which application threads were stopped: 0.0013268 seconds, Stopping threads took: 0.0001591 seconds
2016-11-15T11:05:08.098+0100: 20105.290: Total time for which application threads were stopped: 0.0012544 seconds, Stopping threads took: 0.0001532 seconds
2016-11-15T11:06:37.363+0100: 20194.556: Total time for which application threads were stopped: 0.0014565 seconds, Stopping threads took: 0.0001599 seconds
2016-11-15T11:06:37.364+0100: 20194.557: Total time for which application threads were stopped: 0.0006159 seconds, Stopping threads took: 0.0000358 seconds
2016-11-15T11:06:37.365+0100: 20194.557: Total time for which application threads were stopped: 0.0005818 seconds, Stopping threads took: 0.0000329 seconds
2016-11-15T11:06:37.517+0100: 20194.710: Total time for which application threads were stopped: 0.0009405 seconds, Stopping threads took: 0.0000916 seconds
2016-11-15T11:06:39.519+0100: 20196.711: Total time for which application threads were stopped: 0.0012511 seconds, Stopping threads took: 0.0001573 seconds
2016-11-15T11:07:04.694+0100: 20221.886: Total time for which application threads were stopped: 0.0014543 seconds, Stopping threads took: 0.0001708 seconds
2016-11-15T11:07:04.695+0100: 20221.888: Total time for which application threads were stopped: 0.0012509 seconds, Stopping threads took: 0.0003488 seconds
2016-11-15T11:07:04.696+0100: 20221.888: Total time for which application threads were stopped: 0.0006820 seconds, Stopping threads took: 0.0000578 seconds
2016-11-15T11:07:04.759+0100: 20221.951: Total time for which application threads were stopped: 0.0012280 seconds, Stopping threads took: 0.0001347 seconds
2016-11-15T11:07:04.760+0100: 20221.952: Total time for which application threads were stopped: 0.0006095 seconds, Stopping threads took: 0.0000308 seconds
2016-11-15T11:07:04.760+0100: 20221.953: Total time for which application threads were stopped: 0.0006232 seconds, Stopping threads took: 0.0000308 seconds
2016-11-15T11:07:04.778+0100: 20221.971: Total time for which application threads were stopped: 0.0008279 seconds, Stopping threads took: 0.0000925 seconds
2016-11-15T11:07:13.369+0100: 20230.561: Total time for which application threads were stopped: 0.0032606 seconds, Stopping threads took: 0.0001496 seconds
2016-11-15T11:07:13.371+0100: 20230.564: Total time for which application threads were stopped: 0.0024242 seconds, Stopping threads took: 0.0000428 seconds
2016-11-15T11:07:13.374+0100: 20230.566: Total time for which application threads were stopped: 0.0024027 seconds, Stopping threads took: 0.0000966 seconds
2016-11-15T11:07:13.378+0100: 20230.570: Total time for which application threads were stopped: 0.0008265 seconds, Stopping threads took: 0.0000516 seconds
2016-11-15T11:07:13.378+0100: 20230.571: Total time for which application threads were stopped: 0.0005624 seconds, Stopping threads took: 0.0000324 seconds
2016-11-15T11:07:13.379+0100: 20230.572: Total time for which application threads were stopped: 0.0005901 seconds, Stopping threads took: 0.0000318 seconds
2016-11-15T11:07:13.417+0100: 20230.610: Total time for which application threads were stopped: 0.0007413 seconds, Stopping threads took: 0.0000608 seconds
2016-11-15T11:07:19.417+0100: 20236.609: [GC pause (G1 Evacuation Pause) (young)
Desired survivor size 64487424 bytes, new threshold 15 (max 15)
- age   1:     717928 bytes,     717928 total
- age   2:   10383640 bytes,   11101568 total
- age   3:   10421408 bytes,   21522976 total
- age   4:    8868504 bytes,   30391480 total
- age   5:    8795336 bytes,   39186816 total
- age   6:    2965736 bytes,   42152552 total
- age   7:    8814248 bytes,   50966800 total
- age   8:    5776920 bytes,   56743720 total
2016-11-15T11:07:19.484+0100: 20236.677: [SoftReference, 9 refs, 0.0051996 secs]2016-11-15T11:07:19.490+0100: 20236.682: [WeakReference, 4 refs, 0.0031216 secs]2016-11-15T11:07:19.493+0100: 20236.685: [FinalReference, 110 refs, 0.0033272 secs]2016-11-15T11:07:19.496+0100: 20236.688: [PhantomReference, 0 refs, 0 refs, 0.0062976 secs]2016-11-15T11:07:19.502+0100: 20236.695: [JNI Weak Reference, 0.0000306 secs], 0.1009511 secs]
   [Parallel Time: 64.8 ms, GC Workers: 43]
      [GC Worker Start (ms): Min: 20236609.9, Avg: 20236610.5, Max: 20236610.9, Diff: 1.0]
      [Ext Root Scanning (ms): Min: 1.7, Avg: 2.4, Max: 5.4, Diff: 3.7, Sum: 104.8]
      [Update RS (ms): Min: 9.6, Avg: 12.4, Max: 16.4, Diff: 6.8, Sum: 533.2]
         [Processed Buffers: Min: 3, Avg: 8.1, Max: 21, Diff: 18, Sum: 347]
      [Scan RS (ms): Min: 0.1, Avg: 0.6, Max: 0.8, Diff: 0.7, Sum: 23.8]
      [Code Root Scanning (ms): Min: 0.0, Avg: 0.0, Max: 0.3, Diff: 0.3, Sum: 1.0]
      [Object Copy (ms): Min: 43.8, Avg: 47.2, Max: 47.7, Diff: 3.9, Sum: 2029.7]
      [Termination (ms): Min: 0.0, Avg: 0.1, Max: 0.2, Diff: 0.2, Sum: 2.3]
         [Termination Attempts: Min: 1, Avg: 9.4, Max: 52, Diff: 51, Sum: 404]
      [GC Worker Other (ms): Min: 0.1, Avg: 0.4, Max: 0.8, Diff: 0.7, Sum: 16.5]
      [GC Worker Total (ms): Min: 62.3, Avg: 63.1, Max: 63.8, Diff: 1.4, Sum: 2711.3]
      [GC Worker End (ms): Min: 20236673.2, Avg: 20236673.5, Max: 20236673.9, Diff: 0.8]
   [Code Root Fixup: 0.2 ms]
   [Code Root Purge: 0.0 ms]
   [String Dedup Fixup: 2.7 ms, GC Workers: 43]
      [Queue Fixup (ms): Min: 0.0, Avg: 0.0, Max: 0.2, Diff: 0.2, Sum: 1.4]
      [Table Fixup (ms): Min: 0.9, Avg: 1.4, Max: 1.7, Diff: 0.8, Sum: 61.9]
   [Clear CT: 5.5 ms]
   [Other: 27.7 ms]
      [Choose CSet: 0.0 ms]
      [Ref Proc: 19.9 ms]
      [Ref Enq: 1.4 ms]
      [Redirty Cards: 1.3 ms]
      [Humongous Register: 0.2 ms]
      [Humongous Reclaim: 0.1 ms]
      [Free CSet: 3.9 ms]
   [Eden: 897.0M(897.0M)->0.0B(870.0M) Survivors: 80.0M->90.0M Heap: 1680.9M(2048.0M)->789.9M(2048.0M)]
 [Times: user=3.02 sys=0.03, real=0.10 secs] 
2016-11-15T11:07:19.518+0100: 20236.711: Total time for which application threads were stopped: 0.1029383 seconds, Stopping threads took: 0.0001540 seconds
2016-11-15T11:07:19.520+0100: 20236.712: Total time for which application threads were stopped: 0.0013020 seconds, Stopping threads took: 0.0001359 seconds
2016-11-15T11:07:19.521+0100: 20236.713: Total time for which application threads were stopped: 0.0007029 seconds, Stopping threads took: 0.0000807 seconds
2016-11-15T11:07:19.541+0100: 20236.734: [GC concurrent-string-deduplication, 2261.7K->0.0B(2261.7K), avg 81.6%, 0.0208278 secs]
2016-11-15T11:07:21.522+0100: 20238.715: Total time for which application threads were stopped: 0.0013343 seconds, Stopping threads took: 0.0001564 seconds
2016-11-15T11:08:00.526+0100: 20277.719: Total time for which application threads were stopped: 0.0013061 seconds, Stopping threads took: 0.0001541 seconds
2016-11-15T11:08:03.228+0100: 20280.421: Total time for which application threads were stopped: 0.0032616 seconds, Stopping threads took: 0.0001497 seconds
2016-11-15T11:08:03.235+0100: 20280.428: Total time for which application threads were stopped: 0.0025452 seconds, Stopping threads took: 0.0001109 seconds
2016-11-15T11:08:08.517+0100: 20285.709: Total time for which application threads were stopped: 0.0012969 seconds, Stopping threads took: 0.0001555 seconds
2016-11-15T11:08:14.983+0100: 20292.176: Total time for which application threads were stopped: 0.0012824 seconds, Stopping threads took: 0.0001595 seconds
2016-11-15T11:08:14.984+0100: 20292.176: Total time for which application threads were stopped: 0.0005973 seconds, Stopping threads took: 0.0000314 seconds
2016-11-15T11:08:14.985+0100: 20292.177: Total time for which application threads were stopped: 0.0006566 seconds, Stopping threads took: 0.0000669 seconds
2016-11-15T11:08:15.246+0100: 20292.439: Total time for which application threads were stopped: 0.0012189 seconds, Stopping threads took: 0.0001410 seconds
2016-11-15T11:08:17.248+0100: 20294.440: Total time for which application threads were stopped: 0.0012643 seconds, Stopping threads took: 0.0001574 seconds
2016-11-15T11:08:17.944+0100: 20295.137: Total time for which application threads were stopped: 0.0013028 seconds, Stopping threads took: 0.0001574 seconds
2016-11-15T11:08:17.946+0100: 20295.138: Total time for which application threads were stopped: 0.0008863 seconds, Stopping threads took: 0.0000315 seconds
2016-11-15T11:08:17.946+0100: 20295.139: Total time for which application threads were stopped: 0.0005895 seconds, Stopping threads took: 0.0000341 seconds
2016-11-15T11:08:18.031+0100: 20295.223: Total time for which application threads were stopped: 0.0010463 seconds, Stopping threads took: 0.0001050 seconds
2016-11-15T11:08:18.518+0100: 20295.711: Total time for which application threads were stopped: 0.0012101 seconds, Stopping threads took: 0.0001392 seconds
2016-11-15T11:08:18.519+0100: 20295.712: Total time for which application threads were stopped: 0.0006542 seconds, Stopping threads took: 0.0000966 seconds
2016-11-15T11:08:22.250+0100: 20299.443: Total time for which application threads were stopped: 0.0013857 seconds, Stopping threads took: 0.0001629 seconds
2016-11-15T11:08:22.251+0100: 20299.444: Total time for which application threads were stopped: 0.0006132 seconds, Stopping threads took: 0.0000331 seconds
2016-11-15T11:08:22.252+0100: 20299.444: Total time for which application threads were stopped: 0.0006105 seconds, Stopping threads took: 0.0000309 seconds
2016-11-15T11:08:22.408+0100: 20299.600: Total time for which application threads were stopped: 0.0009858 seconds, Stopping threads took: 0.0000996 seconds
2016-11-15T11:08:26.495+0100: 20303.688: Total time for which application threads were stopped: 0.0012743 seconds, Stopping threads took: 0.0001468 seconds
2016-11-15T11:08:26.496+0100: 20303.689: Total time for which application threads were stopped: 0.0005785 seconds, Stopping threads took: 0.0000339 seconds
2016-11-15T11:08:26.497+0100: 20303.689: Total time for which application threads were stopped: 0.0006769 seconds, Stopping threads took: 0.0000318 seconds
2016-11-15T11:08:26.598+0100: 20303.790: Total time for which application threads were stopped: 0.0011317 seconds, Stopping threads took: 0.0001238 seconds
2016-11-15T11:08:55.601+0100: 20332.794: Total time for which application threads were stopped: 0.0013989 seconds, Stopping threads took: 0.0001536 seconds
2016-11-15T11:10:13.121+0100: 20410.314: Total time for which application threads were stopped: 0.0068813 seconds, Stopping threads took: 0.0001549 seconds
2016-11-15T11:11:26.601+0100: 20483.793: Total time for which application threads were stopped: 0.0015385 seconds, Stopping threads took: 0.0001550 seconds
2016-11-15T11:11:52.857+0100: 20510.049: [GC pause (G1 Evacuation Pause) (young)
Desired survivor size 62914560 bytes, new threshold 15 (max 15)
- age   1:   10037840 bytes,   10037840 total
- age   2:     269800 bytes,   10307640 total
- age   3:   10283712 bytes,   20591352 total
- age   4:    6415240 bytes,   27006592 total
- age   5:    8835696 bytes,   35842288 total
- age   6:    8785864 bytes,   44628152 total
- age   7:    2963008 bytes,   47591160 total
- age   8:    8810912 bytes,   56402072 total
- age   9:    5776880 bytes,   62178952 total
2016-11-15T11:11:52.916+0100: 20510.109: [SoftReference, 18 refs, 0.0059567 secs]2016-11-15T11:11:52.922+0100: 20510.115: [WeakReference, 20 refs, 0.0032221 secs]2016-11-15T11:11:52.926+0100: 20510.118: [FinalReference, 125 refs, 0.0039392 secs]2016-11-15T11:11:52.930+0100: 20510.122: [PhantomReference, 0 refs, 0 refs, 0.0064795 secs]2016-11-15T11:11:52.936+0100: 20510.128: [JNI Weak Reference, 0.0000323 secs], 0.0952101 secs]
   [Parallel Time: 56.9 ms, GC Workers: 43]
      [GC Worker Start (ms): Min: 20510049.8, Avg: 20510050.3, Max: 20510050.8, Diff: 1.0]
      [Ext Root Scanning (ms): Min: 1.8, Avg: 2.5, Max: 7.1, Diff: 5.3, Sum: 106.9]
      [Update RS (ms): Min: 6.8, Avg: 9.8, Max: 11.5, Diff: 4.7, Sum: 419.5]
         [Processed Buffers: Min: 2, Avg: 5.9, Max: 26, Diff: 24, Sum: 253]
      [Scan RS (ms): Min: 0.1, Avg: 0.6, Max: 1.1, Diff: 1.1, Sum: 26.7]
      [Code Root Scanning (ms): Min: 0.0, Avg: 0.0, Max: 0.5, Diff: 0.5, Sum: 1.2]
      [Object Copy (ms): Min: 40.7, Avg: 41.7, Max: 42.2, Diff: 1.4, Sum: 1793.2]
      [Termination (ms): Min: 0.0, Avg: 0.3, Max: 0.5, Diff: 0.5, Sum: 13.9]
         [Termination Attempts: Min: 1, Avg: 61.0, Max: 91, Diff: 90, Sum: 2621]
      [GC Worker Other (ms): Min: 0.0, Avg: 0.4, Max: 0.9, Diff: 0.8, Sum: 17.1]
      [GC Worker Total (ms): Min: 54.6, Avg: 55.3, Max: 55.9, Diff: 1.3, Sum: 2378.5]
      [GC Worker End (ms): Min: 20510105.2, Avg: 20510105.6, Max: 20510106.1, Diff: 0.8]
   [Code Root Fixup: 0.2 ms]
   [Code Root Purge: 0.0 ms]
   [String Dedup Fixup: 2.5 ms, GC Workers: 43]
      [Queue Fixup (ms): Min: 0.0, Avg: 0.0, Max: 0.0, Diff: 0.0, Sum: 0.2]
      [Table Fixup (ms): Min: 0.9, Avg: 1.4, Max: 1.8, Diff: 0.9, Sum: 61.4]
   [Clear CT: 5.9 ms]
   [Other: 29.7 ms]
      [Choose CSet: 0.0 ms]
      [Ref Proc: 21.7 ms]
      [Ref Enq: 1.5 ms]
      [Redirty Cards: 1.6 ms]
      [Humongous Register: 0.2 ms]
      [Humongous Reclaim: 0.0 ms]
      [Free CSet: 3.8 ms]
   [Eden: 870.0M(870.0M)->0.0B(870.0M) Survivors: 90.0M->90.0M Heap: 1659.9M(2048.0M)->790.4M(2048.0M)]
 [Times: user=2.71 sys=0.03, real=0.09 secs] 
2016-11-15T11:11:52.952+0100: 20510.145: Total time for which application threads were stopped: 0.0973167 seconds, Stopping threads took: 0.0001598 seconds
2016-11-15T11:11:52.954+0100: 20510.146: Total time for which application threads were stopped: 0.0013057 seconds, Stopping threads took: 0.0000913 seconds
2016-11-15T11:11:52.954+0100: 20510.147: [GC concurrent-string-deduplication, 23.5K->2912.0B(20.6K), avg 81.6%, 0.0003992 secs]
2016-11-15T11:12:05.169+0100: 20522.362: Total time for which application threads were stopped: 0.0013890 seconds, Stopping threads took: 0.0001467 seconds
2016-11-15T11:12:08.171+0100: 20525.363: Total time for which application threads were stopped: 0.0012555 seconds, Stopping threads took: 0.0001600 seconds
2016-11-15T11:13:09.410+0100: 20586.602: Total time for which application threads were stopped: 0.0013709 seconds, Stopping threads took: 0.0001519 seconds
2016-11-15T11:13:09.411+0100: 20586.604: Total time for which application threads were stopped: 0.0006029 seconds, Stopping threads took: 0.0000366 seconds
2016-11-15T11:13:09.412+0100: 20586.604: Total time for which application threads were stopped: 0.0005744 seconds, Stopping threads took: 0.0000320 seconds
2016-11-15T11:13:09.481+0100: 20586.674: Total time for which application threads were stopped: 0.0011432 seconds, Stopping threads took: 0.0001231 seconds
2016-11-15T11:13:18.483+0100: 20595.676: Total time for which application threads were stopped: 0.0012935 seconds, Stopping threads took: 0.0001711 seconds
2016-11-15T11:14:08.488+0100: 20645.681: Total time for which application threads were stopped: 0.0013973 seconds, Stopping threads took: 0.0001598 seconds
2016-11-15T11:14:14.490+0100: 20651.682: Total time for which application threads were stopped: 0.0014419 seconds, Stopping threads took: 0.0001726 seconds
2016-11-15T11:15:39.498+0100: 20736.690: Total time for which application threads were stopped: 0.0013564 seconds, Stopping threads took: 0.0001557 seconds
2016-11-15T11:15:46.889+0100: 20744.082: Total time for which application threads were stopped: 0.0015617 seconds, Stopping threads took: 0.0002496 seconds
2016-11-15T11:15:47.891+0100: 20745.083: Total time for which application threads were stopped: 0.0013206 seconds, Stopping threads took: 0.0001516 seconds
2016-11-15T11:15:52.231+0100: 20749.423: Total time for which application threads were stopped: 0.0012705 seconds, Stopping threads took: 0.0001468 seconds
2016-11-15T11:15:54.153+0100: 20751.345: Total time for which application threads were stopped: 0.0013128 seconds, Stopping threads took: 0.0001486 seconds
2016-11-15T11:15:54.154+0100: 20751.346: Total time for which application threads were stopped: 0.0006200 seconds, Stopping threads took: 0.0000450 seconds
2016-11-15T11:15:54.154+0100: 20751.347: Total time for which application threads were stopped: 0.0005819 seconds, Stopping threads took: 0.0000299 seconds
2016-11-15T11:15:54.316+0100: 20751.508: Total time for which application threads were stopped: 0.0012450 seconds, Stopping threads took: 0.0001432 seconds
2016-11-15T11:15:57.198+0100: 20754.390: Total time for which application threads were stopped: 0.0013928 seconds, Stopping threads took: 0.0001649 seconds
2016-11-15T11:15:57.199+0100: 20754.391: Total time for which application threads were stopped: 0.0006043 seconds, Stopping threads took: 0.0000393 seconds
2016-11-15T11:15:57.200+0100: 20754.392: Total time for which application threads were stopped: 0.0005946 seconds, Stopping threads took: 0.0000338 seconds
2016-11-15T11:15:57.345+0100: 20754.537: Total time for which application threads were stopped: 0.0031358 seconds, Stopping threads took: 0.0001185 seconds
2016-11-15T11:15:57.423+0100: 20754.615: Total time for which application threads were stopped: 0.0010283 seconds, Stopping threads took: 0.0000646 seconds
2016-11-15T11:16:01.424+0100: 20758.617: Total time for which application threads were stopped: 0.0012825 seconds, Stopping threads took: 0.0001538 seconds
2016-11-15T11:16:02.233+0100: 20759.425: Total time for which application threads were stopped: 0.0014246 seconds, Stopping threads took: 0.0001563 seconds
2016-11-15T11:16:02.234+0100: 20759.426: Total time for which application threads were stopped: 0.0006387 seconds, Stopping threads took: 0.0000378 seconds
2016-11-15T11:16:07.228+0100: 20764.420: [GC pause (G1 Evacuation Pause) (young)
Desired survivor size 62914560 bytes, new threshold 15 (max 15)
- age   1:    1001872 bytes,    1001872 total
- age   2:    9838568 bytes,   10840440 total
- age   3:     263488 bytes,   11103928 total
- age   4:    7934296 bytes,   19038224 total
- age   5:    6414920 bytes,   25453144 total
- age   6:    8834176 bytes,   34287320 total
- age   7:    8778336 bytes,   43065656 total
- age   8:    2957896 bytes,   46023552 total
- age   9:    8810912 bytes,   54834464 total
- age  10:    5763648 bytes,   60598112 total
2016-11-15T11:16:07.290+0100: 20764.482: [SoftReference, 18 refs, 0.0051469 secs]2016-11-15T11:16:07.295+0100: 20764.487: [WeakReference, 10 refs, 0.0036734 secs]2016-11-15T11:16:07.299+0100: 20764.491: [FinalReference, 102 refs, 0.0032306 secs]2016-11-15T11:16:07.302+0100: 20764.494: [PhantomReference, 0 refs, 0 refs, 0.0069435 secs]2016-11-15T11:16:07.309+0100: 20764.501: [JNI Weak Reference, 0.0000351 secs], 0.0965312 secs]
   [Parallel Time: 59.3 ms, GC Workers: 43]
      [GC Worker Start (ms): Min: 20764420.8, Avg: 20764421.3, Max: 20764421.8, Diff: 1.0]
      [Ext Root Scanning (ms): Min: 1.7, Avg: 2.4, Max: 7.2, Diff: 5.5, Sum: 103.8]
      [Update RS (ms): Min: 4.7, Avg: 9.2, Max: 10.7, Diff: 5.9, Sum: 394.0]
         [Processed Buffers: Min: 3, Avg: 6.4, Max: 14, Diff: 11, Sum: 275]
      [Scan RS (ms): Min: 0.1, Avg: 0.6, Max: 0.8, Diff: 0.8, Sum: 24.8]
      [Code Root Scanning (ms): Min: 0.0, Avg: 0.0, Max: 0.4, Diff: 0.4, Sum: 0.8]
      [Object Copy (ms): Min: 43.7, Avg: 44.7, Max: 45.0, Diff: 1.3, Sum: 1921.0]
      [Termination (ms): Min: 0.0, Avg: 0.2, Max: 0.3, Diff: 0.3, Sum: 8.1]
         [Termination Attempts: Min: 1, Avg: 32.4, Max: 51, Diff: 50, Sum: 1394]
      [GC Worker Other (ms): Min: 0.1, Avg: 0.5, Max: 1.0, Diff: 0.9, Sum: 22.1]
      [GC Worker Total (ms): Min: 56.6, Avg: 57.5, Max: 58.5, Diff: 1.9, Sum: 2474.6]
      [GC Worker End (ms): Min: 20764478.4, Avg: 20764478.9, Max: 20764479.4, Diff: 0.9]
   [Code Root Fixup: 0.2 ms]
   [Code Root Purge: 0.0 ms]
   [String Dedup Fixup: 2.6 ms, GC Workers: 43]
      [Queue Fixup (ms): Min: 0.0, Avg: 0.0, Max: 0.5, Diff: 0.5, Sum: 1.8]
      [Table Fixup (ms): Min: 0.9, Avg: 1.4, Max: 1.9, Diff: 0.9, Sum: 62.3]
   [Clear CT: 5.7 ms]
   [Other: 28.7 ms]
      [Choose CSet: 0.0 ms]
      [Ref Proc: 21.0 ms]
      [Ref Enq: 1.3 ms]
      [Redirty Cards: 1.4 ms]
      [Humongous Register: 0.2 ms]
      [Humongous Reclaim: 0.1 ms]
      [Free CSet: 3.8 ms]
   [Eden: 870.0M(870.0M)->0.0B(878.0M) Survivors: 90.0M->85.0M Heap: 1662.4M(2048.0M)->786.4M(2048.0M)]
 [Times: user=2.81 sys=0.00, real=0.10 secs] 
2016-11-15T11:16:07.325+0100: 20764.517: Total time for which application threads were stopped: 0.0985304 seconds, Stopping threads took: 0.0001500 seconds
2016-11-15T11:16:07.350+0100: 20764.542: [GC concurrent-string-deduplication, 3759.3K->2152.0B(3757.2K), avg 82.4%, 0.0250686 secs]
2016-11-15T11:16:19.994+0100: 20777.186: Total time for which application threads were stopped: 0.0014620 seconds, Stopping threads took: 0.0002502 seconds
2016-11-15T11:16:25.237+0100: 20782.430: Total time for which application threads were stopped: 0.0013401 seconds, Stopping threads took: 0.0001756 seconds
2016-11-15T11:16:30.239+0100: 20787.431: Total time for which application threads were stopped: 0.0012957 seconds, Stopping threads took: 0.0001564 seconds
2016-11-15T11:16:35.241+0100: 20792.433: Total time for which application threads were stopped: 0.0013922 seconds, Stopping threads took: 0.0001537 seconds
2016-11-15T11:16:40.242+0100: 20797.435: Total time for which application threads were stopped: 0.0012770 seconds, Stopping threads took: 0.0001570 seconds
2016-11-15T11:16:44.244+0100: 20801.436: Total time for which application threads were stopped: 0.0012575 seconds, Stopping threads took: 0.0001559 seconds
2016-11-15T11:16:50.239+0100: 20807.432: Total time for which application threads were stopped: 0.0013085 seconds, Stopping threads took: 0.0001580 seconds
2016-11-15T11:16:50.240+0100: 20807.433: Total time for which application threads were stopped: 0.0005760 seconds, Stopping threads took: 0.0000340 seconds
2016-11-15T11:16:51.510+0100: 20808.702: Total time for which application threads were stopped: 0.0012623 seconds, Stopping threads took: 0.0001532 seconds
2016-11-15T11:16:51.511+0100: 20808.703: Total time for which application threads were stopped: 0.0005800 seconds, Stopping threads took: 0.0000319 seconds
2016-11-15T11:16:51.511+0100: 20808.704: Total time for which application threads were stopped: 0.0006210 seconds, Stopping threads took: 0.0000352 seconds
2016-11-15T11:16:51.713+0100: 20808.906: Total time for which application threads were stopped: 0.0011963 seconds, Stopping threads took: 0.0001321 seconds
2016-11-15T11:16:53.677+0100: 20810.869: Total time for which application threads were stopped: 0.0014044 seconds, Stopping threads took: 0.0001431 seconds
2016-11-15T11:16:54.224+0100: 20811.417: Total time for which application threads were stopped: 0.0011708 seconds, Stopping threads took: 0.0001234 seconds
2016-11-15T11:16:54.225+0100: 20811.418: Total time for which application threads were stopped: 0.0005990 seconds, Stopping threads took: 0.0000361 seconds
2016-11-15T11:16:54.226+0100: 20811.418: Total time for which application threads were stopped: 0.0005904 seconds, Stopping threads took: 0.0000313 seconds
2016-11-15T11:16:54.378+0100: 20811.570: Total time for which application threads were stopped: 0.0010872 seconds, Stopping threads took: 0.0001088 seconds
2016-11-15T11:16:56.078+0100: 20813.270: Total time for which application threads were stopped: 0.0014691 seconds, Stopping threads took: 0.0001735 seconds
2016-11-15T11:16:56.084+0100: 20813.276: Total time for which application threads were stopped: 0.0006950 seconds, Stopping threads took: 0.0000713 seconds
2016-11-15T11:16:56.084+0100: 20813.277: Total time for which application threads were stopped: 0.0005800 seconds, Stopping threads took: 0.0000296 seconds
2016-11-15T11:16:56.085+0100: 20813.277: Total time for which application threads were stopped: 0.0006038 seconds, Stopping threads took: 0.0000302 seconds
2016-11-15T11:16:56.338+0100: 20813.530: Total time for which application threads were stopped: 0.0010567 seconds, Stopping threads took: 0.0001107 seconds
2016-11-15T11:16:56.339+0100: 20813.531: Total time for which application threads were stopped: 0.0005876 seconds, Stopping threads took: 0.0000342 seconds
2016-11-15T11:16:56.339+0100: 20813.532: Total time for which application threads were stopped: 0.0005853 seconds, Stopping threads took: 0.0000315 seconds
2016-11-15T11:16:56.444+0100: 20813.637: Total time for which application threads were stopped: 0.0008114 seconds, Stopping threads took: 0.0000767 seconds
2016-11-15T11:16:58.970+0100: 20816.162: Total time for which application threads were stopped: 0.0013415 seconds, Stopping threads took: 0.0001655 seconds
2016-11-15T11:17:00.656+0100: 20817.849: Total time for which application threads were stopped: 0.0013891 seconds, Stopping threads took: 0.0001760 seconds
2016-11-15T11:17:00.657+0100: 20817.850: Total time for which application threads were stopped: 0.0006452 seconds, Stopping threads took: 0.0000474 seconds
2016-11-15T11:17:00.658+0100: 20817.851: Total time for which application threads were stopped: 0.0008771 seconds, Stopping threads took: 0.0001253 seconds
2016-11-15T11:17:00.805+0100: 20817.998: Total time for which application threads were stopped: 0.0013188 seconds, Stopping threads took: 0.0001512 seconds
2016-11-15T11:17:02.112+0100: 20819.304: Total time for which application threads were stopped: 0.0012885 seconds, Stopping threads took: 0.0001566 seconds
2016-11-15T11:17:02.113+0100: 20819.305: Total time for which application threads were stopped: 0.0006028 seconds, Stopping threads took: 0.0000417 seconds
2016-11-15T11:17:02.114+0100: 20819.306: Total time for which application threads were stopped: 0.0005884 seconds, Stopping threads took: 0.0000337 seconds
2016-11-15T11:17:02.153+0100: 20819.345: Total time for which application threads were stopped: 0.0010295 seconds, Stopping threads took: 0.0001058 seconds
2016-11-15T11:17:08.971+0100: 20826.164: Total time for which application threads were stopped: 0.0013002 seconds, Stopping threads took: 0.0001587 seconds
2016-11-15T11:17:08.972+0100: 20826.165: Total time for which application threads were stopped: 0.0005806 seconds, Stopping threads took: 0.0000346 seconds
2016-11-15T11:17:23.134+0100: 20840.327: Total time for which application threads were stopped: 0.0013626 seconds, Stopping threads took: 0.0001513 seconds
2016-11-15T11:17:26.636+0100: 20843.828: Total time for which application threads were stopped: 0.0012776 seconds, Stopping threads took: 0.0001513 seconds
2016-11-15T11:17:26.637+0100: 20843.829: Total time for which application threads were stopped: 0.0006069 seconds, Stopping threads took: 0.0000351 seconds
2016-11-15T11:17:26.637+0100: 20843.830: Total time for which application threads were stopped: 0.0005898 seconds, Stopping threads took: 0.0000339 seconds
2016-11-15T11:17:26.772+0100: 20843.964: Total time for which application threads were stopped: 0.0008806 seconds, Stopping threads took: 0.0000891 seconds
2016-11-15T11:17:28.456+0100: 20845.649: Total time for which application threads were stopped: 0.0012910 seconds, Stopping threads took: 0.0001605 seconds
2016-11-15T11:17:30.529+0100: 20847.722: Total time for which application threads were stopped: 0.0013206 seconds, Stopping threads took: 0.0001557 seconds
2016-11-15T11:17:30.530+0100: 20847.723: Total time for which application threads were stopped: 0.0005956 seconds, Stopping threads took: 0.0000319 seconds
2016-11-15T11:17:30.531+0100: 20847.723: Total time for which application threads were stopped: 0.0005899 seconds, Stopping threads took: 0.0000312 seconds
2016-11-15T11:17:30.603+0100: 20847.795: Total time for which application threads were stopped: 0.0012726 seconds, Stopping threads took: 0.0001462 seconds
2016-11-15T11:17:38.605+0100: 20855.797: Total time for which application threads were stopped: 0.0012808 seconds, Stopping threads took: 0.0001609 seconds
2016-11-15T11:17:53.458+0100: 20870.651: Total time for which application threads were stopped: 0.0013181 seconds, Stopping threads took: 0.0001619 seconds
2016-11-15T11:17:53.459+0100: 20870.652: Total time for which application threads were stopped: 0.0006106 seconds, Stopping threads took: 0.0000450 seconds
2016-11-15T11:18:02.305+0100: 20879.497: Total time for which application threads were stopped: 0.0013518 seconds, Stopping threads took: 0.0001399 seconds
2016-11-15T11:18:07.657+0100: 20884.850: Total time for which application threads were stopped: 0.0012983 seconds, Stopping threads took: 0.0001587 seconds
2016-11-15T11:18:17.659+0100: 20894.852: Total time for which application threads were stopped: 0.0013115 seconds, Stopping threads took: 0.0001678 seconds
2016-11-15T11:18:17.660+0100: 20894.852: Total time for which application threads were stopped: 0.0005746 seconds, Stopping threads took: 0.0000341 seconds
2016-11-15T11:18:37.815+0100: 20915.008: Total time for which application threads were stopped: 0.0013435 seconds, Stopping threads took: 0.0001554 seconds
2016-11-15T11:18:43.192+0100: 20920.384: Total time for which application threads were stopped: 0.0014099 seconds, Stopping threads took: 0.0001681 seconds
2016-11-15T11:18:46.193+0100: 20923.386: Total time for which application threads were stopped: 0.0014428 seconds, Stopping threads took: 0.0001956 seconds
2016-11-15T11:18:48.195+0100: 20925.387: Total time for which application threads were stopped: 0.0014050 seconds, Stopping threads took: 0.0001829 seconds
2016-11-15T11:18:53.194+0100: 20930.386: Total time for which application threads were stopped: 0.0013175 seconds, Stopping threads took: 0.0001657 seconds
2016-11-15T11:18:53.195+0100: 20930.387: Total time for which application threads were stopped: 0.0005756 seconds, Stopping threads took: 0.0000337 seconds
2016-11-15T11:19:43.167+0100: 20980.360: Total time for which application threads were stopped: 0.0013534 seconds, Stopping threads took: 0.0001594 seconds
2016-11-15T11:19:43.168+0100: 20980.361: Total time for which application threads were stopped: 0.0005879 seconds, Stopping threads took: 0.0000319 seconds
2016-11-15T11:19:43.169+0100: 20980.361: Total time for which application threads were stopped: 0.0005856 seconds, Stopping threads took: 0.0000309 seconds
2016-11-15T11:19:43.313+0100: 20980.505: Total time for which application threads were stopped: 0.0010523 seconds, Stopping threads took: 0.0001043 seconds
2016-11-15T11:20:07.076+0100: 21004.269: Total time for which application threads were stopped: 0.0014947 seconds, Stopping threads took: 0.0002054 seconds
2016-11-15T11:20:07.077+0100: 21004.270: Total time for which application threads were stopped: 0.0007236 seconds, Stopping threads took: 0.0000793 seconds
2016-11-15T11:20:07.078+0100: 21004.270: Total time for which application threads were stopped: 0.0006370 seconds, Stopping threads took: 0.0000318 seconds
2016-11-15T11:20:07.204+0100: 21004.396: Total time for which application threads were stopped: 0.0011421 seconds, Stopping threads took: 0.0001141 seconds
2016-11-15T11:20:42.751+0100: 21039.944: [GC pause (G1 Evacuation Pause) (young)
Desired survivor size 63438848 bytes, new threshold 15 (max 15)
- age   1:     751632 bytes,     751632 total
- age   2:     425808 bytes,    1177440 total
- age   3:    9837288 bytes,   11014728 total
- age   4:     242056 bytes,   11256784 total
- age   5:    7900888 bytes,   19157672 total
- age   6:    6414712 bytes,   25572384 total
- age   7:    8832832 bytes,   34405216 total
- age   8:    8776456 bytes,   43181672 total
- age   9:    2952216 bytes,   46133888 total
- age  10:    8808760 bytes,   54942648 total
- age  11:    5699648 bytes,   60642296 total
2016-11-15T11:20:42.810+0100: 21040.002: [SoftReference, 52 refs, 0.0053256 secs]2016-11-15T11:20:42.815+0100: 21040.008: [WeakReference, 21 refs, 0.0031680 secs]2016-11-15T11:20:42.818+0100: 21040.011: [FinalReference, 297 refs, 0.0038415 secs]2016-11-15T11:20:42.822+0100: 21040.015: [PhantomReference, 0 refs, 0 refs, 0.0064845 secs]2016-11-15T11:20:42.829+0100: 21040.021: [JNI Weak Reference, 0.0000314 secs], 0.0928176 secs]
   [Parallel Time: 55.9 ms, GC Workers: 43]
      [GC Worker Start (ms): Min: 21039944.3, Avg: 21039944.9, Max: 21039945.4, Diff: 1.0]
      [Ext Root Scanning (ms): Min: 1.8, Avg: 2.4, Max: 6.9, Diff: 5.1, Sum: 104.4]
      [Update RS (ms): Min: 6.8, Avg: 10.6, Max: 12.5, Diff: 5.6, Sum: 455.4]
         [Processed Buffers: Min: 3, Avg: 7.0, Max: 17, Diff: 14, Sum: 302]
      [Scan RS (ms): Min: 0.1, Avg: 0.5, Max: 0.7, Diff: 0.7, Sum: 23.1]
      [Code Root Scanning (ms): Min: 0.0, Avg: 0.0, Max: 0.2, Diff: 0.2, Sum: 1.6]
      [Object Copy (ms): Min: 39.3, Avg: 40.6, Max: 40.9, Diff: 1.5, Sum: 1744.6]
      [Termination (ms): Min: 0.0, Avg: 0.2, Max: 0.3, Diff: 0.3, Sum: 7.2]
         [Termination Attempts: Min: 1, Avg: 30.7, Max: 62, Diff: 61, Sum: 1319]
      [GC Worker Other (ms): Min: 0.0, Avg: 0.4, Max: 0.9, Diff: 0.9, Sum: 17.1]
      [GC Worker Total (ms): Min: 54.0, Avg: 54.7, Max: 55.7, Diff: 1.8, Sum: 2353.4]
      [GC Worker End (ms): Min: 21039999.3, Avg: 21039999.6, Max: 21040000.1, Diff: 0.9]
   [Code Root Fixup: 0.2 ms]
   [Code Root Purge: 0.0 ms]
   [String Dedup Fixup: 2.5 ms, GC Workers: 43]
      [Queue Fixup (ms): Min: 0.0, Avg: 0.0, Max: 0.0, Diff: 0.0, Sum: 0.2]
      [Table Fixup (ms): Min: 0.9, Avg: 1.4, Max: 1.9, Diff: 1.0, Sum: 61.5]
   [Clear CT: 5.6 ms]
   [Other: 28.6 ms]
      [Choose CSet: 0.0 ms]
      [Ref Proc: 20.9 ms]
      [Ref Enq: 1.3 ms]
      [Redirty Cards: 1.4 ms]
      [Humongous Register: 0.2 ms]
      [Humongous Reclaim: 0.1 ms]
      [Free CSet: 3.9 ms]
   [Eden: 878.0M(878.0M)->0.0B(861.0M) Survivors: 85.0M->91.0M Heap: 1669.4M(2048.0M)->794.9M(2048.0M)]
 [Times: user=2.69 sys=0.02, real=0.10 secs] 
2016-11-15T11:20:42.845+0100: 21040.037: Total time for which application threads were stopped: 0.0949009 seconds, Stopping threads took: 0.0001573 seconds
2016-11-15T11:20:42.846+0100: 21040.039: Total time for which application threads were stopped: 0.0013211 seconds, Stopping threads took: 0.0001221 seconds
2016-11-15T11:20:42.847+0100: 21040.040: Total time for which application threads were stopped: 0.0006798 seconds, Stopping threads took: 0.0000554 seconds
2016-11-15T11:20:42.848+0100: 21040.040: Total time for which application threads were stopped: 0.0007111 seconds, Stopping threads took: 0.0000882 seconds
2016-11-15T11:20:42.848+0100: 21040.041: [GC concurrent-string-deduplication, 60.9K->4488.0B(56.5K), avg 82.4%, 0.0008273 secs]
2016-11-15T11:21:06.851+0100: 21064.044: Total time for which application threads were stopped: 0.0013142 seconds, Stopping threads took: 0.0001573 seconds
2016-11-15T11:23:10.845+0100: 21188.037: Total time for which application threads were stopped: 0.0016252 seconds, Stopping threads took: 0.0001601 seconds
2016-11-15T11:23:10.846+0100: 21188.038: Total time for which application threads were stopped: 0.0007865 seconds, Stopping threads took: 0.0001116 seconds
2016-11-15T11:23:10.846+0100: 21188.039: Total time for which application threads were stopped: 0.0007370 seconds, Stopping threads took: 0.0001066 seconds
2016-11-15T11:23:11.060+0100: 21188.253: Total time for which application threads were stopped: 0.0011383 seconds, Stopping threads took: 0.0001151 seconds
2016-11-15T11:23:16.129+0100: 21193.321: Total time for which application threads were stopped: 0.0013935 seconds, Stopping threads took: 0.0001532 seconds
2016-11-15T11:23:16.130+0100: 21193.323: Total time for which application threads were stopped: 0.0006922 seconds, Stopping threads took: 0.0000508 seconds
2016-11-15T11:23:16.131+0100: 21193.323: Total time for which application threads were stopped: 0.0006263 seconds, Stopping threads took: 0.0000314 seconds
2016-11-15T11:23:16.277+0100: 21193.470: Total time for which application threads were stopped: 0.0011384 seconds, Stopping threads took: 0.0001120 seconds
2016-11-15T11:23:23.605+0100: 21200.797: Total time for which application threads were stopped: 0.0033544 seconds, Stopping threads took: 0.0001592 seconds
2016-11-15T11:23:23.608+0100: 21200.800: Total time for which application threads were stopped: 0.0026995 seconds, Stopping threads took: 0.0000474 seconds
2016-11-15T11:23:23.611+0100: 21200.803: Total time for which application threads were stopped: 0.0027573 seconds, Stopping threads took: 0.0000766 seconds
2016-11-15T11:23:23.776+0100: 21200.968: Total time for which application threads were stopped: 0.0014052 seconds, Stopping threads took: 0.0001573 seconds
2016-11-15T11:23:23.776+0100: 21200.969: Total time for which application threads were stopped: 0.0006870 seconds, Stopping threads took: 0.0000974 seconds
2016-11-15T11:23:23.777+0100: 21200.970: Total time for which application threads were stopped: 0.0006997 seconds, Stopping threads took: 0.0000744 seconds
2016-11-15T11:23:23.984+0100: 21201.177: Total time for which application threads were stopped: 0.0011825 seconds, Stopping threads took: 0.0001321 seconds
2016-11-15T11:23:32.058+0100: 21209.251: Total time for which application threads were stopped: 0.0013869 seconds, Stopping threads took: 0.0001580 seconds
2016-11-15T11:23:32.060+0100: 21209.252: Total time for which application threads were stopped: 0.0006704 seconds, Stopping threads took: 0.0000492 seconds
2016-11-15T11:23:32.060+0100: 21209.253: Total time for which application threads were stopped: 0.0005945 seconds, Stopping threads took: 0.0000293 seconds
2016-11-15T11:23:32.234+0100: 21209.426: Total time for which application threads were stopped: 0.0011692 seconds, Stopping threads took: 0.0001182 seconds
2016-11-15T11:23:54.203+0100: 21231.395: [GC pause (G1 Evacuation Pause) (young)
Desired survivor size 62390272 bytes, new threshold 15 (max 15)
- age   1:    5481840 bytes,    5481840 total
- age   2:     330608 bytes,    5812448 total
- age   3:     423016 bytes,    6235464 total
- age   4:    5989776 bytes,   12225240 total
- age   5:     239112 bytes,   12464352 total
- age   6:    7900888 bytes,   20365240 total
- age   7:    6408120 bytes,   26773360 total
- age   8:    8817752 bytes,   35591112 total
- age   9:    8773320 bytes,   44364432 total
- age  10:    2949616 bytes,   47314048 total
- age  11:    8808496 bytes,   56122544 total
- age  12:    5699488 bytes,   61822032 total
2016-11-15T11:23:54.263+0100: 21231.455: [SoftReference, 46 refs, 0.0053188 secs]2016-11-15T11:23:54.268+0100: 21231.460: [WeakReference, 11 refs, 0.0031371 secs]2016-11-15T11:23:54.271+0100: 21231.463: [FinalReference, 60 refs, 0.0033470 secs]2016-11-15T11:23:54.274+0100: 21231.467: [PhantomReference, 0 refs, 0 refs, 0.0063162 secs]2016-11-15T11:23:54.281+0100: 21231.473: [JNI Weak Reference, 0.0000312 secs], 0.0928774 secs]
   [Parallel Time: 57.1 ms, GC Workers: 43]
      [GC Worker Start (ms): Min: 21231395.7, Avg: 21231396.3, Max: 21231396.8, Diff: 1.1]
      [Ext Root Scanning (ms): Min: 1.7, Avg: 2.5, Max: 7.8, Diff: 6.1, Sum: 108.5]
      [Update RS (ms): Min: 4.9, Avg: 9.6, Max: 12.1, Diff: 7.2, Sum: 413.4]
         [Processed Buffers: Min: 3, Avg: 6.2, Max: 18, Diff: 15, Sum: 266]
      [Scan RS (ms): Min: 0.1, Avg: 0.6, Max: 1.0, Diff: 1.0, Sum: 24.4]
      [Code Root Scanning (ms): Min: 0.0, Avg: 0.0, Max: 0.4, Diff: 0.4, Sum: 1.7]
      [Object Copy (ms): Min: 40.4, Avg: 42.1, Max: 42.5, Diff: 2.1, Sum: 1808.2]
      [Termination (ms): Min: 0.0, Avg: 0.1, Max: 0.2, Diff: 0.2, Sum: 3.6]
         [Termination Attempts: Min: 1, Avg: 17.8, Max: 65, Diff: 64, Sum: 765]
      [GC Worker Other (ms): Min: 0.0, Avg: 0.4, Max: 0.9, Diff: 0.8, Sum: 17.1]
      [GC Worker Total (ms): Min: 54.5, Avg: 55.3, Max: 56.1, Diff: 1.5, Sum: 2376.8]
      [GC Worker End (ms): Min: 21231451.2, Avg: 21231451.6, Max: 21231452.0, Diff: 0.8]
   [Code Root Fixup: 0.3 ms]
   [Code Root Purge: 0.0 ms]
   [String Dedup Fixup: 2.1 ms, GC Workers: 43]
      [Queue Fixup (ms): Min: 0.0, Avg: 0.0, Max: 0.0, Diff: 0.0, Sum: 0.2]
      [Table Fixup (ms): Min: 0.9, Avg: 1.4, Max: 1.9, Diff: 1.0, Sum: 61.4]
   [Clear CT: 5.6 ms]
   [Other: 27.9 ms]
      [Choose CSet: 0.0 ms]
      [Ref Proc: 20.2 ms]
      [Ref Enq: 1.3 ms]
      [Redirty Cards: 1.4 ms]
      [Humongous Register: 0.2 ms]
      [Humongous Reclaim: 0.1 ms]
      [Free CSet: 3.8 ms]
   [Eden: 861.0M(861.0M)->0.0B(880.0M) Survivors: 91.0M->81.0M Heap: 1656.9M(2048.0M)->785.4M(2048.0M)]
 [Times: user=2.73 sys=0.00, real=0.09 secs] 
2016-11-15T11:23:54.296+0100: 21231.488: Total time for which application threads were stopped: 0.0949126 seconds, Stopping threads took: 0.0001531 seconds
2016-11-15T11:23:54.298+0100: 21231.490: Total time for which application threads were stopped: 0.0013557 seconds, Stopping threads took: 0.0001767 seconds
2016-11-15T11:23:54.298+0100: 21231.490: [GC concurrent-string-deduplication, 17.9K->2672.0B(15.3K), avg 82.4%, 0.0003286 secs]
2016-11-15T11:24:01.846+0100: 21239.039: Total time for which application threads were stopped: 0.0013521 seconds, Stopping threads took: 0.0001522 seconds
2016-11-15T11:24:01.847+0100: 21239.039: Total time for which application threads were stopped: 0.0005960 seconds, Stopping threads took: 0.0000357 seconds
2016-11-15T11:24:01.848+0100: 21239.040: Total time for which application threads were stopped: 0.0005946 seconds, Stopping threads took: 0.0000340 seconds
2016-11-15T11:24:01.979+0100: 21239.171: Total time for which application threads were stopped: 0.0013086 seconds, Stopping threads took: 0.0001453 seconds
2016-11-15T11:24:06.178+0100: 21243.370: Total time for which application threads were stopped: 0.0014077 seconds, Stopping threads took: 0.0001576 seconds
2016-11-15T11:24:06.179+0100: 21243.372: Total time for which application threads were stopped: 0.0006798 seconds, Stopping threads took: 0.0000418 seconds
2016-11-15T11:24:06.180+0100: 21243.372: Total time for which application threads were stopped: 0.0006184 seconds, Stopping threads took: 0.0000311 seconds
2016-11-15T11:24:06.318+0100: 21243.510: Total time for which application threads were stopped: 0.0013273 seconds, Stopping threads took: 0.0001549 seconds
2016-11-15T11:24:09.320+0100: 21246.512: Total time for which application threads were stopped: 0.0013091 seconds, Stopping threads took: 0.0001639 seconds
2016-11-15T11:25:59.415+0100: 21356.607: Total time for which application threads were stopped: 0.0014033 seconds, Stopping threads took: 0.0001563 seconds
2016-11-15T11:25:59.415+0100: 21356.608: Total time for which application threads were stopped: 0.0005998 seconds, Stopping threads took: 0.0000349 seconds
2016-11-15T11:25:59.416+0100: 21356.608: Total time for which application threads were stopped: 0.0005907 seconds, Stopping threads took: 0.0000319 seconds
2016-11-15T11:25:59.515+0100: 21356.707: Total time for which application threads were stopped: 0.0008826 seconds, Stopping threads took: 0.0000899 seconds
2016-11-15T11:26:04.715+0100: 21361.907: Total time for which application threads were stopped: 0.0012947 seconds, Stopping threads took: 0.0001594 seconds
2016-11-15T11:26:04.716+0100: 21361.909: Total time for which application threads were stopped: 0.0006470 seconds, Stopping threads took: 0.0000475 seconds
2016-11-15T11:26:04.717+0100: 21361.909: Total time for which application threads were stopped: 0.0005851 seconds, Stopping threads took: 0.0000308 seconds
2016-11-15T11:26:04.766+0100: 21361.959: Total time for which application threads were stopped: 0.0008269 seconds, Stopping threads took: 0.0000789 seconds
2016-11-15T11:26:10.783+0100: 21367.975: Total time for which application threads were stopped: 0.0013676 seconds, Stopping threads took: 0.0001503 seconds
2016-11-15T11:26:15.906+0100: 21373.099: Total time for which application threads were stopped: 0.0013982 seconds, Stopping threads took: 0.0001619 seconds
2016-11-15T11:26:16.101+0100: 21373.294: Total time for which application threads were stopped: 0.0009159 seconds, Stopping threads took: 0.0000859 seconds
2016-11-15T11:26:26.103+0100: 21383.295: Total time for which application threads were stopped: 0.0013263 seconds, Stopping threads took: 0.0001619 seconds
2016-11-15T11:26:26.104+0100: 21383.296: Total time for which application threads were stopped: 0.0005861 seconds, Stopping threads took: 0.0000354 seconds
2016-11-15T11:26:32.116+0100: 21389.308: Total time for which application threads were stopped: 0.0013768 seconds, Stopping threads took: 0.0001829 seconds
2016-11-15T11:26:37.421+0100: 21394.613: Total time for which application threads were stopped: 0.0014133 seconds, Stopping threads took: 0.0001616 seconds
2016-11-15T11:26:38.422+0100: 21395.615: Total time for which application threads were stopped: 0.0012982 seconds, Stopping threads took: 0.0001470 seconds
2016-11-15T11:26:46.424+0100: 21403.617: Total time for which application threads were stopped: 0.0012915 seconds, Stopping threads took: 0.0001590 seconds
2016-11-15T11:26:47.422+0100: 21404.615: Total time for which application threads were stopped: 0.0012949 seconds, Stopping threads took: 0.0001607 seconds
2016-11-15T11:26:47.423+0100: 21404.616: Total time for which application threads were stopped: 0.0005842 seconds, Stopping threads took: 0.0000337 seconds
2016-11-15T11:27:10.451+0100: 21427.644: Total time for which application threads were stopped: 0.0013458 seconds, Stopping threads took: 0.0001593 seconds
2016-11-15T11:27:10.453+0100: 21427.645: Total time for which application threads were stopped: 0.0009244 seconds, Stopping threads took: 0.0000412 seconds
2016-11-15T11:27:10.453+0100: 21427.646: Total time for which application threads were stopped: 0.0006347 seconds, Stopping threads took: 0.0000370 seconds
2016-11-15T11:27:10.569+0100: 21427.761: Total time for which application threads were stopped: 0.0015241 seconds, Stopping threads took: 0.0001899 seconds
2016-11-15T11:27:40.737+0100: 21457.929: Total time for which application threads were stopped: 0.0013357 seconds, Stopping threads took: 0.0001607 seconds
2016-11-15T11:27:40.738+0100: 21457.930: Total time for which application threads were stopped: 0.0006062 seconds, Stopping threads took: 0.0000425 seconds
2016-11-15T11:27:40.738+0100: 21457.931: Total time for which application threads were stopped: 0.0005866 seconds, Stopping threads took: 0.0000320 seconds
2016-11-15T11:27:40.799+0100: 21457.991: Total time for which application threads were stopped: 0.0028109 seconds, Stopping threads took: 0.0000724 seconds
2016-11-15T11:27:40.840+0100: 21458.032: Total time for which application threads were stopped: 0.0011551 seconds, Stopping threads took: 0.0000849 seconds
2016-11-15T11:27:44.841+0100: 21462.034: Total time for which application threads were stopped: 0.0013097 seconds, Stopping threads took: 0.0001537 seconds
2016-11-15T11:27:51.451+0100: 21468.644: [GC pause (G1 Evacuation Pause) (young)
Desired survivor size 63438848 bytes, new threshold 15 (max 15)
- age   1:     493232 bytes,     493232 total
- age   2:    5319640 bytes,    5812872 total
- age   3:     330000 bytes,    6142872 total
- age   4:     359096 bytes,    6501968 total
- age   5:    5981112 bytes,   12483080 total
- age   6:     238992 bytes,   12722072 total
- age   7:    7890776 bytes,   20612848 total
- age   8:    6407984 bytes,   27020832 total
- age   9:    8817752 bytes,   35838584 total
- age  10:    8773320 bytes,   44611904 total
- age  11:    2949576 bytes,   47561480 total
- age  12:    8808408 bytes,   56369888 total
- age  13:    5683432 bytes,   62053320 total
2016-11-15T11:27:51.514+0100: 21468.706: [SoftReference, 52 refs, 0.0050392 secs]2016-11-15T11:27:51.519+0100: 21468.711: [WeakReference, 12 refs, 0.0030093 secs]2016-11-15T11:27:51.522+0100: 21468.714: [FinalReference, 226 refs, 0.0030751 secs]2016-11-15T11:27:51.525+0100: 21468.717: [PhantomReference, 0 refs, 0 refs, 0.0060738 secs]2016-11-15T11:27:51.531+0100: 21468.723: [JNI Weak Reference, 0.0000325 secs], 0.0940600 secs]
   [Parallel Time: 59.1 ms, GC Workers: 43]
      [GC Worker Start (ms): Min: 21468644.8, Avg: 21468645.3, Max: 21468645.8, Diff: 1.0]
      [Ext Root Scanning (ms): Min: 1.8, Avg: 2.5, Max: 5.4, Diff: 3.5, Sum: 106.4]
      [Update RS (ms): Min: 7.0, Avg: 9.7, Max: 11.5, Diff: 4.5, Sum: 415.3]
         [Processed Buffers: Min: 3, Avg: 6.2, Max: 14, Diff: 11, Sum: 267]
      [Scan RS (ms): Min: 0.1, Avg: 0.6, Max: 0.9, Diff: 0.9, Sum: 24.5]
      [Code Root Scanning (ms): Min: 0.0, Avg: 0.0, Max: 0.2, Diff: 0.2, Sum: 2.0]
      [Object Copy (ms): Min: 42.8, Avg: 44.2, Max: 44.6, Diff: 1.8, Sum: 1899.0]
      [Termination (ms): Min: 0.0, Avg: 0.2, Max: 0.4, Diff: 0.4, Sum: 8.8]
         [Termination Attempts: Min: 1, Avg: 40.9, Max: 92, Diff: 91, Sum: 1759]
      [GC Worker Other (ms): Min: 0.0, Avg: 0.4, Max: 0.8, Diff: 0.8, Sum: 17.0]
      [GC Worker Total (ms): Min: 56.7, Avg: 57.5, Max: 58.2, Diff: 1.5, Sum: 2473.0]
      [GC Worker End (ms): Min: 21468702.5, Avg: 21468702.8, Max: 21468703.3, Diff: 0.8]
   [Code Root Fixup: 0.3 ms]
   [Code Root Purge: 0.0 ms]
   [String Dedup Fixup: 2.4 ms, GC Workers: 43]
      [Queue Fixup (ms): Min: 0.0, Avg: 0.0, Max: 0.3, Diff: 0.3, Sum: 1.0]
      [Table Fixup (ms): Min: 1.0, Avg: 1.4, Max: 1.8, Diff: 0.8, Sum: 61.0]
   [Clear CT: 5.4 ms]
   [Other: 26.9 ms]
      [Choose CSet: 0.0 ms]
      [Ref Proc: 19.1 ms]
      [Ref Enq: 1.2 ms]
      [Redirty Cards: 1.3 ms]
      [Humongous Register: 0.2 ms]
      [Humongous Reclaim: 0.1 ms]
      [Free CSet: 3.9 ms]
   [Eden: 880.0M(880.0M)->0.0B(863.0M) Survivors: 81.0M->89.0M Heap: 1666.4M(2048.0M)->793.9M(2048.0M)]
 [Times: user=2.77 sys=0.03, real=0.09 secs] 
2016-11-15T11:27:51.546+0100: 21468.738: Total time for which application threads were stopped: 0.0960595 seconds, Stopping threads took: 0.0001552 seconds
2016-11-15T11:27:51.559+0100: 21468.752: [GC concurrent-string-deduplication, 1878.9K->1352.0B(1877.6K), avg 82.8%, 0.0130956 secs]
2016-11-15T11:28:00.519+0100: 21477.712: Total time for which application threads were stopped: 0.0015463 seconds, Stopping threads took: 0.0001602 seconds
2016-11-15T11:28:01.521+0100: 21478.713: Total time for which application threads were stopped: 0.0013779 seconds, Stopping threads took: 0.0001712 seconds
2016-11-15T11:28:05.843+0100: 21483.036: Total time for which application threads were stopped: 0.0013031 seconds, Stopping threads took: 0.0001686 seconds
2016-11-15T11:28:20.845+0100: 21498.038: Total time for which application threads were stopped: 0.0016816 seconds, Stopping threads took: 0.0002169 seconds
2016-11-15T11:28:22.132+0100: 21499.325: Total time for which application threads were stopped: 0.0013448 seconds, Stopping threads took: 0.0001424 seconds
2016-11-15T11:28:22.133+0100: 21499.326: Total time for which application threads were stopped: 0.0006534 seconds, Stopping threads took: 0.0000420 seconds
2016-11-15T11:28:22.134+0100: 21499.326: Total time for which application threads were stopped: 0.0006297 seconds, Stopping threads took: 0.0000461 seconds
2016-11-15T11:28:22.221+0100: 21499.413: Total time for which application threads were stopped: 0.0007555 seconds, Stopping threads took: 0.0000607 seconds
2016-11-15T11:28:25.791+0100: 21502.984: Total time for which application threads were stopped: 0.0013807 seconds, Stopping threads took: 0.0001527 seconds
2016-11-15T11:28:25.792+0100: 21502.985: Total time for which application threads were stopped: 0.0006662 seconds, Stopping threads took: 0.0001012 seconds
2016-11-15T11:28:25.793+0100: 21502.986: Total time for which application threads were stopped: 0.0006927 seconds, Stopping threads took: 0.0001191 seconds
2016-11-15T11:28:25.842+0100: 21503.034: Total time for which application threads were stopped: 0.0007297 seconds, Stopping threads took: 0.0000632 seconds
2016-11-15T11:28:25.884+0100: 21503.077: Total time for which application threads were stopped: 0.0006916 seconds, Stopping threads took: 0.0000663 seconds
2016-11-15T11:28:30.886+0100: 21508.079: Total time for which application threads were stopped: 0.0015172 seconds, Stopping threads took: 0.0001637 seconds
2016-11-15T11:28:40.886+0100: 21518.079: Total time for which application threads were stopped: 0.0015034 seconds, Stopping threads took: 0.0001545 seconds
2016-11-15T11:28:40.887+0100: 21518.080: Total time for which application threads were stopped: 0.0006083 seconds, Stopping threads took: 0.0000340 seconds
2016-11-15T11:28:45.365+0100: 21522.557: Total time for which application threads were stopped: 0.0014387 seconds, Stopping threads took: 0.0001547 seconds
2016-11-15T11:28:50.733+0100: 21527.925: Total time for which application threads were stopped: 0.0015230 seconds, Stopping threads took: 0.0001555 seconds
2016-11-15T11:29:00.735+0100: 21537.927: Total time for which application threads were stopped: 0.0015176 seconds, Stopping threads took: 0.0001724 seconds
2016-11-15T11:29:01.736+0100: 21538.929: Total time for which application threads were stopped: 0.0014160 seconds, Stopping threads took: 0.0001658 seconds
2016-11-15T11:29:18.779+0100: 21555.971: Total time for which application threads were stopped: 0.0016380 seconds, Stopping threads took: 0.0001601 seconds
2016-11-15T11:29:34.781+0100: 21571.974: Total time for which application threads were stopped: 0.0013768 seconds, Stopping threads took: 0.0001561 seconds
2016-11-15T11:29:50.736+0100: 21587.928: Total time for which application threads were stopped: 0.0013880 seconds, Stopping threads took: 0.0001468 seconds
2016-11-15T11:29:50.737+0100: 21587.929: Total time for which application threads were stopped: 0.0006074 seconds, Stopping threads took: 0.0000343 seconds
2016-11-15T11:30:00.739+0100: 21597.931: Total time for which application threads were stopped: 0.0014018 seconds, Stopping threads took: 0.0001506 seconds
2016-11-15T11:31:45.748+0100: 21702.941: Total time for which application threads were stopped: 0.0014632 seconds, Stopping threads took: 0.0001523 seconds
2016-11-15T11:31:53.206+0100: 21710.399: Total time for which application threads were stopped: 0.0014499 seconds, Stopping threads took: 0.0001803 seconds
2016-11-15T11:31:53.207+0100: 21710.400: Total time for which application threads were stopped: 0.0006886 seconds, Stopping threads took: 0.0001028 seconds
2016-11-15T11:31:53.208+0100: 21710.401: Total time for which application threads were stopped: 0.0006578 seconds, Stopping threads took: 0.0000908 seconds
2016-11-15T11:31:53.307+0100: 21710.500: Total time for which application threads were stopped: 0.0008266 seconds, Stopping threads took: 0.0000815 seconds
2016-11-15T11:31:59.826+0100: 21717.018: Total time for which application threads were stopped: 0.0014159 seconds, Stopping threads took: 0.0001585 seconds
2016-11-15T11:31:59.827+0100: 21717.019: Total time for which application threads were stopped: 0.0006514 seconds, Stopping threads took: 0.0000494 seconds
2016-11-15T11:31:59.828+0100: 21717.020: Total time for which application threads were stopped: 0.0005769 seconds, Stopping threads took: 0.0000335 seconds
2016-11-15T11:31:59.862+0100: 21717.054: Total time for which application threads were stopped: 0.0007148 seconds, Stopping threads took: 0.0000601 seconds
2016-11-15T11:32:07.808+0100: 21725.000: Total time for which application threads were stopped: 0.0015301 seconds, Stopping threads took: 0.0001556 seconds
2016-11-15T11:32:15.738+0100: 21732.930: Total time for which application threads were stopped: 0.0014853 seconds, Stopping threads took: 0.0001541 seconds
2016-11-15T11:32:15.739+0100: 21732.931: Total time for which application threads were stopped: 0.0006277 seconds, Stopping threads took: 0.0000307 seconds
2016-11-15T11:32:15.739+0100: 21732.932: Total time for which application threads were stopped: 0.0006168 seconds, Stopping threads took: 0.0000314 seconds
2016-11-15T11:32:15.896+0100: 21733.088: Total time for which application threads were stopped: 0.0014903 seconds, Stopping threads took: 0.0001529 seconds
2016-11-15T11:32:16.811+0100: 21734.003: [GC pause (G1 Evacuation Pause) (young)
Desired survivor size 62390272 bytes, new threshold 14 (max 15)
- age   1:     593600 bytes,     593600 total
- age   2:     307208 bytes,     900808 total
- age   3:    5313400 bytes,    6214208 total
- age   4:     312344 bytes,    6526552 total
- age   5:     359000 bytes,    6885552 total
- age   6:    5980960 bytes,   12866512 total
- age   7:     220208 bytes,   13086720 total
- age   8:    7884352 bytes,   20971072 total
- age   9:    6407704 bytes,   27378776 total
- age  10:    8817752 bytes,   36196528 total
- age  11:    8773296 bytes,   44969824 total
- age  12:    2949240 bytes,   47919064 total
- age  13:    8808312 bytes,   56727376 total
- age  14:    5683432 bytes,   62410808 total
2016-11-15T11:32:16.874+0100: 21734.066: [SoftReference, 38 refs, 0.0053748 secs]2016-11-15T11:32:16.879+0100: 21734.072: [WeakReference, 18 refs, 0.0036835 secs]2016-11-15T11:32:16.883+0100: 21734.076: [FinalReference, 260 refs, 0.0031610 secs]2016-11-15T11:32:16.886+0100: 21734.079: [PhantomReference, 0 refs, 0 refs, 0.0061561 secs]2016-11-15T11:32:16.893+0100: 21734.085: [JNI Weak Reference, 0.0000348 secs], 0.0964416 secs]
   [Parallel Time: 60.2 ms, GC Workers: 43]
      [GC Worker Start (ms): Min: 21734004.0, Avg: 21734004.5, Max: 21734005.0, Diff: 1.0]
      [Ext Root Scanning (ms): Min: 1.6, Avg: 2.4, Max: 5.7, Diff: 4.1, Sum: 103.5]
      [Update RS (ms): Min: 6.3, Avg: 9.8, Max: 12.1, Diff: 5.8, Sum: 419.5]
         [Processed Buffers: Min: 2, Avg: 6.1, Max: 18, Diff: 16, Sum: 262]
      [Scan RS (ms): Min: 0.1, Avg: 0.7, Max: 1.6, Diff: 1.5, Sum: 28.0]
      [Code Root Scanning (ms): Min: 0.0, Avg: 0.1, Max: 0.3, Diff: 0.3, Sum: 2.7]
      [Object Copy (ms): Min: 43.0, Avg: 44.4, Max: 44.9, Diff: 1.9, Sum: 1911.0]
      [Termination (ms): Min: 0.0, Avg: 0.3, Max: 0.4, Diff: 0.4, Sum: 12.2]
         [Termination Attempts: Min: 1, Avg: 24.4, Max: 73, Diff: 72, Sum: 1050]
      [GC Worker Other (ms): Min: 0.0, Avg: 0.6, Max: 1.3, Diff: 1.3, Sum: 27.0]
      [GC Worker Total (ms): Min: 57.3, Avg: 58.2, Max: 59.4, Diff: 2.1, Sum: 2503.8]
      [GC Worker End (ms): Min: 21734062.2, Avg: 21734062.8, Max: 21734063.5, Diff: 1.3]
   [Code Root Fixup: 0.3 ms]
   [Code Root Purge: 0.0 ms]
   [String Dedup Fixup: 2.6 ms, GC Workers: 43]
      [Queue Fixup (ms): Min: 0.0, Avg: 0.0, Max: 0.0, Diff: 0.0, Sum: 0.2]
      [Table Fixup (ms): Min: 0.9, Avg: 1.4, Max: 1.9, Diff: 0.9, Sum: 61.1]
   [Clear CT: 5.3 ms]
   [Other: 28.0 ms]
      [Choose CSet: 0.0 ms]
      [Ref Proc: 20.5 ms]
      [Ref Enq: 1.3 ms]
      [Redirty Cards: 1.4 ms]
      [Humongous Register: 0.2 ms]
      [Humongous Reclaim: 0.0 ms]
      [Free CSet: 3.7 ms]
   [Eden: 863.0M(863.0M)->0.0B(866.0M) Survivors: 89.0M->85.0M Heap: 1656.9M(2048.0M)->795.5M(2048.0M)]
 [Times: user=2.81 sys=0.03, real=0.10 secs] 
2016-11-15T11:32:16.908+0100: 21734.100: Total time for which application threads were stopped: 0.0986070 seconds, Stopping threads took: 0.0002191 seconds
2016-11-15T11:32:16.908+0100: 21734.100: [GC concurrent-string-deduplication, 11.1K->536.0B(10.6K), avg 82.8%, 0.0001871 secs]
2016-11-15T11:32:24.914+0100: 21742.107: Total time for which application threads were stopped: 0.0014092 seconds, Stopping threads took: 0.0001534 seconds
2016-11-15T11:32:24.915+0100: 21742.108: Total time for which application threads were stopped: 0.0005956 seconds, Stopping threads took: 0.0000332 seconds
2016-11-15T11:32:24.916+0100: 21742.108: Total time for which application threads were stopped: 0.0005938 seconds, Stopping threads took: 0.0000345 seconds
2016-11-15T11:32:24.956+0100: 21742.148: Total time for which application threads were stopped: 0.0007331 seconds, Stopping threads took: 0.0000635 seconds
2016-11-15T11:32:55.960+0100: 21773.152: Total time for which application threads were stopped: 0.0014210 seconds, Stopping threads took: 0.0001605 seconds
2016-11-15T11:33:04.756+0100: 21781.948: Total time for which application threads were stopped: 0.0017522 seconds, Stopping threads took: 0.0001715 seconds
2016-11-15T11:33:10.096+0100: 21787.288: Total time for which application threads were stopped: 0.0014371 seconds, Stopping threads took: 0.0001633 seconds
2016-11-15T11:33:20.098+0100: 21797.290: Total time for which application threads were stopped: 0.0014807 seconds, Stopping threads took: 0.0001542 seconds
2016-11-15T11:33:20.099+0100: 21797.291: Total time for which application threads were stopped: 0.0006530 seconds, Stopping threads took: 0.0000416 seconds
2016-11-15T11:33:40.698+0100: 21817.891: Total time for which application threads were stopped: 0.0014791 seconds, Stopping threads took: 0.0001667 seconds
2016-11-15T11:33:40.699+0100: 21817.892: Total time for which application threads were stopped: 0.0006329 seconds, Stopping threads took: 0.0000359 seconds
2016-11-15T11:33:40.700+0100: 21817.892: Total time for which application threads were stopped: 0.0006407 seconds, Stopping threads took: 0.0000498 seconds
2016-11-15T11:33:40.866+0100: 21818.059: Total time for which application threads were stopped: 0.0009798 seconds, Stopping threads took: 0.0000950 seconds
2016-11-15T11:33:46.575+0100: 21823.767: Total time for which application threads were stopped: 0.0013741 seconds, Stopping threads took: 0.0001476 seconds
2016-11-15T11:33:46.575+0100: 21823.768: Total time for which application threads were stopped: 0.0005800 seconds, Stopping threads took: 0.0000320 seconds
2016-11-15T11:33:46.576+0100: 21823.768: Total time for which application threads were stopped: 0.0005921 seconds, Stopping threads took: 0.0000319 seconds
2016-11-15T11:33:46.614+0100: 21823.807: Total time for which application threads were stopped: 0.0007448 seconds, Stopping threads took: 0.0000678 seconds
2016-11-15T11:33:46.615+0100: 21823.808: Total time for which application threads were stopped: 0.0005721 seconds, Stopping threads took: 0.0000276 seconds
2016-11-15T11:33:46.616+0100: 21823.808: Total time for which application threads were stopped: 0.0005887 seconds, Stopping threads took: 0.0000331 seconds
2016-11-15T11:33:46.635+0100: 21823.827: Total time for which application threads were stopped: 0.0006876 seconds, Stopping threads took: 0.0000581 seconds
2016-11-15T11:33:54.969+0100: 21832.161: Total time for which application threads were stopped: 0.0014383 seconds, Stopping threads took: 0.0001665 seconds
2016-11-15T11:33:54.970+0100: 21832.162: Total time for which application threads were stopped: 0.0006116 seconds, Stopping threads took: 0.0000343 seconds
2016-11-15T11:33:54.970+0100: 21832.163: Total time for which application threads were stopped: 0.0005959 seconds, Stopping threads took: 0.0000325 seconds
2016-11-15T11:33:55.007+0100: 21832.200: Total time for which application threads were stopped: 0.0007462 seconds, Stopping threads took: 0.0000580 seconds
2016-11-15T11:33:57.091+0100: 21834.284: Total time for which application threads were stopped: 0.0014380 seconds, Stopping threads took: 0.0001543 seconds
2016-11-15T11:34:02.397+0100: 21839.590: Total time for which application threads were stopped: 0.0014088 seconds, Stopping threads took: 0.0001499 seconds
2016-11-15T11:34:12.399+0100: 21849.592: Total time for which application threads were stopped: 0.0015197 seconds, Stopping threads took: 0.0001601 seconds
2016-11-15T11:34:12.400+0100: 21849.593: Total time for which application threads were stopped: 0.0006283 seconds, Stopping threads took: 0.0000350 seconds
2016-11-15T11:34:25.403+0100: 21862.595: Total time for which application threads were stopped: 0.0013583 seconds, Stopping threads took: 0.0001499 seconds
2016-11-15T11:35:47.987+0100: 21945.180: Total time for which application threads were stopped: 0.0016141 seconds, Stopping threads took: 0.0001576 seconds
2016-11-15T11:35:47.988+0100: 21945.181: Total time for which application threads were stopped: 0.0010260 seconds, Stopping threads took: 0.0001322 seconds
2016-11-15T11:35:47.989+0100: 21945.182: Total time for which application threads were stopped: 0.0007329 seconds, Stopping threads took: 0.0000826 seconds
2016-11-15T11:35:48.242+0100: 21945.434: Total time for which application threads were stopped: 0.0015115 seconds, Stopping threads took: 0.0001652 seconds
2016-11-15T11:35:54.538+0100: 21951.731: Total time for which application threads were stopped: 0.0014457 seconds, Stopping threads took: 0.0001643 seconds
2016-11-15T11:35:54.540+0100: 21951.732: Total time for which application threads were stopped: 0.0006247 seconds, Stopping threads took: 0.0000330 seconds
2016-11-15T11:35:54.540+0100: 21951.733: Total time for which application threads were stopped: 0.0006039 seconds, Stopping threads took: 0.0000324 seconds
2016-11-15T11:35:54.589+0100: 21951.782: Total time for which application threads were stopped: 0.0014352 seconds, Stopping threads took: 0.0001436 seconds
2016-11-15T11:36:04.112+0100: 21961.304: [GC pause (G1 Evacuation Pause) (young)
Desired survivor size 62390272 bytes, new threshold 15 (max 15)
- age   1:     729592 bytes,     729592 total
- age   2:     225000 bytes,     954592 total
- age   3:     306440 bytes,    1261032 total
- age   4:    3390384 bytes,    4651416 total
- age   5:     312304 bytes,    4963720 total
- age   6:     359000 bytes,    5322720 total
- age   7:    5973048 bytes,   11295768 total
- age   8:     219832 bytes,   11515600 total
- age   9:    7884320 bytes,   19399920 total
- age  10:    6407704 bytes,   25807624 total
- age  11:    8817752 bytes,   34625376 total
- age  12:    8773296 bytes,   43398672 total
- age  13:    2946008 bytes,   46344680 total
- age  14:    8808312 bytes,   55152992 total
2016-11-15T11:36:04.201+0100: 21961.393: [SoftReference, 32 refs, 0.0058304 secs]2016-11-15T11:36:04.207+0100: 21961.399: [WeakReference, 5 refs, 0.0041408 secs]2016-11-15T11:36:04.211+0100: 21961.403: [FinalReference, 147 refs, 0.0092954 secs]2016-11-15T11:36:04.220+0100: 21961.413: [PhantomReference, 0 refs, 0 refs, 0.0077065 secs]2016-11-15T11:36:04.228+0100: 21961.421: [JNI Weak Reference, 0.0000474 secs], 0.1303317 secs]
   [Parallel Time: 86.5 ms, GC Workers: 43]
      [GC Worker Start (ms): Min: 21961304.8, Avg: 21961305.5, Max: 21961306.3, Diff: 1.5]
      [Ext Root Scanning (ms): Min: 1.8, Avg: 3.0, Max: 7.1, Diff: 5.2, Sum: 127.3]
      [Update RS (ms): Min: 11.1, Avg: 15.3, Max: 19.6, Diff: 8.5, Sum: 656.0]
         [Processed Buffers: Min: 3, Avg: 7.1, Max: 21, Diff: 18, Sum: 305]
      [Scan RS (ms): Min: 0.1, Avg: 0.6, Max: 1.2, Diff: 1.1, Sum: 27.4]
      [Code Root Scanning (ms): Min: 0.0, Avg: 0.1, Max: 2.1, Diff: 2.1, Sum: 4.1]
      [Object Copy (ms): Min: 60.7, Avg: 64.0, Max: 65.7, Diff: 5.0, Sum: 2750.8]
      [Termination (ms): Min: 0.0, Avg: 1.1, Max: 1.5, Diff: 1.5, Sum: 46.3]
         [Termination Attempts: Min: 1, Avg: 213.1, Max: 297, Diff: 296, Sum: 9163]
      [GC Worker Other (ms): Min: 0.1, Avg: 0.7, Max: 1.2, Diff: 1.1, Sum: 28.3]
      [GC Worker Total (ms): Min: 83.4, Avg: 84.7, Max: 85.9, Diff: 2.6, Sum: 3640.2]
      [GC Worker End (ms): Min: 21961389.6, Avg: 21961390.2, Max: 21961390.7, Diff: 1.1]
   [Code Root Fixup: 0.3 ms]
   [Code Root Purge: 0.0 ms]
   [String Dedup Fixup: 2.5 ms, GC Workers: 43]
      [Queue Fixup (ms): Min: 0.0, Avg: 0.0, Max: 0.0, Diff: 0.0, Sum: 0.1]
      [Table Fixup (ms): Min: 0.0, Avg: 1.4, Max: 2.0, Diff: 2.0, Sum: 61.1]
   [Clear CT: 4.0 ms]
   [Other: 37.1 ms]
      [Choose CSet: 0.0 ms]
      [Ref Proc: 29.1 ms]
      [Ref Enq: 1.8 ms]
      [Redirty Cards: 1.1 ms]
      [Humongous Register: 0.2 ms]
      [Humongous Reclaim: 0.1 ms]
      [Free CSet: 3.8 ms]
   [Eden: 866.0M(866.0M)->0.0B(873.0M) Survivors: 85.0M->81.0M Heap: 1662.5M(2048.0M)->792.0M(2048.0M)]
 [Times: user=3.74 sys=0.04, real=0.13 secs] 
2016-11-15T11:36:04.242+0100: 21961.435: Total time for which application threads were stopped: 0.1327597 seconds, Stopping threads took: 0.0002242 seconds
2016-11-15T11:36:04.244+0100: 21961.437: Total time for which application threads were stopped: 0.0014696 seconds, Stopping threads took: 0.0001201 seconds
2016-11-15T11:36:04.244+0100: 21961.437: [GC concurrent-string-deduplication, 11.8K->1048.0B(10.8K), avg 82.8%, 0.0001862 secs]
2016-11-15T11:36:04.248+0100: 21961.440: Total time for which application threads were stopped: 0.0033348 seconds, Stopping threads took: 0.0001250 seconds
2016-11-15T11:36:41.237+0100: 21998.429: Total time for which application threads were stopped: 0.0023007 seconds, Stopping threads took: 0.0002374 seconds
2016-11-15T11:36:41.240+0100: 21998.432: Total time for which application threads were stopped: 0.0017931 seconds, Stopping threads took: 0.0001033 seconds
2016-11-15T11:36:41.241+0100: 21998.434: Total time for which application threads were stopped: 0.0013303 seconds, Stopping threads took: 0.0000625 seconds
2016-11-15T11:36:41.389+0100: 21998.581: Total time for which application threads were stopped: 0.0016258 seconds, Stopping threads took: 0.0001804 seconds
2016-11-15T11:36:47.274+0100: 22004.466: Total time for which application threads were stopped: 0.0056271 seconds, Stopping threads took: 0.0002071 seconds
2016-11-15T11:36:47.280+0100: 22004.472: Total time for which application threads were stopped: 0.0051636 seconds, Stopping threads took: 0.0000751 seconds
2016-11-15T11:36:47.284+0100: 22004.477: Total time for which application threads were stopped: 0.0048528 seconds, Stopping threads took: 0.0000764 seconds
2016-11-15T11:36:47.291+0100: 22004.483: Total time for which application threads were stopped: 0.0019380 seconds, Stopping threads took: 0.0001719 seconds
2016-11-15T11:36:47.292+0100: 22004.484: Total time for which application threads were stopped: 0.0009504 seconds, Stopping threads took: 0.0000715 seconds
2016-11-15T11:36:47.293+0100: 22004.485: Total time for which application threads were stopped: 0.0008514 seconds, Stopping threads took: 0.0000518 seconds
2016-11-15T11:36:47.335+0100: 22004.527: Total time for which application threads were stopped: 0.0019552 seconds, Stopping threads took: 0.0001953 seconds
2016-11-15T11:36:48.423+0100: 22005.616: Total time for which application threads were stopped: 0.0019430 seconds, Stopping threads took: 0.0002000 seconds
2016-11-15T11:36:48.425+0100: 22005.617: Total time for which application threads were stopped: 0.0011249 seconds, Stopping threads took: 0.0000773 seconds
2016-11-15T11:36:48.426+0100: 22005.618: Total time for which application threads were stopped: 0.0008351 seconds, Stopping threads took: 0.0000511 seconds
2016-11-15T11:36:48.610+0100: 22005.802: Total time for which application threads were stopped: 0.0016885 seconds, Stopping threads took: 0.0001758 seconds
2016-11-15T11:36:52.188+0100: 22009.380: Total time for which application threads were stopped: 0.0021661 seconds, Stopping threads took: 0.0001913 seconds
2016-11-15T11:36:57.515+0100: 22014.707: Total time for which application threads were stopped: 0.0020196 seconds, Stopping threads took: 0.0002683 seconds
2016-11-15T11:37:07.517+0100: 22024.710: Total time for which application threads were stopped: 0.0020095 seconds, Stopping threads took: 0.0002889 seconds
2016-11-15T11:37:07.519+0100: 22024.711: Total time for which application threads were stopped: 0.0009720 seconds, Stopping threads took: 0.0000705 seconds
2016-11-15T11:37:31.292+0100: 22048.484: Total time for which application threads were stopped: 0.0019293 seconds, Stopping threads took: 0.0001986 seconds
2016-11-15T11:37:31.293+0100: 22048.486: Total time for which application threads were stopped: 0.0010161 seconds, Stopping threads took: 0.0000586 seconds
2016-11-15T11:37:31.294+0100: 22048.487: Total time for which application threads were stopped: 0.0009581 seconds, Stopping threads took: 0.0001453 seconds
2016-11-15T11:37:31.343+0100: 22048.536: Total time for which application threads were stopped: 0.0018251 seconds, Stopping threads took: 0.0002049 seconds
2016-11-15T11:37:42.375+0100: 22059.568: Total time for which application threads were stopped: 0.0021626 seconds, Stopping threads took: 0.0002278 seconds
2016-11-15T11:37:42.376+0100: 22059.569: Total time for which application threads were stopped: 0.0009464 seconds, Stopping threads took: 0.0000584 seconds
2016-11-15T11:37:42.377+0100: 22059.570: Total time for which application threads were stopped: 0.0008035 seconds, Stopping threads took: 0.0000424 seconds
2016-11-15T11:37:42.542+0100: 22059.735: Total time for which application threads were stopped: 0.0022858 seconds, Stopping threads took: 0.0002412 seconds
2016-11-15T11:37:53.606+0100: 22070.799: Total time for which application threads were stopped: 0.0018957 seconds, Stopping threads took: 0.0002151 seconds
2016-11-15T11:37:53.607+0100: 22070.800: Total time for which application threads were stopped: 0.0007141 seconds, Stopping threads took: 0.0000474 seconds
2016-11-15T11:37:53.609+0100: 22070.801: Total time for which application threads were stopped: 0.0010628 seconds, Stopping threads took: 0.0001389 seconds
2016-11-15T11:37:53.662+0100: 22070.854: Total time for which application threads were stopped: 0.0014470 seconds, Stopping threads took: 0.0001443 seconds
2016-11-15T11:38:00.664+0100: 22077.857: Total time for which application threads were stopped: 0.0019732 seconds, Stopping threads took: 0.0002217 seconds
2016-11-15T11:38:05.122+0100: 22082.315: Total time for which application threads were stopped: 0.0018601 seconds, Stopping threads took: 0.0001867 seconds
2016-11-15T11:38:08.039+0100: 22085.231: Total time for which application threads were stopped: 0.0018828 seconds, Stopping threads took: 0.0002236 seconds
2016-11-15T11:38:08.040+0100: 22085.232: Total time for which application threads were stopped: 0.0008194 seconds, Stopping threads took: 0.0000562 seconds
2016-11-15T11:38:08.041+0100: 22085.234: Total time for which application threads were stopped: 0.0011619 seconds, Stopping threads took: 0.0001830 seconds
2016-11-15T11:38:08.142+0100: 22085.334: Total time for which application threads were stopped: 0.0019556 seconds, Stopping threads took: 0.0002000 seconds
2016-11-15T11:38:10.389+0100: 22087.581: Total time for which application threads were stopped: 0.0016957 seconds, Stopping threads took: 0.0001936 seconds
2016-11-15T11:38:11.066+0100: 22088.258: Total time for which application threads were stopped: 0.0018360 seconds, Stopping threads took: 0.0001967 seconds
2016-11-15T11:38:11.067+0100: 22088.260: Total time for which application threads were stopped: 0.0008454 seconds, Stopping threads took: 0.0000528 seconds
2016-11-15T11:38:11.068+0100: 22088.260: Total time for which application threads were stopped: 0.0006479 seconds, Stopping threads took: 0.0000408 seconds
2016-11-15T11:38:11.102+0100: 22088.294: Total time for which application threads were stopped: 0.0018449 seconds, Stopping threads took: 0.0001954 seconds
2016-11-15T11:38:20.391+0100: 22097.584: Total time for which application threads were stopped: 0.0020701 seconds, Stopping threads took: 0.0002263 seconds
2016-11-15T11:38:20.393+0100: 22097.585: Total time for which application threads were stopped: 0.0011675 seconds, Stopping threads took: 0.0001599 seconds
2016-11-15T11:38:33.343+0100: 22110.536: Total time for which application threads were stopped: 0.0020886 seconds, Stopping threads took: 0.0002168 seconds
2016-11-15T11:38:38.638+0100: 22115.830: Total time for which application threads were stopped: 0.0017578 seconds, Stopping threads took: 0.0001983 seconds
2016-11-15T11:38:42.640+0100: 22119.832: Total time for which application threads were stopped: 0.0017841 seconds, Stopping threads took: 0.0001827 seconds
2016-11-15T11:38:48.278+0100: 22125.470: Total time for which application threads were stopped: 0.0048175 seconds, Stopping threads took: 0.0005430 seconds
2016-11-15T11:38:48.280+0100: 22125.473: Total time for which application threads were stopped: 0.0021134 seconds, Stopping threads took: 0.0005717 seconds
2016-11-15T11:38:48.281+0100: 22125.473: Total time for which application threads were stopped: 0.0007694 seconds, Stopping threads took: 0.0001047 seconds
2016-11-15T11:38:48.282+0100: 22125.474: Total time for which application threads were stopped: 0.0007601 seconds, Stopping threads took: 0.0001267 seconds
2016-11-15T11:38:48.283+0100: 22125.476: Total time for which application threads were stopped: 0.0013203 seconds, Stopping threads took: 0.0006031 seconds
2016-11-15T11:38:48.284+0100: 22125.476: Total time for which application threads were stopped: 0.0007283 seconds, Stopping threads took: 0.0001200 seconds
2016-11-15T11:38:48.286+0100: 22125.478: Total time for which application threads were stopped: 0.0013411 seconds, Stopping threads took: 0.0005822 seconds
2016-11-15T11:38:48.286+0100: 22125.479: Total time for which application threads were stopped: 0.0007690 seconds, Stopping threads took: 0.0000962 seconds
2016-11-15T11:38:51.270+0100: 22128.463: Total time for which application threads were stopped: 0.0020091 seconds, Stopping threads took: 0.0002475 seconds
2016-11-15T11:39:08.641+0100: 22145.833: Total time for which application threads were stopped: 0.0018064 seconds, Stopping threads took: 0.0001959 seconds
2016-11-15T11:39:22.644+0100: 22159.836: Total time for which application threads were stopped: 0.0019518 seconds, Stopping threads took: 0.0002378 seconds
2016-11-15T11:39:27.523+0100: 22164.716: Total time for which application threads were stopped: 0.0020337 seconds, Stopping threads took: 0.0002381 seconds
2016-11-15T11:39:27.531+0100: 22164.724: Total time for which application threads were stopped: 0.0014648 seconds, Stopping threads took: 0.0001078 seconds
2016-11-15T11:39:27.532+0100: 22164.725: Total time for which application threads were stopped: 0.0006770 seconds, Stopping threads took: 0.0000391 seconds
2016-11-15T11:39:27.536+0100: 22164.729: Total time for which application threads were stopped: 0.0033279 seconds, Stopping threads took: 0.0000484 seconds
2016-11-15T11:39:39.252+0100: 22176.444: Total time for which application threads were stopped: 0.0019236 seconds, Stopping threads took: 0.0002091 seconds
2016-11-15T11:39:39.253+0100: 22176.445: Total time for which application threads were stopped: 0.0009265 seconds, Stopping threads took: 0.0000572 seconds
2016-11-15T11:39:39.254+0100: 22176.446: Total time for which application threads were stopped: 0.0007195 seconds, Stopping threads took: 0.0000387 seconds
2016-11-15T11:39:39.438+0100: 22176.631: Total time for which application threads were stopped: 0.0017351 seconds, Stopping threads took: 0.0001935 seconds
2016-11-15T11:39:46.966+0100: 22184.159: Total time for which application threads were stopped: 0.0018986 seconds, Stopping threads took: 0.0002675 seconds
2016-11-15T11:39:46.968+0100: 22184.160: Total time for which application threads were stopped: 0.0007753 seconds, Stopping threads took: 0.0000981 seconds
2016-11-15T11:39:46.969+0100: 22184.161: Total time for which application threads were stopped: 0.0010595 seconds, Stopping threads took: 0.0001606 seconds
2016-11-15T11:39:47.022+0100: 22184.214: Total time for which application threads were stopped: 0.0017264 seconds, Stopping threads took: 0.0001848 seconds
2016-11-15T11:39:56.927+0100: 22194.120: Total time for which application threads were stopped: 0.0015829 seconds, Stopping threads took: 0.0001805 seconds
2016-11-15T11:39:56.928+0100: 22194.121: Total time for which application threads were stopped: 0.0006550 seconds, Stopping threads took: 0.0000366 seconds
2016-11-15T11:39:56.929+0100: 22194.121: Total time for which application threads were stopped: 0.0006013 seconds, Stopping threads took: 0.0000359 seconds
2016-11-15T11:39:57.148+0100: 22194.340: Total time for which application threads were stopped: 0.0016136 seconds, Stopping threads took: 0.0001829 seconds
2016-11-15T11:40:47.050+0100: 22244.242: [GC pause (G1 Evacuation Pause) (young)
Desired survivor size 62914560 bytes, new threshold 15 (max 15)
- age   1:     548800 bytes,     548800 total
- age   2:     287104 bytes,     835904 total
- age   3:     222312 bytes,    1058216 total
- age   4:     295528 bytes,    1353744 total
- age   5:    3251456 bytes,    4605200 total
- age   6:     312304 bytes,    4917504 total
- age   7:     339328 bytes,    5256832 total
- age   8:    5971256 bytes,   11228088 total
- age   9:     218264 bytes,   11446352 total
- age  10:    7882904 bytes,   19329256 total
- age  11:    6407704 bytes,   25736960 total
- age  12:    8817752 bytes,   34554712 total
- age  13:    8771728 bytes,   43326440 total
- age  14:    2945984 bytes,   46272424 total
- age  15:    8808208 bytes,   55080632 total
2016-11-15T11:40:47.117+0100: 22244.309: [SoftReference, 25 refs, 0.0058018 secs]2016-11-15T11:40:47.123+0100: 22244.315: [WeakReference, 25 refs, 0.0031766 secs]2016-11-15T11:40:47.126+0100: 22244.318: [FinalReference, 308 refs, 0.0033848 secs]2016-11-15T11:40:47.129+0100: 22244.322: [PhantomReference, 0 refs, 0 refs, 0.0063468 secs]2016-11-15T11:40:47.136+0100: 22244.328: [JNI Weak Reference, 0.0000334 secs], 0.1010475 secs]
   [Parallel Time: 63.9 ms, GC Workers: 43]
      [GC Worker Start (ms): Min: 22244243.2, Avg: 22244243.7, Max: 22244244.1, Diff: 0.9]
      [Ext Root Scanning (ms): Min: 1.8, Avg: 7.8, Max: 15.1, Diff: 13.3, Sum: 334.0]
      [Update RS (ms): Min: 0.1, Avg: 7.4, Max: 20.9, Diff: 20.8, Sum: 316.6]
         [Processed Buffers: Min: 1, Avg: 7.0, Max: 19, Diff: 18, Sum: 302]
      [Scan RS (ms): Min: 0.1, Avg: 0.7, Max: 9.9, Diff: 9.8, Sum: 29.4]
      [Code Root Scanning (ms): Min: 0.0, Avg: 0.0, Max: 0.2, Diff: 0.2, Sum: 1.5]
      [Object Copy (ms): Min: 37.3, Avg: 46.1, Max: 46.8, Diff: 9.5, Sum: 1982.1]
      [Termination (ms): Min: 0.0, Avg: 0.1, Max: 0.2, Diff: 0.2, Sum: 3.0]
         [Termination Attempts: Min: 1, Avg: 13.8, Max: 43, Diff: 42, Sum: 593]
      [GC Worker Other (ms): Min: 0.1, Avg: 0.4, Max: 1.0, Diff: 0.9, Sum: 19.1]
      [GC Worker Total (ms): Min: 61.7, Avg: 62.5, Max: 63.2, Diff: 1.5, Sum: 2685.6]
      [GC Worker End (ms): Min: 22244305.8, Avg: 22244306.2, Max: 22244306.7, Diff: 0.9]
   [Code Root Fixup: 0.3 ms]
   [Code Root Purge: 0.0 ms]
   [String Dedup Fixup: 2.6 ms, GC Workers: 43]
      [Queue Fixup (ms): Min: 0.0, Avg: 0.0, Max: 0.0, Diff: 0.0, Sum: 0.2]
      [Table Fixup (ms): Min: 0.9, Avg: 1.4, Max: 1.9, Diff: 1.0, Sum: 62.1]
   [Clear CT: 5.7 ms]
   [Other: 28.6 ms]
      [Choose CSet: 0.0 ms]
      [Ref Proc: 20.7 ms]
      [Ref Enq: 1.2 ms]
      [Redirty Cards: 1.3 ms]
      [Humongous Register: 0.2 ms]
      [Humongous Reclaim: 0.1 ms]
      [Free CSet: 4.0 ms]
   [Eden: 873.0M(873.0M)->0.0B(868.0M) Survivors: 81.0M->76.0M Heap: 1670.0M(2048.0M)->798.6M(2048.0M)]
 [Times: user=2.74 sys=0.02, real=0.10 secs] 
2016-11-15T11:40:47.152+0100: 22244.344: Total time for which application threads were stopped: 0.1034334 seconds, Stopping threads took: 0.0001853 seconds
2016-11-15T11:40:47.152+0100: 22244.344: [GC concurrent-string-deduplication, 15.4K->1368.0B(14.0K), avg 82.8%, 0.0002220 secs]
2016-11-15T11:40:47.154+0100: 22244.346: Total time for which application threads were stopped: 0.0015596 seconds, Stopping threads took: 0.0000794 seconds
2016-11-15T11:40:47.155+0100: 22244.347: Total time for which application threads were stopped: 0.0008552 seconds, Stopping threads took: 0.0002045 seconds
2016-11-15T11:41:22.159+0100: 22279.351: Total time for which application threads were stopped: 0.0016855 seconds, Stopping threads took: 0.0002361 seconds
2016-11-15T11:41:43.982+0100: 22301.174: Total time for which application threads were stopped: 0.0015609 seconds, Stopping threads took: 0.0001868 seconds
2016-11-15T11:41:43.983+0100: 22301.175: Total time for which application threads were stopped: 0.0006020 seconds, Stopping threads took: 0.0000340 seconds
2016-11-15T11:41:43.983+0100: 22301.176: Total time for which application threads were stopped: 0.0005850 seconds, Stopping threads took: 0.0000314 seconds
2016-11-15T11:41:44.131+0100: 22301.324: Total time for which application threads were stopped: 0.0012675 seconds, Stopping threads took: 0.0001302 seconds
2016-11-15T11:42:10.559+0100: 22327.751: Total time for which application threads were stopped: 0.0017225 seconds, Stopping threads took: 0.0001959 seconds
2016-11-15T11:42:10.559+0100: 22327.752: Total time for which application threads were stopped: 0.0006428 seconds, Stopping threads took: 0.0000381 seconds
2016-11-15T11:42:10.560+0100: 22327.753: Total time for which application threads were stopped: 0.0006267 seconds, Stopping threads took: 0.0000336 seconds
2016-11-15T11:42:10.794+0100: 22327.987: Total time for which application threads were stopped: 0.0009133 seconds, Stopping threads took: 0.0000846 seconds
2016-11-15T11:42:20.796+0100: 22337.989: Total time for which application threads were stopped: 0.0014815 seconds, Stopping threads took: 0.0001680 seconds
2016-11-15T11:42:23.215+0100: 22340.407: Total time for which application threads were stopped: 0.0014324 seconds, Stopping threads took: 0.0001595 seconds
2016-11-15T11:42:23.216+0100: 22340.408: Total time for which application threads were stopped: 0.0006043 seconds, Stopping threads took: 0.0000365 seconds
2016-11-15T11:42:23.217+0100: 22340.409: Total time for which application threads were stopped: 0.0006019 seconds, Stopping threads took: 0.0000351 seconds
2016-11-15T11:42:23.394+0100: 22340.586: Total time for which application threads were stopped: 0.0008731 seconds, Stopping threads took: 0.0000680 seconds
2016-11-15T11:42:23.470+0100: 22340.663: Total time for which application threads were stopped: 0.0010818 seconds, Stopping threads took: 0.0001094 seconds
2016-11-15T11:42:23.471+0100: 22340.664: Total time for which application threads were stopped: 0.0007036 seconds, Stopping threads took: 0.0000794 seconds
2016-11-15T11:42:23.472+0100: 22340.665: Total time for which application threads were stopped: 0.0007542 seconds, Stopping threads took: 0.0000835 seconds
2016-11-15T11:42:23.474+0100: 22340.666: Total time for which application threads were stopped: 0.0009919 seconds, Stopping threads took: 0.0002372 seconds
2016-11-15T11:42:23.476+0100: 22340.668: Total time for which application threads were stopped: 0.0008203 seconds, Stopping threads took: 0.0001174 seconds
2016-11-15T11:42:23.483+0100: 22340.675: Total time for which application threads were stopped: 0.0010190 seconds, Stopping threads took: 0.0001370 seconds
2016-11-15T11:42:24.484+0100: 22341.677: Total time for which application threads were stopped: 0.0012161 seconds, Stopping threads took: 0.0001475 seconds
2016-11-15T11:42:37.868+0100: 22355.060: Total time for which application threads were stopped: 0.0015569 seconds, Stopping threads took: 0.0001826 seconds
2016-11-15T11:42:37.868+0100: 22355.061: Total time for which application threads were stopped: 0.0005912 seconds, Stopping threads took: 0.0000328 seconds
2016-11-15T11:42:37.869+0100: 22355.062: Total time for which application threads were stopped: 0.0005878 seconds, Stopping threads took: 0.0000317 seconds
2016-11-15T11:42:38.093+0100: 22355.285: Total time for which application threads were stopped: 0.0008685 seconds, Stopping threads took: 0.0000788 seconds
2016-11-15T11:42:56.852+0100: 22374.044: Total time for which application threads were stopped: 0.0015499 seconds, Stopping threads took: 0.0001810 seconds
2016-11-15T11:42:56.853+0100: 22374.045: Total time for which application threads were stopped: 0.0006012 seconds, Stopping threads took: 0.0000400 seconds
2016-11-15T11:42:56.853+0100: 22374.046: Total time for which application threads were stopped: 0.0005871 seconds, Stopping threads took: 0.0000357 seconds
2016-11-15T11:42:56.900+0100: 22374.093: Total time for which application threads were stopped: 0.0007234 seconds, Stopping threads took: 0.0000666 seconds
2016-11-15T11:44:21.645+0100: 22458.837: Total time for which application threads were stopped: 0.0015931 seconds, Stopping threads took: 0.0001796 seconds
2016-11-15T11:44:21.646+0100: 22458.838: Total time for which application threads were stopped: 0.0006135 seconds, Stopping threads took: 0.0000342 seconds
2016-11-15T11:44:21.646+0100: 22458.839: Total time for which application threads were stopped: 0.0005876 seconds, Stopping threads took: 0.0000323 seconds
2016-11-15T11:44:21.812+0100: 22459.004: Total time for which application threads were stopped: 0.0007818 seconds, Stopping threads took: 0.0000720 seconds
2016-11-15T11:44:25.456+0100: 22462.649: Total time for which application threads were stopped: 0.0015709 seconds, Stopping threads took: 0.0001806 seconds
2016-11-15T11:44:25.457+0100: 22462.650: Total time for which application threads were stopped: 0.0006012 seconds, Stopping threads took: 0.0000334 seconds
2016-11-15T11:44:25.458+0100: 22462.651: Total time for which application threads were stopped: 0.0008744 seconds, Stopping threads took: 0.0000301 seconds
2016-11-15T11:44:25.629+0100: 22462.821: Total time for which application threads were stopped: 0.0007504 seconds, Stopping threads took: 0.0000602 seconds
2016-11-15T11:45:55.207+0100: 22552.399: Total time for which application threads were stopped: 0.0016705 seconds, Stopping threads took: 0.0001817 seconds
2016-11-15T11:46:00.458+0100: 22557.650: Total time for which application threads were stopped: 0.0015334 seconds, Stopping threads took: 0.0001784 seconds
2016-11-15T11:46:10.460+0100: 22567.652: Total time for which application threads were stopped: 0.0018573 seconds, Stopping threads took: 0.0001778 seconds
2016-11-15T11:46:10.463+0100: 22567.655: Total time for which application threads were stopped: 0.0027064 seconds, Stopping threads took: 0.0000339 seconds
2016-11-15T11:46:22.516+0100: 22579.708: Total time for which application threads were stopped: 0.0015396 seconds, Stopping threads took: 0.0001793 seconds
2016-11-15T11:46:22.516+0100: 22579.709: Total time for which application threads were stopped: 0.0006030 seconds, Stopping threads took: 0.0000329 seconds
2016-11-15T11:46:22.517+0100: 22579.709: Total time for which application threads were stopped: 0.0005977 seconds, Stopping threads took: 0.0000303 seconds
2016-11-15T11:46:22.682+0100: 22579.874: Total time for which application threads were stopped: 0.0014532 seconds, Stopping threads took: 0.0001607 seconds
2016-11-15T11:46:32.717+0100: 22589.910: Total time for which application threads were stopped: 0.0015583 seconds, Stopping threads took: 0.0001772 seconds
2016-11-15T11:46:32.718+0100: 22589.911: Total time for which application threads were stopped: 0.0005934 seconds, Stopping threads took: 0.0000329 seconds
2016-11-15T11:46:32.719+0100: 22589.911: Total time for which application threads were stopped: 0.0005868 seconds, Stopping threads took: 0.0000307 seconds
2016-11-15T11:46:32.762+0100: 22589.955: Total time for which application threads were stopped: 0.0007558 seconds, Stopping threads took: 0.0000615 seconds
2016-11-15T11:47:02.356+0100: 22619.549: Total time for which application threads were stopped: 0.0039764 seconds, Stopping threads took: 0.0001767 seconds
2016-11-15T11:47:03.358+0100: 22620.550: Total time for which application threads were stopped: 0.0015034 seconds, Stopping threads took: 0.0001599 seconds
2016-11-15T11:47:10.360+0100: 22627.552: Total time for which application threads were stopped: 0.0015090 seconds, Stopping threads took: 0.0001788 seconds
2016-11-15T11:47:12.362+0100: 22629.554: Total time for which application threads were stopped: 0.0015189 seconds, Stopping threads took: 0.0001646 seconds
2016-11-15T11:47:18.788+0100: 22635.980: Total time for which application threads were stopped: 0.0015432 seconds, Stopping threads took: 0.0002188 seconds
2016-11-15T11:47:18.789+0100: 22635.981: Total time for which application threads were stopped: 0.0006989 seconds, Stopping threads took: 0.0001211 seconds
2016-11-15T11:47:18.789+0100: 22635.982: Total time for which application threads were stopped: 0.0006553 seconds, Stopping threads took: 0.0000818 seconds
2016-11-15T11:47:18.874+0100: 22636.067: Total time for which application threads were stopped: 0.0008005 seconds, Stopping threads took: 0.0000635 seconds
2016-11-15T11:47:19.863+0100: 22637.056: Total time for which application threads were stopped: 0.0012808 seconds, Stopping threads took: 0.0001386 seconds
2016-11-15T11:47:19.864+0100: 22637.057: Total time for which application threads were stopped: 0.0005908 seconds, Stopping threads took: 0.0000342 seconds
2016-11-15T11:47:19.865+0100: 22637.057: Total time for which application threads were stopped: 0.0006135 seconds, Stopping threads took: 0.0000302 seconds
2016-11-15T11:47:20.059+0100: 22637.251: Total time for which application threads were stopped: 0.0008540 seconds, Stopping threads took: 0.0000784 seconds
2016-11-15T11:48:00.063+0100: 22677.256: Total time for which application threads were stopped: 0.0016865 seconds, Stopping threads took: 0.0001841 seconds
2016-11-15T11:48:14.066+0100: 22691.259: Total time for which application threads were stopped: 0.0016590 seconds, Stopping threads took: 0.0001847 seconds
2016-11-15T11:48:50.733+0100: 22727.926: [GC pause (G1 Evacuation Pause) (young)
Desired survivor size 61865984 bytes, new threshold 15 (max 15)
- age   1:    1560560 bytes,    1560560 total
- age   2:     282832 bytes,    1843392 total
- age   3:     284640 bytes,    2128032 total
- age   4:     210288 bytes,    2338320 total
- age   5:     281368 bytes,    2619688 total
- age   6:    3251016 bytes,    5870704 total
- age   7:     302592 bytes,    6173296 total
- age   8:     339160 bytes,    6512456 total
- age   9:    5971256 bytes,   12483712 total
- age  10:     217312 bytes,   12701024 total
- age  11:    7881336 bytes,   20582360 total
- age  12:    6407704 bytes,   26990064 total
- age  13:    8817712 bytes,   35807776 total
- age  14:    8771728 bytes,   44579504 total
- age  15:    2945984 bytes,   47525488 total
2016-11-15T11:48:50.791+0100: 22727.984: [SoftReference, 27 refs, 0.0051721 secs]2016-11-15T11:48:50.796+0100: 22727.989: [WeakReference, 12 refs, 0.0031856 secs]2016-11-15T11:48:50.800+0100: 22727.992: [FinalReference, 231 refs, 0.0032790 secs]2016-11-15T11:48:50.803+0100: 22727.995: [PhantomReference, 0 refs, 0 refs, 0.0070885 secs]2016-11-15T11:48:50.810+0100: 22728.002: [JNI Weak Reference, 0.0000313 secs], 0.0917637 secs]
   [Parallel Time: 55.0 ms, GC Workers: 43]
      [GC Worker Start (ms): Min: 22727926.6, Avg: 22727927.1, Max: 22727927.6, Diff: 1.0]
      [Ext Root Scanning (ms): Min: 1.7, Avg: 2.5, Max: 6.6, Diff: 4.9, Sum: 106.1]
      [Update RS (ms): Min: 8.7, Avg: 12.4, Max: 14.0, Diff: 5.3, Sum: 533.9]
         [Processed Buffers: Min: 4, Avg: 7.9, Max: 20, Diff: 16, Sum: 338]
      [Scan RS (ms): Min: 0.1, Avg: 0.5, Max: 0.8, Diff: 0.7, Sum: 22.7]
      [Code Root Scanning (ms): Min: 0.0, Avg: 0.0, Max: 0.2, Diff: 0.2, Sum: 1.6]
      [Object Copy (ms): Min: 36.6, Avg: 37.5, Max: 37.8, Diff: 1.2, Sum: 1613.4]
      [Termination (ms): Min: 0.0, Avg: 0.2, Max: 0.3, Diff: 0.3, Sum: 7.0]
         [Termination Attempts: Min: 1, Avg: 34.9, Max: 78, Diff: 77, Sum: 1500]
      [GC Worker Other (ms): Min: 0.1, Avg: 0.4, Max: 0.9, Diff: 0.8, Sum: 16.7]
      [GC Worker Total (ms): Min: 52.7, Avg: 53.5, Max: 54.4, Diff: 1.7, Sum: 2301.5]
      [GC Worker End (ms): Min: 22727980.3, Avg: 22727980.6, Max: 22727981.1, Diff: 0.8]
   [Code Root Fixup: 0.3 ms]
   [Code Root Purge: 0.0 ms]
   [String Dedup Fixup: 2.5 ms, GC Workers: 43]
      [Queue Fixup (ms): Min: 0.0, Avg: 0.0, Max: 0.0, Diff: 0.0, Sum: 0.2]
      [Table Fixup (ms): Min: 0.9, Avg: 1.4, Max: 1.9, Diff: 1.0, Sum: 60.2]
   [Clear CT: 5.3 ms]
   [Other: 28.7 ms]
      [Choose CSet: 0.0 ms]
      [Ref Proc: 20.7 ms]
      [Ref Enq: 1.3 ms]
      [Redirty Cards: 1.4 ms]
      [Humongous Register: 0.2 ms]
      [Humongous Reclaim: 0.1 ms]
      [Free CSet: 4.0 ms]
   [Eden: 868.0M(868.0M)->0.0B(862.0M) Survivors: 76.0M->74.0M Heap: 1668.6M(2048.0M)->805.3M(2048.0M)]
 [Times: user=2.60 sys=0.02, real=0.09 secs] 
2016-11-15T11:48:50.826+0100: 22728.018: Total time for which application threads were stopped: 0.0940730 seconds, Stopping threads took: 0.0001889 seconds
2016-11-15T11:48:50.827+0100: 22728.020: Total time for which application threads were stopped: 0.0015449 seconds, Stopping threads took: 0.0001327 seconds
2016-11-15T11:48:50.828+0100: 22728.020: [GC concurrent-string-deduplication, 14.8K->1440.0B(13.4K), avg 82.8%, 0.0002528 secs]
2016-11-15T11:48:50.828+0100: 22728.021: Total time for which application threads were stopped: 0.0007367 seconds, Stopping threads took: 0.0000886 seconds
2016-11-15T11:48:50.829+0100: 22728.022: Total time for which application threads were stopped: 0.0007091 seconds, Stopping threads took: 0.0000880 seconds
2016-11-15T11:48:50.830+0100: 22728.022: Total time for which application threads were stopped: 0.0006927 seconds, Stopping threads took: 0.0000832 seconds
2016-11-15T11:48:54.832+0100: 22732.024: Total time for which application threads were stopped: 0.0015017 seconds, Stopping threads took: 0.0001776 seconds
2016-11-15T11:50:00.838+0100: 22798.031: Total time for which application threads were stopped: 0.0017609 seconds, Stopping threads took: 0.0002026 seconds
2016-11-15T11:52:25.497+0100: 22942.690: [GC pause (G1 Evacuation Pause) (young)
Desired survivor size 61341696 bytes, new threshold 15 (max 15)
- age   1:    1187848 bytes,    1187848 total
- age   2:    1244384 bytes,    2432232 total
- age   3:     278984 bytes,    2711216 total
- age   4:     269600 bytes,    2980816 total
- age   5:     210288 bytes,    3191104 total
- age   6:     281368 bytes,    3472472 total
- age   7:    3248872 bytes,    6721344 total
- age   8:     300912 bytes,    7022256 total
- age   9:     337848 bytes,    7360104 total
- age  10:    5969688 bytes,   13329792 total
- age  11:     217272 bytes,   13547064 total
- age  12:    7881336 bytes,   21428400 total
- age  13:    6407480 bytes,   27835880 total
- age  14:    8817712 bytes,   36653592 total
- age  15:    8771728 bytes,   45425320 total
2016-11-15T11:52:25.549+0100: 22942.741: [SoftReference, 45 refs, 0.0051821 secs]2016-11-15T11:52:25.554+0100: 22942.747: [WeakReference, 7 refs, 0.0036872 secs]2016-11-15T11:52:25.558+0100: 22942.750: [FinalReference, 78 refs, 0.0036641 secs]2016-11-15T11:52:25.561+0100: 22942.754: [PhantomReference, 0 refs, 0 refs, 0.0072235 secs]2016-11-15T11:52:25.569+0100: 22942.761: [JNI Weak Reference, 0.0000336 secs], 0.0868920 secs]
   [Parallel Time: 48.0 ms, GC Workers: 43]
      [GC Worker Start (ms): Min: 22942690.4, Avg: 22942690.9, Max: 22942691.4, Diff: 1.0]
      [Ext Root Scanning (ms): Min: 1.8, Avg: 2.5, Max: 5.5, Diff: 3.8, Sum: 107.8]
      [Update RS (ms): Min: 7.2, Avg: 9.1, Max: 11.6, Diff: 4.4, Sum: 392.2]
         [Processed Buffers: Min: 2, Avg: 6.2, Max: 18, Diff: 16, Sum: 268]
      [Scan RS (ms): Min: 0.1, Avg: 0.6, Max: 1.1, Diff: 1.1, Sum: 24.8]
      [Code Root Scanning (ms): Min: 0.0, Avg: 0.1, Max: 0.4, Diff: 0.4, Sum: 2.2]
      [Object Copy (ms): Min: 32.3, Avg: 34.0, Max: 34.5, Diff: 2.3, Sum: 1461.4]
      [Termination (ms): Min: 0.0, Avg: 0.1, Max: 0.2, Diff: 0.2, Sum: 4.1]
         [Termination Attempts: Min: 1, Avg: 17.6, Max: 51, Diff: 50, Sum: 756]
      [GC Worker Other (ms): Min: 0.0, Avg: 0.4, Max: 0.9, Diff: 0.9, Sum: 17.6]
      [GC Worker Total (ms): Min: 46.1, Avg: 46.7, Max: 47.7, Diff: 1.6, Sum: 2010.0]
      [GC Worker End (ms): Min: 22942737.3, Avg: 22942737.7, Max: 22942738.2, Diff: 0.9]
   [Code Root Fixup: 0.3 ms]
   [Code Root Purge: 0.0 ms]
   [String Dedup Fixup: 2.6 ms, GC Workers: 43]
      [Queue Fixup (ms): Min: 0.0, Avg: 0.0, Max: 0.0, Diff: 0.0, Sum: 0.2]
      [Table Fixup (ms): Min: 0.9, Avg: 1.4, Max: 1.9, Diff: 1.0, Sum: 59.9]
   [Clear CT: 5.6 ms]
   [Other: 30.3 ms]
      [Choose CSet: 0.0 ms]
      [Ref Proc: 22.5 ms]
      [Ref Enq: 1.4 ms]
      [Redirty Cards: 1.4 ms]
      [Humongous Register: 0.2 ms]
      [Humongous Reclaim: 0.0 ms]
      [Free CSet: 3.9 ms]
   [Eden: 862.0M(862.0M)->0.0B(904.0M) Survivors: 74.0M->48.0M Heap: 1667.3M(2048.0M)->789.4M(2048.0M)]
 [Times: user=2.32 sys=0.04, real=0.09 secs] 
2016-11-15T11:52:25.585+0100: 22942.777: Total time for which application threads were stopped: 0.0894658 seconds, Stopping threads took: 0.0001884 seconds
2016-11-15T11:52:25.585+0100: 22942.778: [GC concurrent-string-deduplication, 35.4K->12.9K(22.4K), avg 82.8%, 0.0005364 secs]
2016-11-15T11:53:11.056+0100: 22988.249: Total time for which application threads were stopped: 0.0015048 seconds, Stopping threads took: 0.0001597 seconds
2016-11-15T11:53:11.059+0100: 22988.252: Total time for which application threads were stopped: 0.0007117 seconds, Stopping threads took: 0.0000549 seconds
2016-11-15T11:53:11.124+0100: 22988.316: Total time for which application threads were stopped: 0.0060546 seconds, Stopping threads took: 0.0000668 seconds
2016-11-15T11:53:13.125+0100: 22990.317: Total time for which application threads were stopped: 0.0012563 seconds, Stopping threads took: 0.0001126 seconds
2016-11-15T11:53:22.127+0100: 22999.319: Total time for which application threads were stopped: 0.0013687 seconds, Stopping threads took: 0.0001674 seconds
2016-11-15T11:53:30.129+0100: 23007.321: Total time for which application threads were stopped: 0.0015721 seconds, Stopping threads took: 0.0002118 seconds
2016-11-15T11:55:01.998+0100: 23099.191: Total time for which application threads were stopped: 0.0061686 seconds, Stopping threads took: 0.0002138 seconds
2016-11-15T11:55:02.004+0100: 23099.196: Total time for which application threads were stopped: 0.0049834 seconds, Stopping threads took: 0.0000746 seconds
2016-11-15T11:55:02.018+0100: 23099.211: Total time for which application threads were stopped: 0.0060399 seconds, Stopping threads took: 0.0002160 seconds
2016-11-15T11:55:02.074+0100: 23099.267: Total time for which application threads were stopped: 0.0027453 seconds, Stopping threads took: 0.0002827 seconds
2016-11-15T11:55:02.076+0100: 23099.269: Total time for which application threads were stopped: 0.0017302 seconds, Stopping threads took: 0.0000865 seconds
2016-11-15T11:55:02.086+0100: 23099.279: Total time for which application threads were stopped: 0.0027189 seconds, Stopping threads took: 0.0002701 seconds
2016-11-15T11:55:02.216+0100: 23099.408: Total time for which application threads were stopped: 0.0028923 seconds, Stopping threads took: 0.0002880 seconds
2016-11-15T11:55:06.231+0100: 23103.423: Total time for which application threads were stopped: 0.0027198 seconds, Stopping threads took: 0.0003308 seconds
2016-11-15T11:55:13.048+0100: 23110.240: Total time for which application threads were stopped: 0.0024147 seconds, Stopping threads took: 0.0002540 seconds
2016-11-15T11:55:13.056+0100: 23110.248: Total time for which application threads were stopped: 0.0021439 seconds, Stopping threads took: 0.0002158 seconds
2016-11-15T11:55:13.057+0100: 23110.250: Total time for which application threads were stopped: 0.0012544 seconds, Stopping threads took: 0.0000612 seconds
2016-11-15T11:55:13.104+0100: 23110.297: Total time for which application threads were stopped: 0.0026696 seconds, Stopping threads took: 0.0002315 seconds
2016-11-15T11:55:29.112+0100: 23126.305: Total time for which application threads were stopped: 0.0025461 seconds, Stopping threads took: 0.0002307 seconds
2016-11-15T11:55:43.100+0100: 23140.293: [GC pause (G1 Evacuation Pause) (young)
Desired survivor size 62390272 bytes, new threshold 15 (max 15)
- age   1:    1403528 bytes,    1403528 total
- age   2:     811120 bytes,    2214648 total
- age   3:    1244304 bytes,    3458952 total
- age   4:     265272 bytes,    3724224 total
- age   5:     269600 bytes,    3993824 total
- age   6:     204760 bytes,    4198584 total
- age   7:     280736 bytes,    4479320 total
- age   8:    3248832 bytes,    7728152 total
- age   9:     300912 bytes,    8029064 total
- age  10:     336280 bytes,    8365344 total
- age  11:    5968120 bytes,   14333464 total
- age  12:     217272 bytes,   14550736 total
- age  13:    7881336 bytes,   22432072 total
- age  14:    6407480 bytes,   28839552 total
- age  15:    8817712 bytes,   37657264 total
2016-11-15T11:55:43.382+0100: 23140.574: [SoftReference, 14 refs, 0.0916555 secs]2016-11-15T11:55:43.474+0100: 23140.666: [WeakReference, 14 refs, 0.0170231 secs]2016-11-15T11:55:43.491+0100: 23140.683: [FinalReference, 77 refs, 0.0071392 secs]2016-11-15T11:55:43.498+0100: 23140.690: [PhantomReference, 0 refs, 0 refs, 0.0442641 secs]2016-11-15T11:55:43.542+0100: 23140.735: [JNI Weak Reference, 0.0000733 secs], 0.5309174 secs]
   [Parallel Time: 263.8 ms, GC Workers: 43]
      [GC Worker Start (ms): Min: 23140294.0, Avg: 23140333.6, Max: 23140365.7, Diff: 71.6]
      [Ext Root Scanning (ms): Min: 0.0, Avg: 1.2, Max: 22.1, Diff: 22.1, Sum: 51.3]
      [Update RS (ms): Min: 0.0, Avg: 18.3, Max: 73.8, Diff: 73.8, Sum: 786.9]
         [Processed Buffers: Min: 0, Avg: 7.0, Max: 28, Diff: 28, Sum: 303]
      [Scan RS (ms): Min: 0.1, Avg: 0.4, Max: 1.0, Diff: 1.0, Sum: 15.8]
      [Code Root Scanning (ms): Min: 0.0, Avg: 4.5, Max: 50.4, Diff: 50.4, Sum: 192.0]
      [Object Copy (ms): Min: 33.8, Avg: 83.1, Max: 131.3, Diff: 97.5, Sum: 3574.2]
      [Termination (ms): Min: 0.0, Avg: 46.5, Max: 92.0, Diff: 92.0, Sum: 1997.4]
         [Termination Attempts: Min: 1, Avg: 20.8, Max: 122, Diff: 121, Sum: 895]
      [GC Worker Other (ms): Min: 0.0, Avg: 3.1, Max: 16.4, Diff: 16.3, Sum: 133.6]
      [GC Worker Total (ms): Min: 116.0, Avg: 157.0, Max: 203.0, Diff: 86.9, Sum: 6751.3]
      [GC Worker End (ms): Min: 23140480.3, Avg: 23140490.6, Max: 23140549.4, Diff: 69.1]
   [Code Root Fixup: 0.3 ms]
   [Code Root Purge: 0.0 ms]
   [String Dedup Fixup: 51.3 ms, GC Workers: 43]
      [Queue Fixup (ms): Min: 0.0, Avg: 0.0, Max: 0.0, Diff: 0.0, Sum: 0.2]
      [Table Fixup (ms): Min: 0.0, Avg: 1.1, Max: 8.3, Diff: 8.3, Sum: 49.4]
   [Clear CT: 23.1 ms]
   [Other: 192.4 ms]
      [Choose CSet: 0.0 ms]
      [Ref Proc: 176.7 ms]
      [Ref Enq: 7.6 ms]
      [Redirty Cards: 1.4 ms]
      [Humongous Register: 0.4 ms]
      [Humongous Reclaim: 0.0 ms]
      [Free CSet: 5.1 ms]
   [Eden: 904.0M(904.0M)->0.0B(45.0M) Survivors: 48.0M->57.0M Heap: 1693.4M(2048.0M)->812.3M(2048.0M)]
 [Times: user=2.20 sys=0.05, real=0.53 secs] 
2016-11-15T11:55:43.632+0100: 23140.825: Total time for which application threads were stopped: 0.5345015 seconds, Stopping threads took: 0.0002588 seconds
2016-11-15T11:55:43.648+0100: 23140.840: Total time for which application threads were stopped: 0.0028998 seconds, Stopping threads took: 0.0002662 seconds
2016-11-15T11:55:43.651+0100: 23140.843: Total time for which application threads were stopped: 0.0025181 seconds, Stopping threads took: 0.0001376 seconds
2016-11-15T11:55:43.651+0100: 23140.844: [GC concurrent-string-deduplication, 29.9K->6160.0B(23.9K), avg 82.8%, 0.0008214 secs]
2016-11-15T11:55:51.660+0100: 23148.853: Total time for which application threads were stopped: 0.0032201 seconds, Stopping threads took: 0.0003070 seconds
2016-11-15T11:55:53.599+0100: 23150.792: [GC pause (G1 Evacuation Pause) (young)
Desired survivor size 6815744 bytes, new threshold 9 (max 15)
- age   1:     817344 bytes,     817344 total
- age   2:     117936 bytes,     935280 total
- age   3:     805776 bytes,    1741056 total
- age   4:    1197384 bytes,    2938440 total
- age   5:     264960 bytes,    3203400 total
- age   6:     269600 bytes,    3473000 total
- age   7:     204248 bytes,    3677248 total
- age   8:     280736 bytes,    3957984 total
- age   9:    3248496 bytes,    7206480 total
- age  10:     300912 bytes,    7507392 total
- age  11:     336280 bytes,    7843672 total
- age  12:    5968120 bytes,   13811792 total
- age  13:     217272 bytes,   14029064 total
- age  14:    7881336 bytes,   21910400 total
- age  15:    6407480 bytes,   28317880 total
2016-11-15T11:55:53.917+0100: 23151.109: [SoftReference, 29 refs, 0.0095018 secs]2016-11-15T11:55:53.926+0100: 23151.119: [WeakReference, 5 refs, 0.0448322 secs]2016-11-15T11:55:53.971+0100: 23151.163: [FinalReference, 10 refs, 0.0066520 secs]2016-11-15T11:55:53.978+0100: 23151.170: [PhantomReference, 0 refs, 0 refs, 0.1041735 secs]2016-11-15T11:55:54.082+0100: 23151.274: [JNI Weak Reference, 0.0001112 secs], 0.5352213 secs]
   [Parallel Time: 249.5 ms, GC Workers: 43]
      [GC Worker Start (ms): Min: 23150793.0, Avg: 23150844.3, Max: 23150937.8, Diff: 144.8]
      [Ext Root Scanning (ms): Min: 0.0, Avg: 1.5, Max: 13.4, Diff: 13.3, Sum: 65.8]
      [Update RS (ms): Min: 0.0, Avg: 63.9, Max: 148.1, Diff: 148.1, Sum: 2747.8]
         [Processed Buffers: Min: 0, Avg: 7.0, Max: 60, Diff: 60, Sum: 299]
      [Scan RS (ms): Min: 0.0, Avg: 0.0, Max: 0.1, Diff: 0.1, Sum: 1.0]
      [Code Root Scanning (ms): Min: 0.0, Avg: 0.0, Max: 0.3, Diff: 0.3, Sum: 0.7]
      [Object Copy (ms): Min: 0.0, Avg: 54.0, Max: 132.8, Diff: 132.8, Sum: 2320.9]
      [Termination (ms): Min: 0.1, Avg: 45.6, Max: 65.2, Diff: 65.1, Sum: 1961.0]
         [Termination Attempts: Min: 1, Avg: 62.4, Max: 307, Diff: 306, Sum: 2682]
      [GC Worker Other (ms): Min: 0.0, Avg: 4.7, Max: 25.5, Diff: 25.4, Sum: 201.6]
      [GC Worker Total (ms): Min: 81.2, Avg: 169.7, Max: 235.2, Diff: 154.0, Sum: 7298.9]
      [GC Worker End (ms): Min: 23151007.0, Avg: 23151014.0, Max: 23151032.4, Diff: 25.4]
   [Code Root Fixup: 0.2 ms]
   [Code Root Purge: 0.0 ms]
   [String Dedup Fixup: 33.1 ms, GC Workers: 43]
      [Queue Fixup (ms): Min: 0.0, Avg: 0.0, Max: 0.0, Diff: 0.0, Sum: 0.2]
      [Table Fixup (ms): Min: 0.0, Avg: 1.4, Max: 32.6, Diff: 32.6, Sum: 62.2]
   [Clear CT: 2.3 ms]
   [Other: 250.1 ms]
      [Choose CSet: 0.0 ms]
      [Ref Proc: 231.9 ms]
      [Ref Enq: 1.2 ms]
      [Redirty Cards: 14.0 ms]
      [Humongous Register: 0.4 ms]
      [Humongous Reclaim: 0.1 ms]
      [Free CSet: 0.8 ms]
   [Eden: 45.0M(45.0M)->0.0B(89.0M) Survivors: 57.0M->13.0M Heap: 858.3M(2048.0M)->801.2M(2048.0M)]
 [Times: user=2.02 sys=0.08, real=0.54 secs] 
2016-11-15T11:55:54.135+0100: 23151.328: Total time for which application threads were stopped: 0.5392746 seconds, Stopping threads took: 0.0002858 seconds
2016-11-15T11:55:54.137+0100: 23151.329: [GC concurrent-string-deduplication, 67.1K->1232.0B(65.9K), avg 82.8%, 0.0011188 secs]
2016-11-15T11:56:01.138+0100: 23158.331: Total time for which application threads were stopped: 0.0021379 seconds, Stopping threads took: 0.0002541 seconds
2016-11-15T11:56:02.615+0100: 23159.807: [GC pause (G1 Evacuation Pause) (young)
Desired survivor size 6815744 bytes, new threshold 15 (max 15)
- age   1:    2783320 bytes,    2783320 total
- age   2:     303544 bytes,    3086864 total
- age   3:      52240 bytes,    3139104 total
- age   4:     648088 bytes,    3787192 total
- age   5:    1016608 bytes,    4803800 total
- age   6:     217168 bytes,    5020968 total
- age   7:     245136 bytes,    5266104 total
- age   8:     192384 bytes,    5458488 total
- age   9:     219752 bytes,    5678240 total
2016-11-15T11:56:02.858+0100: 23160.050: [SoftReference, 12 refs, 0.0559384 secs]2016-11-15T11:56:02.914+0100: 23160.106: [WeakReference, 5 refs, 0.0275155 secs]2016-11-15T11:56:02.941+0100: 23160.134: [FinalReference, 0 refs, 0.0088198 secs]2016-11-15T11:56:02.950+0100: 23160.142: [PhantomReference, 0 refs, 0 refs, 0.0211681 secs]2016-11-15T11:56:02.971+0100: 23160.164: [JNI Weak Reference, 0.0000730 secs], 0.4400023 secs]
   [Parallel Time: 216.5 ms, GC Workers: 43]
      [GC Worker Start (ms): Min: 23159812.8, Avg: 23159839.4, Max: 23159888.4, Diff: 75.7]
      [Ext Root Scanning (ms): Min: 0.0, Avg: 1.3, Max: 12.5, Diff: 12.4, Sum: 55.7]
      [Update RS (ms): Min: 9.0, Avg: 73.7, Max: 139.1, Diff: 130.0, Sum: 3170.0]
         [Processed Buffers: Min: 1, Avg: 9.4, Max: 54, Diff: 53, Sum: 405]
      [Scan RS (ms): Min: 0.0, Avg: 0.0, Max: 0.1, Diff: 0.1, Sum: 1.1]
      [Code Root Scanning (ms): Min: 0.0, Avg: 0.7, Max: 15.8, Diff: 15.8, Sum: 32.0]
      [Object Copy (ms): Min: 0.0, Avg: 0.7, Max: 5.5, Diff: 5.5, Sum: 28.4]
      [Termination (ms): Min: 0.0, Avg: 48.3, Max: 80.4, Diff: 80.4, Sum: 2077.1]
         [Termination Attempts: Min: 1, Avg: 5.9, Max: 20, Diff: 19, Sum: 252]
      [GC Worker Other (ms): Min: 0.0, Avg: 0.1, Max: 0.3, Diff: 0.3, Sum: 3.2]
      [GC Worker Total (ms): Min: 73.5, Avg: 124.8, Max: 153.6, Diff: 80.1, Sum: 5367.5]
      [GC Worker End (ms): Min: 23159961.9, Avg: 23159964.2, Max: 23159994.0, Diff: 32.1]
   [Code Root Fixup: 0.4 ms]
   [Code Root Purge: 0.0 ms]
   [String Dedup Fixup: 58.5 ms, GC Workers: 43]
      [Queue Fixup (ms): Min: 0.0, Avg: 0.0, Max: 0.0, Diff: 0.0, Sum: 0.1]
      [Table Fixup (ms): Min: 0.0, Avg: 1.4, Max: 22.2, Diff: 22.2, Sum: 61.1]
   [Clear CT: 20.5 ms]
   [Other: 144.1 ms]
      [Choose CSet: 0.0 ms]
      [Ref Proc: 138.6 ms]
      [Ref Enq: 1.3 ms]
      [Redirty Cards: 1.6 ms]
      [Humongous Register: 0.3 ms]
      [Humongous Reclaim: 0.1 ms]
      [Free CSet: 0.8 ms]
   [Eden: 89.0M(89.0M)->0.0B(94.0M) Survivors: 13.0M->8192.0K Heap: 890.2M(2048.0M)->794.9M(2048.0M)]
 [Times: user=1.36 sys=0.06, real=0.44 secs] 
2016-11-15T11:56:03.056+0100: 23160.248: Total time for which application threads were stopped: 0.4442646 seconds, Stopping threads took: 0.0002323 seconds
2016-11-15T11:56:03.056+0100: 23160.249: [GC concurrent-string-deduplication, 17.1K->3392.0B(13.7K), avg 82.8%, 0.0004479 secs]
2016-11-15T11:56:36.993+0100: 23194.186: [GC pause (G1 Evacuation Pause) (young)
Desired survivor size 6815744 bytes, new threshold 15 (max 15)
- age   1:     303944 bytes,     303944 total
- age   2:      14760 bytes,     318704 total
- age   3:     301944 bytes,     620648 total
- age   4:      49872 bytes,     670520 total
- age   5:     648088 bytes,    1318608 total
- age   6:    1016608 bytes,    2335216 total
- age   7:     217168 bytes,    2552384 total
- age   8:     245136 bytes,    2797520 total
- age   9:     192384 bytes,    2989904 total
- age  10:     219752 bytes,    3209656 total
2016-11-15T11:56:37.005+0100: 23194.198: [SoftReference, 13 refs, 0.0048572 secs]2016-11-15T11:56:37.010+0100: 23194.203: [WeakReference, 2 refs, 0.0026379 secs]2016-11-15T11:56:37.013+0100: 23194.205: [FinalReference, 0 refs, 0.0027447 secs]2016-11-15T11:56:37.016+0100: 23194.208: [PhantomReference, 0 refs, 0 refs, 0.0053032 secs]2016-11-15T11:56:37.021+0100: 23194.213: [JNI Weak Reference, 0.0000367 secs], 0.0351623 secs]
   [Parallel Time: 9.4 ms, GC Workers: 43]
      [GC Worker Start (ms): Min: 23194186.3, Avg: 23194186.8, Max: 23194187.2, Diff: 0.9]
      [Ext Root Scanning (ms): Min: 2.0, Avg: 6.1, Max: 8.2, Diff: 6.2, Sum: 260.9]
      [Update RS (ms): Min: 0.0, Avg: 0.5, Max: 4.1, Diff: 4.1, Sum: 20.8]
         [Processed Buffers: Min: 0, Avg: 3.8, Max: 43, Diff: 43, Sum: 165]
      [Scan RS (ms): Min: 0.0, Avg: 0.0, Max: 0.1, Diff: 0.1, Sum: 0.8]
      [Code Root Scanning (ms): Min: 0.0, Avg: 0.0, Max: 0.4, Diff: 0.4, Sum: 0.4]
      [Object Copy (ms): Min: 0.0, Avg: 0.6, Max: 2.2, Diff: 2.2, Sum: 24.8]
      [Termination (ms): Min: 0.0, Avg: 0.8, Max: 1.2, Diff: 1.2, Sum: 33.8]
         [Termination Attempts: Min: 1, Avg: 1.5, Max: 4, Diff: 3, Sum: 65]
      [GC Worker Other (ms): Min: 0.0, Avg: 0.1, Max: 0.3, Diff: 0.3, Sum: 3.7]
      [GC Worker Total (ms): Min: 7.6, Avg: 8.0, Max: 8.6, Diff: 1.0, Sum: 345.2]
      [GC Worker End (ms): Min: 23194194.7, Avg: 23194194.8, Max: 23194195.0, Diff: 0.3]
   [Code Root Fixup: 0.2 ms]
   [Code Root Purge: 0.0 ms]
   [String Dedup Fixup: 2.9 ms, GC Workers: 43]
      [Queue Fixup (ms): Min: 0.0, Avg: 0.0, Max: 0.0, Diff: 0.0, Sum: 0.1]
      [Table Fixup (ms): Min: 0.0, Avg: 1.0, Max: 2.3, Diff: 2.3, Sum: 42.1]
   [Clear CT: 1.1 ms]
   [Other: 21.5 ms]
      [Choose CSet: 0.0 ms]
      [Ref Proc: 17.6 ms]
      [Ref Enq: 1.2 ms]
      [Redirty Cards: 1.1 ms]
      [Humongous Register: 0.2 ms]
      [Humongous Reclaim: 0.0 ms]
      [Free CSet: 0.6 ms]
   [Eden: 94.0M(94.0M)->0.0B(97.0M) Survivors: 8192.0K->5120.0K Heap: 888.9M(2048.0M)->791.9M(2048.0M)]
 [Times: user=0.28 sys=0.03, real=0.04 secs] 
2016-11-15T11:56:37.029+0100: 23194.221: Total time for which application threads were stopped: 0.0373643 seconds, Stopping threads took: 0.0001579 seconds
2016-11-15T11:56:37.029+0100: 23194.221: [GC concurrent-string-deduplication, 2224.0B->264.0B(1960.0B), avg 82.8%, 0.0000659 secs]
2016-11-15T11:56:49.768+0100: 23206.960: Total time for which application threads were stopped: 0.0014378 seconds, Stopping threads took: 0.0001725 seconds
2016-11-15T11:56:49.769+0100: 23206.961: Total time for which application threads were stopped: 0.0006183 seconds, Stopping threads took: 0.0000350 seconds
2016-11-15T11:56:49.770+0100: 23206.962: Total time for which application threads were stopped: 0.0006339 seconds, Stopping threads took: 0.0000363 seconds
2016-11-15T11:56:50.009+0100: 23207.202: Total time for which application threads were stopped: 0.0012299 seconds, Stopping threads took: 0.0001155 seconds
2016-11-15T11:56:58.668+0100: 23215.860: Total time for which application threads were stopped: 0.0014544 seconds, Stopping threads took: 0.0001606 seconds
2016-11-15T11:56:58.669+0100: 23215.861: Total time for which application threads were stopped: 0.0006384 seconds, Stopping threads took: 0.0000326 seconds
2016-11-15T11:56:58.670+0100: 23215.862: Total time for which application threads were stopped: 0.0006498 seconds, Stopping threads took: 0.0000311 seconds
2016-11-15T11:56:58.720+0100: 23215.912: Total time for which application threads were stopped: 0.0008078 seconds, Stopping threads took: 0.0000662 seconds
2016-11-15T11:57:13.745+0100: 23230.937: [GC pause (G1 Evacuation Pause) (young)
Desired survivor size 6815744 bytes, new threshold 15 (max 15)
- age   1:     327960 bytes,     327960 total
- age   2:       9736 bytes,     337696 total
- age   3:      13672 bytes,     351368 total
- age   4:     285112 bytes,     636480 total
- age   5:      49872 bytes,     686352 total
- age   6:     648056 bytes,    1334408 total
- age   7:    1016608 bytes,    2351016 total
- age   8:     217168 bytes,    2568184 total
- age   9:     245136 bytes,    2813320 total
- age  10:     192384 bytes,    3005704 total
- age  11:     219752 bytes,    3225456 total
2016-11-15T11:57:13.755+0100: 23230.947: [SoftReference, 7 refs, 0.0048688 secs]2016-11-15T11:57:13.760+0100: 23230.952: [WeakReference, 5 refs, 0.0028581 secs]2016-11-15T11:57:13.763+0100: 23230.955: [FinalReference, 24 refs, 0.0027287 secs]2016-11-15T11:57:13.765+0100: 23230.958: [PhantomReference, 0 refs, 1 refs, 0.0051815 secs]2016-11-15T11:57:13.770+0100: 23230.963: [JNI Weak Reference, 0.0000255 secs], 0.0321707 secs]
   [Parallel Time: 6.9 ms, GC Workers: 43]
      [GC Worker Start (ms): Min: 23230937.6, Avg: 23230938.1, Max: 23230938.6, Diff: 1.0]
      [Ext Root Scanning (ms): Min: 1.5, Avg: 3.1, Max: 5.9, Diff: 4.4, Sum: 133.2]
      [Update RS (ms): Min: 0.0, Avg: 0.6, Max: 2.1, Diff: 2.1, Sum: 27.3]
         [Processed Buffers: Min: 0, Avg: 3.4, Max: 19, Diff: 19, Sum: 146]
      [Scan RS (ms): Min: 0.0, Avg: 0.0, Max: 0.2, Diff: 0.2, Sum: 1.7]
      [Code Root Scanning (ms): Min: 0.0, Avg: 0.0, Max: 0.4, Diff: 0.4, Sum: 0.5]
      [Object Copy (ms): Min: 0.0, Avg: 0.9, Max: 1.8, Diff: 1.8, Sum: 37.6]
      [Termination (ms): Min: 0.0, Avg: 0.8, Max: 1.0, Diff: 1.0, Sum: 33.6]
         [Termination Attempts: Min: 1, Avg: 4.0, Max: 7, Diff: 6, Sum: 170]
      [GC Worker Other (ms): Min: 0.0, Avg: 0.1, Max: 0.3, Diff: 0.3, Sum: 5.4]
      [GC Worker Total (ms): Min: 5.0, Avg: 5.6, Max: 6.3, Diff: 1.3, Sum: 239.2]
      [GC Worker End (ms): Min: 23230943.5, Avg: 23230943.7, Max: 23230943.9, Diff: 0.3]
   [Code Root Fixup: 0.2 ms]
   [Code Root Purge: 0.0 ms]
   [String Dedup Fixup: 2.4 ms, GC Workers: 43]
      [Queue Fixup (ms): Min: 0.0, Avg: 0.0, Max: 0.0, Diff: 0.0, Sum: 0.1]
      [Table Fixup (ms): Min: 0.0, Avg: 1.1, Max: 1.9, Diff: 1.9, Sum: 49.1]
   [Clear CT: 1.0 ms]
   [Other: 21.7 ms]
      [Choose CSet: 0.0 ms]
      [Ref Proc: 18.2 ms]
      [Ref Enq: 1.0 ms]
      [Redirty Cards: 0.9 ms]
      [Humongous Register: 0.1 ms]
      [Humongous Reclaim: 0.0 ms]
      [Free CSet: 0.5 ms]
   [Eden: 97.0M(97.0M)->0.0B(95.0M) Survivors: 5120.0K->7168.0K Heap: 888.9M(2048.0M)->793.9M(2048.0M)]
 [Times: user=0.34 sys=0.02, real=0.04 secs] 
2016-11-15T11:57:13.777+0100: 23230.970: Total time for which application threads were stopped: 0.0342580 seconds, Stopping threads took: 0.0001650 seconds
2016-11-15T11:57:13.777+0100: 23230.970: [GC concurrent-string-deduplication, 1056.0B->0.0B(1056.0B), avg 82.8%, 0.0000357 secs]
2016-11-15T11:57:27.367+0100: 23244.560: Total time for which application threads were stopped: 0.0014211 seconds, Stopping threads took: 0.0001670 seconds
2016-11-15T11:57:27.368+0100: 23244.561: Total time for which application threads were stopped: 0.0006049 seconds, Stopping threads took: 0.0000332 seconds
2016-11-15T11:57:27.369+0100: 23244.561: Total time for which application threads were stopped: 0.0006000 seconds, Stopping threads took: 0.0000325 seconds
2016-11-15T11:57:27.434+0100: 23244.627: Total time for which application threads were stopped: 0.0008635 seconds, Stopping threads took: 0.0000678 seconds
2016-11-15T11:57:36.436+0100: 23253.629: Total time for which application threads were stopped: 0.0014572 seconds, Stopping threads took: 0.0001658 seconds
2016-11-15T11:57:36.917+0100: 23254.109: [GC pause (G1 Evacuation Pause) (young)
Desired survivor size 6815744 bytes, new threshold 15 (max 15)
- age   1:     259752 bytes,     259752 total
- age   2:       5672 bytes,     265424 total
- age   3:       9320 bytes,     274744 total
- age   4:      11424 bytes,     286168 total
- age   5:     282200 bytes,     568368 total
- age   6:      49584 bytes,     617952 total
- age   7:     648056 bytes,    1266008 total
- age   8:    1016608 bytes,    2282616 total
- age   9:     217168 bytes,    2499784 total
- age  10:     245136 bytes,    2744920 total
- age  11:     192384 bytes,    2937304 total
- age  12:     219752 bytes,    3157056 total
2016-11-15T11:57:36.927+0100: 23254.119: [SoftReference, 133 refs, 0.0048067 secs]2016-11-15T11:57:36.932+0100: 23254.124: [WeakReference, 6 refs, 0.0029718 secs]2016-11-15T11:57:36.934+0100: 23254.127: [FinalReference, 13 refs, 0.0028791 secs]2016-11-15T11:57:36.937+0100: 23254.130: [PhantomReference, 0 refs, 0 refs, 0.0051577 secs]2016-11-15T11:57:36.943+0100: 23254.135: [JNI Weak Reference, 0.0000263 secs], 0.0319303 secs]
   [Parallel Time: 7.1 ms, GC Workers: 43]
      [GC Worker Start (ms): Min: 23254110.0, Avg: 23254110.5, Max: 23254111.0, Diff: 0.9]
      [Ext Root Scanning (ms): Min: 1.7, Avg: 2.4, Max: 6.3, Diff: 4.6, Sum: 104.7]
      [Update RS (ms): Min: 0.0, Avg: 1.1, Max: 1.6, Diff: 1.6, Sum: 48.7]
         [Processed Buffers: Min: 0, Avg: 3.9, Max: 14, Diff: 14, Sum: 166]
      [Scan RS (ms): Min: 0.0, Avg: 0.1, Max: 0.2, Diff: 0.2, Sum: 2.9]
      [Code Root Scanning (ms): Min: 0.0, Avg: 0.0, Max: 0.3, Diff: 0.3, Sum: 0.6]
      [Object Copy (ms): Min: 0.0, Avg: 1.6, Max: 1.9, Diff: 1.9, Sum: 68.0]
      [Termination (ms): Min: 0.0, Avg: 0.6, Max: 0.6, Diff: 0.6, Sum: 26.4]
         [Termination Attempts: Min: 1, Avg: 3.2, Max: 5, Diff: 4, Sum: 139]
      [GC Worker Other (ms): Min: 0.0, Avg: 0.1, Max: 0.3, Diff: 0.3, Sum: 5.4]
      [GC Worker Total (ms): Min: 5.4, Avg: 6.0, Max: 6.6, Diff: 1.1, Sum: 256.7]
      [GC Worker End (ms): Min: 23254116.4, Avg: 23254116.5, Max: 23254116.7, Diff: 0.3]
   [Code Root Fixup: 0.2 ms]
   [Code Root Purge: 0.0 ms]
   [String Dedup Fixup: 2.0 ms, GC Workers: 43]
      [Queue Fixup (ms): Min: 0.0, Avg: 0.0, Max: 0.0, Diff: 0.0, Sum: 0.1]
      [Table Fixup (ms): Min: 0.9, Avg: 1.3, Max: 1.7, Diff: 0.8, Sum: 55.3]
   [Clear CT: 1.0 ms]
   [Other: 21.6 ms]
      [Choose CSet: 0.0 ms]
      [Ref Proc: 17.7 ms]
      [Ref Enq: 1.2 ms]
      [Redirty Cards: 1.1 ms]
      [Humongous Register: 0.1 ms]
      [Humongous Reclaim: 0.1 ms]
      [Free CSet: 0.6 ms]
   [Eden: 95.0M(95.0M)->0.0B(939.0M) Survivors: 7168.0K->7168.0K Heap: 889.9M(2048.0M)->795.0M(2048.0M)]
 [Times: user=0.37 sys=0.02, real=0.03 secs] 
2016-11-15T11:57:36.949+0100: 23254.142: Total time for which application threads were stopped: 0.0339257 seconds, Stopping threads took: 0.0001437 seconds
2016-11-15T11:58:00.736+0100: 23277.928: Total time for which application threads were stopped: 0.0014337 seconds, Stopping threads took: 0.0001686 seconds
2016-11-15T11:58:00.737+0100: 23277.929: Total time for which application threads were stopped: 0.0006190 seconds, Stopping threads took: 0.0000329 seconds
2016-11-15T11:58:00.737+0100: 23277.930: Total time for which application threads were stopped: 0.0007041 seconds, Stopping threads took: 0.0000661 seconds
2016-11-15T11:58:00.964+0100: 23278.156: Total time for which application threads were stopped: 0.0012329 seconds, Stopping threads took: 0.0000847 seconds
2016-11-15T11:58:13.683+0100: 23290.875: Total time for which application threads were stopped: 0.0014337 seconds, Stopping threads took: 0.0001649 seconds
2016-11-15T11:58:13.683+0100: 23290.876: Total time for which application threads were stopped: 0.0006155 seconds, Stopping threads took: 0.0000381 seconds
2016-11-15T11:58:13.684+0100: 23290.876: Total time for which application threads were stopped: 0.0006061 seconds, Stopping threads took: 0.0000337 seconds
2016-11-15T11:58:13.927+0100: 23291.119: Total time for which application threads were stopped: 0.0013609 seconds, Stopping threads took: 0.0001598 seconds
2016-11-15T11:58:13.928+0100: 23291.120: Total time for which application threads were stopped: 0.0006143 seconds, Stopping threads took: 0.0000374 seconds
2016-11-15T11:58:13.928+0100: 23291.121: Total time for which application threads were stopped: 0.0006100 seconds, Stopping threads took: 0.0000363 seconds
2016-11-15T11:58:14.039+0100: 23291.232: Total time for which application threads were stopped: 0.0034756 seconds, Stopping threads took: 0.0001438 seconds
2016-11-15T11:58:17.283+0100: 23294.476: Total time for which application threads were stopped: 0.0015005 seconds, Stopping threads took: 0.0001730 seconds
2016-11-15T11:58:17.285+0100: 23294.477: Total time for which application threads were stopped: 0.0006413 seconds, Stopping threads took: 0.0000352 seconds
2016-11-15T11:58:17.285+0100: 23294.478: Total time for which application threads were stopped: 0.0006718 seconds, Stopping threads took: 0.0000504 seconds
2016-11-15T11:58:17.420+0100: 23294.612: Total time for which application threads were stopped: 0.0013989 seconds, Stopping threads took: 0.0001415 seconds
2016-11-15T11:58:50.688+0100: 23327.881: Total time for which application threads were stopped: 0.0016256 seconds, Stopping threads took: 0.0002706 seconds
2016-11-15T11:58:50.689+0100: 23327.882: Total time for which application threads were stopped: 0.0006835 seconds, Stopping threads took: 0.0000707 seconds
2016-11-15T11:58:50.690+0100: 23327.883: Total time for which application threads were stopped: 0.0011299 seconds, Stopping threads took: 0.0005121 seconds
2016-11-15T11:58:50.905+0100: 23328.097: Total time for which application threads were stopped: 0.0009574 seconds, Stopping threads took: 0.0000883 seconds
2016-11-15T11:58:58.298+0100: 23335.491: Total time for which application threads were stopped: 0.0014108 seconds, Stopping threads took: 0.0001665 seconds
2016-11-15T11:58:58.299+0100: 23335.492: Total time for which application threads were stopped: 0.0006172 seconds, Stopping threads took: 0.0000343 seconds
2016-11-15T11:58:58.300+0100: 23335.492: Total time for which application threads were stopped: 0.0005964 seconds, Stopping threads took: 0.0000311 seconds
2016-11-15T11:58:58.447+0100: 23335.639: Total time for which application threads were stopped: 0.0009013 seconds, Stopping threads took: 0.0000812 seconds
2016-11-15T11:59:18.449+0100: 23355.642: Total time for which application threads were stopped: 0.0014088 seconds, Stopping threads took: 0.0001621 seconds
2016-11-15T12:00:04.258+0100: 23401.450: Total time for which application threads were stopped: 0.0014990 seconds, Stopping threads took: 0.0001731 seconds
2016-11-15T12:00:05.259+0100: 23402.452: Total time for which application threads were stopped: 0.0013872 seconds, Stopping threads took: 0.0001498 seconds
2016-11-15T12:01:07.419+0100: 23464.611: Total time for which application threads were stopped: 0.0014951 seconds, Stopping threads took: 0.0001628 seconds
2016-11-15T12:01:07.420+0100: 23464.612: Total time for which application threads were stopped: 0.0007364 seconds, Stopping threads took: 0.0000923 seconds
2016-11-15T12:01:07.420+0100: 23464.613: Total time for which application threads were stopped: 0.0007167 seconds, Stopping threads took: 0.0000773 seconds
2016-11-15T12:01:07.486+0100: 23464.679: Total time for which application threads were stopped: 0.0009553 seconds, Stopping threads took: 0.0000917 seconds
2016-11-15T12:01:08.547+0100: 23465.739: Total time for which application threads were stopped: 0.0014334 seconds, Stopping threads took: 0.0001581 seconds
2016-11-15T12:01:13.941+0100: 23471.133: Total time for which application threads were stopped: 0.0034524 seconds, Stopping threads took: 0.0001685 seconds
2016-11-15T12:01:19.199+0100: 23476.391: Total time for which application threads were stopped: 0.0014104 seconds, Stopping threads took: 0.0001673 seconds
2016-11-15T12:01:19.200+0100: 23476.393: Total time for which application threads were stopped: 0.0006262 seconds, Stopping threads took: 0.0000360 seconds
2016-11-15T12:01:19.201+0100: 23476.393: Total time for which application threads were stopped: 0.0006126 seconds, Stopping threads took: 0.0000350 seconds
2016-11-15T12:01:19.268+0100: 23476.461: Total time for which application threads were stopped: 0.0007853 seconds, Stopping threads took: 0.0000692 seconds
2016-11-15T12:01:21.206+0100: 23478.398: Total time for which application threads were stopped: 0.0014950 seconds, Stopping threads took: 0.0002375 seconds
2016-11-15T12:01:22.207+0100: 23479.400: Total time for which application threads were stopped: 0.0013784 seconds, Stopping threads took: 0.0001586 seconds
2016-11-15T12:01:23.942+0100: 23481.135: Total time for which application threads were stopped: 0.0013880 seconds, Stopping threads took: 0.0001679 seconds
2016-11-15T12:01:23.943+0100: 23481.136: Total time for which application threads were stopped: 0.0006045 seconds, Stopping threads took: 0.0000340 seconds
2016-11-15T12:01:41.812+0100: 23499.004: Total time for which application threads were stopped: 0.0015135 seconds, Stopping threads took: 0.0002354 seconds
2016-11-15T12:01:42.813+0100: 23500.005: Total time for which application threads were stopped: 0.0013507 seconds, Stopping threads took: 0.0001651 seconds
2016-11-15T12:01:50.791+0100: 23507.983: Total time for which application threads were stopped: 0.0014757 seconds, Stopping threads took: 0.0001989 seconds
2016-11-15T12:01:59.867+0100: 23517.060: Total time for which application threads were stopped: 0.0014460 seconds, Stopping threads took: 0.0002092 seconds
2016-11-15T12:01:59.868+0100: 23517.061: Total time for which application threads were stopped: 0.0007147 seconds, Stopping threads took: 0.0001257 seconds
2016-11-15T12:01:59.869+0100: 23517.061: Total time for which application threads were stopped: 0.0006583 seconds, Stopping threads took: 0.0000849 seconds
2016-11-15T12:01:59.980+0100: 23517.173: Total time for which application threads were stopped: 0.0010519 seconds, Stopping threads took: 0.0001007 seconds
2016-11-15T12:02:04.658+0100: 23521.851: Total time for which application threads were stopped: 0.0014104 seconds, Stopping threads took: 0.0001640 seconds
2016-11-15T12:02:04.660+0100: 23521.852: Total time for which application threads were stopped: 0.0006866 seconds, Stopping threads took: 0.0000500 seconds
2016-11-15T12:02:04.660+0100: 23521.853: Total time for which application threads were stopped: 0.0005877 seconds, Stopping threads took: 0.0000308 seconds
2016-11-15T12:02:04.706+0100: 23521.898: Total time for which application threads were stopped: 0.0008249 seconds, Stopping threads took: 0.0000623 seconds
2016-11-15T12:02:22.772+0100: 23539.964: Total time for which application threads were stopped: 0.0014035 seconds, Stopping threads took: 0.0001679 seconds
2016-11-15T12:02:22.772+0100: 23539.965: Total time for which application threads were stopped: 0.0006306 seconds, Stopping threads took: 0.0000344 seconds
2016-11-15T12:02:22.773+0100: 23539.966: Total time for which application threads were stopped: 0.0006149 seconds, Stopping threads took: 0.0000312 seconds
2016-11-15T12:02:22.850+0100: 23540.042: Total time for which application threads were stopped: 0.0008507 seconds, Stopping threads took: 0.0000730 seconds
2016-11-15T12:02:38.373+0100: 23555.566: [GC pause (G1 Evacuation Pause) (young)
Desired survivor size 62390272 bytes, new threshold 15 (max 15)
- age   1:    2499760 bytes,    2499760 total
- age   2:     112952 bytes,    2612712 total
- age   3:       2872 bytes,    2615584 total
- age   4:       8264 bytes,    2623848 total
- age   5:      11400 bytes,    2635248 total
- age   6:     281960 bytes,    2917208 total
- age   7:      48696 bytes,    2965904 total
- age   8:     647928 bytes,    3613832 total
- age   9:     935880 bytes,    4549712 total
- age  10:     217168 bytes,    4766880 total
- age  11:     245136 bytes,    5012016 total
- age  12:     192384 bytes,    5204400 total
- age  13:     219752 bytes,    5424152 total
2016-11-15T12:02:38.384+0100: 23555.576: [SoftReference, 23 refs, 0.0047408 secs]2016-11-15T12:02:38.388+0100: 23555.581: [WeakReference, 14 refs, 0.0030302 secs]2016-11-15T12:02:38.391+0100: 23555.584: [FinalReference, 193 refs, 0.0030924 secs]2016-11-15T12:02:38.395+0100: 23555.587: [PhantomReference, 0 refs, 0 refs, 0.0055183 secs]2016-11-15T12:02:38.400+0100: 23555.593: [JNI Weak Reference, 0.0000268 secs], 0.0400769 secs]
   [Parallel Time: 7.8 ms, GC Workers: 43]
      [GC Worker Start (ms): Min: 23555566.4, Avg: 23555566.9, Max: 23555567.4, Diff: 1.0]
      [Ext Root Scanning (ms): Min: 1.8, Avg: 2.4, Max: 6.9, Diff: 5.1, Sum: 101.9]
      [Update RS (ms): Min: 0.0, Avg: 1.3, Max: 2.1, Diff: 2.1, Sum: 54.4]
         [Processed Buffers: Min: 0, Avg: 4.3, Max: 12, Diff: 12, Sum: 183]
      [Scan RS (ms): Min: 0.1, Avg: 0.5, Max: 0.9, Diff: 0.8, Sum: 21.1]
      [Code Root Scanning (ms): Min: 0.0, Avg: 0.0, Max: 0.5, Diff: 0.5, Sum: 1.0]
      [Object Copy (ms): Min: 0.0, Avg: 1.4, Max: 1.6, Diff: 1.6, Sum: 58.4]
      [Termination (ms): Min: 0.0, Avg: 0.9, Max: 1.0, Diff: 1.0, Sum: 40.8]
         [Termination Attempts: Min: 1, Avg: 3.6, Max: 6, Diff: 5, Sum: 156]
      [GC Worker Other (ms): Min: 0.0, Avg: 0.3, Max: 0.7, Diff: 0.7, Sum: 14.8]
      [GC Worker Total (ms): Min: 6.1, Avg: 6.8, Max: 7.6, Diff: 1.5, Sum: 292.3]
      [GC Worker End (ms): Min: 23555573.4, Avg: 23555573.7, Max: 23555574.1, Diff: 0.7]
   [Code Root Fixup: 0.2 ms]
   [Code Root Purge: 0.1 ms]
   [String Dedup Fixup: 2.0 ms, GC Workers: 43]
      [Queue Fixup (ms): Min: 0.0, Avg: 0.0, Max: 0.0, Diff: 0.0, Sum: 0.1]
      [Table Fixup (ms): Min: 0.9, Avg: 1.3, Max: 1.7, Diff: 0.9, Sum: 56.8]
   [Clear CT: 5.1 ms]
   [Other: 24.8 ms]
      [Choose CSet: 0.0 ms]
      [Ref Proc: 18.2 ms]
      [Ref Enq: 1.2 ms]
      [Redirty Cards: 1.1 ms]
      [Humongous Register: 0.2 ms]
      [Humongous Reclaim: 0.0 ms]
      [Free CSet: 3.4 ms]
   [Eden: 939.0M(939.0M)->0.0B(931.0M) Survivors: 7168.0K->11.0M Heap: 1734.0M(2048.0M)->798.7M(2048.0M)]
 [Times: user=0.57 sys=0.03, real=0.04 secs] 
2016-11-15T12:02:38.414+0100: 23555.606: Total time for which application threads were stopped: 0.0421839 seconds, Stopping threads took: 0.0001692 seconds
2016-11-15T12:02:38.414+0100: 23555.606: [GC concurrent-string-deduplication, 1296.0B->232.0B(1064.0B), avg 82.8%, 0.0000395 secs]
2016-11-15T12:02:38.416+0100: 23555.608: Total time for which application threads were stopped: 0.0014655 seconds, Stopping threads took: 0.0001316 seconds
2016-11-15T12:02:38.416+0100: 23555.609: Total time for which application threads were stopped: 0.0007290 seconds, Stopping threads took: 0.0000931 seconds
2016-11-15T12:02:59.378+0100: 23576.570: Total time for which application threads were stopped: 0.0014180 seconds, Stopping threads took: 0.0001621 seconds
2016-11-15T12:02:59.379+0100: 23576.571: Total time for which application threads were stopped: 0.0006101 seconds, Stopping threads took: 0.0000332 seconds
2016-11-15T12:02:59.379+0100: 23576.572: Total time for which application threads were stopped: 0.0005975 seconds, Stopping threads took: 0.0000309 seconds
2016-11-15T12:02:59.568+0100: 23576.760: Total time for which application threads were stopped: 0.0012169 seconds, Stopping threads took: 0.0001262 seconds
2016-11-15T12:03:02.383+0100: 23579.575: Total time for which application threads were stopped: 0.0014166 seconds, Stopping threads took: 0.0001680 seconds
2016-11-15T12:03:03.384+0100: 23580.577: Total time for which application threads were stopped: 0.0013061 seconds, Stopping threads took: 0.0001570 seconds
2016-11-15T12:03:06.386+0100: 23583.578: Total time for which application threads were stopped: 0.0013883 seconds, Stopping threads took: 0.0001523 seconds
2016-11-15T12:03:07.387+0100: 23584.580: Total time for which application threads were stopped: 0.0013819 seconds, Stopping threads took: 0.0001574 seconds
2016-11-15T12:03:09.457+0100: 23586.650: Total time for which application threads were stopped: 0.0015012 seconds, Stopping threads took: 0.0001651 seconds
2016-11-15T12:03:09.458+0100: 23586.651: Total time for which application threads were stopped: 0.0006453 seconds, Stopping threads took: 0.0000358 seconds
2016-11-15T12:03:09.459+0100: 23586.652: Total time for which application threads were stopped: 0.0006717 seconds, Stopping threads took: 0.0000671 seconds
2016-11-15T12:03:09.532+0100: 23586.725: Total time for which application threads were stopped: 0.0007917 seconds, Stopping threads took: 0.0000631 seconds
2016-11-15T12:03:13.282+0100: 23590.474: Total time for which application threads were stopped: 0.0013987 seconds, Stopping threads took: 0.0001555 seconds
2016-11-15T12:03:13.283+0100: 23590.475: Total time for which application threads were stopped: 0.0006148 seconds, Stopping threads took: 0.0000352 seconds
2016-11-15T12:03:13.283+0100: 23590.476: Total time for which application threads were stopped: 0.0006099 seconds, Stopping threads took: 0.0000358 seconds
2016-11-15T12:03:13.339+0100: 23590.531: Total time for which application threads were stopped: 0.0008254 seconds, Stopping threads took: 0.0000643 seconds
2016-11-15T12:03:14.340+0100: 23591.533: Total time for which application threads were stopped: 0.0014074 seconds, Stopping threads took: 0.0001454 seconds
2016-11-15T12:03:18.342+0100: 23595.534: Total time for which application threads were stopped: 0.0015245 seconds, Stopping threads took: 0.0001783 seconds
2016-11-15T12:03:21.383+0100: 23598.575: Total time for which application threads were stopped: 0.0016114 seconds, Stopping threads took: 0.0001641 seconds
2016-11-15T12:03:42.149+0100: 23619.341: Total time for which application threads were stopped: 0.0016695 seconds, Stopping threads took: 0.0001603 seconds
2016-11-15T12:03:43.150+0100: 23620.343: Total time for which application threads were stopped: 0.0015589 seconds, Stopping threads took: 0.0002073 seconds
2016-11-15T12:03:43.673+0100: 23620.865: Total time for which application threads were stopped: 0.0014839 seconds, Stopping threads took: 0.0001829 seconds
2016-11-15T12:03:47.468+0100: 23624.660: Total time for which application threads were stopped: 0.0014860 seconds, Stopping threads took: 0.0001633 seconds
2016-11-15T12:03:49.469+0100: 23626.662: Total time for which application threads were stopped: 0.0014405 seconds, Stopping threads took: 0.0001678 seconds
2016-11-15T12:03:57.470+0100: 23634.662: Total time for which application threads were stopped: 0.0015742 seconds, Stopping threads took: 0.0001857 seconds
2016-11-15T12:03:57.471+0100: 23634.663: Total time for which application threads were stopped: 0.0006684 seconds, Stopping threads took: 0.0000369 seconds
2016-11-15T12:04:00.472+0100: 23637.665: Total time for which application threads were stopped: 0.0014688 seconds, Stopping threads took: 0.0001732 seconds
2016-11-15T12:04:08.706+0100: 23645.899: Total time for which application threads were stopped: 0.0015093 seconds, Stopping threads took: 0.0001650 seconds
2016-11-15T12:04:08.707+0100: 23645.900: Total time for which application threads were stopped: 0.0007044 seconds, Stopping threads took: 0.0000931 seconds
2016-11-15T12:04:08.708+0100: 23645.901: Total time for which application threads were stopped: 0.0007054 seconds, Stopping threads took: 0.0000810 seconds
2016-11-15T12:04:08.780+0100: 23645.973: Total time for which application threads were stopped: 0.0007641 seconds, Stopping threads took: 0.0000648 seconds
2016-11-15T12:04:13.435+0100: 23650.628: Total time for which application threads were stopped: 0.0015072 seconds, Stopping threads took: 0.0001619 seconds
2016-11-15T12:04:13.436+0100: 23650.629: Total time for which application threads were stopped: 0.0006472 seconds, Stopping threads took: 0.0000351 seconds
2016-11-15T12:04:13.437+0100: 23650.629: Total time for which application threads were stopped: 0.0007131 seconds, Stopping threads took: 0.0000942 seconds
2016-11-15T12:04:13.632+0100: 23650.824: Total time for which application threads were stopped: 0.0009534 seconds, Stopping threads took: 0.0000800 seconds
2016-11-15T12:04:18.508+0100: 23655.701: Total time for which application threads were stopped: 0.0035960 seconds, Stopping threads took: 0.0002762 seconds
2016-11-15T12:04:18.516+0100: 23655.709: Total time for which application threads were stopped: 0.0031171 seconds, Stopping threads took: 0.0001703 seconds
2016-11-15T12:04:20.776+0100: 23657.969: Total time for which application threads were stopped: 0.0014905 seconds, Stopping threads took: 0.0001596 seconds
2016-11-15T12:04:23.346+0100: 23660.539: Total time for which application threads were stopped: 0.0037659 seconds, Stopping threads took: 0.0001750 seconds
2016-11-15T12:04:23.350+0100: 23660.542: Total time for which application threads were stopped: 0.0027476 seconds, Stopping threads took: 0.0000467 seconds
2016-11-15T12:04:23.352+0100: 23660.545: Total time for which application threads were stopped: 0.0027053 seconds, Stopping threads took: 0.0001086 seconds
2016-11-15T12:04:23.358+0100: 23660.550: Total time for which application threads were stopped: 0.0009986 seconds, Stopping threads took: 0.0000693 seconds
2016-11-15T12:04:23.359+0100: 23660.551: Total time for which application threads were stopped: 0.0006913 seconds, Stopping threads took: 0.0000824 seconds
2016-11-15T12:04:23.359+0100: 23660.552: Total time for which application threads were stopped: 0.0006531 seconds, Stopping threads took: 0.0000356 seconds
2016-11-15T12:04:23.403+0100: 23660.595: Total time for which application threads were stopped: 0.0008123 seconds, Stopping threads took: 0.0001154 seconds
2016-11-15T12:04:23.780+0100: 23660.972: Total time for which application threads were stopped: 0.0011713 seconds, Stopping threads took: 0.0001195 seconds
2016-11-15T12:04:33.782+0100: 23670.974: Total time for which application threads were stopped: 0.0014759 seconds, Stopping threads took: 0.0001628 seconds
2016-11-15T12:04:33.783+0100: 23670.975: Total time for which application threads were stopped: 0.0007366 seconds, Stopping threads took: 0.0001228 seconds
2016-11-15T12:04:40.684+0100: 23677.877: [GC pause (G1 Evacuation Pause) (young)
Desired survivor size 61865984 bytes, new threshold 15 (max 15)
- age   1:    1133184 bytes,    1133184 total
- age   2:      94232 bytes,    1227416 total
- age   3:     110832 bytes,    1338248 total
- age   4:        720 bytes,    1338968 total
- age   5:       7976 bytes,    1346944 total
- age   6:      10552 bytes,    1357496 total
- age   7:     281216 bytes,    1638712 total
- age   8:      15592 bytes,    1654304 total
- age   9:     640664 bytes,    2294968 total
- age  10:     935880 bytes,    3230848 total
- age  11:     217168 bytes,    3448016 total
- age  12:     245104 bytes,    3693120 total
- age  13:     192384 bytes,    3885504 total
- age  14:     219672 bytes,    4105176 total
2016-11-15T12:04:40.715+0100: 23677.907: [SoftReference, 38 refs, 0.0051990 secs]2016-11-15T12:04:40.720+0100: 23677.912: [WeakReference, 13 refs, 0.0034590 secs]2016-11-15T12:04:40.723+0100: 23677.916: [FinalReference, 155 refs, 0.0033336 secs]2016-11-15T12:04:40.727+0100: 23677.919: [PhantomReference, 0 refs, 0 refs, 0.0060136 secs]2016-11-15T12:04:40.733+0100: 23677.925: [JNI Weak Reference, 0.0000290 secs], 0.0621535 secs]
   [Parallel Time: 28.1 ms, GC Workers: 43]
      [GC Worker Start (ms): Min: 23677877.2, Avg: 23677877.7, Max: 23677878.2, Diff: 1.0]
      [Ext Root Scanning (ms): Min: 1.7, Avg: 2.3, Max: 6.2, Diff: 4.5, Sum: 100.9]
      [Update RS (ms): Min: 2.1, Avg: 5.8, Max: 8.3, Diff: 6.2, Sum: 248.5]
         [Processed Buffers: Min: 3, Avg: 7.0, Max: 14, Diff: 11, Sum: 302]
      [Scan RS (ms): Min: 0.1, Avg: 0.5, Max: 0.8, Diff: 0.8, Sum: 22.9]
      [Code Root Scanning (ms): Min: 0.0, Avg: 0.0, Max: 0.2, Diff: 0.2, Sum: 1.4]
      [Object Copy (ms): Min: 16.0, Avg: 17.9, Max: 18.4, Diff: 2.4, Sum: 770.6]
      [Termination (ms): Min: 0.0, Avg: 0.0, Max: 0.1, Diff: 0.1, Sum: 1.6]
         [Termination Attempts: Min: 1, Avg: 6.7, Max: 23, Diff: 22, Sum: 287]
      [GC Worker Other (ms): Min: 0.0, Avg: 0.4, Max: 0.8, Diff: 0.7, Sum: 16.0]
      [GC Worker Total (ms): Min: 26.4, Avg: 27.0, Max: 27.8, Diff: 1.4, Sum: 1161.8]
      [GC Worker End (ms): Min: 23677904.4, Avg: 23677904.7, Max: 23677905.1, Diff: 0.7]
   [Code Root Fixup: 0.1 ms]
   [Code Root Purge: 0.0 ms]
   [String Dedup Fixup: 2.0 ms, GC Workers: 43]
      [Queue Fixup (ms): Min: 0.0, Avg: 0.0, Max: 0.0, Diff: 0.0, Sum: 0.1]
      [Table Fixup (ms): Min: 0.9, Avg: 1.4, Max: 1.8, Diff: 0.9, Sum: 58.5]
   [Clear CT: 4.9 ms]
   [Other: 27.0 ms]
      [Choose CSet: 0.0 ms]
      [Ref Proc: 20.0 ms]
      [Ref Enq: 1.2 ms]
      [Redirty Cards: 1.2 ms]
      [Humongous Register: 0.2 ms]
      [Humongous Reclaim: 0.2 ms]
      [Free CSet: 3.5 ms]
   [Eden: 931.0M(931.0M)->0.0B(882.0M) Survivors: 11.0M->28.0M Heap: 1744.7M(2048.0M)->823.2M(2048.0M)]
 [Times: user=1.45 sys=0.03, real=0.06 secs] 
2016-11-15T12:04:40.747+0100: 23677.939: Total time for which application threads were stopped: 0.0641657 seconds, Stopping threads took: 0.0001706 seconds
2016-11-15T12:04:40.747+0100: 23677.939: [GC concurrent-string-deduplication, 904.0B->88.0B(816.0B), avg 82.8%, 0.0000327 secs]
2016-11-15T12:05:10.745+0100: 23707.938: [GC pause (G1 Humongous Allocation) (young) (initial-mark)
Desired survivor size 59768832 bytes, new threshold 15 (max 15)
- age   1:   19820768 bytes,   19820768 total
- age   2:     857856 bytes,   20678624 total
- age   3:      94064 bytes,   20772688 total
- age   4:     109720 bytes,   20882408 total
- age   5:        624 bytes,   20883032 total
- age   6:       7976 bytes,   20891008 total
- age   7:      10552 bytes,   20901560 total
- age   8:     271472 bytes,   21173032 total
- age   9:      15592 bytes,   21188624 total
- age  10:     640160 bytes,   21828784 total
- age  11:     934568 bytes,   22763352 total
- age  12:     217168 bytes,   22980520 total
- age  13:     245104 bytes,   23225624 total
- age  14:     192304 bytes,   23417928 total
- age  15:     219672 bytes,   23637600 total
2016-11-15T12:05:10.784+0100: 23707.977: [SoftReference, 36 refs, 0.0052647 secs]2016-11-15T12:05:10.789+0100: 23707.982: [WeakReference, 11 refs, 0.0030318 secs]2016-11-15T12:05:10.792+0100: 23707.985: [FinalReference, 57 refs, 0.0030980 secs]2016-11-15T12:05:10.796+0100: 23707.988: [PhantomReference, 0 refs, 0 refs, 0.0058139 secs]2016-11-15T12:05:10.801+0100: 23707.994: [JNI Weak Reference, 0.0000305 secs], 0.0655387 secs]
   [Parallel Time: 35.9 ms, GC Workers: 43]
      [GC Worker Start (ms): Min: 23707939.1, Avg: 23707939.7, Max: 23707940.3, Diff: 1.1]
      [Ext Root Scanning (ms): Min: 3.9, Avg: 4.5, Max: 5.3, Diff: 1.3, Sum: 195.1]
      [Update RS (ms): Min: 4.4, Avg: 5.3, Max: 7.6, Diff: 3.2, Sum: 229.9]
         [Processed Buffers: Min: 1, Avg: 5.6, Max: 18, Diff: 17, Sum: 242]
      [Scan RS (ms): Min: 0.0, Avg: 0.3, Max: 0.5, Diff: 0.4, Sum: 11.4]
      [Code Root Scanning (ms): Min: 0.0, Avg: 0.0, Max: 0.3, Diff: 0.3, Sum: 0.9]
      [Object Copy (ms): Min: 20.8, Avg: 23.0, Max: 24.0, Diff: 3.2, Sum: 988.6]
      [Termination (ms): Min: 0.0, Avg: 0.5, Max: 0.8, Diff: 0.8, Sum: 21.4]
         [Termination Attempts: Min: 1, Avg: 49.7, Max: 75, Diff: 74, Sum: 2138]
      [GC Worker Other (ms): Min: 0.0, Avg: 0.3, Max: 0.7, Diff: 0.7, Sum: 13.9]
      [GC Worker Total (ms): Min: 33.2, Avg: 34.0, Max: 34.9, Diff: 1.7, Sum: 1461.1]
      [GC Worker End (ms): Min: 23707973.4, Avg: 23707973.7, Max: 23707974.1, Diff: 0.7]
   [Code Root Fixup: 0.3 ms]
   [Code Root Purge: 0.0 ms]
   [String Dedup Fixup: 1.9 ms, GC Workers: 43]
      [Queue Fixup (ms): Min: 0.0, Avg: 0.0, Max: 0.0, Diff: 0.0, Sum: 0.2]
      [Table Fixup (ms): Min: 0.9, Avg: 1.4, Max: 1.7, Diff: 0.9, Sum: 58.2]
   [Clear CT: 2.8 ms]
   [Other: 24.7 ms]
      [Choose CSet: 0.0 ms]
      [Ref Proc: 19.1 ms]
      [Ref Enq: 1.2 ms]
      [Redirty Cards: 1.2 ms]
      [Humongous Register: 0.1 ms]
      [Humongous Reclaim: 0.1 ms]
      [Free CSet: 2.0 ms]
   [Eden: 465.0M(882.0M)->0.0B(801.0M) Survivors: 28.0M->63.0M Heap: 1295.3M(2048.0M)->863.8M(2048.0M)]
 [Times: user=1.61 sys=0.04, real=0.07 secs] 
2016-11-15T12:05:10.811+01002016-11-15T12:05:10.811+0100: 23708.004: : Total time for which application threads were stopped: 0.0676926 seconds, Stopping threads took: 0.0001614 seconds
23708.004: [GC concurrent-root-region-scan-start]
2016-11-15T12:05:10.812+0100: 23708.005: [GC concurrent-string-deduplication, 29.3K->7208.0B(22.2K), avg 82.8%, 0.0005785 secs]
2016-11-15T12:05:10.822+0100: 23708.014: [GC concurrent-root-region-scan-end, 0.0104051 secs]
2016-11-15T12:05:10.822+0100: 23708.014: [GC concurrent-mark-start]
2016-11-15T12:05:10.915+0100: 23708.107: [GC concurrent-mark-end, 0.0927800 secs]
2016-11-15T12:05:10.917+0100: 23708.109: [GC remark 2016-11-15T12:05:10.917+0100: 23708.109: [Finalize Marking, 0.0025002 secs] 2016-11-15T12:05:10.919+0100: 23708.112: [GC ref-proc2016-11-15T12:05:10.919+0100: 23708.112: [SoftReference, 2163 refs, 0.0058315 secs]2016-11-15T12:05:10.925+0100: 23708.117: [WeakReference, 850 refs, 0.0036103 secs]2016-11-15T12:05:10.929+0100: 23708.121: [FinalReference, 728 refs, 0.0041056 secs]2016-11-15T12:05:10.933+0100: 23708.125: [PhantomReference, 0 refs, 8 refs, 0.0061638 secs]2016-11-15T12:05:10.939+0100: 23708.131: [JNI Weak Reference, 0.0001315 secs], 0.0216166 secs] 2016-11-15T12:05:10.941+0100: 23708.133: [Unloading, 0.1915882 secs], 0.2188773 secs]
 [Times: user=8.08 sys=0.04, real=0.21 secs] 
2016-11-15T12:05:11.136+0100: 23708.328: Total time for which application threads were stopped: 0.2210405 seconds, Stopping threads took: 0.0001636 seconds
2016-11-15T12:05:11.138+0100: 23708.330: [GC cleanup 866M->531M(2048M), 0.0164551 secs]
 [Times: user=0.40 sys=0.01, real=0.01 secs] 
2016-11-15T12:05:11.154+0100: 23708.347: Total time for which application threads were stopped: 0.0184218 seconds, Stopping threads took: 0.0001899 seconds
2016-11-15T12:05:11.154+0100: 23708.347: [GC concurrent-cleanup-start]
2016-11-15T12:05:11.158+0100: 23708.350: [GC concurrent-cleanup-end, 0.0036361 secs]
2016-11-15T12:05:12.156+0100: 23709.348: Total time for which application threads were stopped: 0.0015179 seconds, Stopping threads took: 0.0001668 seconds
2016-11-15T12:05:13.157+0100: 23710.350: Total time for which application threads were stopped: 0.0014894 seconds, Stopping threads took: 0.0001588 seconds
2016-11-15T12:05:14.159+0100: 23711.351: Total time for which application threads were stopped: 0.0014088 seconds, Stopping threads took: 0.0001452 seconds
2016-11-15T12:05:15.160+0100: 23712.353: Total time for which application threads were stopped: 0.0013238 seconds, Stopping threads took: 0.0001481 seconds
2016-11-15T12:05:16.162+0100: 23713.354: Total time for which application threads were stopped: 0.0013853 seconds, Stopping threads took: 0.0001609 seconds
2016-11-15T12:05:18.163+0100: 23715.356: Total time for which application threads were stopped: 0.0013820 seconds, Stopping threads took: 0.0001585 seconds
2016-11-15T12:05:19.165+0100: 23716.357: Total time for which application threads were stopped: 0.0013643 seconds, Stopping threads took: 0.0001751 seconds
2016-11-15T12:05:21.166+0100: 23718.359: Total time for which application threads were stopped: 0.0014678 seconds, Stopping threads took: 0.0001521 seconds
2016-11-15T12:05:22.168+0100: 23719.360: Total time for which application threads were stopped: 0.0014205 seconds, Stopping threads took: 0.0001630 seconds
2016-11-15T12:05:25.170+0100: 23722.362: Total time for which application threads were stopped: 0.0015293 seconds, Stopping threads took: 0.0001636 seconds
2016-11-15T12:05:26.171+0100: 23723.363: Total time for which application threads were stopped: 0.0013153 seconds, Stopping threads took: 0.0001628 seconds
2016-11-15T12:05:27.173+0100: 23724.365: Total time for which application threads were stopped: 0.0014740 seconds, Stopping threads took: 0.0001589 seconds
2016-11-15T12:05:29.174+0100: 23726.366: Total time for which application threads were stopped: 0.0013681 seconds, Stopping threads took: 0.0001600 seconds
2016-11-15T12:05:29.718+0100: 23726.910: Total time for which application threads were stopped: 0.0013922 seconds, Stopping threads took: 0.0001279 seconds
2016-11-15T12:05:29.719+0100: 23726.911: Total time for which application threads were stopped: 0.0006272 seconds, Stopping threads took: 0.0000347 seconds
2016-11-15T12:05:29.719+0100: 23726.912: Total time for which application threads were stopped: 0.0006020 seconds, Stopping threads took: 0.0000322 seconds
2016-11-15T12:05:29.818+0100: 23727.010: Total time for which application threads were stopped: 0.0008292 seconds, Stopping threads took: 0.0000701 seconds
2016-11-15T12:05:30.819+0100: 23728.012: Total time for which application threads were stopped: 0.0013584 seconds, Stopping threads took: 0.0001709 seconds
2016-11-15T12:05:33.821+0100: 23731.013: Total time for which application threads were stopped: 0.0015156 seconds, Stopping threads took: 0.0001610 seconds
2016-11-15T12:05:34.822+0100: 23732.015: Total time for which application threads were stopped: 0.0015111 seconds, Stopping threads took: 0.0001666 seconds
2016-11-15T12:05:37.824+0100: 23735.016: Total time for which application threads were stopped: 0.0014064 seconds, Stopping threads took: 0.0001596 seconds
2016-11-15T12:05:40.826+0100: 23738.018: Total time for which application threads were stopped: 0.0013618 seconds, Stopping threads took: 0.0001509 seconds
2016-11-15T12:05:50.828+0100: 23748.020: Total time for which application threads were stopped: 0.0014760 seconds, Stopping threads took: 0.0001553 seconds
2016-11-15T12:05:53.830+0100: 23751.022: Total time for which application threads were stopped: 0.0014545 seconds, Stopping threads took: 0.0001569 seconds
2016-11-15T12:05:55.611+0100: 23752.803: Total time for which application threads were stopped: 0.0015467 seconds, Stopping threads took: 0.0001693 seconds
2016-11-15T12:05:56.612+0100: 23753.805: Total time for which application threads were stopped: 0.0012954 seconds, Stopping threads took: 0.0001445 seconds
2016-11-15T12:05:58.614+0100: 23755.806: Total time for which application threads were stopped: 0.0014635 seconds, Stopping threads took: 0.0001559 seconds
2016-11-15T12:06:00.615+0100: 23757.808: Total time for which application threads were stopped: 0.0013394 seconds, Stopping threads took: 0.0001597 seconds
2016-11-15T12:06:02.617+0100: 23759.809: Total time for which application threads were stopped: 0.0013686 seconds, Stopping threads took: 0.0001709 seconds
2016-11-15T12:06:03.618+0100: 23760.811: Total time for which application threads were stopped: 0.0013780 seconds, Stopping threads took: 0.0001680 seconds
2016-11-15T12:06:09.620+0100: 23766.812: Total time for which application threads were stopped: 0.0013518 seconds, Stopping threads took: 0.0001637 seconds
2016-11-15T12:06:10.621+0100: 23767.814: Total time for which application threads were stopped: 0.0012379 seconds, Stopping threads took: 0.0001418 seconds
2016-11-15T12:06:12.623+0100: 23769.815: Total time for which application threads were stopped: 0.0015364 seconds, Stopping threads took: 0.0001700 seconds
2016-11-15T12:06:13.624+0100: 23770.817: Total time for which application threads were stopped: 0.0012982 seconds, Stopping threads took: 0.0001524 seconds
2016-11-15T12:06:16.626+0100: 23773.818: Total time for which application threads were stopped: 0.0013617 seconds, Stopping threads took: 0.0001613 seconds
2016-11-15T12:06:33.087+0100: 23790.280: [GC pause (G1 Evacuation Pause) (young)
Desired survivor size 56623104 bytes, new threshold 15 (max 15)
- age   1:   12783752 bytes,   12783752 total
- age   2:   19702736 bytes,   32486488 total
- age   3:     855040 bytes,   33341528 total
- age   4:      93248 bytes,   33434776 total
- age   5:     109720 bytes,   33544496 total
- age   6:        624 bytes,   33545120 total
- age   7:       7976 bytes,   33553096 total
- age   8:      10552 bytes,   33563648 total
- age   9:     271472 bytes,   33835120 total
- age  10:      15592 bytes,   33850712 total
- age  11:     640160 bytes,   34490872 total
- age  12:     934568 bytes,   35425440 total
- age  13:     217168 bytes,   35642608 total
- age  14:     245104 bytes,   35887712 total
- age  15:     192304 bytes,   36080016 total
2016-11-15T12:06:33.119+0100: 23790.311: [SoftReference, 35 refs, 0.0051918 secs]2016-11-15T12:06:33.124+0100: 23790.317: [WeakReference, 8 refs, 0.0031429 secs]2016-11-15T12:06:33.127+0100: 23790.320: [FinalReference, 111 refs, 0.0031943 secs]2016-11-15T12:06:33.130+0100: 23790.323: [PhantomReference, 0 refs, 0 refs, 0.0068179 secs]2016-11-15T12:06:33.137+0100: 23790.330: [JNI Weak Reference, 0.0000304 secs], 0.0632610 secs]
   [Parallel Time: 28.6 ms, GC Workers: 43]
      [GC Worker Start (ms): Min: 23790280.5, Avg: 23790281.0, Max: 23790281.5, Diff: 1.0]
      [Ext Root Scanning (ms): Min: 1.8, Avg: 2.4, Max: 6.0, Diff: 4.2, Sum: 105.0]
      [Update RS (ms): Min: 3.8, Avg: 7.2, Max: 8.8, Diff: 5.1, Sum: 309.9]
         [Processed Buffers: Min: 2, Avg: 8.1, Max: 20, Diff: 18, Sum: 349]
      [Scan RS (ms): Min: 0.1, Avg: 0.5, Max: 1.0, Diff: 0.9, Sum: 22.1]
      [Code Root Scanning (ms): Min: 0.0, Avg: 0.0, Max: 0.4, Diff: 0.4, Sum: 1.9]
      [Object Copy (ms): Min: 14.8, Avg: 16.6, Max: 17.0, Diff: 2.2, Sum: 714.6]
      [Termination (ms): Min: 0.0, Avg: 0.2, Max: 0.4, Diff: 0.3, Sum: 8.4]
         [Termination Attempts: Min: 1, Avg: 40.6, Max: 81, Diff: 80, Sum: 1747]
      [GC Worker Other (ms): Min: 0.1, Avg: 0.4, Max: 0.9, Diff: 0.8, Sum: 16.7]
      [GC Worker Total (ms): Min: 26.6, Avg: 27.4, Max: 28.2, Diff: 1.6, Sum: 1178.6]
      [GC Worker End (ms): Min: 23790308.1, Avg: 23790308.4, Max: 23790308.9, Diff: 0.8]
   [Code Root Fixup: 0.1 ms]
   [Code Root Purge: 0.0 ms]
   [String Dedup Fixup: 2.3 ms, GC Workers: 43]
      [Queue Fixup (ms): Min: 0.0, Avg: 0.0, Max: 0.0, Diff: 0.0, Sum: 0.2]
      [Table Fixup (ms): Min: 0.7, Avg: 1.1, Max: 1.5, Diff: 0.9, Sum: 49.2]
   [Clear CT: 4.9 ms]
   [Other: 27.4 ms]
      [Choose CSet: 0.0 ms]
      [Ref Proc: 20.6 ms]
      [Ref Enq: 1.2 ms]
      [Redirty Cards: 1.2 ms]
      [Humongous Register: 0.1 ms]
      [Humongous Reclaim: 0.1 ms]
      [Free CSet: 3.2 ms]
   [Eden: 801.0M(801.0M)->0.0B(44.0M) Survivors: 63.0M->58.0M Heap: 1345.8M(2048.0M)->531.2M(2048.0M)]
 [Times: user=1.46 sys=0.02, real=0.06 secs] 
2016-11-15T12:06:33.151+0100: 23790.344: Total time for which application threads were stopped: 0.0652567 seconds, Stopping threads took: 0.0001620 seconds
2016-11-15T12:06:33.153+0100: 23790.345: Total time for which application threads were stopped: 0.0013119 seconds, Stopping threads took: 0.0000987 seconds
2016-11-15T12:06:33.161+0100: 23790.353: [GC concurrent-string-deduplication, 67.6K->30.8K(36.9K), avg 82.8%, 0.0081728 secs]
2016-11-15T12:06:37.154+0100: 23794.347: Total time for which application threads were stopped: 0.0013515 seconds, Stopping threads took: 0.0001670 seconds
2016-11-15T12:06:41.156+0100: 23798.349: Total time for which application threads were stopped: 0.0013969 seconds, Stopping threads took: 0.0001612 seconds
2016-11-15T12:06:42.130+0100: 23799.322: [GC pause (G1 Evacuation Pause) (mixed)
Desired survivor size 6815744 bytes, new threshold 1 (max 15)
- age   1:   20762104 bytes,   20762104 total
- age   2:    4775656 bytes,   25537760 total
- age   3:     757632 bytes,   26295392 total
- age   4:     830248 bytes,   27125640 total
- age   5:      93248 bytes,   27218888 total
- age   6:     109720 bytes,   27328608 total
- age   7:        624 bytes,   27329232 total
- age   8:       6552 bytes,   27335784 total
- age   9:       8992 bytes,   27344776 total
- age  10:     271328 bytes,   27616104 total
- age  11:      15592 bytes,   27631696 total
- age  12:     640040 bytes,   28271736 total
- age  13:     925496 bytes,   29197232 total
- age  14:     217168 bytes,   29414400 total
- age  15:     245072 bytes,   29659472 total
2016-11-15T12:06:42.179+0100: 23799.371: [SoftReference, 40 refs, 0.0044351 secs]2016-11-15T12:06:42.183+0100: 23799.376: [WeakReference, 5 refs, 0.0027707 secs]2016-11-15T12:06:42.186+0100: 23799.379: [FinalReference, 91 refs, 0.0028708 secs]2016-11-15T12:06:42.189+0100: 23799.382: [PhantomReference, 0 refs, 0 refs, 0.0056047 secs]2016-11-15T12:06:42.195+0100: 23799.387: [JNI Weak Reference, 0.0000290 secs], 0.0738364 secs]
   [Parallel Time: 46.7 ms, GC Workers: 43]
      [GC Worker Start (ms): Min: 23799322.9, Avg: 23799323.5, Max: 23799323.9, Diff: 1.0]
      [Ext Root Scanning (ms): Min: 1.8, Avg: 2.5, Max: 7.7, Diff: 5.9, Sum: 109.5]
      [Update RS (ms): Min: 0.0, Avg: 3.1, Max: 4.7, Diff: 4.7, Sum: 131.6]
         [Processed Buffers: Min: 0, Avg: 2.7, Max: 19, Diff: 19, Sum: 114]
      [Scan RS (ms): Min: 0.0, Avg: 0.5, Max: 1.6, Diff: 1.6, Sum: 20.7]
      [Code Root Scanning (ms): Min: 0.0, Avg: 0.1, Max: 0.6, Diff: 0.6, Sum: 3.1]
      [Object Copy (ms): Min: 38.0, Avg: 39.0, Max: 39.5, Diff: 1.5, Sum: 1675.1]
      [Termination (ms): Min: 0.1, Avg: 0.4, Max: 0.7, Diff: 0.6, Sum: 16.0]
         [Termination Attempts: Min: 2, Avg: 31.7, Max: 83, Diff: 81, Sum: 1361]
      [GC Worker Other (ms): Min: 0.0, Avg: 0.1, Max: 0.3, Diff: 0.2, Sum: 4.9]
      [GC Worker Total (ms): Min: 45.1, Avg: 45.6, Max: 46.2, Diff: 1.0, Sum: 1961.0]
      [GC Worker End (ms): Min: 23799369.0, Avg: 23799369.1, Max: 23799369.2, Diff: 0.2]
   [Code Root Fixup: 0.3 ms]
   [Code Root Purge: 0.0 ms]
   [String Dedup Fixup: 1.9 ms, GC Workers: 43]
      [Queue Fixup (ms): Min: 0.0, Avg: 0.1, Max: 0.5, Diff: 0.5, Sum: 5.7]
      [Table Fixup (ms): Min: 0.9, Avg: 1.1, Max: 1.4, Diff: 0.4, Sum: 49.1]
   [Clear CT: 2.4 ms]
   [Other: 22.5 ms]
      [Choose CSet: 0.2 ms]
      [Ref Proc: 17.3 ms]
      [Ref Enq: 1.3 ms]
      [Redirty Cards: 1.4 ms]
      [Humongous Register: 0.1 ms]
      [Humongous Reclaim: 0.0 ms]
      [Free CSet: 1.1 ms]
   [Eden: 44.0M(44.0M)->0.0B(89.0M) Survivors: 58.0M->13.0M Heap: 575.2M(2048.0M)->446.4M(2048.0M)]
 [Times: user=1.34 sys=0.04, real=0.08 secs] 
2016-11-15T12:06:42.204+0100: 23799.396: Total time for which application threads were stopped: 0.0758818 seconds, Stopping threads took: 0.0001431 seconds
2016-11-15T12:06:42.278+0100: 23799.471: [GC concurrent-string-deduplication, 9401.4K->337.5K(9063.9K), avg 84.1%, 0.0746354 secs]
2016-11-15T12:06:43.205+0100: 23800.398: Total time for which application threads were stopped: 0.0014540 seconds, Stopping threads took: 0.0001425 seconds
2016-11-15T12:06:44.451+0100: 23801.643: [GC pause (G1 Evacuation Pause) (mixed)
Desired survivor size 6815744 bytes, new threshold 15 (max 15)
- age   1:    3665600 bytes,    3665600 total
2016-11-15T12:06:44.482+0100: 23801.675: [SoftReference, 15 refs, 0.0045145 secs]2016-11-15T12:06:44.487+0100: 23801.679: [WeakReference, 1 refs, 0.0028545 secs]2016-11-15T12:06:44.490+0100: 23801.682: [FinalReference, 41 refs, 0.0029074 secs]2016-11-15T12:06:44.493+0100: 23801.685: [PhantomReference, 0 refs, 0 refs, 0.0057415 secs]2016-11-15T12:06:44.498+0100: 23801.691: [JNI Weak Reference, 0.0000353 secs], 0.0568369 secs]
   [Parallel Time: 29.2 ms, GC Workers: 43]
      [GC Worker Start (ms): Min: 23801643.6, Avg: 23801644.1, Max: 23801644.6, Diff: 1.0]
      [Ext Root Scanning (ms): Min: 1.7, Avg: 2.5, Max: 11.5, Diff: 9.9, Sum: 106.7]
      [Update RS (ms): Min: 15.2, Avg: 22.3, Max: 23.7, Diff: 8.6, Sum: 958.4]
         [Processed Buffers: Min: 5, Avg: 7.4, Max: 20, Diff: 15, Sum: 320]
      [Scan RS (ms): Min: 0.1, Avg: 1.0, Max: 2.4, Diff: 2.3, Sum: 42.1]
      [Code Root Scanning (ms): Min: 0.0, Avg: 0.1, Max: 0.7, Diff: 0.7, Sum: 4.4]
      [Object Copy (ms): Min: 1.6, Avg: 2.1, Max: 2.5, Diff: 0.9, Sum: 88.4]
      [Termination (ms): Min: 0.0, Avg: 0.1, Max: 0.1, Diff: 0.1, Sum: 2.3]
         [Termination Attempts: Min: 1, Avg: 1.1, Max: 2, Diff: 1, Sum: 49]
      [GC Worker Other (ms): Min: 0.0, Avg: 0.1, Max: 0.3, Diff: 0.2, Sum: 4.3]
      [GC Worker Total (ms): Min: 27.6, Avg: 28.1, Max: 28.7, Diff: 1.2, Sum: 1206.6]
      [GC Worker End (ms): Min: 23801672.1, Avg: 23801672.1, Max: 23801672.3, Diff: 0.2]
   [Code Root Fixup: 0.5 ms]
   [Code Root Purge: 0.0 ms]
   [String Dedup Fixup: 2.2 ms, GC Workers: 43]
      [Queue Fixup (ms): Min: 0.0, Avg: 0.0, Max: 0.0, Diff: 0.0, Sum: 0.2]
      [Table Fixup (ms): Min: 0.7, Avg: 1.2, Max: 1.6, Diff: 0.9, Sum: 49.7]
   [Clear CT: 2.4 ms]
   [Other: 22.6 ms]
      [Choose CSet: 0.2 ms]
      [Ref Proc: 17.8 ms]
      [Ref Enq: 1.4 ms]
      [Redirty Cards: 1.2 ms]
      [Humongous Register: 0.1 ms]
      [Humongous Reclaim: 0.0 ms]
      [Free CSet: 1.1 ms]
   [Eden: 89.0M(89.0M)->0.0B(95.0M) Survivors: 13.0M->7168.0K Heap: 535.4M(2048.0M)->411.3M(2048.0M)]
 [Times: user=1.37 sys=0.01, real=0.06 secs] 
2016-11-15T12:06:44.508+0100: 23801.700: Total time for which application threads were stopped: 0.0587806 seconds, Stopping threads took: 0.0001925 seconds
2016-11-15T12:06:47.381+0100: 23804.574: [GC pause (G1 Evacuation Pause) (mixed)
Desired survivor size 6815744 bytes, new threshold 15 (max 15)
- age   1:    2109168 bytes,    2109168 total
- age   2:    1014544 bytes,    3123712 total
2016-11-15T12:06:47.397+0100: 23804.589: [SoftReference, 86 refs, 0.0045950 secs]2016-11-15T12:06:47.401+0100: 23804.594: [WeakReference, 23 refs, 0.0027547 secs]2016-11-15T12:06:47.404+0100: 23804.597: [FinalReference, 39 refs, 0.0027800 secs]2016-11-15T12:06:47.407+0100: 23804.599: [PhantomReference, 0 refs, 0 refs, 0.0059950 secs]2016-11-15T12:06:47.413+0100: 23804.605: [JNI Weak Reference, 0.0000282 secs], 0.0406662 secs]
   [Parallel Time: 12.3 ms, GC Workers: 43]
      [GC Worker Start (ms): Min: 23804574.5, Avg: 23804575.0, Max: 23804575.5, Diff: 1.0]
      [Ext Root Scanning (ms): Min: 1.5, Avg: 2.5, Max: 6.5, Diff: 5.0, Sum: 105.8]
      [Update RS (ms): Min: 0.0, Avg: 4.5, Max: 6.3, Diff: 6.3, Sum: 192.5]
         [Processed Buffers: Min: 0, Avg: 1.9, Max: 11, Diff: 11, Sum: 83]
      [Scan RS (ms): Min: 0.1, Avg: 1.6, Max: 3.0, Diff: 2.9, Sum: 69.5]
      [Code Root Scanning (ms): Min: 0.0, Avg: 0.1, Max: 0.8, Diff: 0.8, Sum: 5.2]
      [Object Copy (ms): Min: 1.8, Avg: 2.5, Max: 2.8, Diff: 1.0, Sum: 108.0]
      [Termination (ms): Min: 0.0, Avg: 0.0, Max: 0.0, Diff: 0.0, Sum: 1.0]
         [Termination Attempts: Min: 1, Avg: 1.0, Max: 1, Diff: 0, Sum: 43]
      [GC Worker Other (ms): Min: 0.0, Avg: 0.1, Max: 0.3, Diff: 0.3, Sum: 6.0]
      [GC Worker Total (ms): Min: 10.8, Avg: 11.3, Max: 11.9, Diff: 1.2, Sum: 487.9]
      [GC Worker End (ms): Min: 23804586.2, Avg: 23804586.3, Max: 23804586.5, Diff: 0.3]
   [Code Root Fixup: 0.6 ms]
   [Code Root Purge: 0.1 ms]
   [String Dedup Fixup: 1.8 ms, GC Workers: 43]
      [Queue Fixup (ms): Min: 0.0, Avg: 0.0, Max: 0.1, Diff: 0.1, Sum: 0.3]
      [Table Fixup (ms): Min: 0.8, Avg: 1.2, Max: 1.5, Diff: 0.7, Sum: 50.5]
   [Clear CT: 3.0 ms]
   [Other: 22.9 ms]
      [Choose CSet: 0.3 ms]
      [Ref Proc: 18.0 ms]
      [Ref Enq: 1.2 ms]
      [Redirty Cards: 1.3 ms]
      [Humongous Register: 0.1 ms]
      [Humongous Reclaim: 0.0 ms]
      [Free CSet: 1.2 ms]
   [Eden: 95.0M(95.0M)->0.0B(95.0M) Survivors: 7168.0K->7168.0K Heap: 506.3M(2048.0M)->374.1M(2048.0M)]
 [Times: user=0.65 sys=0.03, real=0.04 secs] 
2016-11-15T12:06:47.422+0100: 23804.615: Total time for which application threads were stopped: 0.0427395 seconds, Stopping threads took: 0.0001621 seconds
2016-11-15T12:06:47.424+0100: 23804.616: [GC concurrent-string-deduplication, 190.8K->0.0B(190.8K), avg 84.1%, 0.0014709 secs]
2016-11-15T12:06:52.424+0100: 23809.617: Total time for which application threads were stopped: 0.0014218 seconds, Stopping threads took: 0.0001677 seconds
2016-11-15T12:06:59.426+0100: 23816.619: Total time for which application threads were stopped: 0.0014548 seconds, Stopping threads took: 0.0001605 seconds
2016-11-15T12:06:59.723+0100: 23816.915: [GC pause (G1 Evacuation Pause) (mixed)
Desired survivor size 6815744 bytes, new threshold 15 (max 15)
- age   1:    2478512 bytes,    2478512 total
- age   2:    2061968 bytes,    4540480 total
- age   3:    1001128 bytes,    5541608 total
2016-11-15T12:06:59.757+0100: 23816.949: [SoftReference, 4 refs, 0.0046010 secs]2016-11-15T12:06:59.761+0100: 23816.954: [WeakReference, 2 refs, 0.0027312 secs]2016-11-15T12:06:59.764+0100: 23816.957: [FinalReference, 1 refs, 0.0029230 secs]2016-11-15T12:06:59.767+0100: 23816.959: [PhantomReference, 0 refs, 0 refs, 0.0060308 secs]2016-11-15T12:06:59.773+0100: 23816.965: [JNI Weak Reference, 0.0000281 secs], 0.0609452 secs]
   [Parallel Time: 30.9 ms, GC Workers: 43]
      [GC Worker Start (ms): Min: 23816915.9, Avg: 23816916.4, Max: 23816916.9, Diff: 1.0]
      [Ext Root Scanning (ms): Min: 1.8, Avg: 2.5, Max: 8.5, Diff: 6.7, Sum: 107.0]
      [Update RS (ms): Min: 4.4, Avg: 8.7, Max: 11.1, Diff: 6.7, Sum: 374.1]
         [Processed Buffers: Min: 1, Avg: 6.0, Max: 24, Diff: 23, Sum: 257]
      [Scan RS (ms): Min: 0.0, Avg: 2.0, Max: 2.7, Diff: 2.6, Sum: 84.5]
      [Code Root Scanning (ms): Min: 0.0, Avg: 0.1, Max: 0.7, Diff: 0.7, Sum: 3.5]
      [Object Copy (ms): Min: 15.6, Avg: 16.1, Max: 16.4, Diff: 0.9, Sum: 692.9]
      [Termination (ms): Min: 0.0, Avg: 0.2, Max: 0.3, Diff: 0.3, Sum: 10.0]
         [Termination Attempts: Min: 1, Avg: 42.8, Max: 65, Diff: 64, Sum: 1839]
      [GC Worker Other (ms): Min: 0.0, Avg: 0.1, Max: 0.3, Diff: 0.3, Sum: 5.0]
      [GC Worker Total (ms): Min: 29.2, Avg: 29.7, Max: 30.3, Diff: 1.1, Sum: 1277.0]
      [GC Worker End (ms): Min: 23816946.0, Avg: 23816946.1, Max: 23816946.3, Diff: 0.3]
   [Code Root Fixup: 0.6 ms]
   [Code Root Purge: 0.0 ms]
   [String Dedup Fixup: 2.5 ms, GC Workers: 43]
      [Queue Fixup (ms): Min: 0.0, Avg: 0.0, Max: 0.2, Diff: 0.2, Sum: 0.7]
      [Table Fixup (ms): Min: 0.7, Avg: 1.2, Max: 1.5, Diff: 0.8, Sum: 52.4]
   [Clear CT: 3.7 ms]
   [Other: 23.1 ms]
      [Choose CSet: 0.3 ms]
      [Ref Proc: 18.1 ms]
      [Ref Enq: 1.2 ms]
      [Redirty Cards: 1.3 ms]
      [Humongous Register: 0.1 ms]
      [Humongous Reclaim: 0.1 ms]
      [Free CSet: 1.0 ms]
   [Eden: 95.0M(95.0M)->0.0B(89.0M) Survivors: 7168.0K->13.0M Heap: 475.1M(2048.0M)->371.3M(2048.0M)]
 [Times: user=1.45 sys=0.05, real=0.06 secs] 
2016-11-15T12:06:59.784+0100: 23816.976: Total time for which application threads were stopped: 0.0626087 seconds, Stopping threads took: 0.0000905 seconds
2016-11-15T12:06:59.792+0100: 23816.985: [GC concurrent-string-deduplication, 1036.0K->0.0B(1036.0K), avg 84.3%, 0.0083948 secs]
2016-11-15T12:07:02.721+0100: 23819.913: [GC pause (G1 Evacuation Pause) (young)
Desired survivor size 6815744 bytes, new threshold 1 (max 15)
- age   1:   10345064 bytes,   10345064 total
- age   2:        208 bytes,   10345272 total
- age   3:    1646816 bytes,   11992088 total
- age   4:     785664 bytes,   12777752 total
2016-11-15T12:07:02.754+0100: 23819.946: [SoftReference, 0 refs, 0.0045183 secs]2016-11-15T12:07:02.758+0100: 23819.950: [WeakReference, 0 refs, 0.0027989 secs]2016-11-15T12:07:02.761+0100: 23819.953: [FinalReference, 0 refs, 0.0028691 secs]2016-11-15T12:07:02.764+0100: 23819.956: [PhantomReference, 0 refs, 0 refs, 0.0056924 secs]2016-11-15T12:07:02.769+0100: 23819.962: [JNI Weak Reference, 0.0000269 secs], 0.0562609 secs]
   [Parallel Time: 30.8 ms, GC Workers: 43]
      [GC Worker Start (ms): Min: 23819913.5, Avg: 23819914.0, Max: 23819914.5, Diff: 1.0]
      [Ext Root Scanning (ms): Min: 1.8, Avg: 2.4, Max: 4.9, Diff: 3.1, Sum: 105.1]
      [Update RS (ms): Min: 11.9, Avg: 14.3, Max: 16.1, Diff: 4.2, Sum: 616.2]
         [Processed Buffers: Min: 3, Avg: 5.6, Max: 18, Diff: 15, Sum: 242]
      [Scan RS (ms): Min: 0.0, Avg: 0.0, Max: 0.2, Diff: 0.1, Sum: 1.6]
      [Code Root Scanning (ms): Min: 0.0, Avg: 0.0, Max: 0.0, Diff: 0.0, Sum: 0.0]
      [Object Copy (ms): Min: 11.2, Avg: 12.8, Max: 13.5, Diff: 2.3, Sum: 550.5]
      [Termination (ms): Min: 0.0, Avg: 0.0, Max: 0.0, Diff: 0.0, Sum: 1.0]
         [Termination Attempts: Min: 1, Avg: 3.5, Max: 12, Diff: 11, Sum: 150]
      [GC Worker Other (ms): Min: 0.0, Avg: 0.1, Max: 0.3, Diff: 0.3, Sum: 4.8]
      [GC Worker Total (ms): Min: 29.2, Avg: 29.8, Max: 30.4, Diff: 1.2, Sum: 1279.4]
      [GC Worker End (ms): Min: 23819943.7, Avg: 23819943.8, Max: 23819943.9, Diff: 0.2]
   [Code Root Fixup: 0.1 ms]
   [Code Root Purge: 0.0 ms]
   [String Dedup Fixup: 2.3 ms, GC Workers: 43]
      [Queue Fixup (ms): Min: 0.0, Avg: 0.0, Max: 0.2, Diff: 0.2, Sum: 1.8]
      [Table Fixup (ms): Min: 0.7, Avg: 1.2, Max: 1.4, Diff: 0.7, Sum: 50.0]
   [Clear CT: 1.2 ms]
   [Other: 21.9 ms]
      [Choose CSet: 0.0 ms]
      [Ref Proc: 17.6 ms]
      [Ref Enq: 1.3 ms]
      [Redirty Cards: 1.3 ms]
      [Humongous Register: 0.1 ms]
      [Humongous Reclaim: 0.1 ms]
      [Free CSet: 0.6 ms]
   [Eden: 89.0M(89.0M)->0.0B(90.0M) Survivors: 13.0M->12.0M Heap: 466.3M(2048.0M)->389.9M(2048.0M)]
 [Times: user=1.34 sys=0.04, real=0.05 secs] 
2016-11-15T12:07:02.777+0100: 23819.970: Total time for which application threads were stopped: 0.0583460 seconds, Stopping threads took: 0.0001647 seconds
2016-11-15T12:07:02.800+0100: 23819.992: [GC concurrent-string-deduplication, 2930.6K->0.0B(2930.6K), avg 84.7%, 0.0223582 secs]
2016-11-15T12:07:04.779+0100: 23821.971: Total time for which application threads were stopped: 0.0015162 seconds, Stopping threads took: 0.0001704 seconds
2016-11-15T12:07:10.626+0100: 23827.819: [GC pause (G1 Evacuation Pause) (young)
Desired survivor size 6815744 bytes, new threshold 15 (max 15)
- age   1:    6230648 bytes,    6230648 total
2016-11-15T12:07:10.648+0100: 23827.841: [SoftReference, 0 refs, 0.0046080 secs]2016-11-15T12:07:10.653+0100: 23827.845: [WeakReference, 0 refs, 0.0028621 secs]2016-11-15T12:07:10.656+0100: 23827.848: [FinalReference, 0 refs, 0.0028730 secs]2016-11-15T12:07:10.658+0100: 23827.851: [PhantomReference, 0 refs, 0 refs, 0.0056633 secs]2016-11-15T12:07:10.664+0100: 23827.857: [JNI Weak Reference, 0.0000286 secs], 0.0454521 secs]
   [Parallel Time: 19.5 ms, GC Workers: 43]
      [GC Worker Start (ms): Min: 23827819.2, Avg: 23827819.7, Max: 23827820.2, Diff: 1.0]
      [Ext Root Scanning (ms): Min: 1.7, Avg: 2.4, Max: 6.9, Diff: 5.2, Sum: 104.3]
      [Update RS (ms): Min: 5.6, Avg: 9.3, Max: 10.2, Diff: 4.6, Sum: 401.9]
         [Processed Buffers: Min: 2, Avg: 5.8, Max: 16, Diff: 14, Sum: 249]
      [Scan RS (ms): Min: 0.0, Avg: 0.1, Max: 0.2, Diff: 0.2, Sum: 2.5]
      [Code Root Scanning (ms): Min: 0.0, Avg: 0.0, Max: 0.0, Diff: 0.0, Sum: 0.0]
      [Object Copy (ms): Min: 4.9, Avg: 5.6, Max: 6.1, Diff: 1.1, Sum: 242.9]
      [Termination (ms): Min: 0.0, Avg: 0.1, Max: 0.1, Diff: 0.1, Sum: 2.6]
         [Termination Attempts: Min: 1, Avg: 10.0, Max: 22, Diff: 21, Sum: 430]
      [GC Worker Other (ms): Min: 0.0, Avg: 0.1, Max: 0.3, Diff: 0.3, Sum: 5.4]
      [GC Worker Total (ms): Min: 17.1, Avg: 17.7, Max: 18.3, Diff: 1.1, Sum: 759.7]
      [GC Worker End (ms): Min: 23827837.3, Avg: 23827837.4, Max: 23827837.5, Diff: 0.3]
   [Code Root Fixup: 0.2 ms]
   [Code Root Purge: 0.0 ms]
   [String Dedup Fixup: 2.2 ms, GC Workers: 43]
      [Queue Fixup (ms): Min: 0.0, Avg: 0.0, Max: 0.0, Diff: 0.0, Sum: 0.2]
      [Table Fixup (ms): Min: 0.7, Avg: 1.2, Max: 1.6, Diff: 0.9, Sum: 50.9]
   [Clear CT: 1.2 ms]
   [Other: 22.4 ms]
      [Choose CSet: 0.0 ms]
      [Ref Proc: 17.8 ms]
      [Ref Enq: 1.8 ms]
      [Redirty Cards: 1.3 ms]
      [Humongous Register: 0.1 ms]
      [Humongous Reclaim: 0.0 ms]
      [Free CSet: 0.5 ms]
   [Eden: 90.0M(90.0M)->0.0B(95.0M) Survivors: 12.0M->7168.0K Heap: 479.9M(2048.0M)->384.8M(2048.0M)]
 [Times: user=0.87 sys=0.02, real=0.05 secs] 
2016-11-15T12:07:10.672+0100: 23827.864: Total time for which application threads were stopped: 0.0475184 seconds, Stopping threads took: 0.0001580 seconds
2016-11-15T12:07:38.836+0100: 23856.029: [GC pause (G1 Evacuation Pause) (young)
Desired survivor size 6815744 bytes, new threshold 15 (max 15)
- age   1:     271264 bytes,     271264 total
- age   2:    4837440 bytes,    5108704 total
2016-11-15T12:07:38.855+0100: 23856.047: [SoftReference, 0 refs, 0.0048729 secs]2016-11-15T12:07:38.860+0100: 23856.052: [WeakReference, 0 refs, 0.0033792 secs]2016-11-15T12:07:38.863+0100: 23856.055: [FinalReference, 0 refs, 0.0032021 secs]2016-11-15T12:07:38.866+0100: 23856.059: [PhantomReference, 0 refs, 0 refs, 0.0063158 secs]2016-11-15T12:07:38.873+0100: 23856.065: [JNI Weak Reference, 0.0000258 secs], 0.0439619 secs]
   [Parallel Time: 15.7 ms, GC Workers: 43]
      [GC Worker Start (ms): Min: 23856029.3, Avg: 23856029.8, Max: 23856030.3, Diff: 1.0]
      [Ext Root Scanning (ms): Min: 1.7, Avg: 2.3, Max: 5.9, Diff: 4.2, Sum: 100.8]
      [Update RS (ms): Min: 0.0, Avg: 1.9, Max: 3.9, Diff: 3.9, Sum: 82.1]
         [Processed Buffers: Min: 0, Avg: 4.7, Max: 18, Diff: 18, Sum: 200]
      [Scan RS (ms): Min: 0.0, Avg: 0.0, Max: 0.1, Diff: 0.1, Sum: 2.0]
      [Code Root Scanning (ms): Min: 0.0, Avg: 0.0, Max: 0.0, Diff: 0.0, Sum: 0.1]
      [Object Copy (ms): Min: 8.1, Avg: 9.8, Max: 10.1, Diff: 2.0, Sum: 420.9]
      [Termination (ms): Min: 0.0, Avg: 0.1, Max: 0.1, Diff: 0.1, Sum: 3.3]
         [Termination Attempts: Min: 1, Avg: 14.3, Max: 33, Diff: 32, Sum: 615]
      [GC Worker Other (ms): Min: 0.0, Avg: 0.2, Max: 0.5, Diff: 0.4, Sum: 7.0]
      [GC Worker Total (ms): Min: 13.7, Avg: 14.3, Max: 15.0, Diff: 1.2, Sum: 616.1]
      [GC Worker End (ms): Min: 23856044.1, Avg: 23856044.2, Max: 23856044.4, Diff: 0.3]
   [Code Root Fixup: 0.2 ms]
   [Code Root Purge: 0.0 ms]
   [String Dedup Fixup: 2.2 ms, GC Workers: 43]
      [Queue Fixup (ms): Min: 0.0, Avg: 0.0, Max: 0.2, Diff: 0.2, Sum: 1.3]
      [Table Fixup (ms): Min: 0.7, Avg: 1.2, Max: 1.5, Diff: 0.8, Sum: 50.1]
   [Clear CT: 1.3 ms]
   [Other: 24.6 ms]
      [Choose CSet: 0.0 ms]
      [Ref Proc: 19.9 ms]
      [Ref Enq: 1.8 ms]
      [Redirty Cards: 1.3 ms]
      [Humongous Register: 0.1 ms]
      [Humongous Reclaim: 0.1 ms]
      [Free CSet: 0.5 ms]
   [Eden: 95.0M(95.0M)->0.0B(1215.0M) Survivors: 7168.0K->13.0M Heap: 482.8M(2048.0M)->392.0M(2048.0M)]
 [Times: user=0.75 sys=0.03, real=0.04 secs] 
2016-11-15T12:07:38.881+0100: 23856.073: Total time for which application threads were stopped: 0.0460932 seconds, Stopping threads took: 0.0001614 seconds
2016-11-15T12:07:38.895+0100: 23856.088: [GC concurrent-string-deduplication, 1863.0K->0.0B(1863.0K), avg 85.0%, 0.0144723 secs]
2016-11-15T12:08:00.884+0100: 23878.076: Total time for which application threads were stopped: 0.0014912 seconds, Stopping threads took: 0.0001615 seconds
2016-11-15T12:08:01.885+0100: 23879.078: Total time for which application threads were stopped: 0.0014488 seconds, Stopping threads took: 0.0001572 seconds
2016-11-15T12:08:02.887+0100: 23880.079: Total time for which application threads were stopped: 0.0014617 seconds, Stopping threads took: 0.0001586 seconds
2016-11-15T12:08:12.889+0100: 23890.081: Total time for which application threads were stopped: 0.0013844 seconds, Stopping threads took: 0.0001543 seconds
2016-11-15T12:09:12.902+0100: 23950.094: Total time for which application threads were stopped: 0.0015795 seconds, Stopping threads took: 0.0001978 seconds
2016-11-15T12:09:12.903+0100: 23950.095: Total time for which application threads were stopped: 0.0007140 seconds, Stopping threads took: 0.0000667 seconds
2016-11-15T12:09:12.904+0100: 23950.096: Total time for which application threads were stopped: 0.0006787 seconds, Stopping threads took: 0.0000651 seconds
2016-11-15T12:09:13.112+0100: 23950.304: Total time for which application threads were stopped: 0.0015557 seconds, Stopping threads took: 0.0001732 seconds
2016-11-15T12:09:17.114+0100: 23954.306: Total time for which application threads were stopped: 0.0016111 seconds, Stopping threads took: 0.0002139 seconds
2016-11-15T12:09:19.115+0100: 23956.308: Total time for which application threads were stopped: 0.0015744 seconds, Stopping threads took: 0.0001658 seconds
2016-11-15T12:09:20.468+0100: 23957.660: Total time for which application threads were stopped: 0.0022781 seconds, Stopping threads took: 0.0001761 seconds
2016-11-15T12:09:20.469+0100: 23957.662: Total time for which application threads were stopped: 0.0011973 seconds, Stopping threads took: 0.0000532 seconds
2016-11-15T12:09:20.470+0100: 23957.663: Total time for which application threads were stopped: 0.0007737 seconds, Stopping threads took: 0.0000405 seconds
2016-11-15T12:09:20.731+0100: 23957.923: Total time for which application threads were stopped: 0.0017898 seconds, Stopping threads took: 0.0002179 seconds
2016-11-15T12:09:20.732+0100: 23957.924: Total time for which application threads were stopped: 0.0010181 seconds, Stopping threads took: 0.0000614 seconds
2016-11-15T12:09:20.733+0100: 23957.926: Total time for which application threads were stopped: 0.0014037 seconds, Stopping threads took: 0.0006285 seconds
2016-11-15T12:09:20.842+0100: 23958.034: Total time for which application threads were stopped: 0.0017466 seconds, Stopping threads took: 0.0001718 seconds
2016-11-15T12:09:27.610+0100: 23964.803: Total time for which application threads were stopped: 0.0016009 seconds, Stopping threads took: 0.0001793 seconds
2016-11-15T12:09:27.611+0100: 23964.804: Total time for which application threads were stopped: 0.0007044 seconds, Stopping threads took: 0.0000441 seconds
2016-11-15T12:09:27.612+0100: 23964.805: Total time for which application threads were stopped: 0.0006584 seconds, Stopping threads took: 0.0000464 seconds
2016-11-15T12:09:27.709+0100: 23964.902: Total time for which application threads were stopped: 0.0018853 seconds, Stopping threads took: 0.0001720 seconds
2016-11-15T12:09:32.712+0100: 23969.904: Total time for which application threads were stopped: 0.0016591 seconds, Stopping threads took: 0.0001618 seconds
2016-11-15T12:09:37.714+0100: 23974.906: Total time for which application threads were stopped: 0.0018584 seconds, Stopping threads took: 0.0001829 seconds
2016-11-15T12:09:49.716+0100: 23986.909: Total time for which application threads were stopped: 0.0016181 seconds, Stopping threads took: 0.0001638 seconds
2016-11-15T12:10:05.719+0100: 24002.912: Total time for which application threads were stopped: 0.0015073 seconds, Stopping threads took: 0.0001632 seconds
2016-11-15T12:10:21.450+0100: 24018.643: Total time for which application threads were stopped: 0.0016279 seconds, Stopping threads took: 0.0002108 seconds
2016-11-15T12:10:22.452+0100: 24019.644: Total time for which application threads were stopped: 0.0016442 seconds, Stopping threads took: 0.0001699 seconds
2016-11-15T12:10:24.249+0100: 24021.442: Total time for which application threads were stopped: 0.0040795 seconds, Stopping threads took: 0.0001828 seconds
2016-11-15T12:10:44.567+0100: 24041.759: Total time for which application threads were stopped: 0.0015436 seconds, Stopping threads took: 0.0002103 seconds
2016-11-15T12:10:45.568+0100: 24042.761: Total time for which application threads were stopped: 0.0014443 seconds, Stopping threads took: 0.0001708 seconds
2016-11-15T12:10:48.570+0100: 24045.762: Total time for which application threads were stopped: 0.0015139 seconds, Stopping threads took: 0.0001728 seconds
2016-11-15T12:12:32.579+0100: 24149.772: Total time for which application threads were stopped: 0.0015007 seconds, Stopping threads took: 0.0001647 seconds
2016-11-15T12:12:34.581+0100: 24151.773: Total time for which application threads were stopped: 0.0013510 seconds, Stopping threads took: 0.0001634 seconds
2016-11-15T12:13:03.892+0100: 24181.084: Total time for which application threads were stopped: 0.0015021 seconds, Stopping threads took: 0.0001576 seconds
2016-11-15T12:13:03.892+0100: 24181.085: Total time for which application threads were stopped: 0.0006469 seconds, Stopping threads took: 0.0000318 seconds
2016-11-15T12:13:03.893+0100: 24181.086: Total time for which application threads were stopped: 0.0006491 seconds, Stopping threads took: 0.0000308 seconds
2016-11-15T12:13:04.115+0100: 24181.307: Total time for which application threads were stopped: 0.0010077 seconds, Stopping threads took: 0.0000908 seconds
2016-11-15T12:13:08.107+0100: 24185.300: Total time for which application threads were stopped: 0.0014131 seconds, Stopping threads took: 0.0001584 seconds
2016-11-15T12:13:08.108+0100: 24185.301: Total time for which application threads were stopped: 0.0006350 seconds, Stopping threads took: 0.0000379 seconds
2016-11-15T12:13:08.109+0100: 24185.302: Total time for which application threads were stopped: 0.0008830 seconds, Stopping threads took: 0.0001275 seconds
2016-11-15T12:13:08.321+0100: 24185.513: Total time for which application threads were stopped: 0.0015267 seconds, Stopping threads took: 0.0001800 seconds
2016-11-15T12:13:58.102+0100: 24235.294: Total time for which application threads were stopped: 0.0019726 seconds, Stopping threads took: 0.0002078 seconds
2016-11-15T12:13:58.103+0100: 24235.295: Total time for which application threads were stopped: 0.0008752 seconds, Stopping threads took: 0.0000509 seconds
2016-11-15T12:13:58.105+0100: 24235.297: Total time for which application threads were stopped: 0.0017150 seconds, Stopping threads took: 0.0002038 seconds
2016-11-15T12:13:58.210+0100: 24235.403: Total time for which application threads were stopped: 0.0056328 seconds, Stopping threads took: 0.0001972 seconds
2016-11-15T12:14:03.901+0100: 24241.093: Total time for which application threads were stopped: 0.0019242 seconds, Stopping threads took: 0.0001923 seconds
2016-11-15T12:14:03.903+0100: 24241.096: Total time for which application threads were stopped: 0.0015526 seconds, Stopping threads took: 0.0000753 seconds
2016-11-15T12:14:03.904+0100: 24241.097: Total time for which application threads were stopped: 0.0009482 seconds, Stopping threads took: 0.0000595 seconds
2016-11-15T12:14:03.952+0100: 24241.144: Total time for which application threads were stopped: 0.0019794 seconds, Stopping threads took: 0.0002050 seconds
2016-11-15T12:14:04.954+0100: 24242.146: Total time for which application threads were stopped: 0.0019007 seconds, Stopping threads took: 0.0001850 seconds
2016-11-15T12:14:08.956+0100: 24246.148: Total time for which application threads were stopped: 0.0016999 seconds, Stopping threads took: 0.0001976 seconds
2016-11-15T12:15:04.602+0100: 24301.794: Total time for which application threads were stopped: 0.0016013 seconds, Stopping threads took: 0.0001827 seconds
2016-11-15T12:15:05.603+0100: 24302.796: Total time for which application threads were stopped: 0.0014122 seconds, Stopping threads took: 0.0001562 seconds
2016-11-15T12:15:06.229+0100: 24303.422: Total time for which application threads were stopped: 0.0015619 seconds, Stopping threads took: 0.0001716 seconds
2016-11-15T12:15:06.230+0100: 24303.423: Total time for which application threads were stopped: 0.0009031 seconds, Stopping threads took: 0.0000646 seconds
2016-11-15T12:15:06.231+0100: 24303.424: Total time for which application threads were stopped: 0.0006972 seconds, Stopping threads took: 0.0000407 seconds
2016-11-15T12:15:06.234+0100: 24303.426: Total time for which application threads were stopped: 0.0008915 seconds, Stopping threads took: 0.0001173 seconds
2016-11-15T12:15:06.234+0100: 24303.427: Total time for which application threads were stopped: 0.0007356 seconds, Stopping threads took: 0.0000959 seconds
2016-11-15T12:15:06.236+0100: 24303.429: Total time for which application threads were stopped: 0.0007545 seconds, Stopping threads took: 0.0000682 seconds
2016-11-15T12:15:06.238+0100: 24303.431: Total time for which application threads were stopped: 0.0008372 seconds, Stopping threads took: 0.0001124 seconds
2016-11-15T12:15:06.239+0100: 24303.432: Total time for which application threads were stopped: 0.0007267 seconds, Stopping threads took: 0.0001233 seconds
2016-11-15T12:15:06.240+0100: 24303.433: Total time for which application threads were stopped: 0.0007044 seconds, Stopping threads took: 0.0001148 seconds
2016-11-15T12:15:07.242+0100: 24304.434: Total time for which application threads were stopped: 0.0013728 seconds, Stopping threads took: 0.0001531 seconds
2016-11-15T12:15:10.011+0100: 24307.204: Total time for which application threads were stopped: 0.0014264 seconds, Stopping threads took: 0.0001708 seconds
2016-11-15T12:15:17.013+0100: 24314.206: Total time for which application threads were stopped: 0.0013732 seconds, Stopping threads took: 0.0001665 seconds
2016-11-15T12:15:20.013+0100: 24317.206: Total time for which application threads were stopped: 0.0013955 seconds, Stopping threads took: 0.0001645 seconds
2016-11-15T12:15:20.014+0100: 24317.207: Total time for which application threads were stopped: 0.0006328 seconds, Stopping threads took: 0.0000402 seconds
2016-11-15T12:15:42.017+0100: 24339.210: Total time for which application threads were stopped: 0.0014020 seconds, Stopping threads took: 0.0001711 seconds
2016-11-15T12:16:50.241+0100: 24407.434: [GC pause (G1 Evacuation Pause) (young)
Desired survivor size 80740352 bytes, new threshold 15 (max 15)
- age   1:    4930480 bytes,    4930480 total
- age   2:        776 bytes,    4931256 total
- age   3:    4827456 bytes,    9758712 total
2016-11-15T12:16:50.278+0100: 24407.471: [SoftReference, 0 refs, 0.0051345 secs]2016-11-15T12:16:50.283+0100: 24407.476: [WeakReference, 6 refs, 0.0037007 secs]2016-11-15T12:16:50.287+0100: 24407.479: [FinalReference, 136 refs, 0.0033537 secs]2016-11-15T12:16:50.290+0100: 24407.483: [PhantomReference, 0 refs, 0 refs, 0.0063010 secs]2016-11-15T12:16:50.297+0100: 24407.489: [JNI Weak Reference, 0.0000509 secs], 0.0721222 secs]
   [Parallel Time: 34.3 ms, GC Workers: 43]
      [GC Worker Start (ms): Min: 24407434.3, Avg: 24407434.8, Max: 24407435.3, Diff: 1.0]
      [Ext Root Scanning (ms): Min: 1.8, Avg: 2.4, Max: 5.3, Diff: 3.5, Sum: 103.5]
      [Update RS (ms): Min: 5.6, Avg: 7.9, Max: 9.0, Diff: 3.5, Sum: 339.4]
         [Processed Buffers: Min: 2, Avg: 8.2, Max: 13, Diff: 11, Sum: 353]
      [Scan RS (ms): Min: 0.1, Avg: 0.7, Max: 0.8, Diff: 0.7, Sum: 29.1]
      [Code Root Scanning (ms): Min: 0.0, Avg: 0.0, Max: 0.4, Diff: 0.4, Sum: 0.9]
      [Object Copy (ms): Min: 20.6, Avg: 21.0, Max: 21.2, Diff: 0.6, Sum: 904.0]
      [Termination (ms): Min: 0.0, Avg: 0.1, Max: 0.1, Diff: 0.1, Sum: 2.6]
         [Termination Attempts: Min: 1, Avg: 12.6, Max: 43, Diff: 42, Sum: 541]
      [GC Worker Other (ms): Min: 0.0, Avg: 0.4, Max: 0.9, Diff: 0.9, Sum: 18.2]
      [GC Worker Total (ms): Min: 31.8, Avg: 32.5, Max: 33.5, Diff: 1.8, Sum: 1397.7]
      [GC Worker End (ms): Min: 24407466.9, Avg: 24407467.3, Max: 24407467.8, Diff: 0.9]
   [Code Root Fixup: 0.1 ms]
   [Code Root Purge: 0.0 ms]
   [String Dedup Fixup: 2.3 ms, GC Workers: 43]
      [Queue Fixup (ms): Min: 0.0, Avg: 0.0, Max: 0.0, Diff: 0.0, Sum: 0.2]
      [Table Fixup (ms): Min: 0.7, Avg: 1.2, Max: 1.7, Diff: 0.9, Sum: 50.5]
   [Clear CT: 6.6 ms]
   [Other: 28.9 ms]
      [Choose CSet: 0.0 ms]
      [Ref Proc: 20.6 ms]
      [Ref Enq: 1.6 ms]
      [Redirty Cards: 1.2 ms]
      [Humongous Register: 0.1 ms]
      [Humongous Reclaim: 0.1 ms]
      [Free CSet: 4.3 ms]
   [Eden: 1215.0M(1215.0M)->0.0B(58.0M) Survivors: 13.0M->44.0M Heap: 1627.0M(2048.0M)->432.6M(2048.0M)]
 [Times: user=1.79 sys=0.01, real=0.08 secs] 
2016-11-15T12:16:50.314+0100: 24407.506: Total time for which application threads were stopped: 0.0741397 seconds, Stopping threads took: 0.0001612 seconds
2016-11-15T12:16:50.315+0100: 24407.508: Total time for which application threads were stopped: 0.0013373 seconds, Stopping threads took: 0.0001207 seconds
2016-11-15T12:16:50.316+0100: 24407.509: Total time for which application threads were stopped: 0.0006974 seconds, Stopping threads took: 0.0000845 seconds
2016-11-15T12:16:50.317+0100: 24407.509: Total time for which application threads were stopped: 0.0006368 seconds, Stopping threads took: 0.0000488 seconds
2016-11-15T12:17:00.819+0100: 24418.012: [GC pause (G1 Evacuation Pause) (young)
Desired survivor size 6815744 bytes, new threshold 1 (max 15)
- age   1:   24734960 bytes,   24734960 total
- age   2:    4753704 bytes,   29488664 total
- age   3:         24 bytes,   29488688 total
- age   4:    2919128 bytes,   32407816 total
2016-11-15T12:17:00.858+0100: 24418.050: [SoftReference, 0 refs, 0.0043882 secs]2016-11-15T12:17:00.862+0100: 24418.054: [WeakReference, 0 refs, 0.0029231 secs]2016-11-15T12:17:00.865+0100: 24418.057: [FinalReference, 10 refs, 0.0028084 secs]2016-11-15T12:17:00.868+0100: 24418.060: [PhantomReference, 0 refs, 0 refs, 0.0058670 secs]2016-11-15T12:17:00.874+0100: 24418.066: [JNI Weak Reference, 0.0000302 secs], 0.0618906 secs]
   [Parallel Time: 36.1 ms, GC Workers: 43]
      [GC Worker Start (ms): Min: 24418012.2, Avg: 24418012.7, Max: 24418013.2, Diff: 1.0]
      [Ext Root Scanning (ms): Min: 1.8, Avg: 2.4, Max: 5.1, Diff: 3.3, Sum: 104.5]
      [Update RS (ms): Min: 1.2, Avg: 3.8, Max: 4.5, Diff: 3.3, Sum: 165.4]
         [Processed Buffers: Min: 1, Avg: 4.9, Max: 15, Diff: 14, Sum: 212]
      [Scan RS (ms): Min: 0.0, Avg: 0.0, Max: 0.1, Diff: 0.1, Sum: 1.6]
      [Code Root Scanning (ms): Min: 0.0, Avg: 0.0, Max: 0.1, Diff: 0.1, Sum: 0.4]
      [Object Copy (ms): Min: 27.8, Avg: 28.4, Max: 28.9, Diff: 1.1, Sum: 1221.3]
      [Termination (ms): Min: 0.0, Avg: 0.2, Max: 0.2, Diff: 0.2, Sum: 7.0]
         [Termination Attempts: Min: 2, Avg: 8.5, Max: 19, Diff: 17, Sum: 366]
      [GC Worker Other (ms): Min: 0.0, Avg: 0.1, Max: 0.3, Diff: 0.3, Sum: 5.2]
      [GC Worker Total (ms): Min: 34.5, Avg: 35.0, Max: 35.6, Diff: 1.1, Sum: 1505.6]
      [GC Worker End (ms): Min: 24418047.7, Avg: 24418047.7, Max: 24418047.9, Diff: 0.2]
   [Code Root Fixup: 0.2 ms]
   [Code Root Purge: 0.0 ms]
   [String Dedup Fixup: 2.1 ms, GC Workers: 43]
      [Queue Fixup (ms): Min: 0.0, Avg: 0.2, Max: 0.8, Diff: 0.8, Sum: 7.7]
      [Table Fixup (ms): Min: 0.9, Avg: 1.2, Max: 1.5, Diff: 0.7, Sum: 52.7]
   [Clear CT: 1.1 ms]
   [Other: 22.4 ms]
      [Choose CSet: 0.0 ms]
      [Ref Proc: 17.7 ms]
      [Ref Enq: 1.5 ms]
      [Redirty Cards: 1.5 ms]
      [Humongous Register: 0.1 ms]
      [Humongous Reclaim: 0.1 ms]
      [Free CSet: 0.6 ms]
   [Eden: 58.0M(58.0M)->0.0B(1215.0M) Survivors: 44.0M->13.0M Heap: 493.6M(2048.0M)->435.2M(2048.0M)]
 [Times: user=1.34 sys=0.04, real=0.06 secs] 
2016-11-15T12:17:00.882+0100: 24418.074: Total time for which application threads were stopped: 0.0639621 seconds, Stopping threads took: 0.0001650 seconds
2016-11-15T12:17:00.968+0100: 24418.160: [GC concurrent-string-deduplication, 11.0M->8272.0B(11.0M), avg 86.4%, 0.0861028 secs]
2016-11-15T12:17:29.885+0100: 24447.078: Total time for which application threads were stopped: 0.0014736 seconds, Stopping threads took: 0.0001670 seconds
2016-11-15T12:18:29.011+0100: 24506.203: Total time for which application threads were stopped: 0.0019342 seconds, Stopping threads took: 0.0006293 seconds
2016-11-15T12:18:29.012+0100: 24506.204: Total time for which application threads were stopped: 0.0007277 seconds, Stopping threads took: 0.0000859 seconds
2016-11-15T12:18:29.013+0100: 24506.205: Total time for which application threads were stopped: 0.0006636 seconds, Stopping threads took: 0.0000763 seconds
2016-11-15T12:18:29.109+0100: 24506.301: Total time for which application threads were stopped: 0.0015111 seconds, Stopping threads took: 0.0001649 seconds
2016-11-15T12:18:31.933+0100: 24509.126: Total time for which application threads were stopped: 0.0015696 seconds, Stopping threads took: 0.0002128 seconds
2016-11-15T12:18:37.486+0100: 24514.678: Total time for which application threads were stopped: 0.0016416 seconds, Stopping threads took: 0.0002182 seconds
2016-11-15T12:18:53.489+0100: 24530.681: Total time for which application threads were stopped: 0.0014654 seconds, Stopping threads took: 0.0001556 seconds
2016-11-15T12:19:14.201+0100: 24551.393: Total time for which application threads were stopped: 0.0015150 seconds, Stopping threads took: 0.0002195 seconds
2016-11-15T12:19:15.202+0100: 24552.395: Total time for which application threads were stopped: 0.0015386 seconds, Stopping threads took: 0.0001563 seconds
2016-11-15T12:19:22.012+0100: 24559.205: Total time for which application threads were stopped: 0.0015094 seconds, Stopping threads took: 0.0002097 seconds
2016-11-15T12:19:23.014+0100: 24560.206: Total time for which application threads were stopped: 0.0014474 seconds, Stopping threads took: 0.0001707 seconds
2016-11-15T12:19:53.018+0100: 24590.210: Total time for which application threads were stopped: 0.0014008 seconds, Stopping threads took: 0.0001709 seconds
2016-11-15T12:19:58.723+0100: 24595.915: Total time for which application threads were stopped: 0.0015119 seconds, Stopping threads took: 0.0002134 seconds
2016-11-15T12:20:04.756+0100: 24601.949: Total time for which application threads were stopped: 0.0014719 seconds, Stopping threads took: 0.0002387 seconds
2016-11-15T12:20:05.758+0100: 24602.950: Total time for which application threads were stopped: 0.0014456 seconds, Stopping threads took: 0.0001496 seconds
2016-11-15T12:20:09.005+0100: 24606.198: Total time for which application threads were stopped: 0.0015186 seconds, Stopping threads took: 0.0001683 seconds
2016-11-15T12:20:09.006+0100: 24606.199: Total time for which application threads were stopped: 0.0006629 seconds, Stopping threads took: 0.0000375 seconds
2016-11-15T12:20:09.007+0100: 24606.199: Total time for which application threads were stopped: 0.0006363 seconds, Stopping threads took: 0.0000339 seconds
2016-11-15T12:20:09.129+0100: 24606.321: Total time for which application threads were stopped: 0.0014714 seconds, Stopping threads took: 0.0001606 seconds
2016-11-15T12:20:14.731+0100: 24611.924: Total time for which application threads were stopped: 0.0014796 seconds, Stopping threads took: 0.0001689 seconds
2016-11-15T12:20:14.733+0100: 24611.925: Total time for which application threads were stopped: 0.0007440 seconds, Stopping threads took: 0.0000509 seconds
2016-11-15T12:20:14.733+0100: 24611.926: Total time for which application threads were stopped: 0.0006663 seconds, Stopping threads took: 0.0000556 seconds
2016-11-15T12:20:14.758+0100: 24611.950: Total time for which application threads were stopped: 0.0009570 seconds, Stopping threads took: 0.0001008 seconds
2016-11-15T12:20:14.759+0100: 24611.951: Total time for which application threads were stopped: 0.0006127 seconds, Stopping threads took: 0.0000332 seconds
2016-11-15T12:20:14.785+0100: 24611.978: Total time for which application threads were stopped: 0.0007429 seconds, Stopping threads took: 0.0000570 seconds
2016-11-15T12:20:17.250+0100: 24614.442: Total time for which application threads were stopped: 0.0014535 seconds, Stopping threads took: 0.0001610 seconds
2016-11-15T12:20:22.457+0100: 24619.650: Total time for which application threads were stopped: 0.0013967 seconds, Stopping threads took: 0.0001636 seconds
2016-11-15T12:20:32.461+0100: 24629.653: Total time for which application threads were stopped: 0.0035681 seconds, Stopping threads took: 0.0001626 seconds
2016-11-15T12:20:32.462+0100: 24629.655: Total time for which application threads were stopped: 0.0009039 seconds, Stopping threads took: 0.0000457 seconds
2016-11-15T12:20:53.765+0100: 24650.958: Total time for which application threads were stopped: 0.0014192 seconds, Stopping threads took: 0.0001701 seconds
2016-11-15T12:20:53.766+0100: 24650.959: Total time for which application threads were stopped: 0.0006157 seconds, Stopping threads took: 0.0000328 seconds
2016-11-15T12:20:53.767+0100: 24650.959: Total time for which application threads were stopped: 0.0005972 seconds, Stopping threads took: 0.0000319 seconds
2016-11-15T12:20:53.911+0100: 24651.104: Total time for which application threads were stopped: 0.0008842 seconds, Stopping threads took: 0.0000787 seconds
2016-11-15T12:21:09.350+0100: 24666.543: Total time for which application threads were stopped: 0.0014197 seconds, Stopping threads took: 0.0001629 seconds
2016-11-15T12:21:09.351+0100: 24666.544: Total time for which application threads were stopped: 0.0006215 seconds, Stopping threads took: 0.0000369 seconds
2016-11-15T12:21:09.352+0100: 24666.544: Total time for which application threads were stopped: 0.0006031 seconds, Stopping threads took: 0.0000327 seconds
2016-11-15T12:21:09.571+0100: 24666.763: Total time for which application threads were stopped: 0.0011531 seconds, Stopping threads took: 0.0001070 seconds
2016-11-15T12:21:38.406+0100: 24695.598: Total time for which application threads were stopped: 0.0015515 seconds, Stopping threads took: 0.0002127 seconds
2016-11-15T12:21:43.790+0100: 24700.982: Total time for which application threads were stopped: 0.0013935 seconds, Stopping threads took: 0.0001621 seconds
2016-11-15T12:21:53.792+0100: 24710.984: Total time for which application threads were stopped: 0.0013994 seconds, Stopping threads took: 0.0001674 seconds
2016-11-15T12:21:53.793+0100: 24710.985: Total time for which application threads were stopped: 0.0006114 seconds, Stopping threads took: 0.0000357 seconds
2016-11-15T12:21:54.070+0100: 24711.262: Total time for which application threads were stopped: 0.0016110 seconds, Stopping threads took: 0.0005787 seconds
2016-11-15T12:21:59.528+0100: 24716.721: Total time for which application threads were stopped: 0.0013897 seconds, Stopping threads took: 0.0001659 seconds
2016-11-15T12:22:09.530+0100: 24726.723: Total time for which application threads were stopped: 0.0014376 seconds, Stopping threads took: 0.0001649 seconds
2016-11-15T12:22:09.531+0100: 24726.724: Total time for which application threads were stopped: 0.0006099 seconds, Stopping threads took: 0.0000371 seconds
2016-11-15T12:22:55.536+0100: 24772.728: Total time for which application threads were stopped: 0.0014980 seconds, Stopping threads took: 0.0001719 seconds
2016-11-15T12:23:52.542+0100: 24829.734: Total time for which application threads were stopped: 0.0014689 seconds, Stopping threads took: 0.0001693 seconds
2016-11-15T12:24:14.817+0100: 24852.009: Total time for which application threads were stopped: 0.0015344 seconds, Stopping threads took: 0.0002769 seconds
2016-11-15T12:24:15.818+0100: 24853.011: Total time for which application threads were stopped: 0.0013375 seconds, Stopping threads took: 0.0001530 seconds
2016-11-15T12:24:53.038+0100: 24890.231: Total time for which application threads were stopped: 0.0015430 seconds, Stopping threads took: 0.0002045 seconds
2016-11-15T12:24:58.590+0100: 24895.783: Total time for which application threads were stopped: 0.0015820 seconds, Stopping threads took: 0.0001939 seconds
2016-11-15T12:24:59.592+0100: 24896.784: Total time for which application threads were stopped: 0.0014223 seconds, Stopping threads took: 0.0001526 seconds
2016-11-15T12:25:24.040+0100: 24921.232: Total time for which application threads were stopped: 0.0016394 seconds, Stopping threads took: 0.0001600 seconds
2016-11-15T12:25:24.041+0100: 24921.233: Total time for which application threads were stopped: 0.0006416 seconds, Stopping threads took: 0.0000345 seconds
2016-11-15T12:25:24.042+0100: 24921.234: Total time for which application threads were stopped: 0.0006977 seconds, Stopping threads took: 0.0000329 seconds
2016-11-15T12:25:24.043+0100: 24921.235: Total time for which application threads were stopped: 0.0006413 seconds, Stopping threads took: 0.0000490 seconds
2016-11-15T12:25:24.045+0100: 24921.237: Total time for which application threads were stopped: 0.0007269 seconds, Stopping threads took: 0.0000663 seconds
2016-11-15T12:25:25.046+0100: 24922.239: Total time for which application threads were stopped: 0.0013295 seconds, Stopping threads took: 0.0001456 seconds
2016-11-15T12:25:59.818+0100: 24957.011: Total time for which application threads were stopped: 0.0014476 seconds, Stopping threads took: 0.0001763 seconds
2016-11-15T12:25:59.819+0100: 24957.012: Total time for which application threads were stopped: 0.0006194 seconds, Stopping threads took: 0.0000379 seconds
2016-11-15T12:25:59.820+0100: 24957.012: Total time for which application threads were stopped: 0.0006027 seconds, Stopping threads took: 0.0000310 seconds
2016-11-15T12:26:00.010+0100: 24957.203: Total time for which application threads were stopped: 0.0014077 seconds, Stopping threads took: 0.0001546 seconds
2016-11-15T12:26:04.002+0100: 24961.194: Total time for which application threads were stopped: 0.0017914 seconds, Stopping threads took: 0.0005655 seconds
2016-11-15T12:26:04.002+0100: 24961.195: Total time for which application threads were stopped: 0.0006701 seconds, Stopping threads took: 0.0000732 seconds
2016-11-15T12:26:04.003+0100: 24961.195: Total time for which application threads were stopped: 0.0006487 seconds, Stopping threads took: 0.0000710 seconds
2016-11-15T12:26:04.230+0100: 24961.422: Total time for which application threads were stopped: 0.0009389 seconds, Stopping threads took: 0.0000841 seconds
2016-11-15T12:26:04.231+0100: 24961.423: Total time for which application threads were stopped: 0.0005980 seconds, Stopping threads took: 0.0000324 seconds
2016-11-15T12:26:04.231+0100: 24961.424: Total time for which application threads were stopped: 0.0005974 seconds, Stopping threads took: 0.0000307 seconds
2016-11-15T12:26:04.334+0100: 24961.527: Total time for which application threads were stopped: 0.0009813 seconds, Stopping threads took: 0.0000941 seconds
2016-11-15T12:26:16.336+0100: 24973.529: Total time for which application threads were stopped: 0.0013895 seconds, Stopping threads took: 0.0001681 seconds
2016-11-15T12:26:18.893+0100: 24976.086: Total time for which application threads were stopped: 0.0015136 seconds, Stopping threads took: 0.0001727 seconds
2016-11-15T12:26:18.895+0100: 24976.087: Total time for which application threads were stopped: 0.0006928 seconds, Stopping threads took: 0.0000454 seconds
2016-11-15T12:26:18.895+0100: 24976.088: Total time for which application threads were stopped: 0.0006223 seconds, Stopping threads took: 0.0000323 seconds
2016-11-15T12:26:19.072+0100: 24976.264: Total time for which application threads were stopped: 0.0010815 seconds, Stopping threads took: 0.0000969 seconds
2016-11-15T12:26:38.075+0100: 24995.267: Total time for which application threads were stopped: 0.0013754 seconds, Stopping threads took: 0.0001657 seconds
2016-11-15T12:26:55.077+0100: 25012.270: Total time for which application threads were stopped: 0.0013969 seconds, Stopping threads took: 0.0001707 seconds
2016-11-15T12:27:01.079+0100: 25018.272: Total time for which application threads were stopped: 0.0013569 seconds, Stopping threads took: 0.0001618 seconds
2016-11-15T12:27:05.081+0100: 25022.274: Total time for which application threads were stopped: 0.0014287 seconds, Stopping threads took: 0.0001598 seconds
2016-11-15T12:27:15.083+0100: 25032.276: Total time for which application threads were stopped: 0.0013576 seconds, Stopping threads took: 0.0001619 seconds
2016-11-15T12:27:28.086+0100: 25045.278: Total time for which application threads were stopped: 0.0015502 seconds, Stopping threads took: 0.0001699 seconds
2016-11-15T12:27:32.087+0100: 25049.280: Total time for which application threads were stopped: 0.0013313 seconds, Stopping threads took: 0.0001553 seconds
2016-11-15T12:27:39.214+0100: 25056.407: Total time for which application threads were stopped: 0.0014105 seconds, Stopping threads took: 0.0001598 seconds
2016-11-15T12:27:39.215+0100: 25056.408: Total time for which application threads were stopped: 0.0006061 seconds, Stopping threads took: 0.0000334 seconds
2016-11-15T12:27:39.216+0100: 25056.408: Total time for which application threads were stopped: 0.0005977 seconds, Stopping threads took: 0.0000304 seconds
2016-11-15T12:27:39.381+0100: 25056.574: Total time for which application threads were stopped: 0.0010403 seconds, Stopping threads took: 0.0000902 seconds
2016-11-15T12:27:43.670+0100: 25060.863: Total time for which application threads were stopped: 0.0038601 seconds, Stopping threads took: 0.0001702 seconds
2016-11-15T12:27:43.673+0100: 25060.865: Total time for which application threads were stopped: 0.0028197 seconds, Stopping threads took: 0.0000463 seconds
2016-11-15T12:27:43.676+0100: 25060.868: Total time for which application threads were stopped: 0.0025349 seconds, Stopping threads took: 0.0000453 seconds
2016-11-15T12:27:43.701+0100: 25060.894: Total time for which application threads were stopped: 0.0010257 seconds, Stopping threads took: 0.0000611 seconds
2016-11-15T12:27:43.702+0100: 25060.894: Total time for which application threads were stopped: 0.0006333 seconds, Stopping threads took: 0.0000341 seconds
2016-11-15T12:27:43.703+0100: 25060.895: Total time for which application threads were stopped: 0.0006457 seconds, Stopping threads took: 0.0000393 seconds
2016-11-15T12:27:43.764+0100: 25060.956: [GC pause (G1 Evacuation Pause) (young)
Desired survivor size 80740352 bytes, new threshold 15 (max 15)
- age   1:     120976 bytes,     120976 total
2016-11-15T12:27:43.814+0100: 25061.007: [SoftReference, 0 refs, 0.0047495 secs]2016-11-15T12:27:43.819+0100: 25061.011: [WeakReference, 7 refs, 0.0029156 secs]2016-11-15T12:27:43.822+0100: 25061.014: [FinalReference, 239 refs, 0.0031789 secs]2016-11-15T12:27:43.825+0100: 25061.017: [PhantomReference, 0 refs, 0 refs, 0.0061394 secs]2016-11-15T12:27:43.831+0100: 25061.024: [JNI Weak Reference, 0.0000372 secs], 0.0842782 secs]
   [Parallel Time: 48.2 ms, GC Workers: 43]
      [GC Worker Start (ms): Min: 25060956.6, Avg: 25060957.1, Max: 25060957.6, Diff: 1.0]
      [Ext Root Scanning (ms): Min: 2.0, Avg: 2.6, Max: 5.3, Diff: 3.3, Sum: 111.0]
      [Update RS (ms): Min: 24.1, Avg: 26.6, Max: 28.2, Diff: 4.1, Sum: 1144.5]
         [Processed Buffers: Min: 8, Avg: 13.4, Max: 22, Diff: 14, Sum: 577]
      [Scan RS (ms): Min: 0.1, Avg: 0.8, Max: 1.1, Diff: 1.0, Sum: 34.5]
      [Code Root Scanning (ms): Min: 0.0, Avg: 0.0, Max: 0.4, Diff: 0.4, Sum: 1.0]
      [Object Copy (ms): Min: 15.1, Avg: 16.2, Max: 16.5, Diff: 1.5, Sum: 696.0]
      [Termination (ms): Min: 0.0, Avg: 0.1, Max: 0.1, Diff: 0.1, Sum: 2.7]
         [Termination Attempts: Min: 1, Avg: 12.1, Max: 44, Diff: 43, Sum: 519]
      [GC Worker Other (ms): Min: 0.0, Avg: 0.4, Max: 0.9, Diff: 0.8, Sum: 16.4]
      [GC Worker Total (ms): Min: 45.9, Avg: 46.7, Max: 47.4, Diff: 1.4, Sum: 2006.1]
      [GC Worker End (ms): Min: 25061003.4, Avg: 25061003.7, Max: 25061004.2, Diff: 0.8]
   [Code Root Fixup: 0.1 ms]
   [Code Root Purge: 0.0 ms]
   [String Dedup Fixup: 1.8 ms, GC Workers: 43]
      [Queue Fixup (ms): Min: 0.0, Avg: 0.0, Max: 0.0, Diff: 0.0, Sum: 0.2]
      [Table Fixup (ms): Min: 0.7, Avg: 1.2, Max: 1.7, Diff: 1.0, Sum: 51.7]
   [Clear CT: 7.2 ms]
   [Other: 27.0 ms]
      [Choose CSet: 0.0 ms]
      [Ref Proc: 18.8 ms]
      [Ref Enq: 1.3 ms]
      [Redirty Cards: 1.3 ms]
      [Humongous Register: 0.1 ms]
      [Humongous Reclaim: 0.1 ms]
      [Free CSet: 4.4 ms]
   [Eden: 1215.0M(1215.0M)->0.0B(1195.0M) Survivors: 13.0M->33.0M Heap: 1666.2M(2048.0M)->463.1M(2048.0M)]
 [Times: user=2.37 sys=0.04, real=0.09 secs] 
2016-11-15T12:27:43.848+0100: 25061.041: Total time for which application threads were stopped: 0.0856822 seconds, Stopping threads took: 0.0000696 seconds
2016-11-15T12:27:43.850+0100: 25061.042: Total time for which application threads were stopped: 0.0014731 seconds, Stopping threads took: 0.0001255 seconds
2016-11-15T12:27:43.851+0100: 25061.043: Total time for which application threads were stopped: 0.0007725 seconds, Stopping threads took: 0.0001057 seconds
2016-11-15T12:27:43.852+0100: 25061.044: Total time for which application threads were stopped: 0.0007198 seconds, Stopping threads took: 0.0000887 seconds
2016-11-15T12:27:43.988+0100: 25061.180: Total time for which application threads were stopped: 0.0013256 seconds, Stopping threads took: 0.0001365 seconds
2016-11-15T12:27:43.989+0100: 25061.181: Total time for which application threads were stopped: 0.0006230 seconds, Stopping threads took: 0.0000368 seconds
2016-11-15T12:27:43.989+0100: 25061.182: Total time for which application threads were stopped: 0.0006168 seconds, Stopping threads took: 0.0000359 seconds
2016-11-15T12:27:44.091+0100: 25061.283: Total time for which application threads were stopped: 0.0011666 seconds, Stopping threads took: 0.0001627 seconds
2016-11-15T12:27:47.925+0100: 25065.117: Total time for which application threads were stopped: 0.0014962 seconds, Stopping threads took: 0.0001625 seconds
2016-11-15T12:27:47.926+0100: 25065.118: Total time for which application threads were stopped: 0.0006958 seconds, Stopping threads took: 0.0000428 seconds
2016-11-15T12:27:47.927+0100: 25065.119: Total time for which application threads were stopped: 0.0006176 seconds, Stopping threads took: 0.0000329 seconds
2016-11-15T12:27:48.029+0100: 25065.222: Total time for which application threads were stopped: 0.0008585 seconds, Stopping threads took: 0.0000736 seconds
2016-11-15T12:27:53.031+0100: 25070.224: Total time for which application threads were stopped: 0.0014181 seconds, Stopping threads took: 0.0001690 seconds
2016-11-15T12:28:20.035+0100: 25097.227: Total time for which application threads were stopped: 0.0013720 seconds, Stopping threads took: 0.0001671 seconds
2016-11-15T12:28:50.038+0100: 25127.231: Total time for which application threads were stopped: 0.0014789 seconds, Stopping threads took: 0.0001718 seconds
2016-11-15T12:28:59.040+0100: 25136.233: Total time for which application threads were stopped: 0.0013846 seconds, Stopping threads took: 0.0001547 seconds
2016-11-15T12:29:15.043+0100: 25152.236: Total time for which application threads were stopped: 0.0015245 seconds, Stopping threads took: 0.0001673 seconds
2016-11-15T12:29:39.046+0100: 25176.239: Total time for which application threads were stopped: 0.0014776 seconds, Stopping threads took: 0.0001713 seconds
2016-11-15T12:29:40.048+0100: 25177.240: Total time for which application threads were stopped: 0.0014261 seconds, Stopping threads took: 0.0001606 seconds
2016-11-15T12:30:04.051+0100: 25201.244: Total time for which application threads were stopped: 0.0013847 seconds, Stopping threads took: 0.0001700 seconds
2016-11-15T12:30:37.055+0100: 25234.247: Total time for which application threads were stopped: 0.0014109 seconds, Stopping threads took: 0.0001661 seconds
2016-11-15T12:30:53.305+0100: 25250.498: Total time for which application threads were stopped: 0.0014193 seconds, Stopping threads took: 0.0001680 seconds
2016-11-15T12:30:53.306+0100: 25250.498: Total time for which application threads were stopped: 0.0006171 seconds, Stopping threads took: 0.0000347 seconds
2016-11-15T12:30:53.307+0100: 25250.499: Total time for which application threads were stopped: 0.0006021 seconds, Stopping threads took: 0.0000332 seconds
2016-11-15T12:30:53.503+0100: 25250.696: Total time for which application threads were stopped: 0.0013579 seconds, Stopping threads took: 0.0001479 seconds
2016-11-15T12:32:08.183+0100: 25325.375: Total time for which application threads were stopped: 0.0015485 seconds, Stopping threads took: 0.0001797 seconds
2016-11-15T12:32:08.184+0100: 25325.376: Total time for which application threads were stopped: 0.0007284 seconds, Stopping threads took: 0.0000341 seconds
2016-11-15T12:32:08.185+0100: 25325.377: Total time for which application threads were stopped: 0.0006498 seconds, Stopping threads took: 0.0000322 seconds
2016-11-15T12:32:08.351+0100: 25325.543: Total time for which application threads were stopped: 0.0009564 seconds, Stopping threads took: 0.0000758 seconds
2016-11-15T12:32:27.701+0100: 25344.893: Total time for which application threads were stopped: 0.0014842 seconds, Stopping threads took: 0.0002222 seconds
2016-11-15T12:32:27.702+0100: 25344.894: Total time for which application threads were stopped: 0.0006748 seconds, Stopping threads took: 0.0000812 seconds
2016-11-15T12:32:27.702+0100: 25344.895: Total time for which application threads were stopped: 0.0006499 seconds, Stopping threads took: 0.0000737 seconds
2016-11-15T12:32:27.736+0100: 25344.928: Total time for which application threads were stopped: 0.0007420 seconds, Stopping threads took: 0.0000582 seconds
2016-11-15T12:32:27.737+0100: 25344.929: Total time for which application threads were stopped: 0.0005900 seconds, Stopping threads took: 0.0000347 seconds
2016-11-15T12:32:27.737+0100: 25344.930: Total time for which application threads were stopped: 0.0006006 seconds, Stopping threads took: 0.0000321 seconds
2016-11-15T12:32:27.755+0100: 25344.947: Total time for which application threads were stopped: 0.0007179 seconds, Stopping threads took: 0.0000584 seconds
2016-11-15T12:32:35.757+0100: 25352.949: Total time for which application threads were stopped: 0.0013620 seconds, Stopping threads took: 0.0001682 seconds
2016-11-15T12:32:40.386+0100: 25357.579: Total time for which application threads were stopped: 0.0014185 seconds, Stopping threads took: 0.0001790 seconds
2016-11-15T12:32:40.387+0100: 25357.579: Total time for which application threads were stopped: 0.0006084 seconds, Stopping threads took: 0.0000315 seconds
2016-11-15T12:32:40.388+0100: 25357.580: Total time for which application threads were stopped: 0.0005957 seconds, Stopping threads took: 0.0000297 seconds
2016-11-15T12:32:40.414+0100: 25357.606: Total time for which application threads were stopped: 0.0007806 seconds, Stopping threads took: 0.0000604 seconds
2016-11-15T12:32:40.415+0100: 25357.607: Total time for which application threads were stopped: 0.0005889 seconds, Stopping threads took: 0.0000324 seconds
2016-11-15T12:32:40.415+0100: 25357.608: Total time for which application threads were stopped: 0.0005998 seconds, Stopping threads took: 0.0000323 seconds
2016-11-15T12:32:40.431+0100: 25357.623: Total time for which application threads were stopped: 0.0007522 seconds, Stopping threads took: 0.0000651 seconds
2016-11-15T12:33:40.511+0100: 25417.704: Total time for which application threads were stopped: 0.0015603 seconds, Stopping threads took: 0.0002093 seconds
2016-11-15T12:33:40.512+0100: 25417.704: Total time for which application threads were stopped: 0.0007514 seconds, Stopping threads took: 0.0001235 seconds
2016-11-15T12:33:40.513+0100: 25417.705: Total time for which application threads were stopped: 0.0007690 seconds, Stopping threads took: 0.0001546 seconds
2016-11-15T12:33:40.537+0100: 25417.729: Total time for which application threads were stopped: 0.0007262 seconds, Stopping threads took: 0.0000553 seconds
2016-11-15T12:33:40.538+0100: 25417.730: Total time for which application threads were stopped: 0.0006013 seconds, Stopping threads took: 0.0000334 seconds
2016-11-15T12:33:40.539+0100: 25417.731: Total time for which application threads were stopped: 0.0005950 seconds, Stopping threads took: 0.0000309 seconds
2016-11-15T12:33:40.554+0100: 25417.746: Total time for which application threads were stopped: 0.0008442 seconds, Stopping threads took: 0.0000785 seconds
2016-11-15T12:33:59.556+0100: 25436.749: Total time for which application threads were stopped: 0.0013914 seconds, Stopping threads took: 0.0001706 seconds
2016-11-15T12:34:10.559+0100: 25447.751: Total time for which application threads were stopped: 0.0015502 seconds, Stopping threads took: 0.0001609 seconds
2016-11-15T12:34:25.561+0100: 25462.754: Total time for which application threads were stopped: 0.0014919 seconds, Stopping threads took: 0.0001676 seconds
2016-11-15T12:34:35.993+0100: 25473.186: Total time for which application threads were stopped: 0.0015280 seconds, Stopping threads took: 0.0001625 seconds
2016-11-15T12:34:35.994+0100: 25473.186: Total time for which application threads were stopped: 0.0006919 seconds, Stopping threads took: 0.0000408 seconds
2016-11-15T12:34:35.995+0100: 25473.187: Total time for which application threads were stopped: 0.0009084 seconds, Stopping threads took: 0.0001387 seconds
2016-11-15T12:34:36.206+0100: 25473.399: Total time for which application threads were stopped: 0.0010742 seconds, Stopping threads took: 0.0000946 seconds
2016-11-15T12:34:37.208+0100: 25474.400: Total time for which application threads were stopped: 0.0012661 seconds, Stopping threads took: 0.0001366 seconds
2016-11-15T12:34:38.209+0100: 25475.401: Total time for which application threads were stopped: 0.0012876 seconds, Stopping threads took: 0.0001372 seconds
2016-11-15T12:35:13.892+0100: 25511.084: Total time for which application threads were stopped: 0.0015653 seconds, Stopping threads took: 0.0001666 seconds
2016-11-15T12:35:13.893+0100: 25511.085: Total time for which application threads were stopped: 0.0006554 seconds, Stopping threads took: 0.0000330 seconds
2016-11-15T12:35:13.893+0100: 25511.086: Total time for which application threads were stopped: 0.0006415 seconds, Stopping threads took: 0.0000307 seconds
2016-11-15T12:35:13.932+0100: 25511.125: Total time for which application threads were stopped: 0.0012023 seconds, Stopping threads took: 0.0001136 seconds
2016-11-15T12:35:13.933+0100: 25511.126: Total time for which application threads were stopped: 0.0006545 seconds, Stopping threads took: 0.0000329 seconds
2016-11-15T12:35:13.934+0100: 25511.126: Total time for which application threads were stopped: 0.0007923 seconds, Stopping threads took: 0.0000888 seconds
2016-11-15T12:35:13.976+0100: 25511.168: Total time for which application threads were stopped: 0.0012593 seconds, Stopping threads took: 0.0001179 seconds
2016-11-15T12:35:45.798+0100: 25542.991: Total time for which application threads were stopped: 0.0014394 seconds, Stopping threads took: 0.0001756 seconds
2016-11-15T12:35:45.799+0100: 25542.991: Total time for which application threads were stopped: 0.0006149 seconds, Stopping threads took: 0.0000381 seconds
2016-11-15T12:35:45.800+0100: 25542.992: Total time for which application threads were stopped: 0.0006043 seconds, Stopping threads took: 0.0000339 seconds
2016-11-15T12:35:45.829+0100: 25543.021: Total time for which application threads were stopped: 0.0009108 seconds, Stopping threads took: 0.0000818 seconds
2016-11-15T12:35:45.830+0100: 25543.022: Total time for which application threads were stopped: 0.0006102 seconds, Stopping threads took: 0.0000348 seconds
2016-11-15T12:35:45.830+0100: 25543.023: Total time for which application threads were stopped: 0.0006063 seconds, Stopping threads took: 0.0000299 seconds
2016-11-15T12:35:45.847+0100: 25543.040: Total time for which application threads were stopped: 0.0008856 seconds, Stopping threads took: 0.0000810 seconds
2016-11-15T12:36:04.482+0100: 25561.674: Total time for which application threads were stopped: 0.0015874 seconds, Stopping threads took: 0.0001645 seconds
2016-11-15T12:36:04.483+0100: 25561.675: Total time for which application threads were stopped: 0.0006614 seconds, Stopping threads took: 0.0000347 seconds
2016-11-15T12:36:04.484+0100: 25561.676: Total time for which application threads were stopped: 0.0006342 seconds, Stopping threads took: 0.0000315 seconds
2016-11-15T12:36:06.692+0100: 25563.885: Total time for which application threads were stopped: 0.0037603 seconds, Stopping threads took: 0.0001640 seconds
2016-11-15T12:36:08.344+0100: 25565.537: Total time for which application threads were stopped: 0.0016204 seconds, Stopping threads took: 0.0002122 seconds
2016-11-15T12:36:08.345+0100: 25565.538: Total time for which application threads were stopped: 0.0007820 seconds, Stopping threads took: 0.0001288 seconds
2016-11-15T12:36:08.346+0100: 25565.538: Total time for which application threads were stopped: 0.0007403 seconds, Stopping threads took: 0.0000850 seconds
2016-11-15T12:36:08.382+0100: 25565.574: Total time for which application threads were stopped: 0.0013860 seconds, Stopping threads took: 0.0001873 seconds
2016-11-15T12:36:08.383+0100: 25565.575: Total time for which application threads were stopped: 0.0007649 seconds, Stopping threads took: 0.0001219 seconds
2016-11-15T12:36:08.384+0100: 25565.576: Total time for which application threads were stopped: 0.0007323 seconds, Stopping threads took: 0.0000959 seconds
2016-11-15T12:36:08.399+0100: 25565.592: Total time for which application threads were stopped: 0.0009600 seconds, Stopping threads took: 0.0000789 seconds
2016-11-15T12:36:15.926+0100: 25573.118: Total time for which application threads were stopped: 0.0014337 seconds, Stopping threads took: 0.0001714 seconds
2016-11-15T12:36:15.927+0100: 25573.119: Total time for which application threads were stopped: 0.0006950 seconds, Stopping threads took: 0.0000503 seconds
2016-11-15T12:36:15.928+0100: 25573.120: Total time for which application threads were stopped: 0.0005902 seconds, Stopping threads took: 0.0000302 seconds
2016-11-15T12:36:16.580+0100: 25573.772: Total time for which application threads were stopped: 0.0013414 seconds, Stopping threads took: 0.0001587 seconds
2016-11-15T12:36:57.585+0100: 25614.777: Total time for which application threads were stopped: 0.0015035 seconds, Stopping threads took: 0.0001698 seconds
2016-11-15T12:37:06.587+0100: 25623.779: Total time for which application threads were stopped: 0.0015182 seconds, Stopping threads took: 0.0001602 seconds
2016-11-15T12:37:31.590+0100: 25648.783: Total time for which application threads were stopped: 0.0014782 seconds, Stopping threads took: 0.0001646 seconds
2016-11-15T12:37:34.577+0100: 25651.769: Total time for which application threads were stopped: 0.0014714 seconds, Stopping threads took: 0.0001630 seconds
2016-11-15T12:37:34.578+0100: 25651.770: Total time for which application threads were stopped: 0.0006613 seconds, Stopping threads took: 0.0000341 seconds
2016-11-15T12:37:34.579+0100: 25651.771: Total time for which application threads were stopped: 0.0006323 seconds, Stopping threads took: 0.0000326 seconds
2016-11-15T12:37:34.902+0100: 25652.095: Total time for which application threads were stopped: 0.0010842 seconds, Stopping threads took: 0.0001040 seconds
2016-11-15T12:37:40.510+0100: 25657.703: Total time for which application threads were stopped: 0.0015305 seconds, Stopping threads took: 0.0001652 seconds
2016-11-15T12:37:40.512+0100: 25657.704: Total time for which application threads were stopped: 0.0007572 seconds, Stopping threads took: 0.0000505 seconds
2016-11-15T12:37:40.513+0100: 25657.705: Total time for which application threads were stopped: 0.0006413 seconds, Stopping threads took: 0.0000309 seconds
2016-11-15T12:37:40.675+0100: 25657.868: Total time for which application threads were stopped: 0.0008637 seconds, Stopping threads took: 0.0000713 seconds
2016-11-15T12:38:00.678+0100: 25677.871: Total time for which application threads were stopped: 0.0016658 seconds, Stopping threads took: 0.0001603 seconds
2016-11-15T12:38:10.157+0100: 25687.349: [GC pause (G1 Evacuation Pause) (young)
Desired survivor size 80740352 bytes, new threshold 15 (max 15)
- age   1:   20298712 bytes,   20298712 total
- age   2:      19824 bytes,   20318536 total
2016-11-15T12:38:10.191+0100: 25687.384: [SoftReference, 0 refs, 0.0049225 secs]2016-11-15T12:38:10.196+0100: 25687.389: [WeakReference, 0 refs, 0.0030324 secs]2016-11-15T12:38:10.199+0100: 25687.392: [FinalReference, 303 refs, 0.0038914 secs]2016-11-15T12:38:10.203+0100: 25687.396: [PhantomReference, 0 refs, 0 refs, 0.0057935 secs]2016-11-15T12:38:10.209+0100: 25687.401: [JNI Weak Reference, 0.0000331 secs], 0.0690312 secs]
   [Parallel Time: 31.6 ms, GC Workers: 43]
      [GC Worker Start (ms): Min: 25687349.6, Avg: 25687350.1, Max: 25687350.6, Diff: 1.0]
      [Ext Root Scanning (ms): Min: 1.9, Avg: 2.5, Max: 6.4, Diff: 4.6, Sum: 109.2]
      [Update RS (ms): Min: 1.0, Avg: 4.6, Max: 6.6, Diff: 5.6, Sum: 196.7]
         [Processed Buffers: Min: 2, Avg: 5.6, Max: 15, Diff: 13, Sum: 239]
      [Scan RS (ms): Min: 0.1, Avg: 0.8, Max: 1.0, Diff: 0.8, Sum: 32.6]
      [Code Root Scanning (ms): Min: 0.0, Avg: 0.0, Max: 0.1, Diff: 0.1, Sum: 1.0]
      [Object Copy (ms): Min: 20.1, Avg: 21.6, Max: 22.0, Diff: 1.8, Sum: 928.3]
      [Termination (ms): Min: 0.0, Avg: 0.1, Max: 0.2, Diff: 0.2, Sum: 4.8]
         [Termination Attempts: Min: 1, Avg: 20.9, Max: 43, Diff: 42, Sum: 900]
      [GC Worker Other (ms): Min: 0.0, Avg: 0.4, Max: 0.8, Diff: 0.8, Sum: 17.0]
      [GC Worker Total (ms): Min: 29.2, Avg: 30.0, Max: 30.7, Diff: 1.5, Sum: 1289.7]
      [GC Worker End (ms): Min: 25687379.7, Avg: 25687380.1, Max: 25687380.5, Diff: 0.8]
   [Code Root Fixup: 0.2 ms]
   [Code Root Purge: 0.0 ms]
   [String Dedup Fixup: 2.3 ms, GC Workers: 43]
      [Queue Fixup (ms): Min: 0.0, Avg: 0.0, Max: 0.0, Diff: 0.0, Sum: 0.1]
      [Table Fixup (ms): Min: 0.0, Avg: 1.1, Max: 1.7, Diff: 1.7, Sum: 45.8]
   [Clear CT: 6.7 ms]
   [Other: 28.2 ms]
      [Choose CSet: 0.0 ms]
      [Ref Proc: 20.1 ms]
      [Ref Enq: 1.2 ms]
      [Redirty Cards: 1.3 ms]
      [Humongous Register: 0.1 ms]
      [Humongous Reclaim: 0.1 ms]
      [Free CSet: 4.4 ms]
   [Eden: 1195.0M(1195.0M)->0.0B(1158.0M) Survivors: 33.0M->70.0M Heap: 1665.1M(2048.0M)->503.5M(2048.0M)]
 [Times: user=1.63 sys=0.03, real=0.07 secs] 
2016-11-15T12:38:10.226+0100: 25687.418: Total time for which application threads were stopped: 0.0712533 seconds, Stopping threads took: 0.0001718 seconds
2016-11-15T12:38:10.226+0100: 25687.419: [GC concurrent-string-deduplication, 960.0B->40.0B(920.0B), avg 86.4%, 0.0000348 secs]
2016-11-15T12:38:10.228+0100: 25687.420: Total time for which application threads were stopped: 0.0017506 seconds, Stopping threads took: 0.0000653 seconds
2016-11-15T12:38:10.229+0100: 25687.421: Total time for which application threads were stopped: 0.0007220 seconds, Stopping threads took: 0.0000609 seconds
2016-11-15T12:38:10.232+0100: 25687.424: Total time for which application threads were stopped: 0.0031971 seconds, Stopping threads took: 0.0000515 seconds
2016-11-15T12:38:16.810+0100: 25694.003: Total time for which application threads were stopped: 0.0042012 seconds, Stopping threads took: 0.0002065 seconds
2016-11-15T12:38:16.814+0100: 25694.007: Total time for which application threads were stopped: 0.0033921 seconds, Stopping threads took: 0.0001067 seconds
2016-11-15T12:38:16.818+0100: 25694.010: Total time for which application threads were stopped: 0.0030348 seconds, Stopping threads took: 0.0000450 seconds
2016-11-15T12:38:16.847+0100: 25694.040: Total time for which application threads were stopped: 0.0010916 seconds, Stopping threads took: 0.0000631 seconds
2016-11-15T12:38:16.848+0100: 25694.040: Total time for which application threads were stopped: 0.0006706 seconds, Stopping threads took: 0.0000295 seconds
2016-11-15T12:38:16.849+0100: 25694.041: Total time for which application threads were stopped: 0.0006900 seconds, Stopping threads took: 0.0000337 seconds
2016-11-15T12:38:16.915+0100: 25694.107: Total time for which application threads were stopped: 0.0009532 seconds, Stopping threads took: 0.0000737 seconds
2016-11-15T12:38:33.918+0100: 25711.110: Total time for which application threads were stopped: 0.0015951 seconds, Stopping threads took: 0.0001762 seconds
2016-11-15T12:38:42.220+0100: 25719.413: Total time for which application threads were stopped: 0.0016708 seconds, Stopping threads took: 0.0001951 seconds
2016-11-15T12:38:47.575+0100: 25724.768: Total time for which application threads were stopped: 0.0015470 seconds, Stopping threads took: 0.0001696 seconds
2016-11-15T12:38:57.577+0100: 25734.770: Total time for which application threads were stopped: 0.0015448 seconds, Stopping threads took: 0.0001636 seconds
2016-11-15T12:38:57.578+0100: 25734.771: Total time for which application threads were stopped: 0.0006737 seconds, Stopping threads took: 0.0000409 seconds
2016-11-15T12:39:17.581+0100: 25754.774: Total time for which application threads were stopped: 0.0015621 seconds, Stopping threads took: 0.0001679 seconds
2016-11-15T12:39:18.583+0100: 25755.775: Total time for which application threads were stopped: 0.0015527 seconds, Stopping threads took: 0.0002072 seconds
2016-11-15T12:39:30.880+0100: 25768.073: Total time for which application threads were stopped: 0.0015304 seconds, Stopping threads took: 0.0001742 seconds
2016-11-15T12:39:52.996+0100: 25790.188: Total time for which application threads were stopped: 0.0015259 seconds, Stopping threads took: 0.0001659 seconds
2016-11-15T12:39:52.996+0100: 25790.189: Total time for which application threads were stopped: 0.0006431 seconds, Stopping threads took: 0.0000328 seconds
2016-11-15T12:39:52.997+0100: 25790.190: Total time for which application threads were stopped: 0.0006244 seconds, Stopping threads took: 0.0000330 seconds
2016-11-15T12:39:53.214+0100: 25790.406: Total time for which application threads were stopped: 0.0009570 seconds, Stopping threads took: 0.0000845 seconds
2016-11-15T12:40:10.048+0100: 25807.240: Total time for which application threads were stopped: 0.0014115 seconds, Stopping threads took: 0.0001570 seconds
2016-11-15T12:40:10.049+0100: 25807.242: Total time for which application threads were stopped: 0.0006525 seconds, Stopping threads took: 0.0000407 seconds
2016-11-15T12:40:10.050+0100: 25807.242: Total time for which application threads were stopped: 0.0005961 seconds, Stopping threads took: 0.0000299 seconds
2016-11-15T12:40:10.142+0100: 25807.334: Total time for which application threads were stopped: 0.0007899 seconds, Stopping threads took: 0.0000628 seconds
2016-11-15T12:40:19.887+0100: 25817.080: Total time for which application threads were stopped: 0.0013996 seconds, Stopping threads took: 0.0001678 seconds
2016-11-15T12:40:19.888+0100: 25817.081: Total time for which application threads were stopped: 0.0006102 seconds, Stopping threads took: 0.0000324 seconds
2016-11-15T12:40:19.889+0100: 25817.081: Total time for which application threads were stopped: 0.0005995 seconds, Stopping threads took: 0.0000298 seconds
2016-11-15T12:40:20.124+0100: 25817.316: Total time for which application threads were stopped: 0.0008623 seconds, Stopping threads took: 0.0000748 seconds
2016-11-15T12:40:32.126+0100: 25829.318: Total time for which application threads were stopped: 0.0013704 seconds, Stopping threads took: 0.0001597 seconds
2016-11-15T12:40:56.075+0100: 25853.267: Total time for which application threads were stopped: 0.0014416 seconds, Stopping threads took: 0.0001808 seconds
2016-11-15T12:40:56.076+0100: 25853.268: Total time for which application threads were stopped: 0.0006214 seconds, Stopping threads took: 0.0000516 seconds
2016-11-15T12:40:56.076+0100: 25853.269: Total time for which application threads were stopped: 0.0006090 seconds, Stopping threads took: 0.0000362 seconds
2016-11-15T12:40:56.101+0100: 25853.293: Total time for which application threads were stopped: 0.0007203 seconds, Stopping threads took: 0.0000595 seconds
2016-11-15T12:40:56.101+0100: 25853.294: Total time for which application threads were stopped: 0.0005999 seconds, Stopping threads took: 0.0000354 seconds
2016-11-15T12:40:56.102+0100: 25853.294: Total time for which application threads were stopped: 0.0006184 seconds, Stopping threads took: 0.0000355 seconds
2016-11-15T12:40:56.115+0100: 25853.308: Total time for which application threads were stopped: 0.0007037 seconds, Stopping threads took: 0.0000594 seconds
2016-11-15T12:41:06.119+0100: 25863.311: Total time for which application threads were stopped: 0.0014360 seconds, Stopping threads took: 0.0001854 seconds
2016-11-15T12:41:06.120+0100: 25863.312: Total time for which application threads were stopped: 0.0008809 seconds, Stopping threads took: 0.0001281 seconds
2016-11-15T12:41:06.121+0100: 25863.313: Total time for which application threads were stopped: 0.0006351 seconds, Stopping threads took: 0.0000353 seconds
2016-11-15T12:41:06.149+0100: 25863.342: Total time for which application threads were stopped: 0.0007332 seconds, Stopping threads took: 0.0000688 seconds
2016-11-15T12:41:06.150+0100: 25863.343: Total time for which application threads were stopped: 0.0005998 seconds, Stopping threads took: 0.0000371 seconds
2016-11-15T12:41:06.151+0100: 25863.343: Total time for which application threads were stopped: 0.0005869 seconds, Stopping threads took: 0.0000317 seconds
2016-11-15T12:41:06.165+0100: 25863.358: Total time for which application threads were stopped: 0.0006534 seconds, Stopping threads took: 0.0000545 seconds
2016-11-15T12:41:13.167+0100: 25870.360: Total time for which application threads were stopped: 0.0013614 seconds, Stopping threads took: 0.0001612 seconds
2016-11-15T12:41:13.806+0100: 25870.998: Total time for which application threads were stopped: 0.0015202 seconds, Stopping threads took: 0.0001517 seconds
2016-11-15T12:41:13.807+0100: 25870.999: Total time for which application threads were stopped: 0.0007363 seconds, Stopping threads took: 0.0000954 seconds
2016-11-15T12:41:13.808+0100: 25871.000: Total time for which application threads were stopped: 0.0007013 seconds, Stopping threads took: 0.0000780 seconds
2016-11-15T12:41:14.038+0100: 25871.231: Total time for which application threads were stopped: 0.0008948 seconds, Stopping threads took: 0.0000787 seconds
2016-11-15T12:41:15.039+0100: 25872.232: Total time for which application threads were stopped: 0.0012055 seconds, Stopping threads took: 0.0001375 seconds
2016-11-15T12:41:21.234+0100: 25878.427: Total time for which application threads were stopped: 0.0014311 seconds, Stopping threads took: 0.0001614 seconds
2016-11-15T12:41:21.235+0100: 25878.427: Total time for which application threads were stopped: 0.0006351 seconds, Stopping threads took: 0.0000349 seconds
2016-11-15T12:41:21.236+0100: 25878.428: Total time for which application threads were stopped: 0.0005950 seconds, Stopping threads took: 0.0000311 seconds
2016-11-15T12:41:21.269+0100: 25878.461: Total time for which application threads were stopped: 0.0007146 seconds, Stopping threads took: 0.0000610 seconds
2016-11-15T12:41:21.269+0100: 25878.462: Total time for which application threads were stopped: 0.0005863 seconds, Stopping threads took: 0.0000318 seconds
2016-11-15T12:41:21.270+0100: 25878.462: Total time for which application threads were stopped: 0.0006108 seconds, Stopping threads took: 0.0000309 seconds
2016-11-15T12:41:21.370+0100: 25878.562: Total time for which application threads were stopped: 0.0009374 seconds, Stopping threads took: 0.0000850 seconds
2016-11-15T12:41:21.416+0100: 25878.609: Total time for which application threads were stopped: 0.0007277 seconds, Stopping threads took: 0.0000594 seconds
2016-11-15T12:41:24.171+0100: 25881.363: Total time for which application threads were stopped: 0.0014148 seconds, Stopping threads took: 0.0001776 seconds
2016-11-15T12:41:24.173+0100: 25881.365: Total time for which application threads were stopped: 0.0006986 seconds, Stopping threads took: 0.0000497 seconds
2016-11-15T12:41:24.173+0100: 25881.366: Total time for which application threads were stopped: 0.0005951 seconds, Stopping threads took: 0.0000343 seconds
2016-11-15T12:41:24.225+0100: 25881.418: Total time for which application threads were stopped: 0.0007512 seconds, Stopping threads took: 0.0000655 seconds
2016-11-15T12:41:25.227+0100: 25882.419: Total time for which application threads were stopped: 0.0013245 seconds, Stopping threads took: 0.0001438 seconds
2016-11-15T12:41:46.830+0100: 25904.023: Total time for which application threads were stopped: 0.0015618 seconds, Stopping threads took: 0.0001847 seconds
2016-11-15T12:41:46.831+0100: 25904.024: Total time for which application threads were stopped: 0.0007043 seconds, Stopping threads took: 0.0000620 seconds
2016-11-15T12:41:46.832+0100: 25904.024: Total time for which application threads were stopped: 0.0006768 seconds, Stopping threads took: 0.0000988 seconds
2016-11-15T12:41:47.066+0100: 25904.259: Total time for which application threads were stopped: 0.0013906 seconds, Stopping threads took: 0.0001618 seconds
2016-11-15T12:41:47.067+0100: 25904.260: Total time for which application threads were stopped: 0.0006149 seconds, Stopping threads took: 0.0000390 seconds
2016-11-15T12:41:47.068+0100: 25904.260: Total time for which application threads were stopped: 0.0006082 seconds, Stopping threads took: 0.0000338 seconds
2016-11-15T12:41:47.166+0100: 25904.359: Total time for which application threads were stopped: 0.0007908 seconds, Stopping threads took: 0.0000666 seconds
2016-11-15T12:41:51.018+0100: 25908.210: Total time for which application threads were stopped: 0.0013912 seconds, Stopping threads took: 0.0001619 seconds
2016-11-15T12:41:51.019+0100: 25908.212: Total time for which application threads were stopped: 0.0006137 seconds, Stopping threads took: 0.0000333 seconds
2016-11-15T12:41:51.020+0100: 25908.212: Total time for which application threads were stopped: 0.0005963 seconds, Stopping threads took: 0.0000304 seconds
2016-11-15T12:41:51.139+0100: 25908.332: Total time for which application threads were stopped: 0.0008657 seconds, Stopping threads took: 0.0000750 seconds
2016-11-15T12:41:52.423+0100: 25909.616: [GC pause (G1 Evacuation Pause) (young)
Desired survivor size 80740352 bytes, new threshold 15 (max 15)
- age   1:    8944008 bytes,    8944008 total
- age   2:   19602296 bytes,   28546304 total
- age   3:      19776 bytes,   28566080 total
2016-11-15T12:41:52.455+0100: 25909.647: [SoftReference, 0 refs, 0.0057775 secs]2016-11-15T12:41:52.460+0100: 25909.653: [WeakReference, 7 refs, 0.0030972 secs]2016-11-15T12:41:52.464+0100: 25909.656: [FinalReference, 230 refs, 0.0038525 secs]2016-11-15T12:41:52.467+0100: 25909.660: [PhantomReference, 0 refs, 0 refs, 0.0063030 secs]2016-11-15T12:41:52.474+0100: 25909.666: [JNI Weak Reference, 0.0000287 secs], 0.0678894 secs]
   [Parallel Time: 28.9 ms, GC Workers: 43]
      [GC Worker Start (ms): Min: 25909616.1, Avg: 25909616.6, Max: 25909617.1, Diff: 1.0]
      [Ext Root Scanning (ms): Min: 1.9, Avg: 2.6, Max: 6.2, Diff: 4.2, Sum: 111.7]
      [Update RS (ms): Min: 1.1, Avg: 4.3, Max: 6.5, Diff: 5.5, Sum: 185.4]
         [Processed Buffers: Min: 1, Avg: 5.2, Max: 15, Diff: 14, Sum: 224]
      [Scan RS (ms): Min: 0.1, Avg: 0.7, Max: 1.0, Diff: 0.9, Sum: 31.4]
      [Code Root Scanning (ms): Min: 0.0, Avg: 0.0, Max: 0.1, Diff: 0.1, Sum: 0.9]
      [Object Copy (ms): Min: 17.5, Avg: 19.0, Max: 19.4, Diff: 1.8, Sum: 819.1]
      [Termination (ms): Min: 0.0, Avg: 0.0, Max: 0.1, Diff: 0.1, Sum: 1.5]
         [Termination Attempts: Min: 1, Avg: 6.0, Max: 25, Diff: 24, Sum: 259]
      [GC Worker Other (ms): Min: 0.1, Avg: 0.4, Max: 0.9, Diff: 0.8, Sum: 17.8]
      [GC Worker Total (ms): Min: 26.4, Avg: 27.2, Max: 27.9, Diff: 1.5, Sum: 1167.9]
      [GC Worker End (ms): Min: 25909643.4, Avg: 25909643.8, Max: 25909644.3, Diff: 0.9]
   [Code Root Fixup: 0.2 ms]
   [Code Root Purge: 0.0 ms]
   [String Dedup Fixup: 2.3 ms, GC Workers: 43]
      [Queue Fixup (ms): Min: 0.0, Avg: 0.1, Max: 0.4, Diff: 0.4, Sum: 4.4]
      [Table Fixup (ms): Min: 0.9, Avg: 1.2, Max: 1.5, Diff: 0.5, Sum: 52.9]
   [Clear CT: 6.7 ms]
   [Other: 29.7 ms]
      [Choose CSet: 0.0 ms]
      [Ref Proc: 21.1 ms]
      [Ref Enq: 1.9 ms]
      [Redirty Cards: 1.4 ms]
      [Humongous Register: 0.1 ms]
      [Humongous Reclaim: 0.1 ms]
      [Free CSet: 4.4 ms]
   [Eden: 1158.0M(1158.0M)->0.0B(1153.0M) Survivors: 70.0M->75.0M Heap: 1666.5M(2048.0M)->510.6M(2048.0M)]
 [Times: user=1.57 sys=0.01, real=0.07 secs] 
2016-11-15T12:41:52.491+0100: 25909.684: Total time for which application threads were stopped: 0.0699892 seconds, Stopping threads took: 0.0001617 seconds
2016-11-15T12:41:52.493+0100: 25909.686: Total time for which application threads were stopped: 0.0014182 seconds, Stopping threads took: 0.0001371 seconds
2016-11-15T12:41:52.494+0100: 25909.686: Total time for which application threads were stopped: 0.0007821 seconds, Stopping threads took: 0.0001246 seconds
2016-11-15T12:41:52.495+0100: 25909.687: Total time for which application threads were stopped: 0.0007649 seconds, Stopping threads took: 0.0001006 seconds
2016-11-15T12:41:52.496+0100: 25909.688: Total time for which application threads were stopped: 0.0007949 seconds, Stopping threads took: 0.0001665 seconds
2016-11-15T12:41:52.549+0100: 25909.741: [GC concurrent-string-deduplication, 7478.6K->4792.0B(7473.9K), avg 87.3%, 0.0530926 secs]
2016-11-15T12:42:00.498+0100: 25917.690: Total time for which application threads were stopped: 0.0014730 seconds, Stopping threads took: 0.0001665 seconds
2016-11-15T12:42:15.554+0100: 25932.747: Total time for which application threads were stopped: 0.0015228 seconds, Stopping threads took: 0.0001692 seconds
2016-11-15T12:42:15.556+0100: 25932.748: Total time for which application threads were stopped: 0.0006522 seconds, Stopping threads took: 0.0000409 seconds
2016-11-15T12:42:15.556+0100: 25932.749: Total time for which application threads were stopped: 0.0005955 seconds, Stopping threads took: 0.0000360 seconds
2016-11-15T12:42:15.652+0100: 25932.844: Total time for which application threads were stopped: 0.0008605 seconds, Stopping threads took: 0.0000695 seconds
2016-11-15T12:42:23.841+0100: 25941.033: Total time for which application threads were stopped: 0.0014157 seconds, Stopping threads took: 0.0001651 seconds
2016-11-15T12:42:23.842+0100: 25941.034: Total time for which application threads were stopped: 0.0006112 seconds, Stopping threads took: 0.0000338 seconds
2016-11-15T12:42:23.842+0100: 25941.035: Total time for which application threads were stopped: 0.0006232 seconds, Stopping threads took: 0.0000550 seconds
2016-11-15T12:42:23.892+0100: 25941.084: Total time for which application threads were stopped: 0.0008596 seconds, Stopping threads took: 0.0000728 seconds
2016-11-15T12:42:46.894+0100: 25964.087: Total time for which application threads were stopped: 0.0015026 seconds, Stopping threads took: 0.0001726 seconds
2016-11-15T12:42:57.897+0100: 25975.089: Total time for which application threads were stopped: 0.0013787 seconds, Stopping threads took: 0.0001669 seconds
2016-11-15T12:43:07.040+0100: 25984.232: Total time for which application threads were stopped: 0.0015308 seconds, Stopping threads took: 0.0001955 seconds
2016-11-15T12:43:08.305+0100: 25985.498: Total time for which application threads were stopped: 0.0013798 seconds, Stopping threads took: 0.0001431 seconds
2016-11-15T12:43:08.307+0100: 25985.499: Total time for which application threads were stopped: 0.0006562 seconds, Stopping threads took: 0.0000376 seconds
2016-11-15T12:43:08.307+0100: 25985.500: Total time for which application threads were stopped: 0.0006246 seconds, Stopping threads took: 0.0000347 seconds
2016-11-15T12:43:08.397+0100: 25985.589: Total time for which application threads were stopped: 0.0009342 seconds, Stopping threads took: 0.0000746 seconds
2016-11-15T12:43:12.363+0100: 25989.555: Total time for which application threads were stopped: 0.0014925 seconds, Stopping threads took: 0.0001591 seconds
2016-11-15T12:43:22.364+0100: 25999.557: Total time for which application threads were stopped: 0.0014409 seconds, Stopping threads took: 0.0001589 seconds
2016-11-15T12:43:22.365+0100: 25999.558: Total time for which application threads were stopped: 0.0006038 seconds, Stopping threads took: 0.0000340 seconds
2016-11-15T12:43:44.404+0100: 26021.596: Total time for which application threads were stopped: 0.0014227 seconds, Stopping threads took: 0.0001625 seconds
2016-11-15T12:43:44.405+0100: 26021.597: Total time for which application threads were stopped: 0.0006373 seconds, Stopping threads took: 0.0000374 seconds
2016-11-15T12:43:44.406+0100: 26021.598: Total time for which application threads were stopped: 0.0006372 seconds, Stopping threads took: 0.0000356 seconds
2016-11-15T12:43:44.512+0100: 26021.704: Total time for which application threads were stopped: 0.0008269 seconds, Stopping threads took: 0.0000724 seconds
2016-11-15T12:43:53.411+0100: 26030.603: Total time for which application threads were stopped: 0.0013979 seconds, Stopping threads took: 0.0001547 seconds
2016-11-15T12:43:53.412+0100: 26030.604: Total time for which application threads were stopped: 0.0006139 seconds, Stopping threads took: 0.0000349 seconds
2016-11-15T12:43:53.412+0100: 26030.605: Total time for which application threads were stopped: 0.0005897 seconds, Stopping threads took: 0.0000300 seconds
2016-11-15T12:43:53.509+0100: 26030.701: Total time for which application threads were stopped: 0.0008122 seconds, Stopping threads took: 0.0000676 seconds
2016-11-15T12:45:04.761+0100: 26101.953: Total time for which application threads were stopped: 0.0037566 seconds, Stopping threads took: 0.0001582 seconds
2016-11-15T12:45:04.764+0100: 26101.956: Total time for which application threads were stopped: 0.0027946 seconds, Stopping threads took: 0.0000439 seconds
2016-11-15T12:45:04.766+0100: 26101.959: Total time for which application threads were stopped: 0.0025186 seconds, Stopping threads took: 0.0000421 seconds
2016-11-15T12:45:04.838+0100: 26102.030: Total time for which application threads were stopped: 0.0010533 seconds, Stopping threads took: 0.0000678 seconds
2016-11-15T12:45:04.839+0100: 26102.031: Total time for which application threads were stopped: 0.0006143 seconds, Stopping threads took: 0.0000361 seconds
2016-11-15T12:45:04.839+0100: 26102.032: Total time for which application threads were stopped: 0.0006234 seconds, Stopping threads took: 0.0000296 seconds
2016-11-15T12:45:04.999+0100: 26102.192: Total time for which application threads were stopped: 0.0027203 seconds, Stopping threads took: 0.0000645 seconds
2016-11-15T12:45:43.004+0100: 26140.196: Total time for which application threads were stopped: 0.0013959 seconds, Stopping threads took: 0.0001611 seconds
2016-11-15T12:46:45.629+0100: 26202.821: Total time for which application threads were stopped: 0.0014408 seconds, Stopping threads took: 0.0001677 seconds
2016-11-15T12:46:45.630+0100: 26202.823: Total time for which application threads were stopped: 0.0006615 seconds, Stopping threads took: 0.0000517 seconds
2016-11-15T12:46:45.631+0100: 26202.823: Total time for which application threads were stopped: 0.0005904 seconds, Stopping threads took: 0.0000327 seconds
2016-11-15T12:46:45.724+0100: 26202.917: Total time for which application threads were stopped: 0.0009428 seconds, Stopping threads took: 0.0000879 seconds
2016-11-15T12:47:50.730+0100: 26267.923: Total time for which application threads were stopped: 0.0014253 seconds, Stopping threads took: 0.0001670 seconds
2016-11-15T12:48:03.733+0100: 26280.925: Total time for which application threads were stopped: 0.0014190 seconds, Stopping threads took: 0.0001650 seconds
2016-11-15T12:48:11.735+0100: 26288.928: Total time for which application threads were stopped: 0.0014304 seconds, Stopping threads took: 0.0001679 seconds
2016-11-15T12:48:29.738+0100: 26306.930: Total time for which application threads were stopped: 0.0013875 seconds, Stopping threads took: 0.0001727 seconds
2016-11-15T12:48:31.740+0100: 26308.932: Total time for which application threads were stopped: 0.0015281 seconds, Stopping threads took: 0.0001792 seconds
2016-11-15T12:48:40.942+0100: 26318.135: Total time for which application threads were stopped: 0.0014182 seconds, Stopping threads took: 0.0001723 seconds
2016-11-15T12:48:40.943+0100: 26318.135: Total time for which application threads were stopped: 0.0006069 seconds, Stopping threads took: 0.0000330 seconds
2016-11-15T12:48:40.944+0100: 26318.136: Total time for which application threads were stopped: 0.0006056 seconds, Stopping threads took: 0.0000317 seconds
2016-11-15T12:48:41.042+0100: 26318.235: Total time for which application threads were stopped: 0.0012139 seconds, Stopping threads took: 0.0001270 seconds
2016-11-15T12:48:49.045+0100: 26326.237: Total time for which application threads were stopped: 0.0014832 seconds, Stopping threads took: 0.0001698 seconds
2016-11-15T12:50:09.791+0100: 26406.984: Total time for which application threads were stopped: 0.0014306 seconds, Stopping threads took: 0.0001676 seconds
2016-11-15T12:50:09.792+0100: 26406.985: Total time for which application threads were stopped: 0.0006200 seconds, Stopping threads took: 0.0000342 seconds
2016-11-15T12:50:09.793+0100: 26406.985: Total time for which application threads were stopped: 0.0006543 seconds, Stopping threads took: 0.0000491 seconds
2016-11-15T12:50:09.825+0100: 26407.018: Total time for which application threads were stopped: 0.0007091 seconds, Stopping threads took: 0.0000601 seconds
2016-11-15T12:50:20.827+0100: 26418.020: Total time for which application threads were stopped: 0.0013935 seconds, Stopping threads took: 0.0001651 seconds
2016-11-15T12:50:41.830+0100: 26439.023: Total time for which application threads were stopped: 0.0013937 seconds, Stopping threads took: 0.0001770 seconds
2016-11-15T12:51:17.834+0100: 26475.027: Total time for which application threads were stopped: 0.0014060 seconds, Stopping threads took: 0.0001644 seconds
2016-11-15T12:51:35.321+0100: 26492.513: [GC pause (G1 Evacuation Pause) (young)
Desired survivor size 80740352 bytes, new threshold 15 (max 15)
- age   1:    4210352 bytes,    4210352 total
- age   2:    8699200 bytes,   12909552 total
- age   3:   19596144 bytes,   32505696 total
- age   4:      18856 bytes,   32524552 total
2016-11-15T12:51:35.354+0100: 26492.547: [SoftReference, 0 refs, 0.0049391 secs]2016-11-15T12:51:35.359+0100: 26492.552: [WeakReference, 3 refs, 0.0032109 secs]2016-11-15T12:51:35.363+0100: 26492.555: [FinalReference, 196 refs, 0.0032597 secs]2016-11-15T12:51:35.366+0100: 26492.558: [PhantomReference, 0 refs, 0 refs, 0.0061115 secs]2016-11-15T12:51:35.372+0100: 26492.564: [JNI Weak Reference, 0.0000304 secs], 0.0674686 secs]
   [Parallel Time: 31.1 ms, GC Workers: 43]
      [GC Worker Start (ms): Min: 26492513.8, Avg: 26492514.4, Max: 26492514.8, Diff: 1.0]
      [Ext Root Scanning (ms): Min: 1.9, Avg: 2.5, Max: 5.1, Diff: 3.2, Sum: 108.0]
      [Update RS (ms): Min: 2.3, Avg: 4.4, Max: 6.5, Diff: 4.2, Sum: 190.3]
         [Processed Buffers: Min: 1, Avg: 5.0, Max: 12, Diff: 11, Sum: 217]
      [Scan RS (ms): Min: 0.1, Avg: 0.7, Max: 0.9, Diff: 0.8, Sum: 30.6]
      [Code Root Scanning (ms): Min: 0.0, Avg: 0.0, Max: 0.3, Diff: 0.3, Sum: 1.5]
      [Object Copy (ms): Min: 20.4, Avg: 21.6, Max: 21.9, Diff: 1.5, Sum: 930.4]
      [Termination (ms): Min: 0.0, Avg: 0.1, Max: 0.2, Diff: 0.2, Sum: 4.9]
         [Termination Attempts: Min: 1, Avg: 14.2, Max: 37, Diff: 36, Sum: 610]
      [GC Worker Other (ms): Min: 0.0, Avg: 0.4, Max: 0.9, Diff: 0.9, Sum: 19.3]
      [GC Worker Total (ms): Min: 29.0, Avg: 29.9, Max: 30.8, Diff: 1.8, Sum: 1285.1]
      [GC Worker End (ms): Min: 26492543.8, Avg: 26492544.2, Max: 26492544.7, Diff: 0.9]
   [Code Root Fixup: 0.2 ms]
   [Code Root Purge: 0.0 ms]
   [String Dedup Fixup: 2.2 ms, GC Workers: 43]
      [Queue Fixup (ms): Min: 0.0, Avg: 0.0, Max: 0.3, Diff: 0.3, Sum: 1.7]
      [Table Fixup (ms): Min: 0.8, Avg: 1.2, Max: 1.5, Diff: 0.7, Sum: 51.0]
   [Clear CT: 6.7 ms]
   [Other: 27.3 ms]
      [Choose CSet: 0.0 ms]
      [Ref Proc: 19.5 ms]
      [Ref Enq: 1.1 ms]
      [Redirty Cards: 1.2 ms]
      [Humongous Register: 0.1 ms]
      [Humongous Reclaim: 0.1 ms]
      [Free CSet: 4.6 ms]
   [Eden: 1153.0M(1153.0M)->0.0B(1170.0M) Survivors: 75.0M->58.0M Heap: 1666.6M(2048.0M)->495.7M(2048.0M)]
 [Times: user=1.65 sys=0.02, real=0.07 secs] 
2016-11-15T12:51:35.389+0100: 26492.581: Total time for which application threads were stopped: 0.0695802 seconds, Stopping threads took: 0.0001721 seconds
2016-11-15T12:51:35.391+0100: 26492.583: Total time for which application threads were stopped: 0.0013593 seconds, Stopping threads took: 0.0000581 seconds
2016-11-15T12:51:35.411+0100: 26492.604: [GC concurrent-string-deduplication, 2838.9K->5432.0B(2833.6K), avg 87.5%, 0.0208477 secs]
2016-11-15T12:52:29.404+0100: 26546.596: Total time for which application threads were stopped: 0.0014918 seconds, Stopping threads took: 0.0001792 seconds
2016-11-15T12:52:29.404+0100: 26546.597: Total time for which application threads were stopped: 0.0006599 seconds, Stopping threads took: 0.0000760 seconds
2016-11-15T12:52:29.405+0100: 26546.598: Total time for which application threads were stopped: 0.0006673 seconds, Stopping threads took: 0.0000932 seconds
2016-11-15T12:52:29.433+0100: 26546.625: Total time for which application threads were stopped: 0.0007517 seconds, Stopping threads took: 0.0000647 seconds
2016-11-15T12:52:29.433+0100: 26546.626: Total time for which application threads were stopped: 0.0005907 seconds, Stopping threads took: 0.0000306 seconds
2016-11-15T12:52:29.434+0100: 26546.627: Total time for which application threads were stopped: 0.0006109 seconds, Stopping threads took: 0.0000309 seconds
2016-11-15T12:52:29.449+0100: 26546.641: Total time for which application threads were stopped: 0.0008303 seconds, Stopping threads took: 0.0000706 seconds
2016-11-15T12:53:03.242+0100: 26580.434: Total time for which application threads were stopped: 0.0015603 seconds, Stopping threads took: 0.0001631 seconds
2016-11-15T12:53:03.243+0100: 26580.435: Total time for which application threads were stopped: 0.0010295 seconds, Stopping threads took: 0.0001274 seconds
2016-11-15T12:53:03.244+0100: 26580.436: Total time for which application threads were stopped: 0.0007137 seconds, Stopping threads took: 0.0000383 seconds
2016-11-15T12:53:03.269+0100: 26580.462: Total time for which application threads were stopped: 0.0007616 seconds, Stopping threads took: 0.0000605 seconds
2016-11-15T12:53:03.270+0100: 26580.462: Total time for which application threads were stopped: 0.0006388 seconds, Stopping threads took: 0.0000375 seconds
2016-11-15T12:53:03.271+0100: 26580.463: Total time for which application threads were stopped: 0.0006252 seconds, Stopping threads took: 0.0000307 seconds
2016-11-15T12:53:03.282+0100: 26580.475: Total time for which application threads were stopped: 0.0006377 seconds, Stopping threads took: 0.0000545 seconds
2016-11-15T12:53:50.287+0100: 26627.480: Total time for which application threads were stopped: 0.0015341 seconds, Stopping threads took: 0.0001616 seconds
2016-11-15T12:54:00.290+0100: 26637.482: Total time for which application threads were stopped: 0.0014638 seconds, Stopping threads took: 0.0001602 seconds
2016-11-15T12:54:13.292+0100: 26650.484: Total time for which application threads were stopped: 0.0015244 seconds, Stopping threads took: 0.0001678 seconds
2016-11-15T12:54:14.055+0100: 26651.247: Total time for which application threads were stopped: 0.0016225 seconds, Stopping threads took: 0.0002187 seconds
2016-11-15T12:54:14.056+0100: 26651.248: Total time for which application threads were stopped: 0.0007728 seconds, Stopping threads took: 0.0001236 seconds
2016-11-15T12:54:14.057+0100: 26651.249: Total time for which application threads were stopped: 0.0007606 seconds, Stopping threads took: 0.0001310 seconds
2016-11-15T12:54:14.077+0100: 26651.270: Total time for which application threads were stopped: 0.0011795 seconds, Stopping threads took: 0.0001395 seconds
2016-11-15T12:54:51.371+0100: 26688.563: Total time for which application threads were stopped: 0.0037437 seconds, Stopping threads took: 0.0001735 seconds
2016-11-15T12:54:52.372+0100: 26689.565: Total time for which application threads were stopped: 0.0013149 seconds, Stopping threads took: 0.0001341 seconds
2016-11-15T12:55:15.121+0100: 26712.314: Total time for which application threads were stopped: 0.0014845 seconds, Stopping threads took: 0.0001683 seconds
2016-11-15T12:55:16.123+0100: 26713.315: Total time for which application threads were stopped: 0.0013433 seconds, Stopping threads took: 0.0001538 seconds
2016-11-15T12:55:51.127+0100: 26748.319: Total time for which application threads were stopped: 0.0015701 seconds, Stopping threads took: 0.0001712 seconds
2016-11-15T12:56:14.130+0100: 26771.323: Total time for which application threads were stopped: 0.0014177 seconds, Stopping threads took: 0.0001611 seconds
2016-11-15T12:57:09.135+0100: 26826.328: Total time for which application threads were stopped: 0.0014478 seconds, Stopping threads took: 0.0001745 seconds
2016-11-15T12:57:44.461+0100: 26861.653: [GC pause (G1 Evacuation Pause) (young)
Desired survivor size 80740352 bytes, new threshold 15 (max 15)
- age   1:    5691216 bytes,    5691216 total
- age   2:    4006624 bytes,    9697840 total
- age   3:    8657720 bytes,   18355560 total
- age   4:   11942720 bytes,   30298280 total
- age   5:      18856 bytes,   30317136 total
2016-11-15T12:57:44.501+0100: 26861.694: [SoftReference, 91 refs, 0.0050282 secs]2016-11-15T12:57:44.506+0100: 26861.699: [WeakReference, 0 refs, 0.0032816 secs]2016-11-15T12:57:44.509+0100: 26861.702: [FinalReference, 125 refs, 0.0032263 secs]2016-11-15T12:57:44.513+0100: 26861.705: [PhantomReference, 0 refs, 0 refs, 0.0063208 secs]2016-11-15T12:57:44.519+0100: 26861.711: [JNI Weak Reference, 0.0000309 secs], 0.0751720 secs]
   [Parallel Time: 38.0 ms, GC Workers: 43]
      [GC Worker Start (ms): Min: 26861653.5, Avg: 26861654.1, Max: 26861654.5, Diff: 1.0]
      [Ext Root Scanning (ms): Min: 1.8, Avg: 4.1, Max: 6.5, Diff: 4.7, Sum: 176.2]
      [Update RS (ms): Min: 0.7, Avg: 3.1, Max: 6.6, Diff: 5.9, Sum: 132.8]
         [Processed Buffers: Min: 1, Avg: 4.9, Max: 19, Diff: 18, Sum: 209]
      [Scan RS (ms): Min: 0.1, Avg: 0.7, Max: 1.0, Diff: 0.9, Sum: 28.9]
      [Code Root Scanning (ms): Min: 0.0, Avg: 0.0, Max: 0.3, Diff: 0.3, Sum: 1.4]
      [Object Copy (ms): Min: 26.0, Avg: 27.1, Max: 27.9, Diff: 1.9, Sum: 1165.9]
      [Termination (ms): Min: 0.0, Avg: 0.5, Max: 0.7, Diff: 0.7, Sum: 21.2]
         [Termination Attempts: Min: 1, Avg: 98.4, Max: 136, Diff: 135, Sum: 4230]
      [GC Worker Other (ms): Min: 0.0, Avg: 0.4, Max: 1.0, Diff: 0.9, Sum: 18.7]
      [GC Worker Total (ms): Min: 35.2, Avg: 35.9, Max: 36.8, Diff: 1.6, Sum: 1545.0]
      [GC Worker End (ms): Min: 26861689.6, Avg: 26861690.0, Max: 26861690.5, Diff: 0.9]
   [Code Root Fixup: 0.2 ms]
   [Code Root Purge: 0.0 ms]
   [String Dedup Fixup: 2.2 ms, GC Workers: 43]
      [Queue Fixup (ms): Min: 0.0, Avg: 0.0, Max: 0.2, Diff: 0.2, Sum: 0.6]
      [Table Fixup (ms): Min: 0.7, Avg: 1.2, Max: 1.5, Diff: 0.8, Sum: 50.8]
   [Clear CT: 6.8 ms]
   [Other: 28.0 ms]
      [Choose CSet: 0.0 ms]
      [Ref Proc: 19.9 ms]
      [Ref Enq: 1.4 ms]
      [Redirty Cards: 1.3 ms]
      [Humongous Register: 0.1 ms]
      [Humongous Reclaim: 0.1 ms]
      [Free CSet: 4.4 ms]
   [Eden: 1170.0M(1170.0M)->0.0B(1169.0M) Survivors: 58.0M->59.0M Heap: 1666.7M(2048.0M)->497.1M(2048.0M)]
 [Times: user=1.80 sys=0.02, real=0.07 secs] 
2016-11-15T12:57:44.536+0100: 26861.729: Total time for which application threads were stopped: 0.0772929 seconds, Stopping threads took: 0.0001659 seconds
2016-11-15T12:57:44.538+0100: 26861.730: Total time for which application threads were stopped: 0.0013798 seconds, Stopping threads took: 0.0000680 seconds
2016-11-15T12:57:44.539+0100: 26861.731: Total time for which application threads were stopped: 0.0007778 seconds, Stopping threads took: 0.0001134 seconds
2016-11-15T12:57:44.545+0100: 26861.737: [GC concurrent-string-deduplication, 901.6K->4752.0B(897.0K), avg 87.6%, 0.0060849 secs]
2016-11-15T12:58:15.796+0100: 26892.988: Total time for which application threads were stopped: 0.0014400 seconds, Stopping threads took: 0.0001662 seconds
2016-11-15T12:58:15.796+0100: 26892.989: Total time for which application threads were stopped: 0.0006379 seconds, Stopping threads took: 0.0000345 seconds
2016-11-15T12:58:15.797+0100: 26892.989: Total time for which application threads were stopped: 0.0006068 seconds, Stopping threads took: 0.0000376 seconds
2016-11-15T12:58:15.963+0100: 26893.156: Total time for which application threads were stopped: 0.0013639 seconds, Stopping threads took: 0.0001439 seconds
2016-11-15T12:58:35.048+0100: 26912.240: Total time for which application threads were stopped: 0.0014504 seconds, Stopping threads took: 0.0001644 seconds
2016-11-15T12:58:35.049+0100: 26912.241: Total time for which application threads were stopped: 0.0006814 seconds, Stopping threads took: 0.0000420 seconds
2016-11-15T12:58:35.050+0100: 26912.242: Total time for which application threads were stopped: 0.0006261 seconds, Stopping threads took: 0.0000353 seconds
2016-11-15T12:58:35.089+0100: 26912.282: Total time for which application threads were stopped: 0.0011139 seconds, Stopping threads took: 0.0001000 seconds
2016-11-15T12:58:52.092+0100: 26929.285: Total time for which application threads were stopped: 0.0014969 seconds, Stopping threads took: 0.0001729 seconds
2016-11-15T12:59:08.095+0100: 26945.287: Total time for which application threads were stopped: 0.0015430 seconds, Stopping threads took: 0.0001514 seconds
2016-11-15T13:00:04.334+0100: 27001.527: Total time for which application threads were stopped: 0.0016840 seconds, Stopping threads took: 0.0002102 seconds
2016-11-15T13:00:05.336+0100: 27002.528: Total time for which application threads were stopped: 0.0013969 seconds, Stopping threads took: 0.0001542 seconds
2016-11-15T13:00:06.242+0100: 27003.435: Total time for which application threads were stopped: 0.0014280 seconds, Stopping threads took: 0.0001560 seconds
2016-11-15T13:00:06.243+0100: 27003.436: Total time for which application threads were stopped: 0.0006362 seconds, Stopping threads took: 0.0000358 seconds
2016-11-15T13:00:06.244+0100: 27003.436: Total time for which application threads were stopped: 0.0006137 seconds, Stopping threads took: 0.0000332 seconds
2016-11-15T13:00:06.246+0100: 27003.438: Total time for which application threads were stopped: 0.0006321 seconds, Stopping threads took: 0.0000424 seconds
2016-11-15T13:00:06.247+0100: 27003.439: Total time for which application threads were stopped: 0.0006108 seconds, Stopping threads took: 0.0000333 seconds
2016-11-15T13:00:06.248+0100: 27003.441: Total time for which application threads were stopped: 0.0006779 seconds, Stopping threads took: 0.0000527 seconds
2016-11-15T13:00:06.250+0100: 27003.443: Total time for which application threads were stopped: 0.0006588 seconds, Stopping threads took: 0.0000507 seconds
2016-11-15T13:00:06.251+0100: 27003.443: Total time for which application threads were stopped: 0.0005906 seconds, Stopping threads took: 0.0000334 seconds
2016-11-15T13:00:06.252+0100: 27003.444: Total time for which application threads were stopped: 0.0006251 seconds, Stopping threads took: 0.0000526 seconds
2016-11-15T13:00:07.253+0100: 27004.446: Total time for which application threads were stopped: 0.0013848 seconds, Stopping threads took: 0.0001684 seconds
2016-11-15T13:00:12.538+0100: 27009.731: Total time for which application threads were stopped: 0.0014286 seconds, Stopping threads took: 0.0001599 seconds
2016-11-15T13:00:12.539+0100: 27009.732: Total time for which application threads were stopped: 0.0006237 seconds, Stopping threads took: 0.0000340 seconds
2016-11-15T13:00:12.540+0100: 27009.732: Total time for which application threads were stopped: 0.0006064 seconds, Stopping threads took: 0.0000307 seconds
2016-11-15T13:00:12.917+0100: 27010.109: Total time for which application threads were stopped: 0.0015980 seconds, Stopping threads took: 0.0001820 seconds
2016-11-15T13:00:17.406+0100: 27014.598: Total time for which application threads were stopped: 0.0014252 seconds, Stopping threads took: 0.0001628 seconds
2016-11-15T13:00:17.407+0100: 27014.599: Total time for which application threads were stopped: 0.0006267 seconds, Stopping threads took: 0.0000347 seconds
2016-11-15T13:00:17.407+0100: 27014.600: Total time for which application threads were stopped: 0.0005982 seconds, Stopping threads took: 0.0000309 seconds
2016-11-15T13:00:17.614+0100: 27014.806: Total time for which application threads were stopped: 0.0014146 seconds, Stopping threads took: 0.0001520 seconds
2016-11-15T13:01:18.620+0100: 27075.812: Total time for which application threads were stopped: 0.0015400 seconds, Stopping threads took: 0.0001640 seconds
2016-11-15T13:02:00.625+0100: 27117.817: Total time for which application threads were stopped: 0.0015706 seconds, Stopping threads took: 0.0001664 seconds
2016-11-15T13:02:36.629+0100: 27153.821: Total time for which application threads were stopped: 0.0015928 seconds, Stopping threads took: 0.0001783 seconds
2016-11-15T13:03:12.437+0100: 27189.630: Total time for which application threads were stopped: 0.0015097 seconds, Stopping threads took: 0.0001571 seconds
2016-11-15T13:03:12.438+0100: 27189.631: Total time for which application threads were stopped: 0.0006591 seconds, Stopping threads took: 0.0000487 seconds
2016-11-15T13:03:12.439+0100: 27189.631: Total time for which application threads were stopped: 0.0006409 seconds, Stopping threads took: 0.0000474 seconds
2016-11-15T13:03:12.555+0100: 27189.747: Total time for which application threads were stopped: 0.0016602 seconds, Stopping threads took: 0.0001931 seconds
2016-11-15T13:03:17.266+0100: 27194.458: Total time for which application threads were stopped: 0.0014602 seconds, Stopping threads took: 0.0001700 seconds
2016-11-15T13:03:17.267+0100: 27194.460: Total time for which application threads were stopped: 0.0006977 seconds, Stopping threads took: 0.0000520 seconds
2016-11-15T13:03:17.268+0100: 27194.460: Total time for which application threads were stopped: 0.0006239 seconds, Stopping threads took: 0.0000381 seconds
2016-11-15T13:03:17.390+0100: 27194.582: Total time for which application threads were stopped: 0.0014800 seconds, Stopping threads took: 0.0001711 seconds
2016-11-15T13:03:53.394+0100: 27230.587: Total time for which application threads were stopped: 0.0017764 seconds, Stopping threads took: 0.0001826 seconds
2016-11-15T13:04:00.396+0100: 27237.589: Total time for which application threads were stopped: 0.0015804 seconds, Stopping threads took: 0.0001694 seconds
2016-11-15T13:04:01.278+0100: 27238.470: [GC pause (G1 Evacuation Pause) (young)
Desired survivor size 80740352 bytes, new threshold 15 (max 15)
- age   1:     425744 bytes,     425744 total
- age   2:    5488736 bytes,    5914480 total
- age   3:    4005360 bytes,    9919840 total
- age   4:    5746696 bytes,   15666536 total
- age   5:   11921496 bytes,   27588032 total
- age   6:      18856 bytes,   27606888 total
2016-11-15T13:04:01.313+0100: 27238.505: [SoftReference, 32 refs, 0.0054838 secs]2016-11-15T13:04:01.318+0100: 27238.511: [WeakReference, 3 refs, 0.0031029 secs]2016-11-15T13:04:01.322+0100: 27238.514: [FinalReference, 172 refs, 0.0035190 secs]2016-11-15T13:04:01.325+0100: 27238.518: [PhantomReference, 0 refs, 0 refs, 0.0071503 secs]2016-11-15T13:04:01.332+0100: 27238.525: [JNI Weak Reference, 0.0000519 secs], 0.0724005 secs]
   [Parallel Time: 32.5 ms, GC Workers: 43]
      [GC Worker Start (ms): Min: 27238470.8, Avg: 27238471.4, Max: 27238471.8, Diff: 1.0]
      [Ext Root Scanning (ms): Min: 0.7, Avg: 2.7, Max: 7.0, Diff: 6.3, Sum: 117.5]
      [Update RS (ms): Min: 1.2, Avg: 5.2, Max: 10.4, Diff: 9.2, Sum: 221.5]
         [Processed Buffers: Min: 1, Avg: 5.4, Max: 13, Diff: 12, Sum: 233]
      [Scan RS (ms): Min: 0.1, Avg: 0.7, Max: 0.9, Diff: 0.9, Sum: 30.3]
      [Code Root Scanning (ms): Min: 0.0, Avg: 0.0, Max: 0.3, Diff: 0.3, Sum: 1.4]
      [Object Copy (ms): Min: 17.1, Avg: 21.4, Max: 23.0, Diff: 5.8, Sum: 919.5]
      [Termination (ms): Min: 0.0, Avg: 0.2, Max: 0.3, Diff: 0.3, Sum: 9.6]
         [Termination Attempts: Min: 1, Avg: 40.2, Max: 67, Diff: 66, Sum: 1728]
      [GC Worker Other (ms): Min: 0.1, Avg: 0.5, Max: 2.5, Diff: 2.4, Sum: 23.6]
      [GC Worker Total (ms): Min: 30.0, Avg: 30.8, Max: 31.7, Diff: 1.7, Sum: 1323.4]
      [GC Worker End (ms): Min: 27238501.7, Avg: 27238502.2, Max: 27238502.7, Diff: 1.0]
   [Code Root Fixup: 0.2 ms]
   [Code Root Purge: 0.0 ms]
   [String Dedup Fixup: 2.1 ms, GC Workers: 43]
      [Queue Fixup (ms): Min: 0.0, Avg: 0.0, Max: 0.2, Diff: 0.2, Sum: 1.3]
      [Table Fixup (ms): Min: 0.0, Avg: 1.2, Max: 1.7, Diff: 1.6, Sum: 51.1]
   [Clear CT: 7.0 ms]
   [Other: 30.5 ms]
      [Choose CSet: 0.0 ms]
      [Ref Proc: 21.3 ms]
      [Ref Enq: 1.6 ms]
      [Redirty Cards: 1.2 ms]
      [Humongous Register: 0.2 ms]
      [Humongous Reclaim: 0.1 ms]
      [Free CSet: 5.2 ms]
   [Eden: 1169.0M(1169.0M)->0.0B(1159.0M) Survivors: 59.0M->69.0M Heap: 1670.1M(2048.0M)->508.9M(2048.0M)]
 [Times: user=1.66 sys=0.02, real=0.07 secs] 
2016-11-15T13:04:01.351+0100: 27238.543: Total time for which application threads were stopped: 0.0747904 seconds, Stopping threads took: 0.0001807 seconds
2016-11-15T13:04:01.353+0100: 27238.545: Total time for which application threads were stopped: 0.0017750 seconds, Stopping threads took: 0.0001213 seconds
2016-11-15T13:04:01.354+0100: 27238.546: Total time for which application threads were stopped: 0.0009164 seconds, Stopping threads took: 0.0001694 seconds
2016-11-15T13:04:01.369+0100: 27238.561: [GC concurrent-string-deduplication, 1880.1K->2824.0B(1877.3K), avg 87.8%, 0.0155136 secs]
2016-11-15T13:06:07.436+0100: 27364.628: Total time for which application threads were stopped: 0.0016265 seconds, Stopping threads took: 0.0001481 seconds
2016-11-15T13:06:25.439+0100: 27382.631: Total time for which application threads were stopped: 0.0014487 seconds, Stopping threads took: 0.0001448 seconds
2016-11-15T13:06:27.440+0100: 27384.633: Total time for which application threads were stopped: 0.0013777 seconds, Stopping threads took: 0.0001439 seconds
2016-11-15T13:07:17.383+0100: 27434.576: Total time for which application threads were stopped: 0.0014452 seconds, Stopping threads took: 0.0001458 seconds
2016-11-15T13:07:17.384+0100: 27434.577: Total time for which application threads were stopped: 0.0006588 seconds, Stopping threads took: 0.0000369 seconds
2016-11-15T13:07:17.385+0100: 27434.577: Total time for which application threads were stopped: 0.0006173 seconds, Stopping threads took: 0.0000299 seconds
2016-11-15T13:07:17.556+0100: 27434.749: Total time for which application threads were stopped: 0.0013480 seconds, Stopping threads took: 0.0001467 seconds
2016-11-15T13:07:21.131+0100: 27438.323: Total time for which application threads were stopped: 0.0014432 seconds, Stopping threads took: 0.0001451 seconds
2016-11-15T13:07:21.132+0100: 27438.324: Total time for which application threads were stopped: 0.0006994 seconds, Stopping threads took: 0.0000403 seconds
2016-11-15T13:07:21.133+0100: 27438.325: Total time for which application threads were stopped: 0.0006559 seconds, Stopping threads took: 0.0000353 seconds
2016-11-15T13:07:21.253+0100: 27438.446: Total time for which application threads were stopped: 0.0015004 seconds, Stopping threads took: 0.0001491 seconds
2016-11-15T13:07:35.279+0100: 27452.471: Total time for which application threads were stopped: 0.0014395 seconds, Stopping threads took: 0.0001759 seconds
2016-11-15T13:07:40.630+0100: 27457.823: Total time for which application threads were stopped: 0.0014056 seconds, Stopping threads took: 0.0001505 seconds
2016-11-15T13:07:50.632+0100: 27467.825: Total time for which application threads were stopped: 0.0014840 seconds, Stopping threads took: 0.0001450 seconds
2016-11-15T13:07:50.633+0100: 27467.826: Total time for which application threads were stopped: 0.0007174 seconds, Stopping threads took: 0.0000423 seconds
2016-11-15T13:09:13.642+0100: 27550.835: Total time for which application threads were stopped: 0.0018313 seconds, Stopping threads took: 0.0001718 seconds
2016-11-15T13:09:21.161+0100: 27558.354: [GC pause (G1 Evacuation Pause) (young)
Desired survivor size 80740352 bytes, new threshold 15 (max 15)
- age   1:     699608 bytes,     699608 total
- age   2:     265296 bytes,     964904 total
- age   3:    5448632 bytes,    6413536 total
- age   4:    3085336 bytes,    9498872 total
- age   5:    5732584 bytes,   15231456 total
- age   6:   11825104 bytes,   27056560 total
- age   7:      18856 bytes,   27075416 total
2016-11-15T13:09:21.200+0100: 27558.393: [SoftReference, 17 refs, 0.0068749 secs]2016-11-15T13:09:21.207+0100: 27558.400: [WeakReference, 14 refs, 0.0045756 secs]2016-11-15T13:09:21.212+0100: 27558.404: [FinalReference, 200 refs, 0.0036411 secs]2016-11-15T13:09:21.216+0100: 27558.408: [PhantomReference, 0 refs, 0 refs, 0.0070674 secs]2016-11-15T13:09:21.223+0100: 27558.415: [JNI Weak Reference, 0.0000548 secs], 0.0794333 secs]
   [Parallel Time: 36.1 ms, GC Workers: 43]
      [GC Worker Start (ms): Min: 27558354.6, Avg: 27558355.2, Max: 27558355.7, Diff: 1.1]
      [Ext Root Scanning (ms): Min: 1.9, Avg: 3.0, Max: 8.1, Diff: 6.3, Sum: 129.0]
      [Update RS (ms): Min: 0.6, Avg: 6.1, Max: 9.5, Diff: 8.9, Sum: 261.7]
         [Processed Buffers: Min: 0, Avg: 5.7, Max: 14, Diff: 14, Sum: 247]
      [Scan RS (ms): Min: 0.1, Avg: 0.7, Max: 0.9, Diff: 0.9, Sum: 28.0]
      [Code Root Scanning (ms): Min: 0.0, Avg: 0.0, Max: 0.3, Diff: 0.3, Sum: 1.2]
      [Object Copy (ms): Min: 21.7, Avg: 24.1, Max: 24.7, Diff: 3.0, Sum: 1034.5]
      [Termination (ms): Min: 0.0, Avg: 0.2, Max: 0.3, Diff: 0.3, Sum: 6.5]
         [Termination Attempts: Min: 1, Avg: 15.9, Max: 29, Diff: 28, Sum: 684]
      [GC Worker Other (ms): Min: 0.1, Avg: 0.4, Max: 0.9, Diff: 0.8, Sum: 18.8]
      [GC Worker Total (ms): Min: 33.6, Avg: 34.4, Max: 35.3, Diff: 1.7, Sum: 1479.8]
      [GC Worker End (ms): Min: 27558389.2, Avg: 27558389.6, Max: 27558390.0, Diff: 0.8]
   [Code Root Fixup: 0.2 ms]
   [Code Root Purge: 0.0 ms]
   [String Dedup Fixup: 3.0 ms, GC Workers: 43]
      [Queue Fixup (ms): Min: 0.0, Avg: 0.0, Max: 0.0, Diff: 0.0, Sum: 0.1]
      [Table Fixup (ms): Min: 0.0, Avg: 1.1, Max: 1.7, Diff: 1.7, Sum: 48.6]
   [Clear CT: 5.8 ms]
   [Other: 34.4 ms]
      [Choose CSet: 0.0 ms]
      [Ref Proc: 24.3 ms]
      [Ref Enq: 1.8 ms]
      [Redirty Cards: 1.1 ms]
      [Humongous Register: 0.2 ms]
      [Humongous Reclaim: 0.2 ms]
      [Free CSet: 5.8 ms]
   [Eden: 1159.0M(1159.0M)->0.0B(1180.0M) Survivors: 69.0M->48.0M Heap: 1672.9M(2048.0M)->490.1M(2048.0M)]
 [Times: user=1.70 sys=0.04, real=0.08 secs] 
2016-11-15T13:09:21.241+0100: 27558.434: Total time for which application threads were stopped: 0.0818987 seconds, Stopping threads took: 0.0001775 seconds
2016-11-15T13:09:21.243+0100: 27558.436: Total time for which application threads were stopped: 0.0016678 seconds, Stopping threads took: 0.0001090 seconds
2016-11-15T13:09:21.244+0100: 27558.436: [GC concurrent-string-deduplication, 9472.0B->1488.0B(7984.0B), avg 87.8%, 0.0002789 secs]
2016-11-15T13:10:31.479+0100: 27628.671: Total time for which application threads were stopped: 0.0017804 seconds, Stopping threads took: 0.0001511 seconds
2016-11-15T13:10:31.480+0100: 27628.672: Total time for which application threads were stopped: 0.0008416 seconds, Stopping threads took: 0.0000416 seconds
2016-11-15T13:10:31.481+0100: 27628.673: Total time for which application threads were stopped: 0.0008519 seconds, Stopping threads took: 0.0000375 seconds
2016-11-15T13:10:31.482+0100: 27628.675: Total time for which application threads were stopped: 0.0007898 seconds, Stopping threads took: 0.0000587 seconds
2016-11-15T13:10:31.487+0100: 27628.679: Total time for which application threads were stopped: 0.0033693 seconds, Stopping threads took: 0.0001269 seconds
2016-11-15T13:10:31.491+0100: 27628.683: Total time for which application threads were stopped: 0.0015642 seconds, Stopping threads took: 0.0000802 seconds
2016-11-15T13:10:32.492+0100: 27629.685: Total time for which application threads were stopped: 0.0016175 seconds, Stopping threads took: 0.0002285 seconds
2016-11-15T13:10:40.566+0100: 27637.758: Total time for which application threads were stopped: 0.0016179 seconds, Stopping threads took: 0.0001657 seconds
2016-11-15T13:10:45.937+0100: 27643.130: Total time for which application threads were stopped: 0.0015065 seconds, Stopping threads took: 0.0001668 seconds
2016-11-15T13:10:55.939+0100: 27653.132: Total time for which application threads were stopped: 0.0014526 seconds, Stopping threads took: 0.0001698 seconds
2016-11-15T13:10:55.940+0100: 27653.133: Total time for which application threads were stopped: 0.0006890 seconds, Stopping threads took: 0.0000413 seconds
2016-11-15T13:11:00.373+0100: 27657.566: Total time for which application threads were stopped: 0.0014791 seconds, Stopping threads took: 0.0001587 seconds
2016-11-15T13:11:05.547+0100: 27662.740: Total time for which application threads were stopped: 0.0015208 seconds, Stopping threads took: 0.0001635 seconds
2016-11-15T13:11:15.549+0100: 27672.742: Total time for which application threads were stopped: 0.0014182 seconds, Stopping threads took: 0.0001654 seconds
2016-11-15T13:11:15.550+0100: 27672.743: Total time for which application threads were stopped: 0.0006607 seconds, Stopping threads took: 0.0000422 seconds
2016-11-15T13:11:25.856+0100: 27683.048: Total time for which application threads were stopped: 0.0013929 seconds, Stopping threads took: 0.0001582 seconds
2016-11-15T13:11:25.856+0100: 27683.049: Total time for which application threads were stopped: 0.0006467 seconds, Stopping threads took: 0.0000344 seconds
2016-11-15T13:11:25.857+0100: 27683.050: Total time for which application threads were stopped: 0.0006161 seconds, Stopping threads took: 0.0000341 seconds
2016-11-15T13:11:25.994+0100: 27683.187: Total time for which application threads were stopped: 0.0014361 seconds, Stopping threads took: 0.0001571 seconds
2016-11-15T13:11:35.064+0100: 27692.256: Total time for which application threads were stopped: 0.0013937 seconds, Stopping threads took: 0.0001646 seconds
2016-11-15T13:11:35.065+0100: 27692.258: Total time for which application threads were stopped: 0.0007359 seconds, Stopping threads took: 0.0000510 seconds
2016-11-15T13:11:35.066+0100: 27692.259: Total time for which application threads were stopped: 0.0006253 seconds, Stopping threads took: 0.0000384 seconds
2016-11-15T13:11:35.176+0100: 27692.368: Total time for which application threads were stopped: 0.0014057 seconds, Stopping threads took: 0.0001561 seconds
2016-11-15T13:13:31.643+0100: 27808.836: [GC pause (G1 Evacuation Pause) (young)
Desired survivor size 80740352 bytes, new threshold 15 (max 15)
- age   1:     655832 bytes,     655832 total
- age   2:     508216 bytes,    1164048 total
- age   3:     264904 bytes,    1428952 total
- age   4:    3521960 bytes,    4950912 total
- age   5:    3084824 bytes,    8035736 total
- age   6:    5724904 bytes,   13760640 total
- age   7:   11824832 bytes,   25585472 total
- age   8:      18856 bytes,   25604328 total
2016-11-15T13:13:31.708+0100: 27808.900: [SoftReference, 49 refs, 0.0058403 secs]2016-11-15T13:13:31.713+0100: 27808.906: [WeakReference, 8 refs, 0.0042889 secs]2016-11-15T13:13:31.718+0100: 27808.910: [FinalReference, 223 refs, 0.0039937 secs]2016-11-15T13:13:31.722+0100: 27808.914: [PhantomReference, 0 refs, 0 refs, 0.0066264 secs]2016-11-15T13:13:31.728+0100: 27808.921: [JNI Weak Reference, 0.0000402 secs], 0.1051651 secs]
   [Parallel Time: 60.5 ms, GC Workers: 43]
      [GC Worker Start (ms): Min: 27808836.5, Avg: 27808844.5, Max: 27808853.6, Diff: 17.1]
      [Ext Root Scanning (ms): Min: 0.0, Avg: 1.3, Max: 7.9, Diff: 7.9, Sum: 57.3]
      [Update RS (ms): Min: 0.0, Avg: 7.2, Max: 15.8, Diff: 15.8, Sum: 311.5]
         [Processed Buffers: Min: 0, Avg: 6.6, Max: 20, Diff: 20, Sum: 285]
      [Scan RS (ms): Min: 0.1, Avg: 1.8, Max: 29.3, Diff: 29.2, Sum: 79.1]
      [Code Root Scanning (ms): Min: 0.0, Avg: 0.4, Max: 5.6, Diff: 5.6, Sum: 18.6]
      [Object Copy (ms): Min: 10.8, Avg: 37.4, Max: 40.4, Diff: 29.6, Sum: 1609.9]
      [Termination (ms): Min: 0.1, Avg: 1.5, Max: 2.0, Diff: 1.9, Sum: 63.0]
         [Termination Attempts: Min: 1, Avg: 95.4, Max: 145, Diff: 144, Sum: 4102]
      [GC Worker Other (ms): Min: 0.1, Avg: 0.7, Max: 1.4, Diff: 1.3, Sum: 32.0]
      [GC Worker Total (ms): Min: 40.8, Avg: 50.5, Max: 58.8, Diff: 18.1, Sum: 2171.3]
      [GC Worker End (ms): Min: 27808894.3, Avg: 27808895.0, Max: 27808895.6, Diff: 1.3]
   [Code Root Fixup: 0.2 ms]
   [Code Root Purge: 0.0 ms]
   [String Dedup Fixup: 3.1 ms, GC Workers: 43]
      [Queue Fixup (ms): Min: 0.0, Avg: 0.0, Max: 0.0, Diff: 0.0, Sum: 0.1]
      [Table Fixup (ms): Min: 0.0, Avg: 1.0, Max: 2.0, Diff: 2.0, Sum: 44.8]
   [Clear CT: 6.4 ms]
   [Other: 34.9 ms]
      [Choose CSet: 0.0 ms]
      [Ref Proc: 23.6 ms]
      [Ref Enq: 1.8 ms]
      [Redirty Cards: 2.7 ms]
      [Humongous Register: 0.2 ms]
      [Humongous Reclaim: 0.2 ms]
      [Free CSet: 5.2 ms]
   [Eden: 1180.0M(1180.0M)->0.0B(1176.0M) Survivors: 48.0M->52.0M Heap: 1680.1M(2048.0M)->499.6M(2048.0M)]
 [Times: user=2.26 sys=0.03, real=0.10 secs] 
2016-11-15T13:13:31.749+0100: 27808.941: Total time for which application threads were stopped: 0.1084726 seconds, Stopping threads took: 0.0002425 seconds
2016-11-15T13:13:31.759+0100: 27808.951: Total time for which application threads were stopped: 0.0091845 seconds, Stopping threads took: 0.0070824 seconds
2016-11-15T13:13:31.759+0100: 27808.951: [GC concurrent-string-deduplication, 27.0K->3384.0B(23.7K), avg 87.8%, 0.0005891 secs]
2016-11-15T13:13:35.761+0100: 27812.954: Total time for which application threads were stopped: 0.0022966 seconds, Stopping threads took: 0.0002516 seconds
2016-11-15T13:15:06.772+0100: 27903.965: Total time for which application threads were stopped: 0.0020386 seconds, Stopping threads took: 0.0001957 seconds
2016-11-15T13:15:44.033+0100: 27941.225: Total time for which application threads were stopped: 0.0018660 seconds, Stopping threads took: 0.0002289 seconds
2016-11-15T13:15:49.358+0100: 27946.550: Total time for which application threads were stopped: 0.0017667 seconds, Stopping threads took: 0.0002076 seconds
2016-11-15T13:16:04.360+0100: 27961.552: Total time for which application threads were stopped: 0.0015490 seconds, Stopping threads took: 0.0001731 seconds
2016-11-15T13:16:04.361+0100: 27961.553: Total time for which application threads were stopped: 0.0007090 seconds, Stopping threads took: 0.0000421 seconds
2016-11-15T13:18:08.093+0100: 28085.285: Total time for which application threads were stopped: 0.0016176 seconds, Stopping threads took: 0.0001625 seconds
2016-11-15T13:18:08.093+0100: 28085.286: Total time for which application threads were stopped: 0.0006742 seconds, Stopping threads took: 0.0000335 seconds
2016-11-15T13:18:08.095+0100: 28085.288: Total time for which application threads were stopped: 0.0007733 seconds, Stopping threads took: 0.0000997 seconds
2016-11-15T13:18:08.096+0100: 28085.288: Total time for which application threads were stopped: 0.0006428 seconds, Stopping threads took: 0.0000462 seconds
2016-11-15T13:18:08.103+0100: 28085.295: Total time for which application threads were stopped: 0.0007222 seconds, Stopping threads took: 0.0000551 seconds
2016-11-15T13:18:08.103+0100: 28085.296: Total time for which application threads were stopped: 0.0006439 seconds, Stopping threads took: 0.0000386 seconds
2016-11-15T13:18:29.209+0100: 28106.402: Total time for which application threads were stopped: 0.0016002 seconds, Stopping threads took: 0.0001622 seconds
2016-11-15T13:18:29.210+0100: 28106.403: Total time for which application threads were stopped: 0.0007137 seconds, Stopping threads took: 0.0000389 seconds
2016-11-15T13:18:29.211+0100: 28106.403: Total time for which application threads were stopped: 0.0006673 seconds, Stopping threads took: 0.0000337 seconds
2016-11-15T13:18:29.335+0100: 28106.528: Total time for which application threads were stopped: 0.0015835 seconds, Stopping threads took: 0.0001612 seconds
2016-11-15T13:18:30.921+0100: 28108.113: Total time for which application threads were stopped: 0.0037831 seconds, Stopping threads took: 0.0001780 seconds
2016-11-15T13:18:30.924+0100: 28108.116: Total time for which application threads were stopped: 0.0027582 seconds, Stopping threads took: 0.0000523 seconds
2016-11-15T13:18:30.926+0100: 28108.119: Total time for which application threads were stopped: 0.0025912 seconds, Stopping threads took: 0.0000413 seconds
2016-11-15T13:18:30.942+0100: 28108.134: Total time for which application threads were stopped: 0.0010404 seconds, Stopping threads took: 0.0000638 seconds
2016-11-15T13:18:30.943+0100: 28108.135: Total time for which application threads were stopped: 0.0006466 seconds, Stopping threads took: 0.0000339 seconds
2016-11-15T13:18:30.943+0100: 28108.136: Total time for which application threads were stopped: 0.0006606 seconds, Stopping threads took: 0.0000355 seconds
2016-11-15T13:18:30.978+0100: 28108.171: Total time for which application threads were stopped: 0.0035309 seconds, Stopping threads took: 0.0001373 seconds
2016-11-15T13:19:19.202+0100: 28156.395: Total time for which application threads were stopped: 0.0019019 seconds, Stopping threads took: 0.0001988 seconds
2016-11-15T13:19:19.203+0100: 28156.396: Total time for which application threads were stopped: 0.0007602 seconds, Stopping threads took: 0.0000420 seconds
2016-11-15T13:19:19.204+0100: 28156.396: Total time for which application threads were stopped: 0.0007253 seconds, Stopping threads took: 0.0000311 seconds
2016-11-15T13:19:19.317+0100: 28156.509: Total time for which application threads were stopped: 0.0017326 seconds, Stopping threads took: 0.0001830 seconds
2016-11-15T13:19:24.319+0100: 28161.512: Total time for which application threads were stopped: 0.0016696 seconds, Stopping threads took: 0.0001745 seconds
2016-11-15T13:19:27.251+0100: 28164.444: Total time for which application threads were stopped: 0.0020774 seconds, Stopping threads took: 0.0003344 seconds
2016-11-15T13:19:27.254+0100: 28164.447: Total time for which application threads were stopped: 0.0018483 seconds, Stopping threads took: 0.0002753 seconds
2016-11-15T13:19:27.256+0100: 28164.448: Total time for which application threads were stopped: 0.0012509 seconds, Stopping threads took: 0.0000621 seconds
2016-11-15T13:19:27.324+0100: 28164.516: Total time for which application threads were stopped: 0.0015872 seconds, Stopping threads took: 0.0001738 seconds
2016-11-15T13:19:49.327+0100: 28186.520: Total time for which application threads were stopped: 0.0015883 seconds, Stopping threads took: 0.0001712 seconds
2016-11-15T13:19:52.990+0100: 28190.183: Total time for which application threads were stopped: 0.0018099 seconds, Stopping threads took: 0.0001778 seconds
2016-11-15T13:19:52.992+0100: 28190.184: Total time for which application threads were stopped: 0.0010565 seconds, Stopping threads took: 0.0000623 seconds
2016-11-15T13:19:52.993+0100: 28190.186: Total time for which application threads were stopped: 0.0013747 seconds, Stopping threads took: 0.0004079 seconds
2016-11-15T13:19:53.128+0100: 28190.320: Total time for which application threads were stopped: 0.0016591 seconds, Stopping threads took: 0.0001767 seconds
2016-11-15T13:19:54.137+0100: 28191.330: Total time for which application threads were stopped: 0.0016979 seconds, Stopping threads took: 0.0001789 seconds
2016-11-15T13:19:54.138+0100: 28191.331: Total time for which application threads were stopped: 0.0007127 seconds, Stopping threads took: 0.0000453 seconds
2016-11-15T13:19:54.139+0100: 28191.332: Total time for which application threads were stopped: 0.0008173 seconds, Stopping threads took: 0.0000407 seconds
2016-11-15T13:19:54.185+0100: 28191.377: Total time for which application threads were stopped: 0.0017115 seconds, Stopping threads took: 0.0001749 seconds
2016-11-15T13:19:54.186+0100: 28191.378: Total time for which application threads were stopped: 0.0009209 seconds, Stopping threads took: 0.0000490 seconds
2016-11-15T13:19:54.187+0100: 28191.379: Total time for which application threads were stopped: 0.0011660 seconds, Stopping threads took: 0.0001367 seconds
2016-11-15T13:19:54.208+0100: 28191.400: Total time for which application threads were stopped: 0.0016352 seconds, Stopping threads took: 0.0001626 seconds
2016-11-15T13:19:57.719+0100: 28194.912: Total time for which application threads were stopped: 0.0017127 seconds, Stopping threads took: 0.0001890 seconds
2016-11-15T13:19:57.721+0100: 28194.913: Total time for which application threads were stopped: 0.0008603 seconds, Stopping threads took: 0.0000547 seconds
2016-11-15T13:19:57.722+0100: 28194.914: Total time for which application threads were stopped: 0.0006982 seconds, Stopping threads took: 0.0000439 seconds
2016-11-15T13:19:57.811+0100: 28195.004: Total time for which application threads were stopped: 0.0016679 seconds, Stopping threads took: 0.0001727 seconds
2016-11-15T13:20:15.814+0100: 28213.007: Total time for which application threads were stopped: 0.0015891 seconds, Stopping threads took: 0.0001683 seconds
2016-11-15T13:20:38.818+0100: 28236.010: Total time for which application threads were stopped: 0.0015151 seconds, Stopping threads took: 0.0001684 seconds
2016-11-15T13:21:23.524+0100: 28280.716: [GC pause (G1 Evacuation Pause) (young)
Desired survivor size 80740352 bytes, new threshold 15 (max 15)
- age   1:    5286072 bytes,    5286072 total
- age   2:     507856 bytes,    5793928 total
- age   3:     474264 bytes,    6268192 total
- age   4:     256920 bytes,    6525112 total
- age   5:    3499296 bytes,   10024408 total
- age   6:    3084504 bytes,   13108912 total
- age   7:    5721688 bytes,   18830600 total
- age   8:   11815832 bytes,   30646432 total
- age   9:      18856 bytes,   30665288 total
2016-11-15T13:21:23.562+0100: 28280.755: [SoftReference, 16 refs, 0.0051610 secs]2016-11-15T13:21:23.567+0100: 28280.760: [WeakReference, 6 refs, 0.0030812 secs]2016-11-15T13:21:23.570+0100: 28280.763: [FinalReference, 318 refs, 0.0036399 secs]2016-11-15T13:21:23.574+0100: 28280.766: [PhantomReference, 0 refs, 0 refs, 0.0062525 secs]2016-11-15T13:21:23.580+0100: 28280.773: [JNI Weak Reference, 0.0000372 secs], 0.0723349 secs]
   [Parallel Time: 35.5 ms, GC Workers: 43]
      [GC Worker Start (ms): Min: 28280717.0, Avg: 28280717.4, Max: 28280717.9, Diff: 0.9]
      [Ext Root Scanning (ms): Min: 1.8, Avg: 4.2, Max: 12.5, Diff: 10.7, Sum: 182.5]
      [Update RS (ms): Min: 0.0, Avg: 3.8, Max: 6.3, Diff: 6.3, Sum: 164.2]
         [Processed Buffers: Min: 0, Avg: 5.0, Max: 22, Diff: 22, Sum: 214]
      [Scan RS (ms): Min: 0.1, Avg: 0.6, Max: 1.1, Diff: 1.0, Sum: 24.7]
      [Code Root Scanning (ms): Min: 0.0, Avg: 0.0, Max: 0.4, Diff: 0.4, Sum: 2.0]
      [Object Copy (ms): Min: 21.1, Avg: 24.6, Max: 25.8, Diff: 4.7, Sum: 1058.3]
      [Termination (ms): Min: 0.0, Avg: 0.1, Max: 0.2, Diff: 0.2, Sum: 4.8]
         [Termination Attempts: Min: 1, Avg: 23.3, Max: 42, Diff: 41, Sum: 1000]
      [GC Worker Other (ms): Min: 0.0, Avg: 0.4, Max: 0.9, Diff: 0.8, Sum: 18.0]
      [GC Worker Total (ms): Min: 33.1, Avg: 33.8, Max: 34.6, Diff: 1.5, Sum: 1454.5]
      [GC Worker End (ms): Min: 28280750.9, Avg: 28280751.3, Max: 28280751.7, Diff: 0.8]
   [Code Root Fixup: 0.1 ms]
   [Code Root Purge: 0.0 ms]
   [String Dedup Fixup: 1.9 ms, GC Workers: 43]
      [Queue Fixup (ms): Min: 0.0, Avg: 0.0, Max: 0.0, Diff: 0.0, Sum: 0.2]
      [Table Fixup (ms): Min: 0.8, Avg: 1.2, Max: 1.7, Diff: 0.9, Sum: 51.1]
   [Clear CT: 6.6 ms]
   [Other: 28.3 ms]
      [Choose CSet: 0.0 ms]
      [Ref Proc: 20.2 ms]
      [Ref Enq: 1.5 ms]
      [Redirty Cards: 1.3 ms]
      [Humongous Register: 0.1 ms]
      [Humongous Reclaim: 0.1 ms]
      [Free CSet: 4.4 ms]
   [Eden: 1176.0M(1176.0M)->0.0B(1166.0M) Survivors: 52.0M->62.0M Heap: 1676.6M(2048.0M)->510.2M(2048.0M)]
 [Times: user=1.70 sys=0.03, real=0.07 secs] 
2016-11-15T13:21:23.597+0100: 28280.789: Total time for which application threads were stopped: 0.0744316 seconds, Stopping threads took: 0.0001742 seconds
2016-11-15T13:21:23.597+0100: 28280.790: [GC concurrent-string-deduplication, 18.3K->6576.0B(11.9K), avg 87.8%, 0.0002366 secs]
2016-11-15T13:21:23.599+0100: 28280.791: Total time for which application threads were stopped: 0.0013805 seconds, Stopping threads took: 0.0000959 seconds
2016-11-15T13:21:23.599+0100: 28280.792: Total time for which application threads were stopped: 0.0007407 seconds, Stopping threads took: 0.0000933 seconds
2016-11-15T13:21:24.892+0100: 28282.085: Total time for which application threads were stopped: 0.0014276 seconds, Stopping threads took: 0.0001512 seconds
2016-11-15T13:21:24.893+0100: 28282.086: Total time for which application threads were stopped: 0.0006469 seconds, Stopping threads took: 0.0000395 seconds
2016-11-15T13:21:24.894+0100: 28282.086: Total time for which application threads were stopped: 0.0006141 seconds, Stopping threads took: 0.0000322 seconds
2016-11-15T13:21:24.991+0100: 28282.183: Total time for which application threads were stopped: 0.0009804 seconds, Stopping threads took: 0.0000818 seconds
2016-11-15T13:21:26.992+0100: 28284.185: Total time for which application threads were stopped: 0.0014099 seconds, Stopping threads took: 0.0001588 seconds
2016-11-15T13:21:29.655+0100: 28286.847: Total time for which application threads were stopped: 0.0014107 seconds, Stopping threads took: 0.0001619 seconds
2016-11-15T13:21:29.656+0100: 28286.849: Total time for which application threads were stopped: 0.0007030 seconds, Stopping threads took: 0.0000530 seconds
2016-11-15T13:21:29.657+0100: 28286.849: Total time for which application threads were stopped: 0.0005983 seconds, Stopping threads took: 0.0000314 seconds
2016-11-15T13:21:29.687+0100: 28286.880: Total time for which application threads were stopped: 0.0007277 seconds, Stopping threads took: 0.0000575 seconds
2016-11-15T13:21:44.582+0100: 28301.774: Total time for which application threads were stopped: 0.0015242 seconds, Stopping threads took: 0.0001665 seconds
2016-11-15T13:21:44.584+0100: 28301.776: Total time for which application threads were stopped: 0.0007311 seconds, Stopping threads took: 0.0000511 seconds
2016-11-15T13:21:44.584+0100: 28301.777: Total time for which application threads were stopped: 0.0006008 seconds, Stopping threads took: 0.0000309 seconds
2016-11-15T13:21:44.645+0100: 28301.838: Total time for which application threads were stopped: 0.0007905 seconds, Stopping threads took: 0.0000612 seconds
2016-11-15T13:22:21.663+0100: 28338.856: Total time for which application threads were stopped: 0.0015684 seconds, Stopping threads took: 0.0001622 seconds
2016-11-15T13:22:21.664+0100: 28338.857: Total time for which application threads were stopped: 0.0006528 seconds, Stopping threads took: 0.0000347 seconds
2016-11-15T13:22:21.665+0100: 28338.857: Total time for which application threads were stopped: 0.0006371 seconds, Stopping threads took: 0.0000325 seconds
2016-11-15T13:22:21.775+0100: 28338.968: Total time for which application threads were stopped: 0.0008338 seconds, Stopping threads took: 0.0000753 seconds
2016-11-15T13:22:22.618+0100: 28339.811: Total time for which application threads were stopped: 0.0014312 seconds, Stopping threads took: 0.0001539 seconds
2016-11-15T13:22:22.619+0100: 28339.811: Total time for which application threads were stopped: 0.0006601 seconds, Stopping threads took: 0.0000331 seconds
2016-11-15T13:22:22.620+0100: 28339.812: Total time for which application threads were stopped: 0.0006447 seconds, Stopping threads took: 0.0000314 seconds
2016-11-15T13:22:22.704+0100: 28339.896: Total time for which application threads were stopped: 0.0007876 seconds, Stopping threads took: 0.0000638 seconds
2016-11-15T13:22:28.706+0100: 28345.898: Total time for which application threads were stopped: 0.0014050 seconds, Stopping threads took: 0.0001565 seconds
2016-11-15T13:22:32.552+0100: 28349.744: Total time for which application threads were stopped: 0.0014974 seconds, Stopping threads took: 0.0001633 seconds
2016-11-15T13:22:32.553+0100: 28349.745: Total time for which application threads were stopped: 0.0007248 seconds, Stopping threads took: 0.0000511 seconds
2016-11-15T13:22:32.554+0100: 28349.746: Total time for which application threads were stopped: 0.0006323 seconds, Stopping threads took: 0.0000317 seconds
2016-11-15T13:22:32.603+0100: 28349.795: Total time for which application threads were stopped: 0.0010131 seconds, Stopping threads took: 0.0000860 seconds
2016-11-15T13:22:35.374+0100: 28352.566: Total time for which application threads were stopped: 0.0015546 seconds, Stopping threads took: 0.0001658 seconds
2016-11-15T13:22:35.375+0100: 28352.568: Total time for which application threads were stopped: 0.0007347 seconds, Stopping threads took: 0.0000526 seconds
2016-11-15T13:22:35.376+0100: 28352.568: Total time for which application threads were stopped: 0.0006465 seconds, Stopping threads took: 0.0000319 seconds
2016-11-15T13:22:35.421+0100: 28352.614: Total time for which application threads were stopped: 0.0007663 seconds, Stopping threads took: 0.0000615 seconds
2016-11-15T13:22:52.266+0100: 28369.458: Total time for which application threads were stopped: 0.0015534 seconds, Stopping threads took: 0.0001636 seconds
2016-11-15T13:22:52.267+0100: 28369.459: Total time for which application threads were stopped: 0.0006601 seconds, Stopping threads took: 0.0000344 seconds
2016-11-15T13:22:52.267+0100: 28369.460: Total time for which application threads were stopped: 0.0006372 seconds, Stopping threads took: 0.0000326 seconds
2016-11-15T13:22:52.333+0100: 28369.525: Total time for which application threads were stopped: 0.0008713 seconds, Stopping threads took: 0.0000687 seconds
2016-11-15T13:23:01.335+0100: 28378.528: Total time for which application threads were stopped: 0.0021321 seconds, Stopping threads took: 0.0001979 seconds
2016-11-15T13:23:02.337+0100: 28379.529: Total time for which application threads were stopped: 0.0013868 seconds, Stopping threads took: 0.0001547 seconds
2016-11-15T13:23:04.338+0100: 28381.531: Total time for which application threads were stopped: 0.0013812 seconds, Stopping threads took: 0.0001629 seconds
2016-11-15T13:23:09.443+0100: 28386.635: Total time for which application threads were stopped: 0.0014226 seconds, Stopping threads took: 0.0001532 seconds
2016-11-15T13:23:09.444+0100: 28386.637: Total time for which application threads were stopped: 0.0006228 seconds, Stopping threads took: 0.0000352 seconds
2016-11-15T13:23:09.445+0100: 28386.637: Total time for which application threads were stopped: 0.0006116 seconds, Stopping threads took: 0.0000335 seconds
2016-11-15T13:23:09.522+0100: 28386.715: Total time for which application threads were stopped: 0.0012780 seconds, Stopping threads took: 0.0001338 seconds
2016-11-15T13:23:26.525+0100: 28403.717: Total time for which application threads were stopped: 0.0016401 seconds, Stopping threads took: 0.0002159 seconds
2016-11-15T13:23:34.527+0100: 28411.720: Total time for which application threads were stopped: 0.0015302 seconds, Stopping threads took: 0.0001687 seconds
2016-11-15T13:23:55.530+0100: 28432.723: Total time for which application threads were stopped: 0.0015776 seconds, Stopping threads took: 0.0001771 seconds
2016-11-15T13:24:19.534+0100: 28456.726: Total time for which application threads were stopped: 0.0015474 seconds, Stopping threads took: 0.0001598 seconds
2016-11-15T13:24:37.537+0100: 28474.729: Total time for which application threads were stopped: 0.0015831 seconds, Stopping threads took: 0.0001567 seconds
2016-11-15T13:24:44.539+0100: 28481.731: Total time for which application threads were stopped: 0.0015676 seconds, Stopping threads took: 0.0001604 seconds
2016-11-15T13:24:47.541+0100: 28484.733: Total time for which application threads were stopped: 0.0016096 seconds, Stopping threads took: 0.0001616 seconds
2016-11-15T13:24:51.993+0100: 28489.185: Total time for which application threads were stopped: 0.0015294 seconds, Stopping threads took: 0.0001646 seconds
2016-11-15T13:25:01.995+0100: 28499.188: Total time for which application threads were stopped: 0.0017166 seconds, Stopping threads took: 0.0001748 seconds
2016-11-15T13:26:22.003+0100: 28579.195: Total time for which application threads were stopped: 0.0014381 seconds, Stopping threads took: 0.0001748 seconds
2016-11-15T13:27:40.577+0100: 28657.769: Total time for which application threads were stopped: 0.0015248 seconds, Stopping threads took: 0.0001617 seconds
2016-11-15T13:27:45.923+0100: 28663.115: Total time for which application threads were stopped: 0.0014246 seconds, Stopping threads took: 0.0001678 seconds
2016-11-15T13:27:51.925+0100: 28669.117: Total time for which application threads were stopped: 0.0013966 seconds, Stopping threads took: 0.0001713 seconds
2016-11-15T13:27:55.925+0100: 28673.117: Total time for which application threads were stopped: 0.0014388 seconds, Stopping threads took: 0.0001623 seconds
2016-11-15T13:27:55.926+0100: 28673.118: Total time for which application threads were stopped: 0.0006297 seconds, Stopping threads took: 0.0000350 seconds
2016-11-15T13:28:13.529+0100: 28690.722: Total time for which application threads were stopped: 0.0015160 seconds, Stopping threads took: 0.0001886 seconds
2016-11-15T13:28:13.530+0100: 28690.722: Total time for which application threads were stopped: 0.0007109 seconds, Stopping threads took: 0.0000419 seconds
2016-11-15T13:28:13.531+0100: 28690.723: Total time for which application threads were stopped: 0.0006394 seconds, Stopping threads took: 0.0000356 seconds
2016-11-15T13:28:13.616+0100: 28690.808: Total time for which application threads were stopped: 0.0016338 seconds, Stopping threads took: 0.0001633 seconds
2016-11-15T13:28:17.912+0100: 28695.104: Total time for which application threads were stopped: 0.0015388 seconds, Stopping threads took: 0.0001635 seconds
2016-11-15T13:28:17.913+0100: 28695.106: Total time for which application threads were stopped: 0.0007618 seconds, Stopping threads took: 0.0000599 seconds
2016-11-15T13:28:17.915+0100: 28695.107: Total time for which application threads were stopped: 0.0010843 seconds, Stopping threads took: 0.0001305 seconds
2016-11-15T13:28:17.959+0100: 28695.151: Total time for which application threads were stopped: 0.0011118 seconds, Stopping threads took: 0.0001025 seconds
2016-11-15T13:28:21.339+0100: 28698.531: [GC pause (G1 Evacuation Pause) (young)
Desired survivor size 80740352 bytes, new threshold 15 (max 15)
- age   1:     624864 bytes,     624864 total
- age   2:    4873264 bytes,    5498128 total
- age   3:     506168 bytes,    6004296 total
- age   4:     448240 bytes,    6452536 total
- age   5:     255480 bytes,    6708016 total
- age   6:    3498072 bytes,   10206088 total
- age   7:    3032264 bytes,   13238352 total
- age   8:    5721512 bytes,   18959864 total
- age   9:   11815712 bytes,   30775576 total
- age  10:      18856 bytes,   30794432 total
2016-11-15T13:28:21.384+0100: 28698.576: [SoftReference, 23 refs, 0.0048821 secs]2016-11-15T13:28:21.388+0100: 28698.581: [WeakReference, 6 refs, 0.0030443 secs]2016-11-15T13:28:21.392+0100: 28698.584: [FinalReference, 412 refs, 0.0032802 secs]2016-11-15T13:28:21.395+0100: 28698.587: [PhantomReference, 0 refs, 0 refs, 0.0060230 secs]2016-11-15T13:28:21.401+0100: 28698.593: [JNI Weak Reference, 0.0000290 secs], 0.0784105 secs]
   [Parallel Time: 42.0 ms, GC Workers: 43]
      [GC Worker Start (ms): Min: 28698531.8, Avg: 28698532.4, Max: 28698532.9, Diff: 1.1]
      [Ext Root Scanning (ms): Min: 1.7, Avg: 2.5, Max: 6.5, Diff: 4.8, Sum: 109.3]
      [Update RS (ms): Min: 3.0, Avg: 7.2, Max: 16.2, Diff: 13.1, Sum: 311.0]
         [Processed Buffers: Min: 1, Avg: 6.1, Max: 13, Diff: 12, Sum: 264]
      [Scan RS (ms): Min: 0.1, Avg: 0.7, Max: 1.1, Diff: 1.0, Sum: 29.8]
      [Code Root Scanning (ms): Min: 0.0, Avg: 0.1, Max: 0.5, Diff: 0.5, Sum: 2.4]
      [Object Copy (ms): Min: 21.1, Avg: 29.2, Max: 30.1, Diff: 9.1, Sum: 1254.0]
      [Termination (ms): Min: 0.0, Avg: 0.1, Max: 0.3, Diff: 0.3, Sum: 6.3]
         [Termination Attempts: Min: 1, Avg: 31.3, Max: 58, Diff: 57, Sum: 1346]
      [GC Worker Other (ms): Min: 0.1, Avg: 0.5, Max: 1.0, Diff: 0.9, Sum: 20.0]
      [GC Worker Total (ms): Min: 39.6, Avg: 40.3, Max: 41.0, Diff: 1.4, Sum: 1733.0]
      [GC Worker End (ms): Min: 28698572.3, Avg: 28698572.7, Max: 28698573.2, Diff: 0.9]
   [Code Root Fixup: 0.3 ms]
   [Code Root Purge: 0.0 ms]
   [String Dedup Fixup: 2.3 ms, GC Workers: 43]
      [Queue Fixup (ms): Min: 0.0, Avg: 0.0, Max: 0.2, Diff: 0.2, Sum: 1.0]
      [Table Fixup (ms): Min: 0.4, Avg: 1.2, Max: 1.5, Diff: 1.1, Sum: 50.8]
   [Clear CT: 6.5 ms]
   [Other: 27.3 ms]
      [Choose CSet: 0.0 ms]
      [Ref Proc: 19.2 ms]
      [Ref Enq: 1.2 ms]
      [Redirty Cards: 1.3 ms]
      [Humongous Register: 0.1 ms]
      [Humongous Reclaim: 0.1 ms]
      [Free CSet: 4.4 ms]
   [Eden: 1166.0M(1166.0M)->0.0B(1152.0M) Survivors: 62.0M->76.0M Heap: 1683.2M(2048.0M)->527.6M(2048.0M)]
 [Times: user=2.00 sys=0.02, real=0.08 secs] 
2016-11-15T13:28:21.418+0100: 28698.610: Total time for which application threads were stopped: 0.0806112 seconds, Stopping threads took: 0.0001708 seconds
2016-11-15T13:28:21.420+0100: 28698.612: Total time for which application threads were stopped: 0.0016344 seconds, Stopping threads took: 0.0001730 seconds
2016-11-15T13:28:21.435+0100: 28698.627: [GC concurrent-string-deduplication, 1873.6K->75.1K(1798.4K), avg 87.9%, 0.0152474 secs]
2016-11-15T13:28:30.664+0100: 28707.857: Total time for which application threads were stopped: 0.0015509 seconds, Stopping threads took: 0.0001646 seconds
2016-11-15T13:29:29.123+0100: 28766.316: Total time for which application threads were stopped: 0.0015623 seconds, Stopping threads took: 0.0002306 seconds
2016-11-15T13:29:29.124+0100: 28766.317: Total time for which application threads were stopped: 0.0006958 seconds, Stopping threads took: 0.0000804 seconds
2016-11-15T13:29:29.125+0100: 28766.317: Total time for which application threads were stopped: 0.0006696 seconds, Stopping threads took: 0.0000771 seconds
2016-11-15T13:29:29.343+0100: 28766.536: Total time for which application threads were stopped: 0.0015028 seconds, Stopping threads took: 0.0001621 seconds
2016-11-15T13:29:46.346+0100: 28783.538: Total time for which application threads were stopped: 0.0014191 seconds, Stopping threads took: 0.0001574 seconds
2016-11-15T13:29:50.348+0100: 28787.540: Total time for which application threads were stopped: 0.0014775 seconds, Stopping threads took: 0.0001630 seconds
2016-11-15T13:29:58.035+0100: 28795.227: Total time for which application threads were stopped: 0.0015585 seconds, Stopping threads took: 0.0001712 seconds
2016-11-15T13:29:58.036+0100: 28795.228: Total time for which application threads were stopped: 0.0006757 seconds, Stopping threads took: 0.0000336 seconds
2016-11-15T13:29:58.036+0100: 28795.229: Total time for which application threads were stopped: 0.0007246 seconds, Stopping threads took: 0.0000663 seconds
2016-11-15T13:29:58.247+0100: 28795.440: Total time for which application threads were stopped: 0.0019832 seconds, Stopping threads took: 0.0001764 seconds
2016-11-15T13:30:00.249+0100: 28797.441: Total time for which application threads were stopped: 0.0015370 seconds, Stopping threads took: 0.0001596 seconds
2016-11-15T13:30:02.251+0100: 28799.443: Total time for which application threads were stopped: 0.0015515 seconds, Stopping threads took: 0.0001666 seconds
2016-11-15T13:30:05.110+0100: 28802.302: Total time for which application threads were stopped: 0.0038839 seconds, Stopping threads took: 0.0001629 seconds
2016-11-15T13:30:05.113+0100: 28802.306: Total time for which application threads were stopped: 0.0028715 seconds, Stopping threads took: 0.0000503 seconds
2016-11-15T13:30:05.116+0100: 28802.308: Total time for which application threads were stopped: 0.0026723 seconds, Stopping threads took: 0.0000464 seconds
2016-11-15T13:30:05.121+0100: 28802.313: Total time for which application threads were stopped: 0.0010133 seconds, Stopping threads took: 0.0000606 seconds
2016-11-15T13:30:05.122+0100: 28802.314: Total time for which application threads were stopped: 0.0006513 seconds, Stopping threads took: 0.0000327 seconds
2016-11-15T13:30:05.122+0100: 28802.315: Total time for which application threads were stopped: 0.0006630 seconds, Stopping threads took: 0.0000352 seconds
2016-11-15T13:30:05.170+0100: 28802.362: Total time for which application threads were stopped: 0.0028872 seconds, Stopping threads took: 0.0000595 seconds
2016-11-15T13:30:05.929+0100: 28803.121: Total time for which application threads were stopped: 0.0015711 seconds, Stopping threads took: 0.0001676 seconds
2016-11-15T13:30:52.934+0100: 28850.126: Total time for which application threads were stopped: 0.0016101 seconds, Stopping threads took: 0.0001693 seconds
2016-11-15T13:31:32.756+0100: 28889.949: Total time for which application threads were stopped: 0.0016013 seconds, Stopping threads took: 0.0001621 seconds
2016-11-15T13:31:32.757+0100: 28889.950: Total time for which application threads were stopped: 0.0006833 seconds, Stopping threads took: 0.0000334 seconds
2016-11-15T13:31:32.758+0100: 28889.951: Total time for which application threads were stopped: 0.0006634 seconds, Stopping threads took: 0.0000312 seconds
2016-11-15T13:31:32.812+0100: 28890.004: Total time for which application threads were stopped: 0.0008330 seconds, Stopping threads took: 0.0000660 seconds
2016-11-15T13:31:51.501+0100: 28908.693: Total time for which application threads were stopped: 0.0015815 seconds, Stopping threads took: 0.0001624 seconds
2016-11-15T13:31:51.502+0100: 28908.694: Total time for which application threads were stopped: 0.0006714 seconds, Stopping threads took: 0.0000339 seconds
2016-11-15T13:31:51.502+0100: 28908.695: Total time for which application threads were stopped: 0.0006514 seconds, Stopping threads took: 0.0000298 seconds
2016-11-15T13:31:51.613+0100: 28908.805: Total time for which application threads were stopped: 0.0014439 seconds, Stopping threads took: 0.0001415 seconds
2016-11-15T13:31:54.780+0100: 28911.972: Total time for which application threads were stopped: 0.0015479 seconds, Stopping threads took: 0.0001643 seconds
2016-11-15T13:31:54.781+0100: 28911.973: Total time for which application threads were stopped: 0.0006609 seconds, Stopping threads took: 0.0000335 seconds
2016-11-15T13:31:54.781+0100: 28911.974: Total time for which application threads were stopped: 0.0006496 seconds, Stopping threads took: 0.0000298 seconds
2016-11-15T13:31:54.831+0100: 28912.024: Total time for which application threads were stopped: 0.0009148 seconds, Stopping threads took: 0.0000650 seconds
2016-11-15T13:32:10.834+0100: 28928.027: Total time for which application threads were stopped: 0.0015073 seconds, Stopping threads took: 0.0001490 seconds
2016-11-15T13:32:36.534+0100: 28953.726: Total time for which application threads were stopped: 0.0016547 seconds, Stopping threads took: 0.0001694 seconds
2016-11-15T13:32:41.895+0100: 28959.087: Total time for which application threads were stopped: 0.0015419 seconds, Stopping threads took: 0.0001657 seconds
2016-11-15T13:33:06.897+0100: 28984.089: Total time for which application threads were stopped: 0.0014635 seconds, Stopping threads took: 0.0001614 seconds
2016-11-15T13:33:06.898+0100: 28984.090: Total time for which application threads were stopped: 0.0006262 seconds, Stopping threads took: 0.0000360 seconds
2016-11-15T13:33:32.965+0100: 29010.157: Total time for which application threads were stopped: 0.0014800 seconds, Stopping threads took: 0.0001607 seconds
2016-11-15T13:33:32.966+0100: 29010.158: Total time for which application threads were stopped: 0.0006490 seconds, Stopping threads took: 0.0000376 seconds
2016-11-15T13:33:32.967+0100: 29010.159: Total time for which application threads were stopped: 0.0006336 seconds, Stopping threads took: 0.0000351 seconds
2016-11-15T13:33:33.207+0100: 29010.400: Total time for which application threads were stopped: 0.0015482 seconds, Stopping threads took: 0.0001658 seconds
2016-11-15T13:33:45.210+0100: 29022.402: Total time for which application threads were stopped: 0.0015640 seconds, Stopping threads took: 0.0001615 seconds
2016-11-15T13:34:16.423+0100: 29053.615: Total time for which application threads were stopped: 0.0014820 seconds, Stopping threads took: 0.0001568 seconds
2016-11-15T13:34:16.424+0100: 29053.616: Total time for which application threads were stopped: 0.0006476 seconds, Stopping threads took: 0.0000386 seconds
2016-11-15T13:34:16.425+0100: 29053.617: Total time for which application threads were stopped: 0.0006347 seconds, Stopping threads took: 0.0000344 seconds
2016-11-15T13:34:16.564+0100: 29053.756: Total time for which application threads were stopped: 0.0013668 seconds, Stopping threads took: 0.0001442 seconds
2016-11-15T13:34:18.565+0100: 29055.758: Total time for which application threads were stopped: 0.0014731 seconds, Stopping threads took: 0.0001737 seconds
2016-11-15T13:34:40.323+0100: 29077.516: [GC pause (G1 Evacuation Pause) (young)
Desired survivor size 80740352 bytes, new threshold 15 (max 15)
- age   1:    7851768 bytes,    7851768 total
- age   2:     423224 bytes,    8274992 total
- age   3:    4872576 bytes,   13147568 total
- age   4:     492160 bytes,   13639728 total
- age   5:     448240 bytes,   14087968 total
- age   6:     252264 bytes,   14340232 total
- age   7:    3497096 bytes,   17837328 total
- age   8:    2973416 bytes,   20810744 total
- age   9:    5721216 bytes,   26531960 total
- age  10:   11815368 bytes,   38347328 total
- age  11:      18856 bytes,   38366184 total
2016-11-15T13:34:40.366+0100: 29077.559: [SoftReference, 26 refs, 0.0059847 secs]2016-11-15T13:34:40.372+0100: 29077.565: [WeakReference, 9 refs, 0.0031881 secs]2016-11-15T13:34:40.375+0100: 29077.568: [FinalReference, 155 refs, 0.0040833 secs]2016-11-15T13:34:40.379+0100: 29077.572: [PhantomReference, 0 refs, 0 refs, 0.0062867 secs]2016-11-15T13:34:40.386+0100: 29077.578: [JNI Weak Reference, 0.0000317 secs], 0.0789698 secs]
   [Parallel Time: 39.8 ms, GC Workers: 43]
      [GC Worker Start (ms): Min: 29077516.4, Avg: 29077517.0, Max: 29077517.5, Diff: 1.1]
      [Ext Root Scanning (ms): Min: 1.7, Avg: 2.5, Max: 6.6, Diff: 4.9, Sum: 108.6]
      [Update RS (ms): Min: 2.8, Avg: 5.6, Max: 8.2, Diff: 5.4, Sum: 240.9]
         [Processed Buffers: Min: 1, Avg: 5.3, Max: 13, Diff: 12, Sum: 228]
      [Scan RS (ms): Min: 0.1, Avg: 0.7, Max: 1.0, Diff: 0.9, Sum: 30.8]
      [Code Root Scanning (ms): Min: 0.0, Avg: 0.0, Max: 0.2, Diff: 0.2, Sum: 2.1]
      [Object Copy (ms): Min: 26.4, Avg: 27.8, Max: 28.4, Diff: 2.0, Sum: 1196.4]
      [Termination (ms): Min: 0.1, Avg: 0.9, Max: 1.2, Diff: 1.1, Sum: 40.7]
         [Termination Attempts: Min: 1, Avg: 16.8, Max: 36, Diff: 35, Sum: 722]
      [GC Worker Other (ms): Min: 0.0, Avg: 0.4, Max: 0.9, Diff: 0.9, Sum: 19.3]
      [GC Worker Total (ms): Min: 37.2, Avg: 38.1, Max: 38.7, Diff: 1.5, Sum: 1638.9]
      [GC Worker End (ms): Min: 29077554.7, Avg: 29077555.1, Max: 29077555.6, Diff: 0.9]
   [Code Root Fixup: 0.2 ms]
   [Code Root Purge: 0.0 ms]
   [String Dedup Fixup: 2.5 ms, GC Workers: 43]
      [Queue Fixup (ms): Min: 0.0, Avg: 0.0, Max: 0.0, Diff: 0.0, Sum: 0.1]
      [Table Fixup (ms): Min: 0.7, Avg: 1.2, Max: 1.6, Diff: 0.9, Sum: 51.5]
   [Clear CT: 6.6 ms]
   [Other: 29.9 ms]
      [Choose CSet: 0.0 ms]
      [Ref Proc: 21.8 ms]
      [Ref Enq: 1.3 ms]
      [Redirty Cards: 1.3 ms]
      [Humongous Register: 0.1 ms]
      [Humongous Reclaim: 0.1 ms]
      [Free CSet: 4.3 ms]
   [Eden: 1152.0M(1152.0M)->0.0B(1155.0M) Survivors: 76.0M->73.0M Heap: 1680.6M(2048.0M)->524.7M(2048.0M)]
 [Times: user=2.01 sys=0.01, real=0.08 secs] 
2016-11-15T13:34:40.403+0100: 29077.595: Total time for which application threads were stopped: 0.0812540 seconds, Stopping threads took: 0.0001636 seconds
2016-11-15T13:34:40.405+0100: 29077.597: Total time for which application threads were stopped: 0.0015893 seconds, Stopping threads took: 0.0001474 seconds
2016-11-15T13:34:40.405+0100: 29077.597: [GC concurrent-string-deduplication, 26.7K->4584.0B(22.2K), avg 87.9%, 0.0004659 secs]
2016-11-15T13:35:19.409+0100: 29116.602: Total time for which application threads were stopped: 0.0014419 seconds, Stopping threads took: 0.0001653 seconds
2016-11-15T13:35:30.065+0100: 29127.258: Total time for which application threads were stopped: 0.0016225 seconds, Stopping threads took: 0.0001733 seconds
2016-11-15T13:35:30.066+0100: 29127.259: Total time for which application threads were stopped: 0.0007036 seconds, Stopping threads took: 0.0000352 seconds
2016-11-15T13:35:30.067+0100: 29127.259: Total time for which application threads were stopped: 0.0006762 seconds, Stopping threads took: 0.0000313 seconds
2016-11-15T13:35:30.275+0100: 29127.467: Total time for which application threads were stopped: 0.0012494 seconds, Stopping threads took: 0.0001172 seconds
2016-11-15T13:35:37.141+0100: 29134.334: Total time for which application threads were stopped: 0.0014488 seconds, Stopping threads took: 0.0001639 seconds
2016-11-15T13:35:37.143+0100: 29134.335: Total time for which application threads were stopped: 0.0006442 seconds, Stopping threads took: 0.0000369 seconds
2016-11-15T13:35:37.143+0100: 29134.336: Total time for which application threads were stopped: 0.0006061 seconds, Stopping threads took: 0.0000312 seconds
2016-11-15T13:35:37.313+0100: 29134.505: Total time for which application threads were stopped: 0.0014251 seconds, Stopping threads took: 0.0001500 seconds
2016-11-15T13:36:26.318+0100: 29183.511: Total time for which application threads were stopped: 0.0016450 seconds, Stopping threads took: 0.0001655 seconds
2016-11-15T13:36:31.637+0100: 29188.830: Total time for which application threads were stopped: 0.0015805 seconds, Stopping threads took: 0.0001682 seconds
2016-11-15T13:36:31.638+0100: 29188.831: Total time for which application threads were stopped: 0.0006886 seconds, Stopping threads took: 0.0000354 seconds
2016-11-15T13:36:31.639+0100: 29188.832: Total time for which application threads were stopped: 0.0006478 seconds, Stopping threads took: 0.0000316 seconds
2016-11-15T13:36:31.724+0100: 29188.916: Total time for which application threads were stopped: 0.0008616 seconds, Stopping threads took: 0.0001101 seconds
2016-11-15T13:36:34.970+0100: 29192.162: Total time for which application threads were stopped: 0.0015951 seconds, Stopping threads took: 0.0001656 seconds
2016-11-15T13:36:34.971+0100: 29192.164: Total time for which application threads were stopped: 0.0007661 seconds, Stopping threads took: 0.0000507 seconds
2016-11-15T13:36:34.972+0100: 29192.164: Total time for which application threads were stopped: 0.0006325 seconds, Stopping threads took: 0.0000319 seconds
2016-11-15T13:36:35.008+0100: 29192.201: Total time for which application threads were stopped: 0.0007583 seconds, Stopping threads took: 0.0000604 seconds
2016-11-15T13:36:45.011+0100: 29202.203: Total time for which application threads were stopped: 0.0015176 seconds, Stopping threads took: 0.0001572 seconds
2016-11-15T13:36:45.272+0100: 29202.465: Total time for which application threads were stopped: 0.0010631 seconds, Stopping threads took: 0.0000851 seconds
2016-11-15T13:36:45.273+0100: 29202.466: Total time for which application threads were stopped: 0.0006820 seconds, Stopping threads took: 0.0000338 seconds
2016-11-15T13:36:45.274+0100: 29202.467: Total time for which application threads were stopped: 0.0007556 seconds, Stopping threads took: 0.0000882 seconds
2016-11-15T13:36:45.517+0100: 29202.709: Total time for which application threads were stopped: 0.0014252 seconds, Stopping threads took: 0.0001485 seconds
2016-11-15T13:36:55.017+0100: 29212.209: Total time for which application threads were stopped: 0.0015654 seconds, Stopping threads took: 0.0001562 seconds
2016-11-15T13:36:55.018+0100: 29212.210: Total time for which application threads were stopped: 0.0006942 seconds, Stopping threads took: 0.0000445 seconds
2016-11-15T13:36:55.019+0100: 29212.211: Total time for which application threads were stopped: 0.0009309 seconds, Stopping threads took: 0.0001295 seconds
2016-11-15T13:36:55.062+0100: 29212.254: Total time for which application threads were stopped: 0.0007991 seconds, Stopping threads took: 0.0000568 seconds
2016-11-15T13:37:15.064+0100: 29232.257: Total time for which application threads were stopped: 0.0014246 seconds, Stopping threads took: 0.0001692 seconds
2016-11-15T13:38:42.072+0100: 29319.265: Total time for which application threads were stopped: 0.0015758 seconds, Stopping threads took: 0.0001593 seconds
2016-11-15T13:39:38.221+0100: 29375.414: [GC pause (G1 Evacuation Pause) (young)
Desired survivor size 80740352 bytes, new threshold 15 (max 15)
- age   1:     762416 bytes,     762416 total
- age   2:    7403672 bytes,    8166088 total
- age   3:     421632 bytes,    8587720 total
- age   4:    3030856 bytes,   11618576 total
- age   5:     492136 bytes,   12110712 total
- age   6:     438616 bytes,   12549328 total
- age   7:     250480 bytes,   12799808 total
- age   8:    3496088 bytes,   16295896 total
- age   9:    2973256 bytes,   19269152 total
- age  10:    5721216 bytes,   24990368 total
- age  11:   11815368 bytes,   36805736 total
- age  12:      18856 bytes,   36824592 total
2016-11-15T13:39:38.264+0100: 29375.456: [SoftReference, 216 refs, 0.0052100 secs]2016-11-15T13:39:38.269+0100: 29375.461: [WeakReference, 6 refs, 0.0036740 secs]2016-11-15T13:39:38.273+0100: 29375.465: [FinalReference, 168 refs, 0.0031479 secs]2016-11-15T13:39:38.276+0100: 29375.468: [PhantomReference, 0 refs, 0 refs, 0.0060263 secs]2016-11-15T13:39:38.282+0100: 29375.474: [JNI Weak Reference, 0.0000299 secs], 0.0765759 secs]
   [Parallel Time: 39.7 ms, GC Workers: 43]
      [GC Worker Start (ms): Min: 29375414.5, Avg: 29375415.0, Max: 29375415.4, Diff: 1.0]
      [Ext Root Scanning (ms): Min: 1.8, Avg: 2.4, Max: 5.3, Diff: 3.6, Sum: 104.0]
      [Update RS (ms): Min: 0.0, Avg: 6.7, Max: 8.0, Diff: 8.0, Sum: 288.5]
         [Processed Buffers: Min: 0, Avg: 6.0, Max: 16, Diff: 16, Sum: 258]
      [Scan RS (ms): Min: 0.1, Avg: 0.7, Max: 1.0, Diff: 0.9, Sum: 30.0]
      [Code Root Scanning (ms): Min: 0.0, Avg: 0.0, Max: 0.2, Diff: 0.2, Sum: 1.8]
      [Object Copy (ms): Min: 27.1, Avg: 27.6, Max: 34.7, Diff: 7.6, Sum: 1188.5]
      [Termination (ms): Min: 0.0, Avg: 0.1, Max: 0.2, Diff: 0.2, Sum: 3.9]
         [Termination Attempts: Min: 1, Avg: 16.5, Max: 35, Diff: 34, Sum: 709]
      [GC Worker Other (ms): Min: 0.0, Avg: 0.4, Max: 1.0, Diff: 0.9, Sum: 19.0]
      [GC Worker Total (ms): Min: 37.3, Avg: 38.0, Max: 38.8, Diff: 1.5, Sum: 1635.8]
      [GC Worker End (ms): Min: 29375452.6, Avg: 29375453.0, Max: 29375453.5, Diff: 0.9]
   [Code Root Fixup: 0.3 ms]
   [Code Root Purge: 0.0 ms]
   [String Dedup Fixup: 2.1 ms, GC Workers: 43]
      [Queue Fixup (ms): Min: 0.0, Avg: 0.0, Max: 0.3, Diff: 0.3, Sum: 1.5]
      [Table Fixup (ms): Min: 0.8, Avg: 1.2, Max: 1.5, Diff: 0.7, Sum: 51.4]
   [Clear CT: 6.6 ms]
   [Other: 28.0 ms]
      [Choose CSet: 0.0 ms]
      [Ref Proc: 20.0 ms]
      [Ref Enq: 1.2 ms]
      [Redirty Cards: 1.2 ms]
      [Humongous Register: 0.1 ms]
      [Humongous Reclaim: 0.1 ms]
      [Free CSet: 4.5 ms]
   [Eden: 1155.0M(1155.0M)->0.0B(1153.0M) Survivors: 73.0M->75.0M Heap: 1685.7M(2048.0M)->530.1M(2048.0M)]
 [Times: user=2.01 sys=0.03, real=0.08 secs] 
2016-11-15T13:39:38.298+0100: 29375.491: Total time for which application threads were stopped: 0.0787836 seconds, Stopping threads took: 0.0001647 seconds
2016-11-15T13:39:38.327+0100: 29375.520: [GC concurrent-string-deduplication, 2798.2K->632.6K(2165.6K), avg 87.7%, 0.0288280 secs]
2016-11-15T13:40:00.302+0100: 29397.494: Total time for which application threads were stopped: 0.0014772 seconds, Stopping threads took: 0.0001717 seconds
2016-11-15T13:40:11.905+0100: 29409.097: Total time for which application threads were stopped: 0.0016449 seconds, Stopping threads took: 0.0002074 seconds
2016-11-15T13:40:11.906+0100: 29409.098: Total time for which application threads were stopped: 0.0007270 seconds, Stopping threads took: 0.0000796 seconds
2016-11-15T13:40:11.907+0100: 29409.099: Total time for which application threads were stopped: 0.0007041 seconds, Stopping threads took: 0.0000796 seconds
2016-11-15T13:40:12.044+0100: 29409.237: Total time for which application threads were stopped: 0.0012739 seconds, Stopping threads took: 0.0001294 seconds
2016-11-15T13:42:05.054+0100: 29522.246: Total time for which application threads were stopped: 0.0015370 seconds, Stopping threads took: 0.0001613 seconds
2016-11-15T13:42:12.056+0100: 29529.248: Total time for which application threads were stopped: 0.0013933 seconds, Stopping threads took: 0.0001571 seconds
2016-11-15T13:43:28.113+0100: 29605.305: Total time for which application threads were stopped: 0.0015213 seconds, Stopping threads took: 0.0001667 seconds
2016-11-15T13:43:28.114+0100: 29605.306: Total time for which application threads were stopped: 0.0006627 seconds, Stopping threads took: 0.0000365 seconds
2016-11-15T13:43:28.115+0100: 29605.307: Total time for which application threads were stopped: 0.0008871 seconds, Stopping threads took: 0.0001252 seconds
2016-11-15T13:43:28.291+0100: 29605.484: Total time for which application threads were stopped: 0.0011900 seconds, Stopping threads took: 0.0001196 seconds
2016-11-15T13:43:36.793+0100: 29613.985: Total time for which application threads were stopped: 0.0015049 seconds, Stopping threads took: 0.0002307 seconds
2016-11-15T13:43:36.794+0100: 29613.986: Total time for which application threads were stopped: 0.0010346 seconds, Stopping threads took: 0.0001816 seconds
2016-11-15T13:43:36.795+0100: 29613.987: Total time for which application threads were stopped: 0.0007110 seconds, Stopping threads took: 0.0000727 seconds
2016-11-15T13:43:36.842+0100: 29614.035: Total time for which application threads were stopped: 0.0007895 seconds, Stopping threads took: 0.0000607 seconds
2016-11-15T13:43:36.843+0100: 29614.035: Total time for which application threads were stopped: 0.0006379 seconds, Stopping threads took: 0.0000341 seconds
2016-11-15T13:43:36.844+0100: 29614.036: Total time for which application threads were stopped: 0.0006333 seconds, Stopping threads took: 0.0000316 seconds
2016-11-15T13:43:36.865+0100: 29614.058: Total time for which application threads were stopped: 0.0007729 seconds, Stopping threads took: 0.0000643 seconds
2016-11-15T13:43:42.476+0100: 29619.668: [GC pause (G1 Evacuation Pause) (young)
Desired survivor size 80740352 bytes, new threshold 15 (max 15)
- age   1:     940016 bytes,     940016 total
- age   2:     444096 bytes,    1384112 total
- age   3:    7224736 bytes,    8608848 total
- age   4:     364768 bytes,    8973616 total
- age   5:    3030832 bytes,   12004448 total
- age   6:     312784 bytes,   12317232 total
- age   7:     438616 bytes,   12755848 total
- age   8:     249168 bytes,   13005016 total
- age   9:    3492240 bytes,   16497256 total
- age  10:    2973256 bytes,   19470512 total
- age  11:    5686832 bytes,   25157344 total
- age  12:   11815216 bytes,   36972560 total
- age  13:      18856 bytes,   36991416 total
2016-11-15T13:43:42.516+0100: 29619.709: [SoftReference, 46 refs, 0.0054918 secs]2016-11-15T13:43:42.522+0100: 29619.714: [WeakReference, 4 refs, 0.0034193 secs]2016-11-15T13:43:42.525+0100: 29619.718: [FinalReference, 129 refs, 0.0038509 secs]2016-11-15T13:43:42.529+0100: 29619.722: [PhantomReference, 0 refs, 0 refs, 0.0064158 secs]2016-11-15T13:43:42.536+0100: 29619.728: [JNI Weak Reference, 0.0000343 secs], 0.0774229 secs]
   [Parallel Time: 38.0 ms, GC Workers: 43]
      [GC Worker Start (ms): Min: 29619668.7, Avg: 29619669.2, Max: 29619669.7, Diff: 1.0]
      [Ext Root Scanning (ms): Min: 1.7, Avg: 2.4, Max: 5.6, Diff: 3.8, Sum: 103.7]
      [Update RS (ms): Min: 3.2, Avg: 6.0, Max: 7.9, Diff: 4.7, Sum: 257.6]
         [Processed Buffers: Min: 1, Avg: 5.5, Max: 12, Diff: 11, Sum: 237]
      [Scan RS (ms): Min: 0.1, Avg: 0.7, Max: 0.9, Diff: 0.9, Sum: 29.0]
      [Code Root Scanning (ms): Min: 0.0, Avg: 0.1, Max: 0.4, Diff: 0.4, Sum: 2.2]
      [Object Copy (ms): Min: 25.5, Avg: 26.6, Max: 26.8, Diff: 1.3, Sum: 1141.9]
      [Termination (ms): Min: 0.0, Avg: 0.1, Max: 0.1, Diff: 0.1, Sum: 3.6]
         [Termination Attempts: Min: 1, Avg: 13.5, Max: 23, Diff: 22, Sum: 579]
      [GC Worker Other (ms): Min: 0.1, Avg: 0.5, Max: 0.9, Diff: 0.9, Sum: 20.4]
      [GC Worker Total (ms): Min: 35.4, Avg: 36.2, Max: 37.0, Diff: 1.6, Sum: 1558.5]
      [GC Worker End (ms): Min: 29619705.1, Avg: 29619705.5, Max: 29619705.9, Diff: 0.9]
   [Code Root Fixup: 0.3 ms]
   [Code Root Purge: 0.0 ms]
   [String Dedup Fixup: 2.5 ms, GC Workers: 43]
      [Queue Fixup (ms): Min: 0.0, Avg: 0.0, Max: 0.0, Diff: 0.0, Sum: 0.2]
      [Table Fixup (ms): Min: 0.8, Avg: 1.3, Max: 1.8, Diff: 1.0, Sum: 57.6]
   [Clear CT: 7.3 ms]
   [Other: 29.4 ms]
      [Choose CSet: 0.0 ms]
      [Ref Proc: 21.3 ms]
      [Ref Enq: 1.3 ms]
      [Redirty Cards: 1.4 ms]
      [Humongous Register: 0.1 ms]
      [Humongous Reclaim: 0.1 ms]
      [Free CSet: 4.4 ms]
   [Eden: 1153.0M(1153.0M)->0.0B(1167.0M) Survivors: 75.0M->61.0M Heap: 1686.1M(2048.0M)->517.6M(2048.0M)]
 [Times: user=1.93 sys=0.03, real=0.08 secs] 
2016-11-15T13:43:42.554+0100: 29619.746: Total time for which application threads were stopped: 0.0796667 seconds, Stopping threads took: 0.0002082 seconds
2016-11-15T13:43:42.555+0100: 29619.748: Total time for which application threads were stopped: 0.0016274 seconds, Stopping threads took: 0.0001927 seconds
2016-11-15T13:43:42.556+0100: 29619.748: [GC concurrent-string-deduplication, 17.6K->2264.0B(15.4K), avg 87.7%, 0.0003016 secs]
2016-11-15T13:43:52.239+0100: 29629.432: Total time for which application threads were stopped: 0.0014778 seconds, Stopping threads took: 0.0001753 seconds
2016-11-15T13:43:52.240+0100: 29629.433: Total time for which application threads were stopped: 0.0006462 seconds, Stopping threads took: 0.0000496 seconds
2016-11-15T13:43:52.241+0100: 29629.434: Total time for which application threads were stopped: 0.0006352 seconds, Stopping threads took: 0.0000349 seconds
2016-11-15T13:43:52.292+0100: 29629.484: Total time for which application threads were stopped: 0.0008085 seconds, Stopping threads took: 0.0000676 seconds
2016-11-15T13:43:57.293+0100: 29634.486: Total time for which application threads were stopped: 0.0013994 seconds, Stopping threads took: 0.0001702 seconds
2016-11-15T13:44:02.142+0100: 29639.334: Total time for which application threads were stopped: 0.0014477 seconds, Stopping threads took: 0.0001667 seconds
2016-11-15T13:44:02.143+0100: 29639.335: Total time for which application threads were stopped: 0.0006256 seconds, Stopping threads took: 0.0000319 seconds
2016-11-15T13:44:02.144+0100: 29639.336: Total time for which application threads were stopped: 0.0006092 seconds, Stopping threads took: 0.0000308 seconds
2016-11-15T13:44:02.320+0100: 29639.513: Total time for which application threads were stopped: 0.0010968 seconds, Stopping threads took: 0.0001026 seconds
2016-11-15T13:44:17.168+0100: 29654.360: Total time for which application threads were stopped: 0.0014370 seconds, Stopping threads took: 0.0001682 seconds
2016-11-15T13:44:17.169+0100: 29654.361: Total time for which application threads were stopped: 0.0006126 seconds, Stopping threads took: 0.0000322 seconds
2016-11-15T13:44:17.170+0100: 29654.362: Total time for which application threads were stopped: 0.0006143 seconds, Stopping threads took: 0.0000311 seconds
2016-11-15T13:44:17.330+0100: 29654.522: Total time for which application threads were stopped: 0.0009349 seconds, Stopping threads took: 0.0000832 seconds
2016-11-15T13:44:22.363+0100: 29659.555: Total time for which application threads were stopped: 0.0014852 seconds, Stopping threads took: 0.0001632 seconds
2016-11-15T13:44:22.364+0100: 29659.556: Total time for which application threads were stopped: 0.0006608 seconds, Stopping threads took: 0.0000376 seconds
2016-11-15T13:44:22.365+0100: 29659.557: Total time for which application threads were stopped: 0.0006354 seconds, Stopping threads took: 0.0000306 seconds
2016-11-15T13:44:22.490+0100: 29659.683: Total time for which application threads were stopped: 0.0008371 seconds, Stopping threads took: 0.0000608 seconds
2016-11-15T13:44:50.494+0100: 29687.686: Total time for which application threads were stopped: 0.0015318 seconds, Stopping threads took: 0.0001712 seconds
2016-11-15T13:45:36.499+0100: 29733.691: Total time for which application threads were stopped: 0.0015011 seconds, Stopping threads took: 0.0001688 seconds
2016-11-15T13:45:39.609+0100: 29736.801: Total time for which application threads were stopped: 0.0034943 seconds, Stopping threads took: 0.0001710 seconds
2016-11-15T13:45:39.611+0100: 29736.804: Total time for which application threads were stopped: 0.0026894 seconds, Stopping threads took: 0.0000448 seconds
2016-11-15T13:45:39.614+0100: 29736.806: Total time for which application threads were stopped: 0.0023953 seconds, Stopping threads took: 0.0000466 seconds
2016-11-15T13:45:39.661+0100: 29736.854: Total time for which application threads were stopped: 0.0009682 seconds, Stopping threads took: 0.0000586 seconds
2016-11-15T13:45:39.662+0100: 29736.854: Total time for which application threads were stopped: 0.0005990 seconds, Stopping threads took: 0.0000317 seconds
2016-11-15T13:45:39.663+0100: 29736.855: Total time for which application threads were stopped: 0.0006149 seconds, Stopping threads took: 0.0000347 seconds
2016-11-15T13:45:39.778+0100: 29736.970: Total time for which application threads were stopped: 0.0008008 seconds, Stopping threads took: 0.0000719 seconds
2016-11-15T13:45:48.106+0100: 29745.298: Total time for which application threads were stopped: 0.0015197 seconds, Stopping threads took: 0.0001574 seconds
2016-11-15T13:45:48.107+0100: 29745.299: Total time for which application threads were stopped: 0.0008194 seconds, Stopping threads took: 0.0001483 seconds
2016-11-15T13:45:48.108+0100: 29745.300: Total time for which application threads were stopped: 0.0007932 seconds, Stopping threads took: 0.0001608 seconds
2016-11-15T13:45:48.258+0100: 29745.450: Total time for which application threads were stopped: 0.0035539 seconds, Stopping threads took: 0.0001509 seconds
2016-11-15T13:45:48.363+0100: 29745.555: Total time for which application threads were stopped: 0.0011392 seconds, Stopping threads took: 0.0000770 seconds
2016-11-15T13:45:55.365+0100: 29752.557: Total time for which application threads were stopped: 0.0013962 seconds, Stopping threads took: 0.0001641 seconds
2016-11-15T13:46:26.090+0100: 29783.283: Total time for which application threads were stopped: 0.0014674 seconds, Stopping threads took: 0.0001563 seconds
2016-11-15T13:46:26.091+0100: 29783.284: Total time for which application threads were stopped: 0.0006289 seconds, Stopping threads took: 0.0000339 seconds
2016-11-15T13:46:26.092+0100: 29783.284: Total time for which application threads were stopped: 0.0006134 seconds, Stopping threads took: 0.0000321 seconds
2016-11-15T13:46:26.289+0100: 29783.481: Total time for which application threads were stopped: 0.0008531 seconds, Stopping threads took: 0.0000698 seconds
2016-11-15T13:46:31.151+0100: 29788.344: Total time for which application threads were stopped: 0.0015625 seconds, Stopping threads took: 0.0002126 seconds
2016-11-15T13:46:31.152+0100: 29788.345: Total time for which application threads were stopped: 0.0007434 seconds, Stopping threads took: 0.0000853 seconds
2016-11-15T13:46:31.153+0100: 29788.346: Total time for which application threads were stopped: 0.0006897 seconds, Stopping threads took: 0.0000780 seconds
2016-11-15T13:46:31.199+0100: 29788.391: Total time for which application threads were stopped: 0.0014364 seconds, Stopping threads took: 0.0001567 seconds
2016-11-15T13:47:50.206+0100: 29867.399: Total time for which application threads were stopped: 0.0016239 seconds, Stopping threads took: 0.0001876 seconds
2016-11-15T13:48:18.742+0100: 29895.934: Total time for which application threads were stopped: 0.0014455 seconds, Stopping threads took: 0.0001598 seconds
2016-11-15T13:48:18.743+0100: 29895.935: Total time for which application threads were stopped: 0.0006300 seconds, Stopping threads took: 0.0000359 seconds
2016-11-15T13:48:18.743+0100: 29895.936: Total time for which application threads were stopped: 0.0006131 seconds, Stopping threads took: 0.0000314 seconds
2016-11-15T13:48:18.937+0100: 29896.129: Total time for which application threads were stopped: 0.0013478 seconds, Stopping threads took: 0.0001392 seconds
2016-11-15T13:48:58.941+0100: 29936.134: Total time for which application threads were stopped: 0.0015819 seconds, Stopping threads took: 0.0001658 seconds
2016-11-15T13:49:12.240+0100: 29949.433: Total time for which application threads were stopped: 0.0014593 seconds, Stopping threads took: 0.0001607 seconds
2016-11-15T13:49:12.241+0100: 29949.434: Total time for which application threads were stopped: 0.0006599 seconds, Stopping threads took: 0.0000360 seconds
2016-11-15T13:49:12.242+0100: 29949.435: Total time for which application threads were stopped: 0.0006237 seconds, Stopping threads took: 0.0000312 seconds
2016-11-15T13:49:12.293+0100: 29949.486: Total time for which application threads were stopped: 0.0009320 seconds, Stopping threads took: 0.0000830 seconds
2016-11-15T13:49:31.882+0100: 29969.074: Total time for which application threads were stopped: 0.0016242 seconds, Stopping threads took: 0.0001803 seconds
2016-11-15T13:49:31.887+0100: 29969.079: Total time for which application threads were stopped: 0.0008227 seconds, Stopping threads took: 0.0000613 seconds
2016-11-15T13:49:31.888+0100: 29969.080: Total time for which application threads were stopped: 0.0007101 seconds, Stopping threads took: 0.0000390 seconds
2016-11-15T13:49:31.888+0100: 29969.081: Total time for which application threads were stopped: 0.0006466 seconds, Stopping threads took: 0.0000321 seconds
2016-11-15T13:49:32.114+0100: 29969.306: Total time for which application threads were stopped: 0.0009839 seconds, Stopping threads took: 0.0000796 seconds
2016-11-15T13:49:32.115+0100: 29969.307: Total time for which application threads were stopped: 0.0006458 seconds, Stopping threads took: 0.0000331 seconds
2016-11-15T13:49:32.116+0100: 29969.308: Total time for which application threads were stopped: 0.0006369 seconds, Stopping threads took: 0.0000326 seconds
2016-11-15T13:49:32.203+0100: 29969.396: Total time for which application threads were stopped: 0.0010367 seconds, Stopping threads took: 0.0000836 seconds
2016-11-15T13:51:55.215+0100: 30112.408: Total time for which application threads were stopped: 0.0016713 seconds, Stopping threads took: 0.0001762 seconds
2016-11-15T13:51:58.284+0100: 30115.476: [GC pause (G1 Evacuation Pause) (young)
Desired survivor size 80740352 bytes, new threshold 15 (max 15)
- age   1:     634544 bytes,     634544 total
- age   2:     634672 bytes,    1269216 total
- age   3:     410560 bytes,    1679776 total
- age   4:    5007456 bytes,    6687232 total
- age   5:     352168 bytes,    7039400 total
- age   6:    3023672 bytes,   10063072 total
- age   7:     312784 bytes,   10375856 total
- age   8:     438616 bytes,   10814472 total
- age   9:     249168 bytes,   11063640 total
- age  10:    3492240 bytes,   14555880 total
- age  11:    2973232 bytes,   17529112 total
- age  12:    5686776 bytes,   23215888 total
- age  13:   11815216 bytes,   35031104 total
- age  14:      18856 bytes,   35049960 total
2016-11-15T13:51:58.324+0100: 30115.517: [SoftReference, 26 refs, 0.0052057 secs]2016-11-15T13:51:58.329+0100: 30115.522: [WeakReference, 4 refs, 0.0031072 secs]2016-11-15T13:51:58.333+0100: 30115.525: [FinalReference, 373 refs, 0.0033434 secs]2016-11-15T13:51:58.336+0100: 30115.528: [PhantomReference, 0 refs, 0 refs, 0.0066181 secs]2016-11-15T13:51:58.343+0100: 30115.535: [JNI Weak Reference, 0.0000303 secs], 0.0759982 secs]
   [Parallel Time: 38.0 ms, GC Workers: 43]
      [GC Worker Start (ms): Min: 30115476.6, Avg: 30115477.2, Max: 30115477.7, Diff: 1.1]
      [Ext Root Scanning (ms): Min: 1.9, Avg: 2.5, Max: 5.6, Diff: 3.7, Sum: 108.3]
      [Update RS (ms): Min: 4.2, Avg: 6.7, Max: 7.9, Diff: 3.7, Sum: 288.9]
         [Processed Buffers: Min: 2, Avg: 5.8, Max: 16, Diff: 14, Sum: 251]
      [Scan RS (ms): Min: 0.1, Avg: 0.7, Max: 0.9, Diff: 0.8, Sum: 30.4]
      [Code Root Scanning (ms): Min: 0.0, Avg: 0.0, Max: 0.1, Diff: 0.1, Sum: 1.8]
      [Object Copy (ms): Min: 25.2, Avg: 25.7, Max: 25.9, Diff: 0.7, Sum: 1106.2]
      [Termination (ms): Min: 0.0, Avg: 0.1, Max: 0.2, Diff: 0.2, Sum: 6.1]
         [Termination Attempts: Min: 1, Avg: 24.9, Max: 46, Diff: 45, Sum: 1072]
      [GC Worker Other (ms): Min: 0.0, Avg: 0.4, Max: 1.0, Diff: 0.9, Sum: 18.4]
      [GC Worker Total (ms): Min: 35.6, Avg: 36.3, Max: 37.4, Diff: 1.8, Sum: 1560.1]
      [GC Worker End (ms): Min: 30115513.1, Avg: 30115513.5, Max: 30115514.0, Diff: 0.9]
   [Code Root Fixup: 0.3 ms]
   [Code Root Purge: 0.0 ms]
   [String Dedup Fixup: 2.3 ms, GC Workers: 43]
      [Queue Fixup (ms): Min: 0.0, Avg: 0.0, Max: 0.0, Diff: 0.0, Sum: 0.2]
      [Table Fixup (ms): Min: 0.9, Avg: 1.3, Max: 1.8, Diff: 0.9, Sum: 56.1]
   [Clear CT: 7.1 ms]
   [Other: 28.4 ms]
      [Choose CSet: 0.0 ms]
      [Ref Proc: 20.2 ms]
      [Ref Enq: 1.4 ms]
      [Redirty Cards: 1.3 ms]
      [Humongous Register: 0.1 ms]
      [Humongous Reclaim: 0.1 ms]
      [Free CSet: 4.5 ms]
   [Eden: 1167.0M(1167.0M)->0.0B(1157.0M) Survivors: 61.0M->71.0M Heap: 1689.6M(2048.0M)->530.2M(2048.0M)]
 [Times: user=1.93 sys=0.03, real=0.08 secs] 
2016-11-15T13:51:58.360+0100: 30115.553: Total time for which application threads were stopped: 0.0782388 seconds, Stopping threads took: 0.0001684 seconds
2016-11-15T13:51:58.362+0100: 30115.554: Total time for which application threads were stopped: 0.0015528 seconds, Stopping threads took: 0.0001260 seconds
2016-11-15T13:51:58.363+0100: 30115.555: Total time for which application threads were stopped: 0.0008230 seconds, Stopping threads took: 0.0001321 seconds
2016-11-15T13:51:58.364+0100: 30115.556: Total time for which application threads were stopped: 0.0007758 seconds, Stopping threads took: 0.0000868 seconds
2016-11-15T13:51:58.367+0100: 30115.560: Total time for which application threads were stopped: 0.0034272 seconds, Stopping threads took: 0.0001732 seconds
2016-11-15T13:51:58.368+0100: 30115.560: [GC concurrent-string-deduplication, 48.1K->4280.0B(43.9K), avg 87.7%, 0.0007549 secs]
2016-11-15T13:52:46.372+0100: 30163.565: Total time for which application threads were stopped: 0.0014453 seconds, Stopping threads took: 0.0001620 seconds
2016-11-15T13:53:10.821+0100: 30188.014: Total time for which application threads were stopped: 0.0015788 seconds, Stopping threads took: 0.0001633 seconds
2016-11-15T13:53:10.823+0100: 30188.015: Total time for which application threads were stopped: 0.0006696 seconds, Stopping threads took: 0.0000347 seconds
2016-11-15T13:53:10.823+0100: 30188.016: Total time for which application threads were stopped: 0.0006505 seconds, Stopping threads took: 0.0000331 seconds
2016-11-15T13:53:10.839+0100: 30188.031: Total time for which application threads were stopped: 0.0007492 seconds, Stopping threads took: 0.0000595 seconds
2016-11-15T13:53:11.343+0100: 30188.536: Total time for which application threads were stopped: 0.0014050 seconds, Stopping threads took: 0.0002193 seconds
2016-11-15T13:53:11.344+0100: 30188.537: Total time for which application threads were stopped: 0.0006726 seconds, Stopping threads took: 0.0000517 seconds
2016-11-15T13:53:11.345+0100: 30188.537: Total time for which application threads were stopped: 0.0006855 seconds, Stopping threads took: 0.0000770 seconds
2016-11-15T13:53:11.558+0100: 30188.750: Total time for which application threads were stopped: 0.0009498 seconds, Stopping threads took: 0.0000802 seconds
2016-11-15T13:53:17.560+0100: 30194.752: Total time for which application threads were stopped: 0.0014304 seconds, Stopping threads took: 0.0001665 seconds
2016-11-15T13:53:19.876+0100: 30197.069: Total time for which application threads were stopped: 0.0014636 seconds, Stopping threads took: 0.0001829 seconds
2016-11-15T13:53:19.877+0100: 30197.070: Total time for which application threads were stopped: 0.0006285 seconds, Stopping threads took: 0.0000328 seconds
2016-11-15T13:53:19.878+0100: 30197.070: Total time for which application threads were stopped: 0.0008899 seconds, Stopping threads took: 0.0001298 seconds
2016-11-15T13:53:19.919+0100: 30197.111: Total time for which application threads were stopped: 0.0007500 seconds, Stopping threads took: 0.0000587 seconds
2016-11-15T13:53:19.920+0100: 30197.112: Total time for which application threads were stopped: 0.0006053 seconds, Stopping threads took: 0.0000324 seconds
2016-11-15T13:53:19.920+0100: 30197.113: Total time for which application threads were stopped: 0.0006049 seconds, Stopping threads took: 0.0000325 seconds
2016-11-15T13:53:19.941+0100: 30197.133: Total time for which application threads were stopped: 0.0007184 seconds, Stopping threads took: 0.0000619 seconds
2016-11-15T13:53:25.725+0100: 30202.917: Total time for which application threads were stopped: 0.0015019 seconds, Stopping threads took: 0.0002124 seconds
2016-11-15T13:53:25.726+0100: 30202.918: Total time for which application threads were stopped: 0.0007016 seconds, Stopping threads took: 0.0000916 seconds
2016-11-15T13:53:25.726+0100: 30202.919: Total time for which application threads were stopped: 0.0006870 seconds, Stopping threads took: 0.0000906 seconds
2016-11-15T13:53:25.754+0100: 30202.946: Total time for which application threads were stopped: 0.0012373 seconds, Stopping threads took: 0.0001241 seconds
2016-11-15T13:53:25.755+0100: 30202.947: Total time for which application threads were stopped: 0.0009284 seconds, Stopping threads took: 0.0000409 seconds
2016-11-15T13:53:25.756+0100: 30202.948: Total time for which application threads were stopped: 0.0006418 seconds, Stopping threads took: 0.0000361 seconds
2016-11-15T13:53:25.794+0100: 30202.986: Total time for which application threads were stopped: 0.0012491 seconds, Stopping threads took: 0.0001274 seconds
2016-11-15T13:53:31.096+0100: 30208.288: Total time for which application threads were stopped: 0.0014564 seconds, Stopping threads took: 0.0001622 seconds
2016-11-15T13:53:31.097+0100: 30208.289: Total time for which application threads were stopped: 0.0006333 seconds, Stopping threads took: 0.0000368 seconds
2016-11-15T13:53:31.097+0100: 30208.290: Total time for which application threads were stopped: 0.0006288 seconds, Stopping threads took: 0.0000332 seconds
2016-11-15T13:53:31.149+0100: 30208.341: Total time for which application threads were stopped: 0.0008291 seconds, Stopping threads took: 0.0000591 seconds
2016-11-15T13:54:00.153+0100: 30237.345: Total time for which application threads were stopped: 0.0014551 seconds, Stopping threads took: 0.0001682 seconds
2016-11-15T13:56:16.601+0100: 30373.794: Total time for which application threads were stopped: 0.0017134 seconds, Stopping threads took: 0.0001580 seconds
2016-11-15T13:56:16.602+0100: 30373.795: Total time for which application threads were stopped: 0.0007616 seconds, Stopping threads took: 0.0000988 seconds
2016-11-15T13:56:16.603+0100: 30373.796: Total time for which application threads were stopped: 0.0007217 seconds, Stopping threads took: 0.0000775 seconds
2016-11-15T13:56:16.858+0100: 30374.050: Total time for which application threads were stopped: 0.0012189 seconds, Stopping threads took: 0.0001166 seconds
2016-11-15T13:56:45.265+0100: 30402.458: [GC pause (G1 Evacuation Pause) (young)
Desired survivor size 80740352 bytes, new threshold 15 (max 15)
- age   1:    3780080 bytes,    3780080 total
- age   2:     276960 bytes,    4057040 total
- age   3:     598712 bytes,    4655752 total
- age   4:     393600 bytes,    5049352 total
- age   5:    5007456 bytes,   10056808 total
- age   6:     351760 bytes,   10408568 total
- age   7:    3023144 bytes,   13431712 total
- age   8:     312784 bytes,   13744496 total
- age   9:     437008 bytes,   14181504 total
- age  10:     248736 bytes,   14430240 total
- age  11:    3491424 bytes,   17921664 total
- age  12:    2973200 bytes,   20894864 total
- age  13:    5686672 bytes,   26581536 total
- age  14:   11815112 bytes,   38396648 total
- age  15:      18856 bytes,   38415504 total
2016-11-15T13:56:45.319+0100: 30402.512: [SoftReference, 79 refs, 0.0050985 secs]2016-11-15T13:56:45.325+0100: 30402.517: [WeakReference, 4 refs, 0.0032187 secs]2016-11-15T13:56:45.328+0100: 30402.520: [FinalReference, 243 refs, 0.0032724 secs]2016-11-15T13:56:45.331+0100: 30402.524: [PhantomReference, 0 refs, 0 refs, 0.0063951 secs]2016-11-15T13:56:45.337+0100: 30402.530: [JNI Weak Reference, 0.0000323 secs], 0.0893232 secs]
   [Parallel Time: 51.5 ms, GC Workers: 43]
      [GC Worker Start (ms): Min: 30402458.2, Avg: 30402458.7, Max: 30402459.3, Diff: 1.1]
      [Ext Root Scanning (ms): Min: 1.8, Avg: 2.6, Max: 6.3, Diff: 4.5, Sum: 110.2]
      [Update RS (ms): Min: 9.4, Avg: 12.6, Max: 13.2, Diff: 3.9, Sum: 541.2]
         [Processed Buffers: Min: 3, Avg: 9.1, Max: 20, Diff: 17, Sum: 392]
      [Scan RS (ms): Min: 0.2, Avg: 0.7, Max: 1.0, Diff: 0.8, Sum: 30.2]
      [Code Root Scanning (ms): Min: 0.0, Avg: 0.0, Max: 0.3, Diff: 0.3, Sum: 2.1]
      [Object Copy (ms): Min: 32.8, Avg: 33.1, Max: 33.4, Diff: 0.6, Sum: 1422.4]
      [Termination (ms): Min: 0.0, Avg: 0.2, Max: 0.3, Diff: 0.3, Sum: 8.7]
         [Termination Attempts: Min: 1, Avg: 38.2, Max: 67, Diff: 66, Sum: 1642]
      [GC Worker Other (ms): Min: 0.0, Avg: 0.5, Max: 1.0, Diff: 1.0, Sum: 19.8]
      [GC Worker Total (ms): Min: 48.8, Avg: 49.6, Max: 50.5, Diff: 1.6, Sum: 2134.6]
      [GC Worker End (ms): Min: 30402508.0, Avg: 30402508.4, Max: 30402508.9, Diff: 1.0]
   [Code Root Fixup: 0.2 ms]
   [Code Root Purge: 0.0 ms]
   [String Dedup Fixup: 2.3 ms, GC Workers: 43]
      [Queue Fixup (ms): Min: 0.0, Avg: 0.0, Max: 0.0, Diff: 0.0, Sum: 0.2]
      [Table Fixup (ms): Min: 0.8, Avg: 1.3, Max: 1.7, Diff: 0.9, Sum: 56.6]
   [Clear CT: 6.8 ms]
   [Other: 28.5 ms]
      [Choose CSet: 0.0 ms]
      [Ref Proc: 20.1 ms]
      [Ref Enq: 1.3 ms]
      [Redirty Cards: 1.5 ms]
      [Humongous Register: 0.2 ms]
      [Humongous Reclaim: 0.1 ms]
      [Free CSet: 4.4 ms]
   [Eden: 1157.0M(1157.0M)->0.0B(1136.0M) Survivors: 71.0M->81.0M Heap: 1709.2M(2048.0M)->551.3M(2048.0M)]
 [Times: user=2.49 sys=0.03, real=0.09 secs] 
2016-11-15T13:56:45.355+0100: 30402.547: Total time for which application threads were stopped: 0.0914676 seconds, Stopping threads took: 0.0001622 seconds
2016-11-15T13:56:45.355+0100: 30402.548: [GC concurrent-string-deduplication, 13.1K->664.0B(12.5K), avg 87.7%, 0.0001653 secs]
2016-11-15T13:56:45.357+0100: 30402.549: Total time for which application threads were stopped: 0.0014352 seconds, Stopping threads took: 0.0000771 seconds
2016-11-15T13:56:45.357+0100: 30402.550: Total time for which application threads were stopped: 0.0007083 seconds, Stopping threads took: 0.0000495 seconds
2016-11-15T13:56:45.358+0100: 30402.551: Total time for which application threads were stopped: 0.0007760 seconds, Stopping threads took: 0.0001351 seconds
2016-11-15T13:57:13.659+0100: 30430.852: Total time for which application threads were stopped: 0.0014949 seconds, Stopping threads took: 0.0001661 seconds
2016-11-15T13:57:13.660+0100: 30430.853: Total time for which application threads were stopped: 0.0006346 seconds, Stopping threads took: 0.0000327 seconds
2016-11-15T13:57:13.661+0100: 30430.853: Total time for which application threads were stopped: 0.0006171 seconds, Stopping threads took: 0.0000323 seconds
2016-11-15T13:57:13.837+0100: 30431.029: Total time for which application threads were stopped: 0.0008778 seconds, Stopping threads took: 0.0000741 seconds
2016-11-15T13:57:24.839+0100: 30442.032: Total time for which application threads were stopped: 0.0015132 seconds, Stopping threads took: 0.0001684 seconds
2016-11-15T13:57:25.363+0100: 30442.556: Total time for which application threads were stopped: 0.0013255 seconds, Stopping threads took: 0.0001277 seconds
2016-11-15T13:57:25.364+0100: 30442.557: Total time for which application threads were stopped: 0.0006731 seconds, Stopping threads took: 0.0000379 seconds
2016-11-15T13:57:25.365+0100: 30442.557: Total time for which application threads were stopped: 0.0006567 seconds, Stopping threads took: 0.0000311 seconds
2016-11-15T13:57:25.458+0100: 30442.650: Total time for which application threads were stopped: 0.0007726 seconds, Stopping threads took: 0.0000639 seconds
2016-11-15T13:57:28.334+0100: 30445.527: Total time for which application threads were stopped: 0.0016864 seconds, Stopping threads took: 0.0001610 seconds
2016-11-15T13:57:28.336+0100: 30445.528: Total time for which application threads were stopped: 0.0008205 seconds, Stopping threads took: 0.0000496 seconds
2016-11-15T13:57:28.336+0100: 30445.529: Total time for which application threads were stopped: 0.0006586 seconds, Stopping threads took: 0.0000316 seconds
2016-11-15T13:57:28.391+0100: 30445.583: Total time for which application threads were stopped: 0.0009127 seconds, Stopping threads took: 0.0000665 seconds
2016-11-15T13:57:48.394+0100: 30465.586: Total time for which application threads were stopped: 0.0014512 seconds, Stopping threads took: 0.0001656 seconds
2016-11-15T13:58:00.396+0100: 30477.589: Total time for which application threads were stopped: 0.0016293 seconds, Stopping threads took: 0.0001633 seconds
2016-11-15T13:58:03.393+0100: 30480.586: Total time for which application threads were stopped: 0.0014707 seconds, Stopping threads took: 0.0001584 seconds
2016-11-15T13:58:03.394+0100: 30480.587: Total time for which application threads were stopped: 0.0006408 seconds, Stopping threads took: 0.0000359 seconds
2016-11-15T13:58:03.395+0100: 30480.587: Total time for which application threads were stopped: 0.0006290 seconds, Stopping threads took: 0.0000345 seconds
2016-11-15T13:58:03.561+0100: 30480.753: Total time for which application threads were stopped: 0.0009305 seconds, Stopping threads took: 0.0000747 seconds
2016-11-15T13:58:08.736+0100: 30485.928: Total time for which application threads were stopped: 0.0016546 seconds, Stopping threads took: 0.0001930 seconds
2016-11-15T13:58:08.737+0100: 30485.929: Total time for which application threads were stopped: 0.0008545 seconds, Stopping threads took: 0.0000612 seconds
2016-11-15T13:58:08.738+0100: 30485.930: Total time for which application threads were stopped: 0.0008771 seconds, Stopping threads took: 0.0001228 seconds
2016-11-15T13:58:08.779+0100: 30485.971: Total time for which application threads were stopped: 0.0016241 seconds, Stopping threads took: 0.0001528 seconds
2016-11-15T13:58:09.078+0100: 30486.270: Total time for which application threads were stopped: 0.0037673 seconds, Stopping threads took: 0.0001582 seconds
2016-11-15T13:58:09.081+0100: 30486.274: Total time for which application threads were stopped: 0.0031299 seconds, Stopping threads took: 0.0000488 seconds
2016-11-15T13:58:09.084+0100: 30486.277: Total time for which application threads were stopped: 0.0028555 seconds, Stopping threads took: 0.0001115 seconds
2016-11-15T13:58:09.167+0100: 30486.359: Total time for which application threads were stopped: 0.0014828 seconds, Stopping threads took: 0.0001523 seconds
2016-11-15T13:58:09.167+0100: 30486.360: Total time for which application threads were stopped: 0.0006884 seconds, Stopping threads took: 0.0000366 seconds
2016-11-15T13:58:09.168+0100: 30486.361: Total time for which application threads were stopped: 0.0006467 seconds, Stopping threads took: 0.0000386 seconds
2016-11-15T13:58:09.323+0100: 30486.516: Total time for which application threads were stopped: 0.0016314 seconds, Stopping threads took: 0.0002390 seconds
2016-11-15T13:58:18.149+0100: 30495.342: Total time for which application threads were stopped: 0.0016106 seconds, Stopping threads took: 0.0001761 seconds
2016-11-15T13:58:18.150+0100: 30495.343: Total time for which application threads were stopped: 0.0006712 seconds, Stopping threads took: 0.0000359 seconds
2016-11-15T13:58:18.151+0100: 30495.343: Total time for which application threads were stopped: 0.0006419 seconds, Stopping threads took: 0.0000318 seconds
2016-11-15T13:58:18.366+0100: 30495.559: Total time for which application threads were stopped: 0.0014583 seconds, Stopping threads took: 0.0001594 seconds
2016-11-15T13:58:18.367+0100: 30495.559: Total time for which application threads were stopped: 0.0006241 seconds, Stopping threads took: 0.0000358 seconds
2016-11-15T13:58:18.368+0100: 30495.560: Total time for which application threads were stopped: 0.0006212 seconds, Stopping threads took: 0.0000336 seconds
2016-11-15T13:58:18.463+0100: 30495.656: Total time for which application threads were stopped: 0.0008530 seconds, Stopping threads took: 0.0000705 seconds
2016-11-15T13:58:19.465+0100: 30496.657: Total time for which application threads were stopped: 0.0014881 seconds, Stopping threads took: 0.0001577 seconds
2016-11-15T13:58:25.267+0100: 30502.460: Total time for which application threads were stopped: 0.0014628 seconds, Stopping threads took: 0.0001659 seconds
2016-11-15T13:58:25.269+0100: 30502.461: Total time for which application threads were stopped: 0.0006339 seconds, Stopping threads took: 0.0000365 seconds
2016-11-15T13:58:25.269+0100: 30502.462: Total time for which application threads were stopped: 0.0006190 seconds, Stopping threads took: 0.0000298 seconds
2016-11-15T13:58:25.397+0100: 30502.589: Total time for which application threads were stopped: 0.0029407 seconds, Stopping threads took: 0.0000624 seconds
2016-11-15T13:58:25.521+0100: 30502.714: Total time for which application threads were stopped: 0.0012240 seconds, Stopping threads took: 0.0000770 seconds
2016-11-15T13:58:35.524+0100: 30512.716: Total time for which application threads were stopped: 0.0014278 seconds, Stopping threads took: 0.0001548 seconds
2016-11-15T13:58:44.526+0100: 30521.718: Total time for which application threads were stopped: 0.0017130 seconds, Stopping threads took: 0.0002062 seconds
2016-11-15T13:59:04.166+0100: 30541.359: Total time for which application threads were stopped: 0.0014813 seconds, Stopping threads took: 0.0001745 seconds
2016-11-15T13:59:04.167+0100: 30541.360: Total time for which application threads were stopped: 0.0006350 seconds, Stopping threads took: 0.0000329 seconds
2016-11-15T13:59:04.168+0100: 30541.360: Total time for which application threads were stopped: 0.0006190 seconds, Stopping threads took: 0.0000318 seconds
2016-11-15T13:59:04.253+0100: 30541.445: Total time for which application threads were stopped: 0.0012218 seconds, Stopping threads took: 0.0001186 seconds
2016-11-15T13:59:13.316+0100: 30550.509: Total time for which application threads were stopped: 0.0014353 seconds, Stopping threads took: 0.0001622 seconds
2016-11-15T13:59:13.317+0100: 30550.510: Total time for which application threads were stopped: 0.0007602 seconds, Stopping threads took: 0.0001230 seconds
2016-11-15T13:59:13.318+0100: 30550.511: Total time for which application threads were stopped: 0.0006436 seconds, Stopping threads took: 0.0000477 seconds
2016-11-15T13:59:13.355+0100: 30550.548: Total time for which application threads were stopped: 0.0007933 seconds, Stopping threads took: 0.0000618 seconds
2016-11-15T13:59:26.358+0100: 30563.550: Total time for which application threads were stopped: 0.0015396 seconds, Stopping threads took: 0.0001633 seconds
2016-11-15T13:59:32.876+0100: 30570.069: Total time for which application threads were stopped: 0.0017637 seconds, Stopping threads took: 0.0001920 seconds
2016-11-15T13:59:32.878+0100: 30570.070: Total time for which application threads were stopped: 0.0010636 seconds, Stopping threads took: 0.0000651 seconds
2016-11-15T13:59:32.879+0100: 30570.071: Total time for which application threads were stopped: 0.0007155 seconds, Stopping threads took: 0.0000399 seconds
2016-11-15T13:59:33.042+0100: 30570.235: Total time for which application threads were stopped: 0.0015953 seconds, Stopping threads took: 0.0001704 seconds
2016-11-15T13:59:44.622+0100: 30581.814: Total time for which application threads were stopped: 0.0014610 seconds, Stopping threads took: 0.0001622 seconds
2016-11-15T13:59:44.623+0100: 30581.815: Total time for which application threads were stopped: 0.0006213 seconds, Stopping threads took: 0.0000324 seconds
2016-11-15T13:59:44.624+0100: 30581.816: Total time for which application threads were stopped: 0.0006176 seconds, Stopping threads took: 0.0000322 seconds
2016-11-15T13:59:44.811+0100: 30582.004: Total time for which application threads were stopped: 0.0012401 seconds, Stopping threads took: 0.0001168 seconds
2016-11-15T13:59:44.972+0100: 30582.164: Total time for which application threads were stopped: 0.0008674 seconds, Stopping threads took: 0.0000774 seconds
2016-11-15T13:59:44.973+0100: 30582.165: Total time for which application threads were stopped: 0.0006205 seconds, Stopping threads took: 0.0000303 seconds
2016-11-15T13:59:44.974+0100: 30582.166: Total time for which application threads were stopped: 0.0006462 seconds, Stopping threads took: 0.0000331 seconds
2016-11-15T13:59:45.016+0100: 30582.208: Total time for which application threads were stopped: 0.0007447 seconds, Stopping threads took: 0.0000599 seconds
2016-11-15T13:59:50.768+0100: 30587.960: Total time for which application threads were stopped: 0.0015045 seconds, Stopping threads took: 0.0001566 seconds
2016-11-15T13:59:50.769+0100: 30587.961: Total time for which application threads were stopped: 0.0006479 seconds, Stopping threads took: 0.0000356 seconds
2016-11-15T13:59:50.770+0100: 30587.962: Total time for which application threads were stopped: 0.0006437 seconds, Stopping threads took: 0.0000312 seconds
2016-11-15T13:59:50.817+0100: 30588.009: Total time for which application threads were stopped: 0.0007728 seconds, Stopping threads took: 0.0000671 seconds
2016-11-15T13:59:55.819+0100: 30593.011: Total time for which application threads were stopped: 0.0015703 seconds, Stopping threads took: 0.0001672 seconds
2016-11-15T14:00:04.139+0100: 30601.332: Total time for which application threads were stopped: 0.0015538 seconds, Stopping threads took: 0.0002022 seconds
2016-11-15T14:00:05.141+0100: 30602.333: Total time for which application threads were stopped: 0.0016019 seconds, Stopping threads took: 0.0001711 seconds
2016-11-15T14:00:06.254+0100: 30603.447: Total time for which application threads were stopped: 0.0014111 seconds, Stopping threads took: 0.0001527 seconds
2016-11-15T14:00:06.255+0100: 30603.447: Total time for which application threads were stopped: 0.0006293 seconds, Stopping threads took: 0.0000333 seconds
2016-11-15T14:00:06.257+0100: 30603.450: Total time for which application threads were stopped: 0.0009845 seconds, Stopping threads took: 0.0000518 seconds
2016-11-15T14:00:06.259+0100: 30603.451: Total time for which application threads were stopped: 0.0006744 seconds, Stopping threads took: 0.0000500 seconds
2016-11-15T14:00:06.261+0100: 30603.453: Total time for which application threads were stopped: 0.0006943 seconds, Stopping threads took: 0.0000746 seconds
2016-11-15T14:00:06.262+0100: 30603.455: Total time for which application threads were stopped: 0.0011610 seconds, Stopping threads took: 0.0005304 seconds
2016-11-15T14:00:06.263+0100: 30603.456: Total time for which application threads were stopped: 0.0006509 seconds, Stopping threads took: 0.0000579 seconds
2016-11-15T14:00:17.545+0100: 30614.738: Total time for which application threads were stopped: 0.0015571 seconds, Stopping threads took: 0.0002101 seconds
2016-11-15T14:00:18.547+0100: 30615.739: Total time for which application threads were stopped: 0.0014628 seconds, Stopping threads took: 0.0001525 seconds
2016-11-15T14:00:29.415+0100: 30626.608: [GC pause (G1 Evacuation Pause) (young)
Desired survivor size 80216064 bytes, new threshold 15 (max 15)
- age   1:   14320600 bytes,   14320600 total
- age   2:    3511440 bytes,   17832040 total
- age   3:     243040 bytes,   18075080 total
- age   4:     552272 bytes,   18627352 total
- age   5:     393288 bytes,   19020640 total
- age   6:    4990112 bytes,   24010752 total
- age   7:     351760 bytes,   24362512 total
- age   8:    3023144 bytes,   27385656 total
- age   9:     312784 bytes,   27698440 total
- age  10:     436912 bytes,   28135352 total
- age  11:     248664 bytes,   28384016 total
- age  12:    3491144 bytes,   31875160 total
- age  13:    2973160 bytes,   34848320 total
- age  14:    5686672 bytes,   40534992 total
- age  15:   11815032 bytes,   52350024 total
2016-11-15T14:00:29.474+0100: 30626.667: [SoftReference, 48 refs, 0.0047086 secs]2016-11-15T14:00:29.479+0100: 30626.671: [WeakReference, 6 refs, 0.0028390 secs]2016-11-15T14:00:29.482+0100: 30626.674: [FinalReference, 434 refs, 0.0031428 secs]2016-11-15T14:00:29.485+0100: 30626.677: [PhantomReference, 0 refs, 0 refs, 0.0060185 secs]2016-11-15T14:00:29.491+0100: 30626.683: [JNI Weak Reference, 0.0000302 secs], 0.0929316 secs]
   [Parallel Time: 56.6 ms, GC Workers: 43]
      [GC Worker Start (ms): Min: 30626608.1, Avg: 30626608.7, Max: 30626609.1, Diff: 1.0]
      [Ext Root Scanning (ms): Min: 1.8, Avg: 2.6, Max: 6.7, Diff: 4.9, Sum: 109.9]
      [Update RS (ms): Min: 9.0, Avg: 12.6, Max: 13.2, Diff: 4.2, Sum: 542.6]
         [Processed Buffers: Min: 4, Avg: 9.0, Max: 21, Diff: 17, Sum: 388]
      [Scan RS (ms): Min: 0.2, Avg: 0.6, Max: 0.8, Diff: 0.6, Sum: 27.8]
      [Code Root Scanning (ms): Min: 0.0, Avg: 0.0, Max: 0.2, Diff: 0.2, Sum: 1.8]
      [Object Copy (ms): Min: 38.8, Avg: 39.1, Max: 39.3, Diff: 0.4, Sum: 1679.3]
      [Termination (ms): Min: 0.0, Avg: 0.1, Max: 0.2, Diff: 0.1, Sum: 3.8]
         [Termination Attempts: Min: 1, Avg: 11.0, Max: 41, Diff: 40, Sum: 472]
      [GC Worker Other (ms): Min: 0.0, Avg: 0.4, Max: 0.9, Diff: 0.9, Sum: 17.1]
      [GC Worker Total (ms): Min: 54.7, Avg: 55.4, Max: 56.4, Diff: 1.7, Sum: 2382.3]
      [GC Worker End (ms): Min: 30626663.7, Avg: 30626664.1, Max: 30626664.6, Diff: 0.9]
   [Code Root Fixup: 0.2 ms]
   [Code Root Purge: 0.0 ms]
   [String Dedup Fixup: 2.3 ms, GC Workers: 43]
      [Queue Fixup (ms): Min: 0.0, Avg: 0.0, Max: 0.2, Diff: 0.2, Sum: 0.7]
      [Table Fixup (ms): Min: 0.9, Avg: 1.3, Max: 1.7, Diff: 0.8, Sum: 56.6]
   [Clear CT: 7.0 ms]
   [Other: 26.8 ms]
      [Choose CSet: 0.0 ms]
      [Ref Proc: 18.6 ms]
      [Ref Enq: 1.2 ms]
      [Redirty Cards: 1.3 ms]
      [Humongous Register: 0.2 ms]
      [Humongous Reclaim: 0.2 ms]
      [Free CSet: 4.7 ms]
   [Eden: 1136.0M(1136.0M)->0.0B(1127.0M) Survivors: 81.0M->71.0M Heap: 1705.3M(2048.0M)->561.8M(2048.0M)]
 [Times: user=2.70 sys=0.05, real=0.10 secs] 
2016-11-15T14:00:29.508+0100: 30626.701: Total time for which application threads were stopped: 0.0949847 seconds, Stopping threads took: 0.0001741 seconds
2016-11-15T14:00:29.510+0100: 30626.703: Total time for which application threads were stopped: 0.0013508 seconds, Stopping threads took: 0.0000731 seconds
2016-11-15T14:00:29.511+0100: 30626.703: Total time for which application threads were stopped: 0.0007297 seconds, Stopping threads took: 0.0000799 seconds
2016-11-15T14:00:29.512+0100: 30626.704: Total time for which application threads were stopped: 0.0006958 seconds, Stopping threads took: 0.0000734 seconds
2016-11-15T14:00:29.513+0100: 30626.705: Total time for which application threads were stopped: 0.0006941 seconds, Stopping threads took: 0.0000715 seconds
2016-11-15T14:00:29.513+0100: 30626.706: Total time for which application threads were stopped: 0.0007325 seconds, Stopping threads took: 0.0001145 seconds
2016-11-15T14:00:29.524+0100: 30626.717: [GC concurrent-string-deduplication, 835.4K->254.1K(581.4K), avg 87.6%, 0.0111200 secs]
2016-11-15T14:00:53.626+0100: 30650.819: Total time for which application threads were stopped: 0.0016339 seconds, Stopping threads took: 0.0002041 seconds
2016-11-15T14:00:54.628+0100: 30651.820: Total time for which application threads were stopped: 0.0014176 seconds, Stopping threads took: 0.0001631 seconds
2016-11-15T14:00:59.827+0100: 30657.019: Total time for which application threads were stopped: 0.0014410 seconds, Stopping threads took: 0.0001626 seconds
2016-11-15T14:00:59.828+0100: 30657.020: Total time for which application threads were stopped: 0.0006341 seconds, Stopping threads took: 0.0000352 seconds
2016-11-15T14:00:59.828+0100: 30657.021: Total time for which application threads were stopped: 0.0006229 seconds, Stopping threads took: 0.0000326 seconds
2016-11-15T14:00:59.879+0100: 30657.071: Total time for which application threads were stopped: 0.0008494 seconds, Stopping threads took: 0.0000649 seconds
2016-11-15T14:01:13.882+0100: 30671.074: Total time for which application threads were stopped: 0.0015944 seconds, Stopping threads took: 0.0001604 seconds
2016-11-15T14:01:14.883+0100: 30672.076: Total time for which application threads were stopped: 0.0014707 seconds, Stopping threads took: 0.0001449 seconds
2016-11-15T14:01:16.885+0100: 30674.077: Total time for which application threads were stopped: 0.0015366 seconds, Stopping threads took: 0.0001577 seconds
2016-11-15T14:01:36.888+0100: 30694.080: Total time for which application threads were stopped: 0.0014370 seconds, Stopping threads took: 0.0001643 seconds
2016-11-15T14:01:40.890+0100: 30698.082: Total time for which application threads were stopped: 0.0015525 seconds, Stopping threads took: 0.0001537 seconds
2016-11-15T14:03:11.689+0100: 30788.881: Total time for which application threads were stopped: 0.0015288 seconds, Stopping threads took: 0.0001633 seconds
2016-11-15T14:03:11.690+0100: 30788.882: Total time for which application threads were stopped: 0.0006508 seconds, Stopping threads took: 0.0000553 seconds
2016-11-15T14:03:11.691+0100: 30788.883: Total time for which application threads were stopped: 0.0010210 seconds, Stopping threads took: 0.0001234 seconds
2016-11-15T14:03:11.843+0100: 30789.035: Total time for which application threads were stopped: 0.0008315 seconds, Stopping threads took: 0.0000582 seconds
2016-11-15T14:03:29.150+0100: 30806.342: Total time for which application threads were stopped: 0.0014530 seconds, Stopping threads took: 0.0001608 seconds
2016-11-15T14:03:29.151+0100: 30806.343: Total time for which application threads were stopped: 0.0006297 seconds, Stopping threads took: 0.0000387 seconds
2016-11-15T14:03:29.152+0100: 30806.344: Total time for which application threads were stopped: 0.0006161 seconds, Stopping threads took: 0.0000317 seconds
2016-11-15T14:03:29.193+0100: 30806.385: Total time for which application threads were stopped: 0.0007187 seconds, Stopping threads took: 0.0000580 seconds
2016-11-15T14:03:40.195+0100: 30817.387: Total time for which application threads were stopped: 0.0014371 seconds, Stopping threads took: 0.0001590 seconds
2016-11-15T14:04:00.198+0100: 30837.390: Total time for which application threads were stopped: 0.0015340 seconds, Stopping threads took: 0.0001528 seconds
2016-11-15T14:04:35.202+0100: 30872.394: Total time for which application threads were stopped: 0.0014500 seconds, Stopping threads took: 0.0001682 seconds
2016-11-15T14:04:37.203+0100: 30874.396: Total time for which application threads were stopped: 0.0014296 seconds, Stopping threads took: 0.0001529 seconds
2016-11-15T14:04:44.205+0100: 30881.398: Total time for which application threads were stopped: 0.0013962 seconds, Stopping threads took: 0.0001577 seconds
2016-11-15T14:05:06.304+0100: 30903.496: Total time for which application threads were stopped: 0.0014559 seconds, Stopping threads took: 0.0001595 seconds
2016-11-15T14:05:06.304+0100: 30903.497: Total time for which application threads were stopped: 0.0006219 seconds, Stopping threads took: 0.0000326 seconds
2016-11-15T14:05:06.305+0100: 30903.498: Total time for which application threads were stopped: 0.0006363 seconds, Stopping threads took: 0.0000320 seconds
2016-11-15T14:05:06.505+0100: 30903.697: Total time for which application threads were stopped: 0.0010063 seconds, Stopping threads took: 0.0000894 seconds
2016-11-15T14:05:16.069+0100: 30913.261: Total time for which application threads were stopped: 0.0014722 seconds, Stopping threads took: 0.0001711 seconds
2016-11-15T14:05:16.070+0100: 30913.262: Total time for which application threads were stopped: 0.0006410 seconds, Stopping threads took: 0.0000360 seconds
2016-11-15T14:05:16.070+0100: 30913.263: Total time for which application threads were stopped: 0.0006255 seconds, Stopping threads took: 0.0000340 seconds
2016-11-15T14:05:16.282+0100: 30913.475: Total time for which application threads were stopped: 0.0008344 seconds, Stopping threads took: 0.0000805 seconds
2016-11-15T14:05:16.283+0100: 30913.476: Total time for which application threads were stopped: 0.0006067 seconds, Stopping threads took: 0.0000321 seconds
2016-11-15T14:05:16.284+0100: 30913.476: Total time for which application threads were stopped: 0.0006091 seconds, Stopping threads took: 0.0000297 seconds
2016-11-15T14:05:16.368+0100: 30913.561: Total time for which application threads were stopped: 0.0007734 seconds, Stopping threads took: 0.0000578 seconds
2016-11-15T14:05:24.591+0100: 30921.783: Total time for which application threads were stopped: 0.0014758 seconds, Stopping threads took: 0.0001759 seconds
2016-11-15T14:05:24.592+0100: 30921.784: Total time for which application threads were stopped: 0.0006374 seconds, Stopping threads took: 0.0000357 seconds
2016-11-15T14:05:24.592+0100: 30921.785: Total time for which application threads were stopped: 0.0006190 seconds, Stopping threads took: 0.0000353 seconds
2016-11-15T14:05:24.746+0100: 30921.939: Total time for which application threads were stopped: 0.0007885 seconds, Stopping threads took: 0.0000683 seconds
2016-11-15T14:05:46.749+0100: 30943.942: Total time for which application threads were stopped: 0.0015143 seconds, Stopping threads took: 0.0001492 seconds
2016-11-15T14:06:00.752+0100: 30957.944: Total time for which application threads were stopped: 0.0014075 seconds, Stopping threads took: 0.0001554 seconds
2016-11-15T14:06:08.408+0100: 30965.601: Total time for which application threads were stopped: 0.0014523 seconds, Stopping threads took: 0.0001632 seconds
2016-11-15T14:06:08.409+0100: 30965.602: Total time for which application threads were stopped: 0.0006233 seconds, Stopping threads took: 0.0000366 seconds
2016-11-15T14:06:08.410+0100: 30965.602: Total time for which application threads were stopped: 0.0006122 seconds, Stopping threads took: 0.0000315 seconds
2016-11-15T14:06:08.560+0100: 30965.753: Total time for which application threads were stopped: 0.0008123 seconds, Stopping threads took: 0.0000648 seconds
2016-11-15T14:06:25.563+0100: 30982.755: Total time for which application threads were stopped: 0.0014222 seconds, Stopping threads took: 0.0001614 seconds
2016-11-15T14:07:12.746+0100: 31029.939: [GC pause (G1 Evacuation Pause) (young)
Desired survivor size 78643200 bytes, new threshold 15 (max 15)
- age   1:    1103384 bytes,    1103384 total
- age   2:   13020552 bytes,   14123936 total
- age   3:    3470920 bytes,   17594856 total
- age   4:     230272 bytes,   17825128 total
- age   5:     552272 bytes,   18377400 total
- age   6:     382120 bytes,   18759520 total
- age   7:    4989376 bytes,   23748896 total
- age   8:     315312 bytes,   24064208 total
- age   9:    2971392 bytes,   27035600 total
- age  10:     312424 bytes,   27348024 total
- age  11:     393080 bytes,   27741104 total
- age  12:     215760 bytes,   27956864 total
- age  13:    3490800 bytes,   31447664 total
- age  14:    2973160 bytes,   34420824 total
- age  15:    5686592 bytes,   40107416 total
2016-11-15T14:07:12.794+0100: 31029.986: [SoftReference, 41 refs, 0.0050308 secs]2016-11-15T14:07:12.799+0100: 31029.991: [WeakReference, 3 refs, 0.0037542 secs]2016-11-15T14:07:12.803+0100: 31029.995: [FinalReference, 467 refs, 0.0032495 secs]2016-11-15T14:07:12.806+0100: 31029.998: [PhantomReference, 0 refs, 0 refs, 0.0061852 secs]2016-11-15T14:07:12.812+0100: 31030.005: [JNI Weak Reference, 0.0000356 secs], 0.0830802 secs]
   [Parallel Time: 44.7 ms, GC Workers: 43]
      [GC Worker Start (ms): Min: 31029939.5, Avg: 31029940.0, Max: 31029940.5, Diff: 1.0]
      [Ext Root Scanning (ms): Min: 1.8, Avg: 2.5, Max: 6.2, Diff: 4.4, Sum: 106.7]
      [Update RS (ms): Min: 9.1, Avg: 12.5, Max: 14.5, Diff: 5.3, Sum: 537.5]
         [Processed Buffers: Min: 4, Avg: 8.3, Max: 17, Diff: 13, Sum: 357]
      [Scan RS (ms): Min: 0.1, Avg: 0.7, Max: 1.0, Diff: 0.9, Sum: 30.4]
      [Code Root Scanning (ms): Min: 0.0, Avg: 0.0, Max: 0.5, Diff: 0.5, Sum: 2.1]
      [Object Copy (ms): Min: 26.1, Avg: 27.4, Max: 27.7, Diff: 1.6, Sum: 1177.8]
      [Termination (ms): Min: 0.0, Avg: 0.1, Max: 0.2, Diff: 0.2, Sum: 3.7]
         [Termination Attempts: Min: 1, Avg: 15.5, Max: 41, Diff: 40, Sum: 668]
      [GC Worker Other (ms): Min: 0.0, Avg: 0.4, Max: 0.9, Diff: 0.9, Sum: 17.5]
      [GC Worker Total (ms): Min: 42.9, Avg: 43.6, Max: 44.6, Diff: 1.7, Sum: 1875.7]
      [GC Worker End (ms): Min: 31029983.3, Avg: 31029983.7, Max: 31029984.2, Diff: 0.9]
   [Code Root Fixup: 0.2 ms]
   [Code Root Purge: 0.0 ms]
   [String Dedup Fixup: 2.7 ms, GC Workers: 43]
      [Queue Fixup (ms): Min: 0.0, Avg: 0.1, Max: 1.5, Diff: 1.5, Sum: 3.0]
      [Table Fixup (ms): Min: 0.4, Avg: 1.4, Max: 1.7, Diff: 1.4, Sum: 59.5]
   [Clear CT: 6.8 ms]
   [Other: 28.6 ms]
      [Choose CSet: 0.0 ms]
      [Ref Proc: 20.2 ms]
      [Ref Enq: 1.3 ms]
      [Redirty Cards: 1.4 ms]
      [Humongous Register: 0.1 ms]
      [Humongous Reclaim: 0.1 ms]
      [Free CSet: 4.6 ms]
   [Eden: 1127.0M(1127.0M)->0.0B(1152.0M) Survivors: 71.0M->52.0M Heap: 1690.8M(2048.0M)->554.8M(2048.0M)]
 [Times: user=2.25 sys=0.02, real=0.09 secs] 
2016-11-15T14:07:12.830+0100: 31030.022: Total time for which application threads were stopped: 0.0851826 seconds, Stopping threads took: 0.0001719 seconds
2016-11-15T14:07:12.832+0100: 31030.024: Total time for which application threads were stopped: 0.0014135 seconds, Stopping threads took: 0.0001058 seconds
2016-11-15T14:07:12.833+0100: 31030.025: Total time for which application threads were stopped: 0.0007573 seconds, Stopping threads took: 0.0001034 seconds
2016-11-15T14:07:12.833+0100: 31030.026: Total time for which application threads were stopped: 0.0007632 seconds, Stopping threads took: 0.0001279 seconds
2016-11-15T14:07:12.866+0100: 31030.059: [GC concurrent-string-deduplication, 3512.7K->118.5K(3394.2K), avg 87.8%, 0.0332997 secs]
2016-11-15T14:07:19.836+0100: 31037.028: Total time for which application threads were stopped: 0.0015554 seconds, Stopping threads took: 0.0001544 seconds
2016-11-15T14:07:20.837+0100: 31038.030: Total time for which application threads were stopped: 0.0014262 seconds, Stopping threads took: 0.0001544 seconds
2016-11-15T14:07:21.839+0100: 31039.031: Total time for which application threads were stopped: 0.0015921 seconds, Stopping threads took: 0.0001602 seconds
2016-11-15T14:07:22.840+0100: 31040.033: Total time for which application threads were stopped: 0.0014129 seconds, Stopping threads took: 0.0001420 seconds
2016-11-15T14:07:23.842+0100: 31041.034: Total time for which application threads were stopped: 0.0014343 seconds, Stopping threads took: 0.0001360 seconds
2016-11-15T14:07:28.844+0100: 31046.036: Total time for which application threads were stopped: 0.0013966 seconds, Stopping threads took: 0.0001583 seconds
2016-11-15T14:07:31.845+0100: 31049.038: Total time for which application threads were stopped: 0.0013914 seconds, Stopping threads took: 0.0001469 seconds
2016-11-15T14:07:33.847+0100: 31051.039: Total time for which application threads were stopped: 0.0014462 seconds, Stopping threads took: 0.0001488 seconds
2016-11-15T14:07:34.848+0100: 31052.041: Total time for which application threads were stopped: 0.0014971 seconds, Stopping threads took: 0.0001510 seconds
2016-11-15T14:07:35.850+0100: 31053.042: Total time for which application threads were stopped: 0.0013897 seconds, Stopping threads took: 0.0001399 seconds
2016-11-15T14:07:38.852+0100: 31056.044: Total time for which application threads were stopped: 0.0015153 seconds, Stopping threads took: 0.0001533 seconds
2016-11-15T14:07:40.533+0100: 31057.725: Total time for which application threads were stopped: 0.0015555 seconds, Stopping threads took: 0.0001572 seconds
2016-11-15T14:07:40.534+0100: 31057.726: Total time for which application threads were stopped: 0.0007291 seconds, Stopping threads took: 0.0000327 seconds
2016-11-15T14:07:40.535+0100: 31057.727: Total time for which application threads were stopped: 0.0006556 seconds, Stopping threads took: 0.0000328 seconds
2016-11-15T14:07:40.714+0100: 31057.907: Total time for which application threads were stopped: 0.0009304 seconds, Stopping threads took: 0.0000850 seconds
2016-11-15T14:07:45.572+0100: 31062.764: Total time for which application threads were stopped: 0.0016243 seconds, Stopping threads took: 0.0001587 seconds
2016-11-15T14:07:45.573+0100: 31062.765: Total time for which application threads were stopped: 0.0007694 seconds, Stopping threads took: 0.0001002 seconds
2016-11-15T14:07:45.574+0100: 31062.766: Total time for which application threads were stopped: 0.0007908 seconds, Stopping threads took: 0.0001388 seconds
2016-11-15T14:07:45.595+0100: 31062.787: Total time for which application threads were stopped: 0.0008099 seconds, Stopping threads took: 0.0000698 seconds
2016-11-15T14:07:45.596+0100: 31062.788: Total time for which application threads were stopped: 0.0006811 seconds, Stopping threads took: 0.0000386 seconds
2016-11-15T14:07:45.597+0100: 31062.789: Total time for which application threads were stopped: 0.0007333 seconds, Stopping threads took: 0.0000770 seconds
2016-11-15T14:07:45.655+0100: 31062.847: Total time for which application threads were stopped: 0.0008210 seconds, Stopping threads took: 0.0000725 seconds
2016-11-15T14:07:45.695+0100: 31062.887: Total time for which application threads were stopped: 0.0007872 seconds, Stopping threads took: 0.0000693 seconds
2016-11-15T14:07:48.697+0100: 31065.889: Total time for which application threads were stopped: 0.0015244 seconds, Stopping threads took: 0.0001500 seconds
2016-11-15T14:07:49.698+0100: 31066.891: Total time for which application threads were stopped: 0.0016009 seconds, Stopping threads took: 0.0001479 seconds
2016-11-15T14:07:51.700+0100: 31068.893: Total time for which application threads were stopped: 0.0014693 seconds, Stopping threads took: 0.0001495 seconds
2016-11-15T14:07:57.702+0100: 31074.895: Total time for which application threads were stopped: 0.0017537 seconds, Stopping threads took: 0.0001669 seconds
2016-11-15T14:08:00.704+0100: 31077.897: Total time for which application threads were stopped: 0.0019555 seconds, Stopping threads took: 0.0002130 seconds
2016-11-15T14:08:01.707+0100: 31078.899: Total time for which application threads were stopped: 0.0020414 seconds, Stopping threads took: 0.0001998 seconds
2016-11-15T14:08:02.709+0100: 31079.901: Total time for which application threads were stopped: 0.0015490 seconds, Stopping threads took: 0.0001731 seconds
2016-11-15T14:08:03.710+0100: 31080.903: Total time for which application threads were stopped: 0.0013944 seconds, Stopping threads took: 0.0001644 seconds
2016-11-15T14:08:06.432+0100: 31083.624: Total time for which application threads were stopped: 0.0015275 seconds, Stopping threads took: 0.0001659 seconds
2016-11-15T14:08:07.433+0100: 31084.626: Total time for which application threads were stopped: 0.0014758 seconds, Stopping threads took: 0.0001619 seconds
2016-11-15T14:08:09.435+0100: 31086.627: Total time for which application threads were stopped: 0.0016196 seconds, Stopping threads took: 0.0001948 seconds
2016-11-15T14:08:10.436+0100: 31087.629: Total time for which application threads were stopped: 0.0015105 seconds, Stopping threads took: 0.0001679 seconds
2016-11-15T14:08:11.438+0100: 31088.630: Total time for which application threads were stopped: 0.0014635 seconds, Stopping threads took: 0.0001511 seconds
2016-11-15T14:08:15.440+0100: 31092.632: Total time for which application threads were stopped: 0.0014214 seconds, Stopping threads took: 0.0001735 seconds
2016-11-15T14:08:22.442+0100: 31099.634: Total time for which application threads were stopped: 0.0014586 seconds, Stopping threads took: 0.0001694 seconds
2016-11-15T14:08:25.443+0100: 31102.636: Total time for which application threads were stopped: 0.0014367 seconds, Stopping threads took: 0.0001705 seconds
2016-11-15T14:08:39.446+0100: 31116.638: Total time for which application threads were stopped: 0.0014784 seconds, Stopping threads took: 0.0001924 seconds
2016-11-15T14:08:50.706+0100: 31127.899: Total time for which application threads were stopped: 0.0016356 seconds, Stopping threads took: 0.0001723 seconds
2016-11-15T14:08:50.710+0100: 31127.902: Total time for which application threads were stopped: 0.0008208 seconds, Stopping threads took: 0.0000647 seconds
2016-11-15T14:08:51.712+0100: 31128.904: Total time for which application threads were stopped: 0.0017867 seconds, Stopping threads took: 0.0001471 seconds
2016-11-15T14:09:03.714+0100: 31140.907: Total time for which application threads were stopped: 0.0015561 seconds, Stopping threads took: 0.0001628 seconds
2016-11-15T14:09:07.989+0100: 31145.182: Total time for which application threads were stopped: 0.0015629 seconds, Stopping threads took: 0.0001747 seconds
2016-11-15T14:09:16.991+0100: 31154.184: Total time for which application threads were stopped: 0.0015087 seconds, Stopping threads took: 0.0001743 seconds
2016-11-15T14:09:18.993+0100: 31156.185: Total time for which application threads were stopped: 0.0014221 seconds, Stopping threads took: 0.0001720 seconds
2016-11-15T14:09:26.577+0100: 31163.769: Total time for which application threads were stopped: 0.0015983 seconds, Stopping threads took: 0.0001850 seconds
2016-11-15T14:09:32.831+0100: 31170.023: Total time for which application threads were stopped: 0.0015687 seconds, Stopping threads took: 0.0001796 seconds
2016-11-15T14:09:47.833+0100: 31185.026: Total time for which application threads were stopped: 0.0015775 seconds, Stopping threads took: 0.0001745 seconds
2016-11-15T14:09:50.835+0100: 31188.027: Total time for which application threads were stopped: 0.0015477 seconds, Stopping threads took: 0.0001774 seconds
2016-11-15T14:09:56.837+0100: 31194.029: Total time for which application threads were stopped: 0.0015426 seconds, Stopping threads took: 0.0001724 seconds
2016-11-15T14:10:00.839+0100: 31198.031: Total time for which application threads were stopped: 0.0015484 seconds, Stopping threads took: 0.0001582 seconds
2016-11-15T14:10:07.045+0100: 31204.238: [GC pause (G1 Evacuation Pause) (young)
Desired survivor size 79167488 bytes, new threshold 15 (max 15)
- age   1:     647896 bytes,     647896 total
- age   2:     913984 bytes,    1561880 total
- age   3:   13020256 bytes,   14582136 total
- age   4:    2875488 bytes,   17457624 total
- age   5:     230272 bytes,   17687896 total
- age   6:     542560 bytes,   18230456 total
- age   7:     380560 bytes,   18611016 total
- age   8:    4989232 bytes,   23600248 total
- age   9:     313904 bytes,   23914152 total
- age  10:    2969744 bytes,   26883896 total
- age  11:     312400 bytes,   27196296 total
- age  12:     399816 bytes,   27596112 total
- age  13:     215688 bytes,   27811800 total
- age  14:    3489112 bytes,   31300912 total
- age  15:    2973160 bytes,   34274072 total
2016-11-15T14:10:07.085+0100: 31204.278: [SoftReference, 12 refs, 0.0048797 secs]2016-11-15T14:10:07.090+0100: 31204.282: [WeakReference, 11 refs, 0.0031307 secs]2016-11-15T14:10:07.093+0100: 31204.286: [FinalReference, 158 refs, 0.0032612 secs]2016-11-15T14:10:07.096+0100: 31204.289: [PhantomReference, 0 refs, 0 refs, 0.0062572 secs]2016-11-15T14:10:07.103+0100: 31204.295: [JNI Weak Reference, 0.0000357 secs], 0.0758188 secs]
   [Parallel Time: 36.8 ms, GC Workers: 43]
      [GC Worker Start (ms): Min: 31204238.2, Avg: 31204238.7, Max: 31204239.2, Diff: 1.0]
      [Ext Root Scanning (ms): Min: 1.9, Avg: 2.5, Max: 6.8, Diff: 4.9, Sum: 107.3]
      [Update RS (ms): Min: 4.3, Avg: 8.5, Max: 9.9, Diff: 5.6, Sum: 365.1]
         [Processed Buffers: Min: 2, Avg: 6.5, Max: 18, Diff: 16, Sum: 281]
      [Scan RS (ms): Min: 0.1, Avg: 0.8, Max: 1.2, Diff: 1.2, Sum: 32.3]
      [Code Root Scanning (ms): Min: 0.0, Avg: 0.1, Max: 0.3, Diff: 0.3, Sum: 2.8]
      [Object Copy (ms): Min: 22.7, Avg: 23.3, Max: 23.6, Diff: 0.9, Sum: 1001.6]
      [Termination (ms): Min: 0.0, Avg: 0.1, Max: 0.1, Diff: 0.1, Sum: 3.3]
         [Termination Attempts: Min: 1, Avg: 17.1, Max: 40, Diff: 39, Sum: 735]
      [GC Worker Other (ms): Min: 0.0, Avg: 0.4, Max: 0.9, Diff: 0.9, Sum: 17.4]
      [GC Worker Total (ms): Min: 34.8, Avg: 35.6, Max: 36.3, Diff: 1.5, Sum: 1529.7]
      [GC Worker End (ms): Min: 31204273.9, Avg: 31204274.3, Max: 31204274.8, Diff: 0.8]
   [Code Root Fixup: 0.3 ms]
   [Code Root Purge: 0.1 ms]
   [String Dedup Fixup: 2.9 ms, GC Workers: 43]
      [Queue Fixup (ms): Min: 0.0, Avg: 0.0, Max: 0.0, Diff: 0.0, Sum: 0.2]
      [Table Fixup (ms): Min: 0.9, Avg: 1.4, Max: 1.8, Diff: 0.9, Sum: 58.4]
   [Clear CT: 6.8 ms]
   [Other: 29.0 ms]
      [Choose CSet: 0.0 ms]
      [Ref Proc: 19.9 ms]
      [Ref Enq: 1.3 ms]
      [Redirty Cards: 1.4 ms]
      [Humongous Register: 0.2 ms]
      [Humongous Reclaim: 0.1 ms]
      [Free CSet: 5.2 ms]
   [Eden: 1152.0M(1152.0M)->0.0B(1130.0M) Survivors: 52.0M->59.0M Heap: 1708.8M(2048.0M)->567.9M(2048.0M)]
 [Times: user=1.89 sys=0.04, real=0.08 secs] 
2016-11-15T14:10:07.121+0100: 31204.314: Total time for which application threads were stopped: 0.0780226 seconds, Stopping threads took: 0.0001705 seconds
2016-11-15T14:10:07.122+0100: 31204.314: [GC concurrent-string-deduplication, 36.3K->4600.0B(31.8K), avg 87.8%, 0.0005347 secs]
2016-11-15T14:10:55.715+0100: 31252.907: Total time for which application threads were stopped: 0.0037726 seconds, Stopping threads took: 0.0001683 seconds
2016-11-15T14:10:56.429+0100: 31253.622: Total time for which application threads were stopped: 0.0014745 seconds, Stopping threads took: 0.0001424 seconds
2016-11-15T14:11:11.694+0100: 31268.887: Total time for which application threads were stopped: 0.0015199 seconds, Stopping threads took: 0.0001770 seconds
2016-11-15T14:11:11.695+0100: 31268.888: Total time for which application threads were stopped: 0.0006396 seconds, Stopping threads took: 0.0000354 seconds
2016-11-15T14:11:11.696+0100: 31268.888: Total time for which application threads were stopped: 0.0006207 seconds, Stopping threads took: 0.0000322 seconds
2016-11-15T14:11:11.903+0100: 31269.095: Total time for which application threads were stopped: 0.0008830 seconds, Stopping threads took: 0.0000774 seconds
2016-11-15T14:11:17.070+0100: 31274.262: Total time for which application threads were stopped: 0.0014828 seconds, Stopping threads took: 0.0001697 seconds
2016-11-15T14:11:17.071+0100: 31274.263: Total time for which application threads were stopped: 0.0006313 seconds, Stopping threads took: 0.0000342 seconds
2016-11-15T14:11:17.071+0100: 31274.264: Total time for which application threads were stopped: 0.0006211 seconds, Stopping threads took: 0.0000339 seconds
2016-11-15T14:11:17.255+0100: 31274.448: Total time for which application threads were stopped: 0.0011820 seconds, Stopping threads took: 0.0001274 seconds
2016-11-15T14:11:18.097+0100: 31275.289: Total time for which application threads were stopped: 0.0035122 seconds, Stopping threads took: 0.0001720 seconds
2016-11-15T14:11:18.100+0100: 31275.292: Total time for which application threads were stopped: 0.0026417 seconds, Stopping threads took: 0.0000471 seconds
2016-11-15T14:11:18.102+0100: 31275.295: Total time for which application threads were stopped: 0.0023853 seconds, Stopping threads took: 0.0000422 seconds
2016-11-15T14:11:18.159+0100: 31275.351: Total time for which application threads were stopped: 0.0009955 seconds, Stopping threads took: 0.0000680 seconds
2016-11-15T14:11:18.160+0100: 31275.352: Total time for which application threads were stopped: 0.0006025 seconds, Stopping threads took: 0.0000287 seconds
2016-11-15T14:11:18.160+0100: 31275.353: Total time for which application threads were stopped: 0.0006234 seconds, Stopping threads took: 0.0000307 seconds
2016-11-15T14:11:18.276+0100: 31275.468: Total time for which application threads were stopped: 0.0009153 seconds, Stopping threads took: 0.0000766 seconds
2016-11-15T14:11:25.566+0100: 31282.758: Total time for which application threads were stopped: 0.0016780 seconds, Stopping threads took: 0.0002243 seconds
2016-11-15T14:11:25.567+0100: 31282.759: Total time for which application threads were stopped: 0.0007447 seconds, Stopping threads took: 0.0000762 seconds
2016-11-15T14:11:25.568+0100: 31282.760: Total time for which application threads were stopped: 0.0007089 seconds, Stopping threads took: 0.0000724 seconds
2016-11-15T14:11:25.623+0100: 31282.815: Total time for which application threads were stopped: 0.0030345 seconds, Stopping threads took: 0.0000625 seconds
2016-11-15T14:11:25.748+0100: 31282.940: Total time for which application threads were stopped: 0.0011611 seconds, Stopping threads took: 0.0000831 seconds
2016-11-15T14:11:30.749+0100: 31287.942: Total time for which application threads were stopped: 0.0014301 seconds, Stopping threads took: 0.0001711 seconds
2016-11-15T14:11:31.976+0100: 31289.169: Total time for which application threads were stopped: 0.0014355 seconds, Stopping threads took: 0.0001481 seconds
2016-11-15T14:11:31.977+0100: 31289.169: Total time for which application threads were stopped: 0.0006734 seconds, Stopping threads took: 0.0000323 seconds
2016-11-15T14:11:31.978+0100: 31289.170: Total time for which application threads were stopped: 0.0006578 seconds, Stopping threads took: 0.0000323 seconds
2016-11-15T14:11:32.164+0100: 31289.357: Total time for which application threads were stopped: 0.0008770 seconds, Stopping threads took: 0.0000762 seconds
2016-11-15T14:11:38.066+0100: 31295.258: Total time for which application threads were stopped: 0.0015247 seconds, Stopping threads took: 0.0002202 seconds
2016-11-15T14:11:38.067+0100: 31295.260: Total time for which application threads were stopped: 0.0006781 seconds, Stopping threads took: 0.0000744 seconds
2016-11-15T14:11:38.068+0100: 31295.260: Total time for which application threads were stopped: 0.0006657 seconds, Stopping threads took: 0.0000734 seconds
2016-11-15T14:11:38.113+0100: 31295.305: Total time for which application threads were stopped: 0.0007504 seconds, Stopping threads took: 0.0000643 seconds
2016-11-15T14:12:03.652+0100: 31320.845: Total time for which application threads were stopped: 0.0015037 seconds, Stopping threads took: 0.0001676 seconds
2016-11-15T14:12:03.653+0100: 31320.846: Total time for which application threads were stopped: 0.0006566 seconds, Stopping threads took: 0.0000337 seconds
2016-11-15T14:12:03.654+0100: 31320.847: Total time for which application threads were stopped: 0.0008805 seconds, Stopping threads took: 0.0001331 seconds
2016-11-15T14:12:03.694+0100: 31320.887: Total time for which application threads were stopped: 0.0007562 seconds, Stopping threads took: 0.0000673 seconds
2016-11-15T14:13:07.184+0100: 31384.377: Total time for which application threads were stopped: 0.0015832 seconds, Stopping threads took: 0.0001682 seconds
2016-11-15T14:13:47.190+0100: 31424.382: Total time for which application threads were stopped: 0.0015193 seconds, Stopping threads took: 0.0001642 seconds
2016-11-15T14:13:47.191+0100: 31424.383: Total time for which application threads were stopped: 0.0006673 seconds, Stopping threads took: 0.0000385 seconds
2016-11-15T14:13:47.191+0100: 31424.384: Total time for which application threads were stopped: 0.0006232 seconds, Stopping threads took: 0.0000327 seconds
2016-11-15T14:13:47.370+0100: 31424.562: Total time for which application threads were stopped: 0.0014515 seconds, Stopping threads took: 0.0001550 seconds
2016-11-15T14:13:53.925+0100: 31431.117: Total time for which application threads were stopped: 0.0014778 seconds, Stopping threads took: 0.0001687 seconds
2016-11-15T14:13:53.926+0100: 31431.118: Total time for which application threads were stopped: 0.0006322 seconds, Stopping threads took: 0.0000385 seconds
2016-11-15T14:13:53.927+0100: 31431.119: Total time for which application threads were stopped: 0.0006146 seconds, Stopping threads took: 0.0000313 seconds
2016-11-15T14:13:54.077+0100: 31431.270: Total time for which application threads were stopped: 0.0008492 seconds, Stopping threads took: 0.0000762 seconds
2016-11-15T14:14:33.082+0100: 31470.274: Total time for which application threads were stopped: 0.0015273 seconds, Stopping threads took: 0.0001732 seconds
2016-11-15T14:15:01.085+0100: 31498.278: Total time for which application threads were stopped: 0.0015954 seconds, Stopping threads took: 0.0001758 seconds
2016-11-15T14:15:02.087+0100: 31499.279: Total time for which application threads were stopped: 0.0015260 seconds, Stopping threads took: 0.0001691 seconds
2016-11-15T14:15:03.089+0100: 31500.281: Total time for which application threads were stopped: 0.0014586 seconds, Stopping threads took: 0.0001594 seconds
2016-11-15T14:15:32.102+0100: 31529.295: [GC pause (G1 Evacuation Pause) (young)
Desired survivor size 78118912 bytes, new threshold 15 (max 15)
- age   1:     767912 bytes,     767912 total
- age   2:     482232 bytes,    1250144 total
- age   3:     911160 bytes,    2161304 total
- age   4:    9544592 bytes,   11705896 total
- age   5:    2875344 bytes,   14581240 total
- age   6:     228088 bytes,   14809328 total
- age   7:     542560 bytes,   15351888 total
- age   8:     380560 bytes,   15732448 total
- age   9:    4987176 bytes,   20719624 total
- age  10:     313864 bytes,   21033488 total
- age  11:    2969744 bytes,   24003232 total
- age  12:     312400 bytes,   24315632 total
- age  13:     399816 bytes,   24715448 total
- age  14:     215688 bytes,   24931136 total
- age  15:    3489112 bytes,   28420248 total
2016-11-15T14:15:32.144+0100: 31529.336: [SoftReference, 41 refs, 0.0057244 secs]2016-11-15T14:15:32.149+0100: 31529.342: [WeakReference, 4 refs, 0.0036710 secs]2016-11-15T14:15:32.153+0100: 31529.346: [FinalReference, 137 refs, 0.0033394 secs]2016-11-15T14:15:32.157+0100: 31529.349: [PhantomReference, 0 refs, 0 refs, 0.0063421 secs]2016-11-15T14:15:32.163+0100: 31529.355: [JNI Weak Reference, 0.0000322 secs], 0.0777072 secs]
   [Parallel Time: 38.4 ms, GC Workers: 43]
      [GC Worker Start (ms): Min: 31529295.5, Avg: 31529296.1, Max: 31529296.6, Diff: 1.0]
      [Ext Root Scanning (ms): Min: 1.8, Avg: 2.5, Max: 5.2, Diff: 3.4, Sum: 105.6]
      [Update RS (ms): Min: 3.3, Avg: 6.0, Max: 7.5, Diff: 4.1, Sum: 256.9]
         [Processed Buffers: Min: 1, Avg: 5.5, Max: 16, Diff: 15, Sum: 235]
      [Scan RS (ms): Min: 0.1, Avg: 0.7, Max: 1.1, Diff: 1.0, Sum: 29.0]
      [Code Root Scanning (ms): Min: 0.0, Avg: 0.1, Max: 0.6, Diff: 0.6, Sum: 2.2]
      [Object Copy (ms): Min: 26.5, Avg: 27.2, Max: 27.5, Diff: 1.0, Sum: 1168.4]
      [Termination (ms): Min: 0.0, Avg: 0.1, Max: 0.2, Diff: 0.2, Sum: 3.3]
         [Termination Attempts: Min: 1, Avg: 18.9, Max: 64, Diff: 63, Sum: 811]
      [GC Worker Other (ms): Min: 0.0, Avg: 0.4, Max: 0.9, Diff: 0.9, Sum: 18.3]
      [GC Worker Total (ms): Min: 36.0, Avg: 36.8, Max: 37.8, Diff: 1.8, Sum: 1583.7]
      [GC Worker End (ms): Min: 31529332.5, Avg: 31529332.9, Max: 31529333.4, Diff: 0.9]
   [Code Root Fixup: 0.3 ms]
   [Code Root Purge: 0.0 ms]
   [String Dedup Fixup: 2.6 ms, GC Workers: 43]
      [Queue Fixup (ms): Min: 0.0, Avg: 0.0, Max: 0.0, Diff: 0.0, Sum: 0.2]
      [Table Fixup (ms): Min: 0.8, Avg: 1.4, Max: 1.8, Diff: 1.0, Sum: 59.6]
   [Clear CT: 6.5 ms]
   [Other: 29.9 ms]
      [Choose CSet: 0.0 ms]
      [Ref Proc: 21.1 ms]
      [Ref Enq: 1.2 ms]
      [Redirty Cards: 1.3 ms]
      [Humongous Register: 0.2 ms]
      [Humongous Reclaim: 0.0 ms]
      [Free CSet: 5.1 ms]
   [Eden: 1130.0M(1130.0M)->0.0B(1129.0M) Survivors: 59.0M->57.0M Heap: 1697.9M(2048.0M)->571.1M(2048.0M)]
 [Times: user=1.93 sys=0.04, real=0.08 secs] 
2016-11-15T14:15:32.181+0100: 31529.373: Total time for which application threads were stopped: 0.0800822 seconds, Stopping threads took: 0.0002437 seconds
2016-11-15T14:15:32.183+0100: 31529.375: Total time for which application threads were stopped: 0.0016561 seconds, Stopping threads took: 0.0001968 seconds
2016-11-15T14:15:32.183+0100: 31529.375: [GC concurrent-string-deduplication, 18.9K->3024.0B(16.0K), avg 87.8%, 0.0003430 secs]
2016-11-15T14:15:47.689+0100: 31544.881: Total time for which application threads were stopped: 0.0016503 seconds, Stopping threads took: 0.0001694 seconds
2016-11-15T14:15:53.008+0100: 31550.200: Total time for which application threads were stopped: 0.0014677 seconds, Stopping threads took: 0.0001771 seconds
2016-11-15T14:16:03.010+0100: 31560.202: Total time for which application threads were stopped: 0.0015069 seconds, Stopping threads took: 0.0001728 seconds
2016-11-15T14:16:03.010+0100: 31560.203: Total time for which application threads were stopped: 0.0006341 seconds, Stopping threads took: 0.0000356 seconds
2016-11-15T14:16:25.014+0100: 31582.206: Total time for which application threads were stopped: 0.0017770 seconds, Stopping threads took: 0.0001773 seconds
2016-11-15T14:17:05.116+0100: 31622.308: Total time for which application threads were stopped: 0.0015331 seconds, Stopping threads took: 0.0001748 seconds
2016-11-15T14:17:05.117+0100: 31622.309: Total time for which application threads were stopped: 0.0006455 seconds, Stopping threads took: 0.0000357 seconds
2016-11-15T14:17:05.117+0100: 31622.310: Total time for which application threads were stopped: 0.0006635 seconds, Stopping threads took: 0.0000457 seconds
2016-11-15T14:17:05.234+0100: 31622.426: Total time for which application threads were stopped: 0.0008513 seconds, Stopping threads took: 0.0000712 seconds
2016-11-15T14:17:08.493+0100: 31625.685: Total time for which application threads were stopped: 0.0020104 seconds, Stopping threads took: 0.0007384 seconds
2016-11-15T14:17:08.493+0100: 31625.686: Total time for which application threads were stopped: 0.0007365 seconds, Stopping threads took: 0.0001104 seconds
2016-11-15T14:17:08.494+0100: 31625.687: Total time for which application threads were stopped: 0.0009526 seconds, Stopping threads took: 0.0002339 seconds
2016-11-15T14:17:08.533+0100: 31625.725: Total time for which application threads were stopped: 0.0007462 seconds, Stopping threads took: 0.0000685 seconds
2016-11-15T14:17:08.534+0100: 31625.726: Total time for which application threads were stopped: 0.0006186 seconds, Stopping threads took: 0.0000331 seconds
2016-11-15T14:17:08.534+0100: 31625.727: Total time for which application threads were stopped: 0.0006118 seconds, Stopping threads took: 0.0000303 seconds
2016-11-15T14:17:08.554+0100: 31625.746: Total time for which application threads were stopped: 0.0006824 seconds, Stopping threads took: 0.0000536 seconds
2016-11-15T14:17:14.905+0100: 31632.097: Total time for which application threads were stopped: 0.0015794 seconds, Stopping threads took: 0.0001903 seconds
2016-11-15T14:17:14.906+0100: 31632.098: Total time for which application threads were stopped: 0.0006870 seconds, Stopping threads took: 0.0000475 seconds
2016-11-15T14:17:14.907+0100: 31632.099: Total time for which application threads were stopped: 0.0006485 seconds, Stopping threads took: 0.0000300 seconds
2016-11-15T14:17:14.941+0100: 31632.133: Total time for which application threads were stopped: 0.0007528 seconds, Stopping threads took: 0.0000685 seconds
2016-11-15T14:17:24.985+0100: 31642.177: Total time for which application threads were stopped: 0.0016345 seconds, Stopping threads took: 0.0001791 seconds
2016-11-15T14:18:12.993+0100: 31690.186: Total time for which application threads were stopped: 0.0016677 seconds, Stopping threads took: 0.0001667 seconds
2016-11-15T14:18:48.774+0100: 31725.967: Total time for which application threads were stopped: 0.0015427 seconds, Stopping threads took: 0.0001899 seconds
2016-11-15T14:18:48.775+0100: 31725.968: Total time for which application threads were stopped: 0.0006564 seconds, Stopping threads took: 0.0000523 seconds
2016-11-15T14:18:48.776+0100: 31725.968: Total time for which application threads were stopped: 0.0006482 seconds, Stopping threads took: 0.0000362 seconds
2016-11-15T14:18:48.935+0100: 31726.127: Total time for which application threads were stopped: 0.0008846 seconds, Stopping threads took: 0.0000783 seconds
2016-11-15T14:18:53.040+0100: 31730.233: Total time for which application threads were stopped: 0.0014933 seconds, Stopping threads took: 0.0001681 seconds
2016-11-15T14:18:53.041+0100: 31730.234: Total time for which application threads were stopped: 0.0006630 seconds, Stopping threads took: 0.0000437 seconds
2016-11-15T14:18:53.042+0100: 31730.234: Total time for which application threads were stopped: 0.0006150 seconds, Stopping threads took: 0.0000323 seconds
2016-11-15T14:18:53.203+0100: 31730.396: Total time for which application threads were stopped: 0.0010418 seconds, Stopping threads took: 0.0000923 seconds
2016-11-15T14:19:02.628+0100: 31739.821: [GC pause (G1 Evacuation Pause) (young)
Desired survivor size 78118912 bytes, new threshold 15 (max 15)
- age   1:     759056 bytes,     759056 total
- age   2:     588800 bytes,    1347856 total
- age   3:     481216 bytes,    1829072 total
- age   4:     875232 bytes,    2704304 total
- age   5:    9535160 bytes,   12239464 total
- age   6:    2869352 bytes,   15108816 total
- age   7:     227712 bytes,   15336528 total
- age   8:     479744 bytes,   15816272 total
- age   9:     380560 bytes,   16196832 total
- age  10:    4987144 bytes,   21183976 total
- age  11:     313864 bytes,   21497840 total
- age  12:    2969744 bytes,   24467584 total
- age  13:     312216 bytes,   24779800 total
- age  14:     399816 bytes,   25179616 total
- age  15:     121816 bytes,   25301432 total
2016-11-15T14:19:02.668+0100: 31739.861: [SoftReference, 27 refs, 0.0058236 secs]2016-11-15T14:19:02.674+0100: 31739.866: [WeakReference, 29 refs, 0.0037384 secs]2016-11-15T14:19:02.678+0100: 31739.870: [FinalReference, 349 refs, 0.0037302 secs]2016-11-15T14:19:02.681+0100: 31739.874: [PhantomReference, 0 refs, 0 refs, 0.0057289 secs]2016-11-15T14:19:02.687+0100: 31739.880: [JNI Weak Reference, 0.0000291 secs], 0.0753461 secs]
   [Parallel Time: 37.1 ms, GC Workers: 43]
      [GC Worker Start (ms): Min: 31739821.3, Avg: 31739821.8, Max: 31739822.3, Diff: 1.0]
      [Ext Root Scanning (ms): Min: 1.7, Avg: 2.4, Max: 6.7, Diff: 4.9, Sum: 105.3]
      [Update RS (ms): Min: 3.7, Avg: 6.3, Max: 7.8, Diff: 4.1, Sum: 270.1]
         [Processed Buffers: Min: 1, Avg: 5.6, Max: 16, Diff: 15, Sum: 242]
      [Scan RS (ms): Min: 0.1, Avg: 0.7, Max: 1.1, Diff: 1.0, Sum: 29.3]
      [Code Root Scanning (ms): Min: 0.0, Avg: 0.1, Max: 0.2, Diff: 0.2, Sum: 3.0]
      [Object Copy (ms): Min: 24.4, Avg: 25.3, Max: 25.7, Diff: 1.3, Sum: 1087.5]
      [Termination (ms): Min: 0.0, Avg: 0.3, Max: 0.4, Diff: 0.4, Sum: 11.8]
         [Termination Attempts: Min: 1, Avg: 49.1, Max: 76, Diff: 75, Sum: 2111]
      [GC Worker Other (ms): Min: 0.0, Avg: 0.4, Max: 0.9, Diff: 0.8, Sum: 17.9]
      [GC Worker Total (ms): Min: 34.6, Avg: 35.5, Max: 36.2, Diff: 1.6, Sum: 1524.8]
      [GC Worker End (ms): Min: 31739856.9, Avg: 31739857.3, Max: 31739857.7, Diff: 0.8]
   [Code Root Fixup: 0.3 ms]
   [Code Root Purge: 0.0 ms]
   [String Dedup Fixup: 1.9 ms, GC Workers: 43]
      [Queue Fixup (ms): Min: 0.0, Avg: 0.0, Max: 0.0, Diff: 0.0, Sum: 0.2]
      [Table Fixup (ms): Min: 0.8, Avg: 1.4, Max: 1.8, Diff: 1.0, Sum: 58.5]
   [Clear CT: 6.3 ms]
   [Other: 29.7 ms]
      [Choose CSet: 0.0 ms]
      [Ref Proc: 21.0 ms]
      [Ref Enq: 1.2 ms]
      [Redirty Cards: 1.2 ms]
      [Humongous Register: 0.2 ms]
      [Humongous Reclaim: 0.1 ms]
      [Free CSet: 5.1 ms]
   [Eden: 1129.0M(1129.0M)->0.0B(1153.0M) Survivors: 57.0M->43.0M Heap: 1701.1M(2048.0M)->560.7M(2048.0M)]
 [Times: user=1.86 sys=0.04, real=0.07 secs] 
2016-11-15T14:19:02.704+0100: 31739.896: Total time for which application threads were stopped: 0.0775601 seconds, Stopping threads took: 0.0001726 seconds
2016-11-15T14:19:02.706+0100: 31739.898: Total time for which application threads were stopped: 0.0014836 seconds, Stopping threads took: 0.0001346 seconds
2016-11-15T14:19:02.707+0100: 31739.899: Total time for which application threads were stopped: 0.0007776 seconds, Stopping threads took: 0.0001089 seconds
2016-11-15T14:19:02.707+0100: 31739.900: Total time for which application threads were stopped: 0.0007171 seconds, Stopping threads took: 0.0000780 seconds
2016-11-15T14:19:02.708+0100: 31739.900: [GC concurrent-string-deduplication, 51.6K->10.5K(41.1K), avg 87.8%, 0.0009985 secs]
2016-11-15T14:19:03.709+0100: 31740.901: Total time for which application threads were stopped: 0.0015252 seconds, Stopping threads took: 0.0002006 seconds
2016-11-15T14:19:04.389+0100: 31741.582: Total time for which application threads were stopped: 0.0016690 seconds, Stopping threads took: 0.0001676 seconds
2016-11-15T14:19:05.193+0100: 31742.386: [GC pause (G1 Evacuation Pause) (young)
Desired survivor size 78643200 bytes, new threshold 15 (max 15)
- age   1:    1629536 bytes,    1629536 total
- age   2:     573400 bytes,    2202936 total
- age   3:     588592 bytes,    2791528 total
- age   4:     464568 bytes,    3256096 total
- age   5:     875232 bytes,    4131328 total
- age   6:    9535120 bytes,   13666448 total
- age   7:    2869160 bytes,   16535608 total
- age   8:     227712 bytes,   16763320 total
- age   9:     479584 bytes,   17242904 total
- age  10:     376424 bytes,   17619328 total
- age  11:    4986424 bytes,   22605752 total
- age  12:     313672 bytes,   22919424 total
- age  13:    2969720 bytes,   25889144 total
- age  14:     308048 bytes,   26197192 total
- age  15:     399816 bytes,   26597008 total
2016-11-15T14:19:05.224+0100: 31742.417: [SoftReference, 52 refs, 0.0053058 secs]2016-11-15T14:19:05.230+0100: 31742.422: [WeakReference, 10 refs, 0.0033223 secs]2016-11-15T14:19:05.233+0100: 31742.426: [FinalReference, 206 refs, 0.0030973 secs]2016-11-15T14:19:05.236+0100: 31742.429: [PhantomReference, 0 refs, 0 refs, 0.0066823 secs]2016-11-15T14:19:05.243+0100: 31742.435: [JNI Weak Reference, 0.0000276 secs], 0.0671472 secs]
   [Parallel Time: 28.6 ms, GC Workers: 43]
      [GC Worker Start (ms): Min: 31742386.2, Avg: 31742386.7, Max: 31742387.2, Diff: 1.0]
      [Ext Root Scanning (ms): Min: 1.6, Avg: 2.4, Max: 5.4, Diff: 3.8, Sum: 105.3]
      [Update RS (ms): Min: 0.0, Avg: 4.8, Max: 6.8, Diff: 6.8, Sum: 207.3]
         [Processed Buffers: Min: 0, Avg: 3.1, Max: 13, Diff: 13, Sum: 135]
      [Scan RS (ms): Min: 0.1, Avg: 0.8, Max: 1.7, Diff: 1.7, Sum: 33.0]
      [Code Root Scanning (ms): Min: 0.0, Avg: 0.1, Max: 0.5, Diff: 0.5, Sum: 3.0]
      [Object Copy (ms): Min: 17.3, Avg: 18.5, Max: 24.1, Diff: 6.8, Sum: 795.0]
      [Termination (ms): Min: 0.0, Avg: 0.0, Max: 0.1, Diff: 0.1, Sum: 1.5]
         [Termination Attempts: Min: 1, Avg: 5.8, Max: 20, Diff: 19, Sum: 248]
      [GC Worker Other (ms): Min: 0.1, Avg: 0.4, Max: 0.9, Diff: 0.9, Sum: 18.6]
      [GC Worker Total (ms): Min: 26.3, Avg: 27.1, Max: 28.0, Diff: 1.7, Sum: 1163.9]
      [GC Worker End (ms): Min: 31742413.4, Avg: 31742413.8, Max: 31742414.3, Diff: 0.9]
   [Code Root Fixup: 0.3 ms]
   [Code Root Purge: 0.0 ms]
   [String Dedup Fixup: 2.4 ms, GC Workers: 43]
      [Queue Fixup (ms): Min: 0.0, Avg: 0.0, Max: 0.0, Diff: 0.0, Sum: 0.2]
      [Table Fixup (ms): Min: 0.8, Avg: 1.4, Max: 1.8, Diff: 0.9, Sum: 60.1]
   [Clear CT: 6.8 ms]
   [Other: 29.1 ms]
      [Choose CSet: 0.0 ms]
      [Ref Proc: 20.4 ms]
      [Ref Enq: 1.3 ms]
      [Redirty Cards: 1.3 ms]
      [Humongous Register: 0.2 ms]
      [Humongous Reclaim: 0.1 ms]
      [Free CSet: 5.1 ms]
   [Eden: 1153.0M(1153.0M)->0.0B(1165.0M) Survivors: 43.0M->36.0M Heap: 1714.7M(2048.0M)->554.7M(2048.0M)]
 [Times: user=1.49 sys=0.04, real=0.07 secs] 
2016-11-15T14:19:05.261+0100: 31742.453: Total time for which application threads were stopped: 0.0692223 seconds, Stopping threads took: 0.0001527 seconds
2016-11-15T14:19:05.261+0100: 31742.454: [GC concurrent-string-deduplication, 26.2K->1792.0B(24.4K), avg 87.8%, 0.0003420 secs]
2016-11-15T14:19:11.562+0100: 31748.754: Total time for which application threads were stopped: 0.0015356 seconds, Stopping threads took: 0.0001666 seconds
2016-11-15T14:19:16.768+0100: 31753.961: Total time for which application threads were stopped: 0.0014569 seconds, Stopping threads took: 0.0001717 seconds
2016-11-15T14:19:26.770+0100: 31763.962: Total time for which application threads were stopped: 0.0014980 seconds, Stopping threads took: 0.0001754 seconds
2016-11-15T14:19:26.771+0100: 31763.963: Total time for which application threads were stopped: 0.0006278 seconds, Stopping threads took: 0.0000349 seconds
2016-11-15T14:20:04.775+0100: 31801.968: Total time for which application threads were stopped: 0.0015270 seconds, Stopping threads took: 0.0002156 seconds
2016-11-15T14:20:08.433+0100: 31805.626: Total time for which application threads were stopped: 0.0016036 seconds, Stopping threads took: 0.0001722 seconds
2016-11-15T14:20:13.616+0100: 31810.808: Total time for which application threads were stopped: 0.0014493 seconds, Stopping threads took: 0.0001711 seconds
2016-11-15T14:20:23.620+0100: 31820.812: Total time for which application threads were stopped: 0.0037977 seconds, Stopping threads took: 0.0001755 seconds
2016-11-15T14:20:23.621+0100: 31820.814: Total time for which application threads were stopped: 0.0010060 seconds, Stopping threads took: 0.0000451 seconds
2016-11-15T14:20:50.625+0100: 31847.817: Total time for which application threads were stopped: 0.0015984 seconds, Stopping threads took: 0.0001832 seconds
2016-11-15T14:20:55.876+0100: 31853.069: Total time for which application threads were stopped: 0.0015179 seconds, Stopping threads took: 0.0001845 seconds
2016-11-15T14:20:55.877+0100: 31853.070: Total time for which application threads were stopped: 0.0006476 seconds, Stopping threads took: 0.0000364 seconds
2016-11-15T14:20:55.878+0100: 31853.070: Total time for which application threads were stopped: 0.0006204 seconds, Stopping threads took: 0.0000307 seconds
2016-11-15T14:20:56.045+0100: 31853.238: Total time for which application threads were stopped: 0.0008823 seconds, Stopping threads took: 0.0000743 seconds
2016-11-15T14:21:02.503+0100: 31859.696: Total time for which application threads were stopped: 0.0015563 seconds, Stopping threads took: 0.0001799 seconds
2016-11-15T14:21:02.504+0100: 31859.697: Total time for which application threads were stopped: 0.0006586 seconds, Stopping threads took: 0.0000334 seconds
2016-11-15T14:21:02.505+0100: 31859.697: Total time for which application threads were stopped: 0.0006560 seconds, Stopping threads took: 0.0000311 seconds
2016-11-15T14:21:02.627+0100: 31859.820: Total time for which application threads were stopped: 0.0009091 seconds, Stopping threads took: 0.0000776 seconds
2016-11-15T14:21:08.665+0100: 31865.857: Total time for which application threads were stopped: 0.0015975 seconds, Stopping threads took: 0.0001719 seconds
2016-11-15T14:21:08.666+0100: 31865.858: Total time for which application threads were stopped: 0.0006836 seconds, Stopping threads took: 0.0000333 seconds
2016-11-15T14:21:08.667+0100: 31865.859: Total time for which application threads were stopped: 0.0007312 seconds, Stopping threads took: 0.0000911 seconds
2016-11-15T14:21:08.780+0100: 31865.972: Total time for which application threads were stopped: 0.0010759 seconds, Stopping threads took: 0.0001300 seconds
2016-11-15T14:21:11.786+0100: 31868.979: Total time for which application threads were stopped: 0.0014746 seconds, Stopping threads took: 0.0001810 seconds
2016-11-15T14:21:11.788+0100: 31868.980: Total time for which application threads were stopped: 0.0006940 seconds, Stopping threads took: 0.0000524 seconds
2016-11-15T14:21:11.788+0100: 31868.981: Total time for which application threads were stopped: 0.0006029 seconds, Stopping threads took: 0.0000299 seconds
2016-11-15T14:21:11.814+0100: 31869.007: Total time for which application threads were stopped: 0.0007502 seconds, Stopping threads took: 0.0000679 seconds
2016-11-15T14:21:55.819+0100: 31913.011: Total time for which application threads were stopped: 0.0015386 seconds, Stopping threads took: 0.0001637 seconds
2016-11-15T14:22:25.823+0100: 31943.015: Total time for which application threads were stopped: 0.0014672 seconds, Stopping threads took: 0.0001720 seconds
2016-11-15T14:22:44.471+0100: 31961.663: [GC pause (G1 Evacuation Pause) (young)
Desired survivor size 79167488 bytes, new threshold 15 (max 15)
- age   1:    1224520 bytes,    1224520 total
- age   2:     753288 bytes,    1977808 total
- age   3:     573400 bytes,    2551208 total
- age   4:     546512 bytes,    3097720 total
- age   5:     464568 bytes,    3562288 total
- age   6:     875232 bytes,    4437520 total
- age   7:    9516040 bytes,   13953560 total
- age   8:    2869160 bytes,   16822720 total
- age   9:     227712 bytes,   17050432 total
- age  10:     479584 bytes,   17530016 total
- age  11:     376384 bytes,   17906400 total
- age  12:    4986104 bytes,   22892504 total
- age  13:     313672 bytes,   23206176 total
- age  14:    2969720 bytes,   26175896 total
- age  15:     308048 bytes,   26483944 total
2016-11-15T14:22:44.506+0100: 31961.699: [SoftReference, 12 refs, 0.0049400 secs]2016-11-15T14:22:44.511+0100: 31961.704: [WeakReference, 6 refs, 0.0031881 secs]2016-11-15T14:22:44.515+0100: 31961.707: [FinalReference, 114 refs, 0.0034918 secs]2016-11-15T14:22:44.518+0100: 31961.710: [PhantomReference, 0 refs, 0 refs, 0.0064855 secs]2016-11-15T14:22:44.525+0100: 31961.717: [JNI Weak Reference, 0.0000293 secs], 0.0713279 secs]
   [Parallel Time: 32.6 ms, GC Workers: 43]
      [GC Worker Start (ms): Min: 31961664.1, Avg: 31961664.6, Max: 31961665.1, Diff: 1.0]
      [Ext Root Scanning (ms): Min: 1.9, Avg: 2.6, Max: 7.4, Diff: 5.5, Sum: 110.0]
      [Update RS (ms): Min: 3.3, Avg: 7.7, Max: 9.8, Diff: 6.5, Sum: 330.5]
         [Processed Buffers: Min: 2, Avg: 6.8, Max: 18, Diff: 16, Sum: 293]
      [Scan RS (ms): Min: 0.1, Avg: 0.6, Max: 0.8, Diff: 0.7, Sum: 26.1]
      [Code Root Scanning (ms): Min: 0.0, Avg: 0.0, Max: 0.1, Diff: 0.1, Sum: 1.2]
      [Object Copy (ms): Min: 18.5, Avg: 19.8, Max: 20.1, Diff: 1.6, Sum: 850.1]
      [Termination (ms): Min: 0.0, Avg: 0.1, Max: 0.1, Diff: 0.1, Sum: 4.5]
         [Termination Attempts: Min: 1, Avg: 17.7, Max: 27, Diff: 26, Sum: 762]
      [GC Worker Other (ms): Min: 0.1, Avg: 0.5, Max: 2.2, Diff: 2.1, Sum: 21.6]
      [GC Worker Total (ms): Min: 30.6, Avg: 31.3, Max: 31.9, Diff: 1.3, Sum: 1344.0]
      [GC Worker End (ms): Min: 31961695.5, Avg: 31961695.9, Max: 31961696.4, Diff: 0.9]
   [Code Root Fixup: 0.3 ms]
   [Code Root Purge: 0.0 ms]
   [String Dedup Fixup: 2.5 ms, GC Workers: 43]
      [Queue Fixup (ms): Min: 0.0, Avg: 0.0, Max: 0.1, Diff: 0.1, Sum: 0.2]
      [Table Fixup (ms): Min: 0.8, Avg: 1.4, Max: 1.8, Diff: 1.0, Sum: 58.7]
   [Clear CT: 6.7 ms]
   [Other: 29.1 ms]
      [Choose CSet: 0.0 ms]
      [Ref Proc: 20.0 ms]
      [Ref Enq: 1.3 ms]
      [Redirty Cards: 1.4 ms]
      [Humongous Register: 0.2 ms]
      [Humongous Reclaim: 0.2 ms]
      [Free CSet: 5.2 ms]
   [Eden: 1165.0M(1165.0M)->0.0B(1121.0M) Survivors: 36.0M->53.0M Heap: 1729.7M(2048.0M)->577.7M(2048.0M)]
 [Times: user=1.71 sys=0.01, real=0.08 secs] 
2016-11-15T14:22:44.543+0100: 31961.735: Total time for which application threads were stopped: 0.0737391 seconds, Stopping threads took: 0.0002712 seconds
2016-11-15T14:22:44.545+0100: 31961.737: Total time for which application threads were stopped: 0.0015980 seconds, Stopping threads took: 0.0001221 seconds
2016-11-15T14:22:44.545+0100: 31961.738: [GC concurrent-string-deduplication, 47.7K->5224.0B(42.6K), avg 87.8%, 0.0006025 secs]
2016-11-15T14:22:59.547+0100: 31976.740: Total time for which application threads were stopped: 0.0014754 seconds, Stopping threads took: 0.0001854 seconds
2016-11-15T14:23:05.596+0100: 31982.788: Total time for which application threads were stopped: 0.0016533 seconds, Stopping threads took: 0.0001711 seconds
2016-11-15T14:23:10.866+0100: 31988.058: Total time for which application threads were stopped: 0.0017237 seconds, Stopping threads took: 0.0001835 seconds
2016-11-15T14:23:20.867+0100: 31998.060: Total time for which application threads were stopped: 0.0015115 seconds, Stopping threads took: 0.0001815 seconds
2016-11-15T14:23:20.870+0100: 31998.063: Total time for which application threads were stopped: 0.0027008 seconds, Stopping threads took: 0.0000372 seconds
2016-11-15T14:24:10.875+0100: 32048.068: Total time for which application threads were stopped: 0.0016682 seconds, Stopping threads took: 0.0001783 seconds
2016-11-15T14:24:56.881+0100: 32094.073: Total time for which application threads were stopped: 0.0016910 seconds, Stopping threads took: 0.0001820 seconds
2016-11-15T14:25:24.885+0100: 32122.077: Total time for which application threads were stopped: 0.0017958 seconds, Stopping threads took: 0.0001925 seconds
2016-11-15T14:25:43.888+0100: 32141.080: Total time for which application threads were stopped: 0.0016507 seconds, Stopping threads took: 0.0001834 seconds
2016-11-15T14:26:58.460+0100: 32215.652: Total time for which application threads were stopped: 0.0017973 seconds, Stopping threads took: 0.0001811 seconds
2016-11-15T14:26:58.461+0100: 32215.653: Total time for which application threads were stopped: 0.0008345 seconds, Stopping threads took: 0.0000450 seconds
2016-11-15T14:26:58.462+0100: 32215.654: Total time for which application threads were stopped: 0.0006659 seconds, Stopping threads took: 0.0000402 seconds
2016-11-15T14:26:58.675+0100: 32215.868: Total time for which application threads were stopped: 0.0016380 seconds, Stopping threads took: 0.0001763 seconds
2016-11-15T14:27:04.921+0100: 32222.114: Total time for which application threads were stopped: 0.0017934 seconds, Stopping threads took: 0.0001858 seconds
2016-11-15T14:27:04.922+0100: 32222.115: Total time for which application threads were stopped: 0.0007239 seconds, Stopping threads took: 0.0000520 seconds
2016-11-15T14:27:04.923+0100: 32222.115: Total time for which application threads were stopped: 0.0006512 seconds, Stopping threads took: 0.0000396 seconds
2016-11-15T14:27:04.974+0100: 32222.167: Total time for which application threads were stopped: 0.0014762 seconds, Stopping threads took: 0.0001350 seconds
2016-11-15T14:27:11.976+0100: 32229.169: Total time for which application threads were stopped: 0.0017204 seconds, Stopping threads took: 0.0001886 seconds
2016-11-15T14:27:26.979+0100: 32244.172: Total time for which application threads were stopped: 0.0017039 seconds, Stopping threads took: 0.0002158 seconds
2016-11-15T14:27:39.843+0100: 32257.036: [GC pause (G1 Evacuation Pause) (young)
Desired survivor size 77070336 bytes, new threshold 15 (max 15)
- age   1:     634448 bytes,     634448 total
- age   2:     336880 bytes,     971328 total
- age   3:     694736 bytes,    1666064 total
- age   4:     546152 bytes,    2212216 total
- age   5:     545200 bytes,    2757416 total
- age   6:     464544 bytes,    3221960 total
- age   7:     875232 bytes,    4097192 total
- age   8:    9516040 bytes,   13613232 total
- age   9:    2868960 bytes,   16482192 total
- age  10:     227712 bytes,   16709904 total
- age  11:     479536 bytes,   17189440 total
- age  12:     376168 bytes,   17565608 total
- age  13:    4986104 bytes,   22551712 total
- age  14:     313624 bytes,   22865336 total
- age  15:    2969720 bytes,   25835056 total
2016-11-15T14:27:39.890+0100: 32257.083: [SoftReference, 39 refs, 0.0052008 secs]2016-11-15T14:27:39.895+0100: 32257.088: [WeakReference, 7 refs, 0.0032356 secs]2016-11-15T14:27:39.899+0100: 32257.091: [FinalReference, 181 refs, 0.0031051 secs]2016-11-15T14:27:39.902+0100: 32257.094: [PhantomReference, 0 refs, 0 refs, 0.0066774 secs]2016-11-15T14:27:39.909+0100: 32257.101: [JNI Weak Reference, 0.0000331 secs], 0.0823932 secs]
   [Parallel Time: 43.7 ms, GC Workers: 43]
      [GC Worker Start (ms): Min: 32257036.4, Avg: 32257036.9, Max: 32257037.5, Diff: 1.1]
      [Ext Root Scanning (ms): Min: 1.8, Avg: 2.6, Max: 7.8, Diff: 6.1, Sum: 110.0]
      [Update RS (ms): Min: 6.5, Avg: 11.4, Max: 14.9, Diff: 8.4, Sum: 490.4]
         [Processed Buffers: Min: 4, Avg: 8.8, Max: 17, Diff: 13, Sum: 378]
      [Scan RS (ms): Min: 0.1, Avg: 0.7, Max: 1.0, Diff: 0.9, Sum: 29.0]
      [Code Root Scanning (ms): Min: 0.0, Avg: 0.0, Max: 0.1, Diff: 0.1, Sum: 1.9]
      [Object Copy (ms): Min: 24.3, Avg: 27.1, Max: 28.0, Diff: 3.8, Sum: 1166.4]
      [Termination (ms): Min: 0.0, Avg: 0.2, Max: 0.3, Diff: 0.3, Sum: 9.3]
         [Termination Attempts: Min: 1, Avg: 45.2, Max: 78, Diff: 77, Sum: 1944]
      [GC Worker Other (ms): Min: 0.0, Avg: 0.4, Max: 0.8, Diff: 0.8, Sum: 18.0]
      [GC Worker Total (ms): Min: 41.7, Avg: 42.4, Max: 43.2, Diff: 1.5, Sum: 1825.0]
      [GC Worker End (ms): Min: 32257079.0, Avg: 32257079.4, Max: 32257079.8, Diff: 0.8]
   [Code Root Fixup: 0.2 ms]
   [Code Root Purge: 0.0 ms]
   [String Dedup Fixup: 2.6 ms, GC Workers: 43]
      [Queue Fixup (ms): Min: 0.0, Avg: 0.0, Max: 0.1, Diff: 0.1, Sum: 0.2]
      [Table Fixup (ms): Min: 0.9, Avg: 1.4, Max: 1.9, Diff: 0.9, Sum: 60.2]
   [Clear CT: 6.3 ms]
   [Other: 29.5 ms]
      [Choose CSet: 0.0 ms]
      [Ref Proc: 20.7 ms]
      [Ref Enq: 1.1 ms]
      [Redirty Cards: 1.2 ms]
      [Humongous Register: 0.3 ms]
      [Humongous Reclaim: 0.2 ms]
      [Free CSet: 5.0 ms]
   [Eden: 1121.0M(1121.0M)->0.0B(1084.0M) Survivors: 53.0M->60.0M Heap: 1718.7M(2048.0M)->597.4M(2048.0M)]
 [Times: user=2.17 sys=0.00, real=0.09 secs] 
2016-11-15T14:27:39.926+0100: 32257.118: Total time for which application threads were stopped: 0.0848781 seconds, Stopping threads took: 0.0001912 seconds
2016-11-15T14:27:39.927+0100: 32257.119: [GC concurrent-string-deduplication, 129.9K->0.0B(129.9K), avg 87.8%, 0.0009255 secs]
2016-11-15T14:27:54.929+0100: 32272.121: Total time for which application threads were stopped: 0.0017782 seconds, Stopping threads took: 0.0001708 seconds
2016-11-15T14:27:56.248+0100: 32273.440: Total time for which application threads were stopped: 0.0019044 seconds, Stopping threads took: 0.0002144 seconds
2016-11-15T14:28:01.592+0100: 32278.784: Total time for which application threads were stopped: 0.0246188 seconds, Stopping threads took: 0.0010114 seconds
2016-11-15T14:28:11.594+0100: 32288.787: Total time for which application threads were stopped: 0.0016920 seconds, Stopping threads took: 0.0001798 seconds
2016-11-15T14:28:11.595+0100: 32288.788: Total time for which application threads were stopped: 0.0006789 seconds, Stopping threads took: 0.0000423 seconds
2016-11-15T14:28:27.179+0100: 32304.372: Total time for which application threads were stopped: 0.0022194 seconds, Stopping threads took: 0.0005845 seconds
2016-11-15T14:28:32.425+0100: 32309.617: Total time for which application threads were stopped: 0.0017273 seconds, Stopping threads took: 0.0001796 seconds
2016-11-15T14:28:42.427+0100: 32319.619: Total time for which application threads were stopped: 0.0017913 seconds, Stopping threads took: 0.0001877 seconds
2016-11-15T14:28:42.428+0100: 32319.620: Total time for which application threads were stopped: 0.0007099 seconds, Stopping threads took: 0.0000511 seconds
2016-11-15T14:29:05.432+0100: 32342.624: Total time for which application threads were stopped: 0.0018623 seconds, Stopping threads took: 0.0001896 seconds
2016-11-15T14:29:28.435+0100: 32365.628: Total time for which application threads were stopped: 0.0018533 seconds, Stopping threads took: 0.0001902 seconds
2016-11-15T14:30:24.026+0100: 32421.218: Total time for which application threads were stopped: 0.0041895 seconds, Stopping threads took: 0.0002285 seconds
2016-11-15T14:30:24.034+0100: 32421.226: Total time for which application threads were stopped: 0.0030943 seconds, Stopping threads took: 0.0000717 seconds
2016-11-15T14:30:29.383+0100: 32426.575: Total time for which application threads were stopped: 0.0017314 seconds, Stopping threads took: 0.0001933 seconds
2016-11-15T14:30:39.385+0100: 32436.578: Total time for which application threads were stopped: 0.0018540 seconds, Stopping threads took: 0.0001878 seconds
2016-11-15T14:30:39.386+0100: 32436.579: Total time for which application threads were stopped: 0.0006784 seconds, Stopping threads took: 0.0000410 seconds
2016-11-15T14:30:46.388+0100: 32443.581: Total time for which application threads were stopped: 0.0017492 seconds, Stopping threads took: 0.0001776 seconds
2016-11-15T14:31:30.394+0100: 32487.587: Total time for which application threads were stopped: 0.0021804 seconds, Stopping threads took: 0.0002205 seconds
2016-11-15T14:31:43.692+0100: 32500.884: [GC pause (G1 Evacuation Pause) (young)
Desired survivor size 74973184 bytes, new threshold 15 (max 15)
- age   1:    5254152 bytes,    5254152 total
- age   2:     403496 bytes,    5657648 total
- age   3:     336880 bytes,    5994528 total
- age   4:     615880 bytes,    6610408 total
- age   5:     483232 bytes,    7093640 total
- age   6:     544712 bytes,    7638352 total
- age   7:     463232 bytes,    8101584 total
- age   8:     869912 bytes,    8971496 total
- age   9:    9516016 bytes,   18487512 total
- age  10:    2868960 bytes,   21356472 total
- age  11:     227712 bytes,   21584184 total
- age  12:     479536 bytes,   22063720 total
- age  13:     376080 bytes,   22439800 total
- age  14:    4986000 bytes,   27425800 total
- age  15:     313624 bytes,   27739424 total
2016-11-15T14:31:43.732+0100: 32500.924: [SoftReference, 80 refs, 0.0056984 secs]2016-11-15T14:31:43.737+0100: 32500.930: [WeakReference, 12 refs, 0.0032501 secs]2016-11-15T14:31:43.741+0100: 32500.933: [FinalReference, 58 refs, 0.0034360 secs]2016-11-15T14:31:43.744+0100: 32500.937: [PhantomReference, 0 refs, 0 refs, 0.0066881 secs]2016-11-15T14:31:43.751+0100: 32500.943: [JNI Weak Reference, 0.0000319 secs], 0.0752602 secs]
   [Parallel Time: 36.7 ms, GC Workers: 43]
      [GC Worker Start (ms): Min: 32500884.9, Avg: 32500885.5, Max: 32500886.0, Diff: 1.1]
      [Ext Root Scanning (ms): Min: 1.5, Avg: 2.4, Max: 5.9, Diff: 4.3, Sum: 101.4]
      [Update RS (ms): Min: 4.9, Avg: 7.7, Max: 11.5, Diff: 6.6, Sum: 331.7]
         [Processed Buffers: Min: 2, Avg: 6.4, Max: 23, Diff: 21, Sum: 277]
      [Scan RS (ms): Min: 0.1, Avg: 0.6, Max: 0.7, Diff: 0.6, Sum: 24.8]
      [Code Root Scanning (ms): Min: 0.0, Avg: 0.0, Max: 0.2, Diff: 0.2, Sum: 1.4]
      [Object Copy (ms): Min: 20.6, Avg: 23.7, Max: 24.2, Diff: 3.5, Sum: 1017.3]
      [Termination (ms): Min: 0.0, Avg: 0.1, Max: 0.2, Diff: 0.2, Sum: 6.2]
         [Termination Attempts: Min: 1, Avg: 29.6, Max: 47, Diff: 46, Sum: 1271]
      [GC Worker Other (ms): Min: 0.1, Avg: 0.6, Max: 3.7, Diff: 3.6, Sum: 24.4]
      [GC Worker Total (ms): Min: 34.2, Avg: 35.1, Max: 36.2, Diff: 2.0, Sum: 1507.4]
      [GC Worker End (ms): Min: 32500920.2, Avg: 32500920.6, Max: 32500921.1, Diff: 0.9]
   [Code Root Fixup: 0.3 ms]
   [Code Root Purge: 0.0 ms]
   [String Dedup Fixup: 2.8 ms, GC Workers: 43]
      [Queue Fixup (ms): Min: 0.0, Avg: 0.0, Max: 0.0, Diff: 0.0, Sum: 0.1]
      [Table Fixup (ms): Min: 0.0, Avg: 1.3, Max: 1.9, Diff: 1.9, Sum: 54.6]
   [Clear CT: 5.0 ms]
   [Other: 30.4 ms]
      [Choose CSet: 0.0 ms]
      [Ref Proc: 21.4 ms]
      [Ref Enq: 1.6 ms]
      [Redirty Cards: 1.2 ms]
      [Humongous Register: 0.3 ms]
      [Humongous Reclaim: 0.1 ms]
      [Free CSet: 4.8 ms]
   [Eden: 1084.0M(1084.0M)->0.0B(1077.0M) Survivors: 60.0M->60.0M Heap: 1686.4M(2048.0M)->602.3M(2048.0M)]
 [Times: user=1.74 sys=0.03, real=0.07 secs] 
2016-11-15T14:31:43.767+0100: 32500.960: Total time for which application threads were stopped: 0.0778688 seconds, Stopping threads took: 0.0002257 seconds
2016-11-15T14:31:43.768+0100: 32500.961: [GC concurrent-string-deduplication, 61.2K->1552.0B(59.7K), avg 87.8%, 0.0009453 secs]
2016-11-15T14:32:25.773+0100: 32542.965: Total time for which application threads were stopped: 0.0018443 seconds, Stopping threads took: 0.0001757 seconds
2016-11-15T14:33:55.910+0100: 32633.102: Total time for which application threads were stopped: 0.0020789 seconds, Stopping threads took: 0.0001805 seconds
2016-11-15T14:34:01.224+0100: 32638.416: Total time for which application threads were stopped: 0.0019504 seconds, Stopping threads took: 0.0001899 seconds
2016-11-15T14:34:21.226+0100: 32658.419: Total time for which application threads were stopped: 0.0019309 seconds, Stopping threads took: 0.0001951 seconds
2016-11-15T14:34:21.228+0100: 32658.420: Total time for which application threads were stopped: 0.0009006 seconds, Stopping threads took: 0.0000502 seconds
2016-11-15T14:34:34.463+0100: 32671.655: Total time for which application threads were stopped: 0.0022483 seconds, Stopping threads took: 0.0002558 seconds
2016-11-15T14:34:39.692+0100: 32676.884: Total time for which application threads were stopped: 0.0032604 seconds, Stopping threads took: 0.0003098 seconds
2016-11-15T14:34:49.694+0100: 32686.887: Total time for which application threads were stopped: 0.0020125 seconds, Stopping threads took: 0.0001768 seconds
2016-11-15T14:34:49.696+0100: 32686.888: Total time for which application threads were stopped: 0.0011236 seconds, Stopping threads took: 0.0000762 seconds
2016-11-15T14:36:03.584+0100: 32760.777: Total time for which application threads were stopped: 0.0016534 seconds, Stopping threads took: 0.0001618 seconds
2016-11-15T14:36:03.585+0100: 32760.778: Total time for which application threads were stopped: 0.0007400 seconds, Stopping threads took: 0.0000468 seconds
2016-11-15T14:36:03.586+0100: 32760.778: Total time for which application threads were stopped: 0.0006921 seconds, Stopping threads took: 0.0000359 seconds
2016-11-15T14:36:03.776+0100: 32760.968: Total time for which application threads were stopped: 0.0017187 seconds, Stopping threads took: 0.0001741 seconds
2016-11-15T14:36:04.777+0100: 32761.970: Total time for which application threads were stopped: 0.0015413 seconds, Stopping threads took: 0.0001600 seconds
2016-11-15T14:36:08.539+0100: 32765.731: Total time for which application threads were stopped: 0.0015493 seconds, Stopping threads took: 0.0001479 seconds
2016-11-15T14:36:08.540+0100: 32765.733: Total time for which application threads were stopped: 0.0010470 seconds, Stopping threads took: 0.0001310 seconds
2016-11-15T14:36:08.541+0100: 32765.733: Total time for which application threads were stopped: 0.0007623 seconds, Stopping threads took: 0.0000435 seconds
2016-11-15T14:36:08.691+0100: 32765.883: Total time for which application threads were stopped: 0.0016017 seconds, Stopping threads took: 0.0001547 seconds
2016-11-15T14:36:16.830+0100: 32774.022: [GC pause (G1 Evacuation Pause) (young)
Desired survivor size 74973184 bytes, new threshold 15 (max 15)
- age   1:     473936 bytes,     473936 total
- age   2:    5118776 bytes,    5592712 total
- age   3:     402712 bytes,    5995424 total
- age   4:     203824 bytes,    6199248 total
- age   5:     615624 bytes,    6814872 total
- age   6:     482664 bytes,    7297536 total
- age   7:     544712 bytes,    7842248 total
- age   8:     455136 bytes,    8297384 total
- age   9:     869880 bytes,    9167264 total
- age  10:    9515944 bytes,   18683208 total
- age  11:    2868960 bytes,   21552168 total
- age  12:     227640 bytes,   21779808 total
- age  13:     479536 bytes,   22259344 total
- age  14:     376016 bytes,   22635360 total
- age  15:    4986000 bytes,   27621360 total
2016-11-15T14:36:16.867+0100: 32774.059: [SoftReference, 131 refs, 0.0049813 secs]2016-11-15T14:36:16.872+0100: 32774.064: [WeakReference, 6 refs, 0.0030172 secs]2016-11-15T14:36:16.875+0100: 32774.067: [FinalReference, 96 refs, 0.0030144 secs]2016-11-15T14:36:16.878+0100: 32774.070: [PhantomReference, 0 refs, 0 refs, 0.0053313 secs]2016-11-15T14:36:16.883+0100: 32774.076: [JNI Weak Reference, 0.0000324 secs], 0.0691030 secs]
   [Parallel Time: 34.7 ms, GC Workers: 43]
      [GC Worker Start (ms): Min: 32774022.8, Avg: 32774023.3, Max: 32774023.8, Diff: 1.0]
      [Ext Root Scanning (ms): Min: 1.7, Avg: 2.5, Max: 6.7, Diff: 5.0, Sum: 107.6]
      [Update RS (ms): Min: 0.2, Avg: 6.1, Max: 14.8, Diff: 14.6, Sum: 260.6]
         [Processed Buffers: Min: 1, Avg: 5.5, Max: 17, Diff: 16, Sum: 238]
      [Scan RS (ms): Min: 0.1, Avg: 0.6, Max: 0.8, Diff: 0.8, Sum: 25.0]
      [Code Root Scanning (ms): Min: 0.0, Avg: 0.0, Max: 0.3, Diff: 0.3, Sum: 1.4]
      [Object Copy (ms): Min: 15.4, Avg: 23.4, Max: 29.2, Diff: 13.8, Sum: 1004.5]
      [Termination (ms): Min: 0.0, Avg: 0.1, Max: 0.2, Diff: 0.2, Sum: 4.2]
         [Termination Attempts: Min: 1, Avg: 19.5, Max: 43, Diff: 42, Sum: 837]
      [GC Worker Other (ms): Min: 0.0, Avg: 0.4, Max: 0.9, Diff: 0.8, Sum: 17.4]
      [GC Worker Total (ms): Min: 32.3, Avg: 33.0, Max: 33.9, Diff: 1.6, Sum: 1420.8]
      [GC Worker End (ms): Min: 32774056.0, Avg: 32774056.4, Max: 32774056.8, Diff: 0.8]
   [Code Root Fixup: 0.2 ms]
   [Code Root Purge: 0.0 ms]
   [String Dedup Fixup: 2.1 ms, GC Workers: 43]
      [Queue Fixup (ms): Min: 0.0, Avg: 0.0, Max: 0.5, Diff: 0.5, Sum: 1.4]
      [Table Fixup (ms): Min: 0.9, Avg: 1.4, Max: 1.7, Diff: 0.8, Sum: 58.3]
   [Clear CT: 5.7 ms]
   [Other: 26.3 ms]
      [Choose CSet: 0.0 ms]
      [Ref Proc: 18.2 ms]
      [Ref Enq: 1.5 ms]
      [Redirty Cards: 1.1 ms]
      [Humongous Register: 0.2 ms]
      [Humongous Reclaim: 0.1 ms]
      [Free CSet: 4.4 ms]
   [Eden: 1077.0M(1077.0M)->0.0B(1075.0M) Survivors: 60.0M->57.0M Heap: 1682.3M(2048.0M)->605.6M(2048.0M)]
 [Times: user=1.70 sys=0.03, real=0.07 secs] 
2016-11-15T14:36:16.899+0100: 32774.092: Total time for which application threads were stopped: 0.0713616 seconds, Stopping threads took: 0.0001513 seconds
2016-11-15T14:36:16.916+0100: 32774.108: [GC concurrent-string-deduplication, 1955.1K->1824.0B(1953.4K), avg 88.0%, 0.0163517 secs]
2016-11-15T14:36:17.119+0100: 32774.312: Total time for which application threads were stopped: 0.0014610 seconds, Stopping threads took: 0.0001509 seconds
2016-11-15T14:36:17.120+0100: 32774.313: Total time for which application threads were stopped: 0.0006446 seconds, Stopping threads took: 0.0000320 seconds
2016-11-15T14:36:17.121+0100: 32774.313: Total time for which application threads were stopped: 0.0006307 seconds, Stopping threads took: 0.0000343 seconds
2016-11-15T14:36:17.165+0100: 32774.357: Total time for which application threads were stopped: 0.0009302 seconds, Stopping threads took: 0.0000779 seconds
2016-11-15T14:36:22.303+0100: 32779.496: Total time for which application threads were stopped: 0.0015415 seconds, Stopping threads took: 0.0001615 seconds
2016-11-15T14:36:22.304+0100: 32779.497: Total time for which application threads were stopped: 0.0006794 seconds, Stopping threads took: 0.0000402 seconds
2016-11-15T14:36:22.305+0100: 32779.498: Total time for which application threads were stopped: 0.0006490 seconds, Stopping threads took: 0.0000320 seconds
2016-11-15T14:36:22.347+0100: 32779.540: Total time for which application threads were stopped: 0.0008127 seconds, Stopping threads took: 0.0000694 seconds
2016-11-15T14:36:29.064+0100: 32786.256: Total time for which application threads were stopped: 0.0037253 seconds, Stopping threads took: 0.0001617 seconds
2016-11-15T14:36:29.066+0100: 32786.259: Total time for which application threads were stopped: 0.0026403 seconds, Stopping threads took: 0.0000521 seconds
2016-11-15T14:36:29.069+0100: 32786.261: Total time for which application threads were stopped: 0.0023991 seconds, Stopping threads took: 0.0000396 seconds
2016-11-15T14:36:29.125+0100: 32786.318: Total time for which application threads were stopped: 0.0009891 seconds, Stopping threads took: 0.0000681 seconds
2016-11-15T14:36:29.126+0100: 32786.318: Total time for which application threads were stopped: 0.0007229 seconds, Stopping threads took: 0.0000304 seconds
2016-11-15T14:36:29.127+0100: 32786.319: Total time for which application threads were stopped: 0.0006357 seconds, Stopping threads took: 0.0000333 seconds
2016-11-15T14:36:29.240+0100: 32786.433: Total time for which application threads were stopped: 0.0013394 seconds, Stopping threads took: 0.0001264 seconds
2016-11-15T14:36:38.376+0100: 32795.569: Total time for which application threads were stopped: 0.0015323 seconds, Stopping threads took: 0.0001609 seconds
2016-11-15T14:36:38.377+0100: 32795.570: Total time for which application threads were stopped: 0.0006970 seconds, Stopping threads took: 0.0000413 seconds
2016-11-15T14:36:38.378+0100: 32795.570: Total time for which application threads were stopped: 0.0006725 seconds, Stopping threads took: 0.0000346 seconds
2016-11-15T14:36:38.420+0100: 32795.612: Total time for which application threads were stopped: 0.0031683 seconds, Stopping threads took: 0.0000704 seconds
2016-11-15T14:36:38.870+0100: 32796.062: Total time for which application threads were stopped: 0.0015107 seconds, Stopping threads took: 0.0001472 seconds
2016-11-15T14:38:35.880+0100: 32913.073: Total time for which application threads were stopped: 0.0018271 seconds, Stopping threads took: 0.0001739 seconds
2016-11-15T14:38:39.882+0100: 32917.075: Total time for which application threads were stopped: 0.0015301 seconds, Stopping threads took: 0.0001547 seconds
2016-11-15T14:39:02.886+0100: 32940.078: Total time for which application threads were stopped: 0.0017718 seconds, Stopping threads took: 0.0001698 seconds
2016-11-15T14:39:18.889+0100: 32956.082: Total time for which application threads were stopped: 0.0021939 seconds, Stopping threads took: 0.0002683 seconds
2016-11-15T14:40:05.895+0100: 33003.087: Total time for which application threads were stopped: 0.0017000 seconds, Stopping threads took: 0.0001609 seconds
2016-11-15T14:40:32.957+0100: 33030.149: Total time for which application threads were stopped: 0.0016784 seconds, Stopping threads took: 0.0001604 seconds
2016-11-15T14:40:38.236+0100: 33035.429: Total time for which application threads were stopped: 0.0015686 seconds, Stopping threads took: 0.0001557 seconds
2016-11-15T14:40:39.701+0100: 33036.893: [GC pause (G1 Evacuation Pause) (young)
Desired survivor size 74448896 bytes, new threshold 15 (max 15)
- age   1:     357952 bytes,     357952 total
- age   2:      68256 bytes,     426208 total
- age   3:    5113248 bytes,    5539456 total
- age   4:     339352 bytes,    5878808 total
- age   5:     203824 bytes,    6082632 total
- age   6:     615624 bytes,    6698256 total
- age   7:     481352 bytes,    7179608 total
- age   8:     446072 bytes,    7625680 total
- age   9:     454656 bytes,    8080336 total
- age  10:     856648 bytes,    8936984 total
- age  11:    9515944 bytes,   18452928 total
- age  12:    2868960 bytes,   21321888 total
- age  13:     227640 bytes,   21549528 total
- age  14:     479536 bytes,   22029064 total
- age  15:     373288 bytes,   22402352 total
2016-11-15T14:40:39.737+0100: 33036.929: [SoftReference, 51 refs, 0.0047409 secs]2016-11-15T14:40:39.741+0100: 33036.934: [WeakReference, 11 refs, 0.0032552 secs]2016-11-15T14:40:39.745+0100: 33036.937: [FinalReference, 81 refs, 0.0029853 secs]2016-11-15T14:40:39.748+0100: 33036.940: [PhantomReference, 0 refs, 0 refs, 0.0062559 secs]2016-11-15T14:40:39.754+0100: 33036.946: [JNI Weak Reference, 0.0000304 secs], 0.0693789 secs]
   [Parallel Time: 33.0 ms, GC Workers: 43]
      [GC Worker Start (ms): Min: 33036894.0, Avg: 33036894.6, Max: 33036895.1, Diff: 1.0]
      [Ext Root Scanning (ms): Min: 1.7, Avg: 2.4, Max: 5.9, Diff: 4.1, Sum: 101.9]
      [Update RS (ms): Min: 2.2, Avg: 7.4, Max: 11.6, Diff: 9.3, Sum: 316.8]
         [Processed Buffers: Min: 2, Avg: 6.4, Max: 14, Diff: 12, Sum: 277]
      [Scan RS (ms): Min: 0.1, Avg: 0.7, Max: 0.9, Diff: 0.8, Sum: 29.3]
      [Code Root Scanning (ms): Min: 0.0, Avg: 0.0, Max: 0.4, Diff: 0.4, Sum: 1.8]
      [Object Copy (ms): Min: 16.9, Avg: 20.5, Max: 25.6, Diff: 8.7, Sum: 879.9]
      [Termination (ms): Min: 0.0, Avg: 0.1, Max: 0.2, Diff: 0.2, Sum: 3.9]
         [Termination Attempts: Min: 1, Avg: 19.9, Max: 62, Diff: 61, Sum: 854]
      [GC Worker Other (ms): Min: 0.1, Avg: 0.5, Max: 1.0, Diff: 1.0, Sum: 21.8]
      [GC Worker Total (ms): Min: 30.7, Avg: 31.5, Max: 32.4, Diff: 1.7, Sum: 1355.4]
      [GC Worker End (ms): Min: 33036925.7, Avg: 33036926.1, Max: 33036926.6, Diff: 1.0]
   [Code Root Fixup: 0.2 ms]
   [Code Root Purge: 0.0 ms]
   [String Dedup Fixup: 2.6 ms, GC Workers: 43]
      [Queue Fixup (ms): Min: 0.0, Avg: 0.0, Max: 0.0, Diff: 0.0, Sum: 0.1]
      [Table Fixup (ms): Min: 0.0, Avg: 1.2, Max: 1.9, Diff: 1.9, Sum: 53.1]
   [Clear CT: 6.3 ms]
   [Other: 27.2 ms]
      [Choose CSet: 0.0 ms]
      [Ref Proc: 19.2 ms]
      [Ref Enq: 1.3 ms]
      [Redirty Cards: 1.3 ms]
      [Humongous Register: 0.2 ms]
      [Humongous Reclaim: 0.1 ms]
      [Free CSet: 4.3 ms]
   [Eden: 1075.0M(1075.0M)->0.0B(1100.0M) Survivors: 57.0M->41.0M Heap: 1684.6M(2048.0M)->594.3M(2048.0M)]
 [Times: user=1.64 sys=0.04, real=0.07 secs] 
2016-11-15T14:40:39.771+0100: 33036.963: Total time for which application threads were stopped: 0.0716072 seconds, Stopping threads took: 0.0001600 seconds
2016-11-15T14:40:39.773+0100: 33036.965: Total time for which application threads were stopped: 0.0018185 seconds, Stopping threads took: 0.0000974 seconds
2016-11-15T14:40:39.773+0100: 33036.965: [GC concurrent-string-deduplication, 19.9K->256.0B(19.6K), avg 88.0%, 0.0002090 secs]
2016-11-15T14:40:42.775+0100: 33039.967: Total time for which application threads were stopped: 0.0015258 seconds, Stopping threads took: 0.0001481 seconds
2016-11-15T14:40:48.238+0100: 33045.431: Total time for which application threads were stopped: 0.0017262 seconds, Stopping threads took: 0.0001894 seconds
2016-11-15T14:40:48.240+0100: 33045.432: Total time for which application threads were stopped: 0.0009050 seconds, Stopping threads took: 0.0000540 seconds
2016-11-15T14:41:52.461+0100: 33109.654: Total time for which application threads were stopped: 0.0015761 seconds, Stopping threads took: 0.0001455 seconds
2016-11-15T14:41:52.462+0100: 33109.655: Total time for which application threads were stopped: 0.0006795 seconds, Stopping threads took: 0.0000334 seconds
2016-11-15T14:41:52.463+0100: 33109.655: Total time for which application threads were stopped: 0.0006309 seconds, Stopping threads took: 0.0000316 seconds
2016-11-15T14:41:52.656+0100: 33109.848: Total time for which application threads were stopped: 0.0008915 seconds, Stopping threads took: 0.0000695 seconds
2016-11-15T14:44:17.035+0100: 33254.228: [GC pause (G1 Evacuation Pause) (young)
Desired survivor size 74973184 bytes, new threshold 15 (max 15)
- age   1:     544216 bytes,     544216 total
- age   2:     185728 bytes,     729944 total
- age   3:      66736 bytes,     796680 total
- age   4:    3110544 bytes,    3907224 total
- age   5:     339256 bytes,    4246480 total
- age   6:     203824 bytes,    4450304 total
- age   7:     615576 bytes,    5065880 total
- age   8:     468432 bytes,    5534312 total
- age   9:     445872 bytes,    5980184 total
- age  10:     454656 bytes,    6434840 total
- age  11:     854896 bytes,    7289736 total
- age  12:    9515944 bytes,   16805680 total
- age  13:    2867312 bytes,   19672992 total
- age  14:     227640 bytes,   19900632 total
- age  15:     479536 bytes,   20380168 total
2016-11-15T14:44:17.074+0100: 33254.267: [SoftReference, 124 refs, 0.0059052 secs]2016-11-15T14:44:17.080+0100: 33254.273: [WeakReference, 3 refs, 0.0033473 secs]2016-11-15T14:44:17.083+0100: 33254.276: [FinalReference, 44 refs, 0.0040311 secs]2016-11-15T14:44:17.088+0100: 33254.280: [PhantomReference, 0 refs, 0 refs, 0.0073914 secs]2016-11-15T14:44:17.095+0100: 33254.287: [JNI Weak Reference, 0.0000395 secs], 0.0755924 secs]
   [Parallel Time: 35.4 ms, GC Workers: 43]
      [GC Worker Start (ms): Min: 33254228.4, Avg: 33254229.2, Max: 33254229.9, Diff: 1.5]
      [Ext Root Scanning (ms): Min: 2.1, Avg: 4.4, Max: 10.8, Diff: 8.7, Sum: 190.3]
      [Update RS (ms): Min: 0.2, Avg: 6.1, Max: 9.1, Diff: 8.9, Sum: 261.5]
         [Processed Buffers: Min: 1, Avg: 6.0, Max: 15, Diff: 14, Sum: 257]
      [Scan RS (ms): Min: 0.1, Avg: 0.7, Max: 1.0, Diff: 0.9, Sum: 31.9]
      [Code Root Scanning (ms): Min: 0.0, Avg: 0.1, Max: 0.8, Diff: 0.8, Sum: 2.9]
      [Object Copy (ms): Min: 21.4, Avg: 22.1, Max: 22.5, Diff: 1.1, Sum: 949.1]
      [Termination (ms): Min: 0.0, Avg: 0.2, Max: 0.3, Diff: 0.3, Sum: 8.9]
         [Termination Attempts: Min: 1, Avg: 41.9, Max: 64, Diff: 63, Sum: 1801]
      [GC Worker Other (ms): Min: 0.0, Avg: 0.5, Max: 0.9, Diff: 0.9, Sum: 19.9]
      [GC Worker Total (ms): Min: 33.3, Avg: 34.1, Max: 35.2, Diff: 1.9, Sum: 1464.5]
      [GC Worker End (ms): Min: 33254262.8, Avg: 33254263.2, Max: 33254263.7, Diff: 0.9]
   [Code Root Fixup: 0.3 ms]
   [Code Root Purge: 0.0 ms]
   [String Dedup Fixup: 2.7 ms, GC Workers: 43]
      [Queue Fixup (ms): Min: 0.0, Avg: 0.0, Max: 0.0, Diff: 0.0, Sum: 0.1]
      [Table Fixup (ms): Min: 0.0, Avg: 1.3, Max: 2.2, Diff: 2.2, Sum: 56.4]
   [Clear CT: 4.7 ms]
   [Other: 32.5 ms]
      [Choose CSet: 0.0 ms]
      [Ref Proc: 23.4 ms]
      [Ref Enq: 1.6 ms]
      [Redirty Cards: 1.5 ms]
      [Humongous Register: 0.2 ms]
      [Humongous Reclaim: 0.1 ms]
      [Free CSet: 4.6 ms]
   [Eden: 1100.0M(1100.0M)->0.0B(1115.0M) Survivors: 41.0M->30.0M Heap: 1700.3M(2048.0M)->587.6M(2048.0M)]
 [Times: user=1.65 sys=0.02, real=0.07 secs] 
2016-11-15T14:44:17.111+0100: 33254.304: Total time for which application threads were stopped: 0.0783068 seconds, Stopping threads took: 0.0001643 seconds
2016-11-15T14:44:17.112+0100: 33254.304: [GC concurrent-string-deduplication, 12.4K->2432.0B(10.0K), avg 88.0%, 0.0002690 secs]
2016-11-15T14:44:47.115+0100: 33284.308: Total time for which application threads were stopped: 0.0016560 seconds, Stopping threads took: 0.0001511 seconds
2016-11-15T14:44:57.118+0100: 33294.310: Total time for which application threads were stopped: 0.0016014 seconds, Stopping threads took: 0.0001503 seconds
2016-11-15T14:45:45.123+0100: 33342.315: Total time for which application threads were stopped: 0.0017830 seconds, Stopping threads took: 0.0001542 seconds
2016-11-15T14:45:49.125+0100: 33346.317: Total time for which application threads were stopped: 0.0016587 seconds, Stopping threads took: 0.0001571 seconds
2016-11-15T14:45:54.127+0100: 33351.319: Total time for which application threads were stopped: 0.0016938 seconds, Stopping threads took: 0.0001552 seconds
2016-11-15T14:46:25.676+0100: 33382.868: Total time for which application threads were stopped: 0.0016567 seconds, Stopping threads took: 0.0001587 seconds
2016-11-15T14:46:25.677+0100: 33382.869: Total time for which application threads were stopped: 0.0007129 seconds, Stopping threads took: 0.0000380 seconds
2016-11-15T14:46:25.678+0100: 33382.870: Total time for which application threads were stopped: 0.0007239 seconds, Stopping threads took: 0.0000332 seconds
2016-11-15T14:46:25.876+0100: 33383.069: Total time for which application threads were stopped: 0.0011798 seconds, Stopping threads took: 0.0000993 seconds
2016-11-15T14:46:25.892+0100: 33383.085: Total time for which application threads were stopped: 0.0008003 seconds, Stopping threads took: 0.0000534 seconds
2016-11-15T14:46:25.893+0100: 33383.086: Total time for which application threads were stopped: 0.0006780 seconds, Stopping threads took: 0.0000323 seconds
2016-11-15T14:46:25.894+0100: 33383.086: Total time for which application threads were stopped: 0.0006709 seconds, Stopping threads took: 0.0000328 seconds
2016-11-15T14:46:26.111+0100: 33383.304: Total time for which application threads were stopped: 0.0015075 seconds, Stopping threads took: 0.0001329 seconds
2016-11-15T14:46:34.804+0100: 33391.996: Total time for which application threads were stopped: 0.0015804 seconds, Stopping threads took: 0.0001514 seconds
2016-11-15T14:46:34.805+0100: 33391.997: Total time for which application threads were stopped: 0.0006962 seconds, Stopping threads took: 0.0000432 seconds
2016-11-15T14:46:34.806+0100: 33391.998: Total time for which application threads were stopped: 0.0006661 seconds, Stopping threads took: 0.0000359 seconds
2016-11-15T14:46:34.977+0100: 33392.170: Total time for which application threads were stopped: 0.0011572 seconds, Stopping threads took: 0.0001082 seconds
2016-11-15T14:47:21.770+0100: 33438.963: Total time for which application threads were stopped: 0.0016626 seconds, Stopping threads took: 0.0001503 seconds
2016-11-15T14:47:21.771+0100: 33438.964: Total time for which application threads were stopped: 0.0010494 seconds, Stopping threads took: 0.0001260 seconds
2016-11-15T14:47:21.772+0100: 33438.965: Total time for which application threads were stopped: 0.0007511 seconds, Stopping threads took: 0.0000442 seconds
2016-11-15T14:47:21.806+0100: 33438.999: Total time for which application threads were stopped: 0.0007972 seconds, Stopping threads took: 0.0000622 seconds
2016-11-15T14:47:21.807+0100: 33439.000: Total time for which application threads were stopped: 0.0006803 seconds, Stopping threads took: 0.0000465 seconds
2016-11-15T14:47:21.808+0100: 33439.001: Total time for which application threads were stopped: 0.0006718 seconds, Stopping threads took: 0.0000449 seconds
2016-11-15T14:47:21.826+0100: 33439.018: Total time for which application threads were stopped: 0.0007406 seconds, Stopping threads took: 0.0000546 seconds
2016-11-15T14:47:24.401+0100: 33441.594: [GC pause (G1 Evacuation Pause) (young)
Desired survivor size 75497472 bytes, new threshold 15 (max 15)
- age   1:     374640 bytes,     374640 total
- age   2:     297160 bytes,     671800 total
- age   3:     185152 bytes,     856952 total
- age   4:      45392 bytes,     902344 total
- age   5:    3110544 bytes,    4012888 total
- age   6:     228760 bytes,    4241648 total
- age   7:     203824 bytes,    4445472 total
- age   8:     550656 bytes,    4996128 total
- age   9:     468328 bytes,    5464456 total
- age  10:     441216 bytes,    5905672 total
- age  11:     454656 bytes,    6360328 total
- age  12:     854896 bytes,    7215224 total
- age  13:    9515872 bytes,   16731096 total
- age  14:    2867312 bytes,   19598408 total
- age  15:     227640 bytes,   19826048 total
2016-11-15T14:47:24.433+0100: 33441.626: [SoftReference, 58 refs, 0.0048492 secs]2016-11-15T14:47:24.438+0100: 33441.630: [WeakReference, 3 refs, 0.0029752 secs]2016-11-15T14:47:24.441+0100: 33441.633: [FinalReference, 74 refs, 0.0029243 secs]2016-11-15T14:47:24.444+0100: 33441.636: [PhantomReference, 0 refs, 0 refs, 0.0056193 secs]2016-11-15T14:47:24.450+0100: 33441.642: [JNI Weak Reference, 0.0000308 secs], 0.0637700 secs]
   [Parallel Time: 28.9 ms, GC Workers: 43]
      [GC Worker Start (ms): Min: 33441594.5, Avg: 33441595.0, Max: 33441595.4, Diff: 0.9]
      [Ext Root Scanning (ms): Min: 1.8, Avg: 4.0, Max: 12.5, Diff: 10.7, Sum: 171.2]
      [Update RS (ms): Min: 0.0, Avg: 3.8, Max: 6.7, Diff: 6.7, Sum: 164.9]
         [Processed Buffers: Min: 0, Avg: 5.3, Max: 15, Diff: 15, Sum: 227]
      [Scan RS (ms): Min: 0.1, Avg: 0.6, Max: 0.9, Diff: 0.8, Sum: 24.5]
      [Code Root Scanning (ms): Min: 0.0, Avg: 0.0, Max: 0.4, Diff: 0.4, Sum: 1.8]
      [Object Copy (ms): Min: 14.6, Avg: 18.5, Max: 19.0, Diff: 4.4, Sum: 794.8]
      [Termination (ms): Min: 0.0, Avg: 0.1, Max: 0.1, Diff: 0.1, Sum: 2.5]
         [Termination Attempts: Min: 1, Avg: 13.0, Max: 43, Diff: 42, Sum: 559]
      [GC Worker Other (ms): Min: 0.0, Avg: 0.4, Max: 0.8, Diff: 0.8, Sum: 17.5]
      [GC Worker Total (ms): Min: 26.7, Avg: 27.4, Max: 28.1, Diff: 1.5, Sum: 1177.3]
      [GC Worker End (ms): Min: 33441622.0, Avg: 33441622.4, Max: 33441622.8, Diff: 0.8]
   [Code Root Fixup: 0.3 ms]
   [Code Root Purge: 0.0 ms]
   [String Dedup Fixup: 2.3 ms, GC Workers: 43]
      [Queue Fixup (ms): Min: 0.0, Avg: 0.0, Max: 0.0, Diff: 0.0, Sum: 0.1]
      [Table Fixup (ms): Min: 0.8, Avg: 1.3, Max: 1.7, Diff: 0.8, Sum: 55.6]
   [Clear CT: 5.9 ms]
   [Other: 26.3 ms]
      [Choose CSet: 0.0 ms]
      [Ref Proc: 18.3 ms]
      [Ref Enq: 1.2 ms]
      [Redirty Cards: 1.2 ms]
      [Humongous Register: 0.2 ms]
      [Humongous Reclaim: 0.1 ms]
      [Free CSet: 4.4 ms]
   [Eden: 1115.0M(1115.0M)->0.0B(1071.0M) Survivors: 30.0M->50.0M Heap: 1705.6M(2048.0M)->609.0M(2048.0M)]
 [Times: user=1.41 sys=0.02, real=0.06 secs] 
2016-11-15T14:47:24.466+0100: 33441.658: Total time for which application threads were stopped: 0.0660135 seconds, Stopping threads took: 0.0001488 seconds
2016-11-15T14:47:24.466+0100: 33441.658: [GC concurrent-string-deduplication, 9088.0B->616.0B(8472.0B), avg 88.0%, 0.0001511 secs]
2016-11-15T14:47:24.467+0100: 33441.660: Total time for which application threads were stopped: 0.0016768 seconds, Stopping threads took: 0.0001426 seconds
2016-11-15T14:47:30.905+0100: 33448.097: Total time for which application threads were stopped: 0.0016148 seconds, Stopping threads took: 0.0001668 seconds
2016-11-15T14:47:30.906+0100: 33448.098: Total time for which application threads were stopped: 0.0008629 seconds, Stopping threads took: 0.0000539 seconds
2016-11-15T14:47:30.906+0100: 33448.099: Total time for which application threads were stopped: 0.0006942 seconds, Stopping threads took: 0.0000404 seconds
2016-11-15T14:47:30.933+0100: 33448.125: Total time for which application threads were stopped: 0.0012022 seconds, Stopping threads took: 0.0000985 seconds
2016-11-15T14:47:30.934+0100: 33448.126: Total time for which application threads were stopped: 0.0007039 seconds, Stopping threads took: 0.0000415 seconds
2016-11-15T14:47:30.934+0100: 33448.127: Total time for which application threads were stopped: 0.0006888 seconds, Stopping threads took: 0.0000393 seconds
2016-11-15T14:47:30.951+0100: 33448.143: Total time for which application threads were stopped: 0.0010891 seconds, Stopping threads took: 0.0000988 seconds
2016-11-15T14:47:38.866+0100: 33456.059: Total time for which application threads were stopped: 0.0016639 seconds, Stopping threads took: 0.0001606 seconds
2016-11-15T14:47:38.867+0100: 33456.060: Total time for which application threads were stopped: 0.0006941 seconds, Stopping threads took: 0.0000367 seconds
2016-11-15T14:47:38.868+0100: 33456.060: Total time for which application threads were stopped: 0.0006794 seconds, Stopping threads took: 0.0000323 seconds
2016-11-15T14:47:38.914+0100: 33456.106: Total time for which application threads were stopped: 0.0008195 seconds, Stopping threads took: 0.0000673 seconds
2016-11-15T14:47:42.231+0100: 33459.424: Total time for which application threads were stopped: 0.0017403 seconds, Stopping threads took: 0.0001673 seconds
2016-11-15T14:47:44.233+0100: 33461.425: Total time for which application threads were stopped: 0.0015044 seconds, Stopping threads took: 0.0001526 seconds
2016-11-15T14:48:07.236+0100: 33484.429: Total time for which application threads were stopped: 0.0015285 seconds, Stopping threads took: 0.0001604 seconds
2016-11-15T14:48:18.294+0100: 33495.487: Total time for which application threads were stopped: 0.0015242 seconds, Stopping threads took: 0.0001529 seconds
2016-11-15T14:48:18.295+0100: 33495.488: Total time for which application threads were stopped: 0.0006495 seconds, Stopping threads took: 0.0000357 seconds
2016-11-15T14:48:18.296+0100: 33495.488: Total time for which application threads were stopped: 0.0006383 seconds, Stopping threads took: 0.0000341 seconds
2016-11-15T14:48:18.344+0100: 33495.536: Total time for which application threads were stopped: 0.0007884 seconds, Stopping threads took: 0.0000584 seconds
2016-11-15T14:49:04.349+0100: 33541.541: Total time for which application threads were stopped: 0.0017020 seconds, Stopping threads took: 0.0001583 seconds
2016-11-15T14:49:06.351+0100: 33543.543: Total time for which application threads were stopped: 0.0017148 seconds, Stopping threads took: 0.0001788 seconds
2016-11-15T14:49:46.356+0100: 33583.549: Total time for which application threads were stopped: 0.0018831 seconds, Stopping threads took: 0.0001766 seconds
2016-11-15T14:50:04.359+0100: 33601.552: Total time for which application threads were stopped: 0.0018070 seconds, Stopping threads took: 0.0001897 seconds
2016-11-15T14:50:21.829+0100: 33619.021: Total time for which application threads were stopped: 0.0019762 seconds, Stopping threads took: 0.0002135 seconds
2016-11-15T14:50:21.830+0100: 33619.022: Total time for which application threads were stopped: 0.0008754 seconds, Stopping threads took: 0.0000451 seconds
2016-11-15T14:50:21.831+0100: 33619.023: Total time for which application threads were stopped: 0.0007488 seconds, Stopping threads took: 0.0000470 seconds
2016-11-15T14:50:22.024+0100: 33619.216: Total time for which application threads were stopped: 0.0016728 seconds, Stopping threads took: 0.0001698 seconds
2016-11-15T14:50:24.810+0100: 33622.003: Total time for which application threads were stopped: 0.0017169 seconds, Stopping threads took: 0.0001707 seconds
2016-11-15T14:50:24.811+0100: 33622.004: Total time for which application threads were stopped: 0.0007339 seconds, Stopping threads took: 0.0000448 seconds
2016-11-15T14:50:24.813+0100: 33622.005: Total time for which application threads were stopped: 0.0010255 seconds, Stopping threads took: 0.0001322 seconds
2016-11-15T14:50:24.970+0100: 33622.163: Total time for which application threads were stopped: 0.0016908 seconds, Stopping threads took: 0.0001741 seconds
2016-11-15T14:50:38.973+0100: 33636.166: Total time for which application threads were stopped: 0.0016980 seconds, Stopping threads took: 0.0001774 seconds
2016-11-15T14:50:39.975+0100: 33637.167: Total time for which application threads were stopped: 0.0016072 seconds, Stopping threads took: 0.0001624 seconds
2016-11-15T14:51:47.784+0100: 33704.976: [GC pause (G1 Evacuation Pause) (young)
Desired survivor size 73924608 bytes, new threshold 15 (max 15)
- age   1:     469728 bytes,     469728 total
- age   2:     249104 bytes,     718832 total
- age   3:     294640 bytes,    1013472 total
- age   4:     174912 bytes,    1188384 total
- age   5:      43672 bytes,    1232056 total
- age   6:    3109160 bytes,    4341216 total
- age   7:     224672 bytes,    4565888 total
- age   8:     203824 bytes,    4769712 total
- age   9:     550336 bytes,    5320048 total
- age  10:     468272 bytes,    5788320 total
- age  11:     440920 bytes,    6229240 total
- age  12:     454656 bytes,    6683896 total
- age  13:     854856 bytes,    7538752 total
- age  14:    9515832 bytes,   17054584 total
- age  15:    2867312 bytes,   19921896 total
2016-11-15T14:51:47.816+0100: 33705.008: [SoftReference, 58 refs, 0.0050956 secs]2016-11-15T14:51:47.821+0100: 33705.014: [WeakReference, 1 refs, 0.0033243 secs]2016-11-15T14:51:47.824+0100: 33705.017: [FinalReference, 104 refs, 0.0032899 secs]2016-11-15T14:51:47.828+0100: 33705.020: [PhantomReference, 0 refs, 1 refs, 0.0061541 secs]2016-11-15T14:51:47.834+0100: 33705.026: [JNI Weak Reference, 0.0000281 secs], 0.0658596 secs]
   [Parallel Time: 29.4 ms, GC Workers: 43]
      [GC Worker Start (ms): Min: 33704977.0, Avg: 33704977.5, Max: 33704977.9, Diff: 1.0]
      [Ext Root Scanning (ms): Min: 1.7, Avg: 2.3, Max: 6.8, Diff: 5.2, Sum: 99.5]
      [Update RS (ms): Min: 3.4, Avg: 7.4, Max: 8.0, Diff: 4.6, Sum: 317.2]
         [Processed Buffers: Min: 2, Avg: 7.2, Max: 17, Diff: 15, Sum: 308]
      [Scan RS (ms): Min: 0.2, Avg: 0.6, Max: 0.7, Diff: 0.6, Sum: 25.5]
      [Code Root Scanning (ms): Min: 0.0, Avg: 0.0, Max: 0.3, Diff: 0.3, Sum: 1.9]
      [Object Copy (ms): Min: 16.9, Avg: 17.2, Max: 17.9, Diff: 1.0, Sum: 741.1]
      [Termination (ms): Min: 0.0, Avg: 0.1, Max: 0.2, Diff: 0.2, Sum: 6.1]
         [Termination Attempts: Min: 1, Avg: 26.7, Max: 42, Diff: 41, Sum: 1150]
      [GC Worker Other (ms): Min: 0.0, Avg: 0.4, Max: 0.8, Diff: 0.7, Sum: 16.1]
      [GC Worker Total (ms): Min: 27.3, Avg: 28.1, Max: 28.8, Diff: 1.5, Sum: 1207.4]
      [GC Worker End (ms): Min: 33705005.2, Avg: 33705005.5, Max: 33705006.0, Diff: 0.7]
   [Code Root Fixup: 0.3 ms]
   [Code Root Purge: 0.0 ms]
   [String Dedup Fixup: 2.6 ms, GC Workers: 43]
      [Queue Fixup (ms): Min: 0.0, Avg: 0.0, Max: 0.0, Diff: 0.0, Sum: 0.2]
      [Table Fixup (ms): Min: 0.8, Avg: 1.3, Max: 1.7, Diff: 0.9, Sum: 56.6]
   [Clear CT: 6.1 ms]
   [Other: 27.5 ms]
      [Choose CSet: 0.0 ms]
      [Ref Proc: 19.8 ms]
      [Ref Enq: 1.3 ms]
      [Redirty Cards: 1.3 ms]
      [Humongous Register: 0.2 ms]
      [Humongous Reclaim: 0.1 ms]
      [Free CSet: 4.0 ms]
   [Eden: 1071.0M(1071.0M)->0.0B(1074.0M) Survivors: 50.0M->41.0M Heap: 1693.0M(2048.0M)->609.7M(2048.0M)]
 [Times: user=1.54 sys=0.03, real=0.07 secs] 
2016-11-15T14:51:47.850+0100: 33705.043: Total time for which application threads were stopped: 0.0681344 seconds, Stopping threads took: 0.0001693 seconds
2016-11-15T14:51:47.852+0100: 33705.044: Total time for which application threads were stopped: 0.0014867 seconds, Stopping threads took: 0.0000974 seconds
2016-11-15T14:51:47.855+0100: 33705.048: Total time for which application threads were stopped: 0.0031090 seconds, Stopping threads took: 0.0000870 seconds
2016-11-15T14:51:47.855+0100: 33705.048: [GC concurrent-string-deduplication, 36.4K->144.0B(36.3K), avg 88.0%, 0.0005554 secs]
2016-11-15T14:52:11.637+0100: 33728.829: Total time for which application threads were stopped: 0.0015227 seconds, Stopping threads took: 0.0001656 seconds
2016-11-15T14:52:11.638+0100: 33728.830: Total time for which application threads were stopped: 0.0006536 seconds, Stopping threads took: 0.0000331 seconds
2016-11-15T14:52:11.639+0100: 33728.831: Total time for which application threads were stopped: 0.0006332 seconds, Stopping threads took: 0.0000313 seconds
2016-11-15T14:52:11.759+0100: 33728.951: Total time for which application threads were stopped: 0.0010165 seconds, Stopping threads took: 0.0000898 seconds
2016-11-15T14:52:16.326+0100: 33733.519: Total time for which application threads were stopped: 0.0015115 seconds, Stopping threads took: 0.0001755 seconds
2016-11-15T14:52:16.327+0100: 33733.520: Total time for which application threads were stopped: 0.0006481 seconds, Stopping threads took: 0.0000359 seconds
2016-11-15T14:52:16.328+0100: 33733.520: Total time for which application threads were stopped: 0.0006416 seconds, Stopping threads took: 0.0000312 seconds
2016-11-15T14:52:16.380+0100: 33733.572: Total time for which application threads were stopped: 0.0009501 seconds, Stopping threads took: 0.0000751 seconds
2016-11-15T14:52:16.381+0100: 33733.573: Total time for which application threads were stopped: 0.0006347 seconds, Stopping threads took: 0.0000342 seconds
2016-11-15T14:52:16.382+0100: 33733.574: Total time for which application threads were stopped: 0.0006349 seconds, Stopping threads took: 0.0000302 seconds
2016-11-15T14:52:16.406+0100: 33733.598: Total time for which application threads were stopped: 0.0008027 seconds, Stopping threads took: 0.0000653 seconds
2016-11-15T14:52:29.408+0100: 33746.600: Total time for which application threads were stopped: 0.0015768 seconds, Stopping threads took: 0.0001671 seconds
2016-11-15T14:52:44.510+0100: 33761.703: Total time for which application threads were stopped: 0.0015018 seconds, Stopping threads took: 0.0001669 seconds
2016-11-15T14:52:44.511+0100: 33761.703: Total time for which application threads were stopped: 0.0006494 seconds, Stopping threads took: 0.0000342 seconds
2016-11-15T14:52:44.512+0100: 33761.704: Total time for which application threads were stopped: 0.0006370 seconds, Stopping threads took: 0.0000323 seconds
2016-11-15T14:52:44.622+0100: 33761.815: Total time for which application threads were stopped: 0.0009735 seconds, Stopping threads took: 0.0000875 seconds
2016-11-15T14:53:07.242+0100: 33784.435: Total time for which application threads were stopped: 0.0016655 seconds, Stopping threads took: 0.0001673 seconds
2016-11-15T14:53:07.243+0100: 33784.436: Total time for which application threads were stopped: 0.0007405 seconds, Stopping threads took: 0.0000494 seconds
2016-11-15T14:53:07.244+0100: 33784.437: Total time for which application threads were stopped: 0.0007546 seconds, Stopping threads took: 0.0000750 seconds
2016-11-15T14:53:07.441+0100: 33784.633: Total time for which application threads were stopped: 0.0011480 seconds, Stopping threads took: 0.0000975 seconds
2016-11-15T14:53:25.830+0100: 33803.023: Total time for which application threads were stopped: 0.0016782 seconds, Stopping threads took: 0.0001718 seconds
2016-11-15T14:53:25.832+0100: 33803.024: Total time for which application threads were stopped: 0.0007619 seconds, Stopping threads took: 0.0000422 seconds
2016-11-15T14:53:25.832+0100: 33803.025: Total time for which application threads were stopped: 0.0007210 seconds, Stopping threads took: 0.0000340 seconds
2016-11-15T14:53:25.885+0100: 33803.077: Total time for which application threads were stopped: 0.0010293 seconds, Stopping threads took: 0.0000690 seconds
2016-11-15T14:54:48.200+0100: 33885.392: Total time for which application threads were stopped: 0.0018796 seconds, Stopping threads took: 0.0002865 seconds
2016-11-15T14:54:48.201+0100: 33885.394: Total time for which application threads were stopped: 0.0008136 seconds, Stopping threads took: 0.0000584 seconds
2016-11-15T14:54:48.203+0100: 33885.396: Total time for which application threads were stopped: 0.0019464 seconds, Stopping threads took: 0.0001865 seconds
2016-11-15T14:54:48.310+0100: 33885.502: Total time for which application threads were stopped: 0.0020445 seconds, Stopping threads took: 0.0002010 seconds
2016-11-15T14:54:55.948+0100: 33893.141: Total time for which application threads were stopped: 0.0042924 seconds, Stopping threads took: 0.0001928 seconds
2016-11-15T14:54:55.953+0100: 33893.145: Total time for which application threads were stopped: 0.0038226 seconds, Stopping threads took: 0.0000670 seconds
2016-11-15T14:54:55.956+0100: 33893.149: Total time for which application threads were stopped: 0.0036159 seconds, Stopping threads took: 0.0000496 seconds
2016-11-15T14:54:55.978+0100: 33893.171: Total time for which application threads were stopped: 0.0016835 seconds, Stopping threads took: 0.0001889 seconds
2016-11-15T14:54:55.979+0100: 33893.172: Total time for which application threads were stopped: 0.0010696 seconds, Stopping threads took: 0.0000481 seconds
2016-11-15T14:54:55.981+0100: 33893.173: Total time for which application threads were stopped: 0.0012883 seconds, Stopping threads took: 0.0000495 seconds
2016-11-15T14:54:56.044+0100: 33893.237: Total time for which application threads were stopped: 0.0017534 seconds, Stopping threads took: 0.0001699 seconds
2016-11-15T14:54:56.213+0100: 33893.406: Total time for which application threads were stopped: 0.0018827 seconds, Stopping threads took: 0.0001687 seconds
2016-11-15T14:54:56.215+0100: 33893.407: Total time for which application threads were stopped: 0.0012542 seconds, Stopping threads took: 0.0000552 seconds
2016-11-15T14:54:56.216+0100: 33893.409: Total time for which application threads were stopped: 0.0011057 seconds, Stopping threads took: 0.0000505 seconds
2016-11-15T14:54:56.298+0100: 33893.490: Total time for which application threads were stopped: 0.0017264 seconds, Stopping threads took: 0.0001781 seconds
2016-11-15T14:55:02.165+0100: 33899.357: Total time for which application threads were stopped: 0.0017598 seconds, Stopping threads took: 0.0001746 seconds
2016-11-15T14:55:02.167+0100: 33899.360: Total time for which application threads were stopped: 0.0018362 seconds, Stopping threads took: 0.0001720 seconds
2016-11-15T14:55:02.168+0100: 33899.361: Total time for which application threads were stopped: 0.0011859 seconds, Stopping threads took: 0.0000975 seconds
2016-11-15T14:55:02.243+0100: 33899.435: Total time for which application threads were stopped: 0.0016369 seconds, Stopping threads took: 0.0001619 seconds
2016-11-15T14:55:02.248+0100: 33899.441: Total time for which application threads were stopped: 0.0018500 seconds, Stopping threads took: 0.0001633 seconds
2016-11-15T14:55:02.400+0100: 33899.593: Total time for which application threads were stopped: 0.0018562 seconds, Stopping threads took: 0.0002858 seconds
2016-11-15T14:55:02.402+0100: 33899.594: Total time for which application threads were stopped: 0.0015112 seconds, Stopping threads took: 0.0000852 seconds
2016-11-15T14:55:02.404+0100: 33899.596: Total time for which application threads were stopped: 0.0014074 seconds, Stopping threads took: 0.0001024 seconds
2016-11-15T14:55:02.478+0100: 33899.670: Total time for which application threads were stopped: 0.0041133 seconds, Stopping threads took: 0.0001931 seconds
2016-11-15T14:55:10.139+0100: 33907.332: Total time for which application threads were stopped: 0.0019396 seconds, Stopping threads took: 0.0001892 seconds
2016-11-15T14:55:10.141+0100: 33907.334: Total time for which application threads were stopped: 0.0016868 seconds, Stopping threads took: 0.0000972 seconds
2016-11-15T14:55:10.143+0100: 33907.335: Total time for which application threads were stopped: 0.0015350 seconds, Stopping threads took: 0.0000618 seconds
2016-11-15T14:55:10.215+0100: 33907.407: Total time for which application threads were stopped: 0.0018341 seconds, Stopping threads took: 0.0002109 seconds
2016-11-15T14:55:10.363+0100: 33907.555: Total time for which application threads were stopped: 0.0017945 seconds, Stopping threads took: 0.0001568 seconds
2016-11-15T14:55:10.365+0100: 33907.557: Total time for which application threads were stopped: 0.0017234 seconds, Stopping threads took: 0.0001190 seconds
2016-11-15T14:55:10.366+0100: 33907.558: Total time for which application threads were stopped: 0.0012521 seconds, Stopping threads took: 0.0000557 seconds
2016-11-15T14:55:10.464+0100: 33907.656: Total time for which application threads were stopped: 0.0021124 seconds, Stopping threads took: 0.0002276 seconds
2016-11-15T14:55:11.466+0100: 33908.659: Total time for which application threads were stopped: 0.0020606 seconds, Stopping threads took: 0.0002200 seconds
2016-11-15T14:55:13.468+0100: 33910.661: Total time for which application threads were stopped: 0.0019219 seconds, Stopping threads took: 0.0001923 seconds
2016-11-15T14:55:18.470+0100: 33915.663: Total time for which application threads were stopped: 0.0015537 seconds, Stopping threads took: 0.0001616 seconds
2016-11-15T14:55:37.473+0100: 33934.666: Total time for which application threads were stopped: 0.0015366 seconds, Stopping threads took: 0.0001517 seconds
2016-11-15T14:56:09.870+0100: 33967.062: Total time for which application threads were stopped: 0.0015452 seconds, Stopping threads took: 0.0001607 seconds
2016-11-15T14:56:09.871+0100: 33967.063: Total time for which application threads were stopped: 0.0006944 seconds, Stopping threads took: 0.0000371 seconds
2016-11-15T14:56:09.872+0100: 33967.064: Total time for which application threads were stopped: 0.0006619 seconds, Stopping threads took: 0.0000328 seconds
2016-11-15T14:56:10.004+0100: 33967.196: Total time for which application threads were stopped: 0.0014710 seconds, Stopping threads took: 0.0001629 seconds
2016-11-15T14:56:21.299+0100: 33978.492: Total time for which application threads were stopped: 0.0014583 seconds, Stopping threads took: 0.0001509 seconds
2016-11-15T14:56:21.301+0100: 33978.493: Total time for which application threads were stopped: 0.0006720 seconds, Stopping threads took: 0.0000405 seconds
2016-11-15T14:56:21.301+0100: 33978.494: Total time for which application threads were stopped: 0.0006527 seconds, Stopping threads took: 0.0000380 seconds
2016-11-15T14:56:21.401+0100: 33978.594: Total time for which application threads were stopped: 0.0013383 seconds, Stopping threads took: 0.0001370 seconds
2016-11-15T14:56:47.233+0100: 34004.425: Total time for which application threads were stopped: 0.0015858 seconds, Stopping threads took: 0.0001653 seconds
2016-11-15T14:56:47.234+0100: 34004.427: Total time for which application threads were stopped: 0.0009897 seconds, Stopping threads took: 0.0000465 seconds
2016-11-15T14:56:47.235+0100: 34004.427: Total time for which application threads were stopped: 0.0008124 seconds, Stopping threads took: 0.0000396 seconds
2016-11-15T14:56:47.419+0100: 34004.611: Total time for which application threads were stopped: 0.0014789 seconds, Stopping threads took: 0.0001558 seconds
2016-11-15T14:56:50.399+0100: 34007.591: [GC pause (G1 Evacuation Pause) (young)
Desired survivor size 73400320 bytes, new threshold 15 (max 15)
- age   1:     539296 bytes,     539296 total
- age   2:     261904 bytes,     801200 total
- age   3:      93768 bytes,     894968 total
- age   4:     285416 bytes,    1180384 total
- age   5:     172040 bytes,    1352424 total
- age   6:      43184 bytes,    1395608 total
- age   7:    3102000 bytes,    4497608 total
- age   8:     224296 bytes,    4721904 total
- age   9:     203824 bytes,    4925728 total
- age  10:     550056 bytes,    5475784 total
- age  11:     468200 bytes,    5943984 total
- age  12:     440920 bytes,    6384904 total
- age  13:     454656 bytes,    6839560 total
- age  14:     854536 bytes,    7694096 total
- age  15:    9515832 bytes,   17209928 total
2016-11-15T14:56:50.432+0100: 34007.624: [SoftReference, 43 refs, 0.0051113 secs]2016-11-15T14:56:50.437+0100: 34007.629: [WeakReference, 3 refs, 0.0033262 secs]2016-11-15T14:56:50.440+0100: 34007.632: [FinalReference, 220 refs, 0.0033927 secs]2016-11-15T14:56:50.443+0100: 34007.636: [PhantomReference, 0 refs, 0 refs, 0.0063802 secs]2016-11-15T14:56:50.450+0100: 34007.642: [JNI Weak Reference, 0.0000269 secs], 0.0669881 secs]
   [Parallel Time: 29.2 ms, GC Workers: 43]
      [GC Worker Start (ms): Min: 34007592.2, Avg: 34007592.7, Max: 34007593.2, Diff: 1.0]
      [Ext Root Scanning (ms): Min: 1.7, Avg: 2.4, Max: 6.9, Diff: 5.2, Sum: 103.2]
      [Update RS (ms): Min: 3.2, Avg: 7.2, Max: 8.1, Diff: 4.9, Sum: 308.9]
         [Processed Buffers: Min: 2, Avg: 6.3, Max: 13, Diff: 11, Sum: 273]
      [Scan RS (ms): Min: 0.1, Avg: 0.6, Max: 0.7, Diff: 0.7, Sum: 24.3]
      [Code Root Scanning (ms): Min: 0.0, Avg: 0.0, Max: 0.2, Diff: 0.2, Sum: 1.7]
      [Object Copy (ms): Min: 16.5, Avg: 16.9, Max: 17.1, Diff: 0.6, Sum: 725.7]
      [Termination (ms): Min: 0.0, Avg: 0.2, Max: 0.5, Diff: 0.4, Sum: 10.5]
         [Termination Attempts: Min: 1, Avg: 22.2, Max: 43, Diff: 42, Sum: 955]
      [GC Worker Other (ms): Min: 0.0, Avg: 0.4, Max: 0.8, Diff: 0.8, Sum: 16.2]
      [GC Worker Total (ms): Min: 27.0, Avg: 27.7, Max: 28.3, Diff: 1.3, Sum: 1190.6]
      [GC Worker End (ms): Min: 34007620.1, Avg: 34007620.4, Max: 34007620.8, Diff: 0.8]
   [Code Root Fixup: 0.3 ms]
   [Code Root Purge: 0.0 ms]
   [String Dedup Fixup: 2.4 ms, GC Workers: 43]
      [Queue Fixup (ms): Min: 0.0, Avg: 0.0, Max: 0.0, Diff: 0.0, Sum: 0.2]
      [Table Fixup (ms): Min: 0.8, Avg: 1.3, Max: 1.8, Diff: 1.0, Sum: 56.3]
   [Clear CT: 6.1 ms]
   [Other: 29.0 ms]
      [Choose CSet: 0.0 ms]
      [Ref Proc: 20.5 ms]
      [Ref Enq: 1.4 ms]
      [Redirty Cards: 1.4 ms]
      [Humongous Register: 0.2 ms]
      [Humongous Reclaim: 0.1 ms]
      [Free CSet: 4.4 ms]
   [Eden: 1074.0M(1074.0M)->0.0B(1086.0M) Survivors: 41.0M->26.0M Heap: 1690.7M(2048.0M)->608.4M(2048.0M)]
 [Times: user=1.52 sys=0.04, real=0.07 secs] 
2016-11-15T14:56:50.466+0100: 34007.659: Total time for which application threads were stopped: 0.0691468 seconds, Stopping threads took: 0.0001668 seconds
2016-11-15T14:56:50.467+0100: 34007.659: [GC concurrent-string-deduplication, 6048.0B->1168.0B(4880.0B), avg 88.0%, 0.0001209 secs]
2016-11-15T14:56:50.468+0100: 34007.661: Total time for which application threads were stopped: 0.0015558 seconds, Stopping threads took: 0.0001637 seconds
2016-11-15T14:56:50.469+0100: 34007.662: Total time for which application threads were stopped: 0.0007796 seconds, Stopping threads took: 0.0000424 seconds
2016-11-15T14:56:50.470+0100: 34007.663: Total time for which application threads were stopped: 0.0008293 seconds, Stopping threads took: 0.0001390 seconds
2016-11-15T14:56:52.472+0100: 34009.664: Total time for which application threads were stopped: 0.0014620 seconds, Stopping threads took: 0.0001586 seconds
2016-11-15T14:56:52.718+0100: 34009.910: Total time for which application threads were stopped: 0.0013511 seconds, Stopping threads took: 0.0001190 seconds
2016-11-15T14:56:52.719+0100: 34009.912: Total time for which application threads were stopped: 0.0006929 seconds, Stopping threads took: 0.0000371 seconds
2016-11-15T14:56:52.720+0100: 34009.912: Total time for which application threads were stopped: 0.0006880 seconds, Stopping threads took: 0.0000350 seconds
2016-11-15T14:56:52.775+0100: 34009.968: Total time for which application threads were stopped: 0.0009807 seconds, Stopping threads took: 0.0000827 seconds
2016-11-15T14:58:53.909+0100: 34131.102: Total time for which application threads were stopped: 0.0021371 seconds, Stopping threads took: 0.0001842 seconds
2016-11-15T14:58:59.107+0100: 34136.299: Total time for which application threads were stopped: 0.0018189 seconds, Stopping threads took: 0.0001788 seconds
2016-11-15T14:59:09.110+0100: 34146.302: Total time for which application threads were stopped: 0.0023631 seconds, Stopping threads took: 0.0002157 seconds
2016-11-15T14:59:09.113+0100: 34146.305: Total time for which application threads were stopped: 0.0017607 seconds, Stopping threads took: 0.0001053 seconds
2016-11-15T14:59:22.116+0100: 34159.308: Total time for which application threads were stopped: 0.0016672 seconds, Stopping threads took: 0.0001633 seconds
2016-11-15T14:59:45.309+0100: 34182.502: Total time for which application threads were stopped: 0.0019302 seconds, Stopping threads took: 0.0001746 seconds
2016-11-15T14:59:50.594+0100: 34187.787: Total time for which application threads were stopped: 0.0017043 seconds, Stopping threads took: 0.0001675 seconds
2016-11-15T15:00:00.597+0100: 34197.789: Total time for which application threads were stopped: 0.0018745 seconds, Stopping threads took: 0.0002292 seconds
2016-11-15T15:00:00.598+0100: 34197.791: Total time for which application threads were stopped: 0.0012830 seconds, Stopping threads took: 0.0001573 seconds
2016-11-15T15:00:03.950+0100: 34201.143: Total time for which application threads were stopped: 0.0016972 seconds, Stopping threads took: 0.0002105 seconds
2016-11-15T15:00:04.952+0100: 34202.145: Total time for which application threads were stopped: 0.0018128 seconds, Stopping threads took: 0.0001858 seconds
2016-11-15T15:00:53.295+0100: 34250.487: Total time for which application threads were stopped: 0.0017725 seconds, Stopping threads took: 0.0001519 seconds
2016-11-15T15:00:58.540+0100: 34255.732: Total time for which application threads were stopped: 0.0016434 seconds, Stopping threads took: 0.0001695 seconds
2016-11-15T15:00:59.541+0100: 34256.734: Total time for which application threads were stopped: 0.0016174 seconds, Stopping threads took: 0.0001674 seconds
2016-11-15T15:01:00.543+0100: 34257.735: Total time for which application threads were stopped: 0.0015173 seconds, Stopping threads took: 0.0001552 seconds
2016-11-15T15:01:10.545+0100: 34267.738: Total time for which application threads were stopped: 0.0015259 seconds, Stopping threads took: 0.0001622 seconds
2016-11-15T15:01:11.547+0100: 34268.739: Total time for which application threads were stopped: 0.0014703 seconds, Stopping threads took: 0.0001586 seconds
2016-11-15T15:01:21.549+0100: 34278.741: Total time for which application threads were stopped: 0.0014530 seconds, Stopping threads took: 0.0001861 seconds
2016-11-15T15:01:23.542+0100: 34280.734: Total time for which application threads were stopped: 0.0013846 seconds, Stopping threads took: 0.0001474 seconds
2016-11-15T15:01:23.543+0100: 34280.735: Total time for which application threads were stopped: 0.0006590 seconds, Stopping threads took: 0.0000347 seconds
2016-11-15T15:01:44.546+0100: 34301.738: Total time for which application threads were stopped: 0.0015194 seconds, Stopping threads took: 0.0001610 seconds
2016-11-15T15:01:48.547+0100: 34305.740: Total time for which application threads were stopped: 0.0014288 seconds, Stopping threads took: 0.0001673 seconds
2016-11-15T15:02:10.550+0100: 34327.743: Total time for which application threads were stopped: 0.0014069 seconds, Stopping threads took: 0.0001685 seconds
2016-11-15T15:02:43.554+0100: 34360.747: Total time for which application threads were stopped: 0.0014401 seconds, Stopping threads took: 0.0001670 seconds
2016-11-15T15:03:31.464+0100: 34408.656: [GC pause (G1 Evacuation Pause) (young)
Desired survivor size 72876032 bytes, new threshold 15 (max 15)
- age   1:     880280 bytes,     880280 total
- age   2:     319208 bytes,    1199488 total
- age   3:     257104 bytes,    1456592 total
- age   4:      56760 bytes,    1513352 total
- age   5:     283144 bytes,    1796496 total
- age   6:     171904 bytes,    1968400 total
- age   7:      39968 bytes,    2008368 total
- age   8:    3101968 bytes,    5110336 total
- age   9:     224296 bytes,    5334632 total
- age  10:     203824 bytes,    5538456 total
- age  11:     550056 bytes,    6088512 total
- age  12:     468032 bytes,    6556544 total
- age  13:     440496 bytes,    6997040 total
- age  14:     454656 bytes,    7451696 total
- age  15:     854536 bytes,    8306232 total
2016-11-15T15:03:31.484+0100: 34408.676: [SoftReference, 30 refs, 0.0049375 secs]2016-11-15T15:03:31.489+0100: 34408.681: [WeakReference, 12 refs, 0.0030637 secs]2016-11-15T15:03:31.492+0100: 34408.684: [FinalReference, 185 refs, 0.0031778 secs]2016-11-15T15:03:31.495+0100: 34408.688: [PhantomReference, 0 refs, 0 refs, 0.0063149 secs]2016-11-15T15:03:31.501+0100: 34408.694: [JNI Weak Reference, 0.0000263 secs], 0.0535630 secs]
   [Parallel Time: 17.4 ms, GC Workers: 43]
      [GC Worker Start (ms): Min: 34408656.7, Avg: 34408657.3, Max: 34408657.8, Diff: 1.0]
      [Ext Root Scanning (ms): Min: 1.7, Avg: 2.4, Max: 6.5, Diff: 4.8, Sum: 104.2]
      [Update RS (ms): Min: 4.5, Avg: 8.1, Max: 9.0, Diff: 4.5, Sum: 346.9]
         [Processed Buffers: Min: 3, Avg: 7.3, Max: 19, Diff: 16, Sum: 314]
      [Scan RS (ms): Min: 0.1, Avg: 0.6, Max: 0.8, Diff: 0.7, Sum: 24.5]
      [Code Root Scanning (ms): Min: 0.0, Avg: 0.0, Max: 0.2, Diff: 0.2, Sum: 1.7]
      [Object Copy (ms): Min: 4.2, Avg: 4.5, Max: 4.7, Diff: 0.5, Sum: 191.4]
      [Termination (ms): Min: 0.0, Avg: 0.0, Max: 0.1, Diff: 0.0, Sum: 1.9]
         [Termination Attempts: Min: 1, Avg: 5.9, Max: 12, Diff: 11, Sum: 252]
      [GC Worker Other (ms): Min: 0.0, Avg: 0.3, Max: 0.7, Diff: 0.7, Sum: 14.8]
      [GC Worker Total (ms): Min: 15.2, Avg: 15.9, Max: 16.6, Diff: 1.3, Sum: 685.5]
      [GC Worker End (ms): Min: 34408672.9, Avg: 34408673.2, Max: 34408673.6, Diff: 0.7]
   [Code Root Fixup: 0.3 ms]
   [Code Root Purge: 0.0 ms]
   [String Dedup Fixup: 1.9 ms, GC Workers: 43]
      [Queue Fixup (ms): Min: 0.0, Avg: 0.0, Max: 0.0, Diff: 0.0, Sum: 0.2]
      [Table Fixup (ms): Min: 0.8, Avg: 1.3, Max: 1.7, Diff: 0.9, Sum: 55.2]
   [Clear CT: 6.3 ms]
   [Other: 27.6 ms]
      [Choose CSet: 0.0 ms]
      [Ref Proc: 19.5 ms]
      [Ref Enq: 1.3 ms]
      [Redirty Cards: 1.3 ms]
      [Humongous Register: 0.2 ms]
      [Humongous Reclaim: 0.1 ms]
      [Free CSet: 4.4 ms]
   [Eden: 1086.0M(1086.0M)->0.0B(1095.0M) Survivors: 26.0M->15.0M Heap: 1697.4M(2048.0M)->609.6M(2048.0M)]
 [Times: user=1.00 sys=0.04, real=0.05 secs] 
2016-11-15T15:03:31.518+0100: 34408.710: Total time for which application threads were stopped: 0.0557509 seconds, Stopping threads took: 0.0001480 seconds
2016-11-15T15:03:31.518+0100: 34408.711: [GC concurrent-string-deduplication, 19.4K->2208.0B(17.2K), avg 88.0%, 0.0003488 secs]
2016-11-15T15:04:33.524+0100: 34470.717: Total time for which application threads were stopped: 0.0016542 seconds, Stopping threads took: 0.0002248 seconds
2016-11-15T15:05:05.029+0100: 34502.221: Total time for which application threads were stopped: 0.0016346 seconds, Stopping threads took: 0.0001725 seconds
2016-11-15T15:05:05.030+0100: 34502.222: Total time for which application threads were stopped: 0.0009173 seconds, Stopping threads took: 0.0000537 seconds
2016-11-15T15:05:05.031+0100: 34502.223: Total time for which application threads were stopped: 0.0010525 seconds, Stopping threads took: 0.0000427 seconds
2016-11-15T15:05:05.266+0100: 34502.459: Total time for which application threads were stopped: 0.0022402 seconds, Stopping threads took: 0.0002040 seconds
2016-11-15T15:05:10.268+0100: 34507.460: Total time for which application threads were stopped: 0.0014725 seconds, Stopping threads took: 0.0001485 seconds
2016-11-15T15:05:11.320+0100: 34508.513: Total time for which application threads were stopped: 0.0015516 seconds, Stopping threads took: 0.0001760 seconds
2016-11-15T15:05:11.322+0100: 34508.514: Total time for which application threads were stopped: 0.0011064 seconds, Stopping threads took: 0.0003068 seconds
2016-11-15T15:05:11.323+0100: 34508.515: Total time for which application threads were stopped: 0.0007961 seconds, Stopping threads took: 0.0000433 seconds
2016-11-15T15:05:11.377+0100: 34508.569: Total time for which application threads were stopped: 0.0015366 seconds, Stopping threads took: 0.0001524 seconds
2016-11-15T15:05:21.379+0100: 34518.572: Total time for which application threads were stopped: 0.0014549 seconds, Stopping threads took: 0.0001673 seconds
2016-11-15T15:05:23.381+0100: 34520.573: Total time for which application threads were stopped: 0.0014549 seconds, Stopping threads took: 0.0001640 seconds
2016-11-15T15:05:24.382+0100: 34521.575: Total time for which application threads were stopped: 0.0015436 seconds, Stopping threads took: 0.0001510 seconds
2016-11-15T15:05:27.384+0100: 34524.577: Total time for which application threads were stopped: 0.0014370 seconds, Stopping threads took: 0.0001508 seconds
2016-11-15T15:05:30.386+0100: 34527.578: Total time for which application threads were stopped: 0.0016551 seconds, Stopping threads took: 0.0001983 seconds
2016-11-15T15:05:31.388+0100: 34528.580: Total time for which application threads were stopped: 0.0014420 seconds, Stopping threads took: 0.0001682 seconds
2016-11-15T15:05:36.389+0100: 34533.582: Total time for which application threads were stopped: 0.0014001 seconds, Stopping threads took: 0.0001532 seconds
2016-11-15T15:05:38.391+0100: 34535.583: Total time for which application threads were stopped: 0.0014430 seconds, Stopping threads took: 0.0001445 seconds
2016-11-15T15:05:46.393+0100: 34543.585: Total time for which application threads were stopped: 0.0013863 seconds, Stopping threads took: 0.0001541 seconds
2016-11-15T15:05:48.395+0100: 34545.587: Total time for which application threads were stopped: 0.0014580 seconds, Stopping threads took: 0.0001658 seconds
2016-11-15T15:05:49.396+0100: 34546.588: Total time for which application threads were stopped: 0.0014044 seconds, Stopping threads took: 0.0001527 seconds
2016-11-15T15:06:01.398+0100: 34558.591: Total time for which application threads were stopped: 0.0014308 seconds, Stopping threads took: 0.0001732 seconds
2016-11-15T15:06:02.400+0100: 34559.592: Total time for which application threads were stopped: 0.0014548 seconds, Stopping threads took: 0.0001563 seconds
2016-11-15T15:06:05.401+0100: 34562.594: Total time for which application threads were stopped: 0.0014005 seconds, Stopping threads took: 0.0001610 seconds
2016-11-15T15:06:31.405+0100: 34588.597: Total time for which application threads were stopped: 0.0015547 seconds, Stopping threads took: 0.0001571 seconds
2016-11-15T15:06:33.407+0100: 34590.599: Total time for which application threads were stopped: 0.0015203 seconds, Stopping threads took: 0.0002029 seconds
2016-11-15T15:06:38.409+0100: 34595.601: Total time for which application threads were stopped: 0.0014625 seconds, Stopping threads took: 0.0001517 seconds
2016-11-15T15:06:39.410+0100: 34596.602: Total time for which application threads were stopped: 0.0014013 seconds, Stopping threads took: 0.0001555 seconds
2016-11-15T15:06:41.412+0100: 34598.604: Total time for which application threads were stopped: 0.0013627 seconds, Stopping threads took: 0.0001533 seconds
2016-11-15T15:07:03.415+0100: 34620.607: Total time for which application threads were stopped: 0.0014193 seconds, Stopping threads took: 0.0001726 seconds
2016-11-15T15:07:27.418+0100: 34644.610: Total time for which application threads were stopped: 0.0014226 seconds, Stopping threads took: 0.0001586 seconds
2016-11-15T15:07:28.029+0100: 34645.221: [GC pause (G1 Evacuation Pause) (young)
Desired survivor size 72876032 bytes, new threshold 15 (max 15)
- age   1:     368472 bytes,     368472 total
- age   2:     685456 bytes,    1053928 total
- age   3:     317320 bytes,    1371248 total
- age   4:     168376 bytes,    1539624 total
- age   5:      56688 bytes,    1596312 total
- age   6:     279304 bytes,    1875616 total
- age   7:     163576 bytes,    2039192 total
- age   8:      39648 bytes,    2078840 total
- age   9:    3101432 bytes,    5180272 total
- age  10:     221456 bytes,    5401728 total
- age  11:     203824 bytes,    5605552 total
- age  12:     550056 bytes,    6155608 total
- age  13:     468032 bytes,    6623640 total
- age  14:     440496 bytes,    7064136 total
- age  15:     446824 bytes,    7510960 total
2016-11-15T15:07:28.041+0100: 34645.234: [SoftReference, 25 refs, 0.0049095 secs]2016-11-15T15:07:28.046+0100: 34645.239: [WeakReference, 6 refs, 0.0031303 secs]2016-11-15T15:07:28.049+0100: 34645.242: [FinalReference, 58 refs, 0.0031747 secs]2016-11-15T15:07:28.053+0100: 34645.245: [PhantomReference, 0 refs, 0 refs, 0.0062844 secs]2016-11-15T15:07:28.059+0100: 34645.251: [JNI Weak Reference, 0.0000260 secs], 0.0463838 secs]
   [Parallel Time: 9.9 ms, GC Workers: 43]
      [GC Worker Start (ms): Min: 34645221.7, Avg: 34645222.2, Max: 34645222.7, Diff: 1.0]
      [Ext Root Scanning (ms): Min: 2.0, Avg: 2.7, Max: 6.9, Diff: 4.9, Sum: 115.6]
      [Update RS (ms): Min: 0.0, Avg: 1.9, Max: 2.6, Diff: 2.6, Sum: 80.6]
         [Processed Buffers: Min: 0, Avg: 4.5, Max: 16, Diff: 16, Sum: 195]
      [Scan RS (ms): Min: 0.1, Avg: 0.6, Max: 0.8, Diff: 0.7, Sum: 26.1]
      [Code Root Scanning (ms): Min: 0.0, Avg: 0.0, Max: 0.3, Diff: 0.3, Sum: 1.4]
      [Object Copy (ms): Min: 1.9, Avg: 3.3, Max: 3.7, Diff: 1.8, Sum: 140.0]
      [Termination (ms): Min: 0.0, Avg: 0.0, Max: 0.1, Diff: 0.0, Sum: 1.5]
         [Termination Attempts: Min: 1, Avg: 2.1, Max: 4, Diff: 3, Sum: 89]
      [GC Worker Other (ms): Min: 0.0, Avg: 0.4, Max: 0.8, Diff: 0.7, Sum: 15.3]
      [GC Worker Total (ms): Min: 8.1, Avg: 8.8, Max: 9.7, Diff: 1.6, Sum: 380.4]
      [GC Worker End (ms): Min: 34645230.7, Avg: 34645231.0, Max: 34645231.5, Diff: 0.8]
   [Code Root Fixup: 0.3 ms]
   [Code Root Purge: 0.0 ms]
   [String Dedup Fixup: 2.4 ms, GC Workers: 43]
      [Queue Fixup (ms): Min: 0.0, Avg: 0.0, Max: 0.0, Diff: 0.0, Sum: 0.2]
      [Table Fixup (ms): Min: 0.8, Avg: 1.3, Max: 1.7, Diff: 0.9, Sum: 54.6]
   [Clear CT: 5.8 ms]
   [Other: 28.0 ms]
      [Choose CSet: 0.0 ms]
      [Ref Proc: 19.5 ms]
      [Ref Enq: 1.7 ms]
      [Redirty Cards: 1.3 ms]
      [Humongous Register: 0.2 ms]
      [Humongous Reclaim: 0.1 ms]
      [Free CSet: 4.4 ms]
   [Eden: 1095.0M(1095.0M)->0.0B(1099.0M) Survivors: 15.0M->11.0M Heap: 1705.6M(2048.0M)->608.4M(2048.0M)]
 [Times: user=0.73 sys=0.03, real=0.05 secs] 
2016-11-15T15:07:28.075+0100: 34645.268: Total time for which application threads were stopped: 0.0484620 seconds, Stopping threads took: 0.0001539 seconds
2016-11-15T15:07:28.077+0100: 34645.269: Total time for which application threads were stopped: 0.0013809 seconds, Stopping threads took: 0.0001198 seconds
2016-11-15T15:07:28.077+0100: 34645.270: [GC concurrent-string-deduplication, 22.2K->2448.0B(19.9K), avg 88.0%, 0.0003268 secs]
2016-11-15T15:07:41.079+0100: 34658.272: Total time for which application threads were stopped: 0.0015313 seconds, Stopping threads took: 0.0001473 seconds
2016-11-15T15:08:19.084+0100: 34696.276: Total time for which application threads were stopped: 0.0015933 seconds, Stopping threads took: 0.0001844 seconds
2016-11-15T15:08:25.086+0100: 34702.278: Total time for which application threads were stopped: 0.0016156 seconds, Stopping threads took: 0.0001627 seconds
2016-11-15T15:09:06.114+0100: 34743.306: Total time for which application threads were stopped: 0.0016170 seconds, Stopping threads took: 0.0001572 seconds
2016-11-15T15:09:06.115+0100: 34743.307: Total time for which application threads were stopped: 0.0007385 seconds, Stopping threads took: 0.0000374 seconds
2016-11-15T15:09:06.115+0100: 34743.308: Total time for which application threads were stopped: 0.0006769 seconds, Stopping threads took: 0.0000343 seconds
2016-11-15T15:09:06.275+0100: 34743.468: Total time for which application threads were stopped: 0.0016217 seconds, Stopping threads took: 0.0001629 seconds
2016-11-15T15:09:18.590+0100: 34755.782: Total time for which application threads were stopped: 0.0015977 seconds, Stopping threads took: 0.0001719 seconds
2016-11-15T15:09:18.591+0100: 34755.784: Total time for which application threads were stopped: 0.0008174 seconds, Stopping threads took: 0.0000420 seconds
2016-11-15T15:09:18.592+0100: 34755.784: Total time for which application threads were stopped: 0.0008117 seconds, Stopping threads took: 0.0000376 seconds
2016-11-15T15:09:18.688+0100: 34755.880: Total time for which application threads were stopped: 0.0014503 seconds, Stopping threads took: 0.0001397 seconds
2016-11-15T15:10:55.697+0100: 34852.889: Total time for which application threads were stopped: 0.0016148 seconds, Stopping threads took: 0.0001560 seconds
2016-11-15T15:10:57.403+0100: 34854.595: Total time for which application threads were stopped: 0.0015145 seconds, Stopping threads took: 0.0001693 seconds
2016-11-15T15:10:57.404+0100: 34854.596: Total time for which application threads were stopped: 0.0007311 seconds, Stopping threads took: 0.0000393 seconds
2016-11-15T15:10:57.558+0100: 34854.751: Total time for which application threads were stopped: 0.0014007 seconds, Stopping threads took: 0.0001370 seconds
2016-11-15T15:10:58.319+0100: 34855.512: Total time for which application threads were stopped: 0.0015405 seconds, Stopping threads took: 0.0001664 seconds
2016-11-15T15:10:58.320+0100: 34855.513: Total time for which application threads were stopped: 0.0007103 seconds, Stopping threads took: 0.0000326 seconds
2016-11-15T15:10:58.321+0100: 34855.514: Total time for which application threads were stopped: 0.0006875 seconds, Stopping threads took: 0.0000327 seconds
2016-11-15T15:11:04.312+0100: 34861.504: Total time for which application threads were stopped: 0.0015777 seconds, Stopping threads took: 0.0001548 seconds
2016-11-15T15:11:04.314+0100: 34861.506: Total time for which application threads were stopped: 0.0008213 seconds, Stopping threads took: 0.0000604 seconds
2016-11-15T15:11:04.315+0100: 34861.507: Total time for which application threads were stopped: 0.0007156 seconds, Stopping threads took: 0.0000362 seconds
2016-11-15T15:11:04.316+0100: 34861.508: Total time for which application threads were stopped: 0.0007102 seconds, Stopping threads took: 0.0000329 seconds
2016-11-15T15:11:04.323+0100: 34861.516: Total time for which application threads were stopped: 0.0008709 seconds, Stopping threads took: 0.0000681 seconds
2016-11-15T15:11:10.633+0100: 34867.826: [GC pause (G1 Evacuation Pause) (young)
Desired survivor size 72876032 bytes, new threshold 15 (max 15)
- age   1:     462160 bytes,     462160 total
- age   2:     201976 bytes,     664136 total
- age   3:     684816 bytes,    1348952 total
- age   4:     298184 bytes,    1647136 total
- age   5:     168256 bytes,    1815392 total
- age   6:      56688 bytes,    1872080 total
- age   7:     279008 bytes,    2151088 total
- age   8:     163576 bytes,    2314664 total
- age   9:      39648 bytes,    2354312 total
- age  10:    3101392 bytes,    5455704 total
- age  11:     221456 bytes,    5677160 total
- age  12:     203824 bytes,    5880984 total
- age  13:     550056 bytes,    6431040 total
- age  14:     468032 bytes,    6899072 total
- age  15:     440496 bytes,    7339568 total
2016-11-15T15:11:10.661+0100: 34867.853: [SoftReference, 27 refs, 0.0058175 secs]2016-11-15T15:11:10.667+0100: 34867.859: [WeakReference, 58 refs, 0.0032414 secs]2016-11-15T15:11:10.670+0100: 34867.862: [FinalReference, 278 refs, 0.0032634 secs]2016-11-15T15:11:10.673+0100: 34867.866: [PhantomReference, 0 refs, 0 refs, 0.0071150 secs]2016-11-15T15:11:10.680+0100: 34867.873: [JNI Weak Reference, 0.0000264 secs], 0.0628086 secs]
   [Parallel Time: 24.7 ms, GC Workers: 43]
      [GC Worker Start (ms): Min: 34867826.5, Avg: 34867827.0, Max: 34867827.5, Diff: 1.0]
      [Ext Root Scanning (ms): Min: 1.8, Avg: 2.4, Max: 6.9, Diff: 5.1, Sum: 105.3]
      [Update RS (ms): Min: 4.0, Avg: 6.4, Max: 8.2, Diff: 4.2, Sum: 274.4]
         [Processed Buffers: Min: 1, Avg: 7.2, Max: 19, Diff: 18, Sum: 308]
      [Scan RS (ms): Min: 0.1, Avg: 0.7, Max: 0.9, Diff: 0.8, Sum: 28.0]
      [Code Root Scanning (ms): Min: 0.0, Avg: 0.1, Max: 0.5, Diff: 0.5, Sum: 2.4]
      [Object Copy (ms): Min: 11.9, Avg: 12.9, Max: 13.2, Diff: 1.3, Sum: 556.1]
      [Termination (ms): Min: 0.0, Avg: 0.1, Max: 0.1, Diff: 0.1, Sum: 2.9]
         [Termination Attempts: Min: 1, Avg: 9.8, Max: 18, Diff: 17, Sum: 420]
      [GC Worker Other (ms): Min: 0.0, Avg: 0.4, Max: 0.9, Diff: 0.8, Sum: 17.3]
      [GC Worker Total (ms): Min: 22.4, Avg: 22.9, Max: 23.8, Diff: 1.4, Sum: 986.4]
      [GC Worker End (ms): Min: 34867849.6, Avg: 34867850.0, Max: 34867850.4, Diff: 0.8]
   [Code Root Fixup: 0.3 ms]
   [Code Root Purge: 0.0 ms]
   [String Dedup Fixup: 2.1 ms, GC Workers: 43]
      [Queue Fixup (ms): Min: 0.0, Avg: 0.0, Max: 0.0, Diff: 0.0, Sum: 0.2]
      [Table Fixup (ms): Min: 0.8, Avg: 1.3, Max: 1.8, Diff: 1.0, Sum: 56.5]
   [Clear CT: 6.1 ms]
   [Other: 29.6 ms]
      [Choose CSet: 0.0 ms]
      [Ref Proc: 21.4 ms]
      [Ref Enq: 1.3 ms]
      [Redirty Cards: 1.3 ms]
      [Humongous Register: 0.2 ms]
      [Humongous Reclaim: 0.2 ms]
      [Free CSet: 4.4 ms]
   [Eden: 1099.0M(1099.0M)->0.0B(1061.0M) Survivors: 11.0M->22.0M Heap: 1723.4M(2048.0M)->628.2M(2048.0M)]
 [Times: user=1.34 sys=0.02, real=0.06 secs] 
2016-11-15T15:11:10.697+0100: 34867.889: Total time for which application threads were stopped: 0.0650378 seconds, Stopping threads took: 0.0002018 seconds
2016-11-15T15:11:10.698+0100: 34867.891: Total time for which application threads were stopped: 0.0015381 seconds, Stopping threads took: 0.0001570 seconds
2016-11-15T15:11:10.699+0100: 34867.892: Total time for which application threads were stopped: 0.0008435 seconds, Stopping threads took: 0.0001301 seconds
2016-11-15T15:11:10.700+0100: 34867.893: Total time for which application threads were stopped: 0.0007743 seconds, Stopping threads took: 0.0000899 seconds
2016-11-15T15:11:10.700+0100: 34867.893: [GC concurrent-string-deduplication, 26.5K->1688.0B(24.8K), avg 88.0%, 0.0003437 secs]
2016-11-15T15:11:17.702+0100: 34874.895: Total time for which application threads were stopped: 0.0015148 seconds, Stopping threads took: 0.0001641 seconds
2016-11-15T15:11:39.705+0100: 34896.898: Total time for which application threads were stopped: 0.0014065 seconds, Stopping threads took: 0.0001440 seconds
2016-11-15T15:11:46.048+0100: 34903.241: Total time for which application threads were stopped: 0.0014473 seconds, Stopping threads took: 0.0001589 seconds
2016-11-15T15:11:46.049+0100: 34903.242: Total time for which application threads were stopped: 0.0006715 seconds, Stopping threads took: 0.0000326 seconds
2016-11-15T15:11:46.050+0100: 34903.242: Total time for which application threads were stopped: 0.0006324 seconds, Stopping threads took: 0.0000314 seconds
2016-11-15T15:11:46.196+0100: 34903.389: Total time for which application threads were stopped: 0.0014796 seconds, Stopping threads took: 0.0001417 seconds
2016-11-15T15:11:50.791+0100: 34907.983: Total time for which application threads were stopped: 0.0015554 seconds, Stopping threads took: 0.0001998 seconds
2016-11-15T15:11:50.792+0100: 34907.984: Total time for which application threads were stopped: 0.0007281 seconds, Stopping threads took: 0.0000744 seconds
2016-11-15T15:11:50.793+0100: 34907.985: Total time for which application threads were stopped: 0.0007422 seconds, Stopping threads took: 0.0000800 seconds
2016-11-15T15:11:50.840+0100: 34908.032: Total time for which application threads were stopped: 0.0007915 seconds, Stopping threads took: 0.0000638 seconds
2016-11-15T15:12:19.844+0100: 34937.036: Total time for which application threads were stopped: 0.0015036 seconds, Stopping threads took: 0.0001624 seconds
2016-11-15T15:12:21.845+0100: 34939.038: Total time for which application threads were stopped: 0.0014076 seconds, Stopping threads took: 0.0001386 seconds
2016-11-15T15:14:01.854+0100: 35039.046: Total time for which application threads were stopped: 0.0014922 seconds, Stopping threads took: 0.0001531 seconds
2016-11-15T15:14:26.857+0100: 35064.050: Total time for which application threads were stopped: 0.0015301 seconds, Stopping threads took: 0.0001737 seconds
2016-11-15T15:14:30.618+0100: 35067.811: [GC pause (G1 Evacuation Pause) (young)
Desired survivor size 71303168 bytes, new threshold 15 (max 15)
- age   1:    4251928 bytes,    4251928 total
- age   2:     189816 bytes,    4441744 total
- age   3:     200960 bytes,    4642704 total
- age   4:     664264 bytes,    5306968 total
- age   5:     297848 bytes,    5604816 total
- age   6:     168208 bytes,    5773024 total
- age   7:      55856 bytes,    5828880 total
- age   8:     277696 bytes,    6106576 total
- age   9:     163504 bytes,    6270080 total
- age  10:      39648 bytes,    6309728 total
- age  11:    3101392 bytes,    9411120 total
- age  12:     221456 bytes,    9632576 total
- age  13:     203824 bytes,    9836400 total
- age  14:     542728 bytes,   10379128 total
- age  15:     468032 bytes,   10847160 total
2016-11-15T15:14:30.633+0100: 35067.826: [SoftReference, 26 refs, 0.0054446 secs]2016-11-15T15:14:30.639+0100: 35067.831: [WeakReference, 12 refs, 0.0032897 secs]2016-11-15T15:14:30.642+0100: 35067.834: [FinalReference, 38 refs, 0.0029103 secs]2016-11-15T15:14:30.645+0100: 35067.837: [PhantomReference, 0 refs, 0 refs, 0.0069049 secs]2016-11-15T15:14:30.652+0100: 35067.844: [JNI Weak Reference, 0.0000282 secs], 0.0501025 secs]
   [Parallel Time: 12.2 ms, GC Workers: 43]
      [GC Worker Start (ms): Min: 35067811.5, Avg: 35067812.0, Max: 35067812.5, Diff: 1.0]
      [Ext Root Scanning (ms): Min: 1.7, Avg: 2.5, Max: 6.9, Diff: 5.2, Sum: 105.5]
      [Update RS (ms): Min: 0.0, Avg: 3.0, Max: 3.8, Diff: 3.8, Sum: 128.5]
         [Processed Buffers: Min: 0, Avg: 4.8, Max: 16, Diff: 16, Sum: 208]
      [Scan RS (ms): Min: 0.1, Avg: 0.5, Max: 0.7, Diff: 0.7, Sum: 22.8]
      [Code Root Scanning (ms): Min: 0.0, Avg: 0.0, Max: 0.2, Diff: 0.2, Sum: 1.3]
      [Object Copy (ms): Min: 3.9, Avg: 4.5, Max: 4.7, Diff: 0.8, Sum: 193.6]
      [Termination (ms): Min: 0.0, Avg: 0.0, Max: 0.1, Diff: 0.0, Sum: 1.8]
         [Termination Attempts: Min: 1, Avg: 4.7, Max: 10, Diff: 9, Sum: 202]
      [GC Worker Other (ms): Min: 0.0, Avg: 0.4, Max: 0.8, Diff: 0.8, Sum: 16.5]
      [GC Worker Total (ms): Min: 10.2, Avg: 10.9, Max: 11.7, Diff: 1.4, Sum: 469.9]
      [GC Worker End (ms): Min: 35067822.6, Avg: 35067823.0, Max: 35067823.4, Diff: 0.8]
   [Code Root Fixup: 0.3 ms]
   [Code Root Purge: 0.0 ms]
   [String Dedup Fixup: 2.8 ms, GC Workers: 43]
      [Queue Fixup (ms): Min: 0.0, Avg: 0.0, Max: 0.0, Diff: 0.0, Sum: 0.2]
      [Table Fixup (ms): Min: 0.8, Avg: 1.3, Max: 1.8, Diff: 1.0, Sum: 56.3]
   [Clear CT: 6.4 ms]
   [Other: 28.5 ms]
      [Choose CSet: 0.0 ms]
      [Ref Proc: 20.5 ms]
      [Ref Enq: 1.3 ms]
      [Redirty Cards: 1.4 ms]
      [Humongous Register: 0.2 ms]
      [Humongous Reclaim: 0.1 ms]
      [Free CSet: 4.3 ms]
   [Eden: 1061.0M(1061.0M)->0.0B(1064.0M) Survivors: 22.0M->18.0M Heap: 1693.2M(2048.0M)->626.9M(2048.0M)]
 [Times: user=0.86 sys=0.00, real=0.05 secs] 
2016-11-15T15:14:30.669+0100: 35067.861: Total time for which application threads were stopped: 0.0521878 seconds, Stopping threads took: 0.0001533 seconds
2016-11-15T15:14:30.671+0100: 35067.863: Total time for which application threads were stopped: 0.0014146 seconds, Stopping threads took: 0.0001110 seconds
2016-11-15T15:14:30.671+0100: 35067.863: [GC concurrent-string-deduplication, 20.5K->824.0B(19.7K), avg 88.0%, 0.0002612 secs]
2016-11-15T15:15:13.415+0100: 35110.608: Total time for which application threads were stopped: 0.0014825 seconds, Stopping threads took: 0.0001527 seconds
2016-11-15T15:15:13.416+0100: 35110.609: Total time for which application threads were stopped: 0.0006872 seconds, Stopping threads took: 0.0000381 seconds
2016-11-15T15:15:13.417+0100: 35110.609: Total time for which application threads were stopped: 0.0006453 seconds, Stopping threads took: 0.0000305 seconds
2016-11-15T15:15:14.274+0100: 35111.466: Total time for which application threads were stopped: 0.0015324 seconds, Stopping threads took: 0.0002389 seconds
2016-11-15T15:15:17.925+0100: 35115.117: Total time for which application threads were stopped: 0.0015002 seconds, Stopping threads took: 0.0001481 seconds
2016-11-15T15:15:17.926+0100: 35115.119: Total time for which application threads were stopped: 0.0007448 seconds, Stopping threads took: 0.0000480 seconds
2016-11-15T15:15:17.927+0100: 35115.119: Total time for which application threads were stopped: 0.0006615 seconds, Stopping threads took: 0.0000308 seconds
2016-11-15T15:15:18.072+0100: 35115.265: Total time for which application threads were stopped: 0.0008818 seconds, Stopping threads took: 0.0000631 seconds
2016-11-15T15:16:05.230+0100: 35162.422: Total time for which application threads were stopped: 0.0014820 seconds, Stopping threads took: 0.0001506 seconds
2016-11-15T15:16:05.231+0100: 35162.423: Total time for which application threads were stopped: 0.0007036 seconds, Stopping threads took: 0.0000350 seconds
2016-11-15T15:16:05.232+0100: 35162.424: Total time for which application threads were stopped: 0.0007663 seconds, Stopping threads took: 0.0001020 seconds
2016-11-15T15:16:05.382+0100: 35162.574: Total time for which application threads were stopped: 0.0009155 seconds, Stopping threads took: 0.0000860 seconds
2016-11-15T15:16:10.279+0100: 35167.471: Total time for which application threads were stopped: 0.0013972 seconds, Stopping threads took: 0.0001450 seconds
2016-11-15T15:16:10.280+0100: 35167.472: Total time for which application threads were stopped: 0.0006731 seconds, Stopping threads took: 0.0000338 seconds
2016-11-15T15:16:10.281+0100: 35167.473: Total time for which application threads were stopped: 0.0006422 seconds, Stopping threads took: 0.0000331 seconds
2016-11-15T15:16:10.323+0100: 35167.515: Total time for which application threads were stopped: 0.0009090 seconds, Stopping threads took: 0.0000693 seconds
2016-11-15T15:16:14.325+0100: 35171.517: Total time for which application threads were stopped: 0.0015205 seconds, Stopping threads took: 0.0001555 seconds
2016-11-15T15:16:15.326+0100: 35172.519: Total time for which application threads were stopped: 0.0014573 seconds, Stopping threads took: 0.0001518 seconds
2016-11-15T15:16:17.468+0100: 35174.661: Total time for which application threads were stopped: 0.0015521 seconds, Stopping threads took: 0.0001430 seconds
2016-11-15T15:16:22.796+0100: 35179.989: Total time for which application threads were stopped: 0.0014149 seconds, Stopping threads took: 0.0001544 seconds
2016-11-15T15:16:31.798+0100: 35188.991: Total time for which application threads were stopped: 0.0014139 seconds, Stopping threads took: 0.0001657 seconds
2016-11-15T15:16:32.469+0100: 35189.661: Total time for which application threads were stopped: 0.0012996 seconds, Stopping threads took: 0.0001304 seconds
2016-11-15T15:16:32.470+0100: 35189.662: Total time for which application threads were stopped: 0.0006564 seconds, Stopping threads took: 0.0000326 seconds
2016-11-15T15:16:32.471+0100: 35189.663: Total time for which application threads were stopped: 0.0006480 seconds, Stopping threads took: 0.0000322 seconds
2016-11-15T15:16:32.578+0100: 35189.771: Total time for which application threads were stopped: 0.0009250 seconds, Stopping threads took: 0.0000700 seconds
2016-11-15T15:16:47.798+0100: 35204.991: Total time for which application threads were stopped: 0.0015588 seconds, Stopping threads took: 0.0001654 seconds
2016-11-15T15:16:47.799+0100: 35204.992: Total time for which application threads were stopped: 0.0006797 seconds, Stopping threads took: 0.0000329 seconds
2016-11-15T15:16:48.801+0100: 35205.993: Total time for which application threads were stopped: 0.0014479 seconds, Stopping threads took: 0.0001503 seconds
2016-11-15T15:17:04.008+0100: 35221.200: Total time for which application threads were stopped: 0.0014511 seconds, Stopping threads took: 0.0001488 seconds
2016-11-15T15:17:04.010+0100: 35221.202: Total time for which application threads were stopped: 0.0007504 seconds, Stopping threads took: 0.0000554 seconds
2016-11-15T15:17:04.010+0100: 35221.203: Total time for which application threads were stopped: 0.0006356 seconds, Stopping threads took: 0.0000293 seconds
2016-11-15T15:17:04.073+0100: 35221.266: Total time for which application threads were stopped: 0.0007898 seconds, Stopping threads took: 0.0000583 seconds
2016-11-15T15:18:33.161+0100: 35310.354: [GC pause (G1 Evacuation Pause) (young)
Desired survivor size 71303168 bytes, new threshold 15 (max 15)
- age   1:     214632 bytes,     214632 total
- age   2:    4058800 bytes,    4273432 total
- age   3:     189384 bytes,    4462816 total
- age   4:     173536 bytes,    4636352 total
- age   5:     663664 bytes,    5300016 total
- age   6:     297800 bytes,    5597816 total
- age   7:     167568 bytes,    5765384 total
- age   8:      55480 bytes,    5820864 total
- age   9:     277696 bytes,    6098560 total
- age  10:     163504 bytes,    6262064 total
- age  11:      39648 bytes,    6301712 total
- age  12:    3101392 bytes,    9403104 total
- age  13:     221456 bytes,    9624560 total
- age  14:     203824 bytes,    9828384 total
- age  15:     541848 bytes,   10370232 total
2016-11-15T15:18:33.178+0100: 35310.370: [SoftReference, 28 refs, 0.0058433 secs]2016-11-15T15:18:33.184+0100: 35310.376: [WeakReference, 14 refs, 0.0032552 secs]2016-11-15T15:18:33.187+0100: 35310.379: [FinalReference, 143 refs, 0.0038449 secs]2016-11-15T15:18:33.191+0100: 35310.383: [PhantomReference, 0 refs, 0 refs, 0.0069835 secs]2016-11-15T15:18:33.198+0100: 35310.390: [JNI Weak Reference, 0.0000388 secs], 0.0526000 secs]
   [Parallel Time: 13.7 ms, GC Workers: 43]
      [GC Worker Start (ms): Min: 35310354.4, Avg: 35310354.9, Max: 35310355.4, Diff: 1.0]
      [Ext Root Scanning (ms): Min: 1.9, Avg: 2.5, Max: 7.1, Diff: 5.3, Sum: 108.2]
      [Update RS (ms): Min: 0.0, Avg: 2.7, Max: 3.4, Diff: 3.4, Sum: 117.1]
         [Processed Buffers: Min: 0, Avg: 5.8, Max: 22, Diff: 22, Sum: 250]
      [Scan RS (ms): Min: 0.1, Avg: 0.6, Max: 0.7, Diff: 0.7, Sum: 25.0]
      [Code Root Scanning (ms): Min: 0.0, Avg: 0.0, Max: 0.2, Diff: 0.2, Sum: 1.4]
      [Object Copy (ms): Min: 5.0, Avg: 5.9, Max: 6.1, Diff: 1.2, Sum: 254.5]
      [Termination (ms): Min: 0.0, Avg: 0.2, Max: 0.4, Diff: 0.3, Sum: 8.4]
         [Termination Attempts: Min: 1, Avg: 16.0, Max: 24, Diff: 23, Sum: 687]
      [GC Worker Other (ms): Min: 0.1, Avg: 0.4, Max: 0.9, Diff: 0.8, Sum: 19.1]
      [GC Worker Total (ms): Min: 11.8, Avg: 12.4, Max: 13.2, Diff: 1.4, Sum: 533.7]
      [GC Worker End (ms): Min: 35310366.9, Avg: 35310367.3, Max: 35310367.7, Diff: 0.8]
   [Code Root Fixup: 0.3 ms]
   [Code Root Purge: 0.0 ms]
   [String Dedup Fixup: 2.4 ms, GC Workers: 43]
      [Queue Fixup (ms): Min: 0.0, Avg: 0.0, Max: 0.1, Diff: 0.1, Sum: 0.4]
      [Table Fixup (ms): Min: 0.8, Avg: 1.3, Max: 1.7, Diff: 0.9, Sum: 55.0]
   [Clear CT: 6.3 ms]
   [Other: 30.0 ms]
      [Choose CSet: 0.0 ms]
      [Ref Proc: 21.9 ms]
      [Ref Enq: 1.3 ms]
      [Redirty Cards: 1.3 ms]
      [Humongous Register: 0.2 ms]
      [Humongous Reclaim: 0.1 ms]
      [Free CSet: 4.4 ms]
   [Eden: 1064.0M(1064.0M)->0.0B(1040.0M) Survivors: 18.0M->28.0M Heap: 1693.9M(2048.0M)->638.6M(2048.0M)]
 [Times: user=0.89 sys=0.01, real=0.05 secs] 
2016-11-15T15:18:33.214+0100: 35310.407: Total time for which application threads were stopped: 0.0548780 seconds, Stopping threads took: 0.0001649 seconds
2016-11-15T15:18:33.216+0100: 35310.409: Total time for which application threads were stopped: 0.0015480 seconds, Stopping threads took: 0.0001494 seconds
2016-11-15T15:18:33.223+0100: 35310.415: [GC concurrent-string-deduplication, 546.4K->251.8K(294.6K), avg 87.9%, 0.0070558 secs]
2016-11-15T15:18:41.218+0100: 35318.411: Total time for which application threads were stopped: 0.0013960 seconds, Stopping threads took: 0.0001561 seconds
2016-11-15T15:20:31.228+0100: 35428.420: Total time for which application threads were stopped: 0.0015522 seconds, Stopping threads took: 0.0001544 seconds
2016-11-15T15:20:39.939+0100: 35437.131: Total time for which application threads were stopped: 0.0015928 seconds, Stopping threads took: 0.0001627 seconds
2016-11-15T15:20:39.940+0100: 35437.132: Total time for which application threads were stopped: 0.0008147 seconds, Stopping threads took: 0.0000992 seconds
2016-11-15T15:20:39.940+0100: 35437.133: Total time for which application threads were stopped: 0.0007723 seconds, Stopping threads took: 0.0000900 seconds
2016-11-15T15:20:40.078+0100: 35437.271: Total time for which application threads were stopped: 0.0033668 seconds, Stopping threads took: 0.0001209 seconds
2016-11-15T15:20:43.702+0100: 35440.895: Total time for which application threads were stopped: 0.0015067 seconds, Stopping threads took: 0.0001552 seconds
2016-11-15T15:20:43.704+0100: 35440.896: Total time for which application threads were stopped: 0.0007979 seconds, Stopping threads took: 0.0000510 seconds
2016-11-15T15:20:43.705+0100: 35440.897: Total time for which application threads were stopped: 0.0007707 seconds, Stopping threads took: 0.0001118 seconds
2016-11-15T15:20:43.766+0100: 35440.958: Total time for which application threads were stopped: 0.0010378 seconds, Stopping threads took: 0.0000935 seconds
2016-11-15T15:21:09.599+0100: 35466.792: Total time for which application threads were stopped: 0.0073014 seconds, Stopping threads took: 0.0001563 seconds
2016-11-15T15:21:10.601+0100: 35467.793: Total time for which application threads were stopped: 0.0015282 seconds, Stopping threads took: 0.0002207 seconds
2016-11-15T15:21:24.603+0100: 35481.796: Total time for which application threads were stopped: 0.0014260 seconds, Stopping threads took: 0.0001540 seconds
2016-11-15T15:23:23.999+0100: 35601.191: [GC pause (G1 Evacuation Pause) (young)
Desired survivor size 70254592 bytes, new threshold 15 (max 15)
- age   1:    1110616 bytes,    1110616 total
- age   2:      81800 bytes,    1192416 total
- age   3:    4056576 bytes,    5248992 total
- age   4:     168760 bytes,    5417752 total
- age   5:     169008 bytes,    5586760 total
- age   6:     604960 bytes,    6191720 total
- age   7:     293016 bytes,    6484736 total
- age   8:     166920 bytes,    6651656 total
- age   9:      55480 bytes,    6707136 total
- age  10:     277696 bytes,    6984832 total
- age  11:     161936 bytes,    7146768 total
- age  12:      39648 bytes,    7186416 total
- age  13:    3101392 bytes,   10287808 total
- age  14:     221456 bytes,   10509264 total
- age  15:     203824 bytes,   10713088 total
2016-11-15T15:23:24.013+0100: 35601.206: [SoftReference, 43 refs, 0.0050960 secs]2016-11-15T15:23:24.018+0100: 35601.211: [WeakReference, 12 refs, 0.0036610 secs]2016-11-15T15:23:24.022+0100: 35601.214: [FinalReference, 67 refs, 0.0038372 secs]2016-11-15T15:23:24.026+0100: 35601.218: [PhantomReference, 0 refs, 0 refs, 0.0060327 secs]2016-11-15T15:23:24.032+0100: 35601.224: [JNI Weak Reference, 0.0000265 secs], 0.0488013 secs]
   [Parallel Time: 11.8 ms, GC Workers: 43]
      [GC Worker Start (ms): Min: 35601191.7, Avg: 35601192.3, Max: 35601192.8, Diff: 1.0]
      [Ext Root Scanning (ms): Min: 1.9, Avg: 2.5, Max: 6.9, Diff: 5.0, Sum: 108.3]
      [Update RS (ms): Min: 0.0, Avg: 2.3, Max: 3.2, Diff: 3.2, Sum: 97.3]
         [Processed Buffers: Min: 0, Avg: 4.3, Max: 14, Diff: 14, Sum: 187]
      [Scan RS (ms): Min: 0.1, Avg: 0.6, Max: 0.9, Diff: 0.8, Sum: 26.1]
      [Code Root Scanning (ms): Min: 0.0, Avg: 0.0, Max: 0.5, Diff: 0.5, Sum: 1.9]
      [Object Copy (ms): Min: 3.3, Avg: 4.3, Max: 4.5, Diff: 1.2, Sum: 183.0]
      [Termination (ms): Min: 0.0, Avg: 0.0, Max: 0.1, Diff: 0.0, Sum: 1.8]
         [Termination Attempts: Min: 1, Avg: 3.3, Max: 5, Diff: 4, Sum: 142]
      [GC Worker Other (ms): Min: 0.0, Avg: 0.4, Max: 0.8, Diff: 0.8, Sum: 16.2]
      [GC Worker Total (ms): Min: 9.4, Avg: 10.1, Max: 11.0, Diff: 1.6, Sum: 434.6]
      [GC Worker End (ms): Min: 35601202.1, Avg: 35601202.4, Max: 35601202.8, Diff: 0.8]
   [Code Root Fixup: 0.2 ms]
   [Code Root Purge: 0.0 ms]
   [String Dedup Fixup: 2.6 ms, GC Workers: 43]
      [Queue Fixup (ms): Min: 0.0, Avg: 0.0, Max: 0.0, Diff: 0.0, Sum: 0.2]
      [Table Fixup (ms): Min: 0.9, Avg: 1.3, Max: 1.8, Diff: 0.9, Sum: 56.8]
   [Clear CT: 6.0 ms]
   [Other: 28.3 ms]
      [Choose CSet: 0.0 ms]
      [Ref Proc: 20.6 ms]
      [Ref Enq: 1.2 ms]
      [Redirty Cards: 1.2 ms]
      [Humongous Register: 0.2 ms]
      [Humongous Reclaim: 0.1 ms]
      [Free CSet: 4.3 ms]
   [Eden: 1040.0M(1040.0M)->0.0B(1059.0M) Survivors: 28.0M->18.0M Heap: 1679.6M(2048.0M)->629.2M(2048.0M)]
 [Times: user=0.77 sys=0.02, real=0.05 secs] 
2016-11-15T15:23:24.048+0100: 35601.240: Total time for which application threads were stopped: 0.0509657 seconds, Stopping threads took: 0.0001579 seconds
2016-11-15T15:23:24.048+0100: 35601.240: [GC concurrent-string-deduplication, 7208.0B->312.0B(6896.0B), avg 87.9%, 0.0001208 secs]
2016-11-15T15:25:26.058+0100: 35723.251: Total time for which application threads were stopped: 0.0015621 seconds, Stopping threads took: 0.0001589 seconds
2016-11-15T15:26:25.049+0100: 35782.241: Total time for which application threads were stopped: 0.0015320 seconds, Stopping threads took: 0.0001657 seconds
2016-11-15T15:26:25.050+0100: 35782.242: Total time for which application threads were stopped: 0.0007217 seconds, Stopping threads took: 0.0000356 seconds
2016-11-15T15:26:25.051+0100: 35782.243: Total time for which application threads were stopped: 0.0006582 seconds, Stopping threads took: 0.0000311 seconds
2016-11-15T15:26:25.104+0100: 35782.296: Total time for which application threads were stopped: 0.0007756 seconds, Stopping threads took: 0.0000616 seconds
2016-11-15T15:27:02.610+0100: 35819.802: Total time for which application threads were stopped: 0.0036391 seconds, Stopping threads took: 0.0001493 seconds
2016-11-15T15:27:02.613+0100: 35819.805: Total time for which application threads were stopped: 0.0027350 seconds, Stopping threads took: 0.0000413 seconds
2016-11-15T15:27:02.615+0100: 35819.808: Total time for which application threads were stopped: 0.0026312 seconds, Stopping threads took: 0.0001069 seconds
2016-11-15T15:27:02.679+0100: 35819.872: Total time for which application threads were stopped: 0.0012549 seconds, Stopping threads took: 0.0000895 seconds
2016-11-15T15:27:02.680+0100: 35819.872: Total time for which application threads were stopped: 0.0007479 seconds, Stopping threads took: 0.0000855 seconds
2016-11-15T15:27:02.681+0100: 35819.873: Total time for which application threads were stopped: 0.0006897 seconds, Stopping threads took: 0.0000330 seconds
2016-11-15T15:27:02.831+0100: 35820.024: Total time for which application threads were stopped: 0.0009991 seconds, Stopping threads took: 0.0000778 seconds
2016-11-15T15:27:06.439+0100: 35823.631: Total time for which application threads were stopped: 0.0014364 seconds, Stopping threads took: 0.0001580 seconds
2016-11-15T15:27:06.440+0100: 35823.632: Total time for which application threads were stopped: 0.0006884 seconds, Stopping threads took: 0.0000340 seconds
2016-11-15T15:27:06.440+0100: 35823.633: Total time for which application threads were stopped: 0.0006660 seconds, Stopping threads took: 0.0000320 seconds
2016-11-15T15:27:06.656+0100: 35823.848: Total time for which application threads were stopped: 0.0010043 seconds, Stopping threads took: 0.0000872 seconds
2016-11-15T15:27:06.657+0100: 35823.849: Total time for which application threads were stopped: 0.0006528 seconds, Stopping threads took: 0.0000311 seconds
2016-11-15T15:27:06.657+0100: 35823.850: Total time for which application threads were stopped: 0.0006487 seconds, Stopping threads took: 0.0000354 seconds
2016-11-15T15:27:06.756+0100: 35823.948: Total time for which application threads were stopped: 0.0008200 seconds, Stopping threads took: 0.0000673 seconds
2016-11-15T15:27:09.650+0100: 35826.843: Total time for which application threads were stopped: 0.0015351 seconds, Stopping threads took: 0.0001643 seconds
2016-11-15T15:27:09.651+0100: 35826.844: Total time for which application threads were stopped: 0.0008022 seconds, Stopping threads took: 0.0001032 seconds
2016-11-15T15:27:09.652+0100: 35826.845: Total time for which application threads were stopped: 0.0007485 seconds, Stopping threads took: 0.0000749 seconds
2016-11-15T15:27:09.855+0100: 35827.047: Total time for which application threads were stopped: 0.0013470 seconds, Stopping threads took: 0.0001296 seconds
2016-11-15T15:27:09.856+0100: 35827.048: Total time for which application threads were stopped: 0.0006893 seconds, Stopping threads took: 0.0000332 seconds
2016-11-15T15:27:09.857+0100: 35827.049: Total time for which application threads were stopped: 0.0007641 seconds, Stopping threads took: 0.0001008 seconds
2016-11-15T15:27:09.953+0100: 35827.145: Total time for which application threads were stopped: 0.0008682 seconds, Stopping threads took: 0.0000632 seconds
2016-11-15T15:27:13.954+0100: 35831.146: Total time for which application threads were stopped: 0.0015119 seconds, Stopping threads took: 0.0001622 seconds
2016-11-15T15:27:13.955+0100: 35831.147: Total time for which application threads were stopped: 0.0007025 seconds, Stopping threads took: 0.0000372 seconds
2016-11-15T15:27:13.956+0100: 35831.148: Total time for which application threads were stopped: 0.0006754 seconds, Stopping threads took: 0.0000330 seconds
2016-11-15T15:27:14.151+0100: 35831.344: Total time for which application threads were stopped: 0.0011323 seconds, Stopping threads took: 0.0000999 seconds
2016-11-15T15:29:01.161+0100: 35938.353: Total time for which application threads were stopped: 0.0015201 seconds, Stopping threads took: 0.0001558 seconds
2016-11-15T15:29:49.166+0100: 35986.358: Total time for which application threads were stopped: 0.0014741 seconds, Stopping threads took: 0.0001544 seconds
2016-11-15T15:30:40.370+0100: 36037.563: [GC pause (G1 Evacuation Pause) (young)
Desired survivor size 70778880 bytes, new threshold 15 (max 15)
- age   1:     401080 bytes,     401080 total
- age   2:     401872 bytes,     802952 total
- age   3:      80912 bytes,     883864 total
- age   4:    3754856 bytes,    4638720 total
- age   5:     168760 bytes,    4807480 total
- age   6:     167616 bytes,    4975096 total
- age   7:     569856 bytes,    5544952 total
- age   8:     292416 bytes,    5837368 total
- age   9:     166528 bytes,    6003896 total
- age  10:      55480 bytes,    6059376 total
- age  11:     277696 bytes,    6337072 total
- age  12:     161936 bytes,    6499008 total
- age  13:      39648 bytes,    6538656 total
- age  14:    3101392 bytes,    9640048 total
- age  15:     221456 bytes,    9861504 total
2016-11-15T15:30:40.385+0100: 36037.577: [SoftReference, 40 refs, 0.0051960 secs]2016-11-15T15:30:40.390+0100: 36037.583: [WeakReference, 16 refs, 0.0036715 secs]2016-11-15T15:30:40.394+0100: 36037.586: [FinalReference, 115 refs, 0.0032433 secs]2016-11-15T15:30:40.397+0100: 36037.589: [PhantomReference, 0 refs, 0 refs, 0.0061585 secs]2016-11-15T15:30:40.403+0100: 36037.596: [JNI Weak Reference, 0.0000266 secs], 0.0481255 secs]
   [Parallel Time: 11.9 ms, GC Workers: 43]
      [GC Worker Start (ms): Min: 36037563.3, Avg: 36037563.8, Max: 36037564.3, Diff: 1.0]
      [Ext Root Scanning (ms): Min: 1.8, Avg: 2.4, Max: 7.1, Diff: 5.4, Sum: 105.1]
      [Update RS (ms): Min: 0.0, Avg: 2.1, Max: 2.9, Diff: 2.9, Sum: 92.1]
         [Processed Buffers: Min: 0, Avg: 4.4, Max: 13, Diff: 13, Sum: 190]
      [Scan RS (ms): Min: 0.1, Avg: 0.6, Max: 0.8, Diff: 0.7, Sum: 26.1]
      [Code Root Scanning (ms): Min: 0.0, Avg: 0.0, Max: 0.2, Diff: 0.2, Sum: 1.6]
      [Object Copy (ms): Min: 3.2, Avg: 4.6, Max: 4.8, Diff: 1.7, Sum: 198.3]
      [Termination (ms): Min: 0.0, Avg: 0.0, Max: 0.1, Diff: 0.1, Sum: 1.9]
         [Termination Attempts: Min: 1, Avg: 7.0, Max: 11, Diff: 10, Sum: 301]
      [GC Worker Other (ms): Min: 0.1, Avg: 0.4, Max: 0.9, Diff: 0.8, Sum: 16.4]
      [GC Worker Total (ms): Min: 9.6, Avg: 10.3, Max: 11.1, Diff: 1.5, Sum: 441.5]
      [GC Worker End (ms): Min: 36037573.8, Avg: 36037574.1, Max: 36037574.6, Diff: 0.8]
   [Code Root Fixup: 0.3 ms]
   [Code Root Purge: 0.0 ms]
   [String Dedup Fixup: 2.1 ms, GC Workers: 43]
      [Queue Fixup (ms): Min: 0.0, Avg: 0.0, Max: 0.0, Diff: 0.0, Sum: 0.2]
      [Table Fixup (ms): Min: 0.8, Avg: 1.3, Max: 1.8, Diff: 1.0, Sum: 55.9]
   [Clear CT: 5.8 ms]
   [Other: 28.0 ms]
      [Choose CSet: 0.0 ms]
      [Ref Proc: 20.2 ms]
      [Ref Enq: 1.3 ms]
      [Redirty Cards: 1.3 ms]
      [Humongous Register: 0.2 ms]
      [Humongous Reclaim: 0.1 ms]
      [Free CSet: 4.2 ms]
   [Eden: 1059.0M(1059.0M)->0.0B(1058.0M) Survivors: 18.0M->18.0M Heap: 1689.2M(2048.0M)->630.1M(2048.0M)]
 [Times: user=0.79 sys=0.01, real=0.05 secs] 
2016-11-15T15:30:40.419+0100: 36037.611: Total time for which application threads were stopped: 0.0504022 seconds, Stopping threads took: 0.0001649 seconds
2016-11-15T15:30:40.421+0100: 36037.613: Total time for which application threads were stopped: 0.0015717 seconds, Stopping threads took: 0.0001926 seconds
2016-11-15T15:30:40.421+0100: 36037.614: Total time for which application threads were stopped: 0.0008090 seconds, Stopping threads took: 0.0001206 seconds
2016-11-15T15:30:40.422+0100: 36037.615: Total time for which application threads were stopped: 0.0007667 seconds, Stopping threads took: 0.0001045 seconds
2016-11-15T15:30:40.422+0100: 36037.615: [GC concurrent-string-deduplication, 15.5K->2288.0B(13.2K), avg 87.9%, 0.0002813 secs]
2016-11-15T15:32:26.432+0100: 36143.624: Total time for which application threads were stopped: 0.0015954 seconds, Stopping threads took: 0.0001657 seconds
2016-11-15T15:35:29.757+0100: 36326.950: [GC pause (G1 Evacuation Pause) (young)
Desired survivor size 70778880 bytes, new threshold 15 (max 15)
- age   1:     634528 bytes,     634528 total
- age   2:     282208 bytes,     916736 total
- age   3:     400888 bytes,    1317624 total
- age   4:      73896 bytes,    1391520 total
- age   5:    3754808 bytes,    5146328 total
- age   6:     167376 bytes,    5313704 total
- age   7:     162408 bytes,    5476112 total
- age   8:     561392 bytes,    6037504 total
- age   9:     288760 bytes,    6326264 total
- age  10:     165912 bytes,    6492176 total
- age  11:      55480 bytes,    6547656 total
- age  12:     276048 bytes,    6823704 total
- age  13:     156488 bytes,    6980192 total
- age  14:      39536 bytes,    7019728 total
- age  15:    3101392 bytes,   10121120 total
2016-11-15T15:35:29.775+0100: 36326.968: [SoftReference, 29 refs, 0.0059717 secs]2016-11-15T15:35:29.781+0100: 36326.974: [WeakReference, 9 refs, 0.0033793 secs]2016-11-15T15:35:29.785+0100: 36326.977: [FinalReference, 10 refs, 0.0029445 secs]2016-11-15T15:35:29.788+0100: 36326.980: [PhantomReference, 0 refs, 0 refs, 0.0068670 secs]2016-11-15T15:35:29.795+0100: 36326.987: [JNI Weak Reference, 0.0000280 secs], 0.0529201 secs]
   [Parallel Time: 15.3 ms, GC Workers: 43]
      [GC Worker Start (ms): Min: 36326950.6, Avg: 36326951.1, Max: 36326951.5, Diff: 1.0]
      [Ext Root Scanning (ms): Min: 1.8, Avg: 2.5, Max: 7.1, Diff: 5.3, Sum: 105.7]
      [Update RS (ms): Min: 0.9, Avg: 4.9, Max: 5.7, Diff: 4.7, Sum: 212.3]
         [Processed Buffers: Min: 2, Avg: 6.2, Max: 13, Diff: 11, Sum: 265]
      [Scan RS (ms): Min: 0.1, Avg: 0.5, Max: 0.7, Diff: 0.6, Sum: 22.1]
      [Code Root Scanning (ms): Min: 0.0, Avg: 0.0, Max: 0.2, Diff: 0.2, Sum: 1.2]
      [Object Copy (ms): Min: 5.2, Avg: 5.3, Max: 5.5, Diff: 0.3, Sum: 227.9]
      [Termination (ms): Min: 0.1, Avg: 0.1, Max: 0.2, Diff: 0.1, Sum: 5.5]
         [Termination Attempts: Min: 2, Avg: 15.8, Max: 26, Diff: 24, Sum: 678]
      [GC Worker Other (ms): Min: 0.0, Avg: 0.4, Max: 0.8, Diff: 0.7, Sum: 15.1]
      [GC Worker Total (ms): Min: 13.0, Avg: 13.7, Max: 14.5, Diff: 1.5, Sum: 589.8]
      [GC Worker End (ms): Min: 36326964.5, Avg: 36326964.8, Max: 36326965.2, Diff: 0.7]
   [Code Root Fixup: 0.3 ms]
   [Code Root Purge: 0.0 ms]
   [String Dedup Fixup: 2.3 ms, GC Workers: 43]
      [Queue Fixup (ms): Min: 0.0, Avg: 0.0, Max: 0.0, Diff: 0.0, Sum: 0.2]
      [Table Fixup (ms): Min: 0.8, Avg: 1.3, Max: 1.7, Diff: 0.9, Sum: 55.8]
   [Clear CT: 5.8 ms]
   [Other: 29.3 ms]
      [Choose CSet: 0.0 ms]
      [Ref Proc: 21.0 ms]
      [Ref Enq: 1.5 ms]
      [Redirty Cards: 1.2 ms]
      [Humongous Register: 0.2 ms]
      [Humongous Reclaim: 0.1 ms]
      [Free CSet: 4.3 ms]
   [Eden: 1058.0M(1058.0M)->0.0B(1058.0M) Survivors: 18.0M->11.0M Heap: 1699.1M(2048.0M)->632.3M(2048.0M)]
 [Times: user=0.90 sys=0.04, real=0.06 secs] 
2016-11-15T15:35:29.811+0100: 36327.003: Total time for which application threads were stopped: 0.0552516 seconds, Stopping threads took: 0.0001617 seconds
2016-11-15T15:35:29.811+0100: 36327.004: [GC concurrent-string-deduplication, 25.6K->2200.0B(23.4K), avg 87.9%, 0.0003336 secs]
2016-11-15T15:35:29.910+0100: 36327.102: Total time for which application threads were stopped: 0.0038546 seconds, Stopping threads took: 0.0001806 seconds
2016-11-15T15:35:42.912+0100: 36340.105: Total time for which application threads were stopped: 0.0015562 seconds, Stopping threads took: 0.0001532 seconds
2016-11-15T15:35:56.915+0100: 36354.107: Total time for which application threads were stopped: 0.0014081 seconds, Stopping threads took: 0.0001525 seconds
2016-11-15T15:36:11.917+0100: 36369.110: Total time for which application threads were stopped: 0.0014262 seconds, Stopping threads took: 0.0001590 seconds
2016-11-15T15:36:17.919+0100: 36375.111: Total time for which application threads were stopped: 0.0014018 seconds, Stopping threads took: 0.0001553 seconds
2016-11-15T15:36:19.921+0100: 36377.113: Total time for which application threads were stopped: 0.0013951 seconds, Stopping threads took: 0.0001508 seconds
2016-11-15T15:36:23.922+0100: 36381.115: Total time for which application threads were stopped: 0.0014586 seconds, Stopping threads took: 0.0001564 seconds
2016-11-15T15:36:39.925+0100: 36397.117: Total time for which application threads were stopped: 0.0014426 seconds, Stopping threads took: 0.0001708 seconds
2016-11-15T15:36:44.927+0100: 36402.119: Total time for which application threads were stopped: 0.0014789 seconds, Stopping threads took: 0.0001610 seconds
2016-11-15T15:36:55.458+0100: 36412.650: Total time for which application threads were stopped: 0.0014374 seconds, Stopping threads took: 0.0001526 seconds
2016-11-15T15:36:55.458+0100: 36412.651: Total time for which application threads were stopped: 0.0006780 seconds, Stopping threads took: 0.0000329 seconds
2016-11-15T15:36:55.459+0100: 36412.652: Total time for which application threads were stopped: 0.0006881 seconds, Stopping threads took: 0.0000333 seconds
2016-11-15T15:36:55.632+0100: 36412.825: Total time for which application threads were stopped: 0.0011579 seconds, Stopping threads took: 0.0000976 seconds
2016-11-15T15:37:04.590+0100: 36421.783: Total time for which application threads were stopped: 0.0015115 seconds, Stopping threads took: 0.0001500 seconds
2016-11-15T15:37:04.592+0100: 36421.784: Total time for which application threads were stopped: 0.0008138 seconds, Stopping threads took: 0.0000388 seconds
2016-11-15T15:37:04.592+0100: 36421.785: Total time for which application threads were stopped: 0.0007266 seconds, Stopping threads took: 0.0000395 seconds
2016-11-15T15:37:04.636+0100: 36421.829: Total time for which application threads were stopped: 0.0008952 seconds, Stopping threads took: 0.0000710 seconds
2016-11-15T15:37:31.640+0100: 36448.832: Total time for which application threads were stopped: 0.0015401 seconds, Stopping threads took: 0.0001575 seconds
2016-11-15T15:39:04.126+0100: 36541.318: Total time for which application threads were stopped: 0.0016412 seconds, Stopping threads took: 0.0001623 seconds
2016-11-15T15:39:04.127+0100: 36541.319: Total time for which application threads were stopped: 0.0008075 seconds, Stopping threads took: 0.0001003 seconds
2016-11-15T15:39:04.127+0100: 36541.320: Total time for which application threads were stopped: 0.0008290 seconds, Stopping threads took: 0.0001009 seconds
2016-11-15T15:39:04.293+0100: 36541.486: Total time for which application threads were stopped: 0.0014379 seconds, Stopping threads took: 0.0000977 seconds
2016-11-15T15:39:08.895+0100: 36546.088: Total time for which application threads were stopped: 0.0014602 seconds, Stopping threads took: 0.0001699 seconds
2016-11-15T15:39:08.897+0100: 36546.089: Total time for which application threads were stopped: 0.0008311 seconds, Stopping threads took: 0.0001067 seconds
2016-11-15T15:39:08.897+0100: 36546.090: Total time for which application threads were stopped: 0.0006754 seconds, Stopping threads took: 0.0000421 seconds
2016-11-15T15:39:09.034+0100: 36546.226: Total time for which application threads were stopped: 0.0013524 seconds, Stopping threads took: 0.0001290 seconds
2016-11-15T15:39:10.617+0100: 36547.810: Total time for which application threads were stopped: 0.0014679 seconds, Stopping threads took: 0.0001548 seconds
2016-11-15T15:39:10.618+0100: 36547.811: Total time for which application threads were stopped: 0.0006637 seconds, Stopping threads took: 0.0000335 seconds
2016-11-15T15:39:10.619+0100: 36547.811: Total time for which application threads were stopped: 0.0006507 seconds, Stopping threads took: 0.0000304 seconds
2016-11-15T15:39:10.809+0100: 36548.001: Total time for which application threads were stopped: 0.0014443 seconds, Stopping threads took: 0.0001445 seconds
2016-11-15T15:39:14.995+0100: 36552.187: Total time for which application threads were stopped: 0.0016503 seconds, Stopping threads took: 0.0002297 seconds
2016-11-15T15:39:15.000+0100: 36552.192: Total time for which application threads were stopped: 0.0007834 seconds, Stopping threads took: 0.0000574 seconds
2016-11-15T15:39:15.000+0100: 36552.193: Total time for which application threads were stopped: 0.0006816 seconds, Stopping threads took: 0.0000302 seconds
2016-11-15T15:39:15.001+0100: 36552.194: Total time for which application threads were stopped: 0.0006764 seconds, Stopping threads took: 0.0000303 seconds
2016-11-15T15:39:15.043+0100: 36552.236: Total time for which application threads were stopped: 0.0016071 seconds, Stopping threads took: 0.0001178 seconds
2016-11-15T15:39:15.044+0100: 36552.237: Total time for which application threads were stopped: 0.0006934 seconds, Stopping threads took: 0.0000326 seconds
2016-11-15T15:39:15.045+0100: 36552.237: Total time for which application threads were stopped: 0.0006833 seconds, Stopping threads took: 0.0000319 seconds
2016-11-15T15:39:15.066+0100: 36552.258: Total time for which application threads were stopped: 0.0007765 seconds, Stopping threads took: 0.0000537 seconds
2016-11-15T15:39:17.982+0100: 36555.175: Total time for which application threads were stopped: 0.0014130 seconds, Stopping threads took: 0.0001532 seconds
2016-11-15T15:39:17.983+0100: 36555.176: Total time for which application threads were stopped: 0.0006582 seconds, Stopping threads took: 0.0000352 seconds
2016-11-15T15:39:17.984+0100: 36555.177: Total time for which application threads were stopped: 0.0006569 seconds, Stopping threads took: 0.0000328 seconds
2016-11-15T15:39:18.029+0100: 36555.221: Total time for which application threads were stopped: 0.0009460 seconds, Stopping threads took: 0.0000812 seconds
2016-11-15T15:40:00.033+0100: 36597.226: Total time for which application threads were stopped: 0.0015906 seconds, Stopping threads took: 0.0001623 seconds
2016-11-15T15:40:07.050+0100: 36604.242: [GC pause (G1 Evacuation Pause) (young)
Desired survivor size 70254592 bytes, new threshold 15 (max 15)
- age   1:     309952 bytes,     309952 total
- age   2:     373432 bytes,     683384 total
- age   3:     281704 bytes,     965088 total
- age   4:     387352 bytes,    1352440 total
- age   5:      73896 bytes,    1426336 total
- age   6:    3754808 bytes,    5181144 total
- age   7:     164192 bytes,    5345336 total
- age   8:     162112 bytes,    5507448 total
- age   9:     561392 bytes,    6068840 total
- age  10:     287840 bytes,    6356680 total
- age  11:     165912 bytes,    6522592 total
- age  12:      55480 bytes,    6578072 total
- age  13:     276048 bytes,    6854120 total
- age  14:     156488 bytes,    7010608 total
- age  15:      39536 bytes,    7050144 total
2016-11-15T15:40:07.066+0100: 36604.258: [SoftReference, 307 refs, 0.0051961 secs]2016-11-15T15:40:07.071+0100: 36604.264: [WeakReference, 8 refs, 0.0037006 secs]2016-11-15T15:40:07.075+0100: 36604.267: [FinalReference, 178 refs, 0.0033827 secs]2016-11-15T15:40:07.078+0100: 36604.271: [PhantomReference, 0 refs, 0 refs, 0.0059877 secs]2016-11-15T15:40:07.084+0100: 36604.277: [JNI Weak Reference, 0.0000293 secs], 0.0497725 secs]
   [Parallel Time: 13.6 ms, GC Workers: 43]
      [GC Worker Start (ms): Min: 36604242.7, Avg: 36604243.2, Max: 36604243.7, Diff: 1.0]
      [Ext Root Scanning (ms): Min: 1.8, Avg: 2.4, Max: 5.5, Diff: 3.8, Sum: 102.7]
      [Update RS (ms): Min: 0.4, Avg: 3.1, Max: 4.7, Diff: 4.2, Sum: 134.9]
         [Processed Buffers: Min: 1, Avg: 4.6, Max: 22, Diff: 21, Sum: 199]
      [Scan RS (ms): Min: 0.1, Avg: 0.6, Max: 0.8, Diff: 0.7, Sum: 24.6]
      [Code Root Scanning (ms): Min: 0.0, Avg: 0.0, Max: 0.4, Diff: 0.4, Sum: 2.0]
      [Object Copy (ms): Min: 4.5, Avg: 5.4, Max: 5.6, Diff: 1.1, Sum: 230.9]
      [Termination (ms): Min: 0.0, Avg: 0.1, Max: 0.2, Diff: 0.2, Sum: 5.4]
         [Termination Attempts: Min: 1, Avg: 18.6, Max: 29, Diff: 28, Sum: 801]
      [GC Worker Other (ms): Min: 0.0, Avg: 0.4, Max: 0.8, Diff: 0.8, Sum: 16.7]
      [GC Worker Total (ms): Min: 11.3, Avg: 12.0, Max: 12.9, Diff: 1.7, Sum: 517.2]
      [GC Worker End (ms): Min: 36604254.9, Avg: 36604255.2, Max: 36604255.7, Diff: 0.8]
   [Code Root Fixup: 0.3 ms]
   [Code Root Purge: 0.0 ms]
   [String Dedup Fixup: 2.4 ms, GC Workers: 43]
      [Queue Fixup (ms): Min: 0.0, Avg: 0.0, Max: 0.0, Diff: 0.0, Sum: 0.2]
      [Table Fixup (ms): Min: 0.9, Avg: 1.3, Max: 1.8, Diff: 0.9, Sum: 57.0]
   [Clear CT: 5.8 ms]
   [Other: 27.7 ms]
      [Choose CSet: 0.0 ms]
      [Ref Proc: 20.2 ms]
      [Ref Enq: 1.2 ms]
      [Redirty Cards: 1.2 ms]
      [Humongous Register: 0.2 ms]
      [Humongous Reclaim: 0.0 ms]
      [Free CSet: 4.2 ms]
   [Eden: 1058.0M(1058.0M)->0.0B(1041.0M) Survivors: 11.0M->19.0M Heap: 1690.3M(2048.0M)->640.3M(2048.0M)]
 [Times: user=0.86 sys=0.01, real=0.05 secs] 
2016-11-15T15:40:07.100+0100: 36604.292: Total time for which application threads were stopped: 0.0519288 seconds, Stopping threads took: 0.0001689 seconds
2016-11-15T15:40:07.101+0100: 36604.294: Total time for which application threads were stopped: 0.0014050 seconds, Stopping threads took: 0.0000911 seconds
2016-11-15T15:40:07.102+0100: 36604.295: Total time for which application threads were stopped: 0.0008094 seconds, Stopping threads took: 0.0001123 seconds
2016-11-15T15:40:07.103+0100: 36604.295: [GC concurrent-string-deduplication, 15.4K->2232.0B(13.2K), avg 87.9%, 0.0002830 secs]
2016-11-15T15:40:07.103+0100: 36604.296: Total time for which application threads were stopped: 0.0007600 seconds, Stopping threads took: 0.0000917 seconds
2016-11-15T15:40:56.816+0100: 36654.008: Total time for which application threads were stopped: 0.0015338 seconds, Stopping threads took: 0.0001497 seconds
2016-11-15T15:40:56.817+0100: 36654.009: Total time for which application threads were stopped: 0.0010769 seconds, Stopping threads took: 0.0001732 seconds
2016-11-15T15:40:56.818+0100: 36654.010: Total time for which application threads were stopped: 0.0007564 seconds, Stopping threads took: 0.0000409 seconds
2016-11-15T15:40:57.105+0100: 36654.298: Total time for which application threads were stopped: 0.0015157 seconds, Stopping threads took: 0.0001463 seconds
2016-11-15T15:40:59.676+0100: 36656.868: Total time for which application threads were stopped: 0.0014301 seconds, Stopping threads took: 0.0001561 seconds
2016-11-15T15:40:59.677+0100: 36656.870: Total time for which application threads were stopped: 0.0006869 seconds, Stopping threads took: 0.0000392 seconds
2016-11-15T15:40:59.678+0100: 36656.871: Total time for which application threads were stopped: 0.0009018 seconds, Stopping threads took: 0.0001215 seconds
2016-11-15T15:40:59.816+0100: 36657.008: Total time for which application threads were stopped: 0.0010454 seconds, Stopping threads took: 0.0000948 seconds
2016-11-15T15:41:00.262+0100: 36657.454: Total time for which application threads were stopped: 0.0014330 seconds, Stopping threads took: 0.0001429 seconds
2016-11-15T15:41:00.263+0100: 36657.456: Total time for which application threads were stopped: 0.0007321 seconds, Stopping threads took: 0.0000344 seconds
2016-11-15T15:41:00.264+0100: 36657.456: Total time for which application threads were stopped: 0.0006904 seconds, Stopping threads took: 0.0000311 seconds
2016-11-15T15:41:00.333+0100: 36657.525: Total time for which application threads were stopped: 0.0009003 seconds, Stopping threads took: 0.0000749 seconds
2016-11-15T15:41:36.337+0100: 36693.530: Total time for which application threads were stopped: 0.0015791 seconds, Stopping threads took: 0.0001585 seconds
2016-11-15T15:42:25.342+0100: 36742.535: Total time for which application threads were stopped: 0.0014828 seconds, Stopping threads took: 0.0001590 seconds
2016-11-15T15:43:15.348+0100: 36792.540: Total time for which application threads were stopped: 0.0016829 seconds, Stopping threads took: 0.0001690 seconds
2016-11-15T15:44:09.806+0100: 36846.999: [GC pause (G1 Evacuation Pause) (young)
Desired survivor size 69730304 bytes, new threshold 15 (max 15)
- age   1:     528128 bytes,     528128 total
- age   2:      79656 bytes,     607784 total
- age   3:     364328 bytes,     972112 total
- age   4:     257704 bytes,    1229816 total
- age   5:     387352 bytes,    1617168 total
- age   6:      73360 bytes,    1690528 total
- age   7:    3283648 bytes,    4974176 total
- age   8:     164192 bytes,    5138368 total
- age   9:     104216 bytes,    5242584 total
- age  10:     528864 bytes,    5771448 total
- age  11:     279624 bytes,    6051072 total
- age  12:     165872 bytes,    6216944 total
- age  13:      55480 bytes,    6272424 total
- age  14:     276048 bytes,    6548472 total
- age  15:     154032 bytes,    6702504 total
2016-11-15T15:44:09.819+0100: 36847.012: [SoftReference, 44 refs, 0.0057156 secs]2016-11-15T15:44:09.825+0100: 36847.017: [WeakReference, 8 refs, 0.0031583 secs]2016-11-15T15:44:09.828+0100: 36847.021: [FinalReference, 47 refs, 0.0030384 secs]2016-11-15T15:44:09.831+0100: 36847.024: [PhantomReference, 0 refs, 0 refs, 0.0071251 secs]2016-11-15T15:44:09.838+0100: 36847.031: [JNI Weak Reference, 0.0000261 secs], 0.0474762 secs]
   [Parallel Time: 10.1 ms, GC Workers: 43]
      [GC Worker Start (ms): Min: 36846999.5, Avg: 36847000.1, Max: 36847000.6, Diff: 1.1]
      [Ext Root Scanning (ms): Min: 1.7, Avg: 2.4, Max: 5.3, Diff: 3.6, Sum: 102.0]
      [Update RS (ms): Min: 0.0, Avg: 2.3, Max: 3.0, Diff: 3.0, Sum: 97.7]
         [Processed Buffers: Min: 0, Avg: 4.7, Max: 12, Diff: 12, Sum: 204]
      [Scan RS (ms): Min: 0.1, Avg: 0.5, Max: 0.7, Diff: 0.7, Sum: 23.6]
      [Code Root Scanning (ms): Min: 0.0, Avg: 0.0, Max: 0.3, Diff: 0.3, Sum: 1.8]
      [Object Copy (ms): Min: 2.3, Avg: 2.8, Max: 2.9, Diff: 0.6, Sum: 121.0]
      [Termination (ms): Min: 0.0, Avg: 0.0, Max: 0.1, Diff: 0.0, Sum: 1.6]
         [Termination Attempts: Min: 1, Avg: 2.8, Max: 6, Diff: 5, Sum: 120]
      [GC Worker Other (ms): Min: 0.1, Avg: 0.4, Max: 0.8, Diff: 0.7, Sum: 16.3]
      [GC Worker Total (ms): Min: 7.7, Avg: 8.5, Max: 9.1, Diff: 1.4, Sum: 364.1]
      [GC Worker End (ms): Min: 36847008.2, Avg: 36847008.5, Max: 36847008.9, Diff: 0.7]
   [Code Root Fixup: 0.3 ms]
   [Code Root Purge: 0.0 ms]
   [String Dedup Fixup: 2.0 ms, GC Workers: 43]
      [Queue Fixup (ms): Min: 0.0, Avg: 0.0, Max: 0.0, Diff: 0.0, Sum: 0.2]
      [Table Fixup (ms): Min: 0.8, Avg: 1.3, Max: 1.7, Diff: 0.9, Sum: 56.6]
   [Clear CT: 5.9 ms]
   [Other: 29.3 ms]
      [Choose CSet: 0.0 ms]
      [Ref Proc: 21.0 ms]
      [Ref Enq: 1.6 ms]
      [Redirty Cards: 1.3 ms]
      [Humongous Register: 0.2 ms]
      [Humongous Reclaim: 0.1 ms]
      [Free CSet: 4.3 ms]
   [Eden: 1041.0M(1041.0M)->0.0B(1051.0M) Survivors: 19.0M->12.0M Heap: 1684.3M(2048.0M)->635.4M(2048.0M)]
 [Times: user=0.71 sys=0.03, real=0.04 secs] 
2016-11-15T15:44:09.854+0100: 36847.047: Total time for which application threads were stopped: 0.0496525 seconds, Stopping threads took: 0.0001622 seconds
2016-11-15T15:44:09.855+0100: 36847.047: [GC concurrent-string-deduplication, 12.5K->248.0B(12.2K), avg 87.9%, 0.0001813 secs]
2016-11-15T15:44:29.580+0100: 36866.772: Total time for which application threads were stopped: 0.0015740 seconds, Stopping threads took: 0.0001545 seconds
2016-11-15T15:44:29.581+0100: 36866.773: Total time for which application threads were stopped: 0.0008179 seconds, Stopping threads took: 0.0001147 seconds
2016-11-15T15:44:29.582+0100: 36866.774: Total time for which application threads were stopped: 0.0009972 seconds, Stopping threads took: 0.0001867 seconds
2016-11-15T15:44:29.730+0100: 36866.922: Total time for which application threads were stopped: 0.0009853 seconds, Stopping threads took: 0.0000720 seconds
2016-11-15T15:44:35.826+0100: 36873.018: Total time for which application threads were stopped: 0.0014269 seconds, Stopping threads took: 0.0001455 seconds
2016-11-15T15:44:35.827+0100: 36873.019: Total time for which application threads were stopped: 0.0006886 seconds, Stopping threads took: 0.0000336 seconds
2016-11-15T15:44:35.827+0100: 36873.020: Total time for which application threads were stopped: 0.0006598 seconds, Stopping threads took: 0.0000306 seconds
2016-11-15T15:44:35.975+0100: 36873.168: Total time for which application threads were stopped: 0.0009345 seconds, Stopping threads took: 0.0000777 seconds
2016-11-15T15:44:41.300+0100: 36878.492: Total time for which application threads were stopped: 0.0014135 seconds, Stopping threads took: 0.0001421 seconds
2016-11-15T15:44:41.301+0100: 36878.493: Total time for which application threads were stopped: 0.0006747 seconds, Stopping threads took: 0.0000353 seconds
2016-11-15T15:44:41.301+0100: 36878.494: Total time for which application threads were stopped: 0.0006508 seconds, Stopping threads took: 0.0000300 seconds
2016-11-15T15:44:41.343+0100: 36878.536: Total time for which application threads were stopped: 0.0012235 seconds, Stopping threads took: 0.0000994 seconds
2016-11-15T15:44:44.899+0100: 36882.091: Total time for which application threads were stopped: 0.0014585 seconds, Stopping threads took: 0.0001461 seconds
2016-11-15T15:44:44.900+0100: 36882.092: Total time for which application threads were stopped: 0.0007607 seconds, Stopping threads took: 0.0000418 seconds
2016-11-15T15:44:44.901+0100: 36882.093: Total time for which application threads were stopped: 0.0006664 seconds, Stopping threads took: 0.0000344 seconds
2016-11-15T15:44:44.951+0100: 36882.143: Total time for which application threads were stopped: 0.0031424 seconds, Stopping threads took: 0.0001092 seconds
2016-11-15T15:44:45.017+0100: 36882.209: Total time for which application threads were stopped: 0.0015038 seconds, Stopping threads took: 0.0001353 seconds
2016-11-15T15:46:19.025+0100: 36976.217: Total time for which application threads were stopped: 0.0015224 seconds, Stopping threads took: 0.0001568 seconds
2016-11-15T15:46:40.028+0100: 36997.220: Total time for which application threads were stopped: 0.0015276 seconds, Stopping threads took: 0.0001535 seconds
2016-11-15T15:48:42.039+0100: 37119.231: Total time for which application threads were stopped: 0.0016573 seconds, Stopping threads took: 0.0001698 seconds
2016-11-15T15:49:03.957+0100: 37141.149: [GC pause (G1 Evacuation Pause) (young)
Desired survivor size 69730304 bytes, new threshold 15 (max 15)
- age   1:     387752 bytes,     387752 total
- age   2:     390944 bytes,     778696 total
- age   3:      78672 bytes,     857368 total
- age   4:     350816 bytes,    1208184 total
- age   5:     257704 bytes,    1465888 total
- age   6:     383856 bytes,    1849744 total
- age   7:      72048 bytes,    1921792 total
- age   8:    3283280 bytes,    5205072 total
- age   9:     164192 bytes,    5369264 total
- age  10:     103984 bytes,    5473248 total
- age  11:     528704 bytes,    6001952 total
- age  12:     276792 bytes,    6278744 total
- age  13:     165872 bytes,    6444616 total
- age  14:      55480 bytes,    6500096 total
- age  15:     276048 bytes,    6776144 total
2016-11-15T15:49:03.969+0100: 37141.161: [SoftReference, 52 refs, 0.0049294 secs]2016-11-15T15:49:03.974+0100: 37141.166: [WeakReference, 16 refs, 0.0037245 secs]2016-11-15T15:49:03.977+0100: 37141.170: [FinalReference, 72 refs, 0.0030832 secs]2016-11-15T15:49:03.981+0100: 37141.173: [PhantomReference, 0 refs, 0 refs, 0.0062464 secs]2016-11-15T15:49:03.987+0100: 37141.179: [JNI Weak Reference, 0.0000296 secs], 0.0454328 secs]
   [Parallel Time: 8.9 ms, GC Workers: 43]
      [GC Worker Start (ms): Min: 37141150.1, Avg: 37141150.7, Max: 37141151.2, Diff: 1.1]
      [Ext Root Scanning (ms): Min: 1.8, Avg: 2.4, Max: 6.1, Diff: 4.3, Sum: 103.7]
      [Update RS (ms): Min: 0.0, Avg: 1.6, Max: 2.5, Diff: 2.5, Sum: 68.3]
         [Processed Buffers: Min: 0, Avg: 4.1, Max: 18, Diff: 18, Sum: 177]
      [Scan RS (ms): Min: 0.1, Avg: 0.6, Max: 0.9, Diff: 0.8, Sum: 25.8]
      [Code Root Scanning (ms): Min: 0.0, Avg: 0.0, Max: 0.3, Diff: 0.3, Sum: 1.5]
      [Object Copy (ms): Min: 1.2, Avg: 2.5, Max: 2.6, Diff: 1.4, Sum: 105.6]
      [Termination (ms): Min: 0.0, Avg: 0.0, Max: 0.0, Diff: 0.0, Sum: 1.3]
         [Termination Attempts: Min: 1, Avg: 2.2, Max: 4, Diff: 3, Sum: 96]
      [GC Worker Other (ms): Min: 0.1, Avg: 0.4, Max: 0.8, Diff: 0.8, Sum: 18.6]
      [GC Worker Total (ms): Min: 6.7, Avg: 7.6, Max: 8.2, Diff: 1.5, Sum: 324.8]
      [GC Worker End (ms): Min: 37141157.9, Avg: 37141158.2, Max: 37141158.6, Diff: 0.8]
   [Code Root Fixup: 0.3 ms]
   [Code Root Purge: 0.0 ms]
   [String Dedup Fixup: 2.4 ms, GC Workers: 43]
      [Queue Fixup (ms): Min: 0.0, Avg: 0.0, Max: 0.0, Diff: 0.0, Sum: 0.2]
      [Table Fixup (ms): Min: 0.0, Avg: 1.3, Max: 1.7, Diff: 1.7, Sum: 55.8]
   [Clear CT: 6.0 ms]
   [Other: 27.8 ms]
      [Choose CSet: 0.0 ms]
      [Ref Proc: 20.0 ms]
      [Ref Enq: 1.3 ms]
      [Redirty Cards: 1.3 ms]
      [Humongous Register: 0.2 ms]
      [Humongous Reclaim: 0.0 ms]
      [Free CSet: 4.2 ms]
   [Eden: 1051.0M(1051.0M)->0.0B(1053.0M) Survivors: 12.0M->11.0M Heap: 1686.4M(2048.0M)->635.4M(2048.0M)]
 [Times: user=0.66 sys=0.02, real=0.04 secs] 
2016-11-15T15:49:04.003+0100: 37141.195: Total time for which application threads were stopped: 0.0477389 seconds, Stopping threads took: 0.0001992 seconds
2016-11-15T15:49:04.003+0100: 37141.196: [GC concurrent-string-deduplication, 14.9K->2160.0B(12.8K), avg 87.9%, 0.0002814 secs]
2016-11-15T15:49:29.006+0100: 37166.199: Total time for which application threads were stopped: 0.0015456 seconds, Stopping threads took: 0.0001770 seconds
2016-11-15T15:49:31.008+0100: 37168.200: Total time for which application threads were stopped: 0.0015436 seconds, Stopping threads took: 0.0001647 seconds
2016-11-15T15:49:32.010+0100: 37169.202: Total time for which application threads were stopped: 0.0017893 seconds, Stopping threads took: 0.0003389 seconds
2016-11-15T15:49:33.249+0100: 37170.441: Total time for which application threads were stopped: 0.0014629 seconds, Stopping threads took: 0.0001633 seconds
2016-11-15T15:49:33.250+0100: 37170.442: Total time for which application threads were stopped: 0.0006857 seconds, Stopping threads took: 0.0000348 seconds
2016-11-15T15:49:33.250+0100: 37170.443: Total time for which application threads were stopped: 0.0006656 seconds, Stopping threads took: 0.0000310 seconds
2016-11-15T15:49:33.305+0100: 37170.497: Total time for which application threads were stopped: 0.0009435 seconds, Stopping threads took: 0.0000695 seconds
2016-11-15T15:49:55.308+0100: 37192.500: Total time for which application threads were stopped: 0.0014258 seconds, Stopping threads took: 0.0001598 seconds
2016-11-15T15:51:06.315+0100: 37263.507: Total time for which application threads were stopped: 0.0015310 seconds, Stopping threads took: 0.0001491 seconds
2016-11-15T15:51:14.267+0100: 37271.459: Total time for which application threads were stopped: 0.0015472 seconds, Stopping threads took: 0.0001498 seconds
2016-11-15T15:51:14.268+0100: 37271.460: Total time for which application threads were stopped: 0.0007437 seconds, Stopping threads took: 0.0000388 seconds
2016-11-15T15:51:14.268+0100: 37271.461: Total time for which application threads were stopped: 0.0006993 seconds, Stopping threads took: 0.0000358 seconds
2016-11-15T15:51:14.442+0100: 37271.634: Total time for which application threads were stopped: 0.0009596 seconds, Stopping threads took: 0.0000783 seconds
2016-11-15T15:51:16.353+0100: 37273.546: Total time for which application threads were stopped: 0.0014336 seconds, Stopping threads took: 0.0001454 seconds
2016-11-15T15:51:16.354+0100: 37273.547: Total time for which application threads were stopped: 0.0006695 seconds, Stopping threads took: 0.0000354 seconds
2016-11-15T15:51:16.355+0100: 37273.548: Total time for which application threads were stopped: 0.0006515 seconds, Stopping threads took: 0.0000315 seconds
2016-11-15T15:51:16.677+0100: 37273.869: Total time for which application threads were stopped: 0.0015387 seconds, Stopping threads took: 0.0001499 seconds
2016-11-15T15:51:17.423+0100: 37274.616: Total time for which application threads were stopped: 0.0015206 seconds, Stopping threads took: 0.0001494 seconds
2016-11-15T15:51:17.425+0100: 37274.617: Total time for which application threads were stopped: 0.0006968 seconds, Stopping threads took: 0.0000344 seconds
2016-11-15T15:51:17.425+0100: 37274.618: Total time for which application threads were stopped: 0.0006853 seconds, Stopping threads took: 0.0000311 seconds
2016-11-15T15:51:17.579+0100: 37274.771: Total time for which application threads were stopped: 0.0014706 seconds, Stopping threads took: 0.0001493 seconds
2016-11-15T15:51:21.236+0100: 37278.429: Total time for which application threads were stopped: 0.0038242 seconds, Stopping threads took: 0.0001620 seconds
2016-11-15T15:51:21.240+0100: 37278.433: Total time for which application threads were stopped: 0.0030737 seconds, Stopping threads took: 0.0000580 seconds
2016-11-15T15:51:21.243+0100: 37278.436: Total time for which application threads were stopped: 0.0030166 seconds, Stopping threads took: 0.0001222 seconds
2016-11-15T15:51:21.253+0100: 37278.445: Total time for which application threads were stopped: 0.0011789 seconds, Stopping threads took: 0.0001063 seconds
2016-11-15T15:51:21.253+0100: 37278.446: Total time for which application threads were stopped: 0.0007396 seconds, Stopping threads took: 0.0000476 seconds
2016-11-15T15:51:21.254+0100: 37278.447: Total time for which application threads were stopped: 0.0007993 seconds, Stopping threads took: 0.0001039 seconds
2016-11-15T15:51:21.408+0100: 37278.601: Total time for which application threads were stopped: 0.0012893 seconds, Stopping threads took: 0.0001223 seconds
2016-11-15T15:51:54.201+0100: 37311.393: Total time for which application threads were stopped: 0.0014838 seconds, Stopping threads took: 0.0001464 seconds
2016-11-15T15:51:54.202+0100: 37311.395: Total time for which application threads were stopped: 0.0006987 seconds, Stopping threads took: 0.0000420 seconds
2016-11-15T15:51:54.203+0100: 37311.395: Total time for which application threads were stopped: 0.0006392 seconds, Stopping threads took: 0.0000307 seconds
2016-11-15T15:51:54.237+0100: 37311.429: Total time for which application threads were stopped: 0.0008042 seconds, Stopping threads took: 0.0000634 seconds
2016-11-15T15:51:59.614+0100: 37316.806: Total time for which application threads were stopped: 0.0015755 seconds, Stopping threads took: 0.0001626 seconds
2016-11-15T15:51:59.615+0100: 37316.808: Total time for which application threads were stopped: 0.0007972 seconds, Stopping threads took: 0.0000499 seconds
2016-11-15T15:51:59.616+0100: 37316.809: Total time for which application threads were stopped: 0.0007115 seconds, Stopping threads took: 0.0000319 seconds
2016-11-15T15:51:59.660+0100: 37316.852: Total time for which application threads were stopped: 0.0013436 seconds, Stopping threads took: 0.0001255 seconds
2016-11-15T15:52:00.445+0100: 37317.637: Total time for which application threads were stopped: 0.0016049 seconds, Stopping threads took: 0.0001542 seconds
2016-11-15T15:52:00.446+0100: 37317.638: Total time for which application threads were stopped: 0.0007976 seconds, Stopping threads took: 0.0000458 seconds
2016-11-15T15:52:00.447+0100: 37317.639: Total time for which application threads were stopped: 0.0007251 seconds, Stopping threads took: 0.0000329 seconds
2016-11-15T15:52:00.475+0100: 37317.667: Total time for which application threads were stopped: 0.0013794 seconds, Stopping threads took: 0.0001206 seconds
2016-11-15T15:52:22.478+0100: 37339.671: Total time for which application threads were stopped: 0.0015037 seconds, Stopping threads took: 0.0001739 seconds
2016-11-15T15:52:23.290+0100: 37340.482: [GC pause (G1 Evacuation Pause) (young)
Desired survivor size 69730304 bytes, new threshold 15 (max 15)
- age   1:     647200 bytes,     647200 total
- age   2:     229584 bytes,     876784 total
- age   3:     386192 bytes,    1262976 total
- age   4:      65296 bytes,    1328272 total
- age   5:     350584 bytes,    1678856 total
- age   6:     245936 bytes,    1924792 total
- age   7:     382512 bytes,    2307304 total
- age   8:      72048 bytes,    2379352 total
- age   9:    3283280 bytes,    5662632 total
- age  10:     164192 bytes,    5826824 total
- age  11:     103944 bytes,    5930768 total
- age  12:     528704 bytes,    6459472 total
- age  13:     276744 bytes,    6736216 total
- age  14:     165832 bytes,    6902048 total
- age  15:      55480 bytes,    6957528 total
2016-11-15T15:52:23.303+0100: 37340.495: [SoftReference, 46 refs, 0.0048799 secs]2016-11-15T15:52:23.308+0100: 37340.500: [WeakReference, 10 refs, 0.0035201 secs]2016-11-15T15:52:23.311+0100: 37340.504: [FinalReference, 122 refs, 0.0036523 secs]2016-11-15T15:52:23.315+0100: 37340.507: [PhantomReference, 0 refs, 0 refs, 0.0060629 secs]2016-11-15T15:52:23.321+0100: 37340.513: [JNI Weak Reference, 0.0000294 secs], 0.0470756 secs]
   [Parallel Time: 10.7 ms, GC Workers: 43]
      [GC Worker Start (ms): Min: 37340482.7, Avg: 37340483.3, Max: 37340483.8, Diff: 1.1]
      [Ext Root Scanning (ms): Min: 1.8, Avg: 2.5, Max: 7.6, Diff: 5.8, Sum: 109.0]
      [Update RS (ms): Min: 0.0, Avg: 3.0, Max: 3.8, Diff: 3.8, Sum: 127.0]
         [Processed Buffers: Min: 0, Avg: 5.1, Max: 18, Diff: 18, Sum: 218]
      [Scan RS (ms): Min: 0.1, Avg: 0.6, Max: 0.9, Diff: 0.9, Sum: 25.8]
      [Code Root Scanning (ms): Min: 0.0, Avg: 0.0, Max: 0.4, Diff: 0.4, Sum: 1.4]
      [Object Copy (ms): Min: 1.9, Avg: 2.9, Max: 3.1, Diff: 1.2, Sum: 123.5]
      [Termination (ms): Min: 0.0, Avg: 0.0, Max: 0.0, Diff: 0.0, Sum: 1.1]
         [Termination Attempts: Min: 1, Avg: 2.9, Max: 5, Diff: 4, Sum: 124]
      [GC Worker Other (ms): Min: 0.1, Avg: 0.4, Max: 0.8, Diff: 0.7, Sum: 15.2]
      [GC Worker Total (ms): Min: 8.7, Avg: 9.4, Max: 10.2, Diff: 1.5, Sum: 403.1]
      [GC Worker End (ms): Min: 37340492.3, Avg: 37340492.6, Max: 37340493.1, Diff: 0.7]
   [Code Root Fixup: 0.2 ms]
   [Code Root Purge: 0.0 ms]
   [String Dedup Fixup: 2.5 ms, GC Workers: 43]
      [Queue Fixup (ms): Min: 0.0, Avg: 0.0, Max: 0.0, Diff: 0.0, Sum: 0.1]
      [Table Fixup (ms): Min: 0.8, Avg: 1.3, Max: 1.7, Diff: 0.9, Sum: 56.9]
   [Clear CT: 5.7 ms]
   [Other: 27.9 ms]
      [Choose CSet: 0.0 ms]
      [Ref Proc: 19.9 ms]
      [Ref Enq: 1.2 ms]
      [Redirty Cards: 1.2 ms]
      [Humongous Register: 0.2 ms]
      [Humongous Reclaim: 0.1 ms]
      [Free CSet: 4.4 ms]
   [Eden: 1053.0M(1053.0M)->0.0B(1038.0M) Survivors: 11.0M->16.0M Heap: 1693.4M(2048.0M)->642.6M(2048.0M)]
 [Times: user=0.73 sys=0.04, real=0.05 secs] 
2016-11-15T15:52:23.337+0100: 37340.530: Total time for which application threads were stopped: 0.0491730 seconds, Stopping threads took: 0.0001469 seconds
2016-11-15T15:52:23.337+0100: 37340.530: [GC concurrent-string-deduplication, 14.8K->2208.0B(12.6K), avg 87.9%, 0.0002370 secs]
2016-11-15T15:52:34.339+0100: 37351.532: Total time for which application threads were stopped: 0.0015407 seconds, Stopping threads took: 0.0001849 seconds
2016-11-15T15:53:10.344+0100: 37387.536: Total time for which application threads were stopped: 0.0015299 seconds, Stopping threads took: 0.0001594 seconds
2016-11-15T15:53:39.510+0100: 37416.703: Total time for which application threads were stopped: 0.0016054 seconds, Stopping threads took: 0.0001741 seconds
2016-11-15T15:53:39.511+0100: 37416.704: Total time for which application threads were stopped: 0.0006979 seconds, Stopping threads took: 0.0000373 seconds
2016-11-15T15:53:39.512+0100: 37416.704: Total time for which application threads were stopped: 0.0006705 seconds, Stopping threads took: 0.0000336 seconds
2016-11-15T15:53:39.728+0100: 37416.920: Total time for which application threads were stopped: 0.0016478 seconds, Stopping threads took: 0.0001667 seconds
2016-11-15T15:53:52.812+0100: 37430.005: Total time for which application threads were stopped: 0.0017207 seconds, Stopping threads took: 0.0001719 seconds
2016-11-15T15:53:52.813+0100: 37430.006: Total time for which application threads were stopped: 0.0008572 seconds, Stopping threads took: 0.0000405 seconds
2016-11-15T15:53:52.814+0100: 37430.007: Total time for which application threads were stopped: 0.0007289 seconds, Stopping threads took: 0.0000444 seconds
2016-11-15T15:53:52.865+0100: 37430.057: Total time for which application threads were stopped: 0.0015754 seconds, Stopping threads took: 0.0001455 seconds
2016-11-15T15:54:33.870+0100: 37471.062: Total time for which application threads were stopped: 0.0016854 seconds, Stopping threads took: 0.0001543 seconds
2016-11-15T15:54:34.871+0100: 37472.064: Total time for which application threads were stopped: 0.0016014 seconds, Stopping threads took: 0.0001636 seconds
2016-11-15T15:54:58.757+0100: 37495.950: Total time for which application threads were stopped: 0.0015916 seconds, Stopping threads took: 0.0001671 seconds
2016-11-15T15:54:58.758+0100: 37495.951: Total time for which application threads were stopped: 0.0007283 seconds, Stopping threads took: 0.0000392 seconds
2016-11-15T15:54:58.759+0100: 37495.951: Total time for which application threads were stopped: 0.0006677 seconds, Stopping threads took: 0.0000368 seconds
2016-11-15T15:54:58.869+0100: 37496.061: Total time for which application threads were stopped: 0.0015780 seconds, Stopping threads took: 0.0001544 seconds
2016-11-15T15:54:58.887+0100: 37496.080: Total time for which application threads were stopped: 0.0009299 seconds, Stopping threads took: 0.0000874 seconds
2016-11-15T15:54:58.888+0100: 37496.081: Total time for which application threads were stopped: 0.0007034 seconds, Stopping threads took: 0.0000479 seconds
2016-11-15T15:54:58.889+0100: 37496.082: Total time for which application threads were stopped: 0.0006998 seconds, Stopping threads took: 0.0000352 seconds
2016-11-15T15:54:59.086+0100: 37496.279: Total time for which application threads were stopped: 0.0015921 seconds, Stopping threads took: 0.0001592 seconds
2016-11-15T15:55:04.627+0100: 37501.819: Total time for which application threads were stopped: 0.0015708 seconds, Stopping threads took: 0.0001785 seconds
2016-11-15T15:55:04.628+0100: 37501.821: Total time for which application threads were stopped: 0.0008921 seconds, Stopping threads took: 0.0000548 seconds
2016-11-15T15:55:04.629+0100: 37501.822: Total time for which application threads were stopped: 0.0006852 seconds, Stopping threads took: 0.0000431 seconds
2016-11-15T15:55:04.643+0100: 37501.836: Total time for which application threads were stopped: 0.0009005 seconds, Stopping threads took: 0.0001277 seconds
2016-11-15T15:55:04.645+0100: 37501.837: Total time for which application threads were stopped: 0.0006471 seconds, Stopping threads took: 0.0000351 seconds
2016-11-15T15:55:04.645+0100: 37501.838: Total time for which application threads were stopped: 0.0007220 seconds, Stopping threads took: 0.0000792 seconds
2016-11-15T15:55:04.697+0100: 37501.889: Total time for which application threads were stopped: 0.0013970 seconds, Stopping threads took: 0.0001341 seconds
2016-11-15T15:55:04.794+0100: 37501.986: Total time for which application threads were stopped: 0.0014976 seconds, Stopping threads took: 0.0001504 seconds
2016-11-15T15:55:27.797+0100: 37524.990: Total time for which application threads were stopped: 0.0015210 seconds, Stopping threads took: 0.0001732 seconds
2016-11-15T15:55:29.721+0100: 37526.914: Total time for which application threads were stopped: 0.0016786 seconds, Stopping threads took: 0.0001656 seconds
2016-11-15T15:55:29.723+0100: 37526.915: Total time for which application threads were stopped: 0.0008455 seconds, Stopping threads took: 0.0000420 seconds
2016-11-15T15:55:29.723+0100: 37526.916: Total time for which application threads were stopped: 0.0007480 seconds, Stopping threads took: 0.0000366 seconds
2016-11-15T15:55:29.745+0100: 37526.938: Total time for which application threads were stopped: 0.0014676 seconds, Stopping threads took: 0.0001337 seconds
2016-11-15T15:56:03.194+0100: 37560.386: Total time for which application threads were stopped: 0.0016905 seconds, Stopping threads took: 0.0001664 seconds
2016-11-15T15:56:03.195+0100: 37560.387: Total time for which application threads were stopped: 0.0007117 seconds, Stopping threads took: 0.0000351 seconds
2016-11-15T15:56:03.195+0100: 37560.388: Total time for which application threads were stopped: 0.0006837 seconds, Stopping threads took: 0.0000325 seconds
2016-11-15T15:56:03.287+0100: 37560.479: Total time for which application threads were stopped: 0.0015197 seconds, Stopping threads took: 0.0001512 seconds
2016-11-15T15:56:08.038+0100: 37565.230: Total time for which application threads were stopped: 0.0015789 seconds, Stopping threads took: 0.0001854 seconds
2016-11-15T15:56:08.040+0100: 37565.232: Total time for which application threads were stopped: 0.0007846 seconds, Stopping threads took: 0.0000410 seconds
2016-11-15T15:56:08.040+0100: 37565.233: Total time for which application threads were stopped: 0.0006613 seconds, Stopping threads took: 0.0000316 seconds
2016-11-15T15:56:08.132+0100: 37565.325: Total time for which application threads were stopped: 0.0014852 seconds, Stopping threads took: 0.0001498 seconds
2016-11-15T15:56:29.678+0100: 37586.871: Total time for which application threads were stopped: 0.0015996 seconds, Stopping threads took: 0.0001602 seconds
2016-11-15T15:56:29.679+0100: 37586.872: Total time for which application threads were stopped: 0.0006783 seconds, Stopping threads took: 0.0000360 seconds
2016-11-15T15:56:29.680+0100: 37586.872: Total time for which application threads were stopped: 0.0006639 seconds, Stopping threads took: 0.0000350 seconds
2016-11-15T15:56:29.861+0100: 37587.053: Total time for which application threads were stopped: 0.0010423 seconds, Stopping threads took: 0.0000873 seconds
2016-11-15T15:56:35.654+0100: 37592.846: Total time for which application threads were stopped: 0.0015738 seconds, Stopping threads took: 0.0001813 seconds
2016-11-15T15:56:35.655+0100: 37592.847: Total time for which application threads were stopped: 0.0007028 seconds, Stopping threads took: 0.0000379 seconds
2016-11-15T15:56:35.655+0100: 37592.848: Total time for which application threads were stopped: 0.0006650 seconds, Stopping threads took: 0.0000330 seconds
2016-11-15T15:56:35.693+0100: 37592.886: Total time for which application threads were stopped: 0.0015072 seconds, Stopping threads took: 0.0001503 seconds
2016-11-15T15:56:35.694+0100: 37592.887: Total time for which application threads were stopped: 0.0007423 seconds, Stopping threads took: 0.0000335 seconds
2016-11-15T15:56:35.695+0100: 37592.887: Total time for which application threads were stopped: 0.0006598 seconds, Stopping threads took: 0.0000336 seconds
2016-11-15T15:56:35.714+0100: 37592.906: Total time for which application threads were stopped: 0.0010042 seconds, Stopping threads took: 0.0000790 seconds
2016-11-15T15:56:41.878+0100: 37599.071: Total time for which application threads were stopped: 0.0015431 seconds, Stopping threads took: 0.0001648 seconds
2016-11-15T15:56:41.880+0100: 37599.072: Total time for which application threads were stopped: 0.0007449 seconds, Stopping threads took: 0.0000364 seconds
2016-11-15T15:56:41.880+0100: 37599.073: Total time for which application threads were stopped: 0.0006815 seconds, Stopping threads took: 0.0000350 seconds
2016-11-15T15:56:41.926+0100: 37599.119: Total time for which application threads were stopped: 0.0036656 seconds, Stopping threads took: 0.0001499 seconds
2016-11-15T15:56:42.061+0100: 37599.253: Total time for which application threads were stopped: 0.0015349 seconds, Stopping threads took: 0.0001518 seconds
2016-11-15T15:57:20.065+0100: 37637.257: Total time for which application threads were stopped: 0.0015466 seconds, Stopping threads took: 0.0001665 seconds
2016-11-15T15:57:26.729+0100: 37643.921: [GC pause (G1 Evacuation Pause) (young)
Desired survivor size 69206016 bytes, new threshold 15 (max 15)
- age   1:     616160 bytes,     616160 total
- age   2:     334008 bytes,     950168 total
- age   3:     228840 bytes,    1179008 total
- age   4:     372880 bytes,    1551888 total
- age   5:      65008 bytes,    1616896 total
- age   6:     321552 bytes,    1938448 total
- age   7:     245936 bytes,    2184384 total
- age   8:     382512 bytes,    2566896 total
- age   9:      72048 bytes,    2638944 total
- age  10:    3283096 bytes,    5922040 total
- age  11:     162624 bytes,    6084664 total
- age  12:     103944 bytes,    6188608 total
- age  13:     528704 bytes,    6717312 total
- age  14:     276384 bytes,    6993696 total
- age  15:     165832 bytes,    7159528 total
2016-11-15T15:57:26.756+0100: 37643.949: [SoftReference, 25 refs, 0.0057087 secs]2016-11-15T15:57:26.762+0100: 37643.954: [WeakReference, 4 refs, 0.0029667 secs]2016-11-15T15:57:26.765+0100: 37643.957: [FinalReference, 166 refs, 0.0030737 secs]2016-11-15T15:57:26.768+0100: 37643.960: [PhantomReference, 0 refs, 0 refs, 0.0061639 secs]2016-11-15T15:57:26.774+0100: 37643.967: [JNI Weak Reference, 0.0000334 secs], 0.0602514 secs]
   [Parallel Time: 24.2 ms, GC Workers: 43]
      [GC Worker Start (ms): Min: 37643922.0, Avg: 37643922.5, Max: 37643923.0, Diff: 1.1]
      [Ext Root Scanning (ms): Min: 1.7, Avg: 2.4, Max: 6.4, Diff: 4.7, Sum: 101.9]
      [Update RS (ms): Min: 0.3, Avg: 4.0, Max: 8.1, Diff: 7.8, Sum: 170.4]
         [Processed Buffers: Min: 1, Avg: 5.7, Max: 19, Diff: 18, Sum: 244]
      [Scan RS (ms): Min: 0.1, Avg: 0.6, Max: 0.7, Diff: 0.7, Sum: 25.9]
      [Code Root Scanning (ms): Min: 0.0, Avg: 0.0, Max: 0.2, Diff: 0.2, Sum: 1.2]
      [Object Copy (ms): Min: 11.7, Avg: 15.4, Max: 15.9, Diff: 4.2, Sum: 661.1]
      [Termination (ms): Min: 0.0, Avg: 0.2, Max: 0.3, Diff: 0.3, Sum: 10.7]
         [Termination Attempts: Min: 1, Avg: 51.5, Max: 68, Diff: 67, Sum: 2215]
      [GC Worker Other (ms): Min: 0.0, Avg: 0.4, Max: 0.9, Diff: 0.8, Sum: 17.7]
      [GC Worker Total (ms): Min: 22.2, Avg: 23.0, Max: 23.9, Diff: 1.7, Sum: 988.7]
      [GC Worker End (ms): Min: 37643945.2, Avg: 37643945.5, Max: 37643946.0, Diff: 0.8]
   [Code Root Fixup: 0.2 ms]
   [Code Root Purge: 0.0 ms]
   [String Dedup Fixup: 2.5 ms, GC Workers: 43]
      [Queue Fixup (ms): Min: 0.0, Avg: 0.0, Max: 0.0, Diff: 0.0, Sum: 0.1]
      [Table Fixup (ms): Min: 0.0, Avg: 1.3, Max: 1.9, Diff: 1.9, Sum: 55.6]
   [Clear CT: 5.4 ms]
   [Other: 27.9 ms]
      [Choose CSet: 0.0 ms]
      [Ref Proc: 20.3 ms]
      [Ref Enq: 1.2 ms]
      [Redirty Cards: 1.2 ms]
      [Humongous Register: 0.3 ms]
      [Humongous Reclaim: 0.1 ms]
      [Free CSet: 4.0 ms]
   [Eden: 1038.0M(1038.0M)->0.0B(1022.0M) Survivors: 16.0M->20.0M Heap: 1688.6M(2048.0M)->650.4M(2048.0M)]
 [Times: user=1.28 sys=0.06, real=0.06 secs] 
2016-11-15T15:57:26.790+0100: 37643.982: Total time for which application threads were stopped: 0.0625264 seconds, Stopping threads took: 0.0001640 seconds
2016-11-15T15:57:26.791+0100: 37643.984: Total time for which application threads were stopped: 0.0015613 seconds, Stopping threads took: 0.0001257 seconds
2016-11-15T15:57:26.791+0100: 37643.984: [GC concurrent-string-deduplication, 17.9K->2288.0B(15.6K), avg 87.9%, 0.0002859 secs]
2016-11-15T15:57:26.792+0100: 37643.985: Total time for which application threads were stopped: 0.0007709 seconds, Stopping threads took: 0.0000969 seconds
2016-11-15T15:57:26.793+0100: 37643.986: Total time for which application threads were stopped: 0.0007811 seconds, Stopping threads took: 0.0001347 seconds
2016-11-15T15:57:45.796+0100: 37662.989: Total time for which application threads were stopped: 0.0017759 seconds, Stopping threads took: 0.0002487 seconds
2016-11-15T15:57:46.089+0100: 37663.282: Total time for which application threads were stopped: 0.0016045 seconds, Stopping threads took: 0.0001550 seconds
2016-11-15T15:57:46.090+0100: 37663.283: Total time for which application threads were stopped: 0.0007190 seconds, Stopping threads took: 0.0000459 seconds
2016-11-15T15:57:46.098+0100: 37663.291: Total time for which application threads were stopped: 0.0010394 seconds, Stopping threads took: 0.0000769 seconds
2016-11-15T15:58:34.104+0100: 37711.296: Total time for which application threads were stopped: 0.0016558 seconds, Stopping threads took: 0.0001620 seconds
2016-11-15T16:00:03.112+0100: 37800.305: Total time for which application threads were stopped: 0.0017862 seconds, Stopping threads took: 0.0001557 seconds
2016-11-15T16:00:04.444+0100: 37801.636: Total time for which application threads were stopped: 0.0016673 seconds, Stopping threads took: 0.0001978 seconds
2016-11-15T16:00:05.445+0100: 37802.638: Total time for which application threads were stopped: 0.0015574 seconds, Stopping threads took: 0.0001672 seconds
2016-11-15T16:02:39.146+0100: 37956.339: [GC pause (G1 Evacuation Pause) (young)
Desired survivor size 68681728 bytes, new threshold 15 (max 15)
- age   1:    5728680 bytes,    5728680 total
- age   2:     466624 bytes,    6195304 total
- age   3:     328952 bytes,    6524256 total
- age   4:     215912 bytes,    6740168 total
- age   5:     372880 bytes,    7113048 total
- age   6:      65008 bytes,    7178056 total
- age   7:     321512 bytes,    7499568 total
- age   8:     130752 bytes,    7630320 total
- age   9:     382512 bytes,    8012832 total
- age  10:      72048 bytes,    8084880 total
- age  11:    3283096 bytes,   11367976 total
- age  12:     162624 bytes,   11530600 total
- age  13:     103944 bytes,   11634544 total
- age  14:     528704 bytes,   12163248 total
- age  15:     275832 bytes,   12439080 total
2016-11-15T16:02:39.182+0100: 37956.374: [SoftReference, 21 refs, 0.0052097 secs]2016-11-15T16:02:39.187+0100: 37956.380: [WeakReference, 24 refs, 0.0030723 secs]2016-11-15T16:02:39.190+0100: 37956.383: [FinalReference, 77 refs, 0.0031572 secs]2016-11-15T16:02:39.193+0100: 37956.386: [PhantomReference, 0 refs, 0 refs, 0.0065389 secs]2016-11-15T16:02:39.200+0100: 37956.392: [JNI Weak Reference, 0.0000352 secs], 0.0686701 secs]
   [Parallel Time: 32.6 ms, GC Workers: 43]
      [GC Worker Start (ms): Min: 37956339.5, Avg: 37956340.0, Max: 37956340.5, Diff: 1.0]
      [Ext Root Scanning (ms): Min: 1.9, Avg: 2.5, Max: 6.7, Diff: 4.9, Sum: 107.7]
      [Update RS (ms): Min: 2.1, Avg: 6.0, Max: 8.3, Diff: 6.3, Sum: 258.5]
         [Processed Buffers: Min: 1, Avg: 6.6, Max: 18, Diff: 17, Sum: 285]
      [Scan RS (ms): Min: 0.1, Avg: 0.7, Max: 1.0, Diff: 1.0, Sum: 28.6]
      [Code Root Scanning (ms): Min: 0.0, Avg: 0.0, Max: 0.3, Diff: 0.3, Sum: 1.3]
      [Object Copy (ms): Min: 19.3, Avg: 21.0, Max: 21.7, Diff: 2.3, Sum: 902.5]
      [Termination (ms): Min: 0.0, Avg: 0.5, Max: 0.6, Diff: 0.6, Sum: 19.8]
         [Termination Attempts: Min: 1, Avg: 90.3, Max: 133, Diff: 132, Sum: 3881]
      [GC Worker Other (ms): Min: 0.1, Avg: 0.4, Max: 0.8, Diff: 0.7, Sum: 16.0]
      [GC Worker Total (ms): Min: 30.4, Avg: 31.0, Max: 31.8, Diff: 1.4, Sum: 1334.5]
      [GC Worker End (ms): Min: 37956370.7, Avg: 37956371.1, Max: 37956371.5, Diff: 0.7]
   [Code Root Fixup: 0.2 ms]
   [Code Root Purge: 0.0 ms]
   [String Dedup Fixup: 2.6 ms, GC Workers: 43]
      [Queue Fixup (ms): Min: 0.0, Avg: 0.0, Max: 0.0, Diff: 0.0, Sum: 0.1]
      [Table Fixup (ms): Min: 0.8, Avg: 1.3, Max: 1.7, Diff: 0.9, Sum: 57.4]
   [Clear CT: 5.5 ms]
   [Other: 27.6 ms]
      [Choose CSet: 0.0 ms]
      [Ref Proc: 20.0 ms]
      [Ref Enq: 1.2 ms]
      [Redirty Cards: 1.2 ms]
      [Humongous Register: 0.2 ms]
      [Humongous Reclaim: 0.2 ms]
      [Free CSet: 4.0 ms]
   [Eden: 1022.0M(1022.0M)->0.0B(966.0M) Survivors: 20.0M->41.0M Heap: 1685.4M(2048.0M)->679.0M(2048.0M)]
 [Times: user=1.68 sys=0.01, real=0.07 secs] 
2016-11-15T16:02:39.216+0100: 37956.408: Total time for which application threads were stopped: 0.0710457 seconds, Stopping threads took: 0.0001593 seconds
2016-11-15T16:02:39.217+0100: 37956.410: Total time for which application threads were stopped: 0.0016188 seconds, Stopping threads took: 0.0001068 seconds
2016-11-15T16:02:39.217+0100: 37956.410: [GC concurrent-string-deduplication, 10072.0B->2072.0B(8000.0B), avg 87.9%, 0.0002023 secs]
2016-11-15T16:02:58.300+0100: 37975.492: Total time for which application threads were stopped: 0.0015736 seconds, Stopping threads took: 0.0001547 seconds
2016-11-15T16:02:58.301+0100: 37975.493: Total time for which application threads were stopped: 0.0006855 seconds, Stopping threads took: 0.0000338 seconds
2016-11-15T16:02:58.302+0100: 37975.494: Total time for which application threads were stopped: 0.0009599 seconds, Stopping threads took: 0.0000324 seconds
2016-11-15T16:02:58.493+0100: 37975.686: Total time for which application threads were stopped: 0.0009729 seconds, Stopping threads took: 0.0000780 seconds
2016-11-15T16:03:01.863+0100: 37979.055: Total time for which application threads were stopped: 0.0019933 seconds, Stopping threads took: 0.0001643 seconds
2016-11-15T16:03:01.864+0100: 37979.056: Total time for which application threads were stopped: 0.0009523 seconds, Stopping threads took: 0.0000424 seconds
2016-11-15T16:03:01.865+0100: 37979.057: Total time for which application threads were stopped: 0.0009424 seconds, Stopping threads took: 0.0000558 seconds
2016-11-15T16:03:02.025+0100: 37979.217: Total time for which application threads were stopped: 0.0019316 seconds, Stopping threads took: 0.0001717 seconds
2016-11-15T16:03:04.408+0100: 37981.601: Total time for which application threads were stopped: 0.0015505 seconds, Stopping threads took: 0.0001406 seconds
2016-11-15T16:03:04.409+0100: 37981.601: Total time for which application threads were stopped: 0.0006854 seconds, Stopping threads took: 0.0000338 seconds
2016-11-15T16:03:04.410+0100: 37981.602: Total time for which application threads were stopped: 0.0006655 seconds, Stopping threads took: 0.0000322 seconds
2016-11-15T16:03:04.705+0100: 37981.898: Total time for which application threads were stopped: 0.0014866 seconds, Stopping threads took: 0.0001328 seconds
2016-11-15T16:03:13.728+0100: 37990.921: Total time for which application threads were stopped: 0.0040479 seconds, Stopping threads took: 0.0001511 seconds
2016-11-15T16:03:13.732+0100: 37990.924: Total time for which application threads were stopped: 0.0028421 seconds, Stopping threads took: 0.0000460 seconds
2016-11-15T16:03:13.734+0100: 37990.927: Total time for which application threads were stopped: 0.0026943 seconds, Stopping threads took: 0.0000440 seconds
2016-11-15T16:03:13.777+0100: 37990.969: Total time for which application threads were stopped: 0.0011386 seconds, Stopping threads took: 0.0000611 seconds
2016-11-15T16:03:13.777+0100: 37990.970: Total time for which application threads were stopped: 0.0006831 seconds, Stopping threads took: 0.0000304 seconds
2016-11-15T16:03:13.778+0100: 37990.971: Total time for which application threads were stopped: 0.0006818 seconds, Stopping threads took: 0.0000309 seconds
2016-11-15T16:03:13.967+0100: 37991.159: Total time for which application threads were stopped: 0.0008730 seconds, Stopping threads took: 0.0000661 seconds
2016-11-15T16:03:39.970+0100: 38017.162: Total time for which application threads were stopped: 0.0015693 seconds, Stopping threads took: 0.0001425 seconds
2016-11-15T16:06:50.986+0100: 38208.178: Total time for which application threads were stopped: 0.0017127 seconds, Stopping threads took: 0.0001654 seconds
2016-11-15T16:07:01.796+0100: 38218.988: [GC pause (G1 Evacuation Pause) (young)
Desired survivor size 66060288 bytes, new threshold 15 (max 15)
- age   1:   14924264 bytes,   14924264 total
- age   2:    5557608 bytes,   20481872 total
- age   3:     463072 bytes,   20944944 total
- age   4:     312376 bytes,   21257320 total
- age   5:     215912 bytes,   21473232 total
- age   6:     372880 bytes,   21846112 total
- age   7:      64344 bytes,   21910456 total
- age   8:     321120 bytes,   22231576 total
- age   9:     130472 bytes,   22362048 total
- age  10:     382408 bytes,   22744456 total
- age  11:      72048 bytes,   22816504 total
- age  12:    3273440 bytes,   26089944 total
- age  13:     162624 bytes,   26252568 total
- age  14:     101728 bytes,   26354296 total
- age  15:     528664 bytes,   26882960 total
2016-11-15T16:07:01.831+0100: 38219.024: [SoftReference, 35 refs, 0.0058277 secs]2016-11-15T16:07:01.837+0100: 38219.029: [WeakReference, 11 refs, 0.0033087 secs]2016-11-15T16:07:01.840+0100: 38219.033: [FinalReference, 88 refs, 0.0035501 secs]2016-11-15T16:07:01.844+0100: 38219.036: [PhantomReference, 0 refs, 0 refs, 0.0070682 secs]2016-11-15T16:07:01.851+0100: 38219.043: [JNI Weak Reference, 0.0000357 secs], 0.0706553 secs]
   [Parallel Time: 32.5 ms, GC Workers: 43]
      [GC Worker Start (ms): Min: 38218988.9, Avg: 38218989.4, Max: 38218989.9, Diff: 1.1]
      [Ext Root Scanning (ms): Min: 1.8, Avg: 2.4, Max: 5.8, Diff: 4.0, Sum: 102.8]
      [Update RS (ms): Min: 2.2, Avg: 5.3, Max: 7.4, Diff: 5.2, Sum: 227.4]
         [Processed Buffers: Min: 2, Avg: 5.4, Max: 16, Diff: 14, Sum: 231]
      [Scan RS (ms): Min: 0.1, Avg: 0.6, Max: 0.9, Diff: 0.8, Sum: 24.9]
      [Code Root Scanning (ms): Min: 0.0, Avg: 0.0, Max: 0.1, Diff: 0.1, Sum: 0.9]
      [Object Copy (ms): Min: 21.0, Avg: 22.5, Max: 22.9, Diff: 1.9, Sum: 968.6]
      [Termination (ms): Min: 0.1, Avg: 0.1, Max: 0.1, Diff: 0.1, Sum: 4.1]
         [Termination Attempts: Min: 1, Avg: 11.5, Max: 21, Diff: 20, Sum: 493]
      [GC Worker Other (ms): Min: 0.1, Avg: 0.4, Max: 0.9, Diff: 0.8, Sum: 16.8]
      [GC Worker Total (ms): Min: 30.5, Avg: 31.3, Max: 32.2, Diff: 1.7, Sum: 1345.6]
      [GC Worker End (ms): Min: 38219020.4, Avg: 38219020.7, Max: 38219021.2, Diff: 0.8]
   [Code Root Fixup: 0.2 ms]
   [Code Root Purge: 0.0 ms]
   [String Dedup Fixup: 2.5 ms, GC Workers: 43]
      [Queue Fixup (ms): Min: 0.0, Avg: 0.0, Max: 0.2, Diff: 0.2, Sum: 1.1]
      [Table Fixup (ms): Min: 0.9, Avg: 1.4, Max: 1.8, Diff: 0.9, Sum: 59.7]
   [Clear CT: 5.9 ms]
   [Other: 29.5 ms]
      [Choose CSet: 0.0 ms]
      [Ref Proc: 21.8 ms]
      [Ref Enq: 1.3 ms]
      [Redirty Cards: 1.3 ms]
      [Humongous Register: 0.2 ms]
      [Humongous Reclaim: 0.1 ms]
      [Free CSet: 3.9 ms]
   [Eden: 966.0M(966.0M)->0.0B(930.0M) Survivors: 41.0M->56.0M Heap: 1651.0M(2048.0M)->697.1M(2048.0M)]
 [Times: user=1.68 sys=0.03, real=0.07 secs] 
2016-11-15T16:07:01.867+0100: 38219.059: Total time for which application threads were stopped: 0.0728995 seconds, Stopping threads took: 0.0001581 seconds
2016-11-15T16:07:01.883+0100: 38219.075: [GC concurrent-string-deduplication, 1887.8K->7656.0B(1880.3K), avg 88.0%, 0.0160201 secs]
2016-11-15T16:07:16.255+0100: 38233.447: Total time for which application threads were stopped: 0.0015915 seconds, Stopping threads took: 0.0001592 seconds
2016-11-15T16:07:16.256+0100: 38233.448: Total time for which application threads were stopped: 0.0007149 seconds, Stopping threads took: 0.0000348 seconds
2016-11-15T16:07:16.257+0100: 38233.449: Total time for which application threads were stopped: 0.0006577 seconds, Stopping threads took: 0.0000327 seconds
2016-11-15T16:07:16.422+0100: 38233.615: Total time for which application threads were stopped: 0.0009366 seconds, Stopping threads took: 0.0000824 seconds
2016-11-15T16:07:17.052+0100: 38234.245: Total time for which application threads were stopped: 0.0013859 seconds, Stopping threads took: 0.0001249 seconds
2016-11-15T16:07:58.057+0100: 38275.250: Total time for which application threads were stopped: 0.0015845 seconds, Stopping threads took: 0.0001595 seconds
2016-11-15T16:08:08.059+0100: 38285.252: Total time for which application threads were stopped: 0.0015214 seconds, Stopping threads took: 0.0001494 seconds
2016-11-15T16:08:11.794+0100: 38288.986: Total time for which application threads were stopped: 0.0015981 seconds, Stopping threads took: 0.0001540 seconds
2016-11-15T16:08:11.795+0100: 38288.987: Total time for which application threads were stopped: 0.0006839 seconds, Stopping threads took: 0.0000354 seconds
2016-11-15T16:08:11.795+0100: 38288.988: Total time for which application threads were stopped: 0.0006596 seconds, Stopping threads took: 0.0000313 seconds
2016-11-15T16:08:12.035+0100: 38289.228: Total time for which application threads were stopped: 0.0015316 seconds, Stopping threads took: 0.0001351 seconds
2016-11-15T16:08:16.995+0100: 38294.187: Total time for which application threads were stopped: 0.0016297 seconds, Stopping threads took: 0.0002134 seconds
2016-11-15T16:08:16.996+0100: 38294.188: Total time for which application threads were stopped: 0.0007584 seconds, Stopping threads took: 0.0000746 seconds
2016-11-15T16:08:16.997+0100: 38294.189: Total time for which application threads were stopped: 0.0007372 seconds, Stopping threads took: 0.0000760 seconds
2016-11-15T16:08:17.216+0100: 38294.409: Total time for which application threads were stopped: 0.0009428 seconds, Stopping threads took: 0.0000766 seconds
2016-11-15T16:08:17.217+0100: 38294.410: Total time for which application threads were stopped: 0.0006677 seconds, Stopping threads took: 0.0000336 seconds
2016-11-15T16:08:17.218+0100: 38294.410: Total time for which application threads were stopped: 0.0006556 seconds, Stopping threads took: 0.0000305 seconds
2016-11-15T16:08:17.305+0100: 38294.498: Total time for which application threads were stopped: 0.0010861 seconds, Stopping threads took: 0.0000945 seconds
2016-11-15T16:08:21.977+0100: 38299.170: Total time for which application threads were stopped: 0.0016068 seconds, Stopping threads took: 0.0001780 seconds
2016-11-15T16:08:21.979+0100: 38299.171: Total time for which application threads were stopped: 0.0006871 seconds, Stopping threads took: 0.0000386 seconds
2016-11-15T16:08:21.979+0100: 38299.172: Total time for which application threads were stopped: 0.0006612 seconds, Stopping threads took: 0.0000306 seconds
2016-11-15T16:08:22.146+0100: 38299.338: Total time for which application threads were stopped: 0.0011097 seconds, Stopping threads took: 0.0000832 seconds
2016-11-15T16:08:36.067+0100: 38313.259: Total time for which application threads were stopped: 0.0017444 seconds, Stopping threads took: 0.0001817 seconds
2016-11-15T16:08:36.068+0100: 38313.260: Total time for which application threads were stopped: 0.0007483 seconds, Stopping threads took: 0.0000549 seconds
2016-11-15T16:08:36.068+0100: 38313.261: Total time for which application threads were stopped: 0.0007911 seconds, Stopping threads took: 0.0001124 seconds
2016-11-15T16:08:36.304+0100: 38313.497: Total time for which application threads were stopped: 0.0017754 seconds, Stopping threads took: 0.0001397 seconds
2016-11-15T16:08:36.305+0100: 38313.498: Total time for which application threads were stopped: 0.0007211 seconds, Stopping threads took: 0.0000517 seconds
2016-11-15T16:08:36.306+0100: 38313.498: Total time for which application threads were stopped: 0.0006766 seconds, Stopping threads took: 0.0000371 seconds
2016-11-15T16:08:36.402+0100: 38313.594: Total time for which application threads were stopped: 0.0008708 seconds, Stopping threads took: 0.0000690 seconds
2016-11-15T16:09:01.351+0100: 38338.544: Total time for which application threads were stopped: 0.0016072 seconds, Stopping threads took: 0.0001555 seconds
2016-11-15T16:09:01.353+0100: 38338.545: Total time for which application threads were stopped: 0.0007448 seconds, Stopping threads took: 0.0000475 seconds
2016-11-15T16:09:01.353+0100: 38338.546: Total time for which application threads were stopped: 0.0006775 seconds, Stopping threads took: 0.0000332 seconds
2016-11-15T16:09:01.469+0100: 38338.661: Total time for which application threads were stopped: 0.0013009 seconds, Stopping threads took: 0.0001156 seconds
2016-11-15T16:10:35.478+0100: 38432.670: Total time for which application threads were stopped: 0.0018156 seconds, Stopping threads took: 0.0001648 seconds
2016-11-15T16:10:36.480+0100: 38433.672: Total time for which application threads were stopped: 0.0017124 seconds, Stopping threads took: 0.0001716 seconds
2016-11-15T16:11:12.096+0100: 38469.289: Total time for which application threads were stopped: 0.0016388 seconds, Stopping threads took: 0.0001575 seconds
2016-11-15T16:11:12.097+0100: 38469.290: Total time for which application threads were stopped: 0.0007229 seconds, Stopping threads took: 0.0000414 seconds
2016-11-15T16:11:12.098+0100: 38469.291: Total time for which application threads were stopped: 0.0006931 seconds, Stopping threads took: 0.0000360 seconds
2016-11-15T16:11:12.273+0100: 38469.466: Total time for which application threads were stopped: 0.0016791 seconds, Stopping threads took: 0.0001617 seconds
2016-11-15T16:11:30.631+0100: 38487.824: Total time for which application threads were stopped: 0.0017578 seconds, Stopping threads took: 0.0001638 seconds
2016-11-15T16:11:30.633+0100: 38487.825: Total time for which application threads were stopped: 0.0008053 seconds, Stopping threads took: 0.0000516 seconds
2016-11-15T16:11:30.633+0100: 38487.826: Total time for which application threads were stopped: 0.0007117 seconds, Stopping threads took: 0.0000361 seconds
2016-11-15T16:11:30.681+0100: 38487.873: Total time for which application threads were stopped: 0.0018471 seconds, Stopping threads took: 0.0001688 seconds
2016-11-15T16:13:10.596+0100: 38587.788: Total time for which application threads were stopped: 0.0016996 seconds, Stopping threads took: 0.0001621 seconds
2016-11-15T16:13:10.597+0100: 38587.790: Total time for which application threads were stopped: 0.0010490 seconds, Stopping threads took: 0.0001278 seconds
2016-11-15T16:13:10.598+0100: 38587.791: Total time for which application threads were stopped: 0.0008813 seconds, Stopping threads took: 0.0000617 seconds
2016-11-15T16:13:10.692+0100: 38587.885: Total time for which application threads were stopped: 0.0013607 seconds, Stopping threads took: 0.0001212 seconds
2016-11-15T16:13:18.623+0100: 38595.815: Total time for which application threads were stopped: 0.0016917 seconds, Stopping threads took: 0.0001677 seconds
2016-11-15T16:13:18.623+0100: 38595.816: Total time for which application threads were stopped: 0.0007253 seconds, Stopping threads took: 0.0000532 seconds
2016-11-15T16:13:18.624+0100: 38595.817: Total time for which application threads were stopped: 0.0006969 seconds, Stopping threads took: 0.0000407 seconds
2016-11-15T16:13:18.673+0100: 38595.865: Total time for which application threads were stopped: 0.0017217 seconds, Stopping threads took: 0.0001654 seconds
2016-11-15T16:13:18.674+0100: 38595.867: Total time for which application threads were stopped: 0.0010576 seconds, Stopping threads took: 0.0001295 seconds
2016-11-15T16:13:18.675+0100: 38595.868: Total time for which application threads were stopped: 0.0007847 seconds, Stopping threads took: 0.0000409 seconds
2016-11-15T16:13:18.703+0100: 38595.896: Total time for which application threads were stopped: 0.0014092 seconds, Stopping threads took: 0.0001245 seconds
2016-11-15T16:13:24.099+0100: 38601.291: Total time for which application threads were stopped: 0.0018455 seconds, Stopping threads took: 0.0002373 seconds
2016-11-15T16:13:24.100+0100: 38601.293: Total time for which application threads were stopped: 0.0010037 seconds, Stopping threads took: 0.0001148 seconds
2016-11-15T16:13:24.101+0100: 38601.294: Total time for which application threads were stopped: 0.0008900 seconds, Stopping threads took: 0.0001138 seconds
2016-11-15T16:13:24.154+0100: 38601.346: Total time for which application threads were stopped: 0.0017367 seconds, Stopping threads took: 0.0001529 seconds
2016-11-15T16:13:24.155+0100: 38601.347: Total time for which application threads were stopped: 0.0009514 seconds, Stopping threads took: 0.0001613 seconds
2016-11-15T16:13:24.156+0100: 38601.348: Total time for which application threads were stopped: 0.0007834 seconds, Stopping threads took: 0.0000620 seconds
2016-11-15T16:13:24.182+0100: 38601.374: Total time for which application threads were stopped: 0.0017436 seconds, Stopping threads took: 0.0001518 seconds
2016-11-15T16:13:28.684+0100: 38605.877: Total time for which application threads were stopped: 0.0016791 seconds, Stopping threads took: 0.0001615 seconds
2016-11-15T16:13:28.685+0100: 38605.878: Total time for which application threads were stopped: 0.0007112 seconds, Stopping threads took: 0.0000360 seconds
2016-11-15T16:13:28.686+0100: 38605.878: Total time for which application threads were stopped: 0.0006895 seconds, Stopping threads took: 0.0000332 seconds
2016-11-15T16:13:28.727+0100: 38605.920: Total time for which application threads were stopped: 0.0015814 seconds, Stopping threads took: 0.0001475 seconds
2016-11-15T16:13:28.728+0100: 38605.921: Total time for which application threads were stopped: 0.0007394 seconds, Stopping threads took: 0.0000445 seconds
2016-11-15T16:13:28.729+0100: 38605.922: Total time for which application threads were stopped: 0.0006964 seconds, Stopping threads took: 0.0000286 seconds
2016-11-15T16:13:28.749+0100: 38605.941: Total time for which application threads were stopped: 0.0009256 seconds, Stopping threads took: 0.0000700 seconds
2016-11-15T16:13:41.951+0100: 38619.144: [GC pause (G1 Evacuation Pause) (young)
Desired survivor size 65011712 bytes, new threshold 15 (max 15)
- age   1:    9957728 bytes,    9957728 total
- age   2:   14729968 bytes,   24687696 total
- age   3:    5553488 bytes,   30241184 total
- age   4:     452144 bytes,   30693328 total
- age   5:     312256 bytes,   31005584 total
- age   6:     214360 bytes,   31219944 total
- age   7:     361504 bytes,   31581448 total
- age   8:      64344 bytes,   31645792 total
- age   9:     321080 bytes,   31966872 total
- age  10:     130136 bytes,   32097008 total
- age  11:     382408 bytes,   32479416 total
- age  12:      71976 bytes,   32551392 total
- age  13:    3273440 bytes,   35824832 total
- age  14:     162624 bytes,   35987456 total
- age  15:     101728 bytes,   36089184 total
2016-11-15T16:13:42.006+0100: 38619.198: [SoftReference, 26 refs, 0.0053452 secs]2016-11-15T16:13:42.011+0100: 38619.204: [WeakReference, 41 refs, 0.0033136 secs]2016-11-15T16:13:42.015+0100: 38619.207: [FinalReference, 259 refs, 0.0044733 secs]2016-11-15T16:13:42.019+0100: 38619.212: [PhantomReference, 0 refs, 0 refs, 0.0079197 secs]2016-11-15T16:13:42.027+0100: 38619.219: [JNI Weak Reference, 0.0000413 secs], 0.0899505 secs]
   [Parallel Time: 51.0 ms, GC Workers: 43]
      [GC Worker Start (ms): Min: 38619144.6, Avg: 38619145.2, Max: 38619145.8, Diff: 1.2]
      [Ext Root Scanning (ms): Min: 1.9, Avg: 3.5, Max: 10.5, Diff: 8.6, Sum: 150.0]
      [Update RS (ms): Min: 1.0, Avg: 8.6, Max: 14.4, Diff: 13.4, Sum: 368.0]
         [Processed Buffers: Min: 1, Avg: 7.1, Max: 19, Diff: 18, Sum: 305]
      [Scan RS (ms): Min: 0.1, Avg: 0.7, Max: 1.3, Diff: 1.2, Sum: 28.7]
      [Code Root Scanning (ms): Min: 0.0, Avg: 0.1, Max: 0.9, Diff: 0.9, Sum: 3.0]
      [Object Copy (ms): Min: 31.7, Avg: 35.9, Max: 36.7, Diff: 4.9, Sum: 1545.4]
      [Termination (ms): Min: 0.0, Avg: 0.1, Max: 0.3, Diff: 0.3, Sum: 4.5]
         [Termination Attempts: Min: 1, Avg: 26.8, Max: 74, Diff: 73, Sum: 1154]
      [GC Worker Other (ms): Min: 0.1, Avg: 0.4, Max: 0.9, Diff: 0.8, Sum: 18.0]
      [GC Worker Total (ms): Min: 48.4, Avg: 49.2, Max: 50.1, Diff: 1.8, Sum: 2117.6]
      [GC Worker End (ms): Min: 38619194.1, Avg: 38619194.5, Max: 38619194.9, Diff: 0.8]
   [Code Root Fixup: 0.3 ms]
   [Code Root Purge: 0.0 ms]
   [String Dedup Fixup: 2.8 ms, GC Workers: 43]
      [Queue Fixup (ms): Min: 0.0, Avg: 0.1, Max: 0.9, Diff: 0.9, Sum: 3.7]
      [Table Fixup (ms): Min: 0.0, Avg: 1.4, Max: 2.0, Diff: 2.0, Sum: 59.1]
   [Clear CT: 4.4 ms]
   [Other: 31.5 ms]
      [Choose CSet: 0.0 ms]
      [Ref Proc: 23.7 ms]
      [Ref Enq: 1.8 ms]
      [Redirty Cards: 1.2 ms]
      [Humongous Register: 0.2 ms]
      [Humongous Reclaim: 0.1 ms]
      [Free CSet: 3.5 ms]
   [Eden: 930.0M(930.0M)->0.0B(866.0M) Survivors: 56.0M->82.0M Heap: 1639.1M(2048.0M)->729.3M(2048.0M)]
 [Times: user=2.34 sys=0.02, real=0.09 secs] 
2016-11-15T16:13:42.042+0100: 38619.234: Total time for which application threads were stopped: 0.0924813 seconds, Stopping threads took: 0.0002013 seconds
2016-11-15T16:13:42.046+0100: 38619.239: Total time for which application threads were stopped: 0.0043329 seconds, Stopping threads took: 0.0001731 seconds
2016-11-15T16:13:42.089+0100: 38619.282: [GC concurrent-string-deduplication, 5656.7K->30.2K(5626.5K), avg 88.5%, 0.0431816 secs]
2016-11-15T16:13:48.434+0100: 38625.626: Total time for which application threads were stopped: 0.0019738 seconds, Stopping threads took: 0.0001850 seconds
2016-11-15T16:13:48.435+0100: 38625.628: Total time for which application threads were stopped: 0.0010312 seconds, Stopping threads took: 0.0000548 seconds
2016-11-15T16:13:48.436+0100: 38625.629: Total time for which application threads were stopped: 0.0007574 seconds, Stopping threads took: 0.0000478 seconds
2016-11-15T16:13:48.499+0100: 38625.691: Total time for which application threads were stopped: 0.0017370 seconds, Stopping threads took: 0.0001580 seconds
2016-11-15T16:15:15.508+0100: 38712.700: Total time for which application threads were stopped: 0.0018978 seconds, Stopping threads took: 0.0001764 seconds
2016-11-15T16:15:46.512+0100: 38743.704: Total time for which application threads were stopped: 0.0017266 seconds, Stopping threads took: 0.0001740 seconds
2016-11-15T16:16:00.515+0100: 38757.707: Total time for which application threads were stopped: 0.0015595 seconds, Stopping threads took: 0.0001604 seconds
2016-11-15T16:16:38.003+0100: 38795.196: Total time for which application threads were stopped: 0.0017253 seconds, Stopping threads took: 0.0001640 seconds
2016-11-15T16:16:38.004+0100: 38795.197: Total time for which application threads were stopped: 0.0008485 seconds, Stopping threads took: 0.0001121 seconds
2016-11-15T16:16:38.005+0100: 38795.198: Total time for which application threads were stopped: 0.0008135 seconds, Stopping threads took: 0.0001070 seconds
2016-11-15T16:16:38.304+0100: 38795.497: Total time for which application threads were stopped: 0.0013434 seconds, Stopping threads took: 0.0001283 seconds
2016-11-15T16:16:58.307+0100: 38815.500: Total time for which application threads were stopped: 0.0018093 seconds, Stopping threads took: 0.0001637 seconds
2016-11-15T16:16:59.570+0100: 38816.763: Total time for which application threads were stopped: 0.0035188 seconds, Stopping threads took: 0.0001523 seconds
2016-11-15T16:16:59.574+0100: 38816.766: Total time for which application threads were stopped: 0.0027957 seconds, Stopping threads took: 0.0000543 seconds
2016-11-15T16:16:59.576+0100: 38816.769: Total time for which application threads were stopped: 0.0024799 seconds, Stopping threads took: 0.0000439 seconds
2016-11-15T16:16:59.633+0100: 38816.825: Total time for which application threads were stopped: 0.0011202 seconds, Stopping threads took: 0.0000665 seconds
2016-11-15T16:16:59.633+0100: 38816.826: Total time for which application threads were stopped: 0.0006647 seconds, Stopping threads took: 0.0000305 seconds
2016-11-15T16:16:59.634+0100: 38816.827: Total time for which application threads were stopped: 0.0006632 seconds, Stopping threads took: 0.0000347 seconds
2016-11-15T16:16:59.806+0100: 38816.998: Total time for which application threads were stopped: 0.0010586 seconds, Stopping threads took: 0.0000868 seconds
2016-11-15T16:17:04.561+0100: 38821.753: Total time for which application threads were stopped: 0.0015515 seconds, Stopping threads took: 0.0001729 seconds
2016-11-15T16:17:04.562+0100: 38821.754: Total time for which application threads were stopped: 0.0006828 seconds, Stopping threads took: 0.0000346 seconds
2016-11-15T16:17:04.562+0100: 38821.755: Total time for which application threads were stopped: 0.0006633 seconds, Stopping threads took: 0.0000359 seconds
2016-11-15T16:17:04.688+0100: 38821.880: Total time for which application threads were stopped: 0.0030167 seconds, Stopping threads took: 0.0000817 seconds
2016-11-15T16:17:08.930+0100: 38826.123: Total time for which application threads were stopped: 0.0018344 seconds, Stopping threads took: 0.0004042 seconds
2016-11-15T16:17:08.936+0100: 38826.129: Total time for which application threads were stopped: 0.0008808 seconds, Stopping threads took: 0.0000639 seconds
2016-11-15T16:17:08.937+0100: 38826.129: Total time for which application threads were stopped: 0.0006649 seconds, Stopping threads took: 0.0000446 seconds
2016-11-15T16:17:08.938+0100: 38826.130: Total time for which application threads were stopped: 0.0006539 seconds, Stopping threads took: 0.0000303 seconds
2016-11-15T16:17:09.006+0100: 38826.198: Total time for which application threads were stopped: 0.0010998 seconds, Stopping threads took: 0.0001051 seconds
2016-11-15T16:17:09.007+0100: 38826.199: Total time for which application threads were stopped: 0.0007075 seconds, Stopping threads took: 0.0000383 seconds
2016-11-15T16:17:09.008+0100: 38826.200: Total time for which application threads were stopped: 0.0006699 seconds, Stopping threads took: 0.0000450 seconds
2016-11-15T16:17:09.031+0100: 38826.223: Total time for which application threads were stopped: 0.0014818 seconds, Stopping threads took: 0.0001500 seconds
2016-11-15T16:17:11.903+0100: 38829.095: Total time for which application threads were stopped: 0.0016076 seconds, Stopping threads took: 0.0001672 seconds
2016-11-15T16:17:11.904+0100: 38829.097: Total time for which application threads were stopped: 0.0009510 seconds, Stopping threads took: 0.0001040 seconds
2016-11-15T16:17:11.905+0100: 38829.097: Total time for which application threads were stopped: 0.0007426 seconds, Stopping threads took: 0.0000342 seconds
2016-11-15T16:17:11.978+0100: 38829.170: Total time for which application threads were stopped: 0.0009176 seconds, Stopping threads took: 0.0000676 seconds
2016-11-15T16:17:19.583+0100: 38836.776: Total time for which application threads were stopped: 0.0016620 seconds, Stopping threads took: 0.0001980 seconds
2016-11-15T16:17:24.866+0100: 38842.059: Total time for which application threads were stopped: 0.0015342 seconds, Stopping threads took: 0.0001583 seconds
2016-11-15T16:17:26.868+0100: 38844.061: Total time for which application threads were stopped: 0.0015882 seconds, Stopping threads took: 0.0001680 seconds
2016-11-15T16:17:44.869+0100: 38862.061: Total time for which application threads were stopped: 0.0015758 seconds, Stopping threads took: 0.0001754 seconds
2016-11-15T16:17:44.869+0100: 38862.062: Total time for which application threads were stopped: 0.0006894 seconds, Stopping threads took: 0.0000368 seconds
2016-11-15T16:18:46.361+0100: 38923.554: [GC pause (G1 Evacuation Pause) (young)
Desired survivor size 62390272 bytes, new threshold 15 (max 15)
- age   1:   21321016 bytes,   21321016 total
- age   2:    9750520 bytes,   31071536 total
- age   3:   14722024 bytes,   45793560 total
- age   4:    3627904 bytes,   49421464 total
- age   5:     450832 bytes,   49872296 total
- age   6:     303008 bytes,   50175304 total
- age   7:     208064 bytes,   50383368 total
- age   8:     361464 bytes,   50744832 total
- age   9:      64344 bytes,   50809176 total
- age  10:     321080 bytes,   51130256 total
- age  11:     128568 bytes,   51258824 total
- age  12:     381840 bytes,   51640664 total
- age  13:      71936 bytes,   51712600 total
- age  14:    3271096 bytes,   54983696 total
- age  15:     162624 bytes,   55146320 total
2016-11-15T16:18:46.422+0100: 38923.614: [SoftReference, 28 refs, 0.0051117 secs]2016-11-15T16:18:46.427+0100: 38923.619: [WeakReference, 26 refs, 0.0030701 secs]2016-11-15T16:18:46.430+0100: 38923.622: [FinalReference, 169 refs, 0.0037937 secs]2016-11-15T16:18:46.434+0100: 38923.626: [PhantomReference, 0 refs, 0 refs, 0.0060398 secs]2016-11-15T16:18:46.440+0100: 38923.632: [JNI Weak Reference, 0.0000508 secs], 0.0934304 secs]
   [Parallel Time: 57.7 ms, GC Workers: 43]
      [GC Worker Start (ms): Min: 38923554.2, Avg: 38923554.7, Max: 38923555.2, Diff: 1.0]
      [Ext Root Scanning (ms): Min: 1.7, Avg: 3.0, Max: 5.6, Diff: 3.9, Sum: 129.2]
      [Update RS (ms): Min: 6.2, Avg: 8.7, Max: 11.5, Diff: 5.4, Sum: 372.7]
         [Processed Buffers: Min: 2, Avg: 7.0, Max: 18, Diff: 16, Sum: 301]
      [Scan RS (ms): Min: 0.1, Avg: 0.6, Max: 0.8, Diff: 0.7, Sum: 23.9]
      [Code Root Scanning (ms): Min: 0.0, Avg: 0.0, Max: 0.3, Diff: 0.3, Sum: 1.6]
      [Object Copy (ms): Min: 40.2, Avg: 42.9, Max: 43.5, Diff: 3.3, Sum: 1843.7]
      [Termination (ms): Min: 0.0, Avg: 0.4, Max: 0.6, Diff: 0.6, Sum: 19.1]
         [Termination Attempts: Min: 1, Avg: 86.2, Max: 126, Diff: 125, Sum: 3705]
      [GC Worker Other (ms): Min: 0.0, Avg: 0.5, Max: 1.0, Diff: 0.9, Sum: 20.8]
      [GC Worker Total (ms): Min: 55.3, Avg: 56.1, Max: 57.1, Diff: 1.8, Sum: 2411.0]
      [GC Worker End (ms): Min: 38923610.4, Avg: 38923610.8, Max: 38923611.3, Diff: 0.9]
   [Code Root Fixup: 0.3 ms]
   [Code Root Purge: 0.0 ms]
   [String Dedup Fixup: 2.3 ms, GC Workers: 43]
      [Queue Fixup (ms): Min: 0.0, Avg: 0.1, Max: 1.0, Diff: 1.0, Sum: 3.0]
      [Table Fixup (ms): Min: 0.4, Avg: 1.3, Max: 2.0, Diff: 1.6, Sum: 54.0]
   [Clear CT: 5.0 ms]
   [Other: 28.1 ms]
      [Choose CSet: 0.0 ms]
      [Ref Proc: 20.1 ms]
      [Ref Enq: 1.5 ms]
      [Redirty Cards: 1.2 ms]
      [Humongous Register: 0.2 ms]
      [Humongous Reclaim: 0.2 ms]
      [Free CSet: 4.0 ms]
   [Eden: 866.0M(866.0M)->0.0B(833.0M) Survivors: 82.0M->93.0M Heap: 1605.3M(2048.0M)->745.5M(2048.0M)]
 [Times: user=2.69 sys=0.00, real=0.09 secs] 
2016-11-15T16:18:46.455+0100: 38923.647: Total time for which application threads were stopped: 0.0958919 seconds, Stopping threads took: 0.0001650 seconds
2016-11-15T16:18:46.457+0100: 38923.650: Total time for which application threads were stopped: 0.0018422 seconds, Stopping threads took: 0.0001956 seconds
2016-11-15T16:18:46.458+0100: 38923.651: Total time for which application threads were stopped: 0.0011138 seconds, Stopping threads took: 0.0001726 seconds
2016-11-15T16:18:46.460+0100: 38923.652: Total time for which application threads were stopped: 0.0010079 seconds, Stopping threads took: 0.0002052 seconds
2016-11-15T16:18:46.460+0100: 38923.653: Total time for which application threads were stopped: 0.0008735 seconds, Stopping threads took: 0.0001146 seconds
2016-11-15T16:18:46.488+0100: 38923.681: [GC concurrent-string-deduplication, 3741.7K->512.0B(3741.2K), avg 88.7%, 0.0280351 secs]
2016-11-15T16:19:22.783+0100: 38959.975: Total time for which application threads were stopped: 0.0020589 seconds, Stopping threads took: 0.0003850 seconds
2016-11-15T16:19:28.027+0100: 38965.219: Total time for which application threads were stopped: 0.0016879 seconds, Stopping threads took: 0.0001802 seconds
2016-11-15T16:19:38.029+0100: 38975.222: Total time for which application threads were stopped: 0.0018013 seconds, Stopping threads took: 0.0001722 seconds
2016-11-15T16:19:38.030+0100: 38975.223: Total time for which application threads were stopped: 0.0008262 seconds, Stopping threads took: 0.0000442 seconds
2016-11-15T16:20:32.017+0100: 39029.210: Total time for which application threads were stopped: 0.0017539 seconds, Stopping threads took: 0.0001502 seconds
2016-11-15T16:20:37.319+0100: 39034.511: Total time for which application threads were stopped: 0.0014739 seconds, Stopping threads took: 0.0001470 seconds
2016-11-15T16:20:47.321+0100: 39044.513: Total time for which application threads were stopped: 0.0014373 seconds, Stopping threads took: 0.0001378 seconds
2016-11-15T16:20:47.322+0100: 39044.514: Total time for which application threads were stopped: 0.0006735 seconds, Stopping threads took: 0.0000338 seconds
2016-11-15T16:21:12.803+0100: 39069.995: Total time for which application threads were stopped: 0.0014803 seconds, Stopping threads took: 0.0001498 seconds
2016-11-15T16:21:12.804+0100: 39069.997: Total time for which application threads were stopped: 0.0007943 seconds, Stopping threads took: 0.0000410 seconds
2016-11-15T16:21:12.805+0100: 39069.997: Total time for which application threads were stopped: 0.0007201 seconds, Stopping threads took: 0.0000342 seconds
2016-11-15T16:21:12.897+0100: 39070.089: Total time for which application threads were stopped: 0.0011380 seconds, Stopping threads took: 0.0000972 seconds
2016-11-15T16:21:19.495+0100: 39076.688: Total time for which application threads were stopped: 0.0014721 seconds, Stopping threads took: 0.0001435 seconds
2016-11-15T16:21:19.497+0100: 39076.689: Total time for which application threads were stopped: 0.0007342 seconds, Stopping threads took: 0.0000514 seconds
2016-11-15T16:21:19.497+0100: 39076.690: Total time for which application threads were stopped: 0.0006659 seconds, Stopping threads took: 0.0000496 seconds
2016-11-15T16:21:19.551+0100: 39076.743: Total time for which application threads were stopped: 0.0011504 seconds, Stopping threads took: 0.0001149 seconds
2016-11-15T16:21:37.432+0100: 39094.625: Total time for which application threads were stopped: 0.0014429 seconds, Stopping threads took: 0.0001472 seconds
2016-11-15T16:21:37.433+0100: 39094.625: Total time for which application threads were stopped: 0.0006832 seconds, Stopping threads took: 0.0000332 seconds
2016-11-15T16:21:37.434+0100: 39094.626: Total time for which application threads were stopped: 0.0006522 seconds, Stopping threads took: 0.0000301 seconds
2016-11-15T16:21:38.440+0100: 39095.633: Total time for which application threads were stopped: 0.0013026 seconds, Stopping threads took: 0.0001272 seconds
2016-11-15T16:21:47.079+0100: 39104.271: Total time for which application threads were stopped: 0.0014356 seconds, Stopping threads took: 0.0001567 seconds
2016-11-15T16:21:47.080+0100: 39104.272: Total time for which application threads were stopped: 0.0006845 seconds, Stopping threads took: 0.0000328 seconds
2016-11-15T16:21:47.081+0100: 39104.273: Total time for which application threads were stopped: 0.0006668 seconds, Stopping threads took: 0.0000309 seconds
2016-11-15T16:21:47.724+0100: 39104.917: Total time for which application threads were stopped: 0.0012807 seconds, Stopping threads took: 0.0001254 seconds
2016-11-15T16:24:50.740+0100: 39287.932: Total time for which application threads were stopped: 0.0018401 seconds, Stopping threads took: 0.0001644 seconds
2016-11-15T16:24:50.746+0100: 39287.938: Total time for which application threads were stopped: 0.0018648 seconds, Stopping threads took: 0.0001576 seconds
2016-11-15T16:24:50.747+0100: 39287.940: Total time for which application threads were stopped: 0.0013523 seconds, Stopping threads took: 0.0000510 seconds
2016-11-15T16:24:50.749+0100: 39287.941: Total time for which application threads were stopped: 0.0011869 seconds, Stopping threads took: 0.0000475 seconds
2016-11-15T16:24:50.967+0100: 39288.159: Total time for which application threads were stopped: 0.0020178 seconds, Stopping threads took: 0.0002045 seconds
2016-11-15T16:25:19.970+0100: 39317.163: Total time for which application threads were stopped: 0.0015009 seconds, Stopping threads took: 0.0001483 seconds
2016-11-15T16:25:20.241+0100: 39317.434: Total time for which application threads were stopped: 0.0012863 seconds, Stopping threads took: 0.0001054 seconds
2016-11-15T16:25:20.242+0100: 39317.435: Total time for which application threads were stopped: 0.0007106 seconds, Stopping threads took: 0.0000333 seconds
2016-11-15T16:25:20.243+0100: 39317.435: Total time for which application threads were stopped: 0.0007010 seconds, Stopping threads took: 0.0000311 seconds
2016-11-15T16:25:20.389+0100: 39317.581: Total time for which application threads were stopped: 0.0011602 seconds, Stopping threads took: 0.0000945 seconds
2016-11-15T16:25:25.341+0100: 39322.533: Total time for which application threads were stopped: 0.0014403 seconds, Stopping threads took: 0.0001430 seconds
2016-11-15T16:25:25.342+0100: 39322.535: Total time for which application threads were stopped: 0.0007321 seconds, Stopping threads took: 0.0000526 seconds
2016-11-15T16:25:25.343+0100: 39322.536: Total time for which application threads were stopped: 0.0006498 seconds, Stopping threads took: 0.0000315 seconds
2016-11-15T16:25:25.495+0100: 39322.688: Total time for which application threads were stopped: 0.0008868 seconds, Stopping threads took: 0.0000774 seconds
2016-11-15T16:26:05.500+0100: 39362.692: Total time for which application threads were stopped: 0.0015133 seconds, Stopping threads took: 0.0001487 seconds
2016-11-15T16:26:15.502+0100: 39372.694: Total time for which application threads were stopped: 0.0014022 seconds, Stopping threads took: 0.0001379 seconds
2016-11-15T16:26:26.700+0100: 39383.892: [GC pause (G1 Evacuation Pause) (young)
Desired survivor size 60817408 bytes, new threshold 15 (max 15)
- age   1:   14685568 bytes,   14685568 total
- age   2:   20633872 bytes,   35319440 total
- age   3:    9714712 bytes,   45034152 total
- age   4:    8958904 bytes,   53993056 total
- age   5:    3480888 bytes,   57473944 total
- age   6:     445960 bytes,   57919904 total
- age   7:     302784 bytes,   58222688 total
- age   8:     208024 bytes,   58430712 total
- age   9:     361424 bytes,   58792136 total
- age  10:      64344 bytes,   58856480 total
- age  11:     321080 bytes,   59177560 total
- age  12:     128528 bytes,   59306088 total
- age  13:     378432 bytes,   59684520 total
- age  14:      71936 bytes,   59756456 total
- age  15:    3271096 bytes,   63027552 total
2016-11-15T16:26:26.759+0100: 39383.951: [SoftReference, 38 refs, 0.0058985 secs]2016-11-15T16:26:26.765+0100: 39383.957: [WeakReference, 20 refs, 0.0033413 secs]2016-11-15T16:26:26.768+0100: 39383.960: [FinalReference, 133 refs, 0.0032516 secs]2016-11-15T16:26:26.771+0100: 39383.964: [PhantomReference, 0 refs, 0 refs, 0.0063109 secs]2016-11-15T16:26:26.778+0100: 39383.970: [JNI Weak Reference, 0.0000367 secs], 0.0930982 secs]
   [Parallel Time: 56.2 ms, GC Workers: 43]
      [GC Worker Start (ms): Min: 39383892.6, Avg: 39383893.2, Max: 39383893.6, Diff: 1.0]
      [Ext Root Scanning (ms): Min: 1.8, Avg: 2.4, Max: 5.6, Diff: 3.8, Sum: 103.2]
      [Update RS (ms): Min: 6.7, Avg: 9.7, Max: 13.4, Diff: 6.6, Sum: 417.0]
         [Processed Buffers: Min: 3, Avg: 7.0, Max: 22, Diff: 19, Sum: 302]
      [Scan RS (ms): Min: 0.1, Avg: 0.5, Max: 0.7, Diff: 0.6, Sum: 20.8]
      [Code Root Scanning (ms): Min: 0.0, Avg: 0.0, Max: 0.3, Diff: 0.3, Sum: 1.4]
      [Object Copy (ms): Min: 39.0, Avg: 42.1, Max: 42.6, Diff: 3.7, Sum: 1809.8]
      [Termination (ms): Min: 0.0, Avg: 0.1, Max: 0.1, Diff: 0.1, Sum: 2.3]
         [Termination Attempts: Min: 1, Avg: 8.0, Max: 19, Diff: 18, Sum: 342]
      [GC Worker Other (ms): Min: 0.0, Avg: 0.3, Max: 0.8, Diff: 0.7, Sum: 14.5]
      [GC Worker Total (ms): Min: 54.4, Avg: 55.1, Max: 56.0, Diff: 1.6, Sum: 2368.9]
      [GC Worker End (ms): Min: 39383947.9, Avg: 39383948.2, Max: 39383948.7, Diff: 0.7]
   [Code Root Fixup: 0.3 ms]
   [Code Root Purge: 0.0 ms]
   [String Dedup Fixup: 2.6 ms, GC Workers: 43]
      [Queue Fixup (ms): Min: 0.0, Avg: 0.1, Max: 1.2, Diff: 1.2, Sum: 4.7]
      [Table Fixup (ms): Min: 0.5, Avg: 1.4, Max: 1.8, Diff: 1.3, Sum: 60.1]
   [Clear CT: 5.2 ms]
   [Other: 28.8 ms]
      [Choose CSet: 0.0 ms]
      [Ref Proc: 21.0 ms]
      [Ref Enq: 1.2 ms]
      [Redirty Cards: 1.4 ms]
      [Humongous Register: 0.3 ms]
      [Humongous Reclaim: 0.2 ms]
      [Free CSet: 3.9 ms]
   [Eden: 833.0M(833.0M)->0.0B(817.0M) Survivors: 93.0M->95.0M Heap: 1587.5M(2048.0M)->755.8M(2048.0M)]
 [Times: user=2.67 sys=0.03, real=0.09 secs] 
2016-11-15T16:26:26.793+0100: 39383.985: Total time for which application threads were stopped: 0.0953004 seconds, Stopping threads took: 0.0001550 seconds
2016-11-15T16:26:26.795+0100: 39383.987: Total time for which application threads were stopped: 0.0015506 seconds, Stopping threads took: 0.0001136 seconds
2016-11-15T16:26:26.849+0100: 39384.041: [GC concurrent-string-deduplication, 7689.6K->12.2K(7677.4K), avg 89.3%, 0.0538368 secs]
2016-11-15T16:26:28.797+0100: 39385.989: Total time for which application threads were stopped: 0.0014926 seconds, Stopping threads took: 0.0001494 seconds
2016-11-15T16:26:29.798+0100: 39386.991: Total time for which application threads were stopped: 0.0014309 seconds, Stopping threads took: 0.0001412 seconds
2016-11-15T16:27:41.805+0100: 39458.997: Total time for which application threads were stopped: 0.0014689 seconds, Stopping threads took: 0.0001474 seconds
2016-11-15T16:28:51.812+0100: 39529.004: Total time for which application threads were stopped: 0.0018482 seconds, Stopping threads took: 0.0001504 seconds
2016-11-15T16:28:59.814+0100: 39537.006: Total time for which application threads were stopped: 0.0015501 seconds, Stopping threads took: 0.0001424 seconds
2016-11-15T16:29:02.816+0100: 39540.008: Total time for which application threads were stopped: 0.0015563 seconds, Stopping threads took: 0.0001537 seconds
2016-11-15T16:29:17.818+0100: 39555.011: Total time for which application threads were stopped: 0.0015712 seconds, Stopping threads took: 0.0001568 seconds
2016-11-15T16:30:00.823+0100: 39598.016: Total time for which application threads were stopped: 0.0014187 seconds, Stopping threads took: 0.0001404 seconds
2016-11-15T16:30:16.826+0100: 39614.018: Total time for which application threads were stopped: 0.0015254 seconds, Stopping threads took: 0.0001526 seconds
2016-11-15T16:30:18.827+0100: 39616.020: Total time for which application threads were stopped: 0.0014256 seconds, Stopping threads took: 0.0001467 seconds
2016-11-15T16:30:30.341+0100: 39627.533: Total time for which application threads were stopped: 0.0017093 seconds, Stopping threads took: 0.0001477 seconds
2016-11-15T16:30:35.697+0100: 39632.889: Total time for which application threads were stopped: 0.0014503 seconds, Stopping threads took: 0.0001424 seconds
2016-11-15T16:30:45.699+0100: 39642.891: Total time for which application threads were stopped: 0.0015353 seconds, Stopping threads took: 0.0001514 seconds
2016-11-15T16:30:45.700+0100: 39642.892: Total time for which application threads were stopped: 0.0007034 seconds, Stopping threads took: 0.0000353 seconds
2016-11-15T16:30:56.702+0100: 39653.894: Total time for which application threads were stopped: 0.0014176 seconds, Stopping threads took: 0.0001564 seconds
2016-11-15T16:31:22.754+0100: 39679.947: [GC pause (G1 Evacuation Pause) (young)
Desired survivor size 59768832 bytes, new threshold 5 (max 15)
- age   1:   15098416 bytes,   15098416 total
- age   2:   14267744 bytes,   29366160 total
- age   3:   20599640 bytes,   49965800 total
- age   4:    5883760 bytes,   55849560 total
- age   5:    8958904 bytes,   64808464 total
- age   6:    3469952 bytes,   68278416 total
- age   7:     444392 bytes,   68722808 total
- age   8:     302784 bytes,   69025592 total
- age   9:     207984 bytes,   69233576 total
- age  10:     361352 bytes,   69594928 total
- age  11:      63936 bytes,   69658864 total
- age  12:     321080 bytes,   69979944 total
- age  13:     128528 bytes,   70108472 total
- age  14:     378368 bytes,   70486840 total
- age  15:      71936 bytes,   70558776 total
2016-11-15T16:31:22.828+0100: 39680.021: [SoftReference, 92 refs, 0.0053445 secs]2016-11-15T16:31:22.834+0100: 39680.026: [WeakReference, 9 refs, 0.0039020 secs]2016-11-15T16:31:22.837+0100: 39680.030: [FinalReference, 50 refs, 0.0035623 secs]2016-11-15T16:31:22.841+0100: 39680.033: [PhantomReference, 0 refs, 0 refs, 0.0063870 secs]2016-11-15T16:31:22.847+0100: 39680.040: [JNI Weak Reference, 0.0000346 secs], 0.1077629 secs]
   [Parallel Time: 71.1 ms, GC Workers: 43]
      [GC Worker Start (ms): Min: 39679947.3, Avg: 39679947.9, Max: 39679948.4, Diff: 1.0]
      [Ext Root Scanning (ms): Min: 1.7, Avg: 2.5, Max: 5.9, Diff: 4.2, Sum: 105.7]
      [Update RS (ms): Min: 10.0, Avg: 12.6, Max: 15.6, Diff: 5.6, Sum: 542.7]
         [Processed Buffers: Min: 3, Avg: 8.3, Max: 20, Diff: 17, Sum: 357]
      [Scan RS (ms): Min: 0.1, Avg: 0.5, Max: 0.8, Diff: 0.7, Sum: 23.3]
      [Code Root Scanning (ms): Min: 0.0, Avg: 0.0, Max: 0.3, Diff: 0.3, Sum: 1.7]
      [Object Copy (ms): Min: 50.2, Avg: 52.7, Max: 53.4, Diff: 3.2, Sum: 2266.2]
      [Termination (ms): Min: 0.0, Avg: 0.4, Max: 0.6, Diff: 0.6, Sum: 18.6]
         [Termination Attempts: Min: 1, Avg: 79.8, Max: 116, Diff: 115, Sum: 3431]
      [GC Worker Other (ms): Min: 0.0, Avg: 0.4, Max: 1.0, Diff: 0.9, Sum: 18.9]
      [GC Worker Total (ms): Min: 68.5, Avg: 69.2, Max: 70.2, Diff: 1.6, Sum: 2977.1]
      [GC Worker End (ms): Min: 39680016.7, Avg: 39680017.1, Max: 39680017.6, Diff: 0.9]
   [Code Root Fixup: 0.3 ms]
   [Code Root Purge: 0.0 ms]
   [String Dedup Fixup: 2.1 ms, GC Workers: 43]
      [Queue Fixup (ms): Min: 0.0, Avg: 0.1, Max: 0.4, Diff: 0.4, Sum: 2.3]
      [Table Fixup (ms): Min: 0.9, Avg: 1.4, Max: 1.7, Diff: 0.9, Sum: 58.4]
   [Clear CT: 5.3 ms]
   [Other: 29.0 ms]
      [Choose CSet: 0.0 ms]
      [Ref Proc: 21.3 ms]
      [Ref Enq: 1.3 ms]
      [Redirty Cards: 1.4 ms]
      [Humongous Register: 0.3 ms]
      [Humongous Reclaim: 0.2 ms]
      [Free CSet: 3.7 ms]
   [Eden: 817.0M(817.0M)->0.0B(795.0M) Survivors: 95.0M->92.0M Heap: 1584.8M(2048.0M)->774.1M(2048.0M)]
 [Times: user=3.30 sys=0.02, real=0.11 secs] 
2016-11-15T16:31:22.862+0100: 39680.055: Total time for which application threads were stopped: 0.1100255 seconds, Stopping threads took: 0.0001590 seconds
2016-11-15T16:31:22.902+0100: 39680.095: [GC concurrent-string-deduplication, 5437.6K->1856.0B(5435.8K), avg 89.6%, 0.0396780 secs]
2016-11-15T16:31:23.014+0100: 39680.207: Total time for which application threads were stopped: 0.0014090 seconds, Stopping threads took: 0.0000972 seconds
2016-11-15T16:31:23.015+0100: 39680.208: Total time for which application threads were stopped: 0.0006959 seconds, Stopping threads took: 0.0000373 seconds
2016-11-15T16:31:23.016+0100: 39680.209: Total time for which application threads were stopped: 0.0007126 seconds, Stopping threads took: 0.0000446 seconds
2016-11-15T16:31:23.178+0100: 39680.370: Total time for which application threads were stopped: 0.0009511 seconds, Stopping threads took: 0.0000889 seconds
2016-11-15T16:31:40.175+0100: 39697.367: Total time for which application threads were stopped: 0.0014523 seconds, Stopping threads took: 0.0001387 seconds
2016-11-15T16:31:40.176+0100: 39697.368: Total time for which application threads were stopped: 0.0006729 seconds, Stopping threads took: 0.0000343 seconds
2016-11-15T16:31:40.177+0100: 39697.369: Total time for which application threads were stopped: 0.0006706 seconds, Stopping threads took: 0.0000336 seconds
2016-11-15T16:31:40.221+0100: 39697.414: Total time for which application threads were stopped: 0.0008058 seconds, Stopping threads took: 0.0000558 seconds
2016-11-15T16:32:05.051+0100: 39722.243: Total time for which application threads were stopped: 0.0014490 seconds, Stopping threads took: 0.0001391 seconds
2016-11-15T16:32:05.052+0100: 39722.244: Total time for which application threads were stopped: 0.0006713 seconds, Stopping threads took: 0.0000324 seconds
2016-11-15T16:32:05.052+0100: 39722.245: Total time for which application threads were stopped: 0.0006583 seconds, Stopping threads took: 0.0000316 seconds
2016-11-15T16:32:05.250+0100: 39722.442: Total time for which application threads were stopped: 0.0014446 seconds, Stopping threads took: 0.0001354 seconds
2016-11-15T16:32:31.611+0100: 39748.803: Total time for which application threads were stopped: 0.0017161 seconds, Stopping threads took: 0.0001386 seconds
2016-11-15T16:32:31.612+0100: 39748.804: Total time for which application threads were stopped: 0.0008746 seconds, Stopping threads took: 0.0000396 seconds
2016-11-15T16:32:31.613+0100: 39748.805: Total time for which application threads were stopped: 0.0008327 seconds, Stopping threads took: 0.0000351 seconds
2016-11-15T16:32:31.613+0100: 39748.806: Total time for which application threads were stopped: 0.0008235 seconds, Stopping threads took: 0.0000340 seconds
2016-11-15T16:32:31.614+0100: 39748.807: Total time for which application threads were stopped: 0.0008222 seconds, Stopping threads took: 0.0000334 seconds
2016-11-15T16:32:31.615+0100: 39748.808: Total time for which application threads were stopped: 0.0008220 seconds, Stopping threads took: 0.0000329 seconds
2016-11-15T16:32:31.620+0100: 39748.812: Total time for which application threads were stopped: 0.0008926 seconds, Stopping threads took: 0.0000512 seconds
2016-11-15T16:32:31.659+0100: 39748.851: Total time for which application threads were stopped: 0.0018044 seconds, Stopping threads took: 0.0004127 seconds
2016-11-15T16:32:31.693+0100: 39748.886: Total time for which application threads were stopped: 0.0053621 seconds, Stopping threads took: 0.0001921 seconds
2016-11-15T16:32:31.698+0100: 39748.891: Total time for which application threads were stopped: 0.0048064 seconds, Stopping threads took: 0.0001460 seconds
2016-11-15T16:32:31.727+0100: 39748.920: Total time for which application threads were stopped: 0.0016030 seconds, Stopping threads took: 0.0000785 seconds
2016-11-15T16:32:31.728+0100: 39748.921: Total time for which application threads were stopped: 0.0010748 seconds, Stopping threads took: 0.0000989 seconds
2016-11-15T16:32:31.733+0100: 39748.926: Total time for which application threads were stopped: 0.0044834 seconds, Stopping threads took: 0.0001673 seconds
2016-11-15T16:32:31.735+0100: 39748.927: Total time for which application threads were stopped: 0.0016355 seconds, Stopping threads took: 0.0001416 seconds
2016-11-15T16:32:31.736+0100: 39748.928: Total time for which application threads were stopped: 0.0010881 seconds, Stopping threads took: 0.0001573 seconds
2016-11-15T16:32:31.737+0100: 39748.930: Total time for which application threads were stopped: 0.0011688 seconds, Stopping threads took: 0.0001565 seconds
2016-11-15T16:32:31.739+0100: 39748.931: Total time for which application threads were stopped: 0.0013931 seconds, Stopping threads took: 0.0004268 seconds
2016-11-15T16:32:31.740+0100: 39748.932: Total time for which application threads were stopped: 0.0010724 seconds, Stopping threads took: 0.0001119 seconds
2016-11-15T16:32:31.741+0100: 39748.934: Total time for which application threads were stopped: 0.0010820 seconds, Stopping threads took: 0.0001134 seconds
2016-11-15T16:32:31.742+0100: 39748.935: Total time for which application threads were stopped: 0.0010435 seconds, Stopping threads took: 0.0000896 seconds
2016-11-15T16:32:31.744+0100: 39748.936: Total time for which application threads were stopped: 0.0011702 seconds, Stopping threads took: 0.0001935 seconds
2016-11-15T16:32:31.750+0100: 39748.943: Total time for which application threads were stopped: 0.0010390 seconds, Stopping threads took: 0.0000687 seconds
2016-11-15T16:32:31.765+0100: 39748.957: Total time for which application threads were stopped: 0.0012806 seconds, Stopping threads took: 0.0001005 seconds
2016-11-15T16:32:31.766+0100: 39748.958: Total time for which application threads were stopped: 0.0008640 seconds, Stopping threads took: 0.0000486 seconds
2016-11-15T16:32:31.767+0100: 39748.959: Total time for which application threads were stopped: 0.0009269 seconds, Stopping threads took: 0.0000846 seconds
2016-11-15T16:32:31.768+0100: 39748.960: Total time for which application threads were stopped: 0.0009262 seconds, Stopping threads took: 0.0000990 seconds
2016-11-15T16:32:31.769+0100: 39748.961: Total time for which application threads were stopped: 0.0009110 seconds, Stopping threads took: 0.0000776 seconds
2016-11-15T16:32:31.770+0100: 39748.962: Total time for which application threads were stopped: 0.0009052 seconds, Stopping threads took: 0.0000891 seconds
2016-11-15T16:32:31.772+0100: 39748.964: Total time for which application threads were stopped: 0.0009082 seconds, Stopping threads took: 0.0000702 seconds
2016-11-15T16:32:31.775+0100: 39748.967: Total time for which application threads were stopped: 0.0008981 seconds, Stopping threads took: 0.0000744 seconds
2016-11-15T16:32:31.782+0100: 39748.975: Total time for which application threads were stopped: 0.0010044 seconds, Stopping threads took: 0.0000662 seconds
2016-11-15T16:32:31.783+0100: 39748.975: Total time for which application threads were stopped: 0.0008160 seconds, Stopping threads took: 0.0000379 seconds
2016-11-15T16:32:31.784+0100: 39748.976: Total time for which application threads were stopped: 0.0008203 seconds, Stopping threads took: 0.0000346 seconds
2016-11-15T16:32:31.785+0100: 39748.977: Total time for which application threads were stopped: 0.0008491 seconds, Stopping threads took: 0.0000378 seconds
2016-11-15T16:32:31.789+0100: 39748.981: Total time for which application threads were stopped: 0.0041158 seconds, Stopping threads took: 0.0001079 seconds
2016-11-15T16:32:31.793+0100: 39748.986: Total time for which application threads were stopped: 0.0044667 seconds, Stopping threads took: 0.0003988 seconds
2016-11-15T16:32:31.796+0100: 39748.988: Total time for which application threads were stopped: 0.0014140 seconds, Stopping threads took: 0.0001165 seconds
2016-11-15T16:32:31.813+0100: 39749.005: Total time for which application threads were stopped: 0.0014544 seconds, Stopping threads took: 0.0000674 seconds
2016-11-15T16:32:31.814+0100: 39749.006: Total time for which application threads were stopped: 0.0009649 seconds, Stopping threads took: 0.0000851 seconds
2016-11-15T16:32:31.831+0100: 39749.023: Total time for which application threads were stopped: 0.0011829 seconds, Stopping threads took: 0.0000876 seconds
2016-11-15T16:32:31.832+0100: 39749.024: Total time for which application threads were stopped: 0.0009053 seconds, Stopping threads took: 0.0000442 seconds
2016-11-15T16:32:31.833+0100: 39749.025: Total time for which application threads were stopped: 0.0010450 seconds, Stopping threads took: 0.0001026 seconds
2016-11-15T16:32:31.834+0100: 39749.026: Total time for which application threads were stopped: 0.0009833 seconds, Stopping threads took: 0.0000772 seconds
2016-11-15T16:32:31.835+0100: 39749.027: Total time for which application threads were stopped: 0.0010007 seconds, Stopping threads took: 0.0000730 seconds
2016-11-15T16:32:31.836+0100: 39749.028: Total time for which application threads were stopped: 0.0009136 seconds, Stopping threads took: 0.0000445 seconds
2016-11-15T16:32:31.839+0100: 39749.031: Total time for which application threads were stopped: 0.0009413 seconds, Stopping threads took: 0.0000702 seconds
2016-11-15T16:33:09.843+0100: 39787.036: Total time for which application threads were stopped: 0.0014757 seconds, Stopping threads took: 0.0001523 seconds
2016-11-15T16:33:26.558+0100: 39803.751: Total time for which application threads were stopped: 0.0016493 seconds, Stopping threads took: 0.0001470 seconds
2016-11-15T16:33:26.560+0100: 39803.752: Total time for which application threads were stopped: 0.0009191 seconds, Stopping threads took: 0.0000659 seconds
2016-11-15T16:33:26.560+0100: 39803.753: Total time for which application threads were stopped: 0.0007455 seconds, Stopping threads took: 0.0000378 seconds
2016-11-15T16:33:26.864+0100: 39804.056: Total time for which application threads were stopped: 0.0016407 seconds, Stopping threads took: 0.0001508 seconds
2016-11-15T16:33:36.864+0100: 39814.057: Total time for which application threads were stopped: 0.0015706 seconds, Stopping threads took: 0.0001474 seconds
2016-11-15T16:33:36.865+0100: 39814.058: Total time for which application threads were stopped: 0.0007483 seconds, Stopping threads took: 0.0000308 seconds
2016-11-15T16:33:36.866+0100: 39814.059: Total time for which application threads were stopped: 0.0007642 seconds, Stopping threads took: 0.0000384 seconds
2016-11-15T16:33:37.055+0100: 39814.248: Total time for which application threads were stopped: 0.0017473 seconds, Stopping threads took: 0.0002213 seconds
2016-11-15T16:34:15.626+0100: 39852.819: Total time for which application threads were stopped: 0.0015511 seconds, Stopping threads took: 0.0001474 seconds
2016-11-15T16:34:15.627+0100: 39852.819: Total time for which application threads were stopped: 0.0007324 seconds, Stopping threads took: 0.0000561 seconds
2016-11-15T16:34:15.628+0100: 39852.820: Total time for which application threads were stopped: 0.0006910 seconds, Stopping threads took: 0.0000350 seconds
2016-11-15T16:34:15.832+0100: 39853.024: Total time for which application threads were stopped: 0.0016615 seconds, Stopping threads took: 0.0001691 seconds
2016-11-15T16:34:20.230+0100: 39857.423: Total time for which application threads were stopped: 0.0014413 seconds, Stopping threads took: 0.0001400 seconds
2016-11-15T16:34:20.231+0100: 39857.424: Total time for which application threads were stopped: 0.0006952 seconds, Stopping threads took: 0.0000386 seconds
2016-11-15T16:34:20.232+0100: 39857.424: Total time for which application threads were stopped: 0.0006729 seconds, Stopping threads took: 0.0000337 seconds
2016-11-15T16:34:20.275+0100: 39857.467: Total time for which application threads were stopped: 0.0010014 seconds, Stopping threads took: 0.0000762 seconds
2016-11-15T16:34:31.400+0100: 39868.592: [GC pause (G1 Evacuation Pause) (young)
Desired survivor size 58195968 bytes, new threshold 5 (max 15)
- age   1:   14740296 bytes,   14740296 total
- age   2:   14681864 bytes,   29422160 total
- age   3:   14265696 bytes,   43687856 total
- age   4:   12737920 bytes,   56425776 total
- age   5:    5881632 bytes,   62307408 total
2016-11-15T16:34:31.464+0100: 39868.657: [SoftReference, 102 refs, 0.0051236 secs]2016-11-15T16:34:31.469+0100: 39868.662: [WeakReference, 11 refs, 0.0032063 secs]2016-11-15T16:34:31.472+0100: 39868.665: [FinalReference, 251 refs, 0.0032593 secs]2016-11-15T16:34:31.476+0100: 39868.668: [PhantomReference, 0 refs, 0 refs, 0.0065777 secs]2016-11-15T16:34:31.482+0100: 39868.675: [JNI Weak Reference, 0.0000325 secs], 0.0974723 secs]
   [Parallel Time: 61.7 ms, GC Workers: 43]
      [GC Worker Start (ms): Min: 39868592.7, Avg: 39868593.3, Max: 39868593.8, Diff: 1.0]
      [Ext Root Scanning (ms): Min: 1.9, Avg: 2.5, Max: 6.6, Diff: 4.7, Sum: 109.6]
      [Update RS (ms): Min: 12.0, Avg: 15.6, Max: 16.7, Diff: 4.7, Sum: 670.2]
         [Processed Buffers: Min: 5, Avg: 10.5, Max: 21, Diff: 16, Sum: 450]
      [Scan RS (ms): Min: 0.1, Avg: 0.5, Max: 0.7, Diff: 0.7, Sum: 22.7]
      [Code Root Scanning (ms): Min: 0.0, Avg: 0.0, Max: 0.3, Diff: 0.3, Sum: 1.1]
      [Object Copy (ms): Min: 41.0, Avg: 41.5, Max: 41.6, Diff: 0.6, Sum: 1782.4]
      [Termination (ms): Min: 0.0, Avg: 0.1, Max: 0.1, Diff: 0.1, Sum: 2.3]
         [Termination Attempts: Min: 1, Avg: 9.0, Max: 24, Diff: 23, Sum: 389]
      [GC Worker Other (ms): Min: 0.0, Avg: 0.4, Max: 0.9, Diff: 0.8, Sum: 16.3]
      [GC Worker Total (ms): Min: 59.9, Avg: 60.6, Max: 61.3, Diff: 1.4, Sum: 2604.5]
      [GC Worker End (ms): Min: 39868653.5, Avg: 39868653.8, Max: 39868654.3, Diff: 0.8]
   [Code Root Fixup: 0.2 ms]
   [Code Root Purge: 0.0 ms]
   [String Dedup Fixup: 2.4 ms, GC Workers: 43]
      [Queue Fixup (ms): Min: 0.0, Avg: 0.1, Max: 0.6, Diff: 0.6, Sum: 2.4]
      [Table Fixup (ms): Min: 0.9, Avg: 1.4, Max: 1.8, Diff: 0.9, Sum: 60.7]
   [Clear CT: 5.0 ms]
   [Other: 28.0 ms]
      [Choose CSet: 0.0 ms]
      [Ref Proc: 20.2 ms]
      [Ref Enq: 1.4 ms]
      [Redirty Cards: 1.4 ms]
      [Humongous Register: 0.3 ms]
      [Humongous Reclaim: 0.2 ms]
      [Free CSet: 3.7 ms]
   [Eden: 795.0M(795.0M)->0.0B(764.0M) Survivors: 92.0M->93.0M Heap: 1581.1M(2048.0M)->799.0M(2048.0M)]
 [Times: user=2.90 sys=0.03, real=0.10 secs] 
2016-11-15T16:34:31.497+0100: 39868.690: Total time for which application threads were stopped: 0.0996227 seconds, Stopping threads took: 0.0001534 seconds
2016-11-15T16:34:31.499+0100: 39868.692: Total time for which application threads were stopped: 0.0014474 seconds, Stopping threads took: 0.0001279 seconds
2016-11-15T16:34:31.539+0100: 39868.731: [GC concurrent-string-deduplication, 5611.6K->3720.0B(5607.9K), avg 90.0%, 0.0396102 secs]
2016-11-15T16:37:02.045+0100: 40019.237: Total time for which application threads were stopped: 0.0016107 seconds, Stopping threads took: 0.0001549 seconds
2016-11-15T16:37:02.046+0100: 40019.238: Total time for which application threads were stopped: 0.0006889 seconds, Stopping threads took: 0.0000324 seconds
2016-11-15T16:37:02.046+0100: 40019.239: Total time for which application threads were stopped: 0.0006757 seconds, Stopping threads took: 0.0000308 seconds
2016-11-15T16:37:02.080+0100: 40019.273: Total time for which application threads were stopped: 0.0008484 seconds, Stopping threads took: 0.0000652 seconds
2016-11-15T16:37:02.081+0100: 40019.274: Total time for which application threads were stopped: 0.0006773 seconds, Stopping threads took: 0.0000306 seconds
2016-11-15T16:37:02.082+0100: 40019.274: Total time for which application threads were stopped: 0.0006682 seconds, Stopping threads took: 0.0000309 seconds
2016-11-15T16:37:02.101+0100: 40019.293: Total time for which application threads were stopped: 0.0008799 seconds, Stopping threads took: 0.0000744 seconds
2016-11-15T16:37:07.699+0100: 40024.891: Total time for which application threads were stopped: 0.0016025 seconds, Stopping threads took: 0.0001877 seconds
2016-11-15T16:37:07.700+0100: 40024.892: Total time for which application threads were stopped: 0.0007996 seconds, Stopping threads took: 0.0001009 seconds
2016-11-15T16:37:07.700+0100: 40024.893: Total time for which application threads were stopped: 0.0007530 seconds, Stopping threads took: 0.0000788 seconds
2016-11-15T16:37:07.819+0100: 40025.011: Total time for which application threads were stopped: 0.0010247 seconds, Stopping threads took: 0.0001193 seconds
2016-11-15T16:37:10.693+0100: 40027.885: Total time for which application threads were stopped: 0.0014965 seconds, Stopping threads took: 0.0001531 seconds
2016-11-15T16:37:10.694+0100: 40027.886: Total time for which application threads were stopped: 0.0009345 seconds, Stopping threads took: 0.0001577 seconds
2016-11-15T16:37:10.695+0100: 40027.887: Total time for which application threads were stopped: 0.0007143 seconds, Stopping threads took: 0.0000553 seconds
2016-11-15T16:37:10.720+0100: 40027.912: Total time for which application threads were stopped: 0.0007399 seconds, Stopping threads took: 0.0000567 seconds
2016-11-15T16:37:10.721+0100: 40027.913: Total time for which application threads were stopped: 0.0009045 seconds, Stopping threads took: 0.0000385 seconds
2016-11-15T16:37:10.722+0100: 40027.914: Total time for which application threads were stopped: 0.0006980 seconds, Stopping threads took: 0.0000374 seconds
2016-11-15T16:37:10.737+0100: 40027.930: Total time for which application threads were stopped: 0.0007017 seconds, Stopping threads took: 0.0000584 seconds
2016-11-15T16:37:37.768+0100: 40054.961: Total time for which application threads were stopped: 0.0035499 seconds, Stopping threads took: 0.0001469 seconds
2016-11-15T16:37:37.772+0100: 40054.964: Total time for which application threads were stopped: 0.0027424 seconds, Stopping threads took: 0.0000497 seconds
2016-11-15T16:37:37.774+0100: 40054.967: Total time for which application threads were stopped: 0.0024779 seconds, Stopping threads took: 0.0000426 seconds
2016-11-15T16:37:37.780+0100: 40054.972: Total time for which application threads were stopped: 0.0009966 seconds, Stopping threads took: 0.0000540 seconds
2016-11-15T16:37:37.781+0100: 40054.973: Total time for which application threads were stopped: 0.0006551 seconds, Stopping threads took: 0.0000310 seconds
2016-11-15T16:37:37.781+0100: 40054.974: Total time for which application threads were stopped: 0.0006618 seconds, Stopping threads took: 0.0000304 seconds
2016-11-15T16:37:37.822+0100: 40055.014: Total time for which application threads were stopped: 0.0012018 seconds, Stopping threads took: 0.0000995 seconds
2016-11-15T16:38:58.541+0100: 40135.734: [GC pause (G1 Evacuation Pause) (young)
Desired survivor size 56623104 bytes, new threshold 5 (max 15)
- age   1:   15730920 bytes,   15730920 total
- age   2:   14376328 bytes,   30107248 total
- age   3:   14672576 bytes,   44779824 total
- age   4:    8699368 bytes,   53479192 total
- age   5:   12619416 bytes,   66098608 total
2016-11-15T16:38:58.603+0100: 40135.795: [SoftReference, 6 refs, 0.0057873 secs]2016-11-15T16:38:58.608+0100: 40135.801: [WeakReference, 4 refs, 0.0032854 secs]2016-11-15T16:38:58.612+0100: 40135.804: [FinalReference, 112 refs, 0.0032616 secs]2016-11-15T16:38:58.615+0100: 40135.807: [PhantomReference, 0 refs, 0 refs, 0.0070134 secs]2016-11-15T16:38:58.622+0100: 40135.814: [JNI Weak Reference, 0.0000322 secs], 0.0950017 secs]
   [Parallel Time: 58.5 ms, GC Workers: 43]
      [GC Worker Start (ms): Min: 40135734.4, Avg: 40135734.9, Max: 40135735.4, Diff: 1.0]
      [Ext Root Scanning (ms): Min: 1.8, Avg: 2.4, Max: 5.3, Diff: 3.5, Sum: 104.8]
      [Update RS (ms): Min: 7.5, Avg: 10.3, Max: 11.5, Diff: 3.9, Sum: 442.0]
         [Processed Buffers: Min: 2, Avg: 7.3, Max: 18, Diff: 16, Sum: 316]
      [Scan RS (ms): Min: 0.1, Avg: 0.5, Max: 0.7, Diff: 0.7, Sum: 20.8]
      [Code Root Scanning (ms): Min: 0.0, Avg: 0.0, Max: 0.3, Diff: 0.3, Sum: 0.9]
      [Object Copy (ms): Min: 42.0, Avg: 42.7, Max: 43.0, Diff: 1.0, Sum: 1837.9]
      [Termination (ms): Min: 0.0, Avg: 0.3, Max: 0.5, Diff: 0.5, Sum: 14.0]
         [Termination Attempts: Min: 1, Avg: 60.8, Max: 94, Diff: 93, Sum: 2615]
      [GC Worker Other (ms): Min: 0.0, Avg: 0.4, Max: 0.9, Diff: 0.9, Sum: 17.6]
      [GC Worker Total (ms): Min: 56.1, Avg: 56.7, Max: 57.7, Diff: 1.7, Sum: 2438.0]
      [GC Worker End (ms): Min: 40135791.3, Avg: 40135791.6, Max: 40135792.1, Diff: 0.9]
   [Code Root Fixup: 0.2 ms]
   [Code Root Purge: 0.0 ms]
   [String Dedup Fixup: 2.4 ms, GC Workers: 43]
      [Queue Fixup (ms): Min: 0.0, Avg: 0.1, Max: 1.8, Diff: 1.8, Sum: 5.7]
      [Table Fixup (ms): Min: 0.0, Avg: 1.4, Max: 1.8, Diff: 1.8, Sum: 58.3]
   [Clear CT: 5.0 ms]
   [Other: 29.0 ms]
      [Choose CSet: 0.0 ms]
      [Ref Proc: 21.4 ms]
      [Ref Enq: 1.3 ms]
      [Redirty Cards: 1.4 ms]
      [Humongous Register: 0.3 ms]
      [Humongous Reclaim: 0.1 ms]
      [Free CSet: 3.6 ms]
   [Eden: 764.0M(764.0M)->0.0B(785.0M) Survivors: 93.0M->72.0M Heap: 1567.0M(2048.0M)->796.8M(2048.0M)]
 [Times: user=2.72 sys=0.03, real=0.09 secs] 
2016-11-15T16:38:58.637+0100: 40135.829: Total time for which application threads were stopped: 0.0971431 seconds, Stopping threads took: 0.0001433 seconds
2016-11-15T16:38:58.638+0100: 40135.831: Total time for which application threads were stopped: 0.0014199 seconds, Stopping threads took: 0.0001068 seconds
2016-11-15T16:38:58.639+0100: 40135.832: Total time for which application threads were stopped: 0.0007626 seconds, Stopping threads took: 0.0000896 seconds
2016-11-15T16:38:58.640+0100: 40135.832: Total time for which application threads were stopped: 0.0007089 seconds, Stopping threads took: 0.0000728 seconds
2016-11-15T16:38:58.680+0100: 40135.872: [GC concurrent-string-deduplication, 5612.0K->2824.0B(5609.2K), avg 90.3%, 0.0398665 secs]
2016-11-15T16:39:18.888+0100: 40156.081: Total time for which application threads were stopped: 0.0014740 seconds, Stopping threads took: 0.0001349 seconds
2016-11-15T16:39:24.162+0100: 40161.354: Total time for which application threads were stopped: 0.0014362 seconds, Stopping threads took: 0.0001481 seconds
2016-11-15T16:39:34.163+0100: 40171.356: Total time for which application threads were stopped: 0.0014568 seconds, Stopping threads took: 0.0001489 seconds
2016-11-15T16:39:34.164+0100: 40171.357: Total time for which application threads were stopped: 0.0006646 seconds, Stopping threads took: 0.0000346 seconds
2016-11-15T16:39:54.200+0100: 40191.392: Total time for which application threads were stopped: 0.0014531 seconds, Stopping threads took: 0.0001446 seconds
2016-11-15T16:39:54.201+0100: 40191.393: Total time for which application threads were stopped: 0.0006895 seconds, Stopping threads took: 0.0000336 seconds
2016-11-15T16:39:54.201+0100: 40191.394: Total time for which application threads were stopped: 0.0006757 seconds, Stopping threads took: 0.0000321 seconds
2016-11-15T16:39:54.387+0100: 40191.580: Total time for which application threads were stopped: 0.0014544 seconds, Stopping threads took: 0.0001410 seconds
2016-11-15T16:40:01.529+0100: 40198.722: Total time for which application threads were stopped: 0.0014364 seconds, Stopping threads took: 0.0001401 seconds
2016-11-15T16:40:01.530+0100: 40198.723: Total time for which application threads were stopped: 0.0006751 seconds, Stopping threads took: 0.0000337 seconds
2016-11-15T16:40:01.531+0100: 40198.724: Total time for which application threads were stopped: 0.0006621 seconds, Stopping threads took: 0.0000350 seconds
2016-11-15T16:40:01.578+0100: 40198.770: Total time for which application threads were stopped: 0.0029511 seconds, Stopping threads took: 0.0000629 seconds
2016-11-15T16:40:01.687+0100: 40198.880: Total time for which application threads were stopped: 0.0013902 seconds, Stopping threads took: 0.0001199 seconds
2016-11-15T16:42:16.488+0100: 40333.681: Total time for which application threads were stopped: 0.0015507 seconds, Stopping threads took: 0.0001433 seconds
2016-11-15T16:42:16.489+0100: 40333.681: Total time for which application threads were stopped: 0.0006940 seconds, Stopping threads took: 0.0000337 seconds
2016-11-15T16:42:16.490+0100: 40333.682: Total time for which application threads were stopped: 0.0006579 seconds, Stopping threads took: 0.0000307 seconds
2016-11-15T16:42:16.664+0100: 40333.857: Total time for which application threads were stopped: 0.0010698 seconds, Stopping threads took: 0.0000948 seconds
2016-11-15T16:42:30.473+0100: 40347.665: Total time for which application threads were stopped: 0.0016105 seconds, Stopping threads took: 0.0001354 seconds
2016-11-15T16:42:35.720+0100: 40352.912: Total time for which application threads were stopped: 0.0014166 seconds, Stopping threads took: 0.0001422 seconds
2016-11-15T16:42:37.498+0100: 40354.690: Total time for which application threads were stopped: 0.0014264 seconds, Stopping threads took: 0.0001426 seconds
2016-11-15T16:42:37.499+0100: 40354.691: Total time for which application threads were stopped: 0.0006750 seconds, Stopping threads took: 0.0000355 seconds
2016-11-15T16:42:37.499+0100: 40354.692: Total time for which application threads were stopped: 0.0006614 seconds, Stopping threads took: 0.0000338 seconds
2016-11-15T16:42:37.545+0100: 40354.738: Total time for which application threads were stopped: 0.0008060 seconds, Stopping threads took: 0.0000647 seconds
2016-11-15T16:42:45.721+0100: 40362.914: Total time for which application threads were stopped: 0.0015228 seconds, Stopping threads took: 0.0001441 seconds
2016-11-15T16:42:45.722+0100: 40362.915: Total time for which application threads were stopped: 0.0006844 seconds, Stopping threads took: 0.0000371 seconds
2016-11-15T16:43:23.460+0100: 40400.653: Total time for which application threads were stopped: 0.0015690 seconds, Stopping threads took: 0.0002105 seconds
2016-11-15T16:43:28.815+0100: 40406.007: Total time for which application threads were stopped: 0.0015560 seconds, Stopping threads took: 0.0001558 seconds
2016-11-15T16:43:53.819+0100: 40431.012: Total time for which application threads were stopped: 0.0038365 seconds, Stopping threads took: 0.0001585 seconds
2016-11-15T16:43:53.821+0100: 40431.013: Total time for which application threads were stopped: 0.0010029 seconds, Stopping threads took: 0.0000455 seconds
2016-11-15T16:46:05.697+0100: 40562.890: Total time for which application threads were stopped: 0.0015207 seconds, Stopping threads took: 0.0001492 seconds
2016-11-15T16:46:05.698+0100: 40562.891: Total time for which application threads were stopped: 0.0006833 seconds, Stopping threads took: 0.0000342 seconds
2016-11-15T16:46:05.699+0100: 40562.891: Total time for which application threads were stopped: 0.0006526 seconds, Stopping threads took: 0.0000303 seconds
2016-11-15T16:46:05.791+0100: 40562.984: Total time for which application threads were stopped: 0.0011839 seconds, Stopping threads took: 0.0001085 seconds
2016-11-15T16:46:08.574+0100: 40565.766: Total time for which application threads were stopped: 0.0014643 seconds, Stopping threads took: 0.0001481 seconds
2016-11-15T16:46:08.575+0100: 40565.768: Total time for which application threads were stopped: 0.0006959 seconds, Stopping threads took: 0.0000393 seconds
2016-11-15T16:46:08.576+0100: 40565.768: Total time for which application threads were stopped: 0.0006584 seconds, Stopping threads took: 0.0000315 seconds
2016-11-15T16:46:08.608+0100: 40565.800: Total time for which application threads were stopped: 0.0008114 seconds, Stopping threads took: 0.0000581 seconds
2016-11-15T16:46:30.675+0100: 40587.868: [GC pause (G1 Evacuation Pause) (young)
Desired survivor size 56623104 bytes, new threshold 15 (max 15)
- age   1:    2330464 bytes,    2330464 total
- age   2:   15547112 bytes,   17877576 total
- age   3:   14373352 bytes,   32250928 total
- age   4:    8929368 bytes,   41180296 total
- age   5:    8696848 bytes,   49877144 total
2016-11-15T16:46:30.725+0100: 40587.917: [SoftReference, 11 refs, 0.0052840 secs]2016-11-15T16:46:30.730+0100: 40587.923: [WeakReference, 13 refs, 0.0031497 secs]2016-11-15T16:46:30.734+0100: 40587.926: [FinalReference, 150 refs, 0.0036779 secs]2016-11-15T16:46:30.737+0100: 40587.930: [PhantomReference, 0 refs, 0 refs, 0.0063783 secs]2016-11-15T16:46:30.744+0100: 40587.936: [JNI Weak Reference, 0.0000817 secs], 0.0828012 secs]
   [Parallel Time: 47.1 ms, GC Workers: 43]
      [GC Worker Start (ms): Min: 40587868.3, Avg: 40587868.8, Max: 40587869.3, Diff: 1.0]
      [Ext Root Scanning (ms): Min: 1.8, Avg: 2.5, Max: 5.2, Diff: 3.4, Sum: 106.4]
      [Update RS (ms): Min: 8.4, Avg: 10.9, Max: 13.0, Diff: 4.5, Sum: 469.0]
         [Processed Buffers: Min: 3, Avg: 7.6, Max: 17, Diff: 14, Sum: 328]
      [Scan RS (ms): Min: 0.1, Avg: 0.5, Max: 0.9, Diff: 0.9, Sum: 22.6]
      [Code Root Scanning (ms): Min: 0.0, Avg: 0.0, Max: 0.2, Diff: 0.2, Sum: 1.3]
      [Object Copy (ms): Min: 29.4, Avg: 30.9, Max: 31.5, Diff: 2.1, Sum: 1326.9]
      [Termination (ms): Min: 0.0, Avg: 0.2, Max: 0.4, Diff: 0.3, Sum: 9.7]
         [Termination Attempts: Min: 1, Avg: 40.2, Max: 62, Diff: 61, Sum: 1729]
      [GC Worker Other (ms): Min: 0.0, Avg: 0.3, Max: 0.8, Diff: 0.8, Sum: 14.9]
      [GC Worker Total (ms): Min: 44.7, Avg: 45.4, Max: 46.3, Diff: 1.6, Sum: 1950.9]
      [GC Worker End (ms): Min: 40587913.8, Avg: 40587914.1, Max: 40587914.6, Diff: 0.7]
   [Code Root Fixup: 0.2 ms]
   [Code Root Purge: 0.0 ms]
   [String Dedup Fixup: 2.6 ms, GC Workers: 43]
      [Queue Fixup (ms): Min: 0.0, Avg: 0.1, Max: 0.5, Diff: 0.5, Sum: 3.0]
      [Table Fixup (ms): Min: 0.9, Avg: 1.4, Max: 1.7, Diff: 0.8, Sum: 59.9]
   [Clear CT: 4.9 ms]
   [Other: 28.1 ms]
      [Choose CSet: 0.0 ms]
      [Ref Proc: 20.6 ms]
      [Ref Enq: 1.4 ms]
      [Redirty Cards: 1.4 ms]
      [Humongous Register: 0.3 ms]
      [Humongous Reclaim: 0.0 ms]
      [Free CSet: 3.6 ms]
   [Eden: 785.0M(785.0M)->0.0B(789.0M) Survivors: 72.0M->70.0M Heap: 1581.8M(2048.0M)->794.8M(2048.0M)]
 [Times: user=2.26 sys=0.02, real=0.08 secs] 
2016-11-15T16:46:30.758+0100: 40587.951: Total time for which application threads were stopped: 0.0849394 seconds, Stopping threads took: 0.0001544 seconds
2016-11-15T16:46:30.760+0100: 40587.953: Total time for which application threads were stopped: 0.0014475 seconds, Stopping threads took: 0.0001051 seconds
2016-11-15T16:46:30.761+0100: 40587.954: Total time for which application threads were stopped: 0.0007772 seconds, Stopping threads took: 0.0000877 seconds
2016-11-15T16:46:30.802+0100: 40587.994: [GC concurrent-string-deduplication, 5643.6K->3184.0B(5640.5K), avg 90.6%, 0.0413212 secs]
2016-11-15T16:48:58.152+0100: 40735.344: Total time for which application threads were stopped: 0.0015500 seconds, Stopping threads took: 0.0001455 seconds
2016-11-15T16:48:58.153+0100: 40735.345: Total time for which application threads were stopped: 0.0006807 seconds, Stopping threads took: 0.0000328 seconds
2016-11-15T16:48:58.153+0100: 40735.346: Total time for which application threads were stopped: 0.0006734 seconds, Stopping threads took: 0.0000345 seconds
2016-11-15T16:48:58.248+0100: 40735.440: Total time for which application threads were stopped: 0.0009564 seconds, Stopping threads took: 0.0000716 seconds
2016-11-15T16:49:02.827+0100: 40740.020: Total time for which application threads were stopped: 0.0015047 seconds, Stopping threads took: 0.0001391 seconds
2016-11-15T16:49:02.828+0100: 40740.021: Total time for which application threads were stopped: 0.0007092 seconds, Stopping threads took: 0.0000446 seconds
2016-11-15T16:49:02.829+0100: 40740.021: Total time for which application threads were stopped: 0.0006958 seconds, Stopping threads took: 0.0000379 seconds
2016-11-15T16:49:02.933+0100: 40740.125: Total time for which application threads were stopped: 0.0014619 seconds, Stopping threads took: 0.0001449 seconds
2016-11-15T16:49:20.936+0100: 40758.128: Total time for which application threads were stopped: 0.0016323 seconds, Stopping threads took: 0.0001846 seconds
2016-11-15T16:49:45.725+0100: 40782.918: [GC pause (G1 Evacuation Pause) (young)
Desired survivor size 56623104 bytes, new threshold 15 (max 15)
- age   1:     535512 bytes,     535512 total
- age   2:     330104 bytes,     865616 total
- age   3:   15545712 bytes,   16411328 total
- age   4:    8624264 bytes,   25035592 total
- age   5:    8927856 bytes,   33963448 total
- age   6:    8678936 bytes,   42642384 total
2016-11-15T16:49:45.765+0100: 40782.958: [SoftReference, 42 refs, 0.0052123 secs]2016-11-15T16:49:45.771+0100: 40782.963: [WeakReference, 6 refs, 0.0031430 secs]2016-11-15T16:49:45.774+0100: 40782.966: [FinalReference, 39 refs, 0.0032706 secs]2016-11-15T16:49:45.777+0100: 40782.969: [PhantomReference, 0 refs, 0 refs, 0.0060406 secs]2016-11-15T16:49:45.783+0100: 40782.975: [JNI Weak Reference, 0.0000322 secs], 0.0725555 secs]
   [Parallel Time: 37.3 ms, GC Workers: 43]
      [GC Worker Start (ms): Min: 40782918.3, Avg: 40782918.8, Max: 40782919.3, Diff: 1.0]
      [Ext Root Scanning (ms): Min: 1.8, Avg: 2.4, Max: 5.3, Diff: 3.5, Sum: 104.8]
      [Update RS (ms): Min: 3.4, Avg: 6.0, Max: 7.3, Diff: 3.9, Sum: 259.6]
         [Processed Buffers: Min: 2, Avg: 5.6, Max: 16, Diff: 14, Sum: 240]
      [Scan RS (ms): Min: 0.0, Avg: 0.5, Max: 0.7, Diff: 0.7, Sum: 20.4]
      [Code Root Scanning (ms): Min: 0.0, Avg: 0.0, Max: 0.1, Diff: 0.1, Sum: 0.8]
      [Object Copy (ms): Min: 25.8, Avg: 26.6, Max: 26.9, Diff: 1.2, Sum: 1144.9]
      [Termination (ms): Min: 0.0, Avg: 0.1, Max: 0.1, Diff: 0.1, Sum: 2.9]
         [Termination Attempts: Min: 1, Avg: 9.8, Max: 24, Diff: 23, Sum: 421]
      [GC Worker Other (ms): Min: 0.0, Avg: 0.4, Max: 0.9, Diff: 0.8, Sum: 16.9]
      [GC Worker Total (ms): Min: 35.3, Avg: 36.1, Max: 36.8, Diff: 1.5, Sum: 1550.4]
      [GC Worker End (ms): Min: 40782954.5, Avg: 40782954.9, Max: 40782955.3, Diff: 0.8]
   [Code Root Fixup: 0.2 ms]
   [Code Root Purge: 0.0 ms]
   [String Dedup Fixup: 2.5 ms, GC Workers: 43]
      [Queue Fixup (ms): Min: 0.0, Avg: 0.0, Max: 0.0, Diff: 0.0, Sum: 0.2]
      [Table Fixup (ms): Min: 0.9, Avg: 1.4, Max: 1.8, Diff: 0.9, Sum: 61.2]
   [Clear CT: 5.1 ms]
   [Other: 27.4 ms]
      [Choose CSet: 0.0 ms]
      [Ref Proc: 19.7 ms]
      [Ref Enq: 1.5 ms]
      [Redirty Cards: 1.3 ms]
      [Humongous Register: 0.3 ms]
      [Humongous Reclaim: 0.1 ms]
      [Free CSet: 3.6 ms]
   [Eden: 789.0M(789.0M)->0.0B(802.0M) Survivors: 70.0M->62.0M Heap: 1586.8M(2048.0M)->788.3M(2048.0M)]
 [Times: user=1.86 sys=0.01, real=0.07 secs] 
2016-11-15T16:49:45.798+0100: 40782.991: Total time for which application threads were stopped: 0.0747242 seconds, Stopping threads took: 0.0001440 seconds
2016-11-15T16:49:45.800+0100: 40782.992: Total time for which application threads were stopped: 0.0015090 seconds, Stopping threads took: 0.0001476 seconds
2016-11-15T16:49:45.800+0100: 40782.992: [GC concurrent-string-deduplication, 13.2K->712.0B(12.5K), avg 90.6%, 0.0002430 secs]
2016-11-15T16:53:33.527+0100: 41010.719: [GC pause (G1 Humongous Allocation) (young) (initial-mark)
Desired survivor size 56623104 bytes, new threshold 15 (max 15)
- age   1:     320104 bytes,     320104 total
- age   2:     375848 bytes,     695952 total
- age   3:     326936 bytes,    1022888 total
- age   4:    9768864 bytes,   10791752 total
- age   5:    8624224 bytes,   19415976 total
- age   6:    8893696 bytes,   28309672 total
- age   7:    8678936 bytes,   36988608 total
2016-11-15T16:53:33.563+0100: 41010.756: [SoftReference, 17 refs, 0.0052274 secs]2016-11-15T16:53:33.569+0100: 41010.761: [WeakReference, 6 refs, 0.0035160 secs]2016-11-15T16:53:33.572+0100: 41010.765: [FinalReference, 8 refs, 0.0035871 secs]2016-11-15T16:53:33.576+0100: 41010.768: [PhantomReference, 0 refs, 0 refs, 0.0061761 secs]2016-11-15T16:53:33.582+0100: 41010.774: [JNI Weak Reference, 0.0000307 secs], 0.0669689 secs]
   [Parallel Time: 34.0 ms, GC Workers: 43]
      [GC Worker Start (ms): Min: 41010720.2, Avg: 41010720.8, Max: 41010721.3, Diff: 1.1]
      [Ext Root Scanning (ms): Min: 2.7, Avg: 3.4, Max: 5.0, Diff: 2.3, Sum: 144.4]
      [Update RS (ms): Min: 4.3, Avg: 5.8, Max: 7.2, Diff: 3.0, Sum: 250.3]
         [Processed Buffers: Min: 2, Avg: 5.4, Max: 19, Diff: 17, Sum: 234]
      [Scan RS (ms): Min: 0.0, Avg: 0.4, Max: 0.6, Diff: 0.6, Sum: 15.6]
      [Code Root Scanning (ms): Min: 0.0, Avg: 0.0, Max: 0.3, Diff: 0.3, Sum: 1.1]
      [Object Copy (ms): Min: 21.4, Avg: 22.4, Max: 22.8, Diff: 1.5, Sum: 963.8]
      [Termination (ms): Min: 0.0, Avg: 0.0, Max: 0.1, Diff: 0.1, Sum: 1.9]
         [Termination Attempts: Min: 1, Avg: 3.0, Max: 9, Diff: 8, Sum: 127]
      [GC Worker Other (ms): Min: 0.0, Avg: 0.3, Max: 0.7, Diff: 0.7, Sum: 13.7]
      [GC Worker Total (ms): Min: 31.8, Avg: 32.3, Max: 33.0, Diff: 1.2, Sum: 1390.9]
      [GC Worker End (ms): Min: 41010752.9, Avg: 41010753.1, Max: 41010753.5, Diff: 0.7]
   [Code Root Fixup: 0.1 ms]
   [Code Root Purge: 0.0 ms]
   [String Dedup Fixup: 2.1 ms, GC Workers: 43]
      [Queue Fixup (ms): Min: 0.0, Avg: 0.0, Max: 0.0, Diff: 0.0, Sum: 0.2]
      [Table Fixup (ms): Min: 0.8, Avg: 1.4, Max: 1.9, Diff: 1.0, Sum: 59.1]
   [Clear CT: 3.6 ms]
   [Other: 27.1 ms]
      [Choose CSet: 0.0 ms]
      [Ref Proc: 20.5 ms]
      [Ref Enq: 1.3 ms]
      [Redirty Cards: 1.3 ms]
      [Humongous Register: 0.1 ms]
      [Humongous Reclaim: 0.1 ms]
      [Free CSet: 2.5 ms]
   [Eden: 528.0M(802.0M)->0.0B(815.0M) Survivors: 62.0M->54.0M Heap: 1318.5M(2048.0M)->781.8M(2048.0M)]
 [Times: user=1.63 sys=0.03, real=0.06 secs] 
2016-11-15T16:53:33.594+0100: 2016-11-15T16:53:33.594+010041010.786: : [GC concurrent-root-region-scan-start]
41010.786: Total time for which application threads were stopped: 0.0693118 seconds, Stopping threads took: 0.0001447 seconds
2016-11-15T16:53:33.594+0100: 41010.787: [GC concurrent-string-deduplication, 9864.0B->1200.0B(8664.0B), avg 90.6%, 0.0002186 secs]
2016-11-15T16:53:33.606+0100: 41010.798: [GC concurrent-root-region-scan-end, 0.0114867 secs]
2016-11-15T16:53:33.606+0100: 41010.798: [GC concurrent-mark-start]
2016-11-15T16:53:33.696+0100: 41010.889: [GC concurrent-mark-end, 0.0905847 secs]
2016-11-15T16:53:33.698+0100: 41010.890: [GC remark 2016-11-15T16:53:33.698+0100: 41010.890: [Finalize Marking, 0.0025196 secs] 2016-11-15T16:53:33.700+0100: 41010.893: [GC ref-proc2016-11-15T16:53:33.700+0100: 41010.893: [SoftReference, 1471 refs, 0.0065095 secs]2016-11-15T16:53:33.707+0100: 41010.899: [WeakReference, 925 refs, 0.0041811 secs]2016-11-15T16:53:33.711+0100: 41010.903: [FinalReference, 874 refs, 0.0042585 secs]2016-11-15T16:53:33.715+0100: 41010.908: [PhantomReference, 0 refs, 7 refs, 0.0078134 secs]2016-11-15T16:53:33.723+0100: 41010.916: [JNI Weak Reference, 0.0001425 secs], 0.0247799 secs] 2016-11-15T16:53:33.725+0100: 41010.917: [Unloading, 0.2007243 secs], 0.2310545 secs]
 [Times: user=8.50 sys=0.08, real=0.23 secs] 
2016-11-15T16:53:33.929+0100: 41011.122: Total time for which application threads were stopped: 0.2329639 seconds, Stopping threads took: 0.0000940 seconds
2016-11-15T16:53:33.931+0100: 41011.123: [GC cleanup 783M->560M(2048M), 0.0187707 secs]
 [Times: user=0.50 sys=0.00, real=0.02 secs] 
2016-11-15T16:53:33.950+0100: 41011.142: Total time for which application threads were stopped: 0.0206114 seconds, Stopping threads took: 0.0001330 seconds
2016-11-15T16:53:33.950+0100: 41011.142: [GC concurrent-cleanup-start]
2016-11-15T16:53:33.952+0100: 41011.145: [GC concurrent-cleanup-end, 0.0024886 secs]
2016-11-15T16:53:34.951+0100: 41012.144: Total time for which application threads were stopped: 0.0013897 seconds, Stopping threads took: 0.0001448 seconds
2016-11-15T16:53:36.953+0100: 41014.145: Total time for which application threads were stopped: 0.0014665 seconds, Stopping threads took: 0.0001518 seconds
2016-11-15T16:53:37.954+0100: 41015.147: Total time for which application threads were stopped: 0.0013055 seconds, Stopping threads took: 0.0001368 seconds
2016-11-15T16:53:40.956+0100: 41018.148: Total time for which application threads were stopped: 0.0013827 seconds, Stopping threads took: 0.0001361 seconds
2016-11-15T16:53:41.958+0100: 41019.150: Total time for which application threads were stopped: 0.0014969 seconds, Stopping threads took: 0.0001468 seconds
2016-11-15T16:53:42.959+0100: 41020.152: Total time for which application threads were stopped: 0.0014275 seconds, Stopping threads took: 0.0001431 seconds
2016-11-15T16:53:45.961+0100: 41023.153: Total time for which application threads were stopped: 0.0014372 seconds, Stopping threads took: 0.0001406 seconds
2016-11-15T16:53:49.963+0100: 41027.155: Total time for which application threads were stopped: 0.0016077 seconds, Stopping threads took: 0.0001446 seconds
2016-11-15T16:53:50.964+0100: 41028.157: Total time for which application threads were stopped: 0.0014921 seconds, Stopping threads took: 0.0001378 seconds
2016-11-15T16:54:00.967+0100: 41038.159: Total time for which application threads were stopped: 0.0015563 seconds, Stopping threads took: 0.0001587 seconds
2016-11-15T16:54:01.968+0100: 41039.161: Total time for which application threads were stopped: 0.0015244 seconds, Stopping threads took: 0.0001504 seconds
2016-11-15T16:54:05.970+0100: 41043.163: Total time for which application threads were stopped: 0.0015804 seconds, Stopping threads took: 0.0001484 seconds
2016-11-15T16:54:09.522+0100: 41046.715: Total time for which application threads were stopped: 0.0015581 seconds, Stopping threads took: 0.0001536 seconds
2016-11-15T16:54:09.523+0100: 41046.716: Total time for which application threads were stopped: 0.0007203 seconds, Stopping threads took: 0.0000342 seconds
2016-11-15T16:54:09.524+0100: 41046.717: Total time for which application threads were stopped: 0.0006873 seconds, Stopping threads took: 0.0000319 seconds
2016-11-15T16:54:09.633+0100: 41046.825: Total time for which application threads were stopped: 0.0008463 seconds, Stopping threads took: 0.0000606 seconds
2016-11-15T16:54:11.634+0100: 41048.827: Total time for which application threads were stopped: 0.0014781 seconds, Stopping threads took: 0.0001543 seconds
2016-11-15T16:54:13.900+0100: 41051.093: Total time for which application threads were stopped: 0.0015163 seconds, Stopping threads took: 0.0001441 seconds
2016-11-15T16:54:13.901+0100: 41051.094: Total time for which application threads were stopped: 0.0007084 seconds, Stopping threads took: 0.0000350 seconds
2016-11-15T16:54:13.902+0100: 41051.095: Total time for which application threads were stopped: 0.0006827 seconds, Stopping threads took: 0.0000296 seconds
2016-11-15T16:54:13.951+0100: 41051.143: Total time for which application threads were stopped: 0.0009466 seconds, Stopping threads took: 0.0000701 seconds
2016-11-15T16:54:17.952+0100: 41055.145: Total time for which application threads were stopped: 0.0014870 seconds, Stopping threads took: 0.0001369 seconds
2016-11-15T16:54:18.954+0100: 41056.146: Total time for which application threads were stopped: 0.0014220 seconds, Stopping threads took: 0.0001369 seconds
2016-11-15T16:54:28.956+0100: 41066.149: Total time for which application threads were stopped: 0.0014817 seconds, Stopping threads took: 0.0001344 seconds
2016-11-15T16:54:34.958+0100: 41072.151: Total time for which application threads were stopped: 0.0015800 seconds, Stopping threads took: 0.0001612 seconds
2016-11-15T16:54:35.960+0100: 41073.152: Total time for which application threads were stopped: 0.0014647 seconds, Stopping threads took: 0.0001401 seconds
2016-11-15T16:54:36.961+0100: 41074.154: Total time for which application threads were stopped: 0.0015400 seconds, Stopping threads took: 0.0001396 seconds
2016-11-15T16:54:46.964+0100: 41084.156: Total time for which application threads were stopped: 0.0016753 seconds, Stopping threads took: 0.0001893 seconds
2016-11-15T16:54:47.965+0100: 41085.158: Total time for which application threads were stopped: 0.0015803 seconds, Stopping threads took: 0.0001579 seconds
2016-11-15T16:54:48.967+0100: 41086.160: Total time for which application threads were stopped: 0.0015572 seconds, Stopping threads took: 0.0001502 seconds
2016-11-15T16:54:49.969+0100: 41087.161: Total time for which application threads were stopped: 0.0015463 seconds, Stopping threads took: 0.0001485 seconds
2016-11-15T16:54:51.970+0100: 41089.163: Total time for which application threads were stopped: 0.0014016 seconds, Stopping threads took: 0.0001488 seconds
2016-11-15T16:54:56.972+0100: 41094.165: Total time for which application threads were stopped: 0.0013947 seconds, Stopping threads took: 0.0001429 seconds
2016-11-15T16:55:01.974+0100: 41099.166: Total time for which application threads were stopped: 0.0015405 seconds, Stopping threads took: 0.0001391 seconds
2016-11-15T16:55:03.976+0100: 41101.168: Total time for which application threads were stopped: 0.0013844 seconds, Stopping threads took: 0.0001409 seconds
2016-11-15T16:55:04.977+0100: 41102.169: Total time for which application threads were stopped: 0.0013575 seconds, Stopping threads took: 0.0001466 seconds
2016-11-15T16:55:19.980+0100: 41117.172: Total time for which application threads were stopped: 0.0013933 seconds, Stopping threads took: 0.0001485 seconds
2016-11-15T16:55:29.982+0100: 41127.174: Total time for which application threads were stopped: 0.0015577 seconds, Stopping threads took: 0.0001618 seconds
2016-11-15T16:56:23.987+0100: 41181.180: Total time for which application threads were stopped: 0.0014609 seconds, Stopping threads took: 0.0001589 seconds
2016-11-15T16:58:04.946+0100: 41282.138: [GC pause (G1 Evacuation Pause) (young)
Desired survivor size 57147392 bytes, new threshold 15 (max 15)
- age   1:    3429272 bytes,    3429272 total
- age   2:     165576 bytes,    3594848 total
- age   3:     374264 bytes,    3969112 total
- age   4:     313688 bytes,    4282800 total
- age   5:    9768840 bytes,   14051640 total
- age   6:    8614088 bytes,   22665728 total
- age   7:    8893656 bytes,   31559384 total
- age   8:    8678936 bytes,   40238320 total
2016-11-15T16:58:04.962+0100: 41282.154: [SoftReference, 21 refs, 0.0052961 secs]2016-11-15T16:58:04.967+0100: 41282.159: [WeakReference, 6 refs, 0.0032047 secs]2016-11-15T16:58:04.970+0100: 41282.162: [FinalReference, 52 refs, 0.0032541 secs]2016-11-15T16:58:04.973+0100: 41282.166: [PhantomReference, 0 refs, 0 refs, 0.0064853 secs]2016-11-15T16:58:04.980+0100: 41282.172: [JNI Weak Reference, 0.0000287 secs], 0.0486417 secs]
   [Parallel Time: 13.2 ms, GC Workers: 43]
      [GC Worker Start (ms): Min: 41282138.8, Avg: 41282139.3, Max: 41282139.9, Diff: 1.1]
      [Ext Root Scanning (ms): Min: 1.8, Avg: 2.5, Max: 5.3, Diff: 3.5, Sum: 106.7]
      [Update RS (ms): Min: 4.9, Avg: 7.0, Max: 7.7, Diff: 2.8, Sum: 301.4]
         [Processed Buffers: Min: 2, Avg: 9.0, Max: 16, Diff: 14, Sum: 385]
      [Scan RS (ms): Min: 0.0, Avg: 0.4, Max: 0.6, Diff: 0.6, Sum: 18.0]
      [Code Root Scanning (ms): Min: 0.0, Avg: 0.0, Max: 0.1, Diff: 0.1, Sum: 0.7]
      [Object Copy (ms): Min: 1.3, Avg: 1.4, Max: 1.5, Diff: 0.3, Sum: 60.9]
      [Termination (ms): Min: 0.0, Avg: 0.0, Max: 0.0, Diff: 0.0, Sum: 0.7]
         [Termination Attempts: Min: 1, Avg: 1.0, Max: 1, Diff: 0, Sum: 43]
      [GC Worker Other (ms): Min: 0.0, Avg: 0.3, Max: 0.7, Diff: 0.7, Sum: 14.0]
      [GC Worker Total (ms): Min: 11.0, Avg: 11.7, Max: 12.6, Diff: 1.6, Sum: 502.3]
      [GC Worker End (ms): Min: 41282150.7, Avg: 41282151.0, Max: 41282151.4, Diff: 0.7]
   [Code Root Fixup: 0.1 ms]
   [Code Root Purge: 0.0 ms]
   [String Dedup Fixup: 2.3 ms, GC Workers: 43]
      [Queue Fixup (ms): Min: 0.0, Avg: 0.0, Max: 0.0, Diff: 0.0, Sum: 0.2]
      [Table Fixup (ms): Min: 0.7, Avg: 1.1, Max: 1.6, Diff: 0.9, Sum: 48.5]
   [Clear CT: 5.1 ms]
   [Other: 27.9 ms]
      [Choose CSet: 0.0 ms]
      [Ref Proc: 20.2 ms]
      [Ref Enq: 1.7 ms]
      [Redirty Cards: 1.3 ms]
      [Humongous Register: 0.2 ms]
      [Humongous Reclaim: 0.2 ms]
      [Free CSet: 3.5 ms]
   [Eden: 815.0M(815.0M)->0.0B(45.0M) Survivors: 54.0M->57.0M Heap: 1393.3M(2048.0M)->571.3M(2048.0M)]
 [Times: user=0.81 sys=0.00, real=0.05 secs] 
2016-11-15T16:58:04.995+0100: 41282.187: Total time for which application threads were stopped: 0.0507533 seconds, Stopping threads took: 0.0001604 seconds
2016-11-15T16:58:04.999+0100: 41282.192: [GC concurrent-string-deduplication, 13.2K->1104.0B(12.1K), avg 90.6%, 0.0043328 secs]
2016-11-15T16:58:11.997+0100: 41289.189: Total time for which application threads were stopped: 0.0016179 seconds, Stopping threads took: 0.0001640 seconds
2016-11-15T16:59:11.637+0100: 41348.829: [GC pause (G1 Evacuation Pause) (mixed)
Desired survivor size 6815744 bytes, new threshold 15 (max 15)
- age   1:     160240 bytes,     160240 total
- age   2:      99224 bytes,     259464 total
- age   3:     160728 bytes,     420192 total
- age   4:     306112 bytes,     726304 total
- age   5:     313688 bytes,    1039992 total
- age   6:    1227472 bytes,    2267464 total
- age   7:     103264 bytes,    2370728 total
- age   8:     382752 bytes,    2753480 total
- age   9:    3005216 bytes,    5758696 total
2016-11-15T16:59:11.663+0100: 41348.856: [SoftReference, 158 refs, 0.0045763 secs]2016-11-15T16:59:11.668+0100: 41348.860: [WeakReference, 30 refs, 0.0028092 secs]2016-11-15T16:59:11.671+0100: 41348.863: [FinalReference, 573 refs, 0.0034650 secs]2016-11-15T16:59:11.674+0100: 41348.867: [PhantomReference, 0 refs, 1 refs, 0.0067179 secs]2016-11-15T16:59:11.681+0100: 41348.873: [JNI Weak Reference, 0.0000341 secs], 0.0564654 secs]
   [Parallel Time: 23.0 ms, GC Workers: 43]
      [GC Worker Start (ms): Min: 41348830.3, Avg: 41348830.8, Max: 41348831.3, Diff: 1.0]
      [Ext Root Scanning (ms): Min: 1.8, Avg: 2.5, Max: 9.1, Diff: 7.4, Sum: 106.4]
      [Update RS (ms): Min: 0.0, Avg: 0.8, Max: 1.7, Diff: 1.7, Sum: 34.7]
         [Processed Buffers: Min: 0, Avg: 4.1, Max: 16, Diff: 16, Sum: 176]
      [Scan RS (ms): Min: 0.0, Avg: 2.2, Max: 2.7, Diff: 2.7, Sum: 93.8]
      [Code Root Scanning (ms): Min: 0.0, Avg: 0.3, Max: 0.9, Diff: 0.9, Sum: 13.7]
      [Object Copy (ms): Min: 13.1, Avg: 15.9, Max: 16.1, Diff: 3.1, Sum: 684.2]
      [Termination (ms): Min: 0.0, Avg: 0.0, Max: 0.1, Diff: 0.0, Sum: 2.0]
         [Termination Attempts: Min: 1, Avg: 5.7, Max: 9, Diff: 8, Sum: 246]
      [GC Worker Other (ms): Min: 0.0, Avg: 0.1, Max: 0.3, Diff: 0.2, Sum: 5.0]
      [GC Worker Total (ms): Min: 21.3, Avg: 21.9, Max: 22.3, Diff: 1.1, Sum: 939.7]
      [GC Worker End (ms): Min: 41348852.6, Avg: 41348852.7, Max: 41348852.9, Diff: 0.2]
   [Code Root Fixup: 0.9 ms]
   [Code Root Purge: 0.0 ms]
   [String Dedup Fixup: 2.2 ms, GC Workers: 43]
      [Queue Fixup (ms): Min: 0.0, Avg: 0.0, Max: 0.0, Diff: 0.0, Sum: 0.2]
      [Table Fixup (ms): Min: 0.7, Avg: 1.2, Max: 1.7, Diff: 0.9, Sum: 52.9]
   [Clear CT: 3.5 ms]
   [Other: 26.9 ms]
      [Choose CSet: 0.8 ms]
      [Ref Proc: 19.3 ms]
      [Ref Enq: 1.2 ms]
      [Redirty Cards: 1.3 ms]
      [Humongous Register: 0.1 ms]
      [Humongous Reclaim: 0.0 ms]
      [Free CSet: 3.1 ms]
   [Eden: 45.0M(45.0M)->0.0B(89.0M) Survivors: 57.0M->13.0M Heap: 616.3M(2048.0M)->341.9M(2048.0M)]
 [Times: user=0.66 sys=0.10, real=0.05 secs] 
2016-11-15T16:59:11.693+0100: 41348.886: Total time for which application threads were stopped: 0.0587382 seconds, Stopping threads took: 0.0001521 seconds
2016-11-15T16:59:11.695+0100: 41348.888: [GC concurrent-string-deduplication, 7744.0B->592.0B(7152.0B), avg 90.6%, 0.0017417 secs]
2016-11-15T16:59:12.695+0100: 41349.887: Total time for which application threads were stopped: 0.0014907 seconds, Stopping threads took: 0.0001359 seconds
2016-11-15T16:59:17.697+0100: 41354.889: Total time for which application threads were stopped: 0.0015048 seconds, Stopping threads took: 0.0001554 seconds
2016-11-15T16:59:44.764+0100: 41381.957: [GC pause (G1 Evacuation Pause) (mixed)
Desired survivor size 6815744 bytes, new threshold 15 (max 15)
- age   1:     113280 bytes,     113280 total
- age   2:      43688 bytes,     156968 total
- age   3:      99088 bytes,     256056 total
- age   4:     147880 bytes,     403936 total
- age   5:     305752 bytes,     709688 total
- age   6:     296784 bytes,    1006472 total
- age   7:    1227304 bytes,    2233776 total
- age   8:     102952 bytes,    2336728 total
- age   9:     382480 bytes,    2719208 total
- age  10:     444576 bytes,    3163784 total
2016-11-15T16:59:44.792+0100: 41381.985: [SoftReference, 28 refs, 0.0050162 secs]2016-11-15T16:59:44.797+0100: 41381.990: [WeakReference, 2 refs, 0.0027992 secs]2016-11-15T16:59:44.800+0100: 41381.992: [FinalReference, 46 refs, 0.0031612 secs]2016-11-15T16:59:44.803+0100: 41381.996: [PhantomReference, 0 refs, 0 refs, 0.0058670 secs]2016-11-15T16:59:44.809+0100: 41382.001: [JNI Weak Reference, 0.0000295 secs], 0.0557096 secs]
   [Parallel Time: 25.0 ms, GC Workers: 43]
      [GC Worker Start (ms): Min: 41381957.5, Avg: 41381958.0, Max: 41381958.5, Diff: 1.1]
      [Ext Root Scanning (ms): Min: 1.8, Avg: 2.5, Max: 6.1, Diff: 4.2, Sum: 107.4]
      [Update RS (ms): Min: 14.0, Avg: 15.7, Max: 17.4, Diff: 3.4, Sum: 676.2]
         [Processed Buffers: Min: 2, Avg: 7.2, Max: 16, Diff: 14, Sum: 310]
      [Scan RS (ms): Min: 0.7, Avg: 2.1, Max: 2.9, Diff: 2.2, Sum: 91.6]
      [Code Root Scanning (ms): Min: 0.0, Avg: 0.0, Max: 0.5, Diff: 0.5, Sum: 2.1]
      [Object Copy (ms): Min: 2.9, Avg: 3.0, Max: 3.2, Diff: 0.3, Sum: 131.1]
      [Termination (ms): Min: 0.0, Avg: 0.1, Max: 0.1, Diff: 0.1, Sum: 2.4]
         [Termination Attempts: Min: 1, Avg: 5.9, Max: 9, Diff: 8, Sum: 254]
      [GC Worker Other (ms): Min: 0.0, Avg: 0.1, Max: 0.3, Diff: 0.3, Sum: 5.3]
      [GC Worker Total (ms): Min: 23.1, Avg: 23.6, Max: 24.2, Diff: 1.1, Sum: 1016.2]
      [GC Worker End (ms): Min: 41381981.6, Avg: 41381981.7, Max: 41381981.8, Diff: 0.3]
   [Code Root Fixup: 0.3 ms]
   [Code Root Purge: 0.0 ms]
   [String Dedup Fixup: 2.5 ms, GC Workers: 43]
      [Queue Fixup (ms): Min: 0.0, Avg: 0.0, Max: 0.0, Diff: 0.0, Sum: 0.1]
      [Table Fixup (ms): Min: 0.7, Avg: 1.2, Max: 1.6, Diff: 0.9, Sum: 50.2]
   [Clear CT: 3.9 ms]
   [Other: 23.8 ms]
      [Choose CSet: 0.4 ms]
      [Ref Proc: 18.7 ms]
      [Ref Enq: 1.3 ms]
      [Redirty Cards: 1.3 ms]
      [Humongous Register: 0.1 ms]
      [Humongous Reclaim: 0.0 ms]
      [Free CSet: 1.1 ms]
   [Eden: 89.0M(89.0M)->0.0B(95.0M) Survivors: 13.0M->7168.0K Heap: 430.9M(2048.0M)->324.0M(2048.0M)]
 [Times: user=1.16 sys=0.04, real=0.05 secs] 
2016-11-15T16:59:44.820+0100: 41382.013: Total time for which application threads were stopped: 0.0579681 seconds, Stopping threads took: 0.0001524 seconds
2016-11-15T16:59:44.821+0100: 41382.013: [GC concurrent-string-deduplication, 8200.0B->320.0B(7880.0B), avg 90.6%, 0.0005043 secs]
2016-11-15T16:59:51.823+0100: 41389.015: Total time for which application threads were stopped: 0.0018173 seconds, Stopping threads took: 0.0001468 seconds
2016-11-15T17:00:04.073+0100: 41401.265: Total time for which application threads were stopped: 0.0019536 seconds, Stopping threads took: 0.0001999 seconds
2016-11-15T17:00:05.075+0100: 41402.267: Total time for which application threads were stopped: 0.0016225 seconds, Stopping threads took: 0.0001493 seconds
2016-11-15T17:00:19.077+0100: 41416.270: Total time for which application threads were stopped: 0.0016575 seconds, Stopping threads took: 0.0001603 seconds
2016-11-15T17:00:25.278+0100: 41422.470: [GC pause (G1 Evacuation Pause) (young)
Desired survivor size 6815744 bytes, new threshold 15 (max 15)
- age   1:     664952 bytes,     664952 total
- age   2:       3400 bytes,     668352 total
- age   3:      43320 bytes,     711672 total
- age   4:      91904 bytes,     803576 total
- age   5:     147136 bytes,     950712 total
- age   6:     305456 bytes,    1256168 total
- age   7:     289344 bytes,    1545512 total
- age   8:    1227168 bytes,    2772680 total
- age   9:     102840 bytes,    2875520 total
- age  10:     382280 bytes,    3257800 total
- age  11:     444688 bytes,    3702488 total
2016-11-15T17:00:25.297+0100: 41422.489: [SoftReference, 6 refs, 0.0044205 secs]2016-11-15T17:00:25.301+0100: 41422.493: [WeakReference, 7 refs, 0.0027629 secs]2016-11-15T17:00:25.304+0100: 41422.496: [FinalReference, 3 refs, 0.0028018 secs]2016-11-15T17:00:25.307+0100: 41422.499: [PhantomReference, 0 refs, 0 refs, 0.0056842 secs]2016-11-15T17:00:25.312+0100: 41422.505: [JNI Weak Reference, 0.0000284 secs], 0.0421388 secs]
   [Parallel Time: 16.1 ms, GC Workers: 43]
      [GC Worker Start (ms): Min: 41422470.6, Avg: 41422471.2, Max: 41422471.7, Diff: 1.0]
      [Ext Root Scanning (ms): Min: 1.7, Avg: 2.4, Max: 6.3, Diff: 4.6, Sum: 101.3]
      [Update RS (ms): Min: 8.5, Avg: 11.9, Max: 12.3, Diff: 3.8, Sum: 510.0]
         [Processed Buffers: Min: 2, Avg: 7.0, Max: 20, Diff: 18, Sum: 302]
      [Scan RS (ms): Min: 0.0, Avg: 0.0, Max: 0.1, Diff: 0.1, Sum: 2.0]
      [Code Root Scanning (ms): Min: 0.0, Avg: 0.0, Max: 0.1, Diff: 0.1, Sum: 0.3]
      [Object Copy (ms): Min: 0.4, Avg: 0.7, Max: 0.9, Diff: 0.5, Sum: 31.5]
      [Termination (ms): Min: 0.0, Avg: 0.0, Max: 0.0, Diff: 0.0, Sum: 0.7]
         [Termination Attempts: Min: 1, Avg: 1.2, Max: 2, Diff: 1, Sum: 52]
      [GC Worker Other (ms): Min: 0.0, Avg: 0.1, Max: 0.3, Diff: 0.3, Sum: 5.5]
      [GC Worker Total (ms): Min: 14.7, Avg: 15.1, Max: 15.7, Diff: 1.0, Sum: 651.4]
      [GC Worker End (ms): Min: 41422486.2, Avg: 41422486.3, Max: 41422486.5, Diff: 0.3]
   [Code Root Fixup: 0.2 ms]
   [Code Root Purge: 0.0 ms]
   [String Dedup Fixup: 2.2 ms, GC Workers: 43]
      [Queue Fixup (ms): Min: 0.0, Avg: 0.0, Max: 0.0, Diff: 0.0, Sum: 0.1]
      [Table Fixup (ms): Min: 0.7, Avg: 1.1, Max: 1.5, Diff: 0.8, Sum: 48.8]
   [Clear CT: 1.1 ms]
   [Other: 22.5 ms]
      [Choose CSet: 0.0 ms]
      [Ref Proc: 17.9 ms]
      [Ref Enq: 1.5 ms]
      [Redirty Cards: 1.2 ms]
      [Humongous Register: 0.1 ms]
      [Humongous Reclaim: 0.1 ms]
      [Free CSet: 0.6 ms]
   [Eden: 95.0M(95.0M)->0.0B(97.0M) Survivors: 7168.0K->5120.0K Heap: 424.0M(2048.0M)->325.0M(2048.0M)]
 [Times: user=0.70 sys=0.03, real=0.05 secs] 
2016-11-15T17:00:25.320+0100: 41422.513: Total time for which application threads were stopped: 0.0443823 seconds, Stopping threads took: 0.0001558 seconds
2016-11-15T17:00:25.322+0100: 41422.515: Total time for which application threads were stopped: 0.0020143 seconds, Stopping threads took: 0.0002856 seconds
2016-11-15T17:00:26.324+0100: 41423.516: Total time for which application threads were stopped: 0.0013963 seconds, Stopping threads took: 0.0001079 seconds
2016-11-15T17:00:56.185+0100: 41453.378: [GC pause (G1 Evacuation Pause) (young)
Desired survivor size 6815744 bytes, new threshold 15 (max 15)
- age   1:     252088 bytes,     252088 total
- age   2:       2448 bytes,     254536 total
- age   3:       3368 bytes,     257904 total
- age   4:      34568 bytes,     292472 total
- age   5:      58824 bytes,     351296 total
- age   6:     146488 bytes,     497784 total
- age   7:     305392 bytes,     803176 total
- age   8:     296696 bytes,    1099872 total
- age   9:    1227144 bytes,    2327016 total
- age  10:     102808 bytes,    2429824 total
- age  11:     382280 bytes,    2812104 total
- age  12:     444688 bytes,    3256792 total
2016-11-15T17:00:56.195+0100: 41453.387: [SoftReference, 12 refs, 0.0049891 secs]2016-11-15T17:00:56.200+0100: 41453.392: [WeakReference, 8 refs, 0.0032247 secs]2016-11-15T17:00:56.203+0100: 41453.396: [FinalReference, 55 refs, 0.0030695 secs]2016-11-15T17:00:56.206+0100: 41453.399: [PhantomReference, 0 refs, 0 refs, 0.0072957 secs]2016-11-15T17:00:56.214+0100: 41453.406: [JNI Weak Reference, 0.0000277 secs], 0.0357211 secs]
   [Parallel Time: 7.0 ms, GC Workers: 43]
      [GC Worker Start (ms): Min: 41453378.2, Avg: 41453378.8, Max: 41453379.3, Diff: 1.0]
      [Ext Root Scanning (ms): Min: 1.8, Avg: 2.4, Max: 6.2, Diff: 4.5, Sum: 104.2]
      [Update RS (ms): Min: 0.0, Avg: 1.9, Max: 2.6, Diff: 2.6, Sum: 81.8]
         [Processed Buffers: Min: 0, Avg: 4.8, Max: 18, Diff: 18, Sum: 206]
      [Scan RS (ms): Min: 0.0, Avg: 0.0, Max: 0.1, Diff: 0.1, Sum: 1.5]
      [Code Root Scanning (ms): Min: 0.0, Avg: 0.0, Max: 0.2, Diff: 0.2, Sum: 0.4]
      [Object Copy (ms): Min: 0.0, Avg: 1.3, Max: 1.5, Diff: 1.5, Sum: 55.5]
      [Termination (ms): Min: 0.0, Avg: 0.1, Max: 0.1, Diff: 0.1, Sum: 2.2]
         [Termination Attempts: Min: 1, Avg: 1.4, Max: 3, Diff: 2, Sum: 61]
      [GC Worker Other (ms): Min: 0.0, Avg: 0.2, Max: 0.4, Diff: 0.4, Sum: 6.8]
      [GC Worker Total (ms): Min: 5.3, Avg: 5.9, Max: 6.3, Diff: 1.0, Sum: 252.4]
      [GC Worker End (ms): Min: 41453384.5, Avg: 41453384.7, Max: 41453384.9, Diff: 0.4]
   [Code Root Fixup: 0.2 ms]
   [Code Root Purge: 0.0 ms]
   [String Dedup Fixup: 2.3 ms, GC Workers: 43]
      [Queue Fixup (ms): Min: 0.0, Avg: 0.0, Max: 0.0, Diff: 0.0, Sum: 0.2]
      [Table Fixup (ms): Min: 0.7, Avg: 1.2, Max: 1.6, Diff: 0.9, Sum: 50.4]
   [Clear CT: 1.2 ms]
   [Other: 25.0 ms]
      [Choose CSet: 0.0 ms]
      [Ref Proc: 20.6 ms]
      [Ref Enq: 1.4 ms]
      [Redirty Cards: 1.3 ms]
      [Humongous Register: 0.1 ms]
      [Humongous Reclaim: 0.1 ms]
      [Free CSet: 0.6 ms]
   [Eden: 97.0M(97.0M)->0.0B(95.0M) Survivors: 5120.0K->7168.0K Heap: 426.0M(2048.0M)->328.4M(2048.0M)]
 [Times: user=0.39 sys=0.03, real=0.04 secs] 
2016-11-15T17:00:56.221+0100: 41453.414: Total time for which application threads were stopped: 0.0380467 seconds, Stopping threads took: 0.0001565 seconds
2016-11-15T17:01:36.226+0100: 41493.418: Total time for which application threads were stopped: 0.0015409 seconds, Stopping threads took: 0.0001517 seconds
2016-11-15T17:01:43.634+0100: 41500.826: [GC pause (G1 Evacuation Pause) (young)
Desired survivor size 6815744 bytes, new threshold 15 (max 15)
- age   1:     728640 bytes,     728640 total
- age   2:      74312 bytes,     802952 total
- age   3:       2448 bytes,     805400 total
- age   4:       3368 bytes,     808768 total
- age   5:      34568 bytes,     843336 total
